train bytes: 180,263,596  eval bytes: 2,859,070
model: conv  params: 9,632  device: cuda
step     1  train 5.5405  eval 5.3948  pmax 1.0  (1s)
step  1000  train 2.2234  eval 2.2572  pmax 3.1  (8s)
step  2000  train 2.1904  eval 2.1558  pmax 3.9  (16s)
step  3000  train 2.1154  eval 2.1622  pmax 4.4  (24s)
step  4000  train 2.1805  eval 2.1551  pmax 4.7  (32s)
step  5000  train 2.1236  eval 2.0713  pmax 5.3  (39s)
step  6000  train 2.0452  eval 2.1089  pmax 5.6  (47s)
step  7000  train 2.1502  eval 2.0664  pmax 5.9  (55s)
step  8000  train 2.1184  eval 2.0603  pmax 6.1  (63s)
step  9000  train 2.1499  eval 2.1092  pmax 6.2  (70s)
step 10000  train 2.0648  eval 2.1250  pmax 6.3  (78s)
step 11000  train 2.0744  eval 2.0884  pmax 6.5  (86s)
step 12000  train 2.1407  eval 2.0226  pmax 6.7  (94s)
step 13000  train 2.0323  eval 2.0424  pmax 6.8  (102s)
step 14000  train 2.0364  eval 2.0867  pmax 6.9  (109s)
step 15000  train 2.0210  eval 2.0862  pmax 7.0  (117s)
step 16000  train 2.0522  eval 2.0447  pmax 7.1  (125s)
step 17000  train 2.0253  eval 2.0477  pmax 7.3  (133s)
step 18000  train 2.0010  eval 2.0631  pmax 7.4  (140s)
step 19000  train 2.0617  eval 2.0760  pmax 7.5  (148s)
step 20000  train 2.0577  eval 2.0422  pmax 7.6  (156s)
  [checkpoint + sample saved at step 20000]
done. artifacts in /home/luke/Wavelet-State-KAN/checkpoints/conv_ultrachat_10k_s123
