train bytes: 180,263,596  eval bytes: 2,859,070
model: conv  params: 10,245,120  device: cuda
W0909 21:44:01.702000 1987103 .venv/lib/python3.12/site-packages/torch/_inductor/utils.py:1806] [0/0] Not enough SMs to use max_autotune_gemm mode
step     1  train 5.8252  eval 8.0564  pmax 1.0  (26s)
step  1000  train 1.8307  eval 1.7626  pmax 1.5  (93s)
step  2000  train 1.3986  eval 1.4171  pmax 1.8  (161s)
step  3000  train 1.2915  eval 1.2540  pmax 1.9  (228s)
step  4000  train 1.2459  eval 1.2612  pmax 2.0  (296s)
step  5000  train 1.2140  eval 1.1517  pmax 2.0  (364s)
Traceback (most recent call last):
  File "/home/luke/Wavelet-State-KAN/experiments/V1_train_tinystories_lm.py", line 295, in <module>
    main()
  File "/home/luke/Wavelet-State-KAN/experiments/V1_train_tinystories_lm.py", line 285, in main
    save_checkpoint(model, step, loss.item(), out_dir, args.model != "mamba2")
  File "/home/luke/Wavelet-State-KAN/experiments/V1_train_tinystories_lm.py", line 128, in save_checkpoint
    for i, layer in enumerate(model.layers)
                              ^^^^^^^^^^^^
  File "/home/luke/Wavelet-State-KAN/.venv/lib/python3.12/site-packages/torch/nn/modules/module.py", line 1972, in __getattr__
    raise AttributeError(
AttributeError: 'GatedConvLM' object has no attribute 'layers'
