train bytes: 180,263,596  eval bytes: 2,859,070
model: lstm  params: 99,264  device: cuda
step     1  train 5.5624  eval 5.0781  pmax 1.0  (1s)
step  1000  train 1.5724  eval 1.5786  pmax 1.9  (8s)
step  2000  train 1.4771  eval 1.5140  pmax 2.0  (15s)
step  3000  train 1.4675  eval 1.6076  pmax 2.1  (22s)
step  4000  train 1.3495  eval 1.5295  pmax 2.3  (30s)
step  5000  train 1.3384  eval 1.3679  pmax 2.4  (37s)
step  6000  train 1.4161  eval 1.3961  pmax 2.6  (44s)
step  7000  train 1.3711  eval 1.4648  pmax 2.8  (52s)
step  8000  train 1.3949  eval 1.3983  pmax 3.0  (59s)
step  9000  train 1.3281  eval 1.3898  pmax 3.1  (66s)
step 10000  train 1.4558  eval 1.3440  pmax 3.1  (74s)
step 11000  train 1.4640  eval 1.4509  pmax 3.3  (81s)
step 12000  train 1.3412  eval 1.3183  pmax 3.4  (88s)
step 13000  train 1.3841  eval 1.3061  pmax 3.4  (95s)
step 14000  train 1.3881  eval 1.3829  pmax 3.5  (103s)
step 15000  train 1.4068  eval 1.3346  pmax 3.5  (110s)
step 16000  train 1.4587  eval 1.3612  pmax 3.5  (117s)
step 17000  train 1.3727  eval 1.4058  pmax 3.5  (124s)
step 18000  train 1.2997  eval 1.4419  pmax 3.6  (132s)
step 19000  train 1.4130  eval 1.5450  pmax 3.7  (139s)
step 20000  train 1.3907  eval 1.3342  pmax 3.7  (146s)
Traceback (most recent call last):
  File "/home/luke/Wavelet-State-KAN/experiments/V1_train_tinystories_lm.py", line 295, in <module>
    main()
  File "/home/luke/Wavelet-State-KAN/experiments/V1_train_tinystories_lm.py", line 285, in main
    save_checkpoint(model, step, loss.item(), out_dir, args.model != "mamba2")
  File "/home/luke/Wavelet-State-KAN/experiments/V1_train_tinystories_lm.py", line 128, in save_checkpoint
    for i, layer in enumerate(model.layers)
                              ^^^^^^^^^^^^
  File "/home/luke/Wavelet-State-KAN/.venv/lib/python3.12/site-packages/torch/nn/modules/module.py", line 1972, in __getattr__
    raise AttributeError(
AttributeError: 'LSTMLM' object has no attribute 'layers'
