train bytes: 181,551,634  eval bytes: 130,357
model: lstm  params: 938,880  device: cuda
step     1  train 5.5782  eval 5.1018  pmax 1.0  (1s)
step  1000  train 1.6163  eval 1.5105  pmax 1.6  (36s)
step  2000  train 1.5431  eval 1.4866  pmax 1.6  (71s)
step  3000  train 1.3675  eval 1.3704  pmax 1.7  (106s)
step  4000  train 1.3668  eval 1.3395  pmax 1.7  (141s)
step  5000  train 1.3091  eval 1.3079  pmax 1.6  (176s)
step  6000  train 1.3020  eval 1.2734  pmax 1.6  (211s)
step  7000  train 1.2536  eval 1.2875  pmax 1.6  (246s)
step  8000  train 1.3323  eval 1.2519  pmax 1.6  (281s)
step  9000  train 1.2982  eval 1.2586  pmax 1.6  (316s)
step 10000  train 1.2119  eval 1.2350  pmax 1.6  (351s)
Traceback (most recent call last):
  File "/home/luke/Wavelet-State-KAN/experiments/V1_train_tinystories_lm.py", line 295, in <module>
    main()
  File "/home/luke/Wavelet-State-KAN/experiments/V1_train_tinystories_lm.py", line 285, in main
    save_checkpoint(model, step, loss.item(), out_dir, args.model.startswith("wskan"))
    ^^^^^^^^^^^^^^^^^^^^^^^^^^^^^^^^^^^^^^^^^^^^^^^^^^^^^^^^^^^^^^^^^^^^^^^^^^
  File "/home/luke/Wavelet-State-KAN/experiments/V1_train_tinystories_lm.py", line 128, in save_checkpoint
    for i, layer in enumerate(model.layers)
                              ^^^^^^^^^^^^
  File "/home/luke/Wavelet-State-KAN/.venv/lib/python3.12/site-packages/torch/nn/modules/module.py", line 1972, in __getattr__
    raise AttributeError(
AttributeError: 'LSTMLM' object has no attribute 'layers'
