/home/luke/Wavelet-State-KAN/experiments/V1_train_tinystories_lm.py:107: UserWarning: The given buffer is not writable, and PyTorch does not support non-writable tensors. This means you can write to the underlying (supposedly non-writable) buffer using the tensor. You may want to copy the buffer to protect its data or make it writable before converting it to a tensor. This type of warning will be suppressed for the rest of this program. (Triggered internally at /__w/pytorch/pytorch/torch/csrc/utils/tensor_new.cpp:1556.)
  train_ids = torch.frombuffer(train_text.encode("utf-8", errors="ignore"), dtype=torch.uint8)
train bytes: 542,898,247  eval bytes: 130,357
model: mamba2  params: 2,774  device: cuda
step     1  train 5.5347  eval 5.5106  pmax 4.4  (1s)
step  1000  train 2.2575  eval 2.2786  pmax 3.3  (22s)
step  2000  train 2.2562  eval 2.2272  pmax 3.0  (43s)
step  3000  train 2.1975  eval 2.2347  pmax 3.0  (63s)
step  4000  train 2.2036  eval 2.2209  pmax 2.9  (84s)
step  5000  train 2.2266  eval 2.2377  pmax 2.8  (104s)
step  6000  train 2.2087  eval 2.1982  pmax 2.8  (126s)
step  7000  train 2.1992  eval 2.2272  pmax 2.9  (147s)
step  8000  train 2.2139  eval 2.2219  pmax 2.9  (167s)
step  9000  train 2.1784  eval 2.2218  pmax 3.1  (188s)
step 10000  train 2.2333  eval 2.1633  pmax 3.2  (208s)
step 11000  train 2.1736  eval 2.1593  pmax 3.4  (229s)
step 12000  train 2.1777  eval 2.2090  pmax 3.5  (249s)
step 13000  train 2.2231  eval 2.2168  pmax 3.7  (270s)
step 14000  train 2.1867  eval 2.1999  pmax 3.8  (290s)
step 15000  train 2.1971  eval 2.1764  pmax 3.9  (310s)
step 16000  train 2.1924  eval 2.1895  pmax 4.0  (331s)
step 17000  train 2.1735  eval 2.1774  pmax 4.1  (351s)
step 18000  train 2.2086  eval 2.1830  pmax 4.2  (371s)
step 19000  train 2.1948  eval 2.1598  pmax 4.3  (391s)
step 20000  train 2.2041  eval 2.1990  pmax 4.4  (412s)
step 21000  train 2.1574  eval 2.1935  pmax 4.5  (432s)
step 22000  train 2.1820  eval 2.2084  pmax 4.5  (452s)
step 23000  train 2.1865  eval 2.1780  pmax 4.6  (473s)
step 24000  train 2.1705  eval 2.1984  pmax 4.6  (493s)
step 25000  train 2.1753  eval 2.2086  pmax 4.6  (514s)
  [checkpoint + sample saved at step 25000]
step 26000  train 2.1719  eval 2.2020  pmax 4.7  (535s)
step 27000  train 2.1756  eval 2.1640  pmax 4.7  (556s)
step 28000  train 2.1517  eval 2.1951  pmax 4.7  (577s)
step 29000  train 2.1868  eval 2.1923  pmax 4.7  (598s)
step 30000  train 2.2071  eval 2.1828  pmax 4.7  (619s)
step 31000  train 2.1645  eval 2.1917  pmax 4.7  (640s)
step 32000  train 2.1961  eval 2.1655  pmax 4.7  (660s)
step 33000  train 2.1759  eval 2.2081  pmax 4.7  (680s)
  [checkpoint + sample saved at step 33000]
done. artifacts in /home/luke/Wavelet-State-KAN/checkpoints/mamba2_wikitext_1k_3ep_s31337
