/home/luke/Wavelet-State-KAN/experiments/V1_train_tinystories_lm.py:107: UserWarning: The given buffer is not writable, and PyTorch does not support non-writable tensors. This means you can write to the underlying (supposedly non-writable) buffer using the tensor. You may want to copy the buffer to protect its data or make it writable before converting it to a tensor. This type of warning will be suppressed for the rest of this program. (Triggered internally at /__w/pytorch/pytorch/torch/csrc/utils/tensor_new.cpp:1556.)
  train_ids = torch.frombuffer(train_text.encode("utf-8", errors="ignore"), dtype=torch.uint8)
train bytes: 542,898,247  eval bytes: 130,357
model: mamba2  params: 10,466  device: cuda
step     1  train 5.6459  eval 5.5720  pmax 6.6  (1s)
step  1000  train 1.9215  eval 1.9336  pmax 7.1  (46s)
step  2000  train 1.8743  eval 1.8816  pmax 7.7  (89s)
step  3000  train 1.8520  eval 1.8689  pmax 8.1  (131s)
step  4000  train 1.8500  eval 1.8599  pmax 8.4  (173s)
step  5000  train 1.8127  eval 1.8632  pmax 8.8  (214s)
step  6000  train 1.8103  eval 1.8093  pmax 9.1  (257s)
step  7000  train 1.8539  eval 1.8049  pmax 9.2  (302s)
step  8000  train 1.8324  eval 1.8271  pmax 9.2  (345s)
step  9000  train 1.8246  eval 1.8105  pmax 9.0  (387s)
step 10000  train 1.8189  eval 1.7924  pmax 8.9  (432s)
step 11000  train 1.8061  eval 1.7996  pmax 8.7  (477s)
step 12000  train 1.7911  eval 1.7952  pmax 8.5  (521s)
step 13000  train 1.8089  eval 1.8359  pmax 8.4  (565s)
step 14000  train 1.8226  eval 1.8230  pmax 8.3  (607s)
step 15000  train 1.8144  eval 1.7944  pmax 8.4  (649s)
step 16000  train 1.7937  eval 1.8072  pmax 8.5  (693s)
step 17000  train 1.8228  eval 1.7943  pmax 8.5  (734s)
step 18000  train 1.7918  eval 1.7808  pmax 8.6  (776s)
step 19000  train 1.7778  eval 1.8043  pmax 8.6  (819s)
step 20000  train 1.7977  eval 1.7469  pmax 8.6  (862s)
step 21000  train 1.7631  eval 1.7712  pmax 8.7  (906s)
step 22000  train 1.7808  eval 1.8017  pmax 8.7  (949s)
step 23000  train 1.8103  eval 1.8212  pmax 8.7  (991s)
step 24000  train 1.7968  eval 1.8002  pmax 8.7  (1033s)
step 25000  train 1.8064  eval 1.7936  pmax 8.8  (1076s)
  [checkpoint + sample saved at step 25000]
step 26000  train 1.8250  eval 1.8125  pmax 8.8  (1123s)
step 27000  train 1.7736  eval 1.8036  pmax 8.8  (1165s)
step 28000  train 1.7856  eval 1.8036  pmax 8.8  (1209s)
step 29000  train 1.7882  eval 1.7457  pmax 8.8  (1253s)
step 30000  train 1.7548  eval 1.7910  pmax 8.8  (1297s)
step 31000  train 1.7832  eval 1.8115  pmax 8.8  (1340s)
step 32000  train 1.8014  eval 1.7592  pmax 8.8  (1383s)
step 33000  train 1.7603  eval 1.7847  pmax 8.9  (1427s)
step 34000  train 1.8010  eval 1.7954  pmax 8.9  (1469s)
step 35000  train 1.7708  eval 1.7468  pmax 8.9  (1512s)
step 36000  train 1.7759  eval 1.7886  pmax 8.9  (1557s)
step 37000  train 1.7735  eval 1.7670  pmax 8.9  (1599s)
step 38000  train 1.7827  eval 1.7844  pmax 8.9  (1643s)
step 39000  train 1.7884  eval 1.7487  pmax 8.9  (1685s)
step 40000  train 1.8011  eval 1.7638  pmax 8.9  (1730s)
step 41000  train 1.7467  eval 1.7784  pmax 8.9  (1774s)
step 42000  train 1.7889  eval 1.7628  pmax 8.9  (1820s)
step 43000  train 1.7732  eval 1.8020  pmax 8.9  (1866s)
step 44000  train 1.7370  eval 1.7505  pmax 8.9  (1911s)
step 45000  train 1.7629  eval 1.7858  pmax 8.9  (1956s)
step 46000  train 1.7663  eval 1.7881  pmax 8.9  (2002s)
step 47000  train 1.7356  eval 1.7649  pmax 8.9  (2049s)
step 48000  train 1.7807  eval 1.7679  pmax 8.9  (2092s)
step 49000  train 1.7665  eval 1.7675  pmax 8.9  (2138s)
step 50000  train 1.7823  eval 1.7482  pmax 8.9  (2185s)
  [checkpoint + sample saved at step 50000]
done. artifacts in /home/luke/Wavelet-State-KAN/checkpoints/mamba2_wikitext_10k_3ep_s2024
