/home/luke/Wavelet-State-KAN/experiments/V1_train_tinystories_lm.py:107: UserWarning: The given buffer is not writable, and PyTorch does not support non-writable tensors. This means you can write to the underlying (supposedly non-writable) buffer using the tensor. You may want to copy the buffer to protect its data or make it writable before converting it to a tensor. This type of warning will be suppressed for the rest of this program. (Triggered internally at /__w/pytorch/pytorch/torch/csrc/utils/tensor_new.cpp:1556.)
  train_ids = torch.frombuffer(train_text.encode("utf-8", errors="ignore"), dtype=torch.uint8)
train bytes: 1,195,926,439  eval bytes: 2,859,070
model: mamba2  params: 98,124  device: cuda
W0919 21:47:33.132000 4082429 .venv/lib/python3.12/site-packages/torch/_inductor/utils.py:1806] [0/0] Not enough SMs to use max_autotune_gemm mode
step     1  train 5.8082  eval 5.3824  pmax 6.9  (47s)
step  1000  train 1.3913  eval 1.4303  pmax 6.9  (82s)
step  2000  train 1.3310  eval 1.3575  pmax 7.2  (116s)
step  3000  train 1.3570  eval 1.3363  pmax 7.4  (151s)
step  4000  train 1.3415  eval 1.3852  pmax 7.5  (185s)
step  5000  train 1.2974  eval 1.2728  pmax 7.6  (219s)
step  6000  train 1.3090  eval 1.3437  pmax 7.7  (254s)
step  7000  train 1.2882  eval 1.2754  pmax 7.7  (288s)
step  8000  train 1.3154  eval 1.2754  pmax 7.8  (322s)
step  9000  train 1.2995  eval 1.3312  pmax 7.9  (356s)
step 10000  train 1.3394  eval 1.3798  pmax 8.0  (391s)
step 11000  train 1.2705  eval 1.2563  pmax 8.1  (425s)
step 12000  train 1.2873  eval 1.3103  pmax 8.1  (460s)
step 13000  train 1.2646  eval 1.2475  pmax 8.2  (494s)
step 14000  train 1.2790  eval 1.2793  pmax 8.2  (529s)
step 15000  train 1.2991  eval 1.2434  pmax 8.2  (563s)
step 16000  train 1.2567  eval 1.3096  pmax 8.3  (597s)
step 17000  train 1.2337  eval 1.2441  pmax 8.3  (632s)
step 18000  train 1.2871  eval 1.2322  pmax 8.3  (666s)
step 19000  train 1.3077  eval 1.2826  pmax 8.3  (700s)
step 20000  train 1.2488  eval 1.3217  pmax 8.3  (735s)
step 21000  train 1.2763  eval 1.3090  pmax 8.3  (769s)
step 22000  train 1.2957  eval 1.3045  pmax 8.3  (804s)
step 23000  train 1.3087  eval 1.2428  pmax 8.4  (838s)
step 24000  train 1.2457  eval 1.2390  pmax 8.4  (872s)
step 25000  train 1.2703  eval 1.2376  pmax 8.4  (907s)
  [checkpoint + sample saved at step 25000]
step 26000  train 1.2203  eval 1.2710  pmax 8.5  (944s)
step 27000  train 1.2683  eval 1.2514  pmax 8.6  (978s)
step 28000  train 1.2610  eval 1.2727  pmax 8.6  (1013s)
step 29000  train 1.2180  eval 1.2437  pmax 8.7  (1047s)
step 30000  train 1.2739  eval 1.2492  pmax 8.7  (1081s)
step 31000  train 1.2435  eval 1.2948  pmax 8.8  (1116s)
step 32000  train 1.2671  eval 1.2857  pmax 8.8  (1150s)
step 33000  train 1.2846  eval 1.2926  pmax 8.9  (1185s)
step 34000  train 1.2673  eval 1.2550  pmax 8.8  (1219s)
step 35000  train 1.2657  eval 1.2715  pmax 8.9  (1254s)
step 36000  train 1.2762  eval 1.2763  pmax 8.9  (1288s)
step 37000  train 1.2432  eval 1.2793  pmax 8.9  (1323s)
step 38000  train 1.1940  eval 1.2707  pmax 8.9  (1357s)
step 39000  train 1.2453  eval 1.2532  pmax 8.9  (1391s)
step 40000  train 1.2520  eval 1.2266  pmax 8.9  (1426s)
step 41000  train 1.2171  eval 1.2515  pmax 9.0  (1460s)
step 42000  train 1.2542  eval 1.2665  pmax 9.0  (1494s)
step 43000  train 1.2518  eval 1.2302  pmax 9.0  (1529s)
step 44000  train 1.2546  eval 1.2161  pmax 9.0  (1563s)
step 45000  train 1.2260  eval 1.2371  pmax 9.1  (1598s)
step 46000  train 1.2347  eval 1.2422  pmax 9.1  (1632s)
step 47000  train 1.2143  eval 1.2504  pmax 9.1  (1666s)
step 48000  train 1.2579  eval 1.2622  pmax 9.1  (1701s)
step 49000  train 1.2635  eval 1.2941  pmax 9.1  (1735s)
step 50000  train 1.2946  eval 1.2773  pmax 9.1  (1770s)
  [checkpoint + sample saved at step 50000]
step 51000  train 1.2538  eval 1.2798  pmax 9.1  (1807s)
step 52000  train 1.2072  eval 1.2650  pmax 9.1  (1841s)
step 53000  train 1.2090  eval 1.2303  pmax 9.1  (1875s)
step 54000  train 1.1993  eval 1.2612  pmax 9.1  (1910s)
step 55000  train 1.2412  eval 1.2651  pmax 9.1  (1944s)
step 56000  train 1.2412  eval 1.1961  pmax 9.1  (1979s)
step 57000  train 1.2065  eval 1.2161  pmax 9.2  (2013s)
step 58000  train 1.2622  eval 1.2046  pmax 9.2  (2048s)
step 59000  train 1.2198  eval 1.2384  pmax 9.2  (2082s)
step 60000  train 1.2401  eval 1.1920  pmax 9.1  (2117s)
step 61000  train 1.1946  eval 1.1957  pmax 9.2  (2151s)
step 62000  train 1.2518  eval 1.2636  pmax 9.2  (2185s)
step 63000  train 1.2528  eval 1.2894  pmax 9.2  (2220s)
step 64000  train 1.2558  eval 1.2501  pmax 9.2  (2254s)
step 65000  train 1.2145  eval 1.2464  pmax 9.2  (2289s)
step 66000  train 1.2511  eval 1.1803  pmax 9.2  (2323s)
step 67000  train 1.2201  eval 1.2369  pmax 9.2  (2358s)
step 68000  train 1.2711  eval 1.2289  pmax 9.2  (2392s)
step 69000  train 1.2067  eval 1.2793  pmax 9.2  (2427s)
step 70000  train 1.2251  eval 1.2571  pmax 9.2  (2461s)
step 71000  train 1.2263  eval 1.2528  pmax 9.2  (2496s)
step 72000  train 1.2255  eval 1.2474  pmax 9.2  (2530s)
step 73000  train 1.2692  eval 1.2223  pmax 9.2  (2564s)
step 74000  train 1.2459  eval 1.2317  pmax 9.2  (2599s)
step 75000  train 1.2181  eval 1.2276  pmax 9.2  (2633s)
  [checkpoint + sample saved at step 75000]
step 76000  train 1.2341  eval 1.2146  pmax 9.3  (2670s)
step 77000  train 1.2508  eval 1.2426  pmax 9.3  (2705s)
step 78000  train 1.1958  eval 1.2565  pmax 9.2  (2739s)
step 79000  train 1.2478  eval 1.2225  pmax 9.2  (2774s)
step 80000  train 1.2341  eval 1.1987  pmax 9.2  (2808s)
step 81000  train 1.1851  eval 1.2087  pmax 9.2  (2843s)
step 82000  train 1.2142  eval 1.2206  pmax 9.3  (2877s)
step 83000  train 1.1961  eval 1.2268  pmax 9.2  (2912s)
step 84000  train 1.1881  eval 1.2256  pmax 9.3  (2946s)
step 85000  train 1.2054  eval 1.1933  pmax 9.3  (2980s)
step 86000  train 1.2434  eval 1.2446  pmax 9.3  (3015s)
step 87000  train 1.2075  eval 1.1790  pmax 9.3  (3049s)
step 88000  train 1.3116  eval 1.1984  pmax 9.3  (3084s)
step 89000  train 1.2181  eval 1.1940  pmax 9.3  (3118s)
step 90000  train 1.1598  eval 1.2241  pmax 9.3  (3153s)
step 91000  train 1.2107  eval 1.2328  pmax 9.3  (3187s)
step 92000  train 1.2343  eval 1.2272  pmax 9.3  (3222s)
step 93000  train 1.2252  eval 1.2058  pmax 9.3  (3256s)
step 94000  train 1.1971  eval 1.2175  pmax 9.3  (3290s)
step 95000  train 1.2400  eval 1.2665  pmax 9.3  (3325s)
step 96000  train 1.2560  eval 1.2014  pmax 9.3  (3359s)
step 97000  train 1.1980  eval 1.2120  pmax 9.3  (3393s)
step 98000  train 1.2358  eval 1.1907  pmax 9.3  (3428s)
step 99000  train 1.2527  eval 1.2086  pmax 9.3  (3462s)
step 100000  train 1.2097  eval 1.2166  pmax 9.3  (3496s)
  [checkpoint + sample saved at step 100000]
step 101000  train 1.1489  eval 1.1990  pmax 9.3  (3533s)
step 102000  train 1.2672  eval 1.2427  pmax 9.3  (3568s)
step 103000  train 1.2502  eval 1.2009  pmax 9.3  (3602s)
step 104000  train 1.2233  eval 1.2342  pmax 9.3  (3636s)
step 105000  train 1.2608  eval 1.2253  pmax 9.3  (3671s)
step 106000  train 1.2014  eval 1.2197  pmax 9.3  (3705s)
step 107000  train 1.1744  eval 1.1732  pmax 9.3  (3740s)
step 108000  train 1.2177  eval 1.2019  pmax 9.3  (3774s)
  [checkpoint + sample saved at step 108000]
done. artifacts in /home/luke/Wavelet-State-KAN/checkpoints/mamba2_ultrachat_100k_3ep_s123
