/home/luke/Wavelet-State-KAN/experiments/V1_train_tinystories_lm.py:107: UserWarning: The given buffer is not writable, and PyTorch does not support non-writable tensors. This means you can write to the underlying (supposedly non-writable) buffer using the tensor. You may want to copy the buffer to protect its data or make it writable before converting it to a tensor. This type of warning will be suppressed for the rest of this program. (Triggered internally at /__w/pytorch/pytorch/torch/csrc/utils/tensor_new.cpp:1556.)
  train_ids = torch.frombuffer(train_text.encode("utf-8", errors="ignore"), dtype=torch.uint8)
train bytes: 1,905,061,325  eval bytes: 405,730
model: mamba2  params: 10,466  device: cuda
step     1  train 5.6713  eval 5.5914  pmax 6.9  (2s)
step  1000  train 1.4612  eval 1.4577  pmax 7.4  (45s)
step  2000  train 1.4147  eval 1.3580  pmax 7.3  (88s)
step  3000  train 1.4208  eval 1.3497  pmax 7.1  (130s)
step  4000  train 1.3939  eval 1.3346  pmax 7.1  (174s)
step  5000  train 1.3888  eval 1.3496  pmax 7.1  (217s)
step  6000  train 1.3867  eval 1.3495  pmax 7.1  (262s)
step  7000  train 1.3695  eval 1.3220  pmax 7.3  (305s)
step  8000  train 1.3622  eval 1.3296  pmax 7.5  (350s)
step  9000  train 1.3887  eval 1.3009  pmax 7.7  (394s)
step 10000  train 1.3686  eval 1.3269  pmax 7.8  (438s)
step 11000  train 1.3643  eval 1.3223  pmax 7.9  (481s)
step 12000  train 1.3460  eval 1.3394  pmax 8.0  (526s)
step 13000  train 1.3392  eval 1.3027  pmax 8.1  (569s)
step 14000  train 1.3736  eval 1.3120  pmax 8.2  (614s)
step 15000  train 1.3682  eval 1.3105  pmax 8.3  (656s)
step 16000  train 1.3412  eval 1.3108  pmax 8.4  (700s)
step 17000  train 1.3427  eval 1.2946  pmax 8.4  (743s)
step 18000  train 1.3430  eval 1.2619  pmax 8.4  (786s)
step 19000  train 1.3500  eval 1.2845  pmax 8.5  (831s)
step 20000  train 1.3327  eval 1.3197  pmax 8.5  (876s)
step 21000  train 1.3258  eval 1.2736  pmax 8.6  (919s)
step 22000  train 1.3446  eval 1.3126  pmax 8.6  (963s)
step 23000  train 1.3242  eval 1.3358  pmax 8.6  (1008s)
step 24000  train 1.3356  eval 1.2917  pmax 8.7  (1052s)
step 25000  train 1.3066  eval 1.3352  pmax 8.7  (1096s)
  [checkpoint + sample saved at step 25000]
step 26000  train 1.3258  eval 1.3232  pmax 8.8  (1141s)
step 27000  train 1.3168  eval 1.2714  pmax 8.8  (1186s)
step 28000  train 1.3040  eval 1.3086  pmax 8.8  (1230s)
step 29000  train 1.3503  eval 1.3376  pmax 8.9  (1276s)
step 30000  train 1.3416  eval 1.3031  pmax 8.9  (1321s)
step 31000  train 1.3272  eval 1.3364  pmax 9.0  (1366s)
step 32000  train 1.3582  eval 1.2920  pmax 9.0  (1410s)
step 33000  train 1.3106  eval 1.2733  pmax 9.0  (1455s)
step 34000  train 1.3777  eval 1.2662  pmax 9.1  (1499s)
step 35000  train 1.3019  eval 1.2981  pmax 9.1  (1544s)
step 36000  train 1.3146  eval 1.3003  pmax 9.2  (1587s)
step 37000  train 1.3406  eval 1.2687  pmax 9.2  (1632s)
step 38000  train 1.3393  eval 1.2846  pmax 9.3  (1674s)
step 39000  train 1.3482  eval 1.2557  pmax 9.3  (1719s)
step 40000  train 1.3535  eval 1.2940  pmax 9.3  (1763s)
step 41000  train 1.2977  eval 1.2939  pmax 9.4  (1806s)
step 42000  train 1.3215  eval 1.2949  pmax 9.4  (1851s)
step 43000  train 1.3273  eval 1.2696  pmax 9.4  (1892s)
step 44000  train 1.3394  eval 1.3096  pmax 9.5  (1936s)
step 45000  train 1.3486  eval 1.2372  pmax 9.5  (1980s)
step 46000  train 1.3312  eval 1.2586  pmax 9.5  (2023s)
step 47000  train 1.3456  eval 1.2778  pmax 9.5  (2066s)
step 48000  train 1.3064  eval 1.3204  pmax 9.5  (2110s)
step 49000  train 1.2981  eval 1.2676  pmax 9.5  (2154s)
step 50000  train 1.2852  eval 1.2778  pmax 9.6  (2199s)
  [checkpoint + sample saved at step 50000]
step 51000  train 1.2926  eval 1.2534  pmax 9.6  (2244s)
step 52000  train 1.3241  eval 1.2545  pmax 9.6  (2288s)
step 53000  train 1.3371  eval 1.2440  pmax 9.6  (2332s)
step 54000  train 1.3617  eval 1.2909  pmax 9.6  (2378s)
step 55000  train 1.3462  eval 1.2445  pmax 9.6  (2421s)
step 56000  train 1.3223  eval 1.2350  pmax 9.6  (2466s)
step 57000  train 1.3120  eval 1.2672  pmax 9.6  (2510s)
step 58000  train 1.3180  eval 1.2590  pmax 9.6  (2553s)
step 59000  train 1.3357  eval 1.2898  pmax 9.6  (2597s)
step 60000  train 1.3445  eval 1.2594  pmax 9.6  (2639s)
  [checkpoint + sample saved at step 60000]
done. artifacts in /home/luke/Wavelet-State-KAN/checkpoints/mamba2_tinystories_10k_3ep_s7
