/home/luke/Wavelet-State-KAN/experiments/V1_train_tinystories_lm.py:107: UserWarning: The given buffer is not writable, and PyTorch does not support non-writable tensors. This means you can write to the underlying (supposedly non-writable) buffer using the tensor. You may want to copy the buffer to protect its data or make it writable before converting it to a tensor. This type of warning will be suppressed for the rest of this program. (Triggered internally at /__w/pytorch/pytorch/torch/csrc/utils/tensor_new.cpp:1556.)
  train_ids = torch.frombuffer(train_text.encode("utf-8", errors="ignore"), dtype=torch.uint8)
train bytes: 1,195,926,439  eval bytes: 2,859,070
model: mamba2  params: 2,774  device: cuda
step     1  train 5.5952  eval 5.5759  pmax 5.4  (2s)
step  1000  train 2.3461  eval 2.3300  pmax 3.7  (23s)
step  2000  train 2.2914  eval 2.3076  pmax 3.4  (45s)
step  3000  train 2.2977  eval 2.3006  pmax 3.4  (66s)
step  4000  train 2.2725  eval 2.2747  pmax 3.5  (87s)
step  5000  train 2.2984  eval 2.2357  pmax 3.5  (109s)
step  6000  train 2.2394  eval 2.2719  pmax 3.4  (130s)
step  7000  train 2.2665  eval 2.2252  pmax 3.4  (151s)
step  8000  train 2.2558  eval 2.2482  pmax 3.3  (172s)
step  9000  train 2.2809  eval 2.2770  pmax 3.4  (194s)
step 10000  train 2.2671  eval 2.2424  pmax 3.6  (216s)
step 11000  train 2.2354  eval 2.2633  pmax 3.7  (238s)
step 12000  train 2.2464  eval 2.2372  pmax 3.8  (260s)
step 13000  train 2.2422  eval 2.2739  pmax 3.8  (282s)
step 14000  train 2.2413  eval 2.2402  pmax 3.9  (304s)
step 15000  train 2.2648  eval 2.2358  pmax 4.0  (325s)
step 16000  train 2.2454  eval 2.2309  pmax 4.1  (347s)
step 17000  train 2.2640  eval 2.2476  pmax 4.1  (369s)
step 18000  train 2.2582  eval 2.2412  pmax 4.2  (390s)
step 19000  train 2.2516  eval 2.2347  pmax 4.2  (411s)
step 20000  train 2.2225  eval 2.2190  pmax 4.3  (433s)
step 21000  train 2.3131  eval 2.2459  pmax 4.3  (454s)
step 22000  train 2.2400  eval 2.2468  pmax 4.4  (475s)
step 23000  train 2.2513  eval 2.2717  pmax 4.4  (496s)
step 24000  train 2.2219  eval 2.2613  pmax 4.4  (518s)
step 25000  train 2.2679  eval 2.2453  pmax 4.4  (540s)
  [checkpoint + sample saved at step 25000]
step 26000  train 2.2353  eval 2.2463  pmax 4.4  (562s)
step 27000  train 2.2515  eval 2.2580  pmax 4.5  (583s)
step 28000  train 2.2333  eval 2.2748  pmax 4.5  (605s)
step 29000  train 2.2758  eval 2.2149  pmax 4.5  (626s)
step 30000  train 2.2393  eval 2.2587  pmax 4.5  (648s)
step 31000  train 2.2796  eval 2.2365  pmax 4.5  (669s)
step 32000  train 2.1989  eval 2.2181  pmax 4.5  (690s)
step 33000  train 2.2370  eval 2.2387  pmax 4.5  (713s)
step 34000  train 2.2257  eval 2.3158  pmax 4.5  (734s)
step 35000  train 2.2708  eval 2.2556  pmax 4.5  (756s)
step 36000  train 2.2180  eval 2.2254  pmax 4.5  (777s)
  [checkpoint + sample saved at step 36000]
done. artifacts in /home/luke/Wavelet-State-KAN/checkpoints/mamba2_ultrachat_1k_3ep_s2024
