/home/luke/Wavelet-State-KAN/experiments/V1_train_tinystories_lm.py:107: UserWarning: The given buffer is not writable, and PyTorch does not support non-writable tensors. This means you can write to the underlying (supposedly non-writable) buffer using the tensor. You may want to copy the buffer to protect its data or make it writable before converting it to a tensor. This type of warning will be suppressed for the rest of this program. (Triggered internally at /__w/pytorch/pytorch/torch/csrc/utils/tensor_new.cpp:1556.)
  train_ids = torch.frombuffer(train_text.encode("utf-8", errors="ignore"), dtype=torch.uint8)
train bytes: 1,195,926,439  eval bytes: 2,859,070
model: mamba2  params: 10,466  device: cuda
step     1  train 5.6181  eval 5.5664  pmax 5.9  (1s)
step  1000  train 1.8900  eval 1.8766  pmax 4.9  (44s)
step  2000  train 1.8560  eval 1.8002  pmax 4.4  (86s)
step  3000  train 1.8134  eval 1.8158  pmax 4.1  (129s)
step  4000  train 1.7765  eval 1.7915  pmax 4.0  (171s)
step  5000  train 1.8054  eval 1.7502  pmax 4.0  (214s)
step  6000  train 1.8254  eval 1.8008  pmax 3.9  (256s)
step  7000  train 1.7451  eval 1.8084  pmax 3.9  (299s)
step  8000  train 1.7856  eval 1.8189  pmax 3.8  (342s)
step  9000  train 1.7576  eval 1.7613  pmax 3.8  (384s)
step 10000  train 1.7613  eval 1.7495  pmax 3.9  (425s)
step 11000  train 1.7744  eval 1.7629  pmax 4.0  (468s)
step 12000  train 1.7700  eval 1.7783  pmax 4.0  (511s)
step 13000  train 1.7703  eval 1.8261  pmax 4.0  (554s)
step 14000  train 1.8216  eval 1.7616  pmax 4.0  (599s)
step 15000  train 1.7121  eval 1.7108  pmax 4.0  (643s)
step 16000  train 1.7634  eval 1.7720  pmax 4.0  (685s)
step 17000  train 1.7595  eval 1.7572  pmax 4.0  (728s)
step 18000  train 1.7303  eval 1.8362  pmax 4.0  (772s)
step 19000  train 1.7350  eval 1.8159  pmax 4.0  (816s)
step 20000  train 1.7485  eval 1.7857  pmax 4.0  (859s)
step 21000  train 1.7621  eval 1.8324  pmax 4.0  (901s)
step 22000  train 1.7605  eval 1.7695  pmax 4.0  (944s)
step 23000  train 1.7833  eval 1.7667  pmax 4.0  (984s)
step 24000  train 1.7536  eval 1.7155  pmax 4.0  (1029s)
step 25000  train 1.8214  eval 1.7777  pmax 3.9  (1072s)
  [checkpoint + sample saved at step 25000]
step 26000  train 1.7343  eval 1.7658  pmax 3.9  (1118s)
step 27000  train 1.7219  eval 1.7787  pmax 4.0  (1161s)
step 28000  train 1.7032  eval 1.7511  pmax 3.9  (1205s)
step 29000  train 1.8076  eval 1.7699  pmax 4.0  (1248s)
step 30000  train 1.7688  eval 1.7799  pmax 4.0  (1291s)
step 31000  train 1.7243  eval 1.7539  pmax 4.0  (1337s)
step 32000  train 1.7319  eval 1.7248  pmax 4.1  (1383s)
step 33000  train 1.7339  eval 1.6618  pmax 4.1  (1428s)
step 34000  train 1.7292  eval 1.7571  pmax 4.1  (1473s)
step 35000  train 1.7459  eval 1.7857  pmax 4.2  (1517s)
step 36000  train 1.7480  eval 1.6875  pmax 4.2  (1561s)
step 37000  train 1.7896  eval 1.7811  pmax 4.2  (1604s)
step 38000  train 1.7177  eval 1.6871  pmax 4.2  (1649s)
step 39000  train 1.7693  eval 1.6967  pmax 4.2  (1692s)
step 40000  train 1.7725  eval 1.6995  pmax 4.3  (1739s)
step 41000  train 1.7717  eval 1.7675  pmax 4.3  (1782s)
step 42000  train 1.7762  eval 1.7631  pmax 4.3  (1827s)
step 43000  train 1.7231  eval 1.7860  pmax 4.3  (1871s)
step 44000  train 1.6932  eval 1.8044  pmax 4.3  (1916s)
step 45000  train 1.7225  eval 1.6908  pmax 4.3  (1960s)
step 46000  train 1.7164  eval 1.7750  pmax 4.3  (2004s)
step 47000  train 1.7260  eval 1.7723  pmax 4.3  (2049s)
step 48000  train 1.6789  eval 1.6827  pmax 4.3  (2094s)
step 49000  train 1.6963  eval 1.7788  pmax 4.4  (2139s)
step 50000  train 1.6998  eval 1.7499  pmax 4.4  (2183s)
  [checkpoint + sample saved at step 50000]
step 51000  train 1.7247  eval 1.7270  pmax 4.4  (2229s)
step 52000  train 1.7302  eval 1.7429  pmax 4.4  (2275s)
step 53000  train 1.7045  eval 1.7078  pmax 4.4  (2319s)
step 54000  train 1.7355  eval 1.7795  pmax 4.4  (2364s)
  [checkpoint + sample saved at step 54000]
done. artifacts in /home/luke/Wavelet-State-KAN/checkpoints/mamba2_ultrachat_10k_3ep_s31337
