/home/luke/Wavelet-State-KAN/experiments/V1_train_tinystories_lm.py:107: UserWarning: The given buffer is not writable, and PyTorch does not support non-writable tensors. This means you can write to the underlying (supposedly non-writable) buffer using the tensor. You may want to copy the buffer to protect its data or make it writable before converting it to a tensor. This type of warning will be suppressed for the rest of this program. (Triggered internally at /__w/pytorch/pytorch/torch/csrc/utils/tensor_new.cpp:1556.)
  train_ids = torch.frombuffer(train_text.encode("utf-8", errors="ignore"), dtype=torch.uint8)
train bytes: 542,898,247  eval bytes: 130,357
model: mamba2  params: 929,840  device: cuda
W0918 08:41:55.525000 1688771 .venv/lib/python3.12/site-packages/torch/_inductor/utils.py:1806] [0/0] Not enough SMs to use max_autotune_gemm mode
step     1  train 6.8372  eval 4.9125  pmax 6.8  (49s)
step  1000  train 1.4077  eval 1.3920  pmax 6.9  (157s)
step  2000  train 1.3345  eval 1.3698  pmax 7.0  (266s)
step  3000  train 1.3229  eval 1.3505  pmax 7.1  (374s)
step  4000  train 1.2947  eval 1.3057  pmax 7.2  (483s)
step  5000  train 1.3079  eval 1.2941  pmax 7.3  (591s)
step  6000  train 1.3101  eval 1.3320  pmax 7.3  (699s)
step  7000  train 1.3100  eval 1.2773  pmax 7.3  (808s)
step  8000  train 1.2665  eval 1.2659  pmax 7.4  (916s)
step  9000  train 1.2691  eval 1.2688  pmax 7.4  (1025s)
step 10000  train 1.2723  eval 1.2633  pmax 7.4  (1133s)
  [checkpoint + sample saved at step 10000]
step 11000  train 1.2358  eval 1.2973  pmax 7.5  (1244s)
step 12000  train 1.2703  eval 1.2707  pmax 7.5  (1352s)
step 13000  train 1.2694  eval 1.3046  pmax 7.5  (1461s)
step 14000  train 1.2480  eval 1.2434  pmax 7.5  (1570s)
step 15000  train 1.2849  eval 1.2768  pmax 7.5  (1678s)
step 16000  train 1.2259  eval 1.2376  pmax 7.6  (1787s)
step 17000  train 1.2615  eval 1.2624  pmax 7.6  (1895s)
step 18000  train 1.2486  eval 1.2840  pmax 7.6  (2004s)
step 19000  train 1.2339  eval 1.2303  pmax 7.6  (2112s)
step 20000  train 1.2058  eval 1.2537  pmax 7.6  (2221s)
  [checkpoint + sample saved at step 20000]
step 21000  train 1.2447  eval 1.3049  pmax 7.7  (2330s)
step 22000  train 1.2642  eval 1.2292  pmax 7.7  (2439s)
step 23000  train 1.2589  eval 1.2440  pmax 7.7  (2547s)
step 24000  train 1.2380  eval 1.2467  pmax 7.7  (2656s)
step 25000  train 1.2221  eval 1.2398  pmax 7.7  (2764s)
step 26000  train 1.2496  eval 1.2192  pmax 7.7  (2873s)
step 27000  train 1.2463  eval 1.2169  pmax 7.7  (2982s)
step 28000  train 1.2604  eval 1.2297  pmax 7.7  (3090s)
step 29000  train 1.1923  eval 1.1937  pmax 7.7  (3199s)
step 30000  train 1.2331  eval 1.2553  pmax 7.8  (3307s)
  [checkpoint + sample saved at step 30000]
step 31000  train 1.2262  eval 1.2396  pmax 7.8  (3417s)
step 32000  train 1.1799  eval 1.2235  pmax 7.8  (3526s)
step 33000  train 1.2275  eval 1.2379  pmax 7.8  (3634s)
step 34000  train 1.2148  eval 1.2276  pmax 7.8  (3743s)
step 35000  train 1.2048  eval 1.2268  pmax 7.8  (3852s)
step 36000  train 1.2016  eval 1.1774  pmax 7.8  (3960s)
step 37000  train 1.2423  eval 1.2021  pmax 7.8  (4069s)
step 38000  train 1.2310  eval 1.2262  pmax 7.8  (4177s)
step 39000  train 1.1869  eval 1.2269  pmax 7.8  (4286s)
step 40000  train 1.2060  eval 1.1853  pmax 7.8  (4395s)
  [checkpoint + sample saved at step 40000]
step 41000  train 1.2088  eval 1.2371  pmax 7.8  (4504s)
step 42000  train 1.1773  eval 1.2236  pmax 7.8  (4613s)
step 43000  train 1.2176  eval 1.2215  pmax 7.8  (4722s)
step 44000  train 1.1903  eval 1.2117  pmax 7.8  (4830s)
step 45000  train 1.2395  eval 1.2601  pmax 7.9  (4939s)
step 46000  train 1.1916  eval 1.2238  pmax 7.9  (5047s)
step 47000  train 1.2220  eval 1.2201  pmax 7.9  (5156s)
step 48000  train 1.2106  eval 1.2052  pmax 7.9  (5265s)
step 49000  train 1.2120  eval 1.2017  pmax 7.9  (5373s)
step 50000  train 1.1898  eval 1.2149  pmax 7.9  (5482s)
  [checkpoint + sample saved at step 50000]
step 51000  train 1.2205  eval 1.2163  pmax 7.9  (5592s)
step 52000  train 1.2125  eval 1.2015  pmax 7.9  (5701s)
step 53000  train 1.1780  eval 1.2036  pmax 7.9  (5809s)
step 54000  train 1.2376  eval 1.2031  pmax 7.9  (5918s)
step 55000  train 1.2021  eval 1.2254  pmax 7.9  (6026s)
step 56000  train 1.2127  eval 1.1764  pmax 7.9  (6135s)
step 57000  train 1.2231  eval 1.2086  pmax 7.9  (6244s)
step 58000  train 1.1992  eval 1.1869  pmax 7.9  (6352s)
step 59000  train 1.2395  eval 1.1848  pmax 7.9  (6461s)
step 60000  train 1.2286  eval 1.1723  pmax 7.9  (6570s)
  [checkpoint + sample saved at step 60000]
step 61000  train 1.2243  eval 1.2071  pmax 7.9  (6680s)
step 62000  train 1.1819  eval 1.2133  pmax 7.9  (6789s)
step 63000  train 1.1936  eval 1.2126  pmax 7.9  (6897s)
step 64000  train 1.1634  eval 1.1655  pmax 7.9  (7006s)
step 65000  train 1.1824  eval 1.1743  pmax 7.9  (7114s)
step 66000  train 1.1838  eval 1.2190  pmax 7.9  (7223s)
  [checkpoint + sample saved at step 66000]
done. artifacts in /home/luke/Wavelet-State-KAN/checkpoints/mamba2_wikitext_1m_3ep_s123
