/home/luke/Wavelet-State-KAN/experiments/V1_train_tinystories_lm.py:107: UserWarning: The given buffer is not writable, and PyTorch does not support non-writable tensors. This means you can write to the underlying (supposedly non-writable) buffer using the tensor. You may want to copy the buffer to protect its data or make it writable before converting it to a tensor. This type of warning will be suppressed for the rest of this program. (Triggered internally at /__w/pytorch/pytorch/torch/csrc/utils/tensor_new.cpp:1556.)
  train_ids = torch.frombuffer(train_text.encode("utf-8", errors="ignore"), dtype=torch.uint8)
train bytes: 1,905,061,325  eval bytes: 405,730
model: mamba2  params: 10,466  device: cuda
step     1  train 5.6161  eval 5.5477  pmax 6.4  (2s)
step  1000  train 1.4454  eval 1.4043  pmax 7.0  (44s)
step  2000  train 1.4185  eval 1.3484  pmax 7.5  (86s)
step  3000  train 1.3950  eval 1.3451  pmax 8.0  (129s)
step  4000  train 1.4001  eval 1.3381  pmax 8.3  (170s)
step  5000  train 1.3872  eval 1.3113  pmax 8.6  (214s)
step  6000  train 1.3636  eval 1.3386  pmax 8.8  (256s)
step  7000  train 1.3668  eval 1.2951  pmax 8.9  (299s)
step  8000  train 1.3390  eval 1.3212  pmax 9.1  (343s)
step  9000  train 1.3828  eval 1.3550  pmax 9.0  (386s)
step 10000  train 1.3599  eval 1.3336  pmax 8.8  (429s)
step 11000  train 1.3600  eval 1.3559  pmax 8.5  (474s)
step 12000  train 1.3681  eval 1.3369  pmax 8.4  (517s)
step 13000  train 1.3594  eval 1.2628  pmax 8.3  (559s)
step 14000  train 1.3655  eval 1.3412  pmax 8.2  (603s)
step 15000  train 1.3404  eval 1.2753  pmax 8.2  (646s)
step 16000  train 1.3491  eval 1.3114  pmax 8.1  (688s)
step 17000  train 1.3849  eval 1.3193  pmax 8.1  (729s)
step 18000  train 1.3385  eval 1.3005  pmax 8.1  (772s)
step 19000  train 1.3384  eval 1.3187  pmax 8.0  (816s)
step 20000  train 1.3504  eval 1.3177  pmax 8.0  (860s)
step 21000  train 1.3556  eval 1.2841  pmax 8.0  (904s)
step 22000  train 1.3321  eval 1.2844  pmax 8.0  (948s)
step 23000  train 1.3562  eval 1.2871  pmax 8.0  (992s)
step 24000  train 1.3556  eval 1.2977  pmax 8.0  (1034s)
step 25000  train 1.3448  eval 1.2928  pmax 8.0  (1077s)
  [checkpoint + sample saved at step 25000]
step 26000  train 1.3438  eval 1.3241  pmax 8.0  (1122s)
step 27000  train 1.2990  eval 1.2609  pmax 8.0  (1165s)
step 28000  train 1.3240  eval 1.3053  pmax 8.0  (1208s)
step 29000  train 1.3546  eval 1.2907  pmax 8.0  (1251s)
step 30000  train 1.3038  eval 1.2856  pmax 8.0  (1293s)
step 31000  train 1.3683  eval 1.2947  pmax 8.0  (1337s)
step 32000  train 1.3463  eval 1.2914  pmax 8.1  (1378s)
step 33000  train 1.3172  eval 1.3142  pmax 8.1  (1421s)
step 34000  train 1.3273  eval 1.2686  pmax 8.1  (1465s)
step 35000  train 1.3266  eval 1.3150  pmax 8.1  (1509s)
step 36000  train 1.3609  eval 1.2807  pmax 8.1  (1552s)
step 37000  train 1.3589  eval 1.2887  pmax 8.1  (1595s)
step 38000  train 1.2999  eval 1.3177  pmax 8.1  (1640s)
step 39000  train 1.3445  eval 1.2386  pmax 8.1  (1681s)
step 40000  train 1.3101  eval 1.3442  pmax 8.1  (1725s)
step 41000  train 1.3313  eval 1.2744  pmax 8.1  (1768s)
step 42000  train 1.2952  eval 1.2993  pmax 8.1  (1813s)
step 43000  train 1.3244  eval 1.2861  pmax 8.1  (1856s)
step 44000  train 1.3519  eval 1.2418  pmax 8.1  (1901s)
step 45000  train 1.3550  eval 1.2442  pmax 8.1  (1943s)
step 46000  train 1.3253  eval 1.2785  pmax 8.2  (1987s)
step 47000  train 1.3339  eval 1.2645  pmax 8.2  (2030s)
step 48000  train 1.3513  eval 1.2815  pmax 8.2  (2075s)
step 49000  train 1.3398  eval 1.2631  pmax 8.2  (2115s)
step 50000  train 1.3186  eval 1.3064  pmax 8.2  (2159s)
  [checkpoint + sample saved at step 50000]
step 51000  train 1.3210  eval 1.2998  pmax 8.2  (2205s)
step 52000  train 1.3105  eval 1.2442  pmax 8.2  (2249s)
step 53000  train 1.3389  eval 1.2912  pmax 8.2  (2293s)
step 54000  train 1.3090  eval 1.3125  pmax 8.2  (2335s)
step 55000  train 1.3609  eval 1.2877  pmax 8.2  (2379s)
step 56000  train 1.3131  eval 1.2669  pmax 8.2  (2423s)
step 57000  train 1.3490  eval 1.2989  pmax 8.2  (2467s)
step 58000  train 1.3276  eval 1.2768  pmax 8.2  (2510s)
step 59000  train 1.3643  eval 1.3151  pmax 8.2  (2555s)
step 60000  train 1.3074  eval 1.2979  pmax 8.2  (2600s)
  [checkpoint + sample saved at step 60000]
done. artifacts in /home/luke/Wavelet-State-KAN/checkpoints/mamba2_tinystories_10k_3ep_s123
