/home/luke/Wavelet-State-KAN/experiments/V1_train_tinystories_lm.py:107: UserWarning: The given buffer is not writable, and PyTorch does not support non-writable tensors. This means you can write to the underlying (supposedly non-writable) buffer using the tensor. You may want to copy the buffer to protect its data or make it writable before converting it to a tensor. This type of warning will be suppressed for the rest of this program. (Triggered internally at /__w/pytorch/pytorch/torch/csrc/utils/tensor_new.cpp:1556.)
  train_ids = torch.frombuffer(train_text.encode("utf-8", errors="ignore"), dtype=torch.uint8)
train bytes: 542,898,247  eval bytes: 130,357
model: mamba2  params: 2,774  device: cuda
step     1  train 5.5887  eval 5.5778  pmax 5.4  (1s)
step  1000  train 2.2842  eval 2.2894  pmax 4.1  (21s)
step  2000  train 2.2554  eval 2.2496  pmax 3.8  (43s)
step  3000  train 2.2269  eval 2.2427  pmax 3.9  (64s)
step  4000  train 2.2109  eval 2.2326  pmax 3.9  (84s)
step  5000  train 2.1945  eval 2.2235  pmax 3.9  (105s)
step  6000  train 2.2059  eval 2.1967  pmax 3.9  (126s)
step  7000  train 2.2188  eval 2.2119  pmax 3.8  (146s)
step  8000  train 2.2193  eval 2.1932  pmax 3.9  (166s)
step  9000  train 2.2050  eval 2.1945  pmax 4.0  (187s)
step 10000  train 2.2115  eval 2.1812  pmax 4.2  (208s)
step 11000  train 2.1952  eval 2.1763  pmax 4.3  (229s)
step 12000  train 2.1835  eval 2.1698  pmax 4.4  (250s)
step 13000  train 2.1998  eval 2.2145  pmax 4.5  (270s)
step 14000  train 2.2042  eval 2.2037  pmax 4.6  (291s)
step 15000  train 2.2061  eval 2.2005  pmax 4.6  (311s)
step 16000  train 2.1695  eval 2.2071  pmax 4.7  (332s)
step 17000  train 2.1995  eval 2.1836  pmax 4.7  (352s)
step 18000  train 2.1815  eval 2.1925  pmax 4.8  (373s)
step 19000  train 2.1681  eval 2.1993  pmax 4.9  (394s)
step 20000  train 2.1877  eval 2.1620  pmax 4.9  (414s)
step 21000  train 2.1592  eval 2.1822  pmax 4.9  (435s)
step 22000  train 2.1723  eval 2.1884  pmax 4.9  (455s)
step 23000  train 2.1853  eval 2.2101  pmax 5.0  (476s)
step 24000  train 2.2005  eval 2.1961  pmax 5.0  (496s)
step 25000  train 2.2011  eval 2.1916  pmax 5.0  (517s)
  [checkpoint + sample saved at step 25000]
step 26000  train 2.2015  eval 2.2049  pmax 5.0  (539s)
step 27000  train 2.1801  eval 2.2121  pmax 5.0  (560s)
step 28000  train 2.1685  eval 2.1847  pmax 5.0  (580s)
step 29000  train 2.2071  eval 2.1555  pmax 5.0  (601s)
step 30000  train 2.1645  eval 2.1767  pmax 5.0  (621s)
step 31000  train 2.1787  eval 2.1990  pmax 5.0  (642s)
step 32000  train 2.1980  eval 2.1644  pmax 5.0  (663s)
step 33000  train 2.1628  eval 2.1764  pmax 5.0  (683s)
  [checkpoint + sample saved at step 33000]
done. artifacts in /home/luke/Wavelet-State-KAN/checkpoints/mamba2_wikitext_1k_3ep_s2024
