/home/luke/Wavelet-State-KAN/experiments/V1_train_tinystories_lm.py:107: UserWarning: The given buffer is not writable, and PyTorch does not support non-writable tensors. This means you can write to the underlying (supposedly non-writable) buffer using the tensor. You may want to copy the buffer to protect its data or make it writable before converting it to a tensor. This type of warning will be suppressed for the rest of this program. (Triggered internally at /__w/pytorch/pytorch/torch/csrc/utils/tensor_new.cpp:1556.)
  train_ids = torch.frombuffer(train_text.encode("utf-8", errors="ignore"), dtype=torch.uint8)
train bytes: 1,195,926,439  eval bytes: 2,859,070
model: mamba2  params: 10,466  device: cuda
step     1  train 5.6403  eval 5.5771  pmax 6.6  (1s)
step  1000  train 1.8762  eval 1.8448  pmax 7.0  (43s)
step  2000  train 1.7957  eval 1.8087  pmax 7.3  (87s)
step  3000  train 1.8242  eval 1.8249  pmax 7.3  (136s)
step  4000  train 1.8147  eval 1.7934  pmax 7.2  (186s)
step  5000  train 1.8445  eval 1.7759  pmax 7.1  (235s)
step  6000  train 1.7611  eval 1.7929  pmax 7.0  (285s)
step  7000  train 1.7890  eval 1.7388  pmax 7.0  (335s)
step  8000  train 1.7860  eval 1.7521  pmax 7.1  (384s)
step  9000  train 1.7737  eval 1.8055  pmax 7.2  (433s)
step 10000  train 1.7741  eval 1.7376  pmax 7.3  (478s)
step 11000  train 1.7321  eval 1.7453  pmax 7.5  (521s)
step 12000  train 1.7626  eval 1.7170  pmax 7.6  (564s)
step 13000  train 1.7847  eval 1.7865  pmax 7.7  (608s)
step 14000  train 1.7438  eval 1.7616  pmax 7.6  (653s)
step 15000  train 1.7674  eval 1.7374  pmax 7.6  (694s)
step 16000  train 1.7385  eval 1.7625  pmax 7.6  (743s)
step 17000  train 1.7793  eval 1.7704  pmax 7.5  (796s)
step 18000  train 1.7936  eval 1.7477  pmax 7.4  (848s)
step 19000  train 1.7772  eval 1.7410  pmax 7.3  (900s)
step 20000  train 1.7283  eval 1.7746  pmax 7.3  (953s)
step 21000  train 1.8376  eval 1.7670  pmax 7.3  (1005s)
step 22000  train 1.7702  eval 1.7426  pmax 7.3  (1057s)
step 23000  train 1.7673  eval 1.7586  pmax 7.3  (1109s)
step 24000  train 1.7501  eval 1.7896  pmax 7.3  (1157s)
step 25000  train 1.7875  eval 1.7436  pmax 7.3  (1198s)
  [checkpoint + sample saved at step 25000]
step 26000  train 1.7309  eval 1.7559  pmax 7.3  (1243s)
step 27000  train 1.7963  eval 1.7827  pmax 7.3  (1286s)
step 28000  train 1.7734  eval 1.7886  pmax 7.3  (1330s)
step 29000  train 1.7821  eval 1.7272  pmax 7.3  (1374s)
step 30000  train 1.7303  eval 1.7894  pmax 7.3  (1417s)
step 31000  train 1.7894  eval 1.7362  pmax 7.3  (1460s)
step 32000  train 1.6973  eval 1.7359  pmax 7.3  (1502s)
step 33000  train 1.7333  eval 1.7605  pmax 7.3  (1546s)
step 34000  train 1.7417  eval 1.8206  pmax 7.3  (1590s)
step 35000  train 1.7681  eval 1.7624  pmax 7.3  (1633s)
step 36000  train 1.7097  eval 1.7133  pmax 7.3  (1676s)
step 37000  train 1.7346  eval 1.7096  pmax 7.3  (1718s)
step 38000  train 1.7573  eval 1.7362  pmax 7.3  (1761s)
step 39000  train 1.7236  eval 1.7233  pmax 7.3  (1804s)
step 40000  train 1.7692  eval 1.7721  pmax 7.4  (1847s)
step 41000  train 1.7995  eval 1.6806  pmax 7.4  (1891s)
step 42000  train 1.7639  eval 1.7145  pmax 7.4  (1937s)
step 43000  train 1.7826  eval 1.7690  pmax 7.5  (1981s)
step 44000  train 1.7170  eval 1.7520  pmax 7.5  (2026s)
step 45000  train 1.7076  eval 1.7131  pmax 7.5  (2072s)
step 46000  train 1.7336  eval 1.7365  pmax 7.5  (2118s)
step 47000  train 1.7239  eval 1.7148  pmax 7.5  (2163s)
step 48000  train 1.7313  eval 1.7661  pmax 7.5  (2209s)
step 49000  train 1.7432  eval 1.6693  pmax 7.6  (2255s)
step 50000  train 1.7259  eval 1.7376  pmax 7.6  (2301s)
  [checkpoint + sample saved at step 50000]
step 51000  train 1.7362  eval 1.6671  pmax 7.6  (2349s)
step 52000  train 1.7700  eval 1.7283  pmax 7.6  (2394s)
step 53000  train 1.7633  eval 1.6687  pmax 7.6  (2440s)
step 54000  train 1.7218  eval 1.6669  pmax 7.6  (2486s)
  [checkpoint + sample saved at step 54000]
done. artifacts in /home/luke/Wavelet-State-KAN/checkpoints/mamba2_ultrachat_10k_3ep_s2024
