/home/luke/Wavelet-State-KAN/experiments/V1_train_tinystories_lm.py:107: UserWarning: The given buffer is not writable, and PyTorch does not support non-writable tensors. This means you can write to the underlying (supposedly non-writable) buffer using the tensor. You may want to copy the buffer to protect its data or make it writable before converting it to a tensor. This type of warning will be suppressed for the rest of this program. (Triggered internally at /__w/pytorch/pytorch/torch/csrc/utils/tensor_new.cpp:1556.)
  train_ids = torch.frombuffer(train_text.encode("utf-8", errors="ignore"), dtype=torch.uint8)
train bytes: 1,195,926,439  eval bytes: 2,859,070
model: mamba2  params: 10,055,200  device: cuda
W0920 17:53:11.856000 1589193 .venv/lib/python3.12/site-packages/torch/_inductor/utils.py:1806] [0/0] Not enough SMs to use max_autotune_gemm mode
[W920 17:54:41.470410250 CUDACachingAllocator.cpp:3934] memory allocation failed with OOM on device 0 while trying to allocate 2147483648 bytes (free: 971243520, total: 8214937600).
step     1  train 8.1204  eval 10.0788  pmax 6.9  (108s)
step  1000  train 1.0924  eval 1.0723  pmax 6.9  (2589s)
step  2000  train 1.0117  eval 0.9955  pmax 6.9  (5073s)
step  3000  train 0.9712  eval 0.9812  pmax 6.9  (7555s)
step  4000  train 0.8712  eval 0.8887  pmax 6.9  (10037s)
step  5000  train 0.9400  eval 0.9389  pmax 6.9  (12519s)
  [checkpoint + sample saved at step 5000]
step  6000  train 0.9283  eval 0.8837  pmax 6.9  (15004s)
step  7000  train 0.8518  eval 0.9295  pmax 6.9  (17484s)
step  8000  train 0.8365  eval 0.8430  pmax 6.9  (19964s)
step  9000  train 0.8368  eval 0.8733  pmax 6.9  (22445s)
step 10000  train 0.8257  eval 0.8600  pmax 6.9  (24925s)
  [checkpoint + sample saved at step 10000]
step 11000  train 0.8076  eval 0.7989  pmax 7.0  (27409s)
step 12000  train 0.8097  eval 0.8638  pmax 6.9  (29890s)
step 13000  train 0.8403  eval 0.8237  pmax 7.0  (32370s)
step 14000  train 0.7812  eval 0.7958  pmax 7.0  (34849s)
step 15000  train 0.7666  eval 0.8368  pmax 7.0  (37328s)
  [checkpoint + sample saved at step 15000]
step 16000  train 0.7914  eval 0.7876  pmax 7.0  (39810s)
step 17000  train 0.7604  eval 0.7715  pmax 7.0  (42288s)
step 18000  train 0.7699  eval 0.7747  pmax 7.0  (44766s)
step 19000  train 0.7981  eval 0.8091  pmax 7.0  (47243s)
step 20000  train 0.7906  eval 0.7919  pmax 7.0  (49719s)
  [checkpoint + sample saved at step 20000]
step 21000  train 0.7463  eval 0.7221  pmax 7.0  (52202s)
step 22000  train 0.7298  eval 0.7599  pmax 7.0  (54682s)
step 23000  train 0.7588  eval 0.7994  pmax 7.0  (57162s)
step 24000  train 0.7390  eval 0.7765  pmax 7.0  (59642s)
step 25000  train 0.7127  eval 0.7841  pmax 7.0  (62122s)
  [checkpoint + sample saved at step 25000]
step 26000  train 0.7638  eval 0.7257  pmax 7.0  (64608s)
step 27000  train 0.7158  eval 0.7426  pmax 7.0  (67091s)
step 28000  train 0.7384  eval 0.7485  pmax 7.0  (69577s)
step 29000  train 0.7665  eval 0.7484  pmax 7.0  (72063s)
step 30000  train 0.7152  eval 0.7355  pmax 7.0  (74549s)
  [checkpoint + sample saved at step 30000]
step 31000  train 0.7455  eval 0.7920  pmax 7.0  (77039s)
step 32000  train 0.7333  eval 0.7384  pmax 7.0  (79527s)
step 33000  train 0.7410  eval 0.7443  pmax 7.0  (82014s)
step 34000  train 0.7300  eval 0.7481  pmax 7.0  (84499s)
step 35000  train 0.7837  eval 0.7379  pmax 7.0  (86983s)
  [checkpoint + sample saved at step 35000]
step 36000  train 0.7464  eval 0.7293  pmax 7.0  (89471s)
  [checkpoint + sample saved at step 36000]
done. artifacts in /home/luke/Wavelet-State-KAN/checkpoints/mamba2_ultrachat_10m_3ep_s42
