/home/luke/Wavelet-State-KAN/experiments/V1_train_tinystories_lm.py:107: UserWarning: The given buffer is not writable, and PyTorch does not support non-writable tensors. This means you can write to the underlying (supposedly non-writable) buffer using the tensor. You may want to copy the buffer to protect its data or make it writable before converting it to a tensor. This type of warning will be suppressed for the rest of this program. (Triggered internally at /__w/pytorch/pytorch/torch/csrc/utils/tensor_new.cpp:1556.)
  train_ids = torch.frombuffer(train_text.encode("utf-8", errors="ignore"), dtype=torch.uint8)
train bytes: 1,905,061,325  eval bytes: 405,730
model: mamba2  params: 98,124  device: cuda
step     1  train 5.7981  eval 5.2813  pmax 6.9  (8s)
step  1000  train 1.0337  eval 0.9910  pmax 6.8  (24s)
step  2000  train 0.9896  eval 0.9243  pmax 6.9  (39s)
step  3000  train 0.9710  eval 0.9297  pmax 6.9  (55s)
step  4000  train 0.9655  eval 0.8935  pmax 6.9  (71s)
step  5000  train 0.9614  eval 0.8659  pmax 6.9  (87s)
step  6000  train 0.9425  eval 0.8948  pmax 6.9  (102s)
step  7000  train 0.9268  eval 0.8657  pmax 6.9  (117s)
step  8000  train 0.9076  eval 0.8729  pmax 6.9  (133s)
step  9000  train 0.9453  eval 0.9197  pmax 7.0  (148s)
step 10000  train 0.9308  eval 0.8911  pmax 7.0  (164s)
step 11000  train 0.9252  eval 0.9135  pmax 7.0  (179s)
step 12000  train 0.9372  eval 0.9206  pmax 7.1  (194s)
step 13000  train 0.9251  eval 0.8306  pmax 7.1  (210s)
step 14000  train 0.9010  eval 0.9014  pmax 7.2  (225s)
step 15000  train 0.8910  eval 0.8247  pmax 7.2  (240s)
step 16000  train 0.8950  eval 0.8505  pmax 7.3  (256s)
step 17000  train 0.9187  eval 0.8712  pmax 7.3  (271s)
step 18000  train 0.8914  eval 0.8592  pmax 7.4  (287s)
step 19000  train 0.8944  eval 0.8555  pmax 7.4  (302s)
step 20000  train 0.9129  eval 0.8694  pmax 7.5  (318s)
step 21000  train 0.9134  eval 0.8385  pmax 7.5  (333s)
step 22000  train 0.8944  eval 0.8430  pmax 7.6  (349s)
step 23000  train 0.9157  eval 0.8439  pmax 7.6  (364s)
step 24000  train 0.8959  eval 0.8526  pmax 7.7  (380s)
step 25000  train 0.9130  eval 0.8545  pmax 7.7  (395s)
  [checkpoint + sample saved at step 25000]
step 26000  train 0.9033  eval 0.8698  pmax 7.7  (413s)
step 27000  train 0.8583  eval 0.8129  pmax 7.7  (429s)
step 28000  train 0.8874  eval 0.8563  pmax 7.8  (444s)
step 29000  train 0.8964  eval 0.8387  pmax 7.8  (459s)
step 30000  train 0.8649  eval 0.8199  pmax 7.8  (475s)
step 31000  train 0.9238  eval 0.8337  pmax 7.8  (490s)
step 32000  train 0.8969  eval 0.8370  pmax 7.9  (505s)
step 33000  train 0.8825  eval 0.8700  pmax 7.9  (521s)
step 34000  train 0.8800  eval 0.8199  pmax 7.9  (536s)
step 35000  train 0.8761  eval 0.8680  pmax 7.9  (551s)
step 36000  train 0.8954  eval 0.8364  pmax 7.9  (567s)
step 37000  train 0.8869  eval 0.8388  pmax 7.9  (582s)
step 38000  train 0.8751  eval 0.8527  pmax 8.0  (598s)
step 39000  train 0.8934  eval 0.8027  pmax 8.0  (613s)
step 40000  train 0.8667  eval 0.8843  pmax 8.0  (629s)
step 41000  train 0.8868  eval 0.8318  pmax 8.0  (644s)
step 42000  train 0.8631  eval 0.8334  pmax 8.0  (659s)
step 43000  train 0.8814  eval 0.8385  pmax 8.0  (675s)
step 44000  train 0.8959  eval 0.8142  pmax 8.0  (690s)
step 45000  train 0.8932  eval 0.8021  pmax 8.1  (706s)
step 46000  train 0.8873  eval 0.8406  pmax 8.1  (721s)
step 47000  train 0.8764  eval 0.8150  pmax 8.1  (736s)
step 48000  train 0.9134  eval 0.8437  pmax 8.1  (752s)
step 49000  train 0.8812  eval 0.8258  pmax 8.1  (767s)
step 50000  train 0.8749  eval 0.8542  pmax 8.2  (783s)
  [checkpoint + sample saved at step 50000]
step 51000  train 0.8710  eval 0.8371  pmax 8.2  (800s)
step 52000  train 0.8700  eval 0.7953  pmax 8.2  (816s)
step 53000  train 0.8844  eval 0.8453  pmax 8.2  (831s)
step 54000  train 0.8790  eval 0.8591  pmax 8.2  (847s)
step 55000  train 0.9077  eval 0.8405  pmax 8.2  (862s)
step 56000  train 0.8818  eval 0.8345  pmax 8.2  (878s)
step 57000  train 0.8957  eval 0.8432  pmax 8.3  (893s)
step 58000  train 0.8714  eval 0.8255  pmax 8.3  (909s)
step 59000  train 0.9212  eval 0.8470  pmax 8.3  (924s)
step 60000  train 0.8687  eval 0.8325  pmax 8.3  (940s)
step 61000  train 0.8460  eval 0.8150  pmax 8.3  (955s)
step 62000  train 0.8807  eval 0.8098  pmax 8.3  (970s)
step 63000  train 0.8831  eval 0.8481  pmax 8.3  (986s)
step 64000  train 0.8744  eval 0.8804  pmax 8.3  (1001s)
step 65000  train 0.8975  eval 0.8303  pmax 8.3  (1016s)
step 66000  train 0.8822  eval 0.8008  pmax 8.3  (1032s)
step 67000  train 0.9173  eval 0.8502  pmax 8.4  (1047s)
step 68000  train 0.8930  eval 0.8076  pmax 8.4  (1063s)
step 69000  train 0.8599  eval 0.8236  pmax 8.4  (1078s)
step 70000  train 0.9125  eval 0.8392  pmax 8.4  (1093s)
step 71000  train 0.8923  eval 0.8213  pmax 8.4  (1109s)
step 72000  train 0.8371  eval 0.8357  pmax 8.4  (1124s)
step 73000  train 0.8751  eval 0.8326  pmax 8.4  (1140s)
step 74000  train 0.8585  eval 0.8377  pmax 8.4  (1156s)
step 75000  train 0.8819  eval 0.8339  pmax 8.4  (1171s)
  [checkpoint + sample saved at step 75000]
step 76000  train 0.8714  eval 0.7961  pmax 8.4  (1189s)
step 77000  train 0.8910  eval 0.8372  pmax 8.5  (1205s)
step 78000  train 0.8742  eval 0.7962  pmax 8.5  (1220s)
step 79000  train 0.8987  eval 0.8317  pmax 8.5  (1235s)
step 80000  train 0.8620  eval 0.7994  pmax 8.5  (1251s)
step 81000  train 0.8624  eval 0.8142  pmax 8.5  (1266s)
step 82000  train 0.8821  eval 0.8392  pmax 8.5  (1282s)
step 83000  train 0.8660  eval 0.7917  pmax 8.5  (1297s)
step 84000  train 0.8737  eval 0.7968  pmax 8.5  (1312s)
step 85000  train 0.8548  eval 0.7869  pmax 8.5  (1328s)
step 86000  train 0.8586  eval 0.8200  pmax 8.5  (1343s)
step 87000  train 0.8689  eval 0.8209  pmax 8.5  (1358s)
step 88000  train 0.8762  eval 0.8183  pmax 8.5  (1374s)
step 89000  train 0.8660  eval 0.8112  pmax 8.6  (1389s)
step 90000  train 0.8459  eval 0.8117  pmax 8.6  (1404s)
step 91000  train 0.8255  eval 0.8034  pmax 8.6  (1420s)
step 92000  train 0.8570  eval 0.8042  pmax 8.6  (1435s)
step 93000  train 0.8579  eval 0.8502  pmax 8.6  (1451s)
step 94000  train 0.8664  eval 0.8055  pmax 8.6  (1467s)
step 95000  train 0.8589  eval 0.8627  pmax 8.6  (1482s)
step 96000  train 0.8475  eval 0.8074  pmax 8.6  (1497s)
step 97000  train 0.8569  eval 0.7837  pmax 8.6  (1513s)
step 98000  train 0.8655  eval 0.7953  pmax 8.6  (1528s)
step 99000  train 0.8773  eval 0.8271  pmax 8.6  (1543s)
step 100000  train 0.8618  eval 0.8258  pmax 8.6  (1559s)
  [checkpoint + sample saved at step 100000]
step 101000  train 0.8792  eval 0.8026  pmax 8.6  (1577s)
step 102000  train 0.8406  eval 0.7885  pmax 8.6  (1592s)
step 103000  train 0.8728  eval 0.8436  pmax 8.6  (1607s)
step 104000  train 0.8656  eval 0.7929  pmax 8.6  (1623s)
step 105000  train 0.8885  eval 0.8089  pmax 8.6  (1638s)
step 106000  train 0.8664  eval 0.8402  pmax 8.6  (1653s)
step 107000  train 0.8614  eval 0.8054  pmax 8.6  (1669s)
step 108000  train 0.8507  eval 0.8142  pmax 8.6  (1684s)
step 109000  train 0.8754  eval 0.7974  pmax 8.6  (1700s)
step 110000  train 0.8211  eval 0.8252  pmax 8.7  (1715s)
step 111000  train 0.8599  eval 0.8203  pmax 8.7  (1730s)
step 112000  train 0.8539  eval 0.8195  pmax 8.7  (1746s)
step 113000  train 0.8778  eval 0.8163  pmax 8.7  (1761s)
step 114000  train 0.8642  eval 0.8071  pmax 8.7  (1777s)
step 115000  train 0.8677  eval 0.8148  pmax 8.7  (1792s)
step 116000  train 0.8638  eval 0.8037  pmax 8.7  (1807s)
step 117000  train 0.8665  eval 0.7948  pmax 8.7  (1823s)
step 118000  train 0.8504  eval 0.8073  pmax 8.7  (1838s)
step 119000  train 0.8914  eval 0.8525  pmax 8.7  (1854s)
step 120000  train 0.8960  eval 0.7981  pmax 8.7  (1869s)
step 121000  train 0.8536  eval 0.8244  pmax 8.7  (1884s)
step 122000  train 0.8646  eval 0.7821  pmax 8.7  (1900s)
step 123000  train 0.8658  eval 0.7891  pmax 8.7  (1915s)
step 124000  train 0.8380  eval 0.7961  pmax 8.7  (1930s)
step 125000  train 0.8447  eval 0.8045  pmax 8.7  (1946s)
  [checkpoint + sample saved at step 125000]
step 126000  train 0.8920  eval 0.7838  pmax 8.7  (1963s)
step 127000  train 0.8445  eval 0.7925  pmax 8.7  (1979s)
step 128000  train 0.8727  eval 0.7955  pmax 8.7  (1994s)
step 129000  train 0.8544  eval 0.8274  pmax 8.7  (2010s)
step 130000  train 0.8908  eval 0.8335  pmax 8.7  (2025s)
step 131000  train 0.8575  eval 0.8155  pmax 8.7  (2041s)
step 132000  train 0.8636  eval 0.7893  pmax 8.7  (2056s)
step 133000  train 0.8508  eval 0.8014  pmax 8.8  (2072s)
step 134000  train 0.8433  eval 0.7884  pmax 8.8  (2087s)
step 135000  train 0.8672  eval 0.8168  pmax 8.8  (2102s)
step 136000  train 0.8768  eval 0.8225  pmax 8.8  (2118s)
step 137000  train 0.8549  eval 0.8423  pmax 8.8  (2133s)
step 138000  train 0.8718  eval 0.7978  pmax 8.8  (2148s)
step 139000  train 0.8456  eval 0.8150  pmax 8.8  (2164s)
step 140000  train 0.8726  eval 0.7903  pmax 8.8  (2179s)
step 141000  train 0.8480  eval 0.8147  pmax 8.8  (2194s)
step 142000  train 0.8636  eval 0.8208  pmax 8.8  (2210s)
step 143000  train 0.8507  eval 0.7901  pmax 8.8  (2225s)
step 144000  train 0.8584  eval 0.8168  pmax 8.8  (2241s)
step 145000  train 0.8571  eval 0.8183  pmax 8.8  (2256s)
step 146000  train 0.8567  eval 0.8348  pmax 8.8  (2271s)
step 147000  train 0.8421  eval 0.7952  pmax 8.9  (2287s)
step 148000  train 0.8707  eval 0.8315  pmax 8.9  (2302s)
step 149000  train 0.8846  eval 0.8182  pmax 8.9  (2318s)
step 150000  train 0.8460  eval 0.7911  pmax 8.9  (2333s)
  [checkpoint + sample saved at step 150000]
step 151000  train 0.8333  eval 0.8206  pmax 8.9  (2351s)
step 152000  train 0.8643  eval 0.7951  pmax 8.9  (2366s)
step 153000  train 0.8380  eval 0.7999  pmax 8.9  (2382s)
step 154000  train 0.8472  eval 0.7741  pmax 9.0  (2397s)
step 155000  train 0.8715  eval 0.7975  pmax 9.0  (2413s)
step 156000  train 0.8766  eval 0.7808  pmax 9.0  (2428s)
step 157000  train 0.8533  eval 0.8304  pmax 9.0  (2444s)
step 158000  train 0.8702  eval 0.8239  pmax 9.0  (2459s)
step 159000  train 0.8788  eval 0.7952  pmax 9.0  (2474s)
step 160000  train 0.8482  eval 0.8045  pmax 9.1  (2490s)
step 161000  train 0.8734  eval 0.8023  pmax 9.0  (2505s)
step 162000  train 0.8637  eval 0.7955  pmax 9.1  (2521s)
step 163000  train 0.8413  eval 0.7975  pmax 9.1  (2536s)
step 164000  train 0.8325  eval 0.8208  pmax 9.1  (2551s)
step 165000  train 0.8609  eval 0.8137  pmax 9.1  (2567s)
step 166000  train 0.8634  eval 0.8008  pmax 9.1  (2583s)
step 167000  train 0.8367  eval 0.8153  pmax 9.1  (2598s)
step 168000  train 0.8587  eval 0.7825  pmax 9.1  (2614s)
step 169000  train 0.8607  eval 0.7807  pmax 9.1  (2629s)
step 170000  train 0.8424  eval 0.8055  pmax 9.2  (2644s)
step 171000  train 0.8682  eval 0.8107  pmax 9.2  (2659s)
step 172000  train 0.8572  eval 0.7858  pmax 9.2  (2675s)
step 173000  train 0.8608  eval 0.7987  pmax 9.2  (2690s)
step 174000  train 0.8604  eval 0.8203  pmax 9.2  (2706s)
step 175000  train 0.8521  eval 0.7893  pmax 9.2  (2721s)
  [checkpoint + sample saved at step 175000]
step 176000  train 0.8607  eval 0.8263  pmax 9.2  (2739s)
step 177000  train 0.8279  eval 0.8084  pmax 9.2  (2755s)
step 178000  train 0.8485  eval 0.7793  pmax 9.3  (2770s)
step 179000  train 0.8417  eval 0.8151  pmax 9.3  (2786s)
step 180000  train 0.8441  eval 0.8090  pmax 9.3  (2801s)
step 181000  train 0.8602  eval 0.8152  pmax 9.3  (2816s)
step 182000  train 0.8811  eval 0.7981  pmax 9.3  (2832s)
step 183000  train 0.8483  eval 0.7710  pmax 9.3  (2847s)
step 184000  train 0.8472  eval 0.7745  pmax 9.3  (2863s)
step 185000  train 0.8510  eval 0.7705  pmax 9.3  (2879s)
step 186000  train 0.8612  eval 0.8007  pmax 9.3  (2894s)
step 187000  train 0.8616  eval 0.7974  pmax 9.3  (2910s)
step 188000  train 0.8413  eval 0.8030  pmax 9.3  (2925s)
step 189000  train 0.8450  eval 0.7910  pmax 9.4  (2941s)
step 190000  train 0.8531  eval 0.8269  pmax 9.4  (2956s)
step 191000  train 0.8307  eval 0.7976  pmax 9.4  (2971s)
step 192000  train 0.8571  eval 0.7802  pmax 9.4  (2987s)
step 193000  train 0.8479  eval 0.7712  pmax 9.4  (3002s)
step 194000  train 0.8650  eval 0.8141  pmax 9.4  (3018s)
step 195000  train 0.8519  eval 0.7690  pmax 9.4  (3033s)
step 196000  train 0.8390  eval 0.7869  pmax 9.4  (3048s)
step 197000  train 0.8470  eval 0.7838  pmax 9.4  (3064s)
step 198000  train 0.8704  eval 0.7951  pmax 9.4  (3079s)
step 199000  train 0.8552  eval 0.7836  pmax 9.4  (3094s)
step 200000  train 0.8397  eval 0.8036  pmax 9.4  (3110s)
  [checkpoint + sample saved at step 200000]
step 201000  train 0.8237  eval 0.8093  pmax 9.4  (3128s)
step 202000  train 0.8330  eval 0.7795  pmax 9.4  (3143s)
step 203000  train 0.8323  eval 0.7669  pmax 9.5  (3159s)
step 204000  train 0.8322  eval 0.8170  pmax 9.5  (3174s)
step 205000  train 0.8808  eval 0.7887  pmax 9.5  (3189s)
step 206000  train 0.8457  eval 0.8122  pmax 9.5  (3205s)
step 207000  train 0.7935  eval 0.7928  pmax 9.5  (3220s)
step 208000  train 0.8450  eval 0.8116  pmax 9.5  (3235s)
step 209000  train 0.8531  eval 0.8104  pmax 9.5  (3251s)
step 210000  train 0.8540  eval 0.8044  pmax 9.5  (3266s)
step 211000  train 0.8652  eval 0.8082  pmax 9.5  (3281s)
step 212000  train 0.8352  eval 0.8114  pmax 9.5  (3297s)
step 213000  train 0.8349  eval 0.7875  pmax 9.5  (3312s)
step 214000  train 0.8470  eval 0.7818  pmax 9.5  (3328s)
step 215000  train 0.7985  eval 0.7905  pmax 9.5  (3343s)
step 216000  train 0.8482  eval 0.7821  pmax 9.5  (3359s)
step 217000  train 0.8389  eval 0.7895  pmax 9.6  (3374s)
step 218000  train 0.8338  eval 0.7960  pmax 9.6  (3389s)
step 219000  train 0.8525  eval 0.7872  pmax 9.6  (3405s)
step 220000  train 0.8566  eval 0.8113  pmax 9.6  (3420s)
step 221000  train 0.8107  eval 0.8027  pmax 9.6  (3435s)
step 222000  train 0.8266  eval 0.8017  pmax 9.6  (3451s)
step 223000  train 0.8238  eval 0.8335  pmax 9.6  (3466s)
step 224000  train 0.8365  eval 0.7977  pmax 9.6  (3481s)
step 225000  train 0.8487  eval 0.8425  pmax 9.6  (3497s)
  [checkpoint + sample saved at step 225000]
step 226000  train 0.8272  eval 0.7743  pmax 9.6  (3515s)
step 227000  train 0.8586  eval 0.8109  pmax 9.6  (3531s)
step 228000  train 0.8565  eval 0.8142  pmax 9.6  (3546s)
step 229000  train 0.8560  eval 0.7952  pmax 9.6  (3561s)
step 230000  train 0.8415  eval 0.7502  pmax 9.6  (3577s)
step 231000  train 0.8286  eval 0.8203  pmax 9.6  (3592s)
step 232000  train 0.8119  eval 0.8354  pmax 9.6  (3608s)
step 233000  train 0.8629  eval 0.7972  pmax 9.6  (3623s)
step 234000  train 0.8222  eval 0.7971  pmax 9.6  (3638s)
step 235000  train 0.8401  eval 0.8177  pmax 9.6  (3654s)
step 236000  train 0.8227  eval 0.8157  pmax 9.6  (3669s)
step 237000  train 0.8312  eval 0.8100  pmax 9.6  (3685s)
step 238000  train 0.8455  eval 0.7735  pmax 9.6  (3700s)
step 239000  train 0.8513  eval 0.7907  pmax 9.6  (3715s)
step 240000  train 0.8699  eval 0.7752  pmax 9.6  (3731s)
step 241000  train 0.8269  eval 0.8070  pmax 9.6  (3747s)
step 242000  train 0.8363  eval 0.7675  pmax 9.6  (3762s)
step 243000  train 0.8690  eval 0.7967  pmax 9.6  (3778s)
step 244000  train 0.8276  eval 0.7772  pmax 9.6  (3794s)
step 245000  train 0.8194  eval 0.8005  pmax 9.7  (3809s)
step 246000  train 0.8283  eval 0.8154  pmax 9.7  (3825s)
step 247000  train 0.8463  eval 0.8104  pmax 9.7  (3841s)
step 248000  train 0.8569  eval 0.8032  pmax 9.7  (3856s)
step 249000  train 0.8236  eval 0.7592  pmax 9.7  (3872s)
step 250000  train 0.8452  eval 0.7891  pmax 9.7  (3887s)
  [checkpoint + sample saved at step 250000]
step 251000  train 0.8362  eval 0.7989  pmax 9.7  (3905s)
step 252000  train 0.8077  eval 0.7940  pmax 9.7  (3921s)
step 253000  train 0.8596  eval 0.7874  pmax 9.7  (3937s)
step 254000  train 0.8485  eval 0.7898  pmax 9.7  (3952s)
step 255000  train 0.8507  eval 0.7947  pmax 9.7  (3967s)
step 256000  train 0.8632  eval 0.7957  pmax 9.7  (3983s)
step 257000  train 0.8778  eval 0.7709  pmax 9.7  (3999s)
step 258000  train 0.8424  eval 0.7904  pmax 9.7  (4014s)
step 259000  train 0.8219  eval 0.7659  pmax 9.7  (4030s)
step 260000  train 0.8497  eval 0.7869  pmax 9.7  (4045s)
step 261000  train 0.8710  eval 0.7873  pmax 9.7  (4061s)
step 262000  train 0.8257  eval 0.7755  pmax 9.7  (4076s)
step 263000  train 0.8612  eval 0.8116  pmax 9.7  (4091s)
step 264000  train 0.8230  eval 0.7835  pmax 9.7  (4107s)
step 265000  train 0.8267  eval 0.7876  pmax 9.7  (4122s)
step 266000  train 0.8537  eval 0.7982  pmax 9.7  (4137s)
step 267000  train 0.8718  eval 0.7887  pmax 9.7  (4153s)
step 268000  train 0.8446  eval 0.7801  pmax 9.7  (4168s)
step 269000  train 0.8487  eval 0.7892  pmax 9.7  (4183s)
step 270000  train 0.8469  eval 0.8021  pmax 9.7  (4199s)
step 271000  train 0.8466  eval 0.7787  pmax 9.7  (4214s)
step 272000  train 0.8492  eval 0.7719  pmax 9.7  (4230s)
step 273000  train 0.8127  eval 0.7982  pmax 9.7  (4245s)
step 274000  train 0.8599  eval 0.7701  pmax 9.7  (4261s)
step 275000  train 0.8410  eval 0.7645  pmax 9.7  (4276s)
  [checkpoint + sample saved at step 275000]
step 276000  train 0.8552  eval 0.7953  pmax 9.7  (4294s)
step 277000  train 0.8703  eval 0.7877  pmax 9.7  (4310s)
step 278000  train 0.8465  eval 0.7834  pmax 9.7  (4326s)
step 279000  train 0.8139  eval 0.7752  pmax 9.7  (4341s)
step 280000  train 0.8306  eval 0.7883  pmax 9.7  (4356s)
step 281000  train 0.8302  eval 0.8189  pmax 9.7  (4372s)
step 282000  train 0.8219  eval 0.7921  pmax 9.7  (4387s)
step 283000  train 0.8532  eval 0.7905  pmax 9.7  (4403s)
step 284000  train 0.8416  eval 0.7935  pmax 9.7  (4418s)
step 285000  train 0.8074  eval 0.7698  pmax 9.7  (4433s)
step 286000  train 0.8369  eval 0.7766  pmax 9.7  (4449s)
step 287000  train 0.8421  eval 0.7906  pmax 9.7  (4464s)
step 288000  train 0.8340  eval 0.7557  pmax 9.7  (4479s)
step 289000  train 0.8526  eval 0.7712  pmax 9.7  (4495s)
step 290000  train 0.8339  eval 0.8120  pmax 9.7  (4510s)
step 291000  train 0.8507  eval 0.7964  pmax 9.7  (4526s)
step 292000  train 0.8217  eval 0.7582  pmax 9.7  (4541s)
step 293000  train 0.8373  eval 0.7756  pmax 9.7  (4557s)
step 294000  train 0.8461  eval 0.7914  pmax 9.7  (4572s)
step 295000  train 0.8475  eval 0.7966  pmax 9.7  (4588s)
step 296000  train 0.8495  eval 0.8203  pmax 9.7  (4603s)
step 297000  train 0.8577  eval 0.7957  pmax 9.7  (4619s)
step 298000  train 0.8199  eval 0.7911  pmax 9.7  (4634s)
step 299000  train 0.8541  eval 0.7984  pmax 9.7  (4650s)
step 300000  train 0.7963  eval 0.7879  pmax 9.7  (4665s)
  [checkpoint + sample saved at step 300000]
done. artifacts in /home/luke/Wavelet-State-KAN/checkpoints/mamba2_tinystories_100k_3ep_s123
