/home/luke/Wavelet-State-KAN/experiments/V1_train_tinystories_lm.py:107: UserWarning: The given buffer is not writable, and PyTorch does not support non-writable tensors. This means you can write to the underlying (supposedly non-writable) buffer using the tensor. You may want to copy the buffer to protect its data or make it writable before converting it to a tensor. This type of warning will be suppressed for the rest of this program. (Triggered internally at /__w/pytorch/pytorch/torch/csrc/utils/tensor_new.cpp:1556.)
  train_ids = torch.frombuffer(train_text.encode("utf-8", errors="ignore"), dtype=torch.uint8)
train bytes: 1,905,061,325  eval bytes: 405,730
model: mamba2  params: 929,840  device: cuda
step     1  train 6.7368  eval 4.7602  pmax 6.8  (7s)
step  1000  train 0.9305  eval 0.9298  pmax 6.8  (135s)
step  2000  train 0.9220  eval 0.8576  pmax 6.9  (263s)
step  3000  train 0.8705  eval 0.8227  pmax 7.0  (392s)
step  4000  train 0.8953  eval 0.7981  pmax 7.0  (520s)
step  5000  train 0.8298  eval 0.8043  pmax 7.1  (649s)
step  6000  train 0.8255  eval 0.7711  pmax 7.2  (777s)
step  7000  train 0.7899  eval 0.7527  pmax 7.2  (906s)
step  8000  train 0.8325  eval 0.7639  pmax 7.2  (1034s)
step  9000  train 0.8001  eval 0.7396  pmax 7.2  (1163s)
step 10000  train 0.8052  eval 0.7610  pmax 7.3  (1291s)
  [checkpoint + sample saved at step 10000]
step 11000  train 0.8108  eval 0.7354  pmax 7.3  (1421s)
step 12000  train 0.8373  eval 0.7310  pmax 7.3  (1550s)
step 13000  train 0.7913  eval 0.7432  pmax 7.3  (1678s)
step 14000  train 0.7952  eval 0.7372  pmax 7.3  (1806s)
step 15000  train 0.8356  eval 0.7736  pmax 7.3  (1935s)
step 16000  train 0.8001  eval 0.7273  pmax 7.3  (2063s)
step 17000  train 0.7985  eval 0.7537  pmax 7.3  (2192s)
step 18000  train 0.7454  eval 0.7527  pmax 7.3  (2320s)
step 19000  train 0.8007  eval 0.7398  pmax 7.3  (2449s)
step 20000  train 0.7847  eval 0.7237  pmax 7.4  (2577s)
  [checkpoint + sample saved at step 20000]
step 21000  train 0.7788  eval 0.7249  pmax 7.4  (2707s)
step 22000  train 0.7811  eval 0.7505  pmax 7.4  (2835s)
step 23000  train 0.8086  eval 0.7031  pmax 7.4  (2964s)
step 24000  train 0.7605  eval 0.6772  pmax 7.4  (3092s)
step 25000  train 0.7447  eval 0.7216  pmax 7.4  (3221s)
step 26000  train 0.7672  eval 0.7498  pmax 7.4  (3349s)
step 27000  train 0.7330  eval 0.7170  pmax 7.4  (3478s)
step 28000  train 0.8232  eval 0.6927  pmax 7.4  (3606s)
step 29000  train 0.7853  eval 0.6968  pmax 7.4  (3734s)
step 30000  train 0.7734  eval 0.7221  pmax 7.4  (3863s)
  [checkpoint + sample saved at step 30000]
step 31000  train 0.7613  eval 0.7222  pmax 7.4  (3992s)
step 32000  train 0.7813  eval 0.7062  pmax 7.4  (4121s)
step 33000  train 0.7581  eval 0.7016  pmax 7.3  (4249s)
step 34000  train 0.7878  eval 0.7055  pmax 7.3  (4378s)
step 35000  train 0.7320  eval 0.7034  pmax 7.3  (4506s)
step 36000  train 0.7502  eval 0.6855  pmax 7.3  (4635s)
step 37000  train 0.7715  eval 0.6970  pmax 7.3  (4763s)
step 38000  train 0.7551  eval 0.7035  pmax 7.3  (4892s)
step 39000  train 0.7473  eval 0.6997  pmax 7.3  (5020s)
step 40000  train 0.7676  eval 0.6936  pmax 7.3  (5148s)
  [checkpoint + sample saved at step 40000]
step 41000  train 0.7459  eval 0.7422  pmax 7.3  (5278s)
step 42000  train 0.7200  eval 0.7282  pmax 7.3  (5406s)
step 43000  train 0.7477  eval 0.6949  pmax 7.3  (5534s)
step 44000  train 0.7771  eval 0.6817  pmax 7.3  (5663s)
step 45000  train 0.7482  eval 0.7089  pmax 7.3  (5791s)
step 46000  train 0.7468  eval 0.6978  pmax 7.3  (5919s)
step 47000  train 0.7408  eval 0.7086  pmax 7.3  (6048s)
step 48000  train 0.7531  eval 0.6879  pmax 7.3  (6176s)
step 49000  train 0.7461  eval 0.7108  pmax 7.3  (6304s)
step 50000  train 0.7521  eval 0.6952  pmax 7.3  (6433s)
  [checkpoint + sample saved at step 50000]
step 51000  train 0.7166  eval 0.6990  pmax 7.3  (6562s)
step 52000  train 0.7325  eval 0.7202  pmax 7.3  (6691s)
step 53000  train 0.7637  eval 0.6948  pmax 7.3  (6819s)
step 54000  train 0.7287  eval 0.6993  pmax 7.3  (6947s)
step 55000  train 0.7212  eval 0.7151  pmax 7.3  (7075s)
step 56000  train 0.7481  eval 0.6531  pmax 7.3  (7204s)
step 57000  train 0.7248  eval 0.7163  pmax 7.3  (7332s)
step 58000  train 0.7463  eval 0.6920  pmax 7.3  (7460s)
step 59000  train 0.7458  eval 0.6848  pmax 7.3  (7588s)
step 60000  train 0.7398  eval 0.6990  pmax 7.3  (7717s)
  [checkpoint + sample saved at step 60000]
step 61000  train 0.7410  eval 0.6836  pmax 7.3  (7846s)
step 62000  train 0.7458  eval 0.6730  pmax 7.3  (7974s)
step 63000  train 0.7426  eval 0.6766  pmax 7.3  (8103s)
step 64000  train 0.7503  eval 0.6737  pmax 7.3  (8231s)
step 65000  train 0.7206  eval 0.6978  pmax 7.3  (8359s)
step 66000  train 0.7320  eval 0.6938  pmax 7.3  (8487s)
step 67000  train 0.7310  eval 0.6851  pmax 7.3  (8616s)
step 68000  train 0.7235  eval 0.6725  pmax 7.3  (8744s)
step 69000  train 0.7304  eval 0.7100  pmax 7.3  (8872s)
step 70000  train 0.7460  eval 0.6698  pmax 7.3  (9000s)
  [checkpoint + sample saved at step 70000]
step 71000  train 0.7522  eval 0.6653  pmax 7.3  (9130s)
step 72000  train 0.7497  eval 0.6791  pmax 7.3  (9258s)
step 73000  train 0.7266  eval 0.6908  pmax 7.3  (9387s)
step 74000  train 0.7226  eval 0.6752  pmax 7.3  (9515s)
step 75000  train 0.7389  eval 0.6661  pmax 7.3  (9643s)
step 76000  train 0.7092  eval 0.6791  pmax 7.3  (9772s)
step 77000  train 0.7086  eval 0.6667  pmax 7.3  (9900s)
step 78000  train 0.7099  eval 0.7007  pmax 7.3  (10028s)
step 79000  train 0.7481  eval 0.6540  pmax 7.3  (10157s)
step 80000  train 0.7251  eval 0.6888  pmax 7.3  (10285s)
  [checkpoint + sample saved at step 80000]
step 81000  train 0.7287  eval 0.6868  pmax 7.3  (10415s)
step 82000  train 0.7220  eval 0.6922  pmax 7.3  (10543s)
step 83000  train 0.7054  eval 0.6862  pmax 7.3  (10672s)
step 84000  train 0.7339  eval 0.6514  pmax 7.3  (10800s)
step 85000  train 0.7172  eval 0.6664  pmax 7.3  (10928s)
step 86000  train 0.7038  eval 0.6532  pmax 7.3  (11057s)
step 87000  train 0.7542  eval 0.6847  pmax 7.3  (11185s)
step 88000  train 0.7645  eval 0.6861  pmax 7.3  (11314s)
step 89000  train 0.7131  eval 0.6925  pmax 7.3  (11443s)
step 90000  train 0.7376  eval 0.6603  pmax 7.3  (11571s)
  [checkpoint + sample saved at step 90000]
step 91000  train 0.7176  eval 0.7019  pmax 7.3  (11702s)
step 92000  train 0.7206  eval 0.6740  pmax 7.3  (11830s)
step 93000  train 0.6919  eval 0.6724  pmax 7.3  (11959s)
step 94000  train 0.7282  eval 0.6598  pmax 7.3  (12088s)
step 95000  train 0.7385  eval 0.6789  pmax 7.3  (12217s)
step 96000  train 0.7363  eval 0.6453  pmax 7.3  (12346s)
step 97000  train 0.7292  eval 0.7123  pmax 7.3  (12475s)
step 98000  train 0.7032  eval 0.6788  pmax 7.3  (12603s)
step 99000  train 0.7433  eval 0.6832  pmax 7.3  (12732s)
step 100000  train 0.7494  eval 0.6350  pmax 7.3  (12861s)
  [checkpoint + sample saved at step 100000]
done. artifacts in /home/luke/Wavelet-State-KAN/checkpoints/mamba2_tinystories_1m_3ep_s2024
