/home/luke/Wavelet-State-KAN/experiments/V1_train_tinystories_lm.py:107: UserWarning: The given buffer is not writable, and PyTorch does not support non-writable tensors. This means you can write to the underlying (supposedly non-writable) buffer using the tensor. You may want to copy the buffer to protect its data or make it writable before converting it to a tensor. This type of warning will be suppressed for the rest of this program. (Triggered internally at /__w/pytorch/pytorch/torch/csrc/utils/tensor_new.cpp:1556.)
  train_ids = torch.frombuffer(train_text.encode("utf-8", errors="ignore"), dtype=torch.uint8)
train bytes: 542,898,247  eval bytes: 130,357
model: mamba2  params: 10,466  device: cuda
step     1  train 5.6593  eval 5.5799  pmax 6.9  (1s)
step  1000  train 1.9517  eval 1.9055  pmax 6.5  (45s)
step  2000  train 1.8859  eval 1.8603  pmax 6.3  (89s)
step  3000  train 1.8751  eval 1.8678  pmax 6.1  (132s)
step  4000  train 1.8452  eval 1.8573  pmax 6.0  (175s)
step  5000  train 1.8047  eval 1.8073  pmax 5.9  (220s)
step  6000  train 1.8882  eval 1.8499  pmax 5.9  (264s)
step  7000  train 1.8443  eval 1.8860  pmax 5.8  (309s)
step  8000  train 1.8158  eval 1.8291  pmax 5.7  (350s)
step  9000  train 1.7896  eval 1.8029  pmax 5.5  (394s)
step 10000  train 1.8333  eval 1.8081  pmax 5.5  (437s)
step 11000  train 1.8013  eval 1.8297  pmax 5.4  (480s)
step 12000  train 1.8412  eval 1.8089  pmax 5.3  (525s)
step 13000  train 1.7904  eval 1.8217  pmax 5.3  (568s)
step 14000  train 1.7916  eval 1.8258  pmax 5.2  (613s)
step 15000  train 1.7930  eval 1.8020  pmax 5.2  (655s)
step 16000  train 1.8443  eval 1.8189  pmax 5.2  (701s)
step 17000  train 1.7934  eval 1.8365  pmax 5.2  (743s)
step 18000  train 1.8181  eval 1.7729  pmax 5.1  (787s)
step 19000  train 1.7977  eval 1.8432  pmax 5.1  (830s)
step 20000  train 1.8076  eval 1.8036  pmax 5.1  (875s)
step 21000  train 1.8202  eval 1.7999  pmax 5.1  (919s)
step 22000  train 1.8061  eval 1.7755  pmax 5.1  (962s)
step 23000  train 1.8433  eval 1.8092  pmax 5.1  (1002s)
step 24000  train 1.7786  eval 1.8231  pmax 5.1  (1047s)
step 25000  train 1.8273  eval 1.8256  pmax 5.1  (1091s)
  [checkpoint + sample saved at step 25000]
step 26000  train 1.7975  eval 1.8063  pmax 5.0  (1136s)
step 27000  train 1.8137  eval 1.7914  pmax 5.0  (1180s)
step 28000  train 1.7747  eval 1.7763  pmax 5.0  (1224s)
step 29000  train 1.7850  eval 1.8310  pmax 5.0  (1268s)
step 30000  train 1.8261  eval 1.7909  pmax 5.0  (1313s)
step 31000  train 1.8229  eval 1.7857  pmax 5.0  (1357s)
step 32000  train 1.7993  eval 1.7808  pmax 5.0  (1402s)
step 33000  train 1.7984  eval 1.8039  pmax 5.0  (1444s)
step 34000  train 1.8089  eval 1.7895  pmax 5.0  (1489s)
step 35000  train 1.7948  eval 1.7761  pmax 5.0  (1533s)
step 36000  train 1.7767  eval 1.7998  pmax 5.0  (1578s)
step 37000  train 1.7474  eval 1.7783  pmax 5.0  (1621s)
step 38000  train 1.7520  eval 1.7775  pmax 5.0  (1663s)
step 39000  train 1.7936  eval 1.7882  pmax 5.0  (1707s)
step 40000  train 1.7705  eval 1.7940  pmax 5.0  (1751s)
step 41000  train 1.8058  eval 1.7828  pmax 5.0  (1794s)
step 42000  train 1.7616  eval 1.8090  pmax 5.0  (1838s)
step 43000  train 1.8043  eval 1.7569  pmax 5.0  (1882s)
step 44000  train 1.7839  eval 1.8072  pmax 5.0  (1925s)
step 45000  train 1.7697  eval 1.7751  pmax 5.0  (1969s)
step 46000  train 1.7576  eval 1.8212  pmax 5.0  (2012s)
step 47000  train 1.7942  eval 1.7397  pmax 5.0  (2056s)
step 48000  train 1.7752  eval 1.7588  pmax 5.0  (2100s)
step 49000  train 1.7549  eval 1.7760  pmax 5.0  (2142s)
step 50000  train 1.7950  eval 1.7715  pmax 5.0  (2187s)
  [checkpoint + sample saved at step 50000]
done. artifacts in /home/luke/Wavelet-State-KAN/checkpoints/mamba2_wikitext_10k_3ep_s7
