/home/luke/Wavelet-State-KAN/experiments/V1_train_tinystories_lm.py:107: UserWarning: The given buffer is not writable, and PyTorch does not support non-writable tensors. This means you can write to the underlying (supposedly non-writable) buffer using the tensor. You may want to copy the buffer to protect its data or make it writable before converting it to a tensor. This type of warning will be suppressed for the rest of this program. (Triggered internally at /__w/pytorch/pytorch/torch/csrc/utils/tensor_new.cpp:1556.)
  train_ids = torch.frombuffer(train_text.encode("utf-8", errors="ignore"), dtype=torch.uint8)
train bytes: 1,195,926,439  eval bytes: 2,859,070
model: mamba2  params: 10,055,200  device: cuda
W0919 04:01:27.972000 2237159 .venv/lib/python3.12/site-packages/torch/_inductor/utils.py:1806] [0/0] Not enough SMs to use max_autotune_gemm mode
step     1  train 8.2268  eval 11.0890  pmax 6.7  (98s)
step  1000  train 1.0844  eval 1.0979  pmax 6.8  (1923s)
step  2000  train 1.0056  eval 0.9807  pmax 6.8  (3751s)
step  3000  train 0.9872  eval 0.9581  pmax 6.8  (5579s)
step  4000  train 0.8924  eval 0.9180  pmax 6.8  (7406s)
step  5000  train 0.9305  eval 0.8937  pmax 6.8  (9233s)
  [checkpoint + sample saved at step 5000]
step  6000  train 0.8939  eval 0.9170  pmax 6.8  (11063s)
step  7000  train 0.8482  eval 0.8602  pmax 6.8  (12888s)
step  8000  train 0.8613  eval 0.8876  pmax 6.9  (14715s)
step  9000  train 0.8272  eval 0.8503  pmax 6.9  (16544s)
step 10000  train 0.8671  eval 0.7885  pmax 6.9  (18374s)
  [checkpoint + sample saved at step 10000]
step 11000  train 0.8070  eval 0.8665  pmax 6.9  (20210s)
step 12000  train 0.8362  eval 0.7988  pmax 6.9  (22040s)
step 13000  train 0.8104  eval 0.7629  pmax 6.9  (23872s)
step 14000  train 0.7915  eval 0.8267  pmax 6.9  (25706s)
step 15000  train 0.7516  eval 0.7738  pmax 6.9  (27536s)
  [checkpoint + sample saved at step 15000]
step 16000  train 0.7594  eval 0.7753  pmax 6.9  (29375s)
step 17000  train 0.8082  eval 0.8546  pmax 6.9  (31213s)
step 18000  train 0.8253  eval 0.7985  pmax 6.9  (33055s)
step 19000  train 0.7905  eval 0.8252  pmax 6.9  (34902s)
step 20000  train 0.7850  eval 0.7647  pmax 6.9  (36750s)
  [checkpoint + sample saved at step 20000]
step 21000  train 0.7521  eval 0.7974  pmax 6.9  (38614s)
step 22000  train 0.7807  eval 0.7998  pmax 6.9  (40467s)
step 23000  train 0.7500  eval 0.7545  pmax 6.9  (42309s)
step 24000  train 0.7508  eval 0.7592  pmax 6.9  (44157s)
step 25000  train 0.7550  eval 0.7764  pmax 6.9  (46023s)
  [checkpoint + sample saved at step 25000]
step 26000  train 0.7950  eval 0.7729  pmax 6.9  (47879s)
step 27000  train 0.7209  eval 0.7498  pmax 6.9  (49726s)
step 28000  train 0.7523  eval 0.7579  pmax 6.9  (51572s)
step 29000  train 0.6986  eval 0.7794  pmax 6.9  (53416s)
step 30000  train 0.7515  eval 0.7827  pmax 6.9  (55259s)
  [checkpoint + sample saved at step 30000]
step 31000  train 0.7543  eval 0.7272  pmax 6.9  (57108s)
step 32000  train 0.7219  eval 0.7787  pmax 6.9  (58952s)
step 33000  train 0.7456  eval 0.7248  pmax 6.9  (60791s)
step 34000  train 0.7631  eval 0.7396  pmax 6.9  (62629s)
step 35000  train 0.7805  eval 0.7529  pmax 6.9  (64467s)
  [checkpoint + sample saved at step 35000]
step 36000  train 0.6992  eval 0.7491  pmax 6.9  (66312s)
  [checkpoint + sample saved at step 36000]
done. artifacts in /home/luke/Wavelet-State-KAN/checkpoints/mamba2_ultrachat_10m_3ep_s31337
