/home/luke/Wavelet-State-KAN/experiments/V1_train_tinystories_lm.py:107: UserWarning: The given buffer is not writable, and PyTorch does not support non-writable tensors. This means you can write to the underlying (supposedly non-writable) buffer using the tensor. You may want to copy the buffer to protect its data or make it writable before converting it to a tensor. This type of warning will be suppressed for the rest of this program. (Triggered internally at /__w/pytorch/pytorch/torch/csrc/utils/tensor_new.cpp:1556.)
  train_ids = torch.frombuffer(train_text.encode("utf-8", errors="ignore"), dtype=torch.uint8)
train bytes: 1,195,926,439  eval bytes: 2,859,070
model: mamba2  params: 2,774  device: cuda
step     1  train 5.5533  eval 5.5295  pmax 4.4  (1s)
step  1000  train 2.3392  eval 2.3227  pmax 2.1  (22s)
step  2000  train 2.2992  eval 2.2644  pmax 2.3  (42s)
step  3000  train 2.2819  eval 2.2728  pmax 2.6  (63s)
step  4000  train 2.2639  eval 2.2485  pmax 2.8  (84s)
step  5000  train 2.2555  eval 2.2268  pmax 3.0  (105s)
step  6000  train 2.2990  eval 2.2711  pmax 3.2  (125s)
step  7000  train 2.2479  eval 2.2804  pmax 3.3  (146s)
step  8000  train 2.2254  eval 2.2721  pmax 3.5  (167s)
step  9000  train 2.2575  eval 2.2306  pmax 3.6  (188s)
step 10000  train 2.2425  eval 2.2293  pmax 3.7  (208s)
step 11000  train 2.2355  eval 2.2205  pmax 3.8  (228s)
step 12000  train 2.2387  eval 2.2361  pmax 3.9  (249s)
step 13000  train 2.2478  eval 2.2628  pmax 4.0  (270s)
step 14000  train 2.3120  eval 2.2292  pmax 4.1  (291s)
step 15000  train 2.2099  eval 2.1817  pmax 4.1  (313s)
step 16000  train 2.2328  eval 2.2646  pmax 4.2  (334s)
step 17000  train 2.2504  eval 2.2362  pmax 4.2  (354s)
step 18000  train 2.2089  eval 2.2730  pmax 4.3  (374s)
step 19000  train 2.2173  eval 2.2819  pmax 4.3  (395s)
step 20000  train 2.2357  eval 2.2493  pmax 4.4  (415s)
step 21000  train 2.2363  eval 2.3002  pmax 4.4  (436s)
step 22000  train 2.2190  eval 2.2334  pmax 4.4  (457s)
step 23000  train 2.2582  eval 2.2340  pmax 4.5  (477s)
step 24000  train 2.2235  eval 2.2003  pmax 4.5  (498s)
step 25000  train 2.2782  eval 2.2414  pmax 4.6  (519s)
  [checkpoint + sample saved at step 25000]
step 26000  train 2.2123  eval 2.2460  pmax 4.6  (541s)
step 27000  train 2.2290  eval 2.2406  pmax 4.6  (563s)
step 28000  train 2.1984  eval 2.2212  pmax 4.6  (583s)
step 29000  train 2.2581  eval 2.2428  pmax 4.6  (604s)
step 30000  train 2.2369  eval 2.2324  pmax 4.6  (624s)
step 31000  train 2.2314  eval 2.2283  pmax 4.7  (645s)
step 32000  train 2.2241  eval 2.2019  pmax 4.7  (666s)
step 33000  train 2.2164  eval 2.1715  pmax 4.7  (687s)
step 34000  train 2.1969  eval 2.2207  pmax 4.7  (707s)
step 35000  train 2.2191  eval 2.2633  pmax 4.7  (728s)
step 36000  train 2.2381  eval 2.1947  pmax 4.7  (748s)
  [checkpoint + sample saved at step 36000]
done. artifacts in /home/luke/Wavelet-State-KAN/checkpoints/mamba2_ultrachat_1k_3ep_s31337
