train bytes: 180,723,994  eval bytes: 405,730
model: mamba2  params: 10,466  device: cuda
step     1  train 5.6232  eval 5.5463  pmax 6.7  (1s)
step  1000  train 1.4824  eval 1.4804  pmax 7.0  (44s)
step  2000  train 1.4241  eval 1.3959  pmax 7.4  (87s)
step  3000  train 1.4071  eval 1.3895  pmax 7.7  (130s)
step  4000  train 1.3718  eval 1.3439  pmax 7.9  (174s)
step  5000  train 1.3928  eval 1.3859  pmax 8.2  (214s)
step  6000  train 1.3904  eval 1.3610  pmax 8.3  (258s)
step  7000  train 1.3895  eval 1.3003  pmax 8.5  (304s)
step  8000  train 1.3890  eval 1.3708  pmax 8.1  (350s)
step  9000  train 1.3946  eval 1.3152  pmax 8.0  (395s)
step 10000  train 1.3445  eval 1.2960  pmax 8.0  (439s)
step 11000  train 1.3659  eval 1.3755  pmax 8.0  (483s)
step 12000  train 1.3871  eval 1.3341  pmax 8.0  (527s)
step 13000  train 1.3866  eval 1.3155  pmax 8.0  (572s)
step 14000  train 1.3181  eval 1.2820  pmax 8.0  (618s)
step 15000  train 1.3656  eval 1.3223  pmax 7.9  (660s)
step 16000  train 1.2928  eval 1.3098  pmax 7.9  (704s)
step 17000  train 1.3529  eval 1.2915  pmax 7.9  (747s)
step 18000  train 1.3191  eval 1.3374  pmax 7.8  (793s)
step 19000  train 1.3570  eval 1.2214  pmax 7.8  (836s)
step 20000  train 1.3446  eval 1.3418  pmax 7.9  (882s)
  [checkpoint + sample saved at step 20000]
done. artifacts in /home/luke/Wavelet-State-KAN/checkpoints/mamba2_tinystories_10k_s42
