/home/luke/Wavelet-State-KAN/experiments/V1_train_tinystories_lm.py:107: UserWarning: The given buffer is not writable, and PyTorch does not support non-writable tensors. This means you can write to the underlying (supposedly non-writable) buffer using the tensor. You may want to copy the buffer to protect its data or make it writable before converting it to a tensor. This type of warning will be suppressed for the rest of this program. (Triggered internally at /__w/pytorch/pytorch/torch/csrc/utils/tensor_new.cpp:1556.)
  train_ids = torch.frombuffer(train_text.encode("utf-8", errors="ignore"), dtype=torch.uint8)
train bytes: 1,905,061,325  eval bytes: 405,730
model: mamba2  params: 98,124  device: cuda
step     1  train 5.7740  eval 5.2712  pmax 6.9  (9s)
step  1000  train 1.0718  eval 1.0108  pmax 6.8  (25s)
step  2000  train 1.0272  eval 0.9812  pmax 6.8  (41s)
step  3000  train 0.9698  eval 0.9452  pmax 6.9  (57s)
step  4000  train 0.9744  eval 0.9630  pmax 6.9  (73s)
step  5000  train 0.9231  eval 0.9270  pmax 6.9  (89s)
step  6000  train 0.9431  eval 0.8937  pmax 6.9  (104s)
step  7000  train 0.9450  eval 0.8888  pmax 6.9  (120s)
step  8000  train 0.9385  eval 0.8941  pmax 6.9  (135s)
step  9000  train 0.9601  eval 0.8567  pmax 6.9  (151s)
step 10000  train 0.9352  eval 0.8680  pmax 6.9  (167s)
step 11000  train 0.9416  eval 0.8738  pmax 6.9  (182s)
step 12000  train 0.9253  eval 0.8841  pmax 6.9  (198s)
step 13000  train 0.9019  eval 0.8752  pmax 6.9  (213s)
step 14000  train 0.9194  eval 0.8737  pmax 6.9  (229s)
step 15000  train 0.9369  eval 0.8718  pmax 6.9  (245s)
step 16000  train 0.9200  eval 0.8710  pmax 6.9  (260s)
step 17000  train 0.9355  eval 0.8411  pmax 6.9  (276s)
step 18000  train 0.9024  eval 0.8896  pmax 6.9  (292s)
step 19000  train 0.9129  eval 0.8407  pmax 7.0  (307s)
step 20000  train 0.9142  eval 0.8330  pmax 7.0  (323s)
step 21000  train 0.9001  eval 0.8383  pmax 7.0  (338s)
step 22000  train 0.9026  eval 0.8354  pmax 7.0  (354s)
step 23000  train 0.8805  eval 0.8804  pmax 7.0  (370s)
step 24000  train 0.9111  eval 0.8448  pmax 7.1  (385s)
step 25000  train 0.8996  eval 0.8434  pmax 7.1  (401s)
  [checkpoint + sample saved at step 25000]
step 26000  train 0.8661  eval 0.8651  pmax 7.1  (419s)
step 27000  train 0.8976  eval 0.8315  pmax 7.1  (434s)
step 28000  train 0.8790  eval 0.8313  pmax 7.1  (450s)
step 29000  train 0.8899  eval 0.8534  pmax 7.1  (465s)
step 30000  train 0.9066  eval 0.8434  pmax 7.1  (481s)
step 31000  train 0.8699  eval 0.8656  pmax 7.1  (497s)
step 32000  train 0.9000  eval 0.8566  pmax 7.1  (512s)
step 33000  train 0.9271  eval 0.8331  pmax 7.1  (528s)
step 34000  train 0.9043  eval 0.8199  pmax 7.1  (543s)
step 35000  train 0.8884  eval 0.8262  pmax 7.1  (559s)
step 36000  train 0.8474  eval 0.8444  pmax 7.1  (575s)
step 37000  train 0.9126  eval 0.8438  pmax 7.1  (590s)
step 38000  train 0.9042  eval 0.8175  pmax 7.1  (606s)
step 39000  train 0.8598  eval 0.8122  pmax 7.1  (621s)
step 40000  train 0.8557  eval 0.8188  pmax 7.1  (637s)
step 41000  train 0.8712  eval 0.8467  pmax 7.1  (653s)
step 42000  train 0.8771  eval 0.8126  pmax 7.1  (668s)
step 43000  train 0.8976  eval 0.8230  pmax 7.1  (684s)
step 44000  train 0.8513  eval 0.8006  pmax 7.1  (700s)
step 45000  train 0.8914  eval 0.8377  pmax 7.2  (715s)
step 46000  train 0.8739  eval 0.8096  pmax 7.2  (731s)
step 47000  train 0.8761  eval 0.8253  pmax 7.3  (746s)
step 48000  train 0.9072  eval 0.8414  pmax 7.3  (762s)
step 49000  train 0.9407  eval 0.8170  pmax 7.3  (777s)
step 50000  train 0.8667  eval 0.8318  pmax 7.3  (793s)
  [checkpoint + sample saved at step 50000]
step 51000  train 0.8827  eval 0.8581  pmax 7.3  (811s)
step 52000  train 0.8474  eval 0.8342  pmax 7.3  (827s)
step 53000  train 0.8892  eval 0.8574  pmax 7.3  (842s)
step 54000  train 0.8677  eval 0.8246  pmax 7.4  (858s)
step 55000  train 0.8483  eval 0.8309  pmax 7.4  (874s)
step 56000  train 0.8566  eval 0.8503  pmax 7.3  (889s)
step 57000  train 0.8474  eval 0.7921  pmax 7.4  (904s)
step 58000  train 0.8685  eval 0.8494  pmax 7.4  (920s)
step 59000  train 0.8445  eval 0.8288  pmax 7.4  (936s)
step 60000  train 0.8766  eval 0.8036  pmax 7.4  (952s)
step 61000  train 0.8539  eval 0.8450  pmax 7.4  (968s)
step 62000  train 0.8695  eval 0.8346  pmax 7.4  (983s)
step 63000  train 0.8896  eval 0.8139  pmax 7.4  (998s)
step 64000  train 0.8528  eval 0.8453  pmax 7.4  (1014s)
step 65000  train 0.8913  eval 0.7803  pmax 7.4  (1029s)
step 66000  train 0.8553  eval 0.8112  pmax 7.4  (1045s)
step 67000  train 0.8705  eval 0.8150  pmax 7.4  (1061s)
step 68000  train 0.8566  eval 0.8064  pmax 7.4  (1076s)
step 69000  train 0.8825  eval 0.8433  pmax 7.4  (1092s)
step 70000  train 0.8598  eval 0.8111  pmax 7.5  (1108s)
step 71000  train 0.8586  eval 0.8432  pmax 7.4  (1123s)
step 72000  train 0.8876  eval 0.8575  pmax 7.5  (1139s)
step 73000  train 0.8604  eval 0.8332  pmax 7.5  (1155s)
step 74000  train 0.9111  eval 0.8044  pmax 7.5  (1170s)
step 75000  train 0.8784  eval 0.8350  pmax 7.5  (1186s)
  [checkpoint + sample saved at step 75000]
step 76000  train 0.8857  eval 0.8470  pmax 7.5  (1204s)
step 77000  train 0.8790  eval 0.7845  pmax 7.5  (1220s)
step 78000  train 0.8798  eval 0.8478  pmax 7.5  (1235s)
step 79000  train 0.8717  eval 0.7765  pmax 7.5  (1251s)
step 80000  train 0.8615  eval 0.8174  pmax 7.5  (1266s)
step 81000  train 0.9057  eval 0.8037  pmax 7.5  (1282s)
step 82000  train 0.8495  eval 0.8086  pmax 7.6  (1297s)
step 83000  train 0.8641  eval 0.8202  pmax 7.6  (1313s)
step 84000  train 0.8740  eval 0.8304  pmax 7.6  (1328s)
step 85000  train 0.8747  eval 0.8209  pmax 7.7  (1344s)
step 86000  train 0.8792  eval 0.8025  pmax 7.8  (1360s)
step 87000  train 0.8824  eval 0.8163  pmax 7.8  (1375s)
step 88000  train 0.8787  eval 0.8267  pmax 7.8  (1391s)
step 89000  train 0.8596  eval 0.8027  pmax 7.9  (1406s)
step 90000  train 0.8779  eval 0.8141  pmax 7.9  (1422s)
step 91000  train 0.8840  eval 0.8070  pmax 8.0  (1437s)
step 92000  train 0.8345  eval 0.7942  pmax 8.0  (1453s)
step 93000  train 0.8466  eval 0.8295  pmax 8.1  (1469s)
step 94000  train 0.9065  eval 0.8183  pmax 8.1  (1484s)
step 95000  train 0.8621  eval 0.7931  pmax 8.1  (1500s)
step 96000  train 0.8769  eval 0.8321  pmax 8.2  (1515s)
step 97000  train 0.8863  eval 0.8164  pmax 8.2  (1531s)
step 98000  train 0.8652  eval 0.8173  pmax 8.3  (1546s)
step 99000  train 0.8542  eval 0.8170  pmax 8.3  (1562s)
step 100000  train 0.8667  eval 0.7961  pmax 8.4  (1578s)
  [checkpoint + sample saved at step 100000]
step 101000  train 0.8568  eval 0.7787  pmax 8.4  (1596s)
step 102000  train 0.8531  eval 0.8077  pmax 8.4  (1611s)
step 103000  train 0.8419  eval 0.8084  pmax 8.5  (1627s)
step 104000  train 0.8471  eval 0.8038  pmax 8.5  (1642s)
step 105000  train 0.8746  eval 0.8491  pmax 8.6  (1658s)
step 106000  train 0.8634  eval 0.7995  pmax 8.7  (1674s)
step 107000  train 0.8649  eval 0.8095  pmax 8.7  (1689s)
step 108000  train 0.8189  eval 0.8074  pmax 8.7  (1704s)
step 109000  train 0.8791  eval 0.8080  pmax 8.8  (1720s)
step 110000  train 0.8674  eval 0.8252  pmax 8.8  (1736s)
step 111000  train 0.8689  eval 0.8061  pmax 8.9  (1751s)
step 112000  train 0.8744  eval 0.8212  pmax 8.9  (1767s)
step 113000  train 0.8596  eval 0.8225  pmax 9.0  (1783s)
step 114000  train 0.8700  eval 0.7905  pmax 9.0  (1798s)
step 115000  train 0.8766  eval 0.8158  pmax 9.0  (1814s)
step 116000  train 0.8376  eval 0.7665  pmax 9.1  (1830s)
step 117000  train 0.8513  eval 0.8070  pmax 9.1  (1846s)
step 118000  train 0.8525  eval 0.8379  pmax 9.1  (1861s)
step 119000  train 0.8439  eval 0.8066  pmax 9.2  (1877s)
step 120000  train 0.8617  eval 0.8021  pmax 9.2  (1893s)
step 121000  train 0.8489  eval 0.7795  pmax 9.3  (1908s)
step 122000  train 0.8602  eval 0.8622  pmax 9.3  (1924s)
step 123000  train 0.8487  eval 0.8199  pmax 9.3  (1939s)
step 124000  train 0.8896  eval 0.8052  pmax 9.3  (1955s)
step 125000  train 0.8411  eval 0.8052  pmax 9.4  (1970s)
  [checkpoint + sample saved at step 125000]
step 126000  train 0.8729  eval 0.7794  pmax 9.4  (1988s)
step 127000  train 0.8469  eval 0.8309  pmax 9.4  (2004s)
step 128000  train 0.8626  eval 0.7857  pmax 9.5  (2019s)
step 129000  train 0.8524  eval 0.8065  pmax 9.5  (2034s)
step 130000  train 0.8551  eval 0.8258  pmax 9.5  (2050s)
step 131000  train 0.8670  eval 0.8062  pmax 9.6  (2066s)
step 132000  train 0.8794  eval 0.8188  pmax 9.6  (2082s)
step 133000  train 0.8504  eval 0.8085  pmax 9.7  (2097s)
step 134000  train 0.8665  eval 0.7955  pmax 9.7  (2112s)
step 135000  train 0.8440  eval 0.8419  pmax 9.7  (2128s)
step 136000  train 0.8569  eval 0.7801  pmax 9.7  (2144s)
step 137000  train 0.8789  eval 0.8135  pmax 9.8  (2160s)
step 138000  train 0.8497  eval 0.7909  pmax 9.8  (2175s)
step 139000  train 0.8382  eval 0.7722  pmax 9.8  (2191s)
step 140000  train 0.8808  eval 0.8087  pmax 9.8  (2206s)
step 141000  train 0.8555  eval 0.7927  pmax 9.8  (2222s)
step 142000  train 0.8501  eval 0.7826  pmax 9.9  (2237s)
step 143000  train 0.8634  eval 0.8077  pmax 9.9  (2252s)
step 144000  train 0.8765  eval 0.8291  pmax 9.9  (2268s)
step 145000  train 0.8644  eval 0.7892  pmax 9.9  (2283s)
step 146000  train 0.8480  eval 0.8233  pmax 10.0  (2299s)
step 147000  train 0.8202  eval 0.8339  pmax 10.0  (2314s)
step 148000  train 0.8625  eval 0.8037  pmax 10.0  (2330s)
step 149000  train 0.8374  eval 0.7857  pmax 10.1  (2346s)
step 150000  train 0.8346  eval 0.7848  pmax 10.1  (2361s)
  [checkpoint + sample saved at step 150000]
step 151000  train 0.8485  eval 0.7921  pmax 10.1  (2379s)
step 152000  train 0.8588  eval 0.8297  pmax 10.1  (2394s)
step 153000  train 0.8448  eval 0.8086  pmax 10.2  (2410s)
step 154000  train 0.8623  eval 0.8149  pmax 10.2  (2426s)
step 155000  train 0.8351  eval 0.7827  pmax 10.2  (2442s)
step 156000  train 0.8394  eval 0.8711  pmax 10.2  (2458s)
step 157000  train 0.8723  eval 0.7959  pmax 10.3  (2474s)
step 158000  train 0.8643  eval 0.7919  pmax 10.3  (2489s)
step 159000  train 0.8570  eval 0.8240  pmax 10.3  (2505s)
step 160000  train 0.8210  eval 0.7869  pmax 10.3  (2520s)
step 161000  train 0.8692  eval 0.8058  pmax 10.3  (2536s)
step 162000  train 0.8315  eval 0.8039  pmax 10.4  (2552s)
step 163000  train 0.8407  eval 0.7861  pmax 10.4  (2567s)
step 164000  train 0.8524  eval 0.7701  pmax 10.4  (2583s)
step 165000  train 0.8492  eval 0.7806  pmax 10.4  (2598s)
step 166000  train 0.8412  eval 0.8140  pmax 10.4  (2614s)
step 167000  train 0.8380  eval 0.7915  pmax 10.5  (2629s)
step 168000  train 0.8295  eval 0.8038  pmax 10.5  (2645s)
step 169000  train 0.8679  eval 0.7701  pmax 10.5  (2660s)
step 170000  train 0.8679  eval 0.7855  pmax 10.5  (2676s)
step 171000  train 0.8418  eval 0.8203  pmax 10.5  (2692s)
step 172000  train 0.8564  eval 0.7747  pmax 10.6  (2707s)
step 173000  train 0.8512  eval 0.7975  pmax 10.6  (2723s)
step 174000  train 0.8192  eval 0.8213  pmax 10.6  (2738s)
step 175000  train 0.8501  eval 0.8062  pmax 10.6  (2754s)
  [checkpoint + sample saved at step 175000]
step 176000  train 0.8491  eval 0.8239  pmax 10.6  (2772s)
step 177000  train 0.8647  eval 0.7920  pmax 10.6  (2787s)
step 178000  train 0.8451  eval 0.7977  pmax 10.7  (2803s)
step 179000  train 0.8517  eval 0.7902  pmax 10.7  (2819s)
step 180000  train 0.8241  eval 0.7900  pmax 10.7  (2834s)
step 181000  train 0.8569  eval 0.7904  pmax 10.7  (2850s)
step 182000  train 0.8485  eval 0.8090  pmax 10.7  (2866s)
step 183000  train 0.8771  eval 0.8024  pmax 10.7  (2882s)
step 184000  train 0.8585  eval 0.7995  pmax 10.7  (2898s)
step 185000  train 0.8237  eval 0.8209  pmax 10.7  (2913s)
step 186000  train 0.8461  eval 0.7705  pmax 10.7  (2928s)
step 187000  train 0.8286  eval 0.7552  pmax 10.8  (2944s)
step 188000  train 0.8746  eval 0.7640  pmax 10.8  (2960s)
step 189000  train 0.8410  eval 0.7968  pmax 10.8  (2975s)
step 190000  train 0.8320  eval 0.7842  pmax 10.8  (2991s)
step 191000  train 0.8409  eval 0.8159  pmax 10.8  (3006s)
step 192000  train 0.8401  eval 0.8198  pmax 10.8  (3022s)
step 193000  train 0.8506  eval 0.7851  pmax 10.8  (3038s)
step 194000  train 0.8192  eval 0.8082  pmax 10.8  (3054s)
step 195000  train 0.8430  eval 0.7975  pmax 10.8  (3071s)
step 196000  train 0.8346  eval 0.8082  pmax 10.9  (3086s)
step 197000  train 0.8329  eval 0.8318  pmax 10.9  (3102s)
step 198000  train 0.8471  eval 0.7802  pmax 10.9  (3118s)
step 199000  train 0.8310  eval 0.7950  pmax 10.9  (3133s)
step 200000  train 0.8109  eval 0.7859  pmax 10.9  (3149s)
  [checkpoint + sample saved at step 200000]
step 201000  train 0.8502  eval 0.7835  pmax 10.9  (3167s)
step 202000  train 0.8297  eval 0.8010  pmax 10.9  (3183s)
step 203000  train 0.8482  eval 0.7664  pmax 10.9  (3199s)
step 204000  train 0.8284  eval 0.7824  pmax 10.9  (3214s)
step 205000  train 0.8638  eval 0.7956  pmax 10.9  (3230s)
step 206000  train 0.8203  eval 0.7992  pmax 10.9  (3245s)
step 207000  train 0.8442  eval 0.7983  pmax 10.9  (3261s)
step 208000  train 0.8298  eval 0.8175  pmax 11.0  (3276s)
step 209000  train 0.8521  eval 0.7928  pmax 11.0  (3292s)
step 210000  train 0.8235  eval 0.7772  pmax 11.0  (3307s)
step 211000  train 0.8361  eval 0.8201  pmax 11.0  (3323s)
step 212000  train 0.8448  eval 0.8111  pmax 11.0  (3339s)
step 213000  train 0.8321  eval 0.8235  pmax 11.0  (3354s)
step 214000  train 0.8456  eval 0.7963  pmax 11.0  (3369s)
step 215000  train 0.8338  eval 0.8064  pmax 11.0  (3385s)
step 216000  train 0.8317  eval 0.7821  pmax 11.0  (3401s)
step 217000  train 0.8246  eval 0.8061  pmax 11.0  (3417s)
step 218000  train 0.8519  eval 0.7895  pmax 11.0  (3432s)
step 219000  train 0.8443  eval 0.7674  pmax 11.0  (3448s)
step 220000  train 0.8687  eval 0.7852  pmax 11.0  (3463s)
step 221000  train 0.8725  eval 0.7786  pmax 11.0  (3479s)
step 222000  train 0.8321  eval 0.8098  pmax 11.0  (3495s)
step 223000  train 0.8668  eval 0.7915  pmax 11.1  (3510s)
step 224000  train 0.8388  eval 0.7976  pmax 11.1  (3526s)
step 225000  train 0.8477  eval 0.8077  pmax 11.1  (3542s)
  [checkpoint + sample saved at step 225000]
step 226000  train 0.8369  eval 0.7885  pmax 11.1  (3560s)
step 227000  train 0.8347  eval 0.8321  pmax 11.1  (3575s)
step 228000  train 0.8578  eval 0.7852  pmax 11.1  (3591s)
step 229000  train 0.8564  eval 0.7826  pmax 11.1  (3607s)
step 230000  train 0.8479  eval 0.7941  pmax 11.1  (3623s)
step 231000  train 0.8412  eval 0.8228  pmax 11.1  (3638s)
step 232000  train 0.8254  eval 0.7613  pmax 11.1  (3654s)
step 233000  train 0.8115  eval 0.7685  pmax 11.1  (3669s)
step 234000  train 0.8605  eval 0.7797  pmax 11.1  (3684s)
step 235000  train 0.8608  eval 0.7405  pmax 11.1  (3700s)
step 236000  train 0.8594  eval 0.7903  pmax 11.1  (3716s)
step 237000  train 0.8551  eval 0.7876  pmax 11.1  (3732s)
step 238000  train 0.8360  eval 0.8007  pmax 11.1  (3748s)
step 239000  train 0.8466  eval 0.8045  pmax 11.1  (3764s)
step 240000  train 0.8274  eval 0.8236  pmax 11.1  (3779s)
step 241000  train 0.8368  eval 0.7907  pmax 11.1  (3795s)
step 242000  train 0.8292  eval 0.7647  pmax 11.1  (3811s)
step 243000  train 0.8250  eval 0.7829  pmax 11.1  (3827s)
step 244000  train 0.7972  eval 0.8015  pmax 11.1  (3843s)
step 245000  train 0.8456  eval 0.7512  pmax 11.1  (3859s)
step 246000  train 0.8503  eval 0.7934  pmax 11.1  (3875s)
step 247000  train 0.8334  eval 0.7980  pmax 11.1  (3890s)
step 248000  train 0.8447  eval 0.7781  pmax 11.1  (3906s)
step 249000  train 0.8866  eval 0.8024  pmax 11.1  (3921s)
step 250000  train 0.8443  eval 0.7793  pmax 11.1  (3937s)
  [checkpoint + sample saved at step 250000]
step 251000  train 0.8528  eval 0.7892  pmax 11.1  (3954s)
step 252000  train 0.8272  eval 0.7705  pmax 11.1  (3970s)
step 253000  train 0.8391  eval 0.7999  pmax 11.1  (3985s)
step 254000  train 0.8462  eval 0.7968  pmax 11.1  (4001s)
step 255000  train 0.8588  eval 0.7851  pmax 11.1  (4016s)
step 256000  train 0.8544  eval 0.8158  pmax 11.1  (4032s)
step 257000  train 0.8408  eval 0.7785  pmax 11.1  (4047s)
step 258000  train 0.8707  eval 0.7738  pmax 11.1  (4062s)
step 259000  train 0.8589  eval 0.8131  pmax 11.1  (4078s)
step 260000  train 0.8292  eval 0.7788  pmax 11.1  (4093s)
step 261000  train 0.8511  eval 0.8027  pmax 11.1  (4109s)
step 262000  train 0.8553  eval 0.8182  pmax 11.1  (4124s)
step 263000  train 0.8315  eval 0.8213  pmax 11.1  (4139s)
step 264000  train 0.8351  eval 0.7977  pmax 11.1  (4155s)
step 265000  train 0.8328  eval 0.7959  pmax 11.1  (4170s)
step 266000  train 0.8267  eval 0.7849  pmax 11.1  (4185s)
step 267000  train 0.8482  eval 0.7744  pmax 11.1  (4201s)
step 268000  train 0.8541  eval 0.7858  pmax 11.1  (4216s)
step 269000  train 0.8228  eval 0.7870  pmax 11.1  (4232s)
step 270000  train 0.8729  eval 0.7958  pmax 11.1  (4247s)
step 271000  train 0.8382  eval 0.7839  pmax 11.1  (4263s)
step 272000  train 0.8243  eval 0.8086  pmax 11.1  (4278s)
step 273000  train 0.8739  eval 0.7923  pmax 11.1  (4294s)
step 274000  train 0.8632  eval 0.8013  pmax 11.1  (4309s)
step 275000  train 0.8523  eval 0.7599  pmax 11.1  (4324s)
  [checkpoint + sample saved at step 275000]
step 276000  train 0.8549  eval 0.7785  pmax 11.1  (4342s)
step 277000  train 0.8521  eval 0.7821  pmax 11.1  (4358s)
step 278000  train 0.8383  eval 0.7723  pmax 11.1  (4373s)
step 279000  train 0.8372  eval 0.7843  pmax 11.1  (4388s)
step 280000  train 0.8857  eval 0.8006  pmax 11.1  (4404s)
step 281000  train 0.8450  eval 0.8066  pmax 11.1  (4419s)
step 282000  train 0.8303  eval 0.7996  pmax 11.1  (4435s)
step 283000  train 0.8488  eval 0.7934  pmax 11.1  (4450s)
step 284000  train 0.8326  eval 0.8044  pmax 11.1  (4466s)
step 285000  train 0.8640  eval 0.7700  pmax 11.1  (4481s)
step 286000  train 0.8480  eval 0.7642  pmax 11.1  (4497s)
step 287000  train 0.8084  eval 0.8242  pmax 11.1  (4512s)
step 288000  train 0.8191  eval 0.7965  pmax 11.1  (4528s)
step 289000  train 0.8408  eval 0.7826  pmax 11.1  (4543s)
step 290000  train 0.8277  eval 0.8001  pmax 11.1  (4559s)
step 291000  train 0.8384  eval 0.7826  pmax 11.1  (4575s)
step 292000  train 0.8459  eval 0.7856  pmax 11.1  (4591s)
step 293000  train 0.8519  eval 0.8054  pmax 11.1  (4606s)
step 294000  train 0.8653  eval 0.7647  pmax 11.1  (4622s)
step 295000  train 0.8286  eval 0.8062  pmax 11.1  (4637s)
step 296000  train 0.8260  eval 0.7842  pmax 11.1  (4653s)
step 297000  train 0.8020  eval 0.7643  pmax 11.1  (4669s)
step 298000  train 0.8574  eval 0.7828  pmax 11.1  (4684s)
step 299000  train 0.8093  eval 0.7849  pmax 11.1  (4700s)
step 300000  train 0.8147  eval 0.7919  pmax 11.1  (4716s)
  [checkpoint + sample saved at step 300000]
done. artifacts in /home/luke/Wavelet-State-KAN/checkpoints/mamba2_tinystories_100k_3ep_s42
