/home/luke/Wavelet-State-KAN/experiments/V1_train_tinystories_lm.py:107: UserWarning: The given buffer is not writable, and PyTorch does not support non-writable tensors. This means you can write to the underlying (supposedly non-writable) buffer using the tensor. You may want to copy the buffer to protect its data or make it writable before converting it to a tensor. This type of warning will be suppressed for the rest of this program. (Triggered internally at /__w/pytorch/pytorch/torch/csrc/utils/tensor_new.cpp:1556.)
  train_ids = torch.frombuffer(train_text.encode("utf-8", errors="ignore"), dtype=torch.uint8)
train bytes: 542,898,247  eval bytes: 130,357
model: mamba2  params: 2,774  device: cuda
step     1  train 5.5745  eval 5.5522  pmax 5.4  (1s)
step  1000  train 2.3148  eval 2.2726  pmax 4.0  (21s)
step  2000  train 2.2438  eval 2.2539  pmax 3.6  (41s)
step  3000  train 2.2373  eval 2.2608  pmax 3.9  (61s)
step  4000  train 2.2190  eval 2.2395  pmax 4.1  (81s)
step  5000  train 2.2044  eval 2.1903  pmax 4.2  (101s)
step  6000  train 2.2636  eval 2.2372  pmax 4.3  (121s)
step  7000  train 2.2187  eval 2.2631  pmax 4.5  (140s)
step  8000  train 2.2053  eval 2.2146  pmax 4.7  (160s)
step  9000  train 2.1783  eval 2.2192  pmax 4.9  (180s)
step 10000  train 2.2033  eval 2.2022  pmax 5.0  (200s)
step 11000  train 2.1865  eval 2.2271  pmax 5.2  (220s)
step 12000  train 2.2151  eval 2.2190  pmax 5.3  (239s)
step 13000  train 2.1793  eval 2.2145  pmax 5.4  (259s)
step 14000  train 2.1950  eval 2.2141  pmax 5.5  (279s)
step 15000  train 2.1708  eval 2.2076  pmax 5.6  (299s)
step 16000  train 2.2321  eval 2.2097  pmax 5.7  (318s)
step 17000  train 2.1916  eval 2.2097  pmax 5.8  (338s)
step 18000  train 2.2062  eval 2.1907  pmax 5.9  (358s)
step 19000  train 2.1807  eval 2.2296  pmax 6.0  (377s)
step 20000  train 2.1850  eval 2.1958  pmax 6.0  (397s)
step 21000  train 2.2118  eval 2.1836  pmax 6.1  (417s)
step 22000  train 2.1897  eval 2.1719  pmax 6.1  (436s)
step 23000  train 2.2099  eval 2.2063  pmax 6.1  (456s)
step 24000  train 2.1678  eval 2.2128  pmax 6.2  (476s)
step 25000  train 2.2125  eval 2.2110  pmax 6.2  (495s)
  [checkpoint + sample saved at step 25000]
step 26000  train 2.1976  eval 2.2081  pmax 6.2  (516s)
step 27000  train 2.2004  eval 2.1977  pmax 6.2  (536s)
step 28000  train 2.1681  eval 2.1625  pmax 6.2  (555s)
step 29000  train 2.1912  eval 2.2242  pmax 6.2  (575s)
step 30000  train 2.2133  eval 2.1831  pmax 6.2  (595s)
step 31000  train 2.2013  eval 2.1722  pmax 6.2  (615s)
step 32000  train 2.1811  eval 2.2166  pmax 6.2  (635s)
step 33000  train 2.1853  eval 2.1908  pmax 6.2  (655s)
  [checkpoint + sample saved at step 33000]
done. artifacts in /home/luke/Wavelet-State-KAN/checkpoints/mamba2_wikitext_1k_3ep_s7
