/home/luke/Wavelet-State-KAN/experiments/V1_train_tinystories_lm.py:107: UserWarning: The given buffer is not writable, and PyTorch does not support non-writable tensors. This means you can write to the underlying (supposedly non-writable) buffer using the tensor. You may want to copy the buffer to protect its data or make it writable before converting it to a tensor. This type of warning will be suppressed for the rest of this program. (Triggered internally at /__w/pytorch/pytorch/torch/csrc/utils/tensor_new.cpp:1556.)
  train_ids = torch.frombuffer(train_text.encode("utf-8", errors="ignore"), dtype=torch.uint8)
train bytes: 542,898,247  eval bytes: 130,357
model: mamba2  params: 2,774  device: cuda
step     1  train 5.5642  eval 5.5441  pmax 6.8  (1s)
step  1000  train 2.3003  eval 2.2914  pmax 5.5  (21s)
step  2000  train 2.2587  eval 2.2386  pmax 5.3  (40s)
step  3000  train 2.2354  eval 2.2252  pmax 5.1  (61s)
step  4000  train 2.2275  eval 2.2226  pmax 5.1  (81s)
step  5000  train 2.2027  eval 2.2148  pmax 5.0  (101s)
step  6000  train 2.2575  eval 2.2200  pmax 5.0  (121s)
step  7000  train 2.2323  eval 2.1907  pmax 5.0  (141s)
step  8000  train 2.1902  eval 2.1897  pmax 5.0  (161s)
step  9000  train 2.2299  eval 2.1900  pmax 5.0  (181s)
step 10000  train 2.2181  eval 2.2251  pmax 5.0  (202s)
step 11000  train 2.2037  eval 2.2016  pmax 5.0  (222s)
step 12000  train 2.1729  eval 2.1675  pmax 5.0  (242s)
step 13000  train 2.2115  eval 2.2007  pmax 5.0  (262s)
step 14000  train 2.2178  eval 2.1865  pmax 5.0  (282s)
step 15000  train 2.2049  eval 2.1984  pmax 5.0  (302s)
step 16000  train 2.1877  eval 2.1933  pmax 5.0  (323s)
step 17000  train 2.1951  eval 2.2335  pmax 5.0  (343s)
step 18000  train 2.1760  eval 2.1934  pmax 5.1  (364s)
step 19000  train 2.1953  eval 2.1949  pmax 5.2  (384s)
step 20000  train 2.1917  eval 2.2094  pmax 5.3  (404s)
step 21000  train 2.1710  eval 2.1896  pmax 5.3  (423s)
step 22000  train 2.1910  eval 2.2080  pmax 5.4  (443s)
step 23000  train 2.1800  eval 2.1956  pmax 5.4  (464s)
step 24000  train 2.2016  eval 2.1989  pmax 5.5  (484s)
step 25000  train 2.1893  eval 2.2084  pmax 5.5  (504s)
  [checkpoint + sample saved at step 25000]
step 26000  train 2.1684  eval 2.1726  pmax 5.5  (524s)
step 27000  train 2.1762  eval 2.1830  pmax 5.6  (543s)
step 28000  train 2.1965  eval 2.1889  pmax 5.6  (564s)
step 29000  train 2.1659  eval 2.1951  pmax 5.6  (584s)
step 30000  train 2.2278  eval 2.2125  pmax 5.6  (605s)
step 31000  train 2.1782  eval 2.2066  pmax 5.6  (625s)
step 32000  train 2.1927  eval 2.2192  pmax 5.6  (646s)
step 33000  train 2.1901  eval 2.1877  pmax 5.6  (666s)
  [checkpoint + sample saved at step 33000]
done. artifacts in /home/luke/Wavelet-State-KAN/checkpoints/mamba2_wikitext_1k_3ep_s42
