/home/luke/Wavelet-State-KAN/experiments/V1_train_tinystories_lm.py:107: UserWarning: The given buffer is not writable, and PyTorch does not support non-writable tensors. This means you can write to the underlying (supposedly non-writable) buffer using the tensor. You may want to copy the buffer to protect its data or make it writable before converting it to a tensor. This type of warning will be suppressed for the rest of this program. (Triggered internally at /__w/pytorch/pytorch/torch/csrc/utils/tensor_new.cpp:1556.)
  train_ids = torch.frombuffer(train_text.encode("utf-8", errors="ignore"), dtype=torch.uint8)
train bytes: 1,905,061,325  eval bytes: 405,730
model: mamba2  params: 2,774  device: cuda
step     1  train 5.5288  eval 5.5025  pmax 4.4  (1s)
step  1000  train 1.9836  eval 1.9952  pmax 2.6  (22s)
step  2000  train 1.9543  eval 1.9540  pmax 2.4  (44s)
step  3000  train 1.9543  eval 1.9288  pmax 2.6  (65s)
step  4000  train 1.9261  eval 1.8820  pmax 2.8  (86s)
step  5000  train 1.9288  eval 1.9199  pmax 3.0  (107s)
step  6000  train 1.9053  eval 1.8793  pmax 3.1  (128s)
step  7000  train 1.9185  eval 1.8723  pmax 3.2  (149s)
step  8000  train 1.9223  eval 1.8911  pmax 3.4  (171s)
step  9000  train 1.9127  eval 1.9155  pmax 3.5  (192s)
step 10000  train 1.8979  eval 1.8929  pmax 3.7  (212s)
step 11000  train 1.8877  eval 1.8794  pmax 3.8  (234s)
step 12000  train 1.8867  eval 1.8849  pmax 3.9  (255s)
step 13000  train 1.8739  eval 1.8776  pmax 4.1  (276s)
step 14000  train 1.8704  eval 1.8432  pmax 4.2  (298s)
step 15000  train 1.8775  eval 1.8548  pmax 4.3  (319s)
step 16000  train 1.9040  eval 1.8726  pmax 4.3  (340s)
step 17000  train 1.8949  eval 1.8614  pmax 4.4  (362s)
step 18000  train 1.9081  eval 1.8395  pmax 4.5  (383s)
step 19000  train 1.9256  eval 1.8589  pmax 4.5  (405s)
step 20000  train 1.8860  eval 1.8935  pmax 4.6  (426s)
step 21000  train 1.8808  eval 1.8555  pmax 4.6  (447s)
step 22000  train 1.9094  eval 1.8723  pmax 4.7  (469s)
step 23000  train 1.8899  eval 1.8584  pmax 4.7  (490s)
step 24000  train 1.8791  eval 1.8698  pmax 4.7  (511s)
step 25000  train 1.8897  eval 1.8769  pmax 4.7  (532s)
  [checkpoint + sample saved at step 25000]
step 26000  train 1.9158  eval 1.8737  pmax 4.8  (554s)
step 27000  train 1.8654  eval 1.8754  pmax 4.8  (575s)
step 28000  train 1.9087  eval 1.8618  pmax 4.8  (597s)
step 29000  train 1.8634  eval 1.8522  pmax 4.8  (619s)
step 30000  train 1.8948  eval 1.8738  pmax 4.8  (641s)
  [checkpoint + sample saved at step 30000]
done. artifacts in /home/luke/Wavelet-State-KAN/checkpoints/mamba2_tinystories_1k_3ep_s31337
