/home/luke/Wavelet-State-KAN/experiments/V1_train_tinystories_lm.py:107: UserWarning: The given buffer is not writable, and PyTorch does not support non-writable tensors. This means you can write to the underlying (supposedly non-writable) buffer using the tensor. You may want to copy the buffer to protect its data or make it writable before converting it to a tensor. This type of warning will be suppressed for the rest of this program. (Triggered internally at /__w/pytorch/pytorch/torch/csrc/utils/tensor_new.cpp:1556.)
  train_ids = torch.frombuffer(train_text.encode("utf-8", errors="ignore"), dtype=torch.uint8)
train bytes: 542,898,247  eval bytes: 130,357
model: mamba2  params: 929,840  device: cuda
W0917 12:23:00.194000 1494170 .venv/lib/python3.12/site-packages/torch/_inductor/utils.py:1806] [0/0] Not enough SMs to use max_autotune_gemm mode
step     1  train 6.9168  eval 5.1577  pmax 6.5  (48s)
step  1000  train 1.4161  eval 1.3943  pmax 6.5  (176s)
step  2000  train 1.3674  eval 1.3683  pmax 6.5  (304s)
step  3000  train 1.3405  eval 1.3076  pmax 6.5  (432s)
step  4000  train 1.3041  eval 1.3131  pmax 6.5  (560s)
step  5000  train 1.3386  eval 1.3153  pmax 6.5  (688s)
step  6000  train 1.3163  eval 1.3028  pmax 6.5  (816s)
step  7000  train 1.2953  eval 1.3253  pmax 6.5  (944s)
step  8000  train 1.2702  eval 1.2962  pmax 6.5  (1072s)
step  9000  train 1.2540  eval 1.2966  pmax 6.5  (1200s)
step 10000  train 1.2379  eval 1.3054  pmax 6.6  (1328s)
  [checkpoint + sample saved at step 10000]
step 11000  train 1.2586  eval 1.2994  pmax 6.6  (1458s)
step 12000  train 1.2270  eval 1.2275  pmax 6.6  (1586s)
step 13000  train 1.2496  eval 1.2352  pmax 6.6  (1715s)
step 14000  train 1.2335  eval 1.2704  pmax 6.7  (1843s)
step 15000  train 1.2323  eval 1.2552  pmax 6.7  (1971s)
step 16000  train 1.3034  eval 1.2450  pmax 6.7  (2099s)
step 17000  train 1.2751  eval 1.2050  pmax 6.7  (2227s)
step 18000  train 1.2639  eval 1.2296  pmax 6.7  (2356s)
step 19000  train 1.2247  eval 1.2363  pmax 6.7  (2484s)
step 20000  train 1.2604  eval 1.2258  pmax 6.8  (2612s)
  [checkpoint + sample saved at step 20000]
step 21000  train 1.2447  eval 1.2462  pmax 6.8  (2741s)
step 22000  train 1.2227  eval 1.2517  pmax 6.8  (2870s)
step 23000  train 1.1887  eval 1.2349  pmax 6.8  (2998s)
step 24000  train 1.2684  eval 1.2225  pmax 6.8  (3126s)
step 25000  train 1.1788  eval 1.2285  pmax 6.8  (3254s)
step 26000  train 1.2582  eval 1.2163  pmax 6.8  (3382s)
step 27000  train 1.1898  eval 1.2618  pmax 6.9  (3511s)
step 28000  train 1.2122  eval 1.2425  pmax 6.9  (3639s)
step 29000  train 1.2631  eval 1.2130  pmax 6.9  (3767s)
step 30000  train 1.2122  eval 1.2130  pmax 6.9  (3895s)
  [checkpoint + sample saved at step 30000]
step 31000  train 1.2270  eval 1.2175  pmax 6.9  (4025s)
step 32000  train 1.2404  eval 1.2057  pmax 6.9  (4153s)
step 33000  train 1.2020  eval 1.2121  pmax 6.9  (4281s)
step 34000  train 1.2250  eval 1.2634  pmax 6.9  (4409s)
step 35000  train 1.2242  eval 1.1929  pmax 6.9  (4538s)
step 36000  train 1.2070  eval 1.1799  pmax 6.9  (4666s)
step 37000  train 1.1899  eval 1.2138  pmax 6.9  (4794s)
step 38000  train 1.2191  eval 1.2234  pmax 6.9  (4922s)
step 39000  train 1.1899  eval 1.2579  pmax 6.9  (5050s)
step 40000  train 1.2005  eval 1.2004  pmax 6.9  (5179s)
  [checkpoint + sample saved at step 40000]
step 41000  train 1.2106  eval 1.1867  pmax 6.9  (5308s)
step 42000  train 1.2145  eval 1.2020  pmax 6.9  (5436s)
step 43000  train 1.2026  eval 1.1897  pmax 6.9  (5564s)
step 44000  train 1.2064  eval 1.1837  pmax 6.9  (5692s)
step 45000  train 1.1890  eval 1.1993  pmax 6.9  (5820s)
step 46000  train 1.2497  eval 1.1861  pmax 6.9  (5948s)
step 47000  train 1.1791  eval 1.2114  pmax 6.9  (6077s)
step 48000  train 1.2118  eval 1.2471  pmax 6.9  (6205s)
step 49000  train 1.1776  eval 1.2120  pmax 6.9  (6333s)
step 50000  train 1.1953  eval 1.1598  pmax 6.9  (6461s)
  [checkpoint + sample saved at step 50000]
step 51000  train 1.2401  eval 1.2114  pmax 6.9  (6590s)
step 52000  train 1.1727  eval 1.2035  pmax 6.9  (6718s)
step 53000  train 1.2257  eval 1.2016  pmax 6.9  (6846s)
step 54000  train 1.1995  eval 1.1824  pmax 6.9  (6975s)
step 55000  train 1.2449  eval 1.1763  pmax 6.9  (7103s)
step 56000  train 1.2127  eval 1.2166  pmax 6.9  (7231s)
step 57000  train 1.2182  eval 1.2414  pmax 6.9  (7359s)
step 58000  train 1.2316  eval 1.2156  pmax 6.9  (7487s)
step 59000  train 1.1741  eval 1.2057  pmax 6.9  (7615s)
step 60000  train 1.2159  eval 1.2012  pmax 6.9  (7744s)
  [checkpoint + sample saved at step 60000]
step 61000  train 1.2069  eval 1.2045  pmax 6.9  (7873s)
step 62000  train 1.2113  eval 1.1712  pmax 6.9  (8001s)
step 63000  train 1.2339  eval 1.2000  pmax 6.9  (8129s)
step 64000  train 1.1845  eval 1.1972  pmax 6.9  (8257s)
step 65000  train 1.1873  eval 1.2102  pmax 6.9  (8386s)
step 66000  train 1.1874  eval 1.2204  pmax 6.9  (8514s)
  [checkpoint + sample saved at step 66000]
done. artifacts in /home/luke/Wavelet-State-KAN/checkpoints/mamba2_wikitext_1m_3ep_s31337
