/home/luke/Wavelet-State-KAN/experiments/V1_train_tinystories_lm.py:107: UserWarning: The given buffer is not writable, and PyTorch does not support non-writable tensors. This means you can write to the underlying (supposedly non-writable) buffer using the tensor. You may want to copy the buffer to protect its data or make it writable before converting it to a tensor. This type of warning will be suppressed for the rest of this program. (Triggered internally at /__w/pytorch/pytorch/torch/csrc/utils/tensor_new.cpp:1556.)
  train_ids = torch.frombuffer(train_text.encode("utf-8", errors="ignore"), dtype=torch.uint8)
train bytes: 542,898,247  eval bytes: 130,357
model: mamba2  params: 10,466  device: cuda
step     1  train 5.6161  eval 5.5679  pmax 5.9  (1s)
step  1000  train 1.9089  eval 1.9319  pmax 5.5  (47s)
step  2000  train 1.9093  eval 1.8600  pmax 5.3  (92s)
step  3000  train 1.8388  eval 1.8790  pmax 5.5  (139s)
step  4000  train 1.8411  eval 1.8704  pmax 5.7  (184s)
step  5000  train 1.8561  eval 1.8576  pmax 5.9  (228s)
step  6000  train 1.8307  eval 1.8128  pmax 6.1  (274s)
step  7000  train 1.8281  eval 1.8374  pmax 6.3  (320s)
step  8000  train 1.8303  eval 1.8325  pmax 6.3  (365s)
step  9000  train 1.7956  eval 1.8132  pmax 6.4  (410s)
step 10000  train 1.8289  eval 1.7781  pmax 6.4  (456s)
step 11000  train 1.7876  eval 1.7656  pmax 6.5  (502s)
step 12000  train 1.8066  eval 1.8178  pmax 6.6  (548s)
step 13000  train 1.8425  eval 1.8196  pmax 6.6  (591s)
step 14000  train 1.8058  eval 1.8106  pmax 6.7  (637s)
step 15000  train 1.8030  eval 1.7810  pmax 6.8  (683s)
step 16000  train 1.8071  eval 1.7968  pmax 6.8  (729s)
step 17000  train 1.7950  eval 1.7843  pmax 6.9  (773s)
step 18000  train 1.8172  eval 1.7878  pmax 6.9  (818s)
step 19000  train 1.7972  eval 1.7722  pmax 6.9  (865s)
step 20000  train 1.8160  eval 1.7991  pmax 7.0  (910s)
step 21000  train 1.7846  eval 1.8006  pmax 7.0  (956s)
step 22000  train 1.7685  eval 1.8188  pmax 7.0  (1001s)
step 23000  train 1.8018  eval 1.7675  pmax 7.0  (1045s)
step 24000  train 1.8042  eval 1.8104  pmax 7.1  (1092s)
step 25000  train 1.7993  eval 1.8141  pmax 7.1  (1138s)
  [checkpoint + sample saved at step 25000]
step 26000  train 1.7552  eval 1.8038  pmax 7.1  (1185s)
step 27000  train 1.7941  eval 1.7488  pmax 7.1  (1230s)
step 28000  train 1.7479  eval 1.8002  pmax 7.1  (1275s)
step 29000  train 1.7995  eval 1.8007  pmax 7.1  (1321s)
step 30000  train 1.8519  eval 1.7822  pmax 7.2  (1367s)
step 31000  train 1.7612  eval 1.7791  pmax 7.2  (1412s)
step 32000  train 1.8159  eval 1.7834  pmax 7.2  (1459s)
step 33000  train 1.7767  eval 1.8122  pmax 7.2  (1505s)
step 34000  train 1.8186  eval 1.8050  pmax 7.2  (1550s)
step 35000  train 1.7928  eval 1.8202  pmax 7.2  (1595s)
step 36000  train 1.7713  eval 1.7921  pmax 7.2  (1641s)
step 37000  train 1.7696  eval 1.7687  pmax 7.2  (1686s)
step 38000  train 1.7859  eval 1.8014  pmax 7.2  (1731s)
step 39000  train 1.7723  eval 1.7559  pmax 7.2  (1777s)
step 40000  train 1.7935  eval 1.8270  pmax 7.3  (1822s)
step 41000  train 1.7793  eval 1.7868  pmax 7.3  (1868s)
step 42000  train 1.7603  eval 1.7698  pmax 7.3  (1912s)
step 43000  train 1.7840  eval 1.8153  pmax 7.3  (1956s)
step 44000  train 1.7895  eval 1.7981  pmax 7.3  (2001s)
step 45000  train 1.8070  eval 1.7993  pmax 7.3  (2045s)
step 46000  train 1.7709  eval 1.7547  pmax 7.3  (2091s)
step 47000  train 1.7725  eval 1.7600  pmax 7.3  (2137s)
step 48000  train 1.8256  eval 1.7835  pmax 7.3  (2183s)
step 49000  train 1.7938  eval 1.7388  pmax 7.3  (2227s)
step 50000  train 1.7430  eval 1.7644  pmax 7.3  (2273s)
  [checkpoint + sample saved at step 50000]
done. artifacts in /home/luke/Wavelet-State-KAN/checkpoints/mamba2_wikitext_10k_3ep_s31337
