/home/luke/Wavelet-State-KAN/experiments/V1_train_tinystories_lm.py:107: UserWarning: The given buffer is not writable, and PyTorch does not support non-writable tensors. This means you can write to the underlying (supposedly non-writable) buffer using the tensor. You may want to copy the buffer to protect its data or make it writable before converting it to a tensor. This type of warning will be suppressed for the rest of this program. (Triggered internally at /__w/pytorch/pytorch/torch/csrc/utils/tensor_new.cpp:1556.)
  train_ids = torch.frombuffer(train_text.encode("utf-8", errors="ignore"), dtype=torch.uint8)
train bytes: 1,195,926,439  eval bytes: 2,859,070
model: mamba2  params: 10,466  device: cuda
step     1  train 5.6309  eval 5.5681  pmax 6.7  (1s)
step  1000  train 1.8689  eval 1.8632  pmax 6.8  (46s)
step  2000  train 1.8284  eval 1.7828  pmax 6.6  (89s)
step  3000  train 1.8167  eval 1.7893  pmax 6.8  (133s)
step  4000  train 1.7256  eval 1.7863  pmax 6.9  (178s)
step  5000  train 1.7824  eval 1.8252  pmax 7.0  (222s)
step  6000  train 1.7884  eval 1.7588  pmax 7.0  (265s)
step  7000  train 1.7640  eval 1.8040  pmax 7.1  (308s)
step  8000  train 1.7400  eval 1.7613  pmax 7.0  (349s)
step  9000  train 1.7569  eval 1.7752  pmax 6.4  (393s)
step 10000  train 1.8013  eval 1.7503  pmax 6.0  (438s)
step 11000  train 1.7578  eval 1.8353  pmax 5.8  (482s)
step 12000  train 1.7568  eval 1.7529  pmax 5.8  (526s)
step 13000  train 1.7182  eval 1.7168  pmax 5.7  (571s)
step 14000  train 1.7866  eval 1.7604  pmax 5.7  (614s)
step 15000  train 1.7947  eval 1.7535  pmax 5.6  (658s)
step 16000  train 1.7832  eval 1.7330  pmax 5.6  (703s)
step 17000  train 1.6965  eval 1.7828  pmax 5.5  (747s)
step 18000  train 1.7816  eval 1.7522  pmax 5.5  (790s)
step 19000  train 1.7095  eval 1.7627  pmax 5.5  (835s)
step 20000  train 1.7739  eval 1.7217  pmax 5.6  (879s)
step 21000  train 1.7088  eval 1.7045  pmax 5.6  (924s)
step 22000  train 1.7894  eval 1.7557  pmax 5.6  (967s)
step 23000  train 1.7222  eval 1.7626  pmax 5.7  (1011s)
step 24000  train 1.7519  eval 1.7928  pmax 5.7  (1055s)
step 25000  train 1.7399  eval 1.7595  pmax 5.8  (1100s)
  [checkpoint + sample saved at step 25000]
step 26000  train 1.7353  eval 1.7232  pmax 5.8  (1148s)
step 27000  train 1.7601  eval 1.7693  pmax 5.8  (1191s)
step 28000  train 1.7795  eval 1.7028  pmax 5.9  (1234s)
step 29000  train 1.7241  eval 1.7614  pmax 5.9  (1278s)
step 30000  train 1.7768  eval 1.7491  pmax 6.0  (1322s)
step 31000  train 1.6700  eval 1.7358  pmax 6.0  (1367s)
step 32000  train 1.7618  eval 1.7140  pmax 6.0  (1410s)
step 33000  train 1.7945  eval 1.7159  pmax 6.0  (1454s)
step 34000  train 1.7176  eval 1.7847  pmax 6.1  (1498s)
step 35000  train 1.7024  eval 1.7257  pmax 6.1  (1543s)
step 36000  train 1.7889  eval 1.7031  pmax 6.1  (1589s)
step 37000  train 1.7279  eval 1.7166  pmax 6.1  (1632s)
step 38000  train 1.7184  eval 1.8524  pmax 6.1  (1677s)
step 39000  train 1.7223  eval 1.7940  pmax 6.1  (1719s)
step 40000  train 1.7264  eval 1.7839  pmax 6.2  (1762s)
step 41000  train 1.7335  eval 1.7875  pmax 6.2  (1806s)
step 42000  train 1.7591  eval 1.7183  pmax 6.2  (1850s)
step 43000  train 1.7294  eval 1.7820  pmax 6.2  (1893s)
step 44000  train 1.7631  eval 1.7048  pmax 6.2  (1937s)
step 45000  train 1.7683  eval 1.7357  pmax 6.2  (1981s)
step 46000  train 1.7158  eval 1.7296  pmax 6.2  (2025s)
step 47000  train 1.7419  eval 1.7147  pmax 6.2  (2067s)
step 48000  train 1.7357  eval 1.6929  pmax 6.2  (2111s)
step 49000  train 1.7187  eval 1.7519  pmax 6.2  (2155s)
step 50000  train 1.7534  eval 1.7804  pmax 6.2  (2198s)
  [checkpoint + sample saved at step 50000]
step 51000  train 1.7580  eval 1.7164  pmax 6.2  (2243s)
step 52000  train 1.7411  eval 1.6616  pmax 6.2  (2287s)
step 53000  train 1.7387  eval 1.7745  pmax 6.2  (2330s)
step 54000  train 1.7213  eval 1.7072  pmax 6.2  (2373s)
  [checkpoint + sample saved at step 54000]
done. artifacts in /home/luke/Wavelet-State-KAN/checkpoints/mamba2_ultrachat_10k_3ep_s42
