/home/luke/Wavelet-State-KAN/experiments/V1_train_tinystories_lm.py:107: UserWarning: The given buffer is not writable, and PyTorch does not support non-writable tensors. This means you can write to the underlying (supposedly non-writable) buffer using the tensor. You may want to copy the buffer to protect its data or make it writable before converting it to a tensor. This type of warning will be suppressed for the rest of this program. (Triggered internally at /__w/pytorch/pytorch/torch/csrc/utils/tensor_new.cpp:1556.)
  train_ids = torch.frombuffer(train_text.encode("utf-8", errors="ignore"), dtype=torch.uint8)
train bytes: 1,195,926,439  eval bytes: 2,859,070
model: mamba2  params: 929,840  device: cuda
step     1  train 6.9085  eval 5.0218  pmax 6.5  (6s)
step  1000  train 1.3039  eval 1.2436  pmax 6.6  (279s)
step  2000  train 1.2310  eval 1.2394  pmax 6.6  (552s)
step  3000  train 1.2405  eval 1.2022  pmax 6.7  (825s)
step  4000  train 1.1789  eval 1.1656  pmax 6.7  (1098s)
step  5000  train 1.1307  eval 1.1672  pmax 6.7  (1371s)
step  6000  train 1.1810  eval 1.1659  pmax 6.7  (1644s)
step  7000  train 1.0989  eval 1.1095  pmax 6.8  (1917s)
step  8000  train 1.1388  eval 1.0918  pmax 6.8  (2190s)
step  9000  train 1.1189  eval 1.1368  pmax 6.8  (2463s)
step 10000  train 1.1633  eval 1.1663  pmax 6.8  (2736s)
  [checkpoint + sample saved at step 10000]
step 11000  train 1.0975  eval 1.1646  pmax 6.8  (3010s)
step 12000  train 1.1073  eval 1.1441  pmax 6.8  (3283s)
step 13000  train 1.1512  eval 1.1130  pmax 6.9  (3556s)
step 14000  train 1.1234  eval 1.1511  pmax 6.9  (3829s)
step 15000  train 1.0738  eval 1.1270  pmax 6.9  (4102s)
step 16000  train 1.0927  eval 1.1029  pmax 6.9  (4375s)
step 17000  train 1.1021  eval 1.1030  pmax 6.9  (4648s)
step 18000  train 1.0749  eval 1.1068  pmax 6.9  (4921s)
step 19000  train 1.1241  eval 1.1554  pmax 6.9  (5194s)
step 20000  train 1.0760  eval 1.1099  pmax 7.0  (5467s)
  [checkpoint + sample saved at step 20000]
step 21000  train 1.1153  eval 1.0376  pmax 7.0  (5741s)
step 22000  train 1.0703  eval 1.0983  pmax 7.0  (6014s)
step 23000  train 1.1335  eval 1.1371  pmax 7.0  (6287s)
step 24000  train 1.0960  eval 1.0743  pmax 7.0  (6560s)
step 25000  train 1.0166  eval 1.0853  pmax 7.0  (6833s)
step 26000  train 1.0571  eval 1.0925  pmax 7.0  (7106s)
step 27000  train 1.0692  eval 1.0833  pmax 7.0  (7379s)
step 28000  train 1.0340  eval 1.0585  pmax 7.0  (7652s)
step 29000  train 1.0380  eval 1.1004  pmax 7.0  (7926s)
step 30000  train 1.0705  eval 1.0894  pmax 7.0  (8199s)
  [checkpoint + sample saved at step 30000]
step 31000  train 1.0961  eval 1.0609  pmax 7.0  (8473s)
step 32000  train 1.0469  eval 1.0621  pmax 7.0  (8747s)
step 33000  train 1.1022  eval 1.0568  pmax 7.0  (9020s)
step 34000  train 1.0452  eval 1.0716  pmax 7.0  (9293s)
step 35000  train 1.0598  eval 1.0835  pmax 7.1  (9567s)
step 36000  train 1.0035  eval 1.0894  pmax 7.1  (9840s)
step 37000  train 1.0698  eval 1.0640  pmax 7.1  (10114s)
step 38000  train 1.0635  eval 1.0571  pmax 7.1  (10387s)
step 39000  train 1.0953  eval 1.0528  pmax 7.1  (10660s)
step 40000  train 1.0812  eval 1.1479  pmax 7.1  (10934s)
  [checkpoint + sample saved at step 40000]
step 41000  train 1.0671  eval 1.0919  pmax 7.1  (11208s)
step 42000  train 1.0936  eval 1.0778  pmax 7.1  (11482s)
step 43000  train 1.0300  eval 1.0664  pmax 7.1  (11755s)
step 44000  train 1.0790  eval 1.0573  pmax 7.1  (12028s)
step 45000  train 1.0696  eval 1.1201  pmax 7.1  (12302s)
step 46000  train 1.0492  eval 1.1062  pmax 7.1  (12575s)
step 47000  train 1.0146  eval 1.0643  pmax 7.1  (12848s)
step 48000  train 1.0614  eval 1.0861  pmax 7.1  (13121s)
step 49000  train 1.1248  eval 1.1344  pmax 7.1  (13394s)
step 50000  train 1.1273  eval 1.0644  pmax 7.1  (13667s)
  [checkpoint + sample saved at step 50000]
step 51000  train 1.0448  eval 1.0613  pmax 7.1  (13942s)
step 52000  train 1.0659  eval 1.0455  pmax 7.1  (14215s)
step 53000  train 1.0612  eval 1.0526  pmax 7.1  (14488s)
step 54000  train 1.1168  eval 1.0444  pmax 7.1  (14762s)
  [checkpoint + sample saved at step 54000]
done. artifacts in /home/luke/Wavelet-State-KAN/checkpoints/mamba2_ultrachat_1m_3ep_s7
