/home/luke/Wavelet-State-KAN/experiments/V1_train_tinystories_lm.py:107: UserWarning: The given buffer is not writable, and PyTorch does not support non-writable tensors. This means you can write to the underlying (supposedly non-writable) buffer using the tensor. You may want to copy the buffer to protect its data or make it writable before converting it to a tensor. This type of warning will be suppressed for the rest of this program. (Triggered internally at /__w/pytorch/pytorch/torch/csrc/utils/tensor_new.cpp:1556.)
  train_ids = torch.frombuffer(train_text.encode("utf-8", errors="ignore"), dtype=torch.uint8)
train bytes: 542,898,247  eval bytes: 130,357
model: mamba2  params: 98,124  device: cuda
W0919 23:39:43.894000 79043 .venv/lib/python3.12/site-packages/torch/_inductor/utils.py:1806] [0/0] Not enough SMs to use max_autotune_gemm mode
step     1  train 5.7800  eval 5.3481  pmax 6.9  (62s)
step  1000  train 1.5112  eval 1.4986  pmax 6.8  (78s)
step  2000  train 1.4844  eval 1.4202  pmax 6.7  (93s)
step  3000  train 1.4612  eval 1.4508  pmax 6.8  (109s)
step  4000  train 1.4338  eval 1.4582  pmax 7.1  (124s)
step  5000  train 1.3867  eval 1.4098  pmax 7.2  (140s)
step  6000  train 1.4801  eval 1.4187  pmax 7.3  (155s)
step  7000  train 1.4372  eval 1.3840  pmax 7.4  (171s)
step  8000  train 1.4058  eval 1.4147  pmax 7.4  (186s)
step  9000  train 1.4312  eval 1.3827  pmax 7.5  (202s)
step 10000  train 1.3937  eval 1.4241  pmax 7.5  (217s)
step 11000  train 1.3976  eval 1.3802  pmax 7.5  (233s)
step 12000  train 1.3760  eval 1.3396  pmax 7.6  (248s)
step 13000  train 1.4380  eval 1.3774  pmax 7.6  (263s)
step 14000  train 1.4219  eval 1.3785  pmax 7.7  (278s)
step 15000  train 1.3937  eval 1.3959  pmax 7.7  (293s)
step 16000  train 1.3894  eval 1.3981  pmax 7.7  (309s)
step 17000  train 1.3968  eval 1.4123  pmax 7.8  (324s)
step 18000  train 1.3612  eval 1.3592  pmax 7.8  (339s)
step 19000  train 1.3682  eval 1.3541  pmax 7.9  (354s)
step 20000  train 1.3830  eval 1.3615  pmax 7.9  (370s)
step 21000  train 1.3526  eval 1.3637  pmax 7.9  (385s)
step 22000  train 1.4094  eval 1.3925  pmax 7.9  (400s)
step 23000  train 1.3783  eval 1.3805  pmax 8.0  (416s)
step 24000  train 1.4091  eval 1.3323  pmax 8.0  (431s)
step 25000  train 1.3534  eval 1.3861  pmax 8.0  (447s)
  [checkpoint + sample saved at step 25000]
step 26000  train 1.4062  eval 1.3413  pmax 8.1  (465s)
step 27000  train 1.3530  eval 1.3552  pmax 8.1  (480s)
step 28000  train 1.3726  eval 1.3468  pmax 8.1  (495s)
step 29000  train 1.3564  eval 1.3289  pmax 8.2  (510s)
step 30000  train 1.4097  eval 1.3877  pmax 8.2  (526s)
step 31000  train 1.3414  eval 1.3684  pmax 8.2  (541s)
step 32000  train 1.3785  eval 1.3805  pmax 8.2  (556s)
step 33000  train 1.3752  eval 1.3240  pmax 8.2  (572s)
step 34000  train 1.3802  eval 1.3314  pmax 8.3  (587s)
step 35000  train 1.3524  eval 1.3494  pmax 8.3  (602s)
step 36000  train 1.3306  eval 1.3495  pmax 8.3  (617s)
step 37000  train 1.3782  eval 1.3872  pmax 8.3  (632s)
step 38000  train 1.3581  eval 1.3264  pmax 8.4  (647s)
step 39000  train 1.3679  eval 1.3607  pmax 8.4  (663s)
step 40000  train 1.4214  eval 1.3983  pmax 8.4  (678s)
step 41000  train 1.4138  eval 1.3746  pmax 8.4  (693s)
step 42000  train 1.3558  eval 1.3836  pmax 8.4  (708s)
step 43000  train 1.3518  eval 1.3396  pmax 8.4  (723s)
step 44000  train 1.3263  eval 1.3565  pmax 8.5  (739s)
step 45000  train 1.3693  eval 1.3505  pmax 8.5  (754s)
step 46000  train 1.3837  eval 1.3566  pmax 8.5  (769s)
step 47000  train 1.3787  eval 1.3309  pmax 8.5  (785s)
step 48000  train 1.3564  eval 1.3624  pmax 8.5  (800s)
step 49000  train 1.3211  eval 1.3259  pmax 8.5  (815s)
step 50000  train 1.3830  eval 1.3216  pmax 8.5  (830s)
  [checkpoint + sample saved at step 50000]
step 51000  train 1.3307  eval 1.3530  pmax 8.6  (848s)
step 52000  train 1.3317  eval 1.3647  pmax 8.6  (863s)
step 53000  train 1.3528  eval 1.3212  pmax 8.6  (879s)
step 54000  train 1.3468  eval 1.3336  pmax 8.6  (894s)
step 55000  train 1.3206  eval 1.3548  pmax 8.6  (910s)
step 56000  train 1.3649  eval 1.3678  pmax 8.6  (925s)
step 57000  train 1.3794  eval 1.3468  pmax 8.6  (940s)
step 58000  train 1.3455  eval 1.3207  pmax 8.6  (956s)
step 59000  train 1.3684  eval 1.3557  pmax 8.7  (971s)
step 60000  train 1.3425  eval 1.3577  pmax 8.7  (986s)
step 61000  train 1.3572  eval 1.3834  pmax 8.7  (1001s)
step 62000  train 1.3612  eval 1.3446  pmax 8.7  (1016s)
step 63000  train 1.3660  eval 1.3137  pmax 8.7  (1032s)
step 64000  train 1.3523  eval 1.3375  pmax 8.7  (1047s)
step 65000  train 1.3759  eval 1.3458  pmax 8.7  (1062s)
step 66000  train 1.3870  eval 1.3452  pmax 8.7  (1077s)
step 67000  train 1.3612  eval 1.3335  pmax 8.7  (1093s)
step 68000  train 1.3271  eval 1.3279  pmax 8.7  (1108s)
step 69000  train 1.4183  eval 1.3389  pmax 8.7  (1123s)
step 70000  train 1.3354  eval 1.3384  pmax 8.7  (1138s)
step 71000  train 1.3256  eval 1.3026  pmax 8.8  (1154s)
step 72000  train 1.3533  eval 1.3327  pmax 8.8  (1169s)
step 73000  train 1.3643  eval 1.3315  pmax 8.8  (1184s)
step 74000  train 1.3407  eval 1.3463  pmax 8.8  (1199s)
step 75000  train 1.3617  eval 1.3126  pmax 8.8  (1214s)
  [checkpoint + sample saved at step 75000]
step 76000  train 1.3247  eval 1.3438  pmax 8.8  (1232s)
step 77000  train 1.3539  eval 1.3305  pmax 8.8  (1247s)
step 78000  train 1.3375  eval 1.3379  pmax 8.8  (1262s)
step 79000  train 1.3350  eval 1.3562  pmax 8.8  (1277s)
step 80000  train 1.3132  eval 1.3243  pmax 8.8  (1292s)
step 81000  train 1.3379  eval 1.2975  pmax 8.8  (1307s)
step 82000  train 1.3241  eval 1.3342  pmax 8.8  (1323s)
step 83000  train 1.3322  eval 1.3322  pmax 8.8  (1338s)
step 84000  train 1.3297  eval 1.3324  pmax 8.8  (1353s)
step 85000  train 1.3448  eval 1.2970  pmax 8.8  (1368s)
step 86000  train 1.3276  eval 1.3727  pmax 8.8  (1384s)
step 87000  train 1.3304  eval 1.3172  pmax 8.8  (1399s)
step 88000  train 1.3143  eval 1.3113  pmax 8.8  (1414s)
step 89000  train 1.3309  eval 1.2840  pmax 8.8  (1429s)
step 90000  train 1.4104  eval 1.3347  pmax 8.8  (1444s)
step 91000  train 1.3819  eval 1.3332  pmax 8.8  (1459s)
step 92000  train 1.2895  eval 1.3590  pmax 8.8  (1474s)
step 93000  train 1.3479  eval 1.3057  pmax 8.8  (1490s)
step 94000  train 1.3546  eval 1.3199  pmax 8.8  (1505s)
step 95000  train 1.3365  eval 1.3204  pmax 8.8  (1520s)
step 96000  train 1.3320  eval 1.3374  pmax 8.8  (1535s)
step 97000  train 1.3442  eval 1.3435  pmax 8.8  (1550s)
step 98000  train 1.3509  eval 1.3792  pmax 8.8  (1565s)
step 99000  train 1.3327  eval 1.3331  pmax 8.8  (1581s)
  [checkpoint + sample saved at step 99000]
done. artifacts in /home/luke/Wavelet-State-KAN/checkpoints/mamba2_wikitext_100k_3ep_s42
