/home/luke/Wavelet-State-KAN/experiments/V1_train_tinystories_lm.py:107: UserWarning: The given buffer is not writable, and PyTorch does not support non-writable tensors. This means you can write to the underlying (supposedly non-writable) buffer using the tensor. You may want to copy the buffer to protect its data or make it writable before converting it to a tensor. This type of warning will be suppressed for the rest of this program. (Triggered internally at /__w/pytorch/pytorch/torch/csrc/utils/tensor_new.cpp:1556.)
  train_ids = torch.frombuffer(train_text.encode("utf-8", errors="ignore"), dtype=torch.uint8)
train bytes: 542,898,247  eval bytes: 130,357
model: mamba2  params: 98,124  device: cuda
W0920 14:19:25.839000 1219320 .venv/lib/python3.12/site-packages/torch/_inductor/utils.py:1806] [0/0] Not enough SMs to use max_autotune_gemm mode
step     1  train 5.8128  eval 5.3654  pmax 6.9  (55s)
step  1000  train 1.4825  eval 1.4932  pmax 7.1  (70s)
step  2000  train 1.4972  eval 1.4094  pmax 7.2  (85s)
step  3000  train 1.4146  eval 1.4522  pmax 7.2  (100s)
step  4000  train 1.4153  eval 1.4410  pmax 7.3  (114s)
step  5000  train 1.4203  eval 1.4269  pmax 7.2  (129s)
step  6000  train 1.4186  eval 1.4056  pmax 7.1  (143s)
step  7000  train 1.4082  eval 1.4071  pmax 7.0  (159s)
step  8000  train 1.3986  eval 1.4160  pmax 7.1  (173s)
step  9000  train 1.3829  eval 1.3794  pmax 7.1  (188s)
step 10000  train 1.4298  eval 1.3781  pmax 7.2  (203s)
step 11000  train 1.3813  eval 1.3616  pmax 7.2  (218s)
step 12000  train 1.3923  eval 1.3801  pmax 7.3  (233s)
step 13000  train 1.4225  eval 1.3792  pmax 7.3  (247s)
step 14000  train 1.3902  eval 1.3903  pmax 7.4  (262s)
step 15000  train 1.3616  eval 1.3456  pmax 7.4  (277s)
step 16000  train 1.3756  eval 1.3698  pmax 7.5  (292s)
step 17000  train 1.3895  eval 1.3639  pmax 7.5  (307s)
step 18000  train 1.3928  eval 1.3572  pmax 7.6  (322s)
step 19000  train 1.3797  eval 1.3509  pmax 7.6  (337s)
step 20000  train 1.4015  eval 1.3514  pmax 7.7  (352s)
step 21000  train 1.3763  eval 1.3764  pmax 7.7  (367s)
step 22000  train 1.3565  eval 1.3992  pmax 7.8  (382s)
step 23000  train 1.3840  eval 1.3466  pmax 7.8  (397s)
step 24000  train 1.3923  eval 1.3788  pmax 7.9  (413s)
step 25000  train 1.3910  eval 1.3926  pmax 7.9  (428s)
  [checkpoint + sample saved at step 25000]
step 26000  train 1.3256  eval 1.3762  pmax 8.0  (446s)
step 27000  train 1.3725  eval 1.3235  pmax 8.0  (460s)
step 28000  train 1.3449  eval 1.3763  pmax 8.0  (475s)
step 29000  train 1.3706  eval 1.3853  pmax 8.1  (490s)
step 30000  train 1.4274  eval 1.3643  pmax 8.1  (505s)
step 31000  train 1.3494  eval 1.3396  pmax 8.1  (519s)
step 32000  train 1.4076  eval 1.3790  pmax 8.2  (534s)
step 33000  train 1.3818  eval 1.3942  pmax 8.2  (549s)
step 34000  train 1.3779  eval 1.3726  pmax 8.2  (563s)
step 35000  train 1.3613  eval 1.3918  pmax 8.2  (578s)
step 36000  train 1.3455  eval 1.3723  pmax 8.3  (593s)
step 37000  train 1.3661  eval 1.3227  pmax 8.3  (608s)
step 38000  train 1.3685  eval 1.3960  pmax 8.3  (624s)
step 39000  train 1.3822  eval 1.3307  pmax 8.3  (639s)
step 40000  train 1.3941  eval 1.3880  pmax 8.3  (654s)
step 41000  train 1.3601  eval 1.3771  pmax 8.4  (669s)
step 42000  train 1.3336  eval 1.3400  pmax 8.4  (684s)
step 43000  train 1.3718  eval 1.3888  pmax 8.4  (698s)
step 44000  train 1.3628  eval 1.3741  pmax 8.4  (713s)
step 45000  train 1.3936  eval 1.3505  pmax 8.4  (728s)
step 46000  train 1.3558  eval 1.3170  pmax 8.5  (742s)
step 47000  train 1.3498  eval 1.3180  pmax 8.5  (757s)
step 48000  train 1.4029  eval 1.3646  pmax 8.5  (772s)
step 49000  train 1.3737  eval 1.3094  pmax 8.5  (786s)
step 50000  train 1.3122  eval 1.3531  pmax 8.5  (801s)
  [checkpoint + sample saved at step 50000]
step 51000  train 1.3454  eval 1.3500  pmax 8.5  (818s)
step 52000  train 1.3290  eval 1.3308  pmax 8.6  (832s)
step 53000  train 1.3421  eval 1.3423  pmax 8.6  (846s)
step 54000  train 1.3487  eval 1.3308  pmax 8.6  (861s)
step 55000  train 1.3819  eval 1.3597  pmax 8.6  (875s)
step 56000  train 1.3095  eval 1.3285  pmax 8.6  (890s)
step 57000  train 1.3834  eval 1.3281  pmax 8.6  (904s)
step 58000  train 1.3607  eval 1.3662  pmax 8.6  (919s)
step 59000  train 1.3204  eval 1.3066  pmax 8.6  (934s)
step 60000  train 1.3131  eval 1.3782  pmax 8.6  (949s)
step 61000  train 1.3443  eval 1.3132  pmax 8.7  (964s)
step 62000  train 1.3688  eval 1.3500  pmax 8.7  (979s)
step 63000  train 1.3825  eval 1.3148  pmax 8.7  (994s)
step 64000  train 1.3177  eval 1.3264  pmax 8.7  (1009s)
step 65000  train 1.3477  eval 1.3629  pmax 8.7  (1023s)
step 66000  train 1.3449  eval 1.3219  pmax 8.7  (1038s)
step 67000  train 1.3253  eval 1.3552  pmax 8.7  (1053s)
step 68000  train 1.3412  eval 1.3581  pmax 8.7  (1067s)
step 69000  train 1.3578  eval 1.3353  pmax 8.7  (1082s)
step 70000  train 1.3621  eval 1.3580  pmax 8.7  (1096s)
step 71000  train 1.3412  eval 1.3420  pmax 8.7  (1111s)
step 72000  train 1.3196  eval 1.3520  pmax 8.7  (1125s)
step 73000  train 1.3172  eval 1.3631  pmax 8.8  (1140s)
step 74000  train 1.3711  eval 1.3587  pmax 8.8  (1154s)
step 75000  train 1.3144  eval 1.3116  pmax 8.8  (1169s)
  [checkpoint + sample saved at step 75000]
step 76000  train 1.3321  eval 1.2639  pmax 8.8  (1186s)
step 77000  train 1.3341  eval 1.3658  pmax 8.8  (1200s)
step 78000  train 1.3504  eval 1.3098  pmax 8.8  (1215s)
step 79000  train 1.3289  eval 1.3267  pmax 8.8  (1230s)
step 80000  train 1.3468  eval 1.3224  pmax 8.8  (1244s)
step 81000  train 1.3651  eval 1.3301  pmax 8.8  (1259s)
step 82000  train 1.3616  eval 1.3480  pmax 8.8  (1273s)
step 83000  train 1.4165  eval 1.3582  pmax 8.8  (1288s)
step 84000  train 1.3498  eval 1.2817  pmax 8.8  (1302s)
step 85000  train 1.3171  eval 1.3209  pmax 8.8  (1317s)
step 86000  train 1.3646  eval 1.3365  pmax 8.8  (1332s)
step 87000  train 1.3388  eval 1.3343  pmax 8.8  (1346s)
step 88000  train 1.3113  eval 1.3360  pmax 8.8  (1360s)
step 89000  train 1.3987  eval 1.3513  pmax 8.8  (1375s)
step 90000  train 1.3126  eval 1.3136  pmax 8.8  (1389s)
step 91000  train 1.3452  eval 1.2979  pmax 8.8  (1404s)
step 92000  train 1.3462  eval 1.3459  pmax 8.8  (1419s)
step 93000  train 1.3211  eval 1.3425  pmax 8.8  (1434s)
step 94000  train 1.3441  eval 1.3574  pmax 8.8  (1449s)
step 95000  train 1.3459  eval 1.3021  pmax 8.8  (1463s)
step 96000  train 1.3519  eval 1.3155  pmax 8.8  (1478s)
step 97000  train 1.3533  eval 1.3313  pmax 8.8  (1493s)
step 98000  train 1.3220  eval 1.3323  pmax 8.8  (1507s)
step 99000  train 1.3083  eval 1.3129  pmax 8.8  (1522s)
  [checkpoint + sample saved at step 99000]
done. artifacts in /home/luke/Wavelet-State-KAN/checkpoints/mamba2_wikitext_100k_3ep_s31337
