/home/luke/Wavelet-State-KAN/experiments/V1_train_tinystories_lm.py:107: UserWarning: The given buffer is not writable, and PyTorch does not support non-writable tensors. This means you can write to the underlying (supposedly non-writable) buffer using the tensor. You may want to copy the buffer to protect its data or make it writable before converting it to a tensor. This type of warning will be suppressed for the rest of this program. (Triggered internally at /__w/pytorch/pytorch/torch/csrc/utils/tensor_new.cpp:1556.)
  train_ids = torch.frombuffer(train_text.encode("utf-8", errors="ignore"), dtype=torch.uint8)
train bytes: 1,195,926,439  eval bytes: 2,859,070
model: mamba2  params: 929,840  device: cuda
W0916 06:16:51.708000 1146924 .venv/lib/python3.12/site-packages/torch/_inductor/utils.py:1806] [0/0] Not enough SMs to use max_autotune_gemm mode
step     1  train 6.9426  eval 5.1782  pmax 6.5  (51s)
step  1000  train 1.2347  eval 1.2773  pmax 6.5  (325s)
step  2000  train 1.1710  eval 1.2877  pmax 6.4  (600s)
step  3000  train 1.1983  eval 1.1954  pmax 6.4  (874s)
step  4000  train 1.1839  eval 1.1914  pmax 6.4  (1149s)
step  5000  train 1.2038  eval 1.1006  pmax 6.4  (1424s)
step  6000  train 1.1390  eval 1.2200  pmax 6.4  (1698s)
step  7000  train 1.1653  eval 1.1232  pmax 6.4  (1973s)
step  8000  train 1.1508  eval 1.1431  pmax 6.4  (2248s)
step  9000  train 1.1433  eval 1.1352  pmax 6.4  (2522s)
step 10000  train 1.1091  eval 1.2030  pmax 6.4  (2797s)
  [checkpoint + sample saved at step 10000]
step 11000  train 1.1790  eval 1.1592  pmax 6.3  (3073s)
step 12000  train 1.0976  eval 1.1550  pmax 6.3  (3347s)
step 13000  train 1.1185  eval 1.1695  pmax 6.3  (3622s)
step 14000  train 1.1091  eval 1.0989  pmax 6.3  (3896s)
step 15000  train 1.1339  eval 1.1643  pmax 6.3  (4170s)
step 16000  train 1.0993  eval 1.1217  pmax 6.3  (4445s)
step 17000  train 1.1145  eval 1.1442  pmax 6.3  (4719s)
step 18000  train 1.0882  eval 1.0953  pmax 6.3  (4993s)
step 19000  train 1.1074  eval 1.0915  pmax 6.3  (5267s)
step 20000  train 1.1085  eval 1.1041  pmax 6.3  (5541s)
  [checkpoint + sample saved at step 20000]
step 21000  train 1.1009  eval 1.0938  pmax 6.3  (5816s)
step 22000  train 1.0588  eval 1.0587  pmax 6.3  (6091s)
step 23000  train 1.1164  eval 1.0970  pmax 6.3  (6365s)
step 24000  train 1.0059  eval 1.1329  pmax 6.3  (6639s)
step 25000  train 1.0840  eval 1.0614  pmax 6.3  (6913s)
step 26000  train 1.0787  eval 1.0835  pmax 6.3  (7187s)
step 27000  train 1.1091  eval 1.1329  pmax 6.3  (7462s)
step 28000  train 1.0353  eval 1.0952  pmax 6.3  (7736s)
step 29000  train 1.0622  eval 1.0613  pmax 6.3  (8010s)
step 30000  train 1.0809  eval 1.0872  pmax 6.3  (8285s)
  [checkpoint + sample saved at step 30000]
step 31000  train 1.1064  eval 1.0965  pmax 6.3  (8560s)
step 32000  train 1.0738  eval 1.0509  pmax 6.3  (8834s)
step 33000  train 1.1046  eval 1.0831  pmax 6.3  (9108s)
step 34000  train 1.0644  eval 1.0621  pmax 6.3  (9383s)
step 35000  train 1.0231  eval 1.1068  pmax 6.3  (9657s)
step 36000  train 1.0684  eval 0.9871  pmax 6.3  (9932s)
step 37000  train 1.0425  eval 1.0922  pmax 6.3  (10207s)
step 38000  train 1.1112  eval 1.0490  pmax 6.3  (10481s)
step 39000  train 1.0039  eval 1.0936  pmax 6.3  (10756s)
step 40000  train 1.0574  eval 1.1079  pmax 6.3  (11031s)
  [checkpoint + sample saved at step 40000]
step 41000  train 1.1001  eval 1.0657  pmax 6.3  (11307s)
step 42000  train 1.0517  eval 1.0342  pmax 6.3  (11582s)
step 43000  train 1.0416  eval 1.0851  pmax 6.3  (11857s)
step 44000  train 1.0434  eval 1.1097  pmax 6.3  (12132s)
step 45000  train 1.0577  eval 1.0822  pmax 6.3  (12407s)
step 46000  train 1.0208  eval 1.0653  pmax 6.3  (12682s)
step 47000  train 1.0694  eval 1.0501  pmax 6.3  (12957s)
step 48000  train 1.0425  eval 1.0707  pmax 6.3  (13232s)
step 49000  train 1.0624  eval 1.0154  pmax 6.3  (13507s)
step 50000  train 1.0147  eval 1.0704  pmax 6.3  (13782s)
  [checkpoint + sample saved at step 50000]
step 51000  train 1.0503  eval 1.1148  pmax 6.3  (14057s)
step 52000  train 1.0758  eval 1.1027  pmax 6.3  (14332s)
step 53000  train 1.0560  eval 1.0701  pmax 6.3  (14607s)
step 54000  train 1.0518  eval 1.0874  pmax 6.3  (14882s)
  [checkpoint + sample saved at step 54000]
done. artifacts in /home/luke/Wavelet-State-KAN/checkpoints/mamba2_ultrachat_1m_3ep_s31337
