train bytes: 180,263,596  eval bytes: 2,859,070
model: mamba2  params: 10,466  device: cuda
step     1  train 5.6469  eval 5.5918  pmax 6.6  (1s)
step  1000  train 1.9542  eval 1.8831  pmax 6.8  (47s)
step  2000  train 1.8298  eval 1.7825  pmax 7.3  (95s)
step  3000  train 1.8192  eval 1.7942  pmax 7.6  (141s)
step  4000  train 1.7690  eval 1.8799  pmax 7.8  (187s)
step  5000  train 1.8036  eval 1.7687  pmax 7.9  (233s)
step  6000  train 1.7660  eval 1.8050  pmax 7.7  (280s)
step  7000  train 1.8100  eval 1.6978  pmax 7.3  (326s)
step  8000  train 1.7448  eval 1.8275  pmax 6.7  (372s)
step  9000  train 1.7636  eval 1.8607  pmax 6.4  (418s)
step 10000  train 1.8219  eval 1.8140  pmax 6.2  (464s)
step 11000  train 1.8105  eval 1.8485  pmax 6.0  (510s)
step 12000  train 1.8156  eval 1.7631  pmax 5.8  (556s)
step 13000  train 1.7899  eval 1.7673  pmax 5.7  (603s)
step 14000  train 1.7985  eval 1.7561  pmax 5.4  (650s)
step 15000  train 1.7973  eval 1.8018  pmax 5.4  (696s)
step 16000  train 1.7524  eval 1.7621  pmax 5.4  (742s)
step 17000  train 1.7828  eval 1.7775  pmax 5.4  (788s)
step 18000  train 1.8391  eval 1.7579  pmax 5.4  (834s)
step 19000  train 1.8050  eval 1.7608  pmax 5.5  (880s)
step 20000  train 1.7829  eval 1.7388  pmax 5.5  (927s)
  [checkpoint + sample saved at step 20000]
done. artifacts in /home/luke/Wavelet-State-KAN/checkpoints/mamba2_ultrachat_10k_s2024
