/home/luke/Wavelet-State-KAN/experiments/V1_train_tinystories_lm.py:107: UserWarning: The given buffer is not writable, and PyTorch does not support non-writable tensors. This means you can write to the underlying (supposedly non-writable) buffer using the tensor. You may want to copy the buffer to protect its data or make it writable before converting it to a tensor. This type of warning will be suppressed for the rest of this program. (Triggered internally at /__w/pytorch/pytorch/torch/csrc/utils/tensor_new.cpp:1556.)
  train_ids = torch.frombuffer(train_text.encode("utf-8", errors="ignore"), dtype=torch.uint8)
train bytes: 542,898,247  eval bytes: 130,357
model: mamba2  params: 929,840  device: cuda
W0917 09:15:32.677000 1476265 .venv/lib/python3.12/site-packages/torch/_inductor/utils.py:1806] [0/0] Not enough SMs to use max_autotune_gemm mode
step     1  train 6.6572  eval 4.9252  pmax 6.1  (48s)
step  1000  train 1.3731  eval 1.4026  pmax 6.2  (166s)
step  2000  train 1.3493  eval 1.3818  pmax 6.3  (285s)
step  3000  train 1.3631  eval 1.3322  pmax 6.3  (404s)
step  4000  train 1.3111  eval 1.2951  pmax 6.4  (524s)
step  5000  train 1.3027  eval 1.2997  pmax 6.4  (643s)
step  6000  train 1.2734  eval 1.3040  pmax 6.4  (762s)
step  7000  train 1.2897  eval 1.2566  pmax 6.4  (881s)
step  8000  train 1.2739  eval 1.2894  pmax 6.4  (1000s)
step  9000  train 1.2905  eval 1.2431  pmax 6.4  (1120s)
step 10000  train 1.2743  eval 1.3144  pmax 6.4  (1239s)
  [checkpoint + sample saved at step 10000]
step 11000  train 1.2745  eval 1.2320  pmax 6.4  (1360s)
step 12000  train 1.2784  eval 1.2597  pmax 6.4  (1479s)
step 13000  train 1.2562  eval 1.2926  pmax 6.4  (1599s)
step 14000  train 1.2716  eval 1.2967  pmax 6.4  (1718s)
step 15000  train 1.2647  eval 1.2745  pmax 6.4  (1837s)
step 16000  train 1.2676  eval 1.2221  pmax 6.4  (1956s)
step 17000  train 1.2500  eval 1.2567  pmax 6.4  (2076s)
step 18000  train 1.2765  eval 1.2694  pmax 6.4  (2195s)
step 19000  train 1.2415  eval 1.2782  pmax 6.4  (2315s)
step 20000  train 1.2431  eval 1.2414  pmax 6.4  (2434s)
  [checkpoint + sample saved at step 20000]
step 21000  train 1.2538  eval 1.2341  pmax 6.4  (2555s)
step 22000  train 1.2136  eval 1.2121  pmax 6.4  (2674s)
step 23000  train 1.2384  eval 1.1959  pmax 6.4  (2794s)
step 24000  train 1.2332  eval 1.2128  pmax 6.4  (2913s)
step 25000  train 1.2255  eval 1.2445  pmax 6.4  (3032s)
step 26000  train 1.2360  eval 1.2628  pmax 6.4  (3152s)
step 27000  train 1.2626  eval 1.2443  pmax 6.4  (3271s)
step 28000  train 1.2331  eval 1.2365  pmax 6.4  (3390s)
step 29000  train 1.2266  eval 1.2851  pmax 6.4  (3510s)
step 30000  train 1.2311  eval 1.2103  pmax 6.4  (3630s)
  [checkpoint + sample saved at step 30000]
step 31000  train 1.2192  eval 1.2210  pmax 6.4  (3750s)
step 32000  train 1.2071  eval 1.2217  pmax 6.4  (3869s)
step 33000  train 1.2181  eval 1.2134  pmax 6.4  (3989s)
step 34000  train 1.2227  eval 1.2172  pmax 6.4  (4108s)
step 35000  train 1.1929  eval 1.1877  pmax 6.4  (4227s)
step 36000  train 1.2218  eval 1.1933  pmax 6.4  (4347s)
step 37000  train 1.2134  eval 1.2034  pmax 6.4  (4466s)
step 38000  train 1.2470  eval 1.2304  pmax 6.4  (4586s)
step 39000  train 1.1923  eval 1.1770  pmax 6.4  (4705s)
step 40000  train 1.2548  eval 1.1991  pmax 6.4  (4825s)
  [checkpoint + sample saved at step 40000]
step 41000  train 1.2113  eval 1.2414  pmax 6.4  (4946s)
step 42000  train 1.2487  eval 1.2125  pmax 6.4  (5065s)
step 43000  train 1.1894  eval 1.2112  pmax 6.4  (5184s)
step 44000  train 1.2045  eval 1.2378  pmax 6.4  (5304s)
step 45000  train 1.1921  eval 1.1747  pmax 6.4  (5424s)
step 46000  train 1.2178  eval 1.1782  pmax 6.4  (5543s)
step 47000  train 1.2226  eval 1.2281  pmax 6.4  (5662s)
step 48000  train 1.2046  eval 1.1807  pmax 6.4  (5782s)
step 49000  train 1.2147  eval 1.2100  pmax 6.4  (5902s)
step 50000  train 1.1865  eval 1.2010  pmax 6.4  (6021s)
  [checkpoint + sample saved at step 50000]
step 51000  train 1.2051  eval 1.2152  pmax 6.4  (6142s)
step 52000  train 1.2076  eval 1.1586  pmax 6.4  (6262s)
step 53000  train 1.2299  eval 1.2289  pmax 6.4  (6381s)
step 54000  train 1.2426  eval 1.2082  pmax 6.4  (6501s)
step 55000  train 1.1767  eval 1.2365  pmax 6.4  (6621s)
step 56000  train 1.2376  eval 1.2013  pmax 6.4  (6741s)
step 57000  train 1.1826  eval 1.2018  pmax 6.4  (6860s)
step 58000  train 1.1788  eval 1.2068  pmax 6.4  (6979s)
step 59000  train 1.1758  eval 1.2058  pmax 6.4  (7099s)
step 60000  train 1.1931  eval 1.1920  pmax 6.4  (7219s)
  [checkpoint + sample saved at step 60000]
step 61000  train 1.1768  eval 1.2044  pmax 6.4  (7340s)
step 62000  train 1.2376  eval 1.1952  pmax 6.4  (7460s)
step 63000  train 1.1734  eval 1.1922  pmax 6.4  (7579s)
step 64000  train 1.1720  eval 1.2351  pmax 6.4  (7699s)
step 65000  train 1.1878  eval 1.1881  pmax 6.4  (7819s)
step 66000  train 1.2195  eval 1.1976  pmax 6.4  (7939s)
  [checkpoint + sample saved at step 66000]
done. artifacts in /home/luke/Wavelet-State-KAN/checkpoints/mamba2_wikitext_1m_3ep_s42
