/home/luke/Wavelet-State-KAN/experiments/V1_train_tinystories_lm.py:107: UserWarning: The given buffer is not writable, and PyTorch does not support non-writable tensors. This means you can write to the underlying (supposedly non-writable) buffer using the tensor. You may want to copy the buffer to protect its data or make it writable before converting it to a tensor. This type of warning will be suppressed for the rest of this program. (Triggered internally at /__w/pytorch/pytorch/torch/csrc/utils/tensor_new.cpp:1556.)
  train_ids = torch.frombuffer(train_text.encode("utf-8", errors="ignore"), dtype=torch.uint8)
train bytes: 542,898,247  eval bytes: 130,357
model: mamba2  params: 98,124  device: cuda
step     1  train 5.8089  eval 5.3981  pmax 6.9  (8s)
step  1000  train 1.5281  eval 1.4818  pmax 7.1  (23s)
step  2000  train 1.4785  eval 1.4286  pmax 7.1  (38s)
step  3000  train 1.4653  eval 1.4710  pmax 7.0  (53s)
step  4000  train 1.4336  eval 1.4389  pmax 7.1  (68s)
step  5000  train 1.3968  eval 1.4005  pmax 7.1  (83s)
step  6000  train 1.4886  eval 1.4250  pmax 7.2  (98s)
step  7000  train 1.4281  eval 1.4445  pmax 7.1  (113s)
step  8000  train 1.4050  eval 1.4148  pmax 7.1  (128s)
step  9000  train 1.3588  eval 1.3809  pmax 7.2  (142s)
step 10000  train 1.4033  eval 1.3926  pmax 7.2  (158s)
step 11000  train 1.3853  eval 1.3845  pmax 7.2  (172s)
step 12000  train 1.4100  eval 1.3821  pmax 7.2  (187s)
step 13000  train 1.3887  eval 1.3884  pmax 7.2  (202s)
step 14000  train 1.3573  eval 1.3966  pmax 7.2  (218s)
step 15000  train 1.3841  eval 1.3955  pmax 7.2  (232s)
step 16000  train 1.4153  eval 1.3887  pmax 7.2  (247s)
step 17000  train 1.3814  eval 1.4065  pmax 7.3  (262s)
step 18000  train 1.4085  eval 1.3666  pmax 7.3  (277s)
step 19000  train 1.3926  eval 1.4163  pmax 7.3  (292s)
step 20000  train 1.3924  eval 1.3860  pmax 7.3  (307s)
step 21000  train 1.4097  eval 1.4004  pmax 7.3  (322s)
step 22000  train 1.3923  eval 1.3540  pmax 7.3  (336s)
step 23000  train 1.4132  eval 1.3814  pmax 7.3  (351s)
step 24000  train 1.3498  eval 1.3976  pmax 7.4  (366s)
step 25000  train 1.4048  eval 1.3722  pmax 7.4  (381s)
  [checkpoint + sample saved at step 25000]
step 26000  train 1.3799  eval 1.3766  pmax 7.4  (400s)
step 27000  train 1.3832  eval 1.3828  pmax 7.4  (414s)
step 28000  train 1.3521  eval 1.3552  pmax 7.5  (429s)
step 29000  train 1.3455  eval 1.3795  pmax 7.5  (444s)
step 30000  train 1.4017  eval 1.3650  pmax 7.5  (459s)
step 31000  train 1.3921  eval 1.3776  pmax 7.5  (474s)
step 32000  train 1.3520  eval 1.3500  pmax 7.6  (489s)
step 33000  train 1.3661  eval 1.3918  pmax 7.6  (503s)
step 34000  train 1.3751  eval 1.3561  pmax 7.6  (518s)
step 35000  train 1.3502  eval 1.3461  pmax 7.6  (533s)
step 36000  train 1.3486  eval 1.3695  pmax 7.7  (548s)
step 37000  train 1.3332  eval 1.3281  pmax 7.7  (563s)
step 38000  train 1.3177  eval 1.3238  pmax 7.7  (577s)
step 39000  train 1.3796  eval 1.3423  pmax 7.7  (593s)
step 40000  train 1.3561  eval 1.3758  pmax 7.7  (607s)
step 41000  train 1.3846  eval 1.3499  pmax 7.7  (622s)
step 42000  train 1.3479  eval 1.3537  pmax 7.8  (637s)
step 43000  train 1.3788  eval 1.3098  pmax 7.8  (652s)
step 44000  train 1.3649  eval 1.3955  pmax 7.8  (667s)
step 45000  train 1.3387  eval 1.3427  pmax 7.8  (682s)
step 46000  train 1.3201  eval 1.3923  pmax 7.8  (697s)
step 47000  train 1.3588  eval 1.3228  pmax 7.8  (712s)
step 48000  train 1.3568  eval 1.3439  pmax 7.9  (727s)
step 49000  train 1.3229  eval 1.3353  pmax 7.9  (742s)
step 50000  train 1.3893  eval 1.3357  pmax 7.9  (756s)
  [checkpoint + sample saved at step 50000]
step 51000  train 1.3568  eval 1.3458  pmax 7.9  (774s)
step 52000  train 1.3274  eval 1.3387  pmax 7.9  (788s)
step 53000  train 1.3571  eval 1.3333  pmax 7.9  (804s)
step 54000  train 1.3420  eval 1.3338  pmax 7.9  (819s)
step 55000  train 1.3417  eval 1.3389  pmax 7.9  (834s)
step 56000  train 1.3372  eval 1.3121  pmax 7.9  (849s)
step 57000  train 1.3331  eval 1.3365  pmax 8.0  (864s)
step 58000  train 1.3128  eval 1.3570  pmax 8.0  (879s)
step 59000  train 1.3354  eval 1.3808  pmax 8.0  (894s)
step 60000  train 1.3249  eval 1.3477  pmax 8.0  (909s)
step 61000  train 1.3773  eval 1.3499  pmax 8.0  (923s)
step 62000  train 1.3499  eval 1.3411  pmax 8.0  (938s)
step 63000  train 1.3549  eval 1.3200  pmax 8.0  (953s)
step 64000  train 1.3422  eval 1.3699  pmax 8.0  (968s)
step 65000  train 1.3251  eval 1.3521  pmax 8.0  (983s)
step 66000  train 1.3698  eval 1.3600  pmax 8.0  (997s)
step 67000  train 1.3106  eval 1.3361  pmax 8.0  (1012s)
step 68000  train 1.2922  eval 1.3776  pmax 8.0  (1027s)
step 69000  train 1.3808  eval 1.3216  pmax 8.1  (1042s)
step 70000  train 1.3176  eval 1.3353  pmax 8.1  (1056s)
step 71000  train 1.3518  eval 1.3286  pmax 8.1  (1071s)
step 72000  train 1.3328  eval 1.3307  pmax 8.1  (1087s)
step 73000  train 1.3212  eval 1.3422  pmax 8.1  (1102s)
step 74000  train 1.3496  eval 1.3619  pmax 8.1  (1117s)
step 75000  train 1.3533  eval 1.3505  pmax 8.1  (1132s)
  [checkpoint + sample saved at step 75000]
step 76000  train 1.3602  eval 1.2888  pmax 8.1  (1149s)
step 77000  train 1.3130  eval 1.3442  pmax 8.1  (1164s)
step 78000  train 1.3076  eval 1.3574  pmax 8.1  (1179s)
step 79000  train 1.3389  eval 1.3103  pmax 8.1  (1194s)
step 80000  train 1.3571  eval 1.3173  pmax 8.1  (1209s)
step 81000  train 1.3351  eval 1.3068  pmax 8.1  (1224s)
step 82000  train 1.3480  eval 1.3676  pmax 8.1  (1239s)
step 83000  train 1.3586  eval 1.3346  pmax 8.1  (1254s)
step 84000  train 1.3316  eval 1.3165  pmax 8.1  (1268s)
step 85000  train 1.3503  eval 1.3302  pmax 8.1  (1283s)
step 86000  train 1.3187  eval 1.3414  pmax 8.1  (1298s)
step 87000  train 1.3312  eval 1.3405  pmax 8.1  (1313s)
step 88000  train 1.3434  eval 1.3280  pmax 8.1  (1328s)
step 89000  train 1.3434  eval 1.3602  pmax 8.1  (1343s)
step 90000  train 1.3519  eval 1.3919  pmax 8.1  (1358s)
step 91000  train 1.3340  eval 1.3071  pmax 8.1  (1372s)
step 92000  train 1.3653  eval 1.3187  pmax 8.1  (1387s)
step 93000  train 1.3085  eval 1.3474  pmax 8.1  (1403s)
step 94000  train 1.3317  eval 1.3110  pmax 8.1  (1418s)
step 95000  train 1.3310  eval 1.3924  pmax 8.1  (1432s)
step 96000  train 1.3913  eval 1.3359  pmax 8.1  (1447s)
step 97000  train 1.3498  eval 1.3172  pmax 8.1  (1462s)
step 98000  train 1.3302  eval 1.3415  pmax 8.1  (1477s)
step 99000  train 1.3150  eval 1.3304  pmax 8.1  (1492s)
  [checkpoint + sample saved at step 99000]
done. artifacts in /home/luke/Wavelet-State-KAN/checkpoints/mamba2_wikitext_100k_3ep_s7
