/home/luke/Wavelet-State-KAN/experiments/V1_train_tinystories_lm.py:107: UserWarning: The given buffer is not writable, and PyTorch does not support non-writable tensors. This means you can write to the underlying (supposedly non-writable) buffer using the tensor. You may want to copy the buffer to protect its data or make it writable before converting it to a tensor. This type of warning will be suppressed for the rest of this program. (Triggered internally at /__w/pytorch/pytorch/torch/csrc/utils/tensor_new.cpp:1556.)
  train_ids = torch.frombuffer(train_text.encode("utf-8", errors="ignore"), dtype=torch.uint8)
train bytes: 542,898,247  eval bytes: 130,357
model: mamba2  params: 929,840  device: cuda
W0917 23:36:30.622000 1612317 .venv/lib/python3.12/site-packages/torch/_inductor/utils.py:1806] [0/0] Not enough SMs to use max_autotune_gemm mode
step     1  train 6.6879  eval 4.9624  pmax 6.8  (44s)
step  1000  train 1.3956  eval 1.3934  pmax 6.8  (136s)
step  2000  train 1.3543  eval 1.3743  pmax 6.8  (228s)
step  3000  train 1.3275  eval 1.3846  pmax 6.9  (321s)
step  4000  train 1.2826  eval 1.3220  pmax 6.9  (413s)
step  5000  train 1.3054  eval 1.2898  pmax 6.9  (506s)
step  6000  train 1.2983  eval 1.2845  pmax 6.8  (599s)
step  7000  train 1.2840  eval 1.2706  pmax 6.8  (691s)
step  8000  train 1.3002  eval 1.2334  pmax 6.8  (784s)
step  9000  train 1.2666  eval 1.2691  pmax 6.8  (876s)
step 10000  train 1.2887  eval 1.3068  pmax 6.8  (969s)
  [checkpoint + sample saved at step 10000]
step 11000  train 1.2779  eval 1.3128  pmax 6.8  (1063s)
step 12000  train 1.2587  eval 1.2410  pmax 6.8  (1155s)
step 13000  train 1.3096  eval 1.2669  pmax 6.8  (1248s)
step 14000  train 1.2657  eval 1.2297  pmax 6.8  (1340s)
step 15000  train 1.2561  eval 1.2458  pmax 6.8  (1433s)
step 16000  train 1.2484  eval 1.2678  pmax 6.8  (1525s)
step 17000  train 1.2400  eval 1.2718  pmax 6.8  (1618s)
step 18000  train 1.2682  eval 1.2522  pmax 6.7  (1710s)
step 19000  train 1.2197  eval 1.2393  pmax 6.7  (1803s)
step 20000  train 1.2298  eval 1.2398  pmax 6.7  (1896s)
  [checkpoint + sample saved at step 20000]
step 21000  train 1.2371  eval 1.2071  pmax 6.7  (1990s)
step 22000  train 1.2277  eval 1.2018  pmax 6.7  (2082s)
step 23000  train 1.2224  eval 1.2221  pmax 6.7  (2174s)
step 24000  train 1.2542  eval 1.2082  pmax 6.7  (2267s)
step 25000  train 1.2385  eval 1.2173  pmax 6.7  (2359s)
step 26000  train 1.1853  eval 1.2159  pmax 6.7  (2452s)
step 27000  train 1.2507  eval 1.2137  pmax 6.7  (2544s)
step 28000  train 1.2398  eval 1.1793  pmax 6.7  (2637s)
step 29000  train 1.1929  eval 1.2255  pmax 6.7  (2729s)
step 30000  train 1.1974  eval 1.2291  pmax 6.7  (2821s)
  [checkpoint + sample saved at step 30000]
step 31000  train 1.1991  eval 1.2402  pmax 6.7  (2915s)
step 32000  train 1.1892  eval 1.2027  pmax 6.7  (3008s)
step 33000  train 1.2087  eval 1.1992  pmax 6.7  (3101s)
step 34000  train 1.2059  eval 1.2410  pmax 6.7  (3193s)
step 35000  train 1.2120  eval 1.2029  pmax 6.7  (3286s)
step 36000  train 1.2111  eval 1.2099  pmax 6.7  (3378s)
step 37000  train 1.2221  eval 1.2374  pmax 6.7  (3471s)
step 38000  train 1.1984  eval 1.2120  pmax 6.7  (3563s)
step 39000  train 1.2401  eval 1.1998  pmax 6.7  (3656s)
step 40000  train 1.2362  eval 1.2122  pmax 6.7  (3748s)
  [checkpoint + sample saved at step 40000]
step 41000  train 1.2034  eval 1.2169  pmax 6.7  (3842s)
step 42000  train 1.2155  eval 1.2080  pmax 6.7  (3934s)
step 43000  train 1.2484  eval 1.2303  pmax 6.7  (4027s)
step 44000  train 1.1679  eval 1.2308  pmax 6.7  (4119s)
step 45000  train 1.2046  eval 1.2013  pmax 6.7  (4211s)
step 46000  train 1.1676  eval 1.2124  pmax 6.7  (4304s)
step 47000  train 1.1969  eval 1.2385  pmax 6.7  (4396s)
step 48000  train 1.1813  eval 1.2385  pmax 6.7  (4488s)
step 49000  train 1.2101  eval 1.2243  pmax 6.7  (4581s)
step 50000  train 1.2475  eval 1.1949  pmax 6.7  (4673s)
  [checkpoint + sample saved at step 50000]
step 51000  train 1.1966  eval 1.2289  pmax 6.7  (4767s)
step 52000  train 1.2165  eval 1.2206  pmax 6.7  (4859s)
step 53000  train 1.2159  eval 1.1938  pmax 6.7  (4952s)
step 54000  train 1.2553  eval 1.2087  pmax 6.7  (5044s)
step 55000  train 1.2149  eval 1.2104  pmax 6.7  (5136s)
step 56000  train 1.2000  eval 1.1851  pmax 6.7  (5229s)
step 57000  train 1.2219  eval 1.2344  pmax 6.7  (5321s)
step 58000  train 1.2045  eval 1.2186  pmax 6.7  (5413s)
step 59000  train 1.2107  eval 1.2073  pmax 6.7  (5506s)
step 60000  train 1.2333  eval 1.2016  pmax 6.7  (5598s)
  [checkpoint + sample saved at step 60000]
step 61000  train 1.1488  eval 1.2238  pmax 6.7  (5692s)
step 62000  train 1.2171  eval 1.1878  pmax 6.7  (5784s)
step 63000  train 1.2066  eval 1.1907  pmax 6.7  (5876s)
step 64000  train 1.2083  eval 1.1827  pmax 6.7  (5969s)
step 65000  train 1.2508  eval 1.1987  pmax 6.7  (6061s)
step 66000  train 1.2077  eval 1.2136  pmax 6.7  (6153s)
  [checkpoint + sample saved at step 66000]
done. artifacts in /home/luke/Wavelet-State-KAN/checkpoints/mamba2_wikitext_1m_3ep_s2024
