/home/luke/Wavelet-State-KAN/experiments/V1_train_tinystories_lm.py:107: UserWarning: The given buffer is not writable, and PyTorch does not support non-writable tensors. This means you can write to the underlying (supposedly non-writable) buffer using the tensor. You may want to copy the buffer to protect its data or make it writable before converting it to a tensor. This type of warning will be suppressed for the rest of this program. (Triggered internally at /__w/pytorch/pytorch/torch/csrc/utils/tensor_new.cpp:1556.)
  train_ids = torch.frombuffer(train_text.encode("utf-8", errors="ignore"), dtype=torch.uint8)
train bytes: 1,905,061,325  eval bytes: 405,730
model: mamba2  params: 10,466  device: cuda
step     1  train 5.6358  eval 5.5512  pmax 6.7  (2s)
step  1000  train 1.4794  eval 1.4254  pmax 7.0  (46s)
step  2000  train 1.4498  eval 1.4074  pmax 6.9  (89s)
step  3000  train 1.3950  eval 1.3605  pmax 6.2  (130s)
step  4000  train 1.3870  eval 1.3893  pmax 6.3  (173s)
step  5000  train 1.3324  eval 1.3425  pmax 6.4  (215s)
step  6000  train 1.3477  eval 1.3171  pmax 6.5  (259s)
step  7000  train 1.3594  eval 1.3227  pmax 6.5  (302s)
step  8000  train 1.3556  eval 1.3230  pmax 6.5  (345s)
step  9000  train 1.3884  eval 1.2940  pmax 6.5  (388s)
step 10000  train 1.3894  eval 1.2901  pmax 6.4  (432s)
step 11000  train 1.3641  eval 1.2898  pmax 6.4  (475s)
step 12000  train 1.3567  eval 1.3131  pmax 6.5  (517s)
step 13000  train 1.3468  eval 1.3030  pmax 6.5  (557s)
step 14000  train 1.3389  eval 1.3102  pmax 6.6  (600s)
step 15000  train 1.3712  eval 1.3145  pmax 6.6  (642s)
step 16000  train 1.3395  eval 1.3176  pmax 6.6  (683s)
step 17000  train 1.3713  eval 1.2712  pmax 6.6  (728s)
step 18000  train 1.3372  eval 1.3139  pmax 6.6  (771s)
step 19000  train 1.3683  eval 1.2915  pmax 6.6  (814s)
step 20000  train 1.3512  eval 1.2770  pmax 6.6  (856s)
step 21000  train 1.3358  eval 1.2814  pmax 6.6  (900s)
step 22000  train 1.3522  eval 1.2691  pmax 6.6  (943s)
step 23000  train 1.3239  eval 1.3365  pmax 6.6  (985s)
step 24000  train 1.3577  eval 1.2704  pmax 6.6  (1027s)
step 25000  train 1.3266  eval 1.2646  pmax 6.6  (1070s)
  [checkpoint + sample saved at step 25000]
step 26000  train 1.2942  eval 1.2984  pmax 6.6  (1115s)
step 27000  train 1.3426  eval 1.2809  pmax 6.6  (1159s)
step 28000  train 1.3226  eval 1.2693  pmax 6.6  (1202s)
step 29000  train 1.3248  eval 1.2932  pmax 6.6  (1245s)
step 30000  train 1.3490  eval 1.2912  pmax 6.6  (1287s)
step 31000  train 1.3104  eval 1.2987  pmax 6.6  (1327s)
step 32000  train 1.3194  eval 1.2886  pmax 6.6  (1369s)
step 33000  train 1.3675  eval 1.2626  pmax 6.6  (1414s)
step 34000  train 1.3309  eval 1.2526  pmax 6.6  (1457s)
step 35000  train 1.3359  eval 1.2700  pmax 6.6  (1500s)
step 36000  train 1.2707  eval 1.2840  pmax 6.6  (1544s)
step 37000  train 1.3349  eval 1.2958  pmax 6.6  (1588s)
step 38000  train 1.3293  eval 1.2566  pmax 6.6  (1629s)
step 39000  train 1.3209  eval 1.2341  pmax 6.6  (1672s)
step 40000  train 1.3098  eval 1.2644  pmax 6.6  (1716s)
step 41000  train 1.3080  eval 1.2820  pmax 6.6  (1759s)
step 42000  train 1.3084  eval 1.2616  pmax 6.6  (1802s)
step 43000  train 1.3355  eval 1.2607  pmax 6.6  (1846s)
step 44000  train 1.3003  eval 1.2481  pmax 6.6  (1889s)
step 45000  train 1.3347  eval 1.2695  pmax 6.6  (1933s)
step 46000  train 1.3197  eval 1.2511  pmax 6.6  (1977s)
step 47000  train 1.3144  eval 1.2800  pmax 6.6  (2021s)
step 48000  train 1.3502  eval 1.2629  pmax 6.6  (2062s)
step 49000  train 1.3677  eval 1.2509  pmax 6.6  (2104s)
step 50000  train 1.3231  eval 1.2592  pmax 6.6  (2146s)
  [checkpoint + sample saved at step 50000]
step 51000  train 1.3301  eval 1.2825  pmax 6.6  (2193s)
step 52000  train 1.2579  eval 1.2631  pmax 6.6  (2236s)
step 53000  train 1.3278  eval 1.3088  pmax 6.6  (2280s)
step 54000  train 1.2992  eval 1.2856  pmax 6.6  (2324s)
step 55000  train 1.2926  eval 1.2599  pmax 6.6  (2367s)
step 56000  train 1.2715  eval 1.2779  pmax 6.6  (2411s)
step 57000  train 1.2874  eval 1.2211  pmax 6.6  (2454s)
step 58000  train 1.2959  eval 1.2877  pmax 6.6  (2499s)
step 59000  train 1.2962  eval 1.2807  pmax 6.6  (2543s)
step 60000  train 1.3322  eval 1.2477  pmax 6.6  (2586s)
  [checkpoint + sample saved at step 60000]
done. artifacts in /home/luke/Wavelet-State-KAN/checkpoints/mamba2_tinystories_10k_3ep_s42
