/home/luke/Wavelet-State-KAN/experiments/V1_train_tinystories_lm.py:107: UserWarning: The given buffer is not writable, and PyTorch does not support non-writable tensors. This means you can write to the underlying (supposedly non-writable) buffer using the tensor. You may want to copy the buffer to protect its data or make it writable before converting it to a tensor. This type of warning will be suppressed for the rest of this program. (Triggered internally at /__w/pytorch/pytorch/torch/csrc/utils/tensor_new.cpp:1556.)
  train_ids = torch.frombuffer(train_text.encode("utf-8", errors="ignore"), dtype=torch.uint8)
train bytes: 1,195,926,439  eval bytes: 2,859,070
model: mamba2  params: 929,840  device: cuda
W0916 17:11:54.404000 1244778 .venv/lib/python3.12/site-packages/torch/_inductor/utils.py:1806] [0/0] Not enough SMs to use max_autotune_gemm mode
step     1  train 6.6849  eval 4.9688  pmax 6.8  (50s)
step  1000  train 1.2473  eval 1.2926  pmax 6.9  (246s)
step  2000  train 1.1608  eval 1.2250  pmax 6.9  (444s)
step  3000  train 1.1092  eval 1.1529  pmax 6.9  (641s)
step  4000  train 1.1747  eval 1.1250  pmax 6.9  (838s)
step  5000  train 1.1739  eval 1.1617  pmax 6.9  (1036s)
step  6000  train 1.1628  eval 1.1281  pmax 6.9  (1234s)
step  7000  train 1.1148  eval 1.1489  pmax 7.0  (1431s)
step  8000  train 1.1139  eval 1.1176  pmax 7.0  (1628s)
step  9000  train 1.1161  eval 1.1466  pmax 7.0  (1826s)
step 10000  train 1.0755  eval 1.1209  pmax 7.0  (2023s)
  [checkpoint + sample saved at step 10000]
step 11000  train 1.1274  eval 1.0552  pmax 7.0  (2222s)
step 12000  train 1.1239  eval 1.0836  pmax 7.0  (2420s)
step 13000  train 1.1358  eval 1.1005  pmax 7.0  (2617s)
step 14000  train 1.0863  eval 1.1035  pmax 7.0  (2815s)
step 15000  train 1.1264  eval 1.1199  pmax 7.0  (3012s)
step 16000  train 1.0463  eval 1.0921  pmax 7.0  (3209s)
step 17000  train 1.1187  eval 1.1224  pmax 7.0  (3407s)
step 18000  train 1.0858  eval 1.0725  pmax 7.0  (3604s)
step 19000  train 1.1241  eval 1.0823  pmax 7.0  (3802s)
step 20000  train 1.0890  eval 1.1330  pmax 7.1  (3999s)
  [checkpoint + sample saved at step 20000]
step 21000  train 1.1089  eval 1.0797  pmax 7.1  (4198s)
step 22000  train 1.1430  eval 1.0435  pmax 7.1  (4395s)
step 23000  train 1.0849  eval 1.0380  pmax 7.1  (4592s)
step 24000  train 1.0700  eval 1.1116  pmax 7.1  (4790s)
step 25000  train 1.0428  eval 1.0843  pmax 7.1  (4987s)
step 26000  train 1.0575  eval 1.1245  pmax 7.1  (5184s)
step 27000  train 1.0981  eval 1.0769  pmax 7.2  (5382s)
step 28000  train 1.0360  eval 1.0475  pmax 7.2  (5579s)
step 29000  train 1.1089  eval 1.0534  pmax 7.2  (5776s)
step 30000  train 1.0361  eval 1.0720  pmax 7.2  (5974s)
  [checkpoint + sample saved at step 30000]
step 31000  train 1.0795  eval 1.0762  pmax 7.2  (6172s)
step 32000  train 1.0836  eval 1.1079  pmax 7.2  (6369s)
step 33000  train 1.0667  eval 1.0731  pmax 7.2  (6566s)
step 34000  train 1.1018  eval 1.0586  pmax 7.2  (6763s)
step 35000  train 1.0479  eval 1.1148  pmax 7.2  (6960s)
step 36000  train 1.0434  eval 1.0764  pmax 7.2  (7157s)
step 37000  train 1.0762  eval 1.0729  pmax 7.2  (7354s)
step 38000  train 1.0692  eval 1.0494  pmax 7.2  (7552s)
step 39000  train 1.0657  eval 1.0383  pmax 7.2  (7749s)
step 40000  train 1.0516  eval 1.0944  pmax 7.2  (7946s)
  [checkpoint + sample saved at step 40000]
step 41000  train 1.0368  eval 1.0637  pmax 7.2  (8144s)
step 42000  train 1.0172  eval 1.0902  pmax 7.2  (8341s)
step 43000  train 1.0826  eval 1.0657  pmax 7.2  (8538s)
step 44000  train 1.0297  eval 1.0358  pmax 7.2  (8735s)
step 45000  train 1.0876  eval 1.0395  pmax 7.2  (8932s)
step 46000  train 1.0839  eval 1.1029  pmax 7.2  (9129s)
step 47000  train 1.0805  eval 1.0464  pmax 7.2  (9326s)
step 48000  train 1.0310  eval 1.0902  pmax 7.2  (9523s)
step 49000  train 1.0878  eval 1.0289  pmax 7.2  (9720s)
step 50000  train 1.0770  eval 1.0432  pmax 7.2  (9917s)
  [checkpoint + sample saved at step 50000]
step 51000  train 1.0245  eval 1.1535  pmax 7.2  (10116s)
step 52000  train 1.0300  eval 1.1155  pmax 7.2  (10312s)
step 53000  train 1.0400  eval 1.0641  pmax 7.2  (10509s)
step 54000  train 1.0377  eval 1.0426  pmax 7.2  (10706s)
  [checkpoint + sample saved at step 54000]
done. artifacts in /home/luke/Wavelet-State-KAN/checkpoints/mamba2_ultrachat_1m_3ep_s2024
