/home/luke/Wavelet-State-KAN/experiments/V1_train_tinystories_lm.py:107: UserWarning: The given buffer is not writable, and PyTorch does not support non-writable tensors. This means you can write to the underlying (supposedly non-writable) buffer using the tensor. You may want to copy the buffer to protect its data or make it writable before converting it to a tensor. This type of warning will be suppressed for the rest of this program. (Triggered internally at /__w/pytorch/pytorch/torch/csrc/utils/tensor_new.cpp:1556.)
  train_ids = torch.frombuffer(train_text.encode("utf-8", errors="ignore"), dtype=torch.uint8)
train bytes: 1,195,926,439  eval bytes: 2,859,070
model: mamba2  params: 98,124  device: cuda
step     1  train 5.8279  eval 5.4022  pmax 6.8  (10s)
step  1000  train 1.4049  eval 1.3745  pmax 7.0  (44s)
step  2000  train 1.3255  eval 1.3354  pmax 7.1  (79s)
step  3000  train 1.3472  eval 1.3319  pmax 7.2  (113s)
step  4000  train 1.3382  eval 1.3223  pmax 7.3  (148s)
step  5000  train 1.3646  eval 1.3126  pmax 7.4  (183s)
step  6000  train 1.3022  eval 1.3096  pmax 7.4  (217s)
step  7000  train 1.3081  eval 1.2761  pmax 7.5  (251s)
step  8000  train 1.3004  eval 1.2699  pmax 7.5  (286s)
step  9000  train 1.2793  eval 1.3225  pmax 7.6  (321s)
step 10000  train 1.2680  eval 1.2527  pmax 7.6  (355s)
step 11000  train 1.2528  eval 1.2623  pmax 7.7  (390s)
step 12000  train 1.2911  eval 1.2520  pmax 7.7  (424s)
step 13000  train 1.2693  eval 1.3021  pmax 7.8  (458s)
step 14000  train 1.2519  eval 1.2651  pmax 7.8  (493s)
step 15000  train 1.2845  eval 1.2530  pmax 7.8  (527s)
step 16000  train 1.2456  eval 1.2874  pmax 7.9  (562s)
step 17000  train 1.2887  eval 1.2777  pmax 7.9  (596s)
step 18000  train 1.3064  eval 1.2648  pmax 7.9  (631s)
step 19000  train 1.2782  eval 1.2674  pmax 8.0  (665s)
step 20000  train 1.2443  eval 1.3138  pmax 8.0  (700s)
step 21000  train 1.3300  eval 1.2876  pmax 8.0  (734s)
step 22000  train 1.2815  eval 1.2428  pmax 8.1  (769s)
step 23000  train 1.2638  eval 1.2534  pmax 8.1  (803s)
step 24000  train 1.2570  eval 1.2853  pmax 8.1  (838s)
step 25000  train 1.2804  eval 1.2519  pmax 8.2  (872s)
  [checkpoint + sample saved at step 25000]
step 26000  train 1.2299  eval 1.2772  pmax 8.2  (909s)
step 27000  train 1.3139  eval 1.2923  pmax 8.2  (944s)
step 28000  train 1.2808  eval 1.2640  pmax 8.2  (978s)
step 29000  train 1.2971  eval 1.2475  pmax 8.3  (1013s)
step 30000  train 1.2291  eval 1.2766  pmax 8.3  (1047s)
step 31000  train 1.2872  eval 1.2156  pmax 8.3  (1082s)
step 32000  train 1.2200  eval 1.2552  pmax 8.3  (1116s)
step 33000  train 1.2515  eval 1.2634  pmax 8.3  (1151s)
step 34000  train 1.2405  eval 1.2981  pmax 8.4  (1185s)
step 35000  train 1.2737  eval 1.2768  pmax 8.4  (1220s)
step 36000  train 1.2025  eval 1.2083  pmax 8.4  (1254s)
step 37000  train 1.2505  eval 1.2206  pmax 8.4  (1288s)
step 38000  train 1.2372  eval 1.2466  pmax 8.4  (1323s)
step 39000  train 1.2176  eval 1.2381  pmax 8.4  (1357s)
step 40000  train 1.2520  eval 1.2940  pmax 8.5  (1392s)
step 41000  train 1.2822  eval 1.1904  pmax 8.5  (1426s)
step 42000  train 1.2695  eval 1.2329  pmax 8.5  (1461s)
step 43000  train 1.2896  eval 1.2643  pmax 8.5  (1495s)
step 44000  train 1.2165  eval 1.2657  pmax 8.5  (1530s)
step 45000  train 1.2414  eval 1.2213  pmax 8.5  (1564s)
step 46000  train 1.2249  eval 1.2381  pmax 8.5  (1598s)
step 47000  train 1.2301  eval 1.2146  pmax 8.5  (1633s)
step 48000  train 1.2430  eval 1.2715  pmax 8.5  (1667s)
step 49000  train 1.2392  eval 1.1846  pmax 8.5  (1702s)
step 50000  train 1.2088  eval 1.2289  pmax 8.5  (1736s)
  [checkpoint + sample saved at step 50000]
step 51000  train 1.2512  eval 1.1739  pmax 8.6  (1773s)
step 52000  train 1.2692  eval 1.2224  pmax 8.6  (1808s)
step 53000  train 1.2305  eval 1.2012  pmax 8.6  (1842s)
step 54000  train 1.2211  eval 1.1890  pmax 8.6  (1877s)
step 55000  train 1.2497  eval 1.2159  pmax 8.6  (1911s)
step 56000  train 1.2553  eval 1.2195  pmax 8.6  (1945s)
step 57000  train 1.2875  eval 1.2219  pmax 8.6  (1980s)
step 58000  train 1.2248  eval 1.2270  pmax 8.6  (2014s)
step 59000  train 1.2171  eval 1.2242  pmax 8.6  (2049s)
step 60000  train 1.2412  eval 1.2167  pmax 8.6  (2083s)
step 61000  train 1.2223  eval 1.2307  pmax 8.6  (2118s)
step 62000  train 1.1996  eval 1.2040  pmax 8.6  (2152s)
step 63000  train 1.2017  eval 1.1918  pmax 8.6  (2187s)
step 64000  train 1.1633  eval 1.1814  pmax 8.6  (2221s)
step 65000  train 1.2126  eval 1.2778  pmax 8.7  (2256s)
step 66000  train 1.2151  eval 1.2221  pmax 8.7  (2290s)
step 67000  train 1.2586  eval 1.2210  pmax 8.7  (2325s)
step 68000  train 1.2268  eval 1.2680  pmax 8.7  (2359s)
step 69000  train 1.2456  eval 1.2634  pmax 8.7  (2394s)
step 70000  train 1.2317  eval 1.2407  pmax 8.7  (2428s)
step 71000  train 1.2361  eval 1.2026  pmax 8.7  (2463s)
step 72000  train 1.2139  eval 1.1782  pmax 8.7  (2497s)
step 73000  train 1.2252  eval 1.2335  pmax 8.7  (2532s)
step 74000  train 1.2412  eval 1.3034  pmax 8.7  (2567s)
step 75000  train 1.2400  eval 1.2516  pmax 8.7  (2601s)
  [checkpoint + sample saved at step 75000]
step 76000  train 1.2499  eval 1.2619  pmax 8.7  (2638s)
step 77000  train 1.1947  eval 1.2276  pmax 8.7  (2672s)
step 78000  train 1.2920  eval 1.1442  pmax 8.7  (2707s)
step 79000  train 1.1709  eval 1.2028  pmax 8.7  (2742s)
step 80000  train 1.2132  eval 1.2552  pmax 8.7  (2776s)
step 81000  train 1.1747  eval 1.2565  pmax 8.7  (2811s)
step 82000  train 1.2076  eval 1.2122  pmax 8.8  (2845s)
step 83000  train 1.2226  eval 1.2213  pmax 8.8  (2880s)
step 84000  train 1.2129  eval 1.2090  pmax 8.8  (2914s)
step 85000  train 1.2117  eval 1.1693  pmax 8.8  (2949s)
step 86000  train 1.2028  eval 1.2013  pmax 8.8  (2984s)
step 87000  train 1.2321  eval 1.2603  pmax 8.8  (3018s)
step 88000  train 1.2094  eval 1.2094  pmax 8.8  (3053s)
step 89000  train 1.1621  eval 1.2103  pmax 8.8  (3087s)
step 90000  train 1.2241  eval 1.2089  pmax 8.8  (3122s)
step 91000  train 1.1835  eval 1.1953  pmax 8.8  (3157s)
step 92000  train 1.2586  eval 1.1869  pmax 8.8  (3191s)
step 93000  train 1.2003  eval 1.1934  pmax 8.8  (3226s)
step 94000  train 1.2399  eval 1.1823  pmax 8.8  (3260s)
step 95000  train 1.1871  eval 1.2210  pmax 8.8  (3295s)
step 96000  train 1.2395  eval 1.1896  pmax 8.8  (3329s)
step 97000  train 1.2633  eval 1.1739  pmax 8.8  (3364s)
step 98000  train 1.2125  eval 1.1659  pmax 8.8  (3398s)
step 99000  train 1.2047  eval 1.2322  pmax 8.8  (3433s)
step 100000  train 1.1753  eval 1.1800  pmax 8.8  (3467s)
  [checkpoint + sample saved at step 100000]
step 101000  train 1.2313  eval 1.1756  pmax 8.8  (3504s)
step 102000  train 1.1984  eval 1.2447  pmax 8.8  (3539s)
step 103000  train 1.2283  eval 1.2313  pmax 8.8  (3573s)
step 104000  train 1.1735  eval 1.2380  pmax 8.8  (3608s)
step 105000  train 1.2087  eval 1.2372  pmax 8.8  (3642s)
step 106000  train 1.1789  eval 1.1934  pmax 8.8  (3677s)
step 107000  train 1.1984  eval 1.2524  pmax 8.8  (3711s)
step 108000  train 1.2350  eval 1.1972  pmax 8.8  (3746s)
  [checkpoint + sample saved at step 108000]
done. artifacts in /home/luke/Wavelet-State-KAN/checkpoints/mamba2_ultrachat_100k_3ep_s2024
