/home/luke/Wavelet-State-KAN/experiments/V1_train_tinystories_lm.py:107: UserWarning: The given buffer is not writable, and PyTorch does not support non-writable tensors. This means you can write to the underlying (supposedly non-writable) buffer using the tensor. You may want to copy the buffer to protect its data or make it writable before converting it to a tensor. This type of warning will be suppressed for the rest of this program. (Triggered internally at /__w/pytorch/pytorch/torch/csrc/utils/tensor_new.cpp:1556.)
  train_ids = torch.frombuffer(train_text.encode("utf-8", errors="ignore"), dtype=torch.uint8)
train bytes: 542,898,247  eval bytes: 130,357
model: mamba2  params: 2,774  device: cuda
step     1  train 5.5623  eval 5.5239  pmax 5.0  (1s)
step  1000  train 2.2673  eval 2.2927  pmax 3.8  (22s)
step  2000  train 2.2495  eval 2.2639  pmax 3.9  (42s)
step  3000  train 2.2580  eval 2.2436  pmax 4.0  (63s)
step  4000  train 2.2437  eval 2.2496  pmax 4.1  (84s)
step  5000  train 2.2274  eval 2.2273  pmax 4.1  (105s)
step  6000  train 2.2018  eval 2.2078  pmax 4.1  (126s)
step  7000  train 2.2123  eval 2.2067  pmax 4.1  (146s)
step  8000  train 2.2116  eval 2.2122  pmax 4.2  (167s)
step  9000  train 2.2166  eval 2.2258  pmax 4.3  (188s)
step 10000  train 2.2255  eval 2.2033  pmax 4.4  (209s)
step 11000  train 2.2037  eval 2.1917  pmax 4.4  (230s)
step 12000  train 2.2000  eval 2.2110  pmax 4.5  (250s)
step 13000  train 2.1855  eval 2.2193  pmax 4.5  (271s)
step 14000  train 2.1776  eval 2.2167  pmax 4.5  (292s)
step 15000  train 2.2305  eval 2.2089  pmax 4.6  (312s)
step 16000  train 2.1703  eval 2.2064  pmax 4.6  (333s)
step 17000  train 2.1884  eval 2.2208  pmax 4.6  (354s)
step 18000  train 2.1724  eval 2.1667  pmax 4.6  (375s)
step 19000  train 2.1713  eval 2.2123  pmax 4.6  (396s)
step 20000  train 2.2117  eval 2.1884  pmax 4.6  (416s)
step 21000  train 2.2016  eval 2.1728  pmax 4.6  (437s)
step 22000  train 2.1784  eval 2.1918  pmax 4.6  (458s)
step 23000  train 2.1853  eval 2.1736  pmax 4.6  (479s)
step 24000  train 2.1871  eval 2.1731  pmax 4.6  (499s)
step 25000  train 2.1722  eval 2.1664  pmax 4.6  (520s)
  [checkpoint + sample saved at step 25000]
step 26000  train 2.1835  eval 2.2321  pmax 4.6  (541s)
step 27000  train 2.2223  eval 2.1878  pmax 4.6  (562s)
step 28000  train 2.1752  eval 2.1765  pmax 4.6  (583s)
step 29000  train 2.1886  eval 2.2172  pmax 4.6  (604s)
step 30000  train 2.1694  eval 2.1781  pmax 4.6  (625s)
step 31000  train 2.2081  eval 2.1933  pmax 4.6  (646s)
step 32000  train 2.1738  eval 2.1940  pmax 4.6  (667s)
step 33000  train 2.1758  eval 2.1992  pmax 4.6  (688s)
  [checkpoint + sample saved at step 33000]
done. artifacts in /home/luke/Wavelet-State-KAN/checkpoints/mamba2_wikitext_1k_3ep_s123
