/home/luke/Wavelet-State-KAN/experiments/V1_train_tinystories_lm.py:107: UserWarning: The given buffer is not writable, and PyTorch does not support non-writable tensors. This means you can write to the underlying (supposedly non-writable) buffer using the tensor. You may want to copy the buffer to protect its data or make it writable before converting it to a tensor. This type of warning will be suppressed for the rest of this program. (Triggered internally at /__w/pytorch/pytorch/torch/csrc/utils/tensor_new.cpp:1556.)
  train_ids = torch.frombuffer(train_text.encode("utf-8", errors="ignore"), dtype=torch.uint8)
train bytes: 542,898,247  eval bytes: 130,357
model: mamba2  params: 10,466  device: cuda
step     1  train 5.6259  eval 5.5602  pmax 6.4  (1s)
step  1000  train 1.8968  eval 1.9033  pmax 7.1  (44s)
step  2000  train 1.8815  eval 1.8730  pmax 7.7  (88s)
step  3000  train 1.8588  eval 1.8567  pmax 8.2  (132s)
step  4000  train 1.8494  eval 1.8376  pmax 8.5  (176s)
step  5000  train 1.8329  eval 1.8106  pmax 8.7  (220s)
step  6000  train 1.8296  eval 1.7932  pmax 8.8  (264s)
step  7000  train 1.8284  eval 1.7939  pmax 8.8  (306s)
step  8000  train 1.8215  eval 1.8071  pmax 8.7  (349s)
step  9000  train 1.8306  eval 1.8104  pmax 8.2  (393s)
step 10000  train 1.8265  eval 1.7817  pmax 8.1  (437s)
step 11000  train 1.7934  eval 1.7941  pmax 8.0  (479s)
step 12000  train 1.8063  eval 1.7675  pmax 7.9  (522s)
step 13000  train 1.8155  eval 1.8108  pmax 7.8  (564s)
step 14000  train 1.7914  eval 1.8394  pmax 7.6  (607s)
step 15000  train 1.8431  eval 1.7855  pmax 7.4  (650s)
step 16000  train 1.7441  eval 1.8103  pmax 7.2  (694s)
step 17000  train 1.7902  eval 1.8200  pmax 7.2  (737s)
step 18000  train 1.7485  eval 1.7309  pmax 7.1  (780s)
step 19000  train 1.7741  eval 1.7930  pmax 7.1  (822s)
step 20000  train 1.8103  eval 1.7757  pmax 7.1  (865s)
step 21000  train 1.7787  eval 1.7847  pmax 7.1  (908s)
step 22000  train 1.7778  eval 1.7757  pmax 7.1  (951s)
step 23000  train 1.8022  eval 1.7526  pmax 7.1  (995s)
step 24000  train 1.7707  eval 1.7780  pmax 7.1  (1036s)
step 25000  train 1.7523  eval 1.7563  pmax 7.1  (1080s)
  [checkpoint + sample saved at step 25000]
step 26000  train 1.7969  eval 1.8017  pmax 7.0  (1126s)
step 27000  train 1.8164  eval 1.7730  pmax 7.0  (1170s)
step 28000  train 1.7838  eval 1.7821  pmax 7.0  (1214s)
step 29000  train 1.7843  eval 1.7998  pmax 7.0  (1257s)
step 30000  train 1.7699  eval 1.7445  pmax 7.0  (1302s)
step 31000  train 1.8104  eval 1.7655  pmax 7.0  (1345s)
step 32000  train 1.7590  eval 1.7646  pmax 7.0  (1388s)
step 33000  train 1.7687  eval 1.7509  pmax 7.0  (1432s)
step 34000  train 1.7803  eval 1.7692  pmax 7.0  (1475s)
step 35000  train 1.7688  eval 1.7765  pmax 7.0  (1519s)
step 36000  train 1.7345  eval 1.7786  pmax 7.0  (1562s)
step 37000  train 1.7551  eval 1.7928  pmax 7.0  (1605s)
step 38000  train 1.7705  eval 1.7976  pmax 7.0  (1649s)
step 39000  train 1.7967  eval 1.7534  pmax 7.0  (1693s)
step 40000  train 1.7488  eval 1.7719  pmax 7.0  (1737s)
step 41000  train 1.7918  eval 1.7440  pmax 7.0  (1781s)
step 42000  train 1.7836  eval 1.7965  pmax 7.0  (1825s)
step 43000  train 1.8102  eval 1.7914  pmax 7.0  (1868s)
step 44000  train 1.7896  eval 1.7730  pmax 7.0  (1911s)
step 45000  train 1.7865  eval 1.7395  pmax 7.0  (1952s)
step 46000  train 1.7709  eval 1.7514  pmax 7.0  (1996s)
step 47000  train 1.7827  eval 1.8202  pmax 7.0  (2039s)
step 48000  train 1.7578  eval 1.7626  pmax 7.1  (2082s)
step 49000  train 1.7888  eval 1.7808  pmax 7.1  (2126s)
step 50000  train 1.7746  eval 1.7257  pmax 7.1  (2169s)
  [checkpoint + sample saved at step 50000]
done. artifacts in /home/luke/Wavelet-State-KAN/checkpoints/mamba2_wikitext_10k_3ep_s123
