/home/luke/Wavelet-State-KAN/experiments/V1_train_tinystories_lm.py:107: UserWarning: The given buffer is not writable, and PyTorch does not support non-writable tensors. This means you can write to the underlying (supposedly non-writable) buffer using the tensor. You may want to copy the buffer to protect its data or make it writable before converting it to a tensor. This type of warning will be suppressed for the rest of this program. (Triggered internally at /__w/pytorch/pytorch/torch/csrc/utils/tensor_new.cpp:1556.)
  train_ids = torch.frombuffer(train_text.encode("utf-8", errors="ignore"), dtype=torch.uint8)
train bytes: 1,905,061,325  eval bytes: 405,730
model: mamba2  params: 929,840  device: cuda
step     1  train 6.8501  eval 4.8163  pmax 6.5  (7s)
step  1000  train 0.9236  eval 0.9056  pmax 6.6  (134s)
step  2000  train 0.8950  eval 0.8477  pmax 6.6  (261s)
step  3000  train 0.9018  eval 0.8268  pmax 6.6  (388s)
step  4000  train 0.8636  eval 0.7982  pmax 6.6  (516s)
step  5000  train 0.8498  eval 0.7799  pmax 6.7  (643s)
step  6000  train 0.8205  eval 0.8091  pmax 6.7  (770s)
step  7000  train 0.8245  eval 0.7774  pmax 6.7  (898s)
step  8000  train 0.8291  eval 0.7682  pmax 6.7  (1025s)
step  9000  train 0.8210  eval 0.7349  pmax 6.8  (1152s)
step 10000  train 0.8089  eval 0.7479  pmax 6.8  (1279s)
  [checkpoint + sample saved at step 10000]
step 11000  train 0.7997  eval 0.7215  pmax 6.8  (1408s)
step 12000  train 0.7744  eval 0.7430  pmax 6.8  (1536s)
step 13000  train 0.8321  eval 0.7365  pmax 6.8  (1663s)
step 14000  train 0.8083  eval 0.6873  pmax 6.8  (1790s)
step 15000  train 0.7797  eval 0.7592  pmax 6.9  (1918s)
step 16000  train 0.7787  eval 0.7500  pmax 6.9  (2045s)
step 17000  train 0.7782  eval 0.7638  pmax 6.9  (2173s)
step 18000  train 0.7671  eval 0.7409  pmax 6.9  (2300s)
step 19000  train 0.7656  eval 0.7461  pmax 6.9  (2427s)
step 20000  train 0.7440  eval 0.7417  pmax 6.9  (2555s)
  [checkpoint + sample saved at step 20000]
step 21000  train 0.7661  eval 0.7243  pmax 6.9  (2684s)
step 22000  train 0.7545  eval 0.6991  pmax 7.0  (2811s)
step 23000  train 0.7747  eval 0.7428  pmax 7.0  (2938s)
step 24000  train 0.7633  eval 0.6931  pmax 7.0  (3066s)
step 25000  train 0.7257  eval 0.6684  pmax 7.0  (3193s)
step 26000  train 0.7622  eval 0.7087  pmax 7.0  (3320s)
step 27000  train 0.7810  eval 0.7303  pmax 7.0  (3448s)
step 28000  train 0.7433  eval 0.7308  pmax 7.0  (3575s)
step 29000  train 0.7729  eval 0.6761  pmax 7.0  (3702s)
step 30000  train 0.7722  eval 0.7439  pmax 7.0  (3830s)
  [checkpoint + sample saved at step 30000]
step 31000  train 0.7337  eval 0.6784  pmax 7.1  (3958s)
step 32000  train 0.7623  eval 0.6746  pmax 7.1  (4085s)
step 33000  train 0.7529  eval 0.6735  pmax 7.1  (4213s)
step 34000  train 0.7329  eval 0.7086  pmax 7.1  (4340s)
step 35000  train 0.7183  eval 0.7135  pmax 7.1  (4467s)
step 36000  train 0.7620  eval 0.7200  pmax 7.1  (4595s)
step 37000  train 0.7918  eval 0.7022  pmax 7.1  (4722s)
step 38000  train 0.7579  eval 0.6632  pmax 7.1  (4849s)
step 39000  train 0.6996  eval 0.6778  pmax 7.2  (4977s)
step 40000  train 0.7471  eval 0.7094  pmax 7.2  (5104s)
  [checkpoint + sample saved at step 40000]
step 41000  train 0.7444  eval 0.6943  pmax 7.2  (5233s)
step 42000  train 0.7329  eval 0.6847  pmax 7.2  (5360s)
step 43000  train 0.7689  eval 0.6963  pmax 7.2  (5487s)
step 44000  train 0.7455  eval 0.7252  pmax 7.2  (5615s)
step 45000  train 0.7558  eval 0.6873  pmax 7.2  (5742s)
step 46000  train 0.7485  eval 0.6504  pmax 7.2  (5869s)
step 47000  train 0.7297  eval 0.7167  pmax 7.2  (5997s)
step 48000  train 0.7401  eval 0.6736  pmax 7.2  (6124s)
step 49000  train 0.7173  eval 0.7159  pmax 7.2  (6251s)
step 50000  train 0.7552  eval 0.6966  pmax 7.2  (6378s)
  [checkpoint + sample saved at step 50000]
step 51000  train 0.7312  eval 0.7037  pmax 7.2  (6507s)
step 52000  train 0.7426  eval 0.6971  pmax 7.2  (6634s)
step 53000  train 0.7397  eval 0.6808  pmax 7.3  (6762s)
step 54000  train 0.7378  eval 0.6773  pmax 7.3  (6889s)
step 55000  train 0.7283  eval 0.6910  pmax 7.3  (7016s)
step 56000  train 0.7376  eval 0.7381  pmax 7.3  (7144s)
step 57000  train 0.6986  eval 0.6745  pmax 7.3  (7271s)
step 58000  train 0.7764  eval 0.7200  pmax 7.3  (7398s)
step 59000  train 0.7326  eval 0.7107  pmax 7.3  (7526s)
step 60000  train 0.7166  eval 0.6972  pmax 7.3  (7653s)
  [checkpoint + sample saved at step 60000]
step 61000  train 0.7813  eval 0.6620  pmax 7.3  (7781s)
step 62000  train 0.7257  eval 0.7050  pmax 7.3  (7909s)
step 63000  train 0.7340  eval 0.6679  pmax 7.3  (8036s)
step 64000  train 0.7439  eval 0.6962  pmax 7.3  (8163s)
step 65000  train 0.7509  eval 0.6812  pmax 7.3  (8290s)
step 66000  train 0.7186  eval 0.6864  pmax 7.3  (8417s)
step 67000  train 0.7133  eval 0.6959  pmax 7.3  (8545s)
step 68000  train 0.7356  eval 0.6882  pmax 7.3  (8672s)
step 69000  train 0.7287  eval 0.6637  pmax 7.3  (8800s)
step 70000  train 0.7469  eval 0.6947  pmax 7.3  (8927s)
  [checkpoint + sample saved at step 70000]
step 71000  train 0.7351  eval 0.6792  pmax 7.3  (9056s)
step 72000  train 0.7265  eval 0.6727  pmax 7.3  (9183s)
step 73000  train 0.7403  eval 0.6997  pmax 7.3  (9311s)
step 74000  train 0.7283  eval 0.6790  pmax 7.3  (9438s)
step 75000  train 0.7212  eval 0.6607  pmax 7.3  (9566s)
step 76000  train 0.7149  eval 0.6731  pmax 7.3  (9693s)
step 77000  train 0.6944  eval 0.7181  pmax 7.3  (9821s)
step 78000  train 0.7026  eval 0.6684  pmax 7.3  (9948s)
step 79000  train 0.7287  eval 0.7196  pmax 7.3  (10075s)
step 80000  train 0.6952  eval 0.6941  pmax 7.3  (10202s)
  [checkpoint + sample saved at step 80000]
step 81000  train 0.6992  eval 0.6773  pmax 7.3  (10331s)
step 82000  train 0.7449  eval 0.6701  pmax 7.3  (10459s)
step 83000  train 0.7159  eval 0.6731  pmax 7.3  (10586s)
step 84000  train 0.7111  eval 0.6712  pmax 7.3  (10713s)
step 85000  train 0.7030  eval 0.6691  pmax 7.3  (10841s)
step 86000  train 0.7320  eval 0.6763  pmax 7.3  (10968s)
step 87000  train 0.6839  eval 0.6718  pmax 7.3  (11095s)
step 88000  train 0.7133  eval 0.6890  pmax 7.3  (11223s)
step 89000  train 0.7197  eval 0.7160  pmax 7.3  (11350s)
step 90000  train 0.7203  eval 0.7031  pmax 7.3  (11478s)
  [checkpoint + sample saved at step 90000]
step 91000  train 0.7144  eval 0.6380  pmax 7.3  (11606s)
step 92000  train 0.7140  eval 0.6961  pmax 7.3  (11734s)
step 93000  train 0.7263  eval 0.6534  pmax 7.3  (11861s)
step 94000  train 0.7262  eval 0.6698  pmax 7.3  (11989s)
step 95000  train 0.7406  eval 0.6746  pmax 7.3  (12117s)
step 96000  train 0.7028  eval 0.6308  pmax 7.3  (12244s)
step 97000  train 0.7269  eval 0.6752  pmax 7.3  (12372s)
step 98000  train 0.7434  eval 0.6937  pmax 7.3  (12499s)
step 99000  train 0.7256  eval 0.6809  pmax 7.3  (12627s)
step 100000  train 0.7494  eval 0.7116  pmax 7.3  (12754s)
  [checkpoint + sample saved at step 100000]
done. artifacts in /home/luke/Wavelet-State-KAN/checkpoints/mamba2_tinystories_1m_3ep_s7
