/home/luke/Wavelet-State-KAN/experiments/V1_train_tinystories_lm.py:107: UserWarning: The given buffer is not writable, and PyTorch does not support non-writable tensors. This means you can write to the underlying (supposedly non-writable) buffer using the tensor. You may want to copy the buffer to protect its data or make it writable before converting it to a tensor. This type of warning will be suppressed for the rest of this program. (Triggered internally at /__w/pytorch/pytorch/torch/csrc/utils/tensor_new.cpp:1556.)
  train_ids = torch.frombuffer(train_text.encode("utf-8", errors="ignore"), dtype=torch.uint8)
train bytes: 542,898,247  eval bytes: 130,357
model: mamba2  params: 10,055,200  device: cuda
W0912 20:36:00.386000 4132554 .venv/lib/python3.12/site-packages/torch/_inductor/utils.py:1806] [0/0] Not enough SMs to use max_autotune_gemm mode
step     1  train 8.2238  eval 12.1736  pmax 6.7  (89s)
step  1000  train 1.2814  eval 1.2724  pmax 6.8  (919s)
step  2000  train 1.2078  eval 1.2277  pmax 6.9  (1750s)
step  3000  train 1.1995  eval 1.1649  pmax 6.9  (2582s)
step  4000  train 1.1334  eval 1.1265  pmax 6.9  (3413s)
step  5000  train 1.1139  eval 1.1513  pmax 6.9  (4245s)
  [checkpoint + sample saved at step 5000]
step  6000  train 1.1540  eval 1.1031  pmax 6.9  (5080s)
step  7000  train 1.0923  eval 1.1123  pmax 6.9  (5911s)
step  8000  train 1.0967  eval 1.0636  pmax 6.9  (6741s)
step  9000  train 1.0684  eval 1.0798  pmax 6.9  (7572s)
step 10000  train 1.0653  eval 1.0622  pmax 6.9  (8403s)
  [checkpoint + sample saved at step 10000]
step 11000  train 1.0376  eval 1.0800  pmax 6.9  (9238s)
step 12000  train 1.0464  eval 1.0331  pmax 6.9  (10069s)
step 13000  train 1.0677  eval 1.0838  pmax 6.9  (10900s)
step 14000  train 1.0531  eval 1.0366  pmax 6.9  (11731s)
step 15000  train 1.0120  eval 1.0474  pmax 6.9  (12562s)
  [checkpoint + sample saved at step 15000]
step 16000  train 1.0457  eval 1.0568  pmax 6.9  (13396s)
step 17000  train 1.0202  eval 1.0189  pmax 6.9  (14226s)
step 18000  train 1.0037  eval 1.0297  pmax 7.0  (15057s)
step 19000  train 1.0066  eval 0.9954  pmax 7.0  (15888s)
step 20000  train 1.0050  eval 1.0253  pmax 7.0  (16718s)
  [checkpoint + sample saved at step 20000]
step 21000  train 1.0090  eval 1.0258  pmax 7.0  (17552s)
step 22000  train 0.9644  eval 1.0251  pmax 7.0  (18383s)
step 23000  train 1.0116  eval 1.0101  pmax 7.0  (19213s)
step 24000  train 1.0015  eval 0.9750  pmax 7.0  (20043s)
step 25000  train 0.9882  eval 1.0135  pmax 7.0  (20873s)
  [checkpoint + sample saved at step 25000]
step 26000  train 1.0126  eval 0.9925  pmax 7.0  (21707s)
step 27000  train 0.9919  eval 1.0036  pmax 7.0  (22537s)
step 28000  train 0.9493  eval 1.0004  pmax 7.0  (23367s)
step 29000  train 0.9541  eval 0.9490  pmax 7.0  (24197s)
step 30000  train 0.9579  eval 0.9862  pmax 7.0  (25028s)
  [checkpoint + sample saved at step 30000]
step 31000  train 0.9835  eval 0.9788  pmax 7.0  (25861s)
step 32000  train 0.9730  eval 0.9829  pmax 7.0  (26691s)
step 33000  train 1.0125  eval 1.0214  pmax 7.0  (27520s)
  [checkpoint + sample saved at step 33000]
done. artifacts in /home/luke/Wavelet-State-KAN/checkpoints/mamba2_wikitext_10m_3ep_s31337
