/home/luke/Wavelet-State-KAN/experiments/V1_train_tinystories_lm.py:107: UserWarning: The given buffer is not writable, and PyTorch does not support non-writable tensors. This means you can write to the underlying (supposedly non-writable) buffer using the tensor. You may want to copy the buffer to protect its data or make it writable before converting it to a tensor. This type of warning will be suppressed for the rest of this program. (Triggered internally at /__w/pytorch/pytorch/torch/csrc/utils/tensor_new.cpp:1556.)
  train_ids = torch.frombuffer(train_text.encode("utf-8", errors="ignore"), dtype=torch.uint8)
train bytes: 1,905,061,325  eval bytes: 405,730
model: mamba2  params: 929,840  device: cuda
step     1  train 6.9358  eval 4.9983  pmax 6.5  (8s)
step  1000  train 0.9178  eval 0.8624  pmax 6.5  (100s)
step  2000  train 0.8944  eval 0.8172  pmax 6.6  (193s)
step  3000  train 0.8503  eval 0.8293  pmax 6.6  (286s)
step  4000  train 0.8411  eval 0.7712  pmax 6.6  (379s)
step  5000  train 0.8501  eval 0.8163  pmax 6.6  (472s)
step  6000  train 0.8253  eval 0.7748  pmax 6.6  (565s)
step  7000  train 0.8103  eval 0.7586  pmax 6.6  (658s)
step  8000  train 0.8481  eval 0.7625  pmax 6.7  (751s)
step  9000  train 0.8402  eval 0.7689  pmax 6.7  (844s)
step 10000  train 0.7851  eval 0.7654  pmax 6.7  (937s)
  [checkpoint + sample saved at step 10000]
step 11000  train 0.8160  eval 0.7497  pmax 6.7  (1032s)
step 12000  train 0.8063  eval 0.7675  pmax 6.7  (1125s)
step 13000  train 0.7924  eval 0.7688  pmax 6.7  (1218s)
step 14000  train 0.7816  eval 0.7532  pmax 6.7  (1311s)
step 15000  train 0.7725  eval 0.7244  pmax 6.7  (1404s)
step 16000  train 0.8018  eval 0.7320  pmax 6.7  (1497s)
step 17000  train 0.7844  eval 0.7043  pmax 6.7  (1590s)
step 18000  train 0.7697  eval 0.7396  pmax 6.7  (1684s)
step 19000  train 0.7796  eval 0.7344  pmax 6.7  (1777s)
step 20000  train 0.7771  eval 0.7357  pmax 6.7  (1870s)
  [checkpoint + sample saved at step 20000]
step 21000  train 0.7987  eval 0.7317  pmax 6.7  (1964s)
step 22000  train 0.7681  eval 0.7606  pmax 6.7  (2057s)
step 23000  train 0.8087  eval 0.7130  pmax 6.7  (2150s)
step 24000  train 0.7663  eval 0.7152  pmax 6.7  (2243s)
step 25000  train 0.8049  eval 0.7158  pmax 6.7  (2336s)
step 26000  train 0.7564  eval 0.7308  pmax 6.7  (2430s)
step 27000  train 0.7558  eval 0.7205  pmax 6.7  (2523s)
step 28000  train 0.7395  eval 0.6675  pmax 6.7  (2616s)
step 29000  train 0.7738  eval 0.7286  pmax 6.7  (2709s)
step 30000  train 0.7742  eval 0.7399  pmax 6.7  (2802s)
  [checkpoint + sample saved at step 30000]
step 31000  train 0.7544  eval 0.6953  pmax 6.7  (2897s)
step 32000  train 0.7659  eval 0.7292  pmax 6.7  (2990s)
step 33000  train 0.7650  eval 0.7160  pmax 6.7  (3083s)
step 34000  train 0.7888  eval 0.7434  pmax 6.7  (3176s)
step 35000  train 0.7577  eval 0.7103  pmax 6.7  (3269s)
step 36000  train 0.7814  eval 0.7077  pmax 6.7  (3362s)
step 37000  train 0.7491  eval 0.7153  pmax 6.7  (3456s)
step 38000  train 0.7495  eval 0.6407  pmax 6.7  (3549s)
step 39000  train 0.7754  eval 0.7098  pmax 6.7  (3642s)
step 40000  train 0.7508  eval 0.7125  pmax 6.7  (3735s)
  [checkpoint + sample saved at step 40000]
step 41000  train 0.7382  eval 0.6645  pmax 6.7  (3829s)
step 42000  train 0.7511  eval 0.7273  pmax 6.7  (3922s)
step 43000  train 0.7610  eval 0.6888  pmax 6.7  (4015s)
step 44000  train 0.7488  eval 0.7281  pmax 6.7  (4109s)
step 45000  train 0.7479  eval 0.7205  pmax 6.7  (4202s)
step 46000  train 0.7602  eval 0.7096  pmax 6.7  (4295s)
step 47000  train 0.7295  eval 0.6708  pmax 6.7  (4388s)
step 48000  train 0.7552  eval 0.7031  pmax 6.7  (4481s)
step 49000  train 0.7333  eval 0.6973  pmax 6.7  (4574s)
step 50000  train 0.7655  eval 0.7008  pmax 6.7  (4667s)
  [checkpoint + sample saved at step 50000]
step 51000  train 0.7643  eval 0.6745  pmax 6.7  (4761s)
step 52000  train 0.7265  eval 0.7004  pmax 6.7  (4854s)
step 53000  train 0.7228  eval 0.6908  pmax 6.7  (4948s)
step 54000  train 0.7347  eval 0.7124  pmax 6.7  (5041s)
step 55000  train 0.7096  eval 0.7233  pmax 6.7  (5134s)
step 56000  train 0.7227  eval 0.6940  pmax 6.7  (5227s)
step 57000  train 0.7562  eval 0.7092  pmax 6.7  (5321s)
step 58000  train 0.7053  eval 0.6861  pmax 6.7  (5414s)
step 59000  train 0.7216  eval 0.7259  pmax 6.7  (5507s)
step 60000  train 0.7381  eval 0.6880  pmax 6.7  (5600s)
  [checkpoint + sample saved at step 60000]
step 61000  train 0.7487  eval 0.6837  pmax 6.7  (5695s)
step 62000  train 0.7399  eval 0.6949  pmax 6.7  (5788s)
step 63000  train 0.7261  eval 0.6781  pmax 6.7  (5881s)
step 64000  train 0.7353  eval 0.7064  pmax 6.7  (5974s)
step 65000  train 0.7191  eval 0.6699  pmax 6.7  (6067s)
step 66000  train 0.7066  eval 0.7009  pmax 6.7  (6159s)
step 67000  train 0.7325  eval 0.6848  pmax 6.7  (6252s)
step 68000  train 0.7538  eval 0.6790  pmax 6.7  (6345s)
step 69000  train 0.7168  eval 0.6870  pmax 6.7  (6438s)
step 70000  train 0.7620  eval 0.6800  pmax 6.7  (6530s)
  [checkpoint + sample saved at step 70000]
step 71000  train 0.7149  eval 0.6677  pmax 6.7  (6624s)
step 72000  train 0.7075  eval 0.6888  pmax 6.7  (6717s)
step 73000  train 0.7333  eval 0.6789  pmax 6.7  (6810s)
step 74000  train 0.7280  eval 0.6560  pmax 6.8  (6903s)
step 75000  train 0.7404  eval 0.6954  pmax 6.8  (6996s)
step 76000  train 0.7437  eval 0.6717  pmax 6.8  (7089s)
step 77000  train 0.7478  eval 0.6914  pmax 6.8  (7182s)
step 78000  train 0.7450  eval 0.6635  pmax 6.8  (7275s)
step 79000  train 0.7157  eval 0.6911  pmax 6.8  (7367s)
step 80000  train 0.7451  eval 0.7024  pmax 6.8  (7460s)
  [checkpoint + sample saved at step 80000]
step 81000  train 0.7142  eval 0.6675  pmax 6.8  (7554s)
step 82000  train 0.7185  eval 0.6578  pmax 6.8  (7647s)
step 83000  train 0.7524  eval 0.6957  pmax 6.8  (7740s)
step 84000  train 0.7128  eval 0.6806  pmax 6.8  (7832s)
step 85000  train 0.6980  eval 0.6953  pmax 6.8  (7925s)
step 86000  train 0.7122  eval 0.6960  pmax 6.8  (8017s)
step 87000  train 0.7430  eval 0.6706  pmax 6.8  (8110s)
step 88000  train 0.7357  eval 0.7099  pmax 6.8  (8203s)
step 89000  train 0.7277  eval 0.6762  pmax 6.8  (8295s)
step 90000  train 0.7181  eval 0.6723  pmax 6.8  (8388s)
  [checkpoint + sample saved at step 90000]
step 91000  train 0.7010  eval 0.6426  pmax 6.8  (8482s)
step 92000  train 0.7267  eval 0.6581  pmax 6.8  (8575s)
step 93000  train 0.7378  eval 0.6763  pmax 6.8  (8668s)
step 94000  train 0.6916  eval 0.6858  pmax 6.8  (8761s)
step 95000  train 0.7280  eval 0.6516  pmax 6.8  (8854s)
step 96000  train 0.7493  eval 0.7135  pmax 6.8  (8947s)
step 97000  train 0.7058  eval 0.6765  pmax 6.8  (9039s)
step 98000  train 0.7281  eval 0.6653  pmax 6.8  (9132s)
step 99000  train 0.7066  eval 0.6658  pmax 6.8  (9225s)
step 100000  train 0.7251  eval 0.6611  pmax 6.8  (9318s)
  [checkpoint + sample saved at step 100000]
done. artifacts in /home/luke/Wavelet-State-KAN/checkpoints/mamba2_tinystories_1m_3ep_s31337
