/home/luke/Wavelet-State-KAN/experiments/V1_train_tinystories_lm.py:107: UserWarning: The given buffer is not writable, and PyTorch does not support non-writable tensors. This means you can write to the underlying (supposedly non-writable) buffer using the tensor. You may want to copy the buffer to protect its data or make it writable before converting it to a tensor. This type of warning will be suppressed for the rest of this program. (Triggered internally at /__w/pytorch/pytorch/torch/csrc/utils/tensor_new.cpp:1556.)
  train_ids = torch.frombuffer(train_text.encode("utf-8", errors="ignore"), dtype=torch.uint8)
train bytes: 1,195,926,439  eval bytes: 2,859,070
model: mamba2  params: 2,774  device: cuda
step     1  train 5.5650  eval 5.5440  pmax 6.8  (1s)
step  1000  train 2.3473  eval 2.3674  pmax 5.5  (21s)
step  2000  train 2.3080  eval 2.2904  pmax 5.1  (42s)
step  3000  train 2.2832  eval 2.2772  pmax 5.1  (63s)
step  4000  train 2.2351  eval 2.2825  pmax 5.1  (83s)
step  5000  train 2.2439  eval 2.3014  pmax 5.1  (104s)
step  6000  train 2.2641  eval 2.2649  pmax 5.1  (125s)
step  7000  train 2.2664  eval 2.2810  pmax 5.1  (145s)
step  8000  train 2.2334  eval 2.2232  pmax 5.1  (166s)
step  9000  train 2.2606  eval 2.2356  pmax 5.1  (187s)
step 10000  train 2.2792  eval 2.2885  pmax 5.2  (208s)
step 11000  train 2.2662  eval 2.3078  pmax 5.2  (228s)
step 12000  train 2.2423  eval 2.2459  pmax 5.3  (248s)
step 13000  train 2.2141  eval 2.2248  pmax 5.3  (269s)
step 14000  train 2.2554  eval 2.2510  pmax 5.3  (289s)
step 15000  train 2.2666  eval 2.2485  pmax 5.3  (309s)
step 16000  train 2.2736  eval 2.2444  pmax 5.4  (330s)
step 17000  train 2.2216  eval 2.2640  pmax 5.4  (351s)
step 18000  train 2.2835  eval 2.2282  pmax 5.4  (371s)
step 19000  train 2.2221  eval 2.2614  pmax 5.4  (392s)
step 20000  train 2.2537  eval 2.2301  pmax 5.4  (412s)
step 21000  train 2.2113  eval 2.1985  pmax 5.5  (433s)
step 22000  train 2.2743  eval 2.2604  pmax 5.5  (453s)
step 23000  train 2.2085  eval 2.2588  pmax 5.5  (474s)
step 24000  train 2.2420  eval 2.2508  pmax 5.5  (494s)
step 25000  train 2.2256  eval 2.2436  pmax 5.5  (515s)
  [checkpoint + sample saved at step 25000]
step 26000  train 2.2254  eval 2.2201  pmax 5.5  (536s)
step 27000  train 2.2514  eval 2.2490  pmax 5.5  (557s)
step 28000  train 2.2707  eval 2.2182  pmax 5.6  (577s)
step 29000  train 2.2279  eval 2.2508  pmax 5.6  (597s)
step 30000  train 2.2776  eval 2.2433  pmax 5.6  (617s)
step 31000  train 2.1985  eval 2.2326  pmax 5.6  (637s)
step 32000  train 2.2450  eval 2.2070  pmax 5.6  (658s)
step 33000  train 2.3034  eval 2.2413  pmax 5.6  (679s)
step 34000  train 2.2142  eval 2.2656  pmax 5.6  (699s)
step 35000  train 2.2265  eval 2.2301  pmax 5.6  (719s)
step 36000  train 2.2825  eval 2.2144  pmax 5.6  (740s)
  [checkpoint + sample saved at step 36000]
done. artifacts in /home/luke/Wavelet-State-KAN/checkpoints/mamba2_ultrachat_1k_3ep_s42
