/home/luke/Wavelet-State-KAN/experiments/V1_train_tinystories_lm.py:107: UserWarning: The given buffer is not writable, and PyTorch does not support non-writable tensors. This means you can write to the underlying (supposedly non-writable) buffer using the tensor. You may want to copy the buffer to protect its data or make it writable before converting it to a tensor. This type of warning will be suppressed for the rest of this program. (Triggered internally at /__w/pytorch/pytorch/torch/csrc/utils/tensor_new.cpp:1556.)
  train_ids = torch.frombuffer(train_text.encode("utf-8", errors="ignore"), dtype=torch.uint8)
train bytes: 542,898,247  eval bytes: 130,357
model: mamba2  params: 10,466  device: cuda
step     1  train 5.6311  eval 5.5621  pmax 6.7  (1s)
step  1000  train 1.9252  eval 1.9174  pmax 6.4  (44s)
step  2000  train 1.8713  eval 1.8504  pmax 6.5  (87s)
step  3000  train 1.8607  eval 1.8443  pmax 6.3  (130s)
step  4000  train 1.8491  eval 1.8451  pmax 6.0  (174s)
step  5000  train 1.8131  eval 1.8212  pmax 5.7  (214s)
step  6000  train 1.8796  eval 1.8207  pmax 5.6  (256s)
step  7000  train 1.8445  eval 1.8132  pmax 5.5  (299s)
step  8000  train 1.8075  eval 1.8244  pmax 5.5  (341s)
step  9000  train 1.8586  eval 1.8080  pmax 5.4  (384s)
step 10000  train 1.8095  eval 1.8290  pmax 5.5  (427s)
step 11000  train 1.8115  eval 1.8085  pmax 5.5  (467s)
step 12000  train 1.7688  eval 1.7628  pmax 5.5  (510s)
step 13000  train 1.8341  eval 1.7948  pmax 5.5  (554s)
step 14000  train 1.8258  eval 1.7871  pmax 5.6  (598s)
step 15000  train 1.8116  eval 1.8137  pmax 5.6  (642s)
step 16000  train 1.8126  eval 1.8129  pmax 5.6  (684s)
step 17000  train 1.8078  eval 1.8315  pmax 5.6  (725s)
step 18000  train 1.7664  eval 1.7729  pmax 5.6  (768s)
step 19000  train 1.7904  eval 1.7936  pmax 5.6  (812s)
step 20000  train 1.7811  eval 1.8050  pmax 5.6  (855s)
step 21000  train 1.7653  eval 1.8004  pmax 5.6  (899s)
step 22000  train 1.8013  eval 1.8314  pmax 5.6  (941s)
step 23000  train 1.7863  eval 1.7869  pmax 5.6  (982s)
step 24000  train 1.7985  eval 1.7773  pmax 5.6  (1024s)
step 25000  train 1.7790  eval 1.8260  pmax 5.6  (1068s)
  [checkpoint + sample saved at step 25000]
step 26000  train 1.7955  eval 1.7598  pmax 5.6  (1112s)
step 27000  train 1.7670  eval 1.7841  pmax 5.7  (1157s)
step 28000  train 1.7937  eval 1.7917  pmax 5.7  (1198s)
step 29000  train 1.7757  eval 1.7486  pmax 5.7  (1242s)
step 30000  train 1.8185  eval 1.7924  pmax 5.7  (1285s)
step 31000  train 1.7620  eval 1.7912  pmax 5.7  (1329s)
step 32000  train 1.7735  eval 1.8134  pmax 5.7  (1373s)
step 33000  train 1.7938  eval 1.7706  pmax 5.7  (1416s)
step 34000  train 1.7827  eval 1.7381  pmax 5.7  (1460s)
step 35000  train 1.7733  eval 1.7633  pmax 5.6  (1503s)
step 36000  train 1.7633  eval 1.7512  pmax 5.6  (1548s)
step 37000  train 1.7862  eval 1.7868  pmax 5.7  (1591s)
step 38000  train 1.7820  eval 1.7415  pmax 5.6  (1635s)
step 39000  train 1.7898  eval 1.7698  pmax 5.6  (1678s)
step 40000  train 1.8178  eval 1.8170  pmax 5.6  (1721s)
step 41000  train 1.8225  eval 1.8297  pmax 5.6  (1765s)
step 42000  train 1.7684  eval 1.7744  pmax 5.6  (1807s)
step 43000  train 1.7625  eval 1.7580  pmax 5.6  (1849s)
step 44000  train 1.7423  eval 1.7684  pmax 5.6  (1890s)
step 45000  train 1.7860  eval 1.7473  pmax 5.6  (1933s)
step 46000  train 1.7901  eval 1.7872  pmax 5.6  (1975s)
step 47000  train 1.7931  eval 1.7516  pmax 5.6  (2019s)
step 48000  train 1.7738  eval 1.8044  pmax 5.6  (2062s)
step 49000  train 1.7333  eval 1.7429  pmax 5.6  (2106s)
step 50000  train 1.8010  eval 1.7621  pmax 5.6  (2149s)
  [checkpoint + sample saved at step 50000]
done. artifacts in /home/luke/Wavelet-State-KAN/checkpoints/mamba2_wikitext_10k_3ep_s42
