/home/luke/Wavelet-State-KAN/experiments/V1_train_tinystories_lm.py:107: UserWarning: The given buffer is not writable, and PyTorch does not support non-writable tensors. This means you can write to the underlying (supposedly non-writable) buffer using the tensor. You may want to copy the buffer to protect its data or make it writable before converting it to a tensor. This type of warning will be suppressed for the rest of this program. (Triggered internally at /__w/pytorch/pytorch/torch/csrc/utils/tensor_new.cpp:1556.)
  train_ids = torch.frombuffer(train_text.encode("utf-8", errors="ignore"), dtype=torch.uint8)
train bytes: 542,898,247  eval bytes: 130,357
model: mamba2  params: 10,055,200  device: cuda
W0912 20:35:49.250000 4132435 .venv/lib/python3.12/site-packages/torch/_inductor/utils.py:1806] [0/0] Not enough SMs to use max_autotune_gemm mode
step     1  train 8.0678  eval 12.3159  pmax 6.9  (90s)
step  1000  train 1.2848  eval 1.2916  pmax 6.9  (885s)
step  2000  train 1.2320  eval 1.2184  pmax 6.9  (1681s)
step  3000  train 1.1639  eval 1.1546  pmax 6.9  (2476s)
step  4000  train 1.1246  eval 1.1522  pmax 7.0  (3269s)
step  5000  train 1.0948  eval 1.1259  pmax 7.0  (4063s)
  [checkpoint + sample saved at step 5000]
step  6000  train 1.0950  eval 1.1167  pmax 7.0  (4863s)
step  7000  train 1.1044  eval 1.1130  pmax 7.0  (5655s)
step  8000  train 1.1088  eval 1.0760  pmax 7.0  (6449s)
step  9000  train 1.0815  eval 1.0714  pmax 7.1  (7242s)
step 10000  train 1.0780  eval 1.0562  pmax 7.1  (8035s)
  [checkpoint + sample saved at step 10000]
step 11000  train 1.0566  eval 1.0653  pmax 7.1  (8829s)
step 12000  train 1.0322  eval 1.0539  pmax 7.1  (9623s)
step 13000  train 1.0255  eval 1.0355  pmax 7.1  (10419s)
step 14000  train 1.0429  eval 1.0333  pmax 7.1  (11214s)
step 15000  train 1.0321  eval 0.9880  pmax 7.1  (12010s)
  [checkpoint + sample saved at step 15000]
step 16000  train 1.0287  eval 1.0286  pmax 7.1  (12809s)
step 17000  train 1.0315  eval 1.0036  pmax 7.1  (13603s)
step 18000  train 1.0391  eval 1.0151  pmax 7.1  (14397s)
step 19000  train 0.9838  eval 1.0375  pmax 7.1  (15192s)
step 20000  train 0.9842  eval 0.9922  pmax 7.1  (15986s)
  [checkpoint + sample saved at step 20000]
step 21000  train 0.9947  eval 1.0482  pmax 7.1  (16784s)
step 22000  train 0.9941  eval 1.0167  pmax 7.1  (17577s)
step 23000  train 0.9683  eval 1.0041  pmax 7.1  (18371s)
step 24000  train 0.9862  eval 0.9664  pmax 7.1  (19164s)
step 25000  train 0.9724  eval 0.9978  pmax 7.1  (19957s)
  [checkpoint + sample saved at step 25000]
step 26000  train 0.9672  eval 1.0145  pmax 7.1  (20754s)
step 27000  train 0.9898  eval 0.9865  pmax 7.1  (21547s)
step 28000  train 0.9796  eval 1.0433  pmax 7.1  (22340s)
step 29000  train 0.9894  eval 1.0160  pmax 7.1  (23133s)
step 30000  train 0.9730  eval 0.9857  pmax 7.1  (23925s)
  [checkpoint + sample saved at step 30000]
step 31000  train 0.9659  eval 0.9913  pmax 7.1  (24722s)
step 32000  train 0.9632  eval 0.9608  pmax 7.1  (25514s)
step 33000  train 0.9707  eval 0.9642  pmax 7.1  (26306s)
  [checkpoint + sample saved at step 33000]
done. artifacts in /home/luke/Wavelet-State-KAN/checkpoints/mamba2_wikitext_10m_3ep_s42
