/home/luke/Wavelet-State-KAN/experiments/V1_train_tinystories_lm.py:107: UserWarning: The given buffer is not writable, and PyTorch does not support non-writable tensors. This means you can write to the underlying (supposedly non-writable) buffer using the tensor. You may want to copy the buffer to protect its data or make it writable before converting it to a tensor. This type of warning will be suppressed for the rest of this program. (Triggered internally at /__w/pytorch/pytorch/torch/csrc/utils/tensor_new.cpp:1556.)
  train_ids = torch.frombuffer(train_text.encode("utf-8", errors="ignore"), dtype=torch.uint8)
train bytes: 1,905,061,325  eval bytes: 405,730
model: mamba2  params: 98,124  device: cuda
step     1  train 5.8538  eval 5.3446  pmax 6.8  (9s)
step  1000  train 1.0284  eval 1.0439  pmax 6.8  (25s)
step  2000  train 1.0351  eval 0.9706  pmax 7.1  (41s)
step  3000  train 0.9828  eval 0.9337  pmax 7.2  (56s)
step  4000  train 1.0077  eval 0.9057  pmax 7.2  (72s)
step  5000  train 0.9404  eval 0.9169  pmax 7.1  (88s)
step  6000  train 0.9374  eval 0.8823  pmax 6.9  (104s)
step  7000  train 0.9049  eval 0.8646  pmax 6.9  (119s)
step  8000  train 0.9485  eval 0.8851  pmax 6.8  (135s)
step  9000  train 0.9184  eval 0.8569  pmax 6.9  (150s)
step 10000  train 0.9176  eval 0.8839  pmax 6.9  (166s)
step 11000  train 0.9120  eval 0.8553  pmax 6.9  (181s)
step 12000  train 0.9223  eval 0.9135  pmax 6.9  (197s)
step 13000  train 0.9234  eval 0.8481  pmax 6.9  (212s)
step 14000  train 0.8805  eval 0.8645  pmax 7.0  (228s)
step 15000  train 0.9095  eval 0.8720  pmax 7.0  (243s)
step 16000  train 0.9129  eval 0.8662  pmax 7.0  (259s)
step 17000  train 0.8994  eval 0.8579  pmax 7.0  (274s)
step 18000  train 0.8824  eval 0.8647  pmax 7.0  (290s)
step 19000  train 0.9237  eval 0.8475  pmax 7.0  (306s)
step 20000  train 0.9049  eval 0.8735  pmax 7.0  (321s)
step 21000  train 0.9340  eval 0.8675  pmax 7.1  (337s)
step 22000  train 0.9015  eval 0.8353  pmax 7.1  (352s)
step 23000  train 0.8890  eval 0.8429  pmax 7.1  (368s)
step 24000  train 0.9031  eval 0.8255  pmax 7.1  (384s)
step 25000  train 0.9083  eval 0.8361  pmax 7.1  (400s)
  [checkpoint + sample saved at step 25000]
step 26000  train 0.8963  eval 0.8610  pmax 7.1  (418s)
step 27000  train 0.9070  eval 0.8340  pmax 7.1  (434s)
step 28000  train 0.9220  eval 0.8437  pmax 7.1  (449s)
step 29000  train 0.8824  eval 0.8459  pmax 7.1  (465s)
step 30000  train 0.9062  eval 0.8622  pmax 7.2  (480s)
step 31000  train 0.8813  eval 0.8232  pmax 7.1  (495s)
step 32000  train 0.8999  eval 0.8236  pmax 7.2  (511s)
step 33000  train 0.8778  eval 0.8402  pmax 7.2  (526s)
step 34000  train 0.9081  eval 0.8656  pmax 7.2  (542s)
step 35000  train 0.8601  eval 0.8357  pmax 7.2  (557s)
step 36000  train 0.9143  eval 0.8407  pmax 7.2  (573s)
step 37000  train 0.8884  eval 0.8569  pmax 7.2  (588s)
step 38000  train 0.8699  eval 0.8411  pmax 7.2  (603s)
step 39000  train 0.8712  eval 0.8387  pmax 7.2  (619s)
step 40000  train 0.8598  eval 0.8421  pmax 7.2  (635s)
step 41000  train 0.8826  eval 0.8317  pmax 7.2  (650s)
step 42000  train 0.8597  eval 0.8342  pmax 7.2  (666s)
step 43000  train 0.8965  eval 0.8268  pmax 7.3  (681s)
step 44000  train 0.8535  eval 0.8045  pmax 7.3  (696s)
step 45000  train 0.8996  eval 0.8608  pmax 7.3  (712s)
step 46000  train 0.8566  eval 0.8284  pmax 7.3  (727s)
step 47000  train 0.8633  eval 0.8379  pmax 7.3  (742s)
step 48000  train 0.8773  eval 0.8678  pmax 7.3  (758s)
step 49000  train 0.8955  eval 0.8206  pmax 7.3  (773s)
step 50000  train 0.8881  eval 0.8267  pmax 7.3  (788s)
  [checkpoint + sample saved at step 50000]
step 51000  train 0.8519  eval 0.8174  pmax 7.3  (806s)
step 52000  train 0.8808  eval 0.8823  pmax 7.4  (822s)
step 53000  train 0.8804  eval 0.7957  pmax 7.4  (837s)
step 54000  train 0.8679  eval 0.8381  pmax 7.4  (853s)
step 55000  train 0.8988  eval 0.8213  pmax 7.4  (868s)
step 56000  train 0.8404  eval 0.8021  pmax 7.4  (883s)
step 57000  train 0.9016  eval 0.8500  pmax 7.4  (898s)
step 58000  train 0.8596  eval 0.8086  pmax 7.4  (914s)
step 59000  train 0.9011  eval 0.8203  pmax 7.4  (929s)
step 60000  train 0.8985  eval 0.8632  pmax 7.4  (945s)
step 61000  train 0.8526  eval 0.8117  pmax 7.5  (960s)
step 62000  train 0.9032  eval 0.8147  pmax 7.5  (976s)
step 63000  train 0.8606  eval 0.8350  pmax 7.5  (992s)
step 64000  train 0.9154  eval 0.8022  pmax 7.5  (1008s)
step 65000  train 0.8813  eval 0.8488  pmax 7.5  (1023s)
step 66000  train 0.8430  eval 0.8411  pmax 7.5  (1039s)
step 67000  train 0.8804  eval 0.7920  pmax 7.5  (1054s)
step 68000  train 0.8490  eval 0.8080  pmax 7.5  (1070s)
step 69000  train 0.8649  eval 0.8044  pmax 7.5  (1085s)
step 70000  train 0.8901  eval 0.8024  pmax 7.5  (1100s)
step 71000  train 0.8393  eval 0.8355  pmax 7.5  (1115s)
step 72000  train 0.8524  eval 0.7993  pmax 7.6  (1131s)
step 73000  train 0.8602  eval 0.8240  pmax 7.6  (1146s)
step 74000  train 0.8928  eval 0.8184  pmax 7.7  (1161s)
step 75000  train 0.8445  eval 0.8228  pmax 7.7  (1177s)
  [checkpoint + sample saved at step 75000]
step 76000  train 0.8575  eval 0.8594  pmax 7.8  (1195s)
step 77000  train 0.8984  eval 0.7971  pmax 7.9  (1210s)
step 78000  train 0.8680  eval 0.8350  pmax 8.0  (1225s)
step 79000  train 0.9154  eval 0.7943  pmax 8.0  (1241s)
step 80000  train 0.8872  eval 0.8201  pmax 8.1  (1256s)
step 81000  train 0.8576  eval 0.8033  pmax 8.1  (1272s)
step 82000  train 0.8821  eval 0.7993  pmax 8.1  (1287s)
step 83000  train 0.8596  eval 0.8009  pmax 8.2  (1303s)
step 84000  train 0.8378  eval 0.8090  pmax 8.2  (1318s)
step 85000  train 0.8521  eval 0.7747  pmax 8.2  (1333s)
step 86000  train 0.8648  eval 0.8130  pmax 8.2  (1349s)
step 87000  train 0.9115  eval 0.8448  pmax 8.3  (1364s)
step 88000  train 0.8579  eval 0.8017  pmax 8.3  (1379s)
step 89000  train 0.8784  eval 0.8125  pmax 8.3  (1395s)
step 90000  train 0.8922  eval 0.8242  pmax 8.3  (1411s)
step 91000  train 0.8268  eval 0.8170  pmax 8.3  (1426s)
step 92000  train 0.8907  eval 0.8167  pmax 8.3  (1442s)
step 93000  train 0.8873  eval 0.7928  pmax 8.4  (1457s)
step 94000  train 0.8744  eval 0.8264  pmax 8.4  (1472s)
step 95000  train 0.8638  eval 0.8445  pmax 8.4  (1488s)
step 96000  train 0.8652  eval 0.8296  pmax 8.4  (1503s)
step 97000  train 0.8384  eval 0.8120  pmax 8.5  (1519s)
step 98000  train 0.8561  eval 0.8520  pmax 8.5  (1534s)
step 99000  train 0.8298  eval 0.8365  pmax 8.6  (1550s)
step 100000  train 0.8724  eval 0.8379  pmax 8.6  (1565s)
  [checkpoint + sample saved at step 100000]
step 101000  train 0.8509  eval 0.8394  pmax 8.6  (1584s)
step 102000  train 0.8501  eval 0.8095  pmax 8.6  (1599s)
step 103000  train 0.8884  eval 0.8154  pmax 8.6  (1614s)
step 104000  train 0.8761  eval 0.8279  pmax 8.6  (1630s)
step 105000  train 0.8547  eval 0.8319  pmax 8.6  (1645s)
step 106000  train 0.8589  eval 0.7898  pmax 8.6  (1660s)
step 107000  train 0.8985  eval 0.8126  pmax 8.7  (1676s)
step 108000  train 0.8511  eval 0.8239  pmax 8.6  (1691s)
step 109000  train 0.8590  eval 0.8107  pmax 8.7  (1706s)
step 110000  train 0.8475  eval 0.7842  pmax 8.7  (1721s)
step 111000  train 0.8545  eval 0.8046  pmax 8.7  (1737s)
step 112000  train 0.8403  eval 0.8186  pmax 8.7  (1752s)
step 113000  train 0.8476  eval 0.7936  pmax 8.7  (1767s)
step 114000  train 0.8603  eval 0.8055  pmax 8.7  (1783s)
step 115000  train 0.8697  eval 0.7741  pmax 8.7  (1798s)
step 116000  train 0.8847  eval 0.8075  pmax 8.7  (1814s)
step 117000  train 0.8455  eval 0.8256  pmax 8.8  (1829s)
step 118000  train 0.8571  eval 0.7748  pmax 8.7  (1844s)
step 119000  train 0.8427  eval 0.8240  pmax 8.8  (1860s)
step 120000  train 0.8585  eval 0.8156  pmax 8.8  (1875s)
step 121000  train 0.8689  eval 0.8215  pmax 8.8  (1891s)
step 122000  train 0.8333  eval 0.8176  pmax 8.8  (1906s)
step 123000  train 0.8564  eval 0.7978  pmax 8.8  (1921s)
step 124000  train 0.8538  eval 0.8029  pmax 8.8  (1936s)
step 125000  train 0.8966  eval 0.7991  pmax 8.8  (1952s)
  [checkpoint + sample saved at step 125000]
step 126000  train 0.8554  eval 0.8323  pmax 8.8  (1970s)
step 127000  train 0.8482  eval 0.8123  pmax 8.9  (1985s)
step 128000  train 0.8143  eval 0.8210  pmax 8.9  (2001s)
step 129000  train 0.8468  eval 0.8275  pmax 8.9  (2016s)
step 130000  train 0.8288  eval 0.8515  pmax 8.9  (2032s)
step 131000  train 0.8438  eval 0.8344  pmax 9.0  (2047s)
step 132000  train 0.8450  eval 0.8088  pmax 9.0  (2063s)
step 133000  train 0.8573  eval 0.7962  pmax 9.0  (2078s)
step 134000  train 0.8648  eval 0.8002  pmax 9.0  (2094s)
step 135000  train 0.8436  eval 0.7864  pmax 9.0  (2109s)
step 136000  train 0.8315  eval 0.8041  pmax 9.1  (2125s)
step 137000  train 0.8328  eval 0.8183  pmax 9.1  (2140s)
step 138000  train 0.8719  eval 0.8116  pmax 9.1  (2156s)
step 139000  train 0.8648  eval 0.8095  pmax 9.1  (2171s)
step 140000  train 0.8746  eval 0.8093  pmax 9.2  (2187s)
step 141000  train 0.8737  eval 0.7650  pmax 9.2  (2202s)
step 142000  train 0.8413  eval 0.8050  pmax 9.2  (2218s)
step 143000  train 0.8516  eval 0.8288  pmax 9.2  (2233s)
step 144000  train 0.8369  eval 0.8180  pmax 9.2  (2248s)
step 145000  train 0.8526  eval 0.8013  pmax 9.3  (2264s)
step 146000  train 0.8460  eval 0.8280  pmax 9.3  (2279s)
step 147000  train 0.8547  eval 0.7808  pmax 9.3  (2295s)
step 148000  train 0.8626  eval 0.8317  pmax 9.3  (2310s)
step 149000  train 0.8271  eval 0.8373  pmax 9.3  (2325s)
step 150000  train 0.8359  eval 0.7739  pmax 9.4  (2341s)
  [checkpoint + sample saved at step 150000]
step 151000  train 0.8394  eval 0.7725  pmax 9.4  (2360s)
step 152000  train 0.8429  eval 0.7806  pmax 9.4  (2375s)
step 153000  train 0.8275  eval 0.7743  pmax 9.5  (2391s)
step 154000  train 0.8514  eval 0.7927  pmax 9.5  (2407s)
step 155000  train 0.8914  eval 0.7925  pmax 9.5  (2422s)
step 156000  train 0.8556  eval 0.7995  pmax 9.5  (2438s)
step 157000  train 0.8466  eval 0.8039  pmax 9.5  (2453s)
step 158000  train 0.8669  eval 0.7725  pmax 9.5  (2469s)
step 159000  train 0.8404  eval 0.8158  pmax 9.6  (2485s)
step 160000  train 0.8640  eval 0.7908  pmax 9.6  (2501s)
step 161000  train 0.8123  eval 0.7890  pmax 9.6  (2516s)
step 162000  train 0.8240  eval 0.8059  pmax 9.6  (2532s)
step 163000  train 0.8131  eval 0.8237  pmax 9.6  (2548s)
step 164000  train 0.8336  eval 0.7742  pmax 9.6  (2563s)
step 165000  train 0.8573  eval 0.7864  pmax 9.6  (2579s)
step 166000  train 0.8594  eval 0.8172  pmax 9.7  (2595s)
step 167000  train 0.8039  eval 0.8420  pmax 9.7  (2611s)
step 168000  train 0.8312  eval 0.7815  pmax 9.7  (2626s)
step 169000  train 0.8550  eval 0.8161  pmax 9.7  (2641s)
step 170000  train 0.8445  eval 0.8169  pmax 9.8  (2656s)
step 171000  train 0.8715  eval 0.7805  pmax 9.8  (2672s)
step 172000  train 0.8613  eval 0.8094  pmax 9.8  (2687s)
step 173000  train 0.8621  eval 0.8260  pmax 9.8  (2703s)
step 174000  train 0.8467  eval 0.7702  pmax 9.8  (2718s)
step 175000  train 0.8830  eval 0.8021  pmax 9.9  (2734s)
  [checkpoint + sample saved at step 175000]
step 176000  train 0.8532  eval 0.8170  pmax 9.9  (2752s)
step 177000  train 0.8596  eval 0.8165  pmax 9.9  (2768s)
step 178000  train 0.9039  eval 0.7900  pmax 9.9  (2784s)
step 179000  train 0.8109  eval 0.8021  pmax 9.9  (2799s)
step 180000  train 0.8343  eval 0.7822  pmax 9.9  (2815s)
step 181000  train 0.8477  eval 0.7944  pmax 9.9  (2830s)
step 182000  train 0.8766  eval 0.7906  pmax 9.9  (2846s)
step 183000  train 0.8358  eval 0.7883  pmax 9.9  (2861s)
step 184000  train 0.8718  eval 0.7734  pmax 9.9  (2877s)
step 185000  train 0.8001  eval 0.7803  pmax 9.9  (2893s)
step 186000  train 0.8474  eval 0.7883  pmax 9.9  (2908s)
step 187000  train 0.8137  eval 0.7835  pmax 10.0  (2924s)
step 188000  train 0.8575  eval 0.7779  pmax 10.0  (2940s)
step 189000  train 0.8408  eval 0.7964  pmax 10.0  (2955s)
step 190000  train 0.8524  eval 0.7832  pmax 10.0  (2971s)
step 191000  train 0.8610  eval 0.7921  pmax 10.0  (2986s)
step 192000  train 0.8405  eval 0.8109  pmax 10.0  (3002s)
step 193000  train 0.8663  eval 0.7972  pmax 10.0  (3017s)
step 194000  train 0.8392  eval 0.7787  pmax 10.0  (3033s)
step 195000  train 0.8460  eval 0.7860  pmax 10.0  (3048s)
step 196000  train 0.8261  eval 0.7768  pmax 10.1  (3064s)
step 197000  train 0.8591  eval 0.8039  pmax 10.1  (3079s)
step 198000  train 0.8515  eval 0.7819  pmax 10.1  (3095s)
step 199000  train 0.8368  eval 0.7967  pmax 10.1  (3110s)
step 200000  train 0.8312  eval 0.8286  pmax 10.1  (3126s)
  [checkpoint + sample saved at step 200000]
step 201000  train 0.8429  eval 0.7759  pmax 10.1  (3144s)
step 202000  train 0.8561  eval 0.8086  pmax 10.1  (3159s)
step 203000  train 0.8403  eval 0.7925  pmax 10.1  (3175s)
step 204000  train 0.8442  eval 0.7944  pmax 10.1  (3190s)
step 205000  train 0.8190  eval 0.8053  pmax 10.1  (3206s)
step 206000  train 0.8325  eval 0.7821  pmax 10.1  (3221s)
step 207000  train 0.8480  eval 0.7851  pmax 10.1  (3236s)
step 208000  train 0.8731  eval 0.7867  pmax 10.1  (3252s)
step 209000  train 0.8329  eval 0.8203  pmax 10.1  (3267s)
step 210000  train 0.8050  eval 0.8212  pmax 10.2  (3283s)
step 211000  train 0.8663  eval 0.7944  pmax 10.2  (3298s)
step 212000  train 0.8634  eval 0.7832  pmax 10.2  (3314s)
step 213000  train 0.8764  eval 0.7858  pmax 10.2  (3330s)
step 214000  train 0.8546  eval 0.7954  pmax 10.2  (3346s)
step 215000  train 0.8646  eval 0.8056  pmax 10.2  (3361s)
step 216000  train 0.8470  eval 0.7802  pmax 10.2  (3377s)
step 217000  train 0.8272  eval 0.7807  pmax 10.2  (3393s)
step 218000  train 0.8501  eval 0.8039  pmax 10.2  (3409s)
step 219000  train 0.8359  eval 0.8063  pmax 10.2  (3425s)
step 220000  train 0.8677  eval 0.7599  pmax 10.2  (3440s)
step 221000  train 0.8425  eval 0.8243  pmax 10.2  (3456s)
step 222000  train 0.8284  eval 0.7984  pmax 10.2  (3471s)
step 223000  train 0.8273  eval 0.8103  pmax 10.2  (3487s)
step 224000  train 0.8178  eval 0.8027  pmax 10.2  (3502s)
step 225000  train 0.8325  eval 0.8202  pmax 10.2  (3517s)
  [checkpoint + sample saved at step 225000]
step 226000  train 0.8552  eval 0.8155  pmax 10.2  (3535s)
step 227000  train 0.8321  eval 0.8021  pmax 10.2  (3550s)
step 228000  train 0.8481  eval 0.7757  pmax 10.2  (3566s)
step 229000  train 0.8381  eval 0.7959  pmax 10.3  (3581s)
step 230000  train 0.8413  eval 0.8163  pmax 10.3  (3597s)
step 231000  train 0.8361  eval 0.8071  pmax 10.3  (3612s)
step 232000  train 0.8627  eval 0.8010  pmax 10.3  (3627s)
step 233000  train 0.8508  eval 0.7859  pmax 10.3  (3643s)
step 234000  train 0.8344  eval 0.7619  pmax 10.3  (3658s)
step 235000  train 0.8381  eval 0.8147  pmax 10.3  (3673s)
step 236000  train 0.8673  eval 0.7736  pmax 10.3  (3689s)
step 237000  train 0.8236  eval 0.8159  pmax 10.3  (3704s)
step 238000  train 0.8416  eval 0.7680  pmax 10.3  (3720s)
step 239000  train 0.8197  eval 0.7832  pmax 10.3  (3735s)
step 240000  train 0.8193  eval 0.7953  pmax 10.3  (3750s)
step 241000  train 0.8410  eval 0.8191  pmax 10.3  (3765s)
step 242000  train 0.8230  eval 0.8259  pmax 10.3  (3781s)
step 243000  train 0.8410  eval 0.8168  pmax 10.3  (3796s)
step 244000  train 0.8467  eval 0.7947  pmax 10.3  (3812s)
step 245000  train 0.8102  eval 0.8315  pmax 10.3  (3827s)
step 246000  train 0.8353  eval 0.8250  pmax 10.3  (3842s)
step 247000  train 0.8462  eval 0.7764  pmax 10.3  (3858s)
step 248000  train 0.8564  eval 0.7781  pmax 10.3  (3873s)
step 249000  train 0.8421  eval 0.7937  pmax 10.3  (3888s)
step 250000  train 0.8231  eval 0.7912  pmax 10.3  (3904s)
  [checkpoint + sample saved at step 250000]
step 251000  train 0.8441  eval 0.7869  pmax 10.3  (3922s)
step 252000  train 0.8500  eval 0.7753  pmax 10.3  (3937s)
step 253000  train 0.8208  eval 0.7672  pmax 10.3  (3953s)
step 254000  train 0.8655  eval 0.7784  pmax 10.3  (3968s)
step 255000  train 0.8200  eval 0.8054  pmax 10.3  (3984s)
step 256000  train 0.8320  eval 0.7596  pmax 10.3  (3999s)
step 257000  train 0.8538  eval 0.7971  pmax 10.3  (4015s)
step 258000  train 0.8271  eval 0.7828  pmax 10.3  (4030s)
step 259000  train 0.8119  eval 0.7653  pmax 10.3  (4045s)
step 260000  train 0.8446  eval 0.7912  pmax 10.4  (4061s)
step 261000  train 0.8467  eval 0.7696  pmax 10.4  (4076s)
step 262000  train 0.8527  eval 0.8175  pmax 10.4  (4091s)
step 263000  train 0.8336  eval 0.7721  pmax 10.4  (4107s)
step 264000  train 0.8291  eval 0.7952  pmax 10.4  (4122s)
step 265000  train 0.8291  eval 0.7812  pmax 10.4  (4138s)
step 266000  train 0.8245  eval 0.7959  pmax 10.4  (4153s)
step 267000  train 0.8555  eval 0.8029  pmax 10.4  (4169s)
step 268000  train 0.8341  eval 0.8109  pmax 10.4  (4184s)
step 269000  train 0.8159  eval 0.8167  pmax 10.4  (4200s)
step 270000  train 0.8307  eval 0.7822  pmax 10.4  (4216s)
step 271000  train 0.8068  eval 0.7590  pmax 10.4  (4231s)
step 272000  train 0.8747  eval 0.7748  pmax 10.4  (4247s)
step 273000  train 0.8170  eval 0.7876  pmax 10.4  (4263s)
step 274000  train 0.8459  eval 0.7976  pmax 10.4  (4278s)
step 275000  train 0.8320  eval 0.8063  pmax 10.4  (4293s)
  [checkpoint + sample saved at step 275000]
step 276000  train 0.8084  eval 0.7842  pmax 10.4  (4311s)
step 277000  train 0.8437  eval 0.8046  pmax 10.4  (4326s)
step 278000  train 0.8330  eval 0.7732  pmax 10.4  (4342s)
step 279000  train 0.8409  eval 0.7650  pmax 10.4  (4357s)
step 280000  train 0.8270  eval 0.8057  pmax 10.4  (4372s)
step 281000  train 0.8489  eval 0.7921  pmax 10.4  (4388s)
step 282000  train 0.8695  eval 0.7743  pmax 10.4  (4403s)
step 283000  train 0.8517  eval 0.7889  pmax 10.4  (4418s)
step 284000  train 0.8250  eval 0.7952  pmax 10.4  (4434s)
step 285000  train 0.8160  eval 0.7936  pmax 10.4  (4449s)
step 286000  train 0.8390  eval 0.7901  pmax 10.4  (4465s)
step 287000  train 0.8389  eval 0.7824  pmax 10.4  (4480s)
step 288000  train 0.8353  eval 0.7481  pmax 10.4  (4495s)
step 289000  train 0.8250  eval 0.8186  pmax 10.4  (4511s)
step 290000  train 0.8280  eval 0.7841  pmax 10.4  (4526s)
step 291000  train 0.8229  eval 0.8157  pmax 10.4  (4542s)
step 292000  train 0.8223  eval 0.7953  pmax 10.4  (4557s)
step 293000  train 0.8143  eval 0.8110  pmax 10.4  (4573s)
step 294000  train 0.8372  eval 0.8013  pmax 10.4  (4588s)
step 295000  train 0.8478  eval 0.8000  pmax 10.4  (4604s)
step 296000  train 0.8654  eval 0.7963  pmax 10.4  (4619s)
step 297000  train 0.8238  eval 0.7793  pmax 10.4  (4635s)
step 298000  train 0.8407  eval 0.8051  pmax 10.4  (4650s)
step 299000  train 0.8444  eval 0.7844  pmax 10.4  (4666s)
step 300000  train 0.7952  eval 0.8115  pmax 10.4  (4682s)
  [checkpoint + sample saved at step 300000]
done. artifacts in /home/luke/Wavelet-State-KAN/checkpoints/mamba2_tinystories_100k_3ep_s2024
