/home/luke/Wavelet-State-KAN/experiments/V1_train_tinystories_lm.py:107: UserWarning: The given buffer is not writable, and PyTorch does not support non-writable tensors. This means you can write to the underlying (supposedly non-writable) buffer using the tensor. You may want to copy the buffer to protect its data or make it writable before converting it to a tensor. This type of warning will be suppressed for the rest of this program. (Triggered internally at /__w/pytorch/pytorch/torch/csrc/utils/tensor_new.cpp:1556.)
  train_ids = torch.frombuffer(train_text.encode("utf-8", errors="ignore"), dtype=torch.uint8)
train bytes: 542,898,247  eval bytes: 130,357
model: mamba2  params: 10,055,200  device: cuda
W0913 20:50:49.594000 510037 .venv/lib/python3.12/site-packages/torch/_inductor/utils.py:1806] [0/0] Not enough SMs to use max_autotune_gemm mode
step     1  train 8.3089  eval 11.2601  pmax 6.9  (89s)
step  1000  train 1.3114  eval 1.3070  pmax 6.9  (749s)
step  2000  train 1.2102  eval 1.2529  pmax 6.9  (1410s)
step  3000  train 1.1718  eval 1.1997  pmax 6.9  (2070s)
step  4000  train 1.1508  eval 1.1922  pmax 7.0  (2732s)
step  5000  train 1.1524  eval 1.1265  pmax 7.0  (3393s)
  [checkpoint + sample saved at step 5000]
step  6000  train 1.1544  eval 1.1491  pmax 7.0  (4058s)
step  7000  train 1.1589  eval 1.1103  pmax 7.0  (4720s)
step  8000  train 1.0991  eval 1.0924  pmax 7.1  (5381s)
step  9000  train 1.0991  eval 1.0594  pmax 7.1  (6042s)
step 10000  train 1.0874  eval 1.0782  pmax 7.1  (6703s)
  [checkpoint + sample saved at step 10000]
step 11000  train 1.0673  eval 1.0494  pmax 7.1  (7367s)
step 12000  train 1.0958  eval 1.0825  pmax 7.1  (8028s)
step 13000  train 1.0054  eval 1.0832  pmax 7.1  (8690s)
step 14000  train 1.0710  eval 1.0757  pmax 7.1  (9352s)
step 15000  train 1.0604  eval 1.0710  pmax 7.1  (10014s)
  [checkpoint + sample saved at step 15000]
step 16000  train 1.0166  eval 1.0194  pmax 7.2  (10680s)
step 17000  train 1.0133  eval 1.0010  pmax 7.2  (11343s)
step 18000  train 1.0363  eval 1.0177  pmax 7.2  (12005s)
step 19000  train 0.9873  eval 1.0253  pmax 7.2  (12666s)
step 20000  train 1.0382  eval 1.0243  pmax 7.2  (13327s)
  [checkpoint + sample saved at step 20000]
step 21000  train 1.0139  eval 0.9676  pmax 7.2  (13992s)
step 22000  train 1.0090  eval 1.0687  pmax 7.2  (14654s)
step 23000  train 1.0059  eval 1.0055  pmax 7.2  (15316s)
step 24000  train 1.0208  eval 1.0037  pmax 7.2  (15978s)
step 25000  train 0.9933  eval 0.9878  pmax 7.2  (16640s)
  [checkpoint + sample saved at step 25000]
step 26000  train 0.9989  eval 1.0434  pmax 7.2  (17307s)
step 27000  train 0.9213  eval 0.9747  pmax 7.2  (17969s)
step 28000  train 0.9745  eval 0.9555  pmax 7.2  (18632s)
step 29000  train 0.9483  eval 0.9456  pmax 7.2  (19294s)
step 30000  train 0.9685  eval 1.0056  pmax 7.2  (19955s)
  [checkpoint + sample saved at step 30000]
step 31000  train 0.9565  eval 1.0140  pmax 7.2  (20621s)
step 32000  train 0.9640  eval 1.0146  pmax 7.2  (21283s)
step 33000  train 0.9704  eval 1.0170  pmax 7.2  (21945s)
  [checkpoint + sample saved at step 33000]
done. artifacts in /home/luke/Wavelet-State-KAN/checkpoints/mamba2_wikitext_10m_3ep_s2024
