/home/luke/Wavelet-State-KAN/experiments/V1_train_tinystories_lm.py:107: UserWarning: The given buffer is not writable, and PyTorch does not support non-writable tensors. This means you can write to the underlying (supposedly non-writable) buffer using the tensor. You may want to copy the buffer to protect its data or make it writable before converting it to a tensor. This type of warning will be suppressed for the rest of this program. (Triggered internally at /__w/pytorch/pytorch/torch/csrc/utils/tensor_new.cpp:1556.)
  train_ids = torch.frombuffer(train_text.encode("utf-8", errors="ignore"), dtype=torch.uint8)
train bytes: 1,195,926,439  eval bytes: 2,859,070
model: mamba2  params: 98,124  device: cuda
W0920 12:50:16.478000 961475 .venv/lib/python3.12/site-packages/torch/_inductor/utils.py:1806] [0/0] Not enough SMs to use max_autotune_gemm mode
step     1  train 5.8112  eval 5.3575  pmax 6.9  (59s)
step  1000  train 1.3777  eval 1.3903  pmax 6.9  (82s)
step  2000  train 1.3488  eval 1.3031  pmax 7.1  (105s)
step  3000  train 1.3487  eval 1.3286  pmax 7.2  (128s)
step  4000  train 1.2791  eval 1.3141  pmax 7.2  (152s)
step  5000  train 1.3361  eval 1.2719  pmax 7.2  (175s)
step  6000  train 1.3410  eval 1.3204  pmax 7.3  (198s)
step  7000  train 1.2586  eval 1.3233  pmax 7.3  (221s)
step  8000  train 1.3080  eval 1.3330  pmax 7.3  (244s)
step  9000  train 1.2747  eval 1.2693  pmax 7.3  (267s)
step 10000  train 1.2895  eval 1.2620  pmax 7.3  (290s)
step 11000  train 1.3088  eval 1.2877  pmax 7.4  (314s)
step 12000  train 1.2823  eval 1.3110  pmax 7.4  (337s)
step 13000  train 1.2929  eval 1.3465  pmax 7.5  (360s)
step 14000  train 1.3009  eval 1.2733  pmax 7.5  (383s)
step 15000  train 1.2249  eval 1.2387  pmax 7.5  (406s)
step 16000  train 1.3075  eval 1.2916  pmax 7.6  (429s)
step 17000  train 1.2892  eval 1.2938  pmax 7.6  (453s)
step 18000  train 1.2548  eval 1.3388  pmax 7.6  (476s)
step 19000  train 1.2372  eval 1.3186  pmax 7.6  (499s)
step 20000  train 1.2620  eval 1.2846  pmax 7.7  (522s)
step 21000  train 1.2974  eval 1.3415  pmax 7.7  (545s)
step 22000  train 1.2836  eval 1.2928  pmax 7.7  (568s)
step 23000  train 1.2806  eval 1.2823  pmax 7.7  (591s)
step 24000  train 1.2575  eval 1.2251  pmax 7.8  (614s)
step 25000  train 1.3084  eval 1.3113  pmax 7.8  (638s)
  [checkpoint + sample saved at step 25000]
step 26000  train 1.2542  eval 1.2698  pmax 7.8  (664s)
step 27000  train 1.2259  eval 1.2965  pmax 7.8  (687s)
step 28000  train 1.2327  eval 1.2809  pmax 7.9  (710s)
step 29000  train 1.3087  eval 1.2619  pmax 7.9  (733s)
step 30000  train 1.2421  eval 1.3005  pmax 7.9  (756s)
step 31000  train 1.2432  eval 1.2585  pmax 7.9  (779s)
step 32000  train 1.2481  eval 1.2573  pmax 8.0  (802s)
step 33000  train 1.2419  eval 1.1886  pmax 8.0  (825s)
step 34000  train 1.2621  eval 1.2619  pmax 8.0  (848s)
step 35000  train 1.2644  eval 1.2772  pmax 8.1  (871s)
step 36000  train 1.2380  eval 1.2387  pmax 8.1  (894s)
step 37000  train 1.2780  eval 1.2910  pmax 8.1  (917s)
step 38000  train 1.2480  eval 1.2294  pmax 8.2  (940s)
step 39000  train 1.2646  eval 1.2232  pmax 8.2  (963s)
step 40000  train 1.2610  eval 1.1992  pmax 8.2  (986s)
step 41000  train 1.2767  eval 1.2776  pmax 8.3  (1009s)
step 42000  train 1.2801  eval 1.2836  pmax 8.3  (1032s)
step 43000  train 1.2315  eval 1.2910  pmax 8.3  (1056s)
step 44000  train 1.1927  eval 1.3026  pmax 8.4  (1079s)
step 45000  train 1.2465  eval 1.2123  pmax 8.4  (1102s)
step 46000  train 1.2150  eval 1.2901  pmax 8.4  (1125s)
step 47000  train 1.2376  eval 1.2985  pmax 8.5  (1148s)
step 48000  train 1.1913  eval 1.2237  pmax 8.5  (1171s)
step 49000  train 1.2016  eval 1.2697  pmax 8.5  (1194s)
step 50000  train 1.2252  eval 1.2485  pmax 8.6  (1217s)
  [checkpoint + sample saved at step 50000]
step 51000  train 1.2125  eval 1.2367  pmax 8.6  (1243s)
step 52000  train 1.2305  eval 1.2355  pmax 8.6  (1266s)
step 53000  train 1.2243  eval 1.2230  pmax 8.7  (1289s)
step 54000  train 1.2319  eval 1.2827  pmax 8.7  (1312s)
step 55000  train 1.1999  eval 1.1957  pmax 8.7  (1335s)
step 56000  train 1.2376  eval 1.2572  pmax 8.7  (1358s)
step 57000  train 1.2468  eval 1.1367  pmax 8.8  (1382s)
step 58000  train 1.2140  eval 1.2103  pmax 8.8  (1405s)
step 59000  train 1.2123  eval 1.2456  pmax 8.8  (1428s)
step 60000  train 1.2420  eval 1.2173  pmax 8.8  (1451s)
step 61000  train 1.2434  eval 1.2163  pmax 8.9  (1474s)
step 62000  train 1.1948  eval 1.2345  pmax 8.9  (1497s)
step 63000  train 1.2353  eval 1.2341  pmax 8.9  (1520s)
step 64000  train 1.2254  eval 1.2440  pmax 8.9  (1543s)
step 65000  train 1.2187  eval 1.2310  pmax 9.0  (1566s)
step 66000  train 1.2575  eval 1.2335  pmax 9.0  (1590s)
step 67000  train 1.2164  eval 1.2454  pmax 9.0  (1613s)
step 68000  train 1.1945  eval 1.2466  pmax 9.0  (1636s)
step 69000  train 1.2026  eval 1.2148  pmax 9.0  (1659s)
step 70000  train 1.2811  eval 1.2359  pmax 9.0  (1682s)
step 71000  train 1.2175  eval 1.3136  pmax 9.1  (1705s)
step 72000  train 1.2679  eval 1.2299  pmax 9.1  (1728s)
step 73000  train 1.2312  eval 1.2462  pmax 9.1  (1751s)
step 74000  train 1.2234  eval 1.1873  pmax 9.1  (1774s)
step 75000  train 1.2606  eval 1.2318  pmax 9.1  (1798s)
  [checkpoint + sample saved at step 75000]
step 76000  train 1.2082  eval 1.2519  pmax 9.1  (1823s)
step 77000  train 1.2096  eval 1.2728  pmax 9.1  (1846s)
step 78000  train 1.2036  eval 1.1969  pmax 9.2  (1870s)
step 79000  train 1.2099  eval 1.1656  pmax 9.2  (1893s)
step 80000  train 1.2561  eval 1.2216  pmax 9.2  (1916s)
step 81000  train 1.2211  eval 1.2532  pmax 9.2  (1939s)
step 82000  train 1.2230  eval 1.2200  pmax 9.2  (1962s)
step 83000  train 1.1934  eval 1.2898  pmax 9.2  (1986s)
step 84000  train 1.2661  eval 1.2357  pmax 9.2  (2009s)
step 85000  train 1.2482  eval 1.1741  pmax 9.2  (2032s)
step 86000  train 1.2541  eval 1.2731  pmax 9.2  (2055s)
step 87000  train 1.2290  eval 1.2341  pmax 9.2  (2078s)
step 88000  train 1.2166  eval 1.2565  pmax 9.2  (2101s)
step 89000  train 1.2701  eval 1.2398  pmax 9.3  (2124s)
step 90000  train 1.2270  eval 1.1843  pmax 9.3  (2147s)
step 91000  train 1.1720  eval 1.1879  pmax 9.3  (2171s)
step 92000  train 1.2269  eval 1.2422  pmax 9.3  (2194s)
step 93000  train 1.2073  eval 1.2515  pmax 9.3  (2217s)
step 94000  train 1.2375  eval 1.2350  pmax 9.3  (2240s)
step 95000  train 1.2226  eval 1.1904  pmax 9.3  (2263s)
step 96000  train 1.1937  eval 1.2446  pmax 9.3  (2286s)
step 97000  train 1.2332  eval 1.2454  pmax 9.3  (2309s)
step 98000  train 1.1757  eval 1.2181  pmax 9.3  (2332s)
step 99000  train 1.1755  eval 1.2412  pmax 9.3  (2355s)
step 100000  train 1.2346  eval 1.2023  pmax 9.3  (2378s)
  [checkpoint + sample saved at step 100000]
step 101000  train 1.1835  eval 1.1865  pmax 9.3  (2404s)
step 102000  train 1.2195  eval 1.2053  pmax 9.3  (2427s)
step 103000  train 1.2304  eval 1.2335  pmax 9.3  (2450s)
step 104000  train 1.1935  eval 1.2141  pmax 9.3  (2473s)
step 105000  train 1.2217  eval 1.2046  pmax 9.3  (2496s)
step 106000  train 1.2312  eval 1.2828  pmax 9.3  (2519s)
step 107000  train 1.2480  eval 1.1660  pmax 9.3  (2543s)
step 108000  train 1.2143  eval 1.2228  pmax 9.3  (2566s)
  [checkpoint + sample saved at step 108000]
done. artifacts in /home/luke/Wavelet-State-KAN/checkpoints/mamba2_ultrachat_100k_3ep_s31337
