/home/luke/Wavelet-State-KAN/experiments/V1_train_tinystories_lm.py:107: UserWarning: The given buffer is not writable, and PyTorch does not support non-writable tensors. This means you can write to the underlying (supposedly non-writable) buffer using the tensor. You may want to copy the buffer to protect its data or make it writable before converting it to a tensor. This type of warning will be suppressed for the rest of this program. (Triggered internally at /__w/pytorch/pytorch/torch/csrc/utils/tensor_new.cpp:1556.)
  train_ids = torch.frombuffer(train_text.encode("utf-8", errors="ignore"), dtype=torch.uint8)
train bytes: 1,195,926,439  eval bytes: 2,859,070
model: mamba2  params: 10,466  device: cuda
step     1  train 5.6224  eval 5.5599  pmax 6.4  (1s)
step  1000  train 1.9022  eval 1.9161  pmax 7.6  (43s)
step  2000  train 1.8233  eval 1.8248  pmax 8.3  (84s)
step  3000  train 1.8552  eval 1.8063  pmax 8.9  (128s)
step  4000  train 1.8005  eval 1.8535  pmax 9.4  (172s)
step  5000  train 1.7874  eval 1.7379  pmax 9.8  (215s)
step  6000  train 1.7597  eval 1.8189  pmax 10.1  (258s)
step  7000  train 1.7965  eval 1.7399  pmax 10.4  (301s)
step  8000  train 1.8177  eval 1.7340  pmax 10.6  (344s)
step  9000  train 1.7936  eval 1.8178  pmax 10.8  (384s)
step 10000  train 1.8291  eval 1.8410  pmax 11.0  (427s)
step 11000  train 1.7516  eval 1.7472  pmax 11.1  (471s)
step 12000  train 1.7740  eval 1.7832  pmax 11.1  (514s)
step 13000  train 1.7551  eval 1.7059  pmax 11.2  (558s)
step 14000  train 1.7636  eval 1.7642  pmax 11.3  (601s)
step 15000  train 1.7858  eval 1.7155  pmax 11.3  (643s)
step 16000  train 1.7380  eval 1.7865  pmax 11.3  (686s)
step 17000  train 1.6954  eval 1.7485  pmax 11.3  (731s)
step 18000  train 1.7732  eval 1.7008  pmax 11.3  (775s)
step 19000  train 1.7899  eval 1.7579  pmax 11.4  (819s)
step 20000  train 1.7346  eval 1.8127  pmax 11.3  (862s)
step 21000  train 1.7816  eval 1.8014  pmax 11.3  (904s)
step 22000  train 1.7885  eval 1.8074  pmax 11.2  (947s)
step 23000  train 1.7776  eval 1.7153  pmax 11.1  (990s)
step 24000  train 1.7243  eval 1.7015  pmax 10.8  (1032s)
step 25000  train 1.7652  eval 1.7268  pmax 10.7  (1074s)
  [checkpoint + sample saved at step 25000]
step 26000  train 1.7072  eval 1.7510  pmax 10.7  (1120s)
step 27000  train 1.7621  eval 1.7357  pmax 10.7  (1164s)
step 28000  train 1.7460  eval 1.7592  pmax 10.7  (1207s)
step 29000  train 1.6873  eval 1.7233  pmax 10.7  (1251s)
step 30000  train 1.7798  eval 1.7434  pmax 10.7  (1294s)
step 31000  train 1.7561  eval 1.7844  pmax 10.7  (1337s)
step 32000  train 1.7403  eval 1.7806  pmax 10.7  (1380s)
step 33000  train 1.7619  eval 1.7730  pmax 10.7  (1423s)
step 34000  train 1.7842  eval 1.7296  pmax 10.7  (1466s)
step 35000  train 1.7395  eval 1.7420  pmax 10.7  (1510s)
step 36000  train 1.7713  eval 1.7747  pmax 10.7  (1553s)
step 37000  train 1.7344  eval 1.7800  pmax 10.7  (1596s)
step 38000  train 1.6877  eval 1.7592  pmax 10.7  (1639s)
step 39000  train 1.7249  eval 1.7282  pmax 10.7  (1682s)
step 40000  train 1.7607  eval 1.7034  pmax 10.7  (1725s)
step 41000  train 1.7015  eval 1.7251  pmax 10.7  (1766s)
step 42000  train 1.7358  eval 1.7473  pmax 10.7  (1808s)
step 43000  train 1.7447  eval 1.7051  pmax 10.7  (1851s)
step 44000  train 1.7180  eval 1.6908  pmax 10.7  (1895s)
step 45000  train 1.7225  eval 1.7404  pmax 10.7  (1939s)
step 46000  train 1.7207  eval 1.7043  pmax 10.7  (1982s)
step 47000  train 1.6891  eval 1.7378  pmax 10.7  (2024s)
step 48000  train 1.7472  eval 1.7520  pmax 10.7  (2068s)
step 49000  train 1.7452  eval 1.7710  pmax 10.7  (2110s)
step 50000  train 1.7935  eval 1.7819  pmax 10.7  (2152s)
  [checkpoint + sample saved at step 50000]
step 51000  train 1.7427  eval 1.7856  pmax 10.7  (2197s)
step 52000  train 1.6943  eval 1.7522  pmax 10.7  (2240s)
step 53000  train 1.7119  eval 1.7184  pmax 10.7  (2284s)
step 54000  train 1.6804  eval 1.7369  pmax 10.7  (2327s)
  [checkpoint + sample saved at step 54000]
done. artifacts in /home/luke/Wavelet-State-KAN/checkpoints/mamba2_ultrachat_10k_3ep_s123
