/home/luke/Wavelet-State-KAN/experiments/V1_train_tinystories_lm.py:107: UserWarning: The given buffer is not writable, and PyTorch does not support non-writable tensors. This means you can write to the underlying (supposedly non-writable) buffer using the tensor. You may want to copy the buffer to protect its data or make it writable before converting it to a tensor. This type of warning will be suppressed for the rest of this program. (Triggered internally at /__w/pytorch/pytorch/torch/csrc/utils/tensor_new.cpp:1556.)
  train_ids = torch.frombuffer(train_text.encode("utf-8", errors="ignore"), dtype=torch.uint8)
train bytes: 1,905,061,325  eval bytes: 405,730
model: mamba2  params: 929,840  device: cuda
step     1  train 6.7135  eval 4.8248  pmax 6.1  (7s)
step  1000  train 0.9649  eval 0.9033  pmax 6.2  (135s)
step  2000  train 0.9245  eval 0.8714  pmax 6.3  (264s)
step  3000  train 0.8710  eval 0.8252  pmax 6.4  (392s)
step  4000  train 0.8761  eval 0.8500  pmax 6.4  (520s)
step  5000  train 0.8226  eval 0.8100  pmax 6.4  (648s)
step  6000  train 0.8284  eval 0.7847  pmax 6.5  (777s)
step  7000  train 0.8299  eval 0.7788  pmax 6.5  (905s)
step  8000  train 0.8211  eval 0.7830  pmax 6.5  (1033s)
step  9000  train 0.8385  eval 0.7523  pmax 6.5  (1162s)
step 10000  train 0.8134  eval 0.7418  pmax 6.6  (1290s)
  [checkpoint + sample saved at step 10000]
step 11000  train 0.8066  eval 0.7629  pmax 6.6  (1420s)
step 12000  train 0.7932  eval 0.7478  pmax 6.6  (1548s)
step 13000  train 0.8269  eval 0.7391  pmax 6.6  (1677s)
step 14000  train 0.7657  eval 0.7016  pmax 6.6  (1805s)
step 15000  train 0.8034  eval 0.7358  pmax 6.6  (1934s)
step 16000  train 0.7809  eval 0.7546  pmax 6.6  (2062s)
step 17000  train 0.8076  eval 0.7192  pmax 6.6  (2190s)
step 18000  train 0.7919  eval 0.7410  pmax 6.6  (2319s)
step 19000  train 0.7739  eval 0.7142  pmax 6.6  (2447s)
step 20000  train 0.7771  eval 0.7259  pmax 6.6  (2575s)
  [checkpoint + sample saved at step 20000]
step 21000  train 0.7878  eval 0.7353  pmax 6.6  (2705s)
step 22000  train 0.7785  eval 0.7368  pmax 6.6  (2833s)
step 23000  train 0.7643  eval 0.7386  pmax 6.6  (2961s)
step 24000  train 0.7975  eval 0.7358  pmax 6.6  (3089s)
step 25000  train 0.7636  eval 0.7423  pmax 6.7  (3217s)
step 26000  train 0.7656  eval 0.7602  pmax 6.7  (3345s)
step 27000  train 0.7725  eval 0.6997  pmax 6.7  (3473s)
step 28000  train 0.7756  eval 0.7060  pmax 6.7  (3601s)
step 29000  train 0.8327  eval 0.7102  pmax 6.7  (3729s)
step 30000  train 0.7773  eval 0.7402  pmax 6.7  (3858s)
  [checkpoint + sample saved at step 30000]
step 31000  train 0.7615  eval 0.6983  pmax 6.7  (3987s)
step 32000  train 0.7647  eval 0.7314  pmax 6.7  (4115s)
step 33000  train 0.7780  eval 0.7282  pmax 6.7  (4243s)
step 34000  train 0.7604  eval 0.7104  pmax 6.7  (4371s)
step 35000  train 0.7852  eval 0.6958  pmax 6.7  (4500s)
step 36000  train 0.7745  eval 0.7442  pmax 6.7  (4628s)
step 37000  train 0.7674  eval 0.7021  pmax 6.7  (4756s)
step 38000  train 0.7762  eval 0.6815  pmax 6.7  (4884s)
step 39000  train 0.7760  eval 0.7071  pmax 6.7  (5012s)
step 40000  train 0.7534  eval 0.6730  pmax 6.7  (5140s)
  [checkpoint + sample saved at step 40000]
step 41000  train 0.7708  eval 0.6653  pmax 6.7  (5270s)
step 42000  train 0.7853  eval 0.7008  pmax 6.7  (5398s)
step 43000  train 0.7221  eval 0.7226  pmax 6.7  (5526s)
step 44000  train 0.7332  eval 0.7118  pmax 6.7  (5654s)
step 45000  train 0.7451  eval 0.7453  pmax 6.8  (5782s)
step 46000  train 0.7283  eval 0.6761  pmax 6.8  (5910s)
step 47000  train 0.7256  eval 0.6739  pmax 6.8  (6038s)
step 48000  train 0.7406  eval 0.6963  pmax 6.8  (6167s)
step 49000  train 0.7668  eval 0.6554  pmax 6.8  (6295s)
step 50000  train 0.7439  eval 0.6827  pmax 6.8  (6423s)
  [checkpoint + sample saved at step 50000]
step 51000  train 0.7386  eval 0.6924  pmax 6.8  (6552s)
step 52000  train 0.7399  eval 0.6648  pmax 6.8  (6680s)
step 53000  train 0.7557  eval 0.6868  pmax 6.8  (6808s)
step 54000  train 0.7788  eval 0.6839  pmax 6.8  (6937s)
step 55000  train 0.7501  eval 0.7053  pmax 6.8  (7065s)
step 56000  train 0.7333  eval 0.6965  pmax 6.8  (7193s)
step 57000  train 0.7407  eval 0.7176  pmax 6.8  (7321s)
step 58000  train 0.7316  eval 0.6639  pmax 6.8  (7449s)
step 59000  train 0.7402  eval 0.7065  pmax 6.8  (7577s)
step 60000  train 0.7580  eval 0.6843  pmax 6.8  (7705s)
  [checkpoint + sample saved at step 60000]
step 61000  train 0.7433  eval 0.6849  pmax 6.8  (7834s)
step 62000  train 0.7488  eval 0.6804  pmax 6.8  (7962s)
step 63000  train 0.7319  eval 0.6855  pmax 6.8  (8090s)
step 64000  train 0.7469  eval 0.7112  pmax 6.8  (8218s)
step 65000  train 0.7472  eval 0.7026  pmax 6.8  (8346s)
step 66000  train 0.7477  eval 0.6776  pmax 6.8  (8474s)
step 67000  train 0.7199  eval 0.6807  pmax 6.8  (8602s)
step 68000  train 0.7491  eval 0.6977  pmax 6.8  (8730s)
step 69000  train 0.7539  eval 0.6660  pmax 6.8  (8858s)
step 70000  train 0.7205  eval 0.7048  pmax 6.8  (8986s)
  [checkpoint + sample saved at step 70000]
step 71000  train 0.7287  eval 0.6668  pmax 6.8  (9116s)
step 72000  train 0.7164  eval 0.6688  pmax 6.8  (9244s)
step 73000  train 0.7502  eval 0.6810  pmax 6.8  (9372s)
step 74000  train 0.7646  eval 0.6882  pmax 6.8  (9500s)
step 75000  train 0.7468  eval 0.6858  pmax 6.8  (9629s)
step 76000  train 0.7650  eval 0.7019  pmax 6.8  (9757s)
step 77000  train 0.7458  eval 0.6729  pmax 6.8  (9885s)
step 78000  train 0.7253  eval 0.7120  pmax 6.8  (10013s)
step 79000  train 0.7501  eval 0.6703  pmax 6.8  (10142s)
step 80000  train 0.7314  eval 0.6886  pmax 6.8  (10270s)
  [checkpoint + sample saved at step 80000]
step 81000  train 0.7543  eval 0.6535  pmax 6.8  (10399s)
step 82000  train 0.7266  eval 0.6803  pmax 6.8  (10528s)
step 83000  train 0.7356  eval 0.6750  pmax 6.8  (10656s)
step 84000  train 0.7209  eval 0.6762  pmax 6.8  (10784s)
step 85000  train 0.7097  eval 0.6969  pmax 6.8  (10912s)
step 86000  train 0.7379  eval 0.6905  pmax 6.8  (11040s)
step 87000  train 0.7315  eval 0.6881  pmax 6.8  (11169s)
step 88000  train 0.7538  eval 0.6926  pmax 6.8  (11297s)
step 89000  train 0.7440  eval 0.6676  pmax 6.8  (11425s)
step 90000  train 0.6987  eval 0.6747  pmax 6.8  (11553s)
  [checkpoint + sample saved at step 90000]
step 91000  train 0.7230  eval 0.6768  pmax 6.8  (11683s)
step 92000  train 0.7129  eval 0.6504  pmax 6.8  (11811s)
step 93000  train 0.7257  eval 0.6840  pmax 6.8  (11939s)
step 94000  train 0.7537  eval 0.6973  pmax 6.8  (12067s)
step 95000  train 0.7217  eval 0.6715  pmax 6.8  (12196s)
step 96000  train 0.7208  eval 0.6818  pmax 6.8  (12324s)
step 97000  train 0.7350  eval 0.6594  pmax 6.8  (12452s)
step 98000  train 0.7481  eval 0.6822  pmax 6.8  (12580s)
step 99000  train 0.7436  eval 0.6910  pmax 6.8  (12709s)
step 100000  train 0.7274  eval 0.6757  pmax 6.8  (12837s)
  [checkpoint + sample saved at step 100000]
done. artifacts in /home/luke/Wavelet-State-KAN/checkpoints/mamba2_tinystories_1m_3ep_s42
