/home/luke/Wavelet-State-KAN/experiments/V1_train_tinystories_lm.py:107: UserWarning: The given buffer is not writable, and PyTorch does not support non-writable tensors. This means you can write to the underlying (supposedly non-writable) buffer using the tensor. You may want to copy the buffer to protect its data or make it writable before converting it to a tensor. This type of warning will be suppressed for the rest of this program. (Triggered internally at /__w/pytorch/pytorch/torch/csrc/utils/tensor_new.cpp:1556.)
  train_ids = torch.frombuffer(train_text.encode("utf-8", errors="ignore"), dtype=torch.uint8)
train bytes: 1,905,061,325  eval bytes: 405,730
model: mamba2  params: 2,774  device: cuda
step     1  train 5.5721  eval 5.5472  pmax 5.4  (2s)
step  1000  train 2.0460  eval 2.0502  pmax 5.2  (22s)
step  2000  train 1.9796  eval 1.9391  pmax 4.4  (42s)
step  3000  train 1.9788  eval 1.9724  pmax 3.5  (63s)
step  4000  train 1.9589  eval 1.9414  pmax 3.3  (83s)
step  5000  train 1.9601  eval 1.9642  pmax 3.2  (103s)
step  6000  train 1.9555  eval 1.9334  pmax 3.5  (123s)
step  7000  train 1.9347  eval 1.9018  pmax 3.7  (143s)
step  8000  train 1.9213  eval 1.9097  pmax 3.9  (163s)
step  9000  train 1.9395  eval 1.8801  pmax 4.1  (184s)
step 10000  train 1.9264  eval 1.9145  pmax 4.2  (204s)
step 11000  train 1.9216  eval 1.9042  pmax 4.2  (224s)
step 12000  train 1.9056  eval 1.9233  pmax 4.3  (244s)
step 13000  train 1.9043  eval 1.9022  pmax 4.4  (265s)
step 14000  train 1.9180  eval 1.8727  pmax 4.5  (285s)
step 15000  train 1.9102  eval 1.8991  pmax 4.6  (305s)
step 16000  train 1.9146  eval 1.9108  pmax 4.7  (325s)
step 17000  train 1.8976  eval 1.8870  pmax 4.8  (345s)
step 18000  train 1.8934  eval 1.8735  pmax 4.9  (365s)
step 19000  train 1.9014  eval 1.8824  pmax 4.9  (385s)
step 20000  train 1.8996  eval 1.9130  pmax 5.0  (405s)
step 21000  train 1.8901  eval 1.8632  pmax 5.0  (425s)
step 22000  train 1.8997  eval 1.9127  pmax 5.1  (445s)
step 23000  train 1.9033  eval 1.9116  pmax 5.1  (465s)
step 24000  train 1.9046  eval 1.8808  pmax 5.1  (485s)
step 25000  train 1.8924  eval 1.8954  pmax 5.2  (505s)
  [checkpoint + sample saved at step 25000]
step 26000  train 1.9009  eval 1.9141  pmax 5.2  (526s)
step 27000  train 1.9060  eval 1.8772  pmax 5.2  (546s)
step 28000  train 1.8751  eval 1.8947  pmax 5.2  (567s)
step 29000  train 1.9082  eval 1.9073  pmax 5.2  (587s)
step 30000  train 1.8836  eval 1.8924  pmax 5.2  (607s)
  [checkpoint + sample saved at step 30000]
done. artifacts in /home/luke/Wavelet-State-KAN/checkpoints/mamba2_tinystories_1k_3ep_s7
