/home/luke/Wavelet-State-KAN/experiments/V1_train_tinystories_lm.py:107: UserWarning: The given buffer is not writable, and PyTorch does not support non-writable tensors. This means you can write to the underlying (supposedly non-writable) buffer using the tensor. You may want to copy the buffer to protect its data or make it writable before converting it to a tensor. This type of warning will be suppressed for the rest of this program. (Triggered internally at /__w/pytorch/pytorch/torch/csrc/utils/tensor_new.cpp:1556.)
  train_ids = torch.frombuffer(train_text.encode("utf-8", errors="ignore"), dtype=torch.uint8)
train bytes: 1,905,061,325  eval bytes: 405,730
model: mamba2  params: 2,774  device: cuda
step     1  train 5.5658  eval 5.5380  pmax 6.8  (2s)
step  1000  train 2.0604  eval 2.0598  pmax 4.9  (23s)
step  2000  train 2.0420  eval 2.0167  pmax 4.6  (44s)
step  3000  train 2.0007  eval 1.9859  pmax 4.5  (64s)
step  4000  train 1.9561  eval 1.9716  pmax 4.5  (85s)
step  5000  train 1.9137  eval 1.9514  pmax 4.5  (106s)
step  6000  train 1.9388  eval 1.9345  pmax 4.6  (126s)
step  7000  train 1.9361  eval 1.9085  pmax 4.6  (146s)
step  8000  train 1.9599  eval 1.9108  pmax 4.6  (167s)
step  9000  train 1.9620  eval 1.8944  pmax 4.6  (188s)
step 10000  train 1.9500  eval 1.9094  pmax 4.6  (208s)
step 11000  train 1.9395  eval 1.9010  pmax 4.7  (229s)
step 12000  train 1.9215  eval 1.9042  pmax 4.8  (250s)
step 13000  train 1.9224  eval 1.9089  pmax 4.9  (270s)
step 14000  train 1.9322  eval 1.9188  pmax 4.9  (288s)
step 15000  train 1.9460  eval 1.9318  pmax 5.0  (309s)
step 16000  train 1.9138  eval 1.9170  pmax 5.1  (329s)
step 17000  train 1.9441  eval 1.8765  pmax 5.1  (349s)
step 18000  train 1.9047  eval 1.8932  pmax 5.2  (369s)
step 19000  train 1.9299  eval 1.8999  pmax 5.2  (390s)
step 20000  train 1.9143  eval 1.8908  pmax 5.3  (410s)
step 21000  train 1.9151  eval 1.8735  pmax 5.3  (430s)
step 22000  train 1.9382  eval 1.8897  pmax 5.3  (451s)
step 23000  train 1.8895  eval 1.9245  pmax 5.3  (471s)
step 24000  train 1.9220  eval 1.8760  pmax 5.4  (492s)
step 25000  train 1.9026  eval 1.8827  pmax 5.4  (513s)
  [checkpoint + sample saved at step 25000]
step 26000  train 1.8973  eval 1.8759  pmax 5.4  (535s)
step 27000  train 1.8862  eval 1.8810  pmax 5.4  (555s)
step 28000  train 1.9113  eval 1.8784  pmax 5.4  (576s)
step 29000  train 1.9114  eval 1.8905  pmax 5.4  (597s)
step 30000  train 1.9241  eval 1.8972  pmax 5.4  (617s)
  [checkpoint + sample saved at step 30000]
done. artifacts in /home/luke/Wavelet-State-KAN/checkpoints/mamba2_tinystories_1k_3ep_s42
