/home/luke/Wavelet-State-KAN/experiments/V1_train_tinystories_lm.py:107: UserWarning: The given buffer is not writable, and PyTorch does not support non-writable tensors. This means you can write to the underlying (supposedly non-writable) buffer using the tensor. You may want to copy the buffer to protect its data or make it writable before converting it to a tensor. This type of warning will be suppressed for the rest of this program. (Triggered internally at /__w/pytorch/pytorch/torch/csrc/utils/tensor_new.cpp:1556.)
  train_ids = torch.frombuffer(train_text.encode("utf-8", errors="ignore"), dtype=torch.uint8)
train bytes: 1,905,061,325  eval bytes: 405,730
model: mamba2  params: 98,124  device: cuda
step     1  train 5.7838  eval 5.2918  pmax 6.9  (8s)
step  1000  train 1.0106  eval 0.9703  pmax 7.2  (24s)
step  2000  train 1.0026  eval 0.9309  pmax 7.3  (40s)
step  3000  train 0.9666  eval 0.9408  pmax 7.2  (55s)
step  4000  train 0.9500  eval 0.8774  pmax 7.0  (70s)
step  5000  train 0.9590  eval 0.9292  pmax 6.9  (86s)
step  6000  train 0.9376  eval 0.8887  pmax 6.9  (101s)
step  7000  train 0.9285  eval 0.8717  pmax 6.9  (116s)
step  8000  train 0.9603  eval 0.8812  pmax 7.0  (131s)
step  9000  train 0.9500  eval 0.8965  pmax 7.1  (147s)
step 10000  train 0.9037  eval 0.8866  pmax 7.1  (162s)
step 11000  train 0.9057  eval 0.8790  pmax 7.1  (177s)
step 12000  train 0.9032  eval 0.8666  pmax 7.2  (192s)
step 13000  train 0.9030  eval 0.8835  pmax 7.2  (208s)
step 14000  train 0.9213  eval 0.8347  pmax 7.2  (223s)
step 15000  train 0.8861  eval 0.8354  pmax 7.2  (238s)
step 16000  train 0.8986  eval 0.8679  pmax 7.3  (253s)
step 17000  train 0.9006  eval 0.8550  pmax 7.3  (268s)
step 18000  train 0.8836  eval 0.8340  pmax 7.3  (283s)
step 19000  train 0.9197  eval 0.8629  pmax 7.3  (298s)
step 20000  train 0.9055  eval 0.8705  pmax 7.3  (313s)
step 21000  train 0.8899  eval 0.8408  pmax 7.3  (328s)
step 22000  train 0.9295  eval 0.8619  pmax 7.4  (344s)
step 23000  train 0.8862  eval 0.8609  pmax 7.4  (359s)
step 24000  train 0.9002  eval 0.8424  pmax 7.4  (373s)
step 25000  train 0.9125  eval 0.8617  pmax 7.4  (389s)
  [checkpoint + sample saved at step 25000]
step 26000  train 0.9333  eval 0.8476  pmax 7.4  (407s)
step 27000  train 0.8681  eval 0.8413  pmax 7.4  (422s)
step 28000  train 0.8991  eval 0.8839  pmax 7.4  (437s)
step 29000  train 0.8833  eval 0.8519  pmax 7.4  (452s)
step 30000  train 0.9087  eval 0.8559  pmax 7.4  (468s)
step 31000  train 0.8536  eval 0.8348  pmax 7.4  (483s)
step 32000  train 0.9058  eval 0.8179  pmax 7.4  (498s)
step 33000  train 0.9153  eval 0.8412  pmax 7.4  (513s)
step 34000  train 0.8888  eval 0.8048  pmax 7.4  (529s)
step 35000  train 0.8768  eval 0.8261  pmax 7.4  (544s)
step 36000  train 0.8778  eval 0.8107  pmax 7.4  (559s)
step 37000  train 0.9184  eval 0.8518  pmax 7.4  (574s)
step 38000  train 0.9055  eval 0.8302  pmax 7.4  (589s)
step 39000  train 0.8976  eval 0.8296  pmax 7.4  (604s)
step 40000  train 0.8666  eval 0.8189  pmax 7.4  (619s)
step 41000  train 0.8744  eval 0.8191  pmax 7.4  (634s)
step 42000  train 0.8723  eval 0.8610  pmax 7.4  (649s)
step 43000  train 0.8844  eval 0.8597  pmax 7.4  (664s)
step 44000  train 0.8703  eval 0.8443  pmax 7.4  (679s)
step 45000  train 0.8688  eval 0.8138  pmax 7.4  (694s)
step 46000  train 0.8972  eval 0.8326  pmax 7.4  (709s)
step 47000  train 0.8760  eval 0.8521  pmax 7.4  (724s)
step 48000  train 0.8616  eval 0.8172  pmax 7.4  (739s)
step 49000  train 0.8715  eval 0.8362  pmax 7.4  (754s)
step 50000  train 0.8533  eval 0.8540  pmax 7.4  (769s)
  [checkpoint + sample saved at step 50000]
step 51000  train 0.9003  eval 0.7930  pmax 7.4  (787s)
step 52000  train 0.8629  eval 0.8321  pmax 7.4  (802s)
step 53000  train 0.8577  eval 0.8478  pmax 7.4  (817s)
step 54000  train 0.8660  eval 0.8390  pmax 7.4  (832s)
step 55000  train 0.8876  eval 0.8195  pmax 7.4  (848s)
step 56000  train 0.8782  eval 0.8088  pmax 7.4  (863s)
step 57000  train 0.8838  eval 0.8484  pmax 7.4  (878s)
step 58000  train 0.8729  eval 0.8192  pmax 7.4  (893s)
step 59000  train 0.8803  eval 0.8335  pmax 7.4  (909s)
step 60000  train 0.8465  eval 0.8061  pmax 7.4  (925s)
step 61000  train 0.8738  eval 0.8296  pmax 7.5  (940s)
step 62000  train 0.8821  eval 0.8000  pmax 7.5  (954s)
step 63000  train 0.8489  eval 0.8697  pmax 7.5  (969s)
step 64000  train 0.8362  eval 0.7938  pmax 7.5  (985s)
step 65000  train 0.8532  eval 0.8002  pmax 7.5  (1000s)
step 66000  train 0.8638  eval 0.8549  pmax 7.5  (1015s)
step 67000  train 0.8582  eval 0.8334  pmax 7.5  (1031s)
step 68000  train 0.8822  eval 0.8408  pmax 7.5  (1046s)
step 69000  train 0.8421  eval 0.8425  pmax 7.5  (1061s)
step 70000  train 0.8544  eval 0.7926  pmax 7.6  (1076s)
step 71000  train 0.8590  eval 0.8214  pmax 7.6  (1092s)
step 72000  train 0.8405  eval 0.8234  pmax 7.6  (1107s)
step 73000  train 0.9060  eval 0.7761  pmax 7.6  (1122s)
step 74000  train 0.8992  eval 0.8127  pmax 7.6  (1137s)
step 75000  train 0.8344  eval 0.8152  pmax 7.6  (1152s)
  [checkpoint + sample saved at step 75000]
step 76000  train 0.8764  eval 0.8131  pmax 7.6  (1170s)
step 77000  train 0.8725  eval 0.8014  pmax 7.6  (1185s)
step 78000  train 0.8817  eval 0.8398  pmax 7.6  (1200s)
step 79000  train 0.8989  eval 0.8318  pmax 7.6  (1215s)
step 80000  train 0.8489  eval 0.7820  pmax 7.6  (1230s)
step 81000  train 0.8732  eval 0.8192  pmax 7.6  (1245s)
step 82000  train 0.8539  eval 0.8356  pmax 7.7  (1260s)
step 83000  train 0.8688  eval 0.8333  pmax 7.7  (1275s)
step 84000  train 0.8681  eval 0.8130  pmax 7.7  (1290s)
step 85000  train 0.8762  eval 0.8178  pmax 7.7  (1305s)
step 86000  train 0.8539  eval 0.8253  pmax 7.7  (1320s)
step 87000  train 0.8788  eval 0.8391  pmax 7.7  (1335s)
step 88000  train 0.8807  eval 0.8061  pmax 7.7  (1350s)
step 89000  train 0.8488  eval 0.8070  pmax 7.7  (1365s)
step 90000  train 0.8488  eval 0.8066  pmax 7.7  (1380s)
step 91000  train 0.8613  eval 0.7952  pmax 7.7  (1395s)
step 92000  train 0.8618  eval 0.8169  pmax 7.7  (1410s)
step 93000  train 0.8808  eval 0.7785  pmax 7.7  (1425s)
step 94000  train 0.8778  eval 0.8202  pmax 7.7  (1441s)
step 95000  train 0.8763  eval 0.8474  pmax 7.7  (1455s)
step 96000  train 0.8767  eval 0.7809  pmax 7.7  (1470s)
step 97000  train 0.8856  eval 0.7882  pmax 7.7  (1485s)
step 98000  train 0.8547  eval 0.8038  pmax 7.7  (1501s)
step 99000  train 0.8883  eval 0.8147  pmax 7.8  (1516s)
step 100000  train 0.8541  eval 0.7929  pmax 7.8  (1531s)
  [checkpoint + sample saved at step 100000]
step 101000  train 0.8666  eval 0.8182  pmax 7.8  (1549s)
step 102000  train 0.8542  eval 0.8307  pmax 7.8  (1564s)
step 103000  train 0.8706  eval 0.8397  pmax 7.8  (1579s)
step 104000  train 0.8774  eval 0.8146  pmax 7.8  (1594s)
