/home/luke/Wavelet-State-KAN/experiments/V1_train_tinystories_lm.py:107: UserWarning: The given buffer is not writable, and PyTorch does not support non-writable tensors. This means you can write to the underlying (supposedly non-writable) buffer using the tensor. You may want to copy the buffer to protect its data or make it writable before converting it to a tensor. This type of warning will be suppressed for the rest of this program. (Triggered internally at /__w/pytorch/pytorch/torch/csrc/utils/tensor_new.cpp:1556.)
  train_ids = torch.frombuffer(train_text.encode("utf-8", errors="ignore"), dtype=torch.uint8)
train bytes: 1,195,926,439  eval bytes: 2,859,070
model: mamba2  params: 2,774  device: cuda
step     1  train 5.5748  eval 5.5459  pmax 5.4  (1s)
step  1000  train 2.3257  eval 2.3016  pmax 3.8  (21s)
step  2000  train 2.3261  eval 2.2834  pmax 3.5  (40s)
step  3000  train 2.3002  eval 2.3082  pmax 3.4  (60s)
step  4000  train 2.2667  eval 2.2446  pmax 3.4  (80s)
step  5000  train 2.3108  eval 2.2414  pmax 3.4  (101s)
step  6000  train 2.2507  eval 2.2373  pmax 3.3  (120s)
step  7000  train 2.2603  eval 2.2676  pmax 3.4  (140s)
step  8000  train 2.2755  eval 2.2597  pmax 3.4  (159s)
step  9000  train 2.2550  eval 2.2643  pmax 3.5  (179s)
step 10000  train 2.2331  eval 2.2729  pmax 3.6  (199s)
step 11000  train 2.2306  eval 2.2777  pmax 3.6  (219s)
step 12000  train 2.2143  eval 2.2640  pmax 3.7  (238s)
step 13000  train 2.2490  eval 2.2420  pmax 3.8  (259s)
step 14000  train 2.2577  eval 2.2031  pmax 3.9  (279s)
step 15000  train 2.2333  eval 2.2587  pmax 4.0  (299s)
step 16000  train 2.2749  eval 2.2110  pmax 4.1  (319s)
step 17000  train 2.2583  eval 2.2849  pmax 4.1  (339s)
step 18000  train 2.2894  eval 2.3151  pmax 4.2  (359s)
step 19000  train 2.2408  eval 2.2055  pmax 4.3  (379s)
step 20000  train 2.1940  eval 2.2127  pmax 4.4  (398s)
step 21000  train 2.1925  eval 2.2469  pmax 4.4  (418s)
step 22000  train 2.2297  eval 2.2363  pmax 4.5  (438s)
step 23000  train 2.3056  eval 2.2563  pmax 4.5  (457s)
step 24000  train 2.2382  eval 2.1883  pmax 4.6  (478s)
step 25000  train 2.2249  eval 2.2050  pmax 4.6  (498s)
  [checkpoint + sample saved at step 25000]
step 26000  train 2.2723  eval 2.1956  pmax 4.7  (519s)
step 27000  train 2.2371  eval 2.2304  pmax 4.7  (538s)
step 28000  train 2.2046  eval 2.2225  pmax 4.7  (558s)
step 29000  train 2.2255  eval 2.2178  pmax 4.7  (577s)
step 30000  train 2.2154  eval 2.2399  pmax 4.7  (598s)
step 31000  train 2.2272  eval 2.1932  pmax 4.8  (617s)
step 32000  train 2.2262  eval 2.2115  pmax 4.8  (637s)
step 33000  train 2.2392  eval 2.2328  pmax 4.8  (657s)
step 34000  train 2.2429  eval 2.2238  pmax 4.8  (677s)
step 35000  train 2.2474  eval 2.2368  pmax 4.8  (696s)
step 36000  train 2.2660  eval 2.2554  pmax 4.8  (717s)
  [checkpoint + sample saved at step 36000]
done. artifacts in /home/luke/Wavelet-State-KAN/checkpoints/mamba2_ultrachat_1k_3ep_s7
