/home/luke/Wavelet-State-KAN/experiments/V1_train_tinystories_lm.py:107: UserWarning: The given buffer is not writable, and PyTorch does not support non-writable tensors. This means you can write to the underlying (supposedly non-writable) buffer using the tensor. You may want to copy the buffer to protect its data or make it writable before converting it to a tensor. This type of warning will be suppressed for the rest of this program. (Triggered internally at /__w/pytorch/pytorch/torch/csrc/utils/tensor_new.cpp:1556.)
  train_ids = torch.frombuffer(train_text.encode("utf-8", errors="ignore"), dtype=torch.uint8)
train bytes: 1,195,926,439  eval bytes: 2,859,070
model: mamba2  params: 10,055,200  device: cuda
[W921 03:47:19.248883224 CUDACachingAllocator.cpp:3934] memory allocation failed with OOM on device 0 while trying to allocate 2147483648 bytes (free: 940441600, total: 8220180480).
step     1  train 8.3795  eval 9.3803  pmax 6.9  (12s)
step  1000  train 1.0740  eval 1.0868  pmax 6.9  (2606s)
step  2000  train 1.0366  eval 1.0452  pmax 7.0  (5199s)
step  3000  train 0.9608  eval 1.0078  pmax 7.0  (7789s)
step  4000  train 0.9090  eval 0.9663  pmax 7.0  (10377s)
step  5000  train 0.9449  eval 0.9352  pmax 7.0  (12964s)
  [checkpoint + sample saved at step 5000]
step  6000  train 0.8903  eval 0.8820  pmax 7.0  (15553s)
step  7000  train 0.9000  eval 0.8690  pmax 7.1  (18143s)
step  8000  train 0.8928  eval 0.9111  pmax 7.1  (20739s)
step  9000  train 0.8122  eval 0.8689  pmax 7.1  (23336s)
step 10000  train 0.8071  eval 0.7954  pmax 7.1  (25941s)
  [checkpoint + sample saved at step 10000]
step 11000  train 0.8460  eval 0.8503  pmax 7.1  (28546s)
step 12000  train 0.8665  eval 0.8506  pmax 7.1  (31167s)
step 13000  train 0.8351  eval 0.7900  pmax 7.1  (33800s)
step 14000  train 0.7972  eval 0.8868  pmax 7.1  (36434s)
step 15000  train 0.7941  eval 0.7840  pmax 7.1  (39058s)
  [checkpoint + sample saved at step 15000]
step 16000  train 0.8059  eval 0.7885  pmax 7.1  (41687s)
step 17000  train 0.8005  eval 0.7690  pmax 7.1  (44317s)
step 18000  train 0.7895  eval 0.7905  pmax 7.1  (46948s)
step 19000  train 0.7868  eval 0.7807  pmax 7.2  (49571s)
step 20000  train 0.7594  eval 0.7595  pmax 7.2  (52197s)
  [checkpoint + sample saved at step 20000]
step 21000  train 0.7525  eval 0.7785  pmax 7.2  (54823s)
step 22000  train 0.7612  eval 0.7646  pmax 7.2  (57440s)
step 23000  train 0.7591  eval 0.8207  pmax 7.2  (60056s)
step 24000  train 0.7465  eval 0.7561  pmax 7.2  (62664s)
step 25000  train 0.7356  eval 0.7781  pmax 7.2  (65265s)
  [checkpoint + sample saved at step 25000]
step 26000  train 0.7480  eval 0.7746  pmax 7.2  (67868s)
step 27000  train 0.7305  eval 0.7621  pmax 7.2  (70471s)
step 28000  train 0.7112  eval 0.7229  pmax 7.2  (73075s)
step 29000  train 0.7727  eval 0.7444  pmax 7.2  (75687s)
step 30000  train 0.7106  eval 0.7424  pmax 7.2  (78303s)
  [checkpoint + sample saved at step 30000]
step 31000  train 0.7354  eval 0.7882  pmax 7.2  (80919s)
step 32000  train 0.7491  eval 0.7085  pmax 7.2  (83529s)
step 33000  train 0.7475  eval 0.7936  pmax 7.2  (86134s)
step 34000  train 0.7120  eval 0.7243  pmax 7.2  (88736s)
step 35000  train 0.7595  eval 0.7317  pmax 7.2  (91333s)
  [checkpoint + sample saved at step 35000]
step 36000  train 0.7383  eval 0.7371  pmax 7.2  (93933s)
  [checkpoint + sample saved at step 36000]
done. artifacts in /home/luke/Wavelet-State-KAN/checkpoints/mamba2_ultrachat_10m_3ep_s7
