/home/luke/Wavelet-State-KAN/experiments/V1_train_tinystories_lm.py:107: UserWarning: The given buffer is not writable, and PyTorch does not support non-writable tensors. This means you can write to the underlying (supposedly non-writable) buffer using the tensor. You may want to copy the buffer to protect its data or make it writable before converting it to a tensor. This type of warning will be suppressed for the rest of this program. (Triggered internally at /__w/pytorch/pytorch/torch/csrc/utils/tensor_new.cpp:1556.)
  train_ids = torch.frombuffer(train_text.encode("utf-8", errors="ignore"), dtype=torch.uint8)
train bytes: 1,195,926,439  eval bytes: 2,859,070
model: mamba2  params: 929,840  device: cuda
W0917 00:25:23.465000 1427670 .venv/lib/python3.12/site-packages/torch/_inductor/utils.py:1806] [0/0] Not enough SMs to use max_autotune_gemm mode
step     1  train 6.8166  eval 4.8844  pmax 6.8  (54s)
step  1000  train 1.2906  eval 1.2370  pmax 6.8  (287s)
step  2000  train 1.2310  eval 1.2940  pmax 6.8  (521s)
step  3000  train 1.1861  eval 1.2104  pmax 6.8  (754s)
step  4000  train 1.1722  eval 1.2044  pmax 6.7  (987s)
step  5000  train 1.1654  eval 1.1893  pmax 6.7  (1221s)
step  6000  train 1.1134  eval 1.1238  pmax 6.7  (1454s)
step  7000  train 1.1333  eval 1.1259  pmax 6.7  (1688s)
step  8000  train 1.1563  eval 1.1569  pmax 6.7  (1921s)
step  9000  train 1.1768  eval 1.0942  pmax 6.7  (2154s)
step 10000  train 1.1386  eval 1.1051  pmax 6.7  (2388s)
  [checkpoint + sample saved at step 10000]
step 11000  train 1.1125  eval 1.1760  pmax 6.7  (2623s)
step 12000  train 1.0296  eval 1.1369  pmax 6.7  (2857s)
step 13000  train 1.0837  eval 1.1373  pmax 6.7  (3090s)
step 14000  train 1.1653  eval 1.0804  pmax 6.7  (3324s)
step 15000  train 1.1293  eval 1.1408  pmax 6.7  (3557s)
step 16000  train 1.0994  eval 1.1603  pmax 6.7  (3790s)
step 17000  train 1.0947  eval 1.0735  pmax 6.7  (4024s)
step 18000  train 1.0560  eval 1.1622  pmax 6.8  (4257s)
step 19000  train 1.1230  eval 1.0991  pmax 6.8  (4490s)
step 20000  train 1.1112  eval 1.0659  pmax 6.8  (4724s)
  [checkpoint + sample saved at step 20000]
step 21000  train 1.0721  eval 1.1048  pmax 6.8  (4959s)
step 22000  train 1.1100  eval 1.0982  pmax 6.8  (5192s)
step 23000  train 1.0714  eval 1.0751  pmax 6.8  (5425s)
step 24000  train 1.0811  eval 1.0700  pmax 6.8  (5659s)
step 25000  train 1.0800  eval 1.1127  pmax 6.8  (5892s)
step 26000  train 1.1059  eval 1.0752  pmax 6.9  (6125s)
step 27000  train 1.0683  eval 1.1531  pmax 6.9  (6358s)
step 28000  train 1.0906  eval 1.0951  pmax 6.9  (6592s)
step 29000  train 1.0910  eval 1.0394  pmax 6.9  (6825s)
step 30000  train 1.0557  eval 1.0942  pmax 6.9  (7059s)
  [checkpoint + sample saved at step 30000]
step 31000  train 1.0810  eval 1.0377  pmax 6.9  (7293s)
step 32000  train 1.0744  eval 1.0738  pmax 6.9  (7527s)
step 33000  train 1.0760  eval 1.0958  pmax 6.9  (7760s)
step 34000  train 1.0663  eval 1.0726  pmax 6.9  (7994s)
step 35000  train 1.0094  eval 1.0425  pmax 6.9  (8227s)
step 36000  train 1.0507  eval 1.1097  pmax 6.9  (8460s)
step 37000  train 1.0792  eval 1.0813  pmax 6.9  (8694s)
step 38000  train 1.0478  eval 1.1199  pmax 6.9  (8927s)
step 39000  train 1.0656  eval 1.0762  pmax 6.9  (9160s)
step 40000  train 1.1010  eval 1.0812  pmax 6.9  (9393s)
  [checkpoint + sample saved at step 40000]
step 41000  train 1.1210  eval 1.0303  pmax 6.9  (9627s)
step 42000  train 1.0658  eval 1.0437  pmax 6.9  (9861s)
step 43000  train 1.0582  eval 1.0218  pmax 6.9  (10094s)
step 44000  train 1.0884  eval 1.0899  pmax 6.9  (10327s)
step 45000  train 1.0467  eval 1.0036  pmax 6.9  (10560s)
step 46000  train 1.0806  eval 1.0413  pmax 6.9  (10794s)
step 47000  train 1.0622  eval 1.0705  pmax 6.9  (11027s)
step 48000  train 1.0374  eval 1.0526  pmax 6.9  (11259s)
step 49000  train 1.0524  eval 1.0704  pmax 6.9  (11492s)
step 50000  train 1.0389  eval 1.0590  pmax 6.9  (11725s)
  [checkpoint + sample saved at step 50000]
step 51000  train 1.0870  eval 1.0776  pmax 6.9  (11960s)
step 52000  train 1.0361  eval 1.0262  pmax 6.9  (12193s)
step 53000  train 1.0510  eval 1.0816  pmax 6.9  (12426s)
step 54000  train 1.0656  eval 1.0748  pmax 6.9  (12659s)
  [checkpoint + sample saved at step 54000]
done. artifacts in /home/luke/Wavelet-State-KAN/checkpoints/mamba2_ultrachat_1m_3ep_s123
