/home/luke/Wavelet-State-KAN/experiments/V1_train_tinystories_lm.py:107: UserWarning: The given buffer is not writable, and PyTorch does not support non-writable tensors. This means you can write to the underlying (supposedly non-writable) buffer using the tensor. You may want to copy the buffer to protect its data or make it writable before converting it to a tensor. This type of warning will be suppressed for the rest of this program. (Triggered internally at /__w/pytorch/pytorch/torch/csrc/utils/tensor_new.cpp:1556.)
  train_ids = torch.frombuffer(train_text.encode("utf-8", errors="ignore"), dtype=torch.uint8)
train bytes: 1,195,926,439  eval bytes: 2,859,070
model: mamba2  params: 98,124  device: cuda
W0919 21:47:17.910000 4082341 .venv/lib/python3.12/site-packages/torch/_inductor/utils.py:1806] [0/0] Not enough SMs to use max_autotune_gemm mode
step     1  train 5.7905  eval 5.3510  pmax 6.9  (60s)
step  1000  train 1.3952  eval 1.3780  pmax 7.1  (94s)
step  2000  train 1.3588  eval 1.3278  pmax 7.5  (129s)
step  3000  train 1.3434  eval 1.3381  pmax 7.7  (163s)
step  4000  train 1.2559  eval 1.2878  pmax 7.8  (197s)
step  5000  train 1.3330  eval 1.3430  pmax 8.0  (231s)
step  6000  train 1.2969  eval 1.2976  pmax 8.1  (265s)
step  7000  train 1.2817  eval 1.3404  pmax 8.1  (299s)
step  8000  train 1.2570  eval 1.2948  pmax 8.2  (334s)
step  9000  train 1.2759  eval 1.3089  pmax 8.2  (368s)
step 10000  train 1.3173  eval 1.2547  pmax 8.3  (402s)
step 11000  train 1.2905  eval 1.3465  pmax 8.3  (436s)
step 12000  train 1.2755  eval 1.2698  pmax 8.4  (471s)
step 13000  train 1.2386  eval 1.2525  pmax 8.4  (505s)
step 14000  train 1.3183  eval 1.2580  pmax 8.4  (539s)
step 15000  train 1.3070  eval 1.2760  pmax 8.5  (573s)
step 16000  train 1.3004  eval 1.2695  pmax 8.5  (608s)
step 17000  train 1.2230  eval 1.3046  pmax 8.5  (642s)
step 18000  train 1.2817  eval 1.3075  pmax 8.5  (676s)
step 19000  train 1.2467  eval 1.2675  pmax 8.5  (710s)
step 20000  train 1.3030  eval 1.2436  pmax 8.5  (744s)
step 21000  train 1.2278  eval 1.2342  pmax 8.5  (778s)
step 22000  train 1.2994  eval 1.2809  pmax 8.5  (813s)
step 23000  train 1.2359  eval 1.3008  pmax 8.6  (847s)
step 24000  train 1.2859  eval 1.3027  pmax 8.6  (882s)
step 25000  train 1.2533  eval 1.2818  pmax 8.6  (916s)
  [checkpoint + sample saved at step 25000]
step 26000  train 1.2603  eval 1.2633  pmax 8.6  (953s)
step 27000  train 1.2762  eval 1.2651  pmax 8.6  (988s)
step 28000  train 1.3092  eval 1.2465  pmax 8.6  (1022s)
step 29000  train 1.2364  eval 1.2738  pmax 8.6  (1056s)
step 30000  train 1.2650  eval 1.2644  pmax 8.6  (1090s)
step 31000  train 1.1965  eval 1.2560  pmax 8.7  (1124s)
step 32000  train 1.2805  eval 1.2612  pmax 8.7  (1158s)
step 33000  train 1.2842  eval 1.2209  pmax 8.7  (1193s)
step 34000  train 1.2418  eval 1.3015  pmax 8.7  (1227s)
step 35000  train 1.2189  eval 1.2357  pmax 8.7  (1261s)
step 36000  train 1.2947  eval 1.2347  pmax 8.7  (1295s)
step 37000  train 1.2711  eval 1.2423  pmax 8.7  (1330s)
step 38000  train 1.2315  eval 1.3652  pmax 8.8  (1364s)
step 39000  train 1.2394  eval 1.2828  pmax 8.8  (1398s)
step 40000  train 1.2355  eval 1.2673  pmax 8.8  (1432s)
step 41000  train 1.2475  eval 1.2803  pmax 8.8  (1466s)
step 42000  train 1.2821  eval 1.2424  pmax 8.8  (1501s)
step 43000  train 1.2538  eval 1.2854  pmax 8.8  (1535s)
step 44000  train 1.2735  eval 1.2254  pmax 8.8  (1569s)
step 45000  train 1.2668  eval 1.2773  pmax 8.9  (1603s)
step 46000  train 1.2347  eval 1.2467  pmax 8.9  (1637s)
step 47000  train 1.2533  eval 1.2299  pmax 8.9  (1671s)
step 48000  train 1.2270  eval 1.2104  pmax 8.9  (1706s)
step 49000  train 1.2482  eval 1.2595  pmax 8.9  (1740s)
step 50000  train 1.2461  eval 1.2707  pmax 9.0  (1774s)
  [checkpoint + sample saved at step 50000]
step 51000  train 1.2666  eval 1.2371  pmax 9.0  (1811s)
step 52000  train 1.2624  eval 1.1825  pmax 9.0  (1845s)
step 53000  train 1.2454  eval 1.2659  pmax 9.0  (1879s)
step 54000  train 1.2094  eval 1.2255  pmax 9.0  (1913s)
step 55000  train 1.2453  eval 1.2572  pmax 9.0  (1948s)
step 56000  train 1.2820  eval 1.2162  pmax 9.0  (1982s)
step 57000  train 1.2732  eval 1.2094  pmax 9.0  (2016s)
step 58000  train 1.3055  eval 1.2455  pmax 9.0  (2050s)
step 59000  train 1.2717  eval 1.2028  pmax 9.0  (2084s)
step 60000  train 1.2463  eval 1.3192  pmax 9.0  (2119s)
step 61000  train 1.2001  eval 1.2553  pmax 9.0  (2153s)
step 62000  train 1.2639  eval 1.2351  pmax 9.1  (2187s)
step 63000  train 1.2734  eval 1.2129  pmax 9.1  (2221s)
step 64000  train 1.1732  eval 1.1981  pmax 9.1  (2255s)
step 65000  train 1.2510  eval 1.2874  pmax 9.1  (2290s)
step 66000  train 1.2603  eval 1.2645  pmax 9.1  (2324s)
step 67000  train 1.1991  eval 1.2146  pmax 9.1  (2358s)
step 68000  train 1.2284  eval 1.2245  pmax 9.1  (2393s)
step 69000  train 1.1809  eval 1.2556  pmax 9.1  (2427s)
step 70000  train 1.2638  eval 1.1824  pmax 9.1  (2461s)
step 71000  train 1.2460  eval 1.1997  pmax 9.1  (2495s)
step 72000  train 1.2072  eval 1.2194  pmax 9.1  (2529s)
step 73000  train 1.1799  eval 1.1954  pmax 9.1  (2564s)
step 74000  train 1.2720  eval 1.2347  pmax 9.1  (2598s)
step 75000  train 1.2281  eval 1.1823  pmax 9.1  (2632s)
  [checkpoint + sample saved at step 75000]
step 76000  train 1.2692  eval 1.2489  pmax 9.1  (2669s)
step 77000  train 1.1426  eval 1.2003  pmax 9.2  (2703s)
step 78000  train 1.2007  eval 1.2008  pmax 9.2  (2737s)
step 79000  train 1.2782  eval 1.2440  pmax 9.2  (2772s)
step 80000  train 1.1606  eval 1.2140  pmax 9.2  (2806s)
step 81000  train 1.2471  eval 1.2548  pmax 9.2  (2840s)
step 82000  train 1.2449  eval 1.2721  pmax 9.2  (2874s)
step 83000  train 1.2191  eval 1.2262  pmax 9.2  (2909s)
step 84000  train 1.2247  eval 1.2716  pmax 9.2  (2943s)
step 85000  train 1.2364  eval 1.1832  pmax 9.2  (2977s)
step 86000  train 1.1903  eval 1.2236  pmax 9.2  (3011s)
step 87000  train 1.2220  eval 1.2127  pmax 9.2  (3045s)
step 88000  train 1.2209  eval 1.2616  pmax 9.2  (3080s)
step 89000  train 1.2095  eval 1.2036  pmax 9.2  (3114s)
step 90000  train 1.1991  eval 1.2483  pmax 9.2  (3148s)
step 91000  train 1.1649  eval 1.2342  pmax 9.2  (3182s)
step 92000  train 1.1773  eval 1.2043  pmax 9.2  (3216s)
step 93000  train 1.2071  eval 1.1832  pmax 9.2  (3251s)
step 94000  train 1.2135  eval 1.2467  pmax 9.2  (3285s)
step 95000  train 1.2454  eval 1.1805  pmax 9.2  (3319s)
step 96000  train 1.2697  eval 1.2700  pmax 9.2  (3353s)
step 97000  train 1.2193  eval 1.2077  pmax 9.2  (3387s)
step 98000  train 1.2834  eval 1.2232  pmax 9.2  (3421s)
step 99000  train 1.1948  eval 1.2408  pmax 9.2  (3455s)
step 100000  train 1.2661  eval 1.2140  pmax 9.2  (3489s)
  [checkpoint + sample saved at step 100000]
step 101000  train 1.1993  eval 1.1976  pmax 9.2  (3527s)
step 102000  train 1.2005  eval 1.2294  pmax 9.2  (3561s)
step 103000  train 1.2964  eval 1.2043  pmax 9.2  (3595s)
step 104000  train 1.2191  eval 1.1800  pmax 9.2  (3630s)
step 105000  train 1.2775  eval 1.2446  pmax 9.2  (3664s)
step 106000  train 1.2687  eval 1.1890  pmax 9.2  (3698s)
step 107000  train 1.2074  eval 1.2386  pmax 9.2  (3732s)
step 108000  train 1.2381  eval 1.2013  pmax 9.2  (3766s)
  [checkpoint + sample saved at step 108000]
done. artifacts in /home/luke/Wavelet-State-KAN/checkpoints/mamba2_ultrachat_100k_3ep_s42
