/home/luke/Wavelet-State-KAN/experiments/V1_train_tinystories_lm.py:107: UserWarning: The given buffer is not writable, and PyTorch does not support non-writable tensors. This means you can write to the underlying (supposedly non-writable) buffer using the tensor. You may want to copy the buffer to protect its data or make it writable before converting it to a tensor. This type of warning will be suppressed for the rest of this program. (Triggered internally at /__w/pytorch/pytorch/torch/csrc/utils/tensor_new.cpp:1556.)
  train_ids = torch.frombuffer(train_text.encode("utf-8", errors="ignore"), dtype=torch.uint8)
train bytes: 1,905,061,325  eval bytes: 405,730
model: mamba2  params: 10,466  device: cuda
step     1  train 5.5994  eval 5.5497  pmax 5.9  (1s)
step  1000  train 1.4518  eval 1.4086  pmax 4.9  (43s)
step  2000  train 1.4556  eval 1.3766  pmax 4.7  (88s)
step  3000  train 1.4256  eval 1.3761  pmax 4.9  (132s)
step  4000  train 1.3851  eval 1.3234  pmax 5.2  (175s)
step  5000  train 1.4090  eval 1.3811  pmax 5.4  (219s)
step  6000  train 1.3659  eval 1.3156  pmax 5.6  (265s)
step  7000  train 1.3717  eval 1.3161  pmax 5.8  (310s)
step  8000  train 1.3916  eval 1.3301  pmax 6.1  (355s)
step  9000  train 1.3772  eval 1.3506  pmax 6.2  (401s)
step 10000  train 1.3601  eval 1.3330  pmax 6.4  (444s)
step 11000  train 1.3485  eval 1.3355  pmax 6.5  (488s)
step 12000  train 1.3368  eval 1.3204  pmax 6.6  (532s)
step 13000  train 1.3485  eval 1.3356  pmax 6.7  (578s)
step 14000  train 1.3451  eval 1.2763  pmax 6.7  (623s)
step 15000  train 1.3303  eval 1.2812  pmax 6.8  (665s)
step 16000  train 1.3504  eval 1.3320  pmax 6.9  (708s)
step 17000  train 1.3558  eval 1.3192  pmax 6.9  (753s)
step 18000  train 1.3410  eval 1.2765  pmax 7.0  (793s)
step 19000  train 1.3923  eval 1.3125  pmax 7.0  (838s)
step 20000  train 1.3508  eval 1.3198  pmax 7.0  (882s)
step 21000  train 1.3342  eval 1.2760  pmax 7.0  (927s)
step 22000  train 1.3844  eval 1.3226  pmax 7.0  (970s)
step 23000  train 1.3482  eval 1.3146  pmax 7.1  (1016s)
step 24000  train 1.3356  eval 1.3049  pmax 7.1  (1060s)
step 25000  train 1.3562  eval 1.3300  pmax 7.1  (1106s)
  [checkpoint + sample saved at step 25000]
step 26000  train 1.3700  eval 1.3019  pmax 7.1  (1152s)
step 27000  train 1.3028  eval 1.2976  pmax 7.1  (1198s)
step 28000  train 1.3626  eval 1.3174  pmax 7.1  (1242s)
step 29000  train 1.3180  eval 1.2997  pmax 7.2  (1284s)
step 30000  train 1.3489  eval 1.3296  pmax 7.2  (1328s)
step 31000  train 1.2947  eval 1.2988  pmax 7.2  (1372s)
step 32000  train 1.3345  eval 1.2589  pmax 7.3  (1417s)
step 33000  train 1.3377  eval 1.3065  pmax 7.3  (1462s)
step 34000  train 1.3366  eval 1.2742  pmax 7.3  (1507s)
step 35000  train 1.3249  eval 1.2709  pmax 7.3  (1552s)
step 36000  train 1.3247  eval 1.2624  pmax 7.4  (1596s)
step 37000  train 1.3480  eval 1.2950  pmax 7.4  (1642s)
step 38000  train 1.3681  eval 1.2709  pmax 7.4  (1684s)
step 39000  train 1.3445  eval 1.2692  pmax 7.5  (1727s)
step 40000  train 1.3118  eval 1.2614  pmax 7.5  (1772s)
step 41000  train 1.3189  eval 1.2645  pmax 7.5  (1816s)
step 42000  train 1.3231  eval 1.3071  pmax 7.5  (1862s)
step 43000  train 1.3299  eval 1.3156  pmax 7.5  (1907s)
step 44000  train 1.3045  eval 1.2868  pmax 7.6  (1954s)
step 45000  train 1.3242  eval 1.2596  pmax 7.6  (2000s)
step 46000  train 1.3426  eval 1.2756  pmax 7.6  (2045s)
step 47000  train 1.3148  eval 1.3130  pmax 7.6  (2089s)
step 48000  train 1.3040  eval 1.2461  pmax 7.6  (2134s)
step 49000  train 1.3134  eval 1.2746  pmax 7.6  (2180s)
step 50000  train 1.3040  eval 1.3076  pmax 7.6  (2226s)
  [checkpoint + sample saved at step 50000]
step 51000  train 1.3490  eval 1.2518  pmax 7.6  (2274s)
step 52000  train 1.3074  eval 1.2890  pmax 7.6  (2320s)
step 53000  train 1.2966  eval 1.2972  pmax 7.6  (2363s)
step 54000  train 1.3051  eval 1.2743  pmax 7.6  (2408s)
step 55000  train 1.3484  eval 1.2567  pmax 7.7  (2452s)
step 56000  train 1.3167  eval 1.2532  pmax 7.7  (2495s)
step 57000  train 1.3326  eval 1.3063  pmax 7.7  (2540s)
step 58000  train 1.3126  eval 1.2671  pmax 7.7  (2581s)
step 59000  train 1.3381  eval 1.2899  pmax 7.7  (2625s)
step 60000  train 1.2839  eval 1.2576  pmax 7.7  (2668s)
  [checkpoint + sample saved at step 60000]
done. artifacts in /home/luke/Wavelet-State-KAN/checkpoints/mamba2_tinystories_10k_3ep_s31337
