/home/luke/Wavelet-State-KAN/experiments/V1_train_tinystories_lm.py:107: UserWarning: The given buffer is not writable, and PyTorch does not support non-writable tensors. This means you can write to the underlying (supposedly non-writable) buffer using the tensor. You may want to copy the buffer to protect its data or make it writable before converting it to a tensor. This type of warning will be suppressed for the rest of this program. (Triggered internally at /__w/pytorch/pytorch/torch/csrc/utils/tensor_new.cpp:1556.)
  train_ids = torch.frombuffer(train_text.encode("utf-8", errors="ignore"), dtype=torch.uint8)
train bytes: 1,195,926,439  eval bytes: 2,859,070
model: mamba2  params: 2,774  device: cuda
step     1  train 5.5652  eval 5.5371  pmax 5.0  (1s)
step  1000  train 2.3477  eval 2.3668  pmax 4.4  (21s)
step  2000  train 2.2995  eval 2.2883  pmax 4.7  (41s)
step  3000  train 2.3130  eval 2.2819  pmax 4.7  (61s)
step  4000  train 2.2556  eval 2.3144  pmax 4.9  (82s)
step  5000  train 2.2821  eval 2.2216  pmax 4.9  (102s)
step  6000  train 2.2347  eval 2.2970  pmax 4.9  (122s)
step  7000  train 2.2686  eval 2.2141  pmax 4.9  (142s)
step  8000  train 2.2702  eval 2.2130  pmax 4.9  (162s)
step  9000  train 2.2627  eval 2.2669  pmax 4.9  (182s)
step 10000  train 2.2821  eval 2.2867  pmax 5.0  (202s)
step 11000  train 2.2355  eval 2.2161  pmax 5.0  (222s)
step 12000  train 2.2143  eval 2.2666  pmax 5.0  (241s)
step 13000  train 2.2140  eval 2.1935  pmax 5.0  (261s)
step 14000  train 2.2343  eval 2.2463  pmax 5.1  (281s)
step 15000  train 2.2480  eval 2.2054  pmax 5.1  (301s)
step 16000  train 2.2468  eval 2.2404  pmax 5.1  (321s)
step 17000  train 2.2095  eval 2.2636  pmax 5.1  (340s)
step 18000  train 2.2606  eval 2.1981  pmax 5.1  (360s)
step 19000  train 2.2636  eval 2.2369  pmax 5.1  (379s)
step 20000  train 2.2117  eval 2.2741  pmax 5.2  (399s)
step 21000  train 2.2467  eval 2.2717  pmax 5.2  (420s)
step 22000  train 2.2593  eval 2.2759  pmax 5.2  (440s)
step 23000  train 2.2568  eval 2.1973  pmax 5.3  (461s)
step 24000  train 2.2154  eval 2.1926  pmax 5.3  (481s)
step 25000  train 2.2497  eval 2.2372  pmax 5.3  (502s)
  [checkpoint + sample saved at step 25000]
step 26000  train 2.2075  eval 2.2142  pmax 5.3  (522s)
step 27000  train 2.2390  eval 2.2135  pmax 5.4  (542s)
step 28000  train 2.2072  eval 2.2229  pmax 5.4  (562s)
step 29000  train 2.2149  eval 2.2283  pmax 5.4  (581s)
step 30000  train 2.2515  eval 2.2495  pmax 5.4  (601s)
step 31000  train 2.2297  eval 2.2630  pmax 5.4  (620s)
step 32000  train 2.2195  eval 2.2638  pmax 5.4  (641s)
step 33000  train 2.2126  eval 2.2417  pmax 5.4  (661s)
step 34000  train 2.2760  eval 2.2151  pmax 5.4  (681s)
step 35000  train 2.2437  eval 2.2402  pmax 5.4  (701s)
step 36000  train 2.2421  eval 2.2527  pmax 5.4  (722s)
  [checkpoint + sample saved at step 36000]
done. artifacts in /home/luke/Wavelet-State-KAN/checkpoints/mamba2_ultrachat_1k_3ep_s123
