/home/luke/Wavelet-State-KAN/experiments/V1_train_tinystories_lm.py:107: UserWarning: The given buffer is not writable, and PyTorch does not support non-writable tensors. This means you can write to the underlying (supposedly non-writable) buffer using the tensor. You may want to copy the buffer to protect its data or make it writable before converting it to a tensor. This type of warning will be suppressed for the rest of this program. (Triggered internally at /__w/pytorch/pytorch/torch/csrc/utils/tensor_new.cpp:1556.)
  train_ids = torch.frombuffer(train_text.encode("utf-8", errors="ignore"), dtype=torch.uint8)
train bytes: 1,195,926,439  eval bytes: 2,859,070
model: mamba2  params: 929,840  device: cuda
W0916 01:42:04.736000 1124408 .venv/lib/python3.12/site-packages/torch/_inductor/utils.py:1806] [0/0] Not enough SMs to use max_autotune_gemm mode
step     1  train 6.7145  eval 4.9541  pmax 6.1  (52s)
step  1000  train 1.2738  eval 1.2497  pmax 6.1  (310s)
step  2000  train 1.2479  eval 1.1932  pmax 6.1  (568s)
step  3000  train 1.1673  eval 1.2223  pmax 6.1  (826s)
step  4000  train 1.1631  eval 1.1530  pmax 6.1  (1084s)
step  5000  train 1.1855  eval 1.2647  pmax 6.1  (1342s)
step  6000  train 1.1686  eval 1.1742  pmax 6.2  (1600s)
step  7000  train 1.1916  eval 1.1618  pmax 6.2  (1858s)
step  8000  train 1.1389  eval 1.1764  pmax 6.2  (2116s)
step  9000  train 1.1733  eval 1.1614  pmax 6.2  (2374s)
step 10000  train 1.1038  eval 1.1219  pmax 6.2  (2633s)
  [checkpoint + sample saved at step 10000]
step 11000  train 1.1107  eval 1.1355  pmax 6.2  (2892s)
step 12000  train 1.0943  eval 1.1121  pmax 6.3  (3150s)
step 13000  train 1.1086  eval 1.0975  pmax 6.3  (3407s)
step 14000  train 1.1101  eval 1.1188  pmax 6.3  (3664s)
step 15000  train 1.0503  eval 1.0904  pmax 6.3  (3922s)
step 16000  train 1.0341  eval 1.1113  pmax 6.3  (4180s)
step 17000  train 1.1197  eval 1.1052  pmax 6.3  (4437s)
step 18000  train 1.0445  eval 1.1057  pmax 6.3  (4695s)
step 19000  train 1.0945  eval 1.1032  pmax 6.3  (4952s)
step 20000  train 1.0788  eval 1.1103  pmax 6.3  (5209s)
  [checkpoint + sample saved at step 20000]
step 21000  train 1.1241  eval 1.0758  pmax 6.3  (5468s)
step 22000  train 1.0888  eval 1.1108  pmax 6.3  (5726s)
step 23000  train 1.0982  eval 1.1326  pmax 6.3  (5983s)
step 24000  train 1.0936  eval 1.1317  pmax 6.3  (6240s)
step 25000  train 1.1214  eval 1.1643  pmax 6.3  (6497s)
step 26000  train 1.0617  eval 1.0549  pmax 6.3  (6754s)
step 27000  train 1.0785  eval 1.1124  pmax 6.3  (7012s)
step 28000  train 1.0852  eval 1.0927  pmax 6.3  (7269s)
step 29000  train 1.0691  eval 1.0591  pmax 6.3  (7526s)
step 30000  train 1.0245  eval 1.0396  pmax 6.3  (7784s)
  [checkpoint + sample saved at step 30000]
step 31000  train 1.0623  eval 1.0327  pmax 6.3  (8042s)
step 32000  train 1.0668  eval 1.0931  pmax 6.3  (8299s)
step 33000  train 1.0832  eval 1.0463  pmax 6.3  (8557s)
step 34000  train 1.0806  eval 1.0903  pmax 6.4  (8814s)
step 35000  train 1.0885  eval 1.0615  pmax 6.3  (9071s)
step 36000  train 1.1483  eval 1.0953  pmax 6.4  (9328s)
step 37000  train 1.0224  eval 1.0337  pmax 6.4  (9586s)
step 38000  train 1.0927  eval 1.0297  pmax 6.4  (9843s)
step 39000  train 1.0494  eval 1.0225  pmax 6.4  (10100s)
step 40000  train 1.0557  eval 1.0319  pmax 6.4  (10357s)
  [checkpoint + sample saved at step 40000]
step 41000  train 1.0569  eval 1.0383  pmax 6.4  (10614s)
step 42000  train 1.0195  eval 1.1012  pmax 6.4  (10871s)
step 43000  train 1.0125  eval 1.0525  pmax 6.4  (11127s)
step 44000  train 1.0838  eval 1.0990  pmax 6.4  (11384s)
step 45000  train 1.1199  eval 1.0584  pmax 6.4  (11641s)
step 46000  train 1.1009  eval 1.0404  pmax 6.4  (11897s)
step 47000  train 1.0517  eval 0.9944  pmax 6.4  (12154s)
step 48000  train 1.1333  eval 1.1227  pmax 6.4  (12411s)
step 49000  train 1.0950  eval 1.0843  pmax 6.4  (12668s)
step 50000  train 1.0899  eval 1.1019  pmax 6.4  (12924s)
  [checkpoint + sample saved at step 50000]
step 51000  train 1.0924  eval 1.0478  pmax 6.4  (13181s)
step 52000  train 1.0580  eval 1.0554  pmax 6.4  (13438s)
step 53000  train 1.0886  eval 1.0303  pmax 6.4  (13695s)
step 54000  train 1.0345  eval 1.0365  pmax 6.4  (13952s)
  [checkpoint + sample saved at step 54000]
done. artifacts in /home/luke/Wavelet-State-KAN/checkpoints/mamba2_ultrachat_1m_3ep_s42
