/home/luke/Wavelet-State-KAN/experiments/V1_train_tinystories_lm.py:107: UserWarning: The given buffer is not writable, and PyTorch does not support non-writable tensors. This means you can write to the underlying (supposedly non-writable) buffer using the tensor. You may want to copy the buffer to protect its data or make it writable before converting it to a tensor. This type of warning will be suppressed for the rest of this program. (Triggered internally at /__w/pytorch/pytorch/torch/csrc/utils/tensor_new.cpp:1556.)
  train_ids = torch.frombuffer(train_text.encode("utf-8", errors="ignore"), dtype=torch.uint8)
train bytes: 1,905,061,325  eval bytes: 405,730
model: mamba2  params: 98,124  device: cuda
step     1  train 5.8092  eval 5.3663  pmax 6.9  (8s)
step  1000  train 1.0263  eval 0.9975  pmax 6.6  (24s)
step  2000  train 0.9948  eval 0.9483  pmax 6.7  (39s)
step  3000  train 1.0022  eval 0.9297  pmax 6.7  (55s)
step  4000  train 0.9752  eval 0.8914  pmax 6.8  (70s)
step  5000  train 0.9566  eval 0.9054  pmax 6.9  (86s)
step  6000  train 0.9380  eval 0.9103  pmax 7.0  (102s)
step  7000  train 0.9381  eval 0.8916  pmax 7.0  (117s)
step  8000  train 0.9349  eval 0.8901  pmax 7.0  (133s)
step  9000  train 0.9416  eval 0.8597  pmax 7.0  (148s)
step 10000  train 0.9227  eval 0.8674  pmax 7.0  (164s)
step 11000  train 0.9382  eval 0.8744  pmax 7.0  (179s)
step 12000  train 0.9192  eval 0.8895  pmax 7.0  (195s)
step 13000  train 0.9081  eval 0.8585  pmax 7.0  (210s)
step 14000  train 0.9387  eval 0.8696  pmax 7.0  (226s)
step 15000  train 0.9280  eval 0.8998  pmax 6.9  (241s)
step 16000  train 0.9026  eval 0.8733  pmax 7.0  (257s)
step 17000  train 0.8851  eval 0.8597  pmax 7.0  (272s)
step 18000  train 0.9077  eval 0.8263  pmax 7.0  (287s)
step 19000  train 0.9002  eval 0.8470  pmax 7.0  (303s)
step 20000  train 0.8985  eval 0.8845  pmax 7.0  (318s)
step 21000  train 0.8940  eval 0.8499  pmax 7.0  (333s)
step 22000  train 0.9065  eval 0.8505  pmax 7.0  (349s)
step 23000  train 0.8912  eval 0.8787  pmax 7.0  (364s)
step 24000  train 0.9000  eval 0.8590  pmax 7.0  (379s)
step 25000  train 0.8739  eval 0.8876  pmax 7.0  (394s)
  [checkpoint + sample saved at step 25000]
step 26000  train 0.8672  eval 0.8713  pmax 6.9  (413s)
step 27000  train 0.8906  eval 0.8321  pmax 6.9  (428s)
step 28000  train 0.8849  eval 0.8723  pmax 7.0  (444s)
step 29000  train 0.9127  eval 0.8506  pmax 6.9  (459s)
step 30000  train 0.9015  eval 0.8385  pmax 7.0  (474s)
step 31000  train 0.8936  eval 0.8906  pmax 7.0  (490s)
step 32000  train 0.9212  eval 0.8690  pmax 6.9  (505s)
step 33000  train 0.8561  eval 0.8323  pmax 6.9  (520s)
step 34000  train 0.9332  eval 0.8215  pmax 6.9  (536s)
step 35000  train 0.8776  eval 0.8618  pmax 6.9  (551s)
step 36000  train 0.8796  eval 0.8438  pmax 6.9  (566s)
step 37000  train 0.9067  eval 0.8311  pmax 6.9  (582s)
step 38000  train 0.8840  eval 0.8440  pmax 6.9  (597s)
step 39000  train 0.8970  eval 0.8258  pmax 6.9  (612s)
step 40000  train 0.9018  eval 0.8453  pmax 7.0  (628s)
step 41000  train 0.8768  eval 0.8518  pmax 6.9  (643s)
step 42000  train 0.8877  eval 0.8602  pmax 6.9  (658s)
step 43000  train 0.8778  eval 0.8269  pmax 7.0  (674s)
step 44000  train 0.9017  eval 0.8633  pmax 7.0  (689s)
step 45000  train 0.8787  eval 0.8093  pmax 7.0  (704s)
step 46000  train 0.9105  eval 0.8245  pmax 7.0  (720s)
step 47000  train 0.8922  eval 0.8344  pmax 7.0  (735s)
step 48000  train 0.8688  eval 0.8616  pmax 7.0  (750s)
step 49000  train 0.8749  eval 0.8219  pmax 7.0  (765s)
step 50000  train 0.8478  eval 0.8354  pmax 7.0  (781s)
  [checkpoint + sample saved at step 50000]
step 51000  train 0.8515  eval 0.8180  pmax 7.0  (799s)
step 52000  train 0.8939  eval 0.8096  pmax 7.0  (814s)
step 53000  train 0.8803  eval 0.8002  pmax 7.0  (829s)
step 54000  train 0.9170  eval 0.8579  pmax 7.0  (845s)
step 55000  train 0.9118  eval 0.8083  pmax 7.1  (860s)
step 56000  train 0.8961  eval 0.8067  pmax 7.1  (876s)
step 57000  train 0.8786  eval 0.8378  pmax 7.1  (891s)
step 58000  train 0.8648  eval 0.8198  pmax 7.1  (906s)
step 59000  train 0.8939  eval 0.8561  pmax 7.1  (922s)
step 60000  train 0.8915  eval 0.8233  pmax 7.2  (937s)
step 61000  train 0.8584  eval 0.8398  pmax 7.3  (952s)
step 62000  train 0.8742  eval 0.8415  pmax 7.4  (967s)
step 63000  train 0.8744  eval 0.8249  pmax 7.4  (983s)
step 64000  train 0.8770  eval 0.8157  pmax 7.5  (998s)
step 65000  train 0.9071  eval 0.8520  pmax 7.6  (1014s)
step 66000  train 0.9084  eval 0.8422  pmax 7.7  (1029s)
step 67000  train 0.8581  eval 0.8436  pmax 7.7  (1044s)
step 68000  train 0.8707  eval 0.8534  pmax 7.8  (1060s)
step 69000  train 0.8948  eval 0.8153  pmax 7.9  (1075s)
step 70000  train 0.8785  eval 0.8139  pmax 7.9  (1091s)
step 71000  train 0.8707  eval 0.8393  pmax 8.0  (1106s)
step 72000  train 0.8815  eval 0.8702  pmax 8.0  (1121s)
step 73000  train 0.8787  eval 0.8342  pmax 8.1  (1137s)
step 74000  train 0.8602  eval 0.7995  pmax 8.1  (1152s)
step 75000  train 0.8736  eval 0.8475  pmax 8.2  (1168s)
  [checkpoint + sample saved at step 75000]
step 76000  train 0.8535  eval 0.8226  pmax 8.2  (1185s)
step 77000  train 0.8888  eval 0.8081  pmax 8.3  (1201s)
step 78000  train 0.8873  eval 0.8329  pmax 8.4  (1216s)
step 79000  train 0.8854  eval 0.7828  pmax 8.4  (1231s)
step 80000  train 0.8899  eval 0.8331  pmax 8.5  (1247s)
step 81000  train 0.8388  eval 0.8175  pmax 8.5  (1262s)
step 82000  train 0.8741  eval 0.8053  pmax 8.6  (1277s)
step 83000  train 0.8449  eval 0.8143  pmax 8.7  (1292s)
step 84000  train 0.8686  eval 0.8213  pmax 8.7  (1308s)
step 85000  train 0.8889  eval 0.8224  pmax 8.8  (1323s)
step 86000  train 0.8369  eval 0.8111  pmax 8.8  (1338s)
step 87000  train 0.8775  eval 0.8402  pmax 8.9  (1353s)
step 88000  train 0.8574  eval 0.8325  pmax 8.9  (1369s)
step 89000  train 0.8693  eval 0.7905  pmax 9.0  (1384s)
step 90000  train 0.8569  eval 0.7977  pmax 9.0  (1399s)
step 91000  train 0.8714  eval 0.8215  pmax 9.1  (1415s)
step 92000  train 0.8800  eval 0.8373  pmax 9.1  (1430s)
step 93000  train 0.9012  eval 0.7888  pmax 9.1  (1445s)
step 94000  train 0.8674  eval 0.8116  pmax 9.2  (1461s)
step 95000  train 0.8763  eval 0.8141  pmax 9.2  (1476s)
step 96000  train 0.8657  eval 0.8134  pmax 9.3  (1492s)
step 97000  train 0.8674  eval 0.7861  pmax 9.3  (1507s)
step 98000  train 0.8579  eval 0.8042  pmax 9.4  (1522s)
step 99000  train 0.8816  eval 0.8351  pmax 9.4  (1538s)
step 100000  train 0.8725  eval 0.8044  pmax 9.5  (1553s)
  [checkpoint + sample saved at step 100000]
step 101000  train 0.8854  eval 0.8232  pmax 9.5  (1571s)
step 102000  train 0.8630  eval 0.8163  pmax 9.5  (1586s)
step 103000  train 0.8753  eval 0.8278  pmax 9.6  (1601s)
step 104000  train 0.8393  eval 0.8394  pmax 9.6  (1617s)
step 105000  train 0.8798  eval 0.8164  pmax 9.6  (1632s)
step 106000  train 0.8457  eval 0.8073  pmax 9.7  (1647s)
step 107000  train 0.8639  eval 0.8304  pmax 9.7  (1663s)
step 108000  train 0.8514  eval 0.8152  pmax 9.7  (1678s)
step 109000  train 0.8650  eval 0.8268  pmax 9.8  (1694s)
step 110000  train 0.8603  eval 0.8343  pmax 9.8  (1709s)
step 111000  train 0.8366  eval 0.8710  pmax 9.9  (1724s)
step 112000  train 0.8795  eval 0.8135  pmax 9.9  (1740s)
step 113000  train 0.8373  eval 0.8192  pmax 9.9  (1755s)
step 114000  train 0.8505  eval 0.7978  pmax 10.0  (1770s)
step 115000  train 0.8663  eval 0.8388  pmax 10.0  (1786s)
step 116000  train 0.8526  eval 0.7971  pmax 10.0  (1801s)
step 117000  train 0.8655  eval 0.8513  pmax 10.1  (1816s)
step 118000  train 0.8583  eval 0.8495  pmax 10.1  (1832s)
step 119000  train 0.8609  eval 0.7877  pmax 10.1  (1847s)
step 120000  train 0.8662  eval 0.8120  pmax 10.1  (1862s)
step 121000  train 0.8510  eval 0.7883  pmax 10.2  (1878s)
step 122000  train 0.8534  eval 0.8313  pmax 10.2  (1893s)
step 123000  train 0.8715  eval 0.8314  pmax 10.2  (1908s)
step 124000  train 0.8790  eval 0.8049  pmax 10.3  (1924s)
step 125000  train 0.9001  eval 0.8198  pmax 10.3  (1939s)
  [checkpoint + sample saved at step 125000]
step 126000  train 0.8701  eval 0.8253  pmax 10.3  (1957s)
step 127000  train 0.9077  eval 0.8093  pmax 10.4  (1972s)
step 128000  train 0.8540  eval 0.8341  pmax 10.4  (1987s)
step 129000  train 0.8715  eval 0.7970  pmax 10.4  (2003s)
step 130000  train 0.8725  eval 0.8239  pmax 10.4  (2018s)
step 131000  train 0.8427  eval 0.7807  pmax 10.5  (2033s)
step 132000  train 0.8730  eval 0.8027  pmax 10.5  (2049s)
step 133000  train 0.8605  eval 0.7817  pmax 10.5  (2064s)
step 134000  train 0.8739  eval 0.8131  pmax 10.6  (2079s)
step 135000  train 0.8433  eval 0.8131  pmax 10.6  (2095s)
step 136000  train 0.8170  eval 0.8125  pmax 10.6  (2110s)
step 137000  train 0.8443  eval 0.7829  pmax 10.6  (2125s)
step 138000  train 0.8476  eval 0.8441  pmax 10.6  (2141s)
step 139000  train 0.8573  eval 0.8168  pmax 10.6  (2156s)
step 140000  train 0.8545  eval 0.7786  pmax 10.7  (2171s)
step 141000  train 0.8428  eval 0.7983  pmax 10.7  (2187s)
step 142000  train 0.8726  eval 0.8284  pmax 10.7  (2202s)
step 143000  train 0.8558  eval 0.8301  pmax 10.7  (2217s)
step 144000  train 0.8596  eval 0.8062  pmax 10.7  (2233s)
step 145000  train 0.8509  eval 0.7781  pmax 10.8  (2248s)
step 146000  train 0.8952  eval 0.8058  pmax 10.8  (2263s)
step 147000  train 0.8837  eval 0.8284  pmax 10.8  (2279s)
step 148000  train 0.8706  eval 0.8057  pmax 10.8  (2294s)
step 149000  train 0.8430  eval 0.8292  pmax 10.9  (2309s)
step 150000  train 0.8525  eval 0.8537  pmax 10.9  (2325s)
  [checkpoint + sample saved at step 150000]
step 151000  train 0.8334  eval 0.8318  pmax 10.9  (2343s)
step 152000  train 0.8610  eval 0.8175  pmax 10.9  (2358s)
step 153000  train 0.8173  eval 0.7817  pmax 10.9  (2374s)
step 154000  train 0.8605  eval 0.8211  pmax 10.9  (2389s)
step 155000  train 0.8371  eval 0.7993  pmax 10.9  (2404s)
step 156000  train 0.8613  eval 0.8210  pmax 11.0  (2419s)
step 157000  train 0.8447  eval 0.8107  pmax 11.0  (2435s)
step 158000  train 0.8438  eval 0.8034  pmax 11.0  (2450s)
step 159000  train 0.8344  eval 0.8034  pmax 11.0  (2465s)
step 160000  train 0.8721  eval 0.7971  pmax 11.0  (2481s)
step 161000  train 0.8503  eval 0.7840  pmax 11.0  (2496s)
step 162000  train 0.8748  eval 0.8025  pmax 11.1  (2511s)
step 163000  train 0.8500  eval 0.7981  pmax 11.1  (2526s)
step 164000  train 0.8743  eval 0.7791  pmax 11.1  (2542s)
step 165000  train 0.8610  eval 0.7855  pmax 11.1  (2557s)
step 166000  train 0.8553  eval 0.7929  pmax 11.1  (2572s)
step 167000  train 0.8327  eval 0.7881  pmax 11.1  (2588s)
step 168000  train 0.8659  eval 0.7797  pmax 11.1  (2603s)
step 169000  train 0.8503  eval 0.8036  pmax 11.1  (2618s)
step 170000  train 0.8393  eval 0.8015  pmax 11.1  (2634s)
step 171000  train 0.8644  eval 0.7930  pmax 11.2  (2649s)
step 172000  train 0.8533  eval 0.7781  pmax 11.2  (2664s)
step 173000  train 0.8421  eval 0.7721  pmax 11.2  (2679s)
step 174000  train 0.8765  eval 0.8173  pmax 11.2  (2695s)
step 175000  train 0.8433  eval 0.8037  pmax 11.2  (2710s)
  [checkpoint + sample saved at step 175000]
step 176000  train 0.8464  eval 0.8241  pmax 11.2  (2728s)
step 177000  train 0.8549  eval 0.8038  pmax 11.2  (2743s)
step 178000  train 0.8561  eval 0.8299  pmax 11.2  (2759s)
step 179000  train 0.8351  eval 0.8111  pmax 11.3  (2774s)
step 180000  train 0.8579  eval 0.7915  pmax 11.3  (2789s)
step 181000  train 0.8306  eval 0.8298  pmax 11.3  (2804s)
step 182000  train 0.8670  eval 0.8297  pmax 11.3  (2820s)
step 183000  train 0.8745  eval 0.7983  pmax 11.3  (2835s)
step 184000  train 0.8590  eval 0.7994  pmax 11.3  (2850s)
step 185000  train 0.8868  eval 0.8378  pmax 11.3  (2866s)
step 186000  train 0.8435  eval 0.8082  pmax 11.3  (2881s)
step 187000  train 0.8341  eval 0.8103  pmax 11.3  (2897s)
step 188000  train 0.8619  eval 0.8370  pmax 11.4  (2912s)
step 189000  train 0.8714  eval 0.8258  pmax 11.4  (2927s)
step 190000  train 0.8154  eval 0.8012  pmax 11.4  (2943s)
step 191000  train 0.8439  eval 0.7968  pmax 11.4  (2958s)
step 192000  train 0.8235  eval 0.7941  pmax 11.4  (2973s)
step 193000  train 0.8480  eval 0.7906  pmax 11.4  (2989s)
step 194000  train 0.8463  eval 0.7757  pmax 11.4  (3004s)
step 195000  train 0.8684  eval 0.8046  pmax 11.4  (3019s)
step 196000  train 0.8643  eval 0.7819  pmax 11.4  (3034s)
step 197000  train 0.8281  eval 0.7766  pmax 11.4  (3050s)
step 198000  train 0.8431  eval 0.8300  pmax 11.4  (3065s)
step 199000  train 0.8516  eval 0.8024  pmax 11.4  (3080s)
step 200000  train 0.8810  eval 0.8341  pmax 11.4  (3096s)
  [checkpoint + sample saved at step 200000]
step 201000  train 0.8360  eval 0.7787  pmax 11.4  (3113s)
step 202000  train 0.8633  eval 0.8343  pmax 11.4  (3129s)
step 203000  train 0.8169  eval 0.7977  pmax 11.5  (3144s)
step 204000  train 0.8559  eval 0.7928  pmax 11.5  (3159s)
step 205000  train 0.8120  eval 0.7766  pmax 11.5  (3175s)
step 206000  train 0.8470  eval 0.8261  pmax 11.5  (3190s)
step 207000  train 0.8267  eval 0.8174  pmax 11.5  (3206s)
step 208000  train 0.8496  eval 0.8062  pmax 11.5  (3221s)
step 209000  train 0.8374  eval 0.7930  pmax 11.5  (3236s)
step 210000  train 0.8518  eval 0.8081  pmax 11.5  (3252s)
step 211000  train 0.9018  eval 0.8249  pmax 11.5  (3267s)
step 212000  train 0.8508  eval 0.7947  pmax 11.5  (3282s)
step 213000  train 0.8621  eval 0.8035  pmax 11.5  (3298s)
step 214000  train 0.8505  eval 0.7682  pmax 11.5  (3313s)
step 215000  train 0.8320  eval 0.7905  pmax 11.5  (3328s)
step 216000  train 0.8763  eval 0.8199  pmax 11.5  (3344s)
step 217000  train 0.8764  eval 0.8021  pmax 11.5  (3359s)
step 218000  train 0.8451  eval 0.8410  pmax 11.5  (3374s)
step 219000  train 0.8311  eval 0.7966  pmax 11.5  (3390s)
step 220000  train 0.8340  eval 0.7842  pmax 11.5  (3405s)
step 221000  train 0.8481  eval 0.8141  pmax 11.5  (3421s)
step 222000  train 0.8614  eval 0.7905  pmax 11.6  (3436s)
step 223000  train 0.8788  eval 0.7887  pmax 11.6  (3451s)
step 224000  train 0.8487  eval 0.8092  pmax 11.6  (3467s)
step 225000  train 0.8623  eval 0.8262  pmax 11.6  (3482s)
  [checkpoint + sample saved at step 225000]
step 226000  train 0.8329  eval 0.8161  pmax 11.6  (3500s)
step 227000  train 0.8554  eval 0.8018  pmax 11.6  (3515s)
step 228000  train 0.8399  eval 0.7961  pmax 11.6  (3531s)
step 229000  train 0.8677  eval 0.8075  pmax 11.6  (3546s)
step 230000  train 0.8620  eval 0.8058  pmax 11.6  (3561s)
step 231000  train 0.8141  eval 0.7924  pmax 11.6  (3577s)
step 232000  train 0.8660  eval 0.8039  pmax 11.6  (3592s)
step 233000  train 0.8411  eval 0.7751  pmax 11.6  (3608s)
step 234000  train 0.8415  eval 0.8024  pmax 11.6  (3623s)
step 235000  train 0.8748  eval 0.8050  pmax 11.6  (3639s)
step 236000  train 0.8404  eval 0.7921  pmax 11.6  (3654s)
step 237000  train 0.8589  eval 0.7999  pmax 11.6  (3669s)
step 238000  train 0.8522  eval 0.8167  pmax 11.6  (3685s)
step 239000  train 0.8382  eval 0.8122  pmax 11.6  (3700s)
step 240000  train 0.8333  eval 0.7936  pmax 11.6  (3715s)
step 241000  train 0.8371  eval 0.7892  pmax 11.6  (3731s)
step 242000  train 0.8287  eval 0.8089  pmax 11.6  (3746s)
step 243000  train 0.8673  eval 0.8481  pmax 11.6  (3761s)
step 244000  train 0.8257  eval 0.7993  pmax 11.6  (3777s)
step 245000  train 0.8118  eval 0.7588  pmax 11.6  (3792s)
step 246000  train 0.8440  eval 0.8153  pmax 11.6  (3808s)
step 247000  train 0.8619  eval 0.8144  pmax 11.6  (3823s)
step 248000  train 0.8313  eval 0.7817  pmax 11.6  (3839s)
step 249000  train 0.8989  eval 0.8169  pmax 11.6  (3854s)
step 250000  train 0.8775  eval 0.8091  pmax 11.6  (3869s)
  [checkpoint + sample saved at step 250000]
step 251000  train 0.8406  eval 0.7986  pmax 11.6  (3887s)
step 252000  train 0.8584  eval 0.8075  pmax 11.6  (3903s)
step 253000  train 0.8464  eval 0.8017  pmax 11.6  (3918s)
step 254000  train 0.8690  eval 0.7643  pmax 11.6  (3933s)
step 255000  train 0.8495  eval 0.8238  pmax 11.6  (3949s)
step 256000  train 0.8595  eval 0.8058  pmax 11.6  (3964s)
step 257000  train 0.8237  eval 0.7935  pmax 11.6  (3980s)
step 258000  train 0.8298  eval 0.8011  pmax 11.6  (3995s)
step 259000  train 0.8196  eval 0.7557  pmax 11.6  (4010s)
step 260000  train 0.8774  eval 0.7746  pmax 11.6  (4026s)
step 261000  train 0.8603  eval 0.7866  pmax 11.6  (4041s)
step 262000  train 0.8368  eval 0.7465  pmax 11.7  (4056s)
step 263000  train 0.8630  eval 0.7849  pmax 11.7  (4072s)
step 264000  train 0.8463  eval 0.7810  pmax 11.7  (4087s)
step 265000  train 0.8435  eval 0.8017  pmax 11.7  (4102s)
step 266000  train 0.8171  eval 0.8130  pmax 11.7  (4117s)
step 267000  train 0.8327  eval 0.7927  pmax 11.7  (4133s)
step 268000  train 0.8760  eval 0.7818  pmax 11.7  (4148s)
step 269000  train 0.8604  eval 0.8234  pmax 11.7  (4163s)
step 270000  train 0.8486  eval 0.8231  pmax 11.7  (4179s)
step 271000  train 0.8427  eval 0.8091  pmax 11.7  (4194s)
step 272000  train 0.8292  eval 0.7932  pmax 11.7  (4210s)
step 273000  train 0.8383  eval 0.7893  pmax 11.7  (4225s)
step 274000  train 0.8421  eval 0.7998  pmax 11.7  (4240s)
step 275000  train 0.8392  eval 0.7748  pmax 11.7  (4255s)
  [checkpoint + sample saved at step 275000]
step 276000  train 0.8324  eval 0.7730  pmax 11.7  (4273s)
step 277000  train 0.8258  eval 0.8090  pmax 11.7  (4289s)
step 278000  train 0.8434  eval 0.7657  pmax 11.7  (4304s)
step 279000  train 0.8248  eval 0.7830  pmax 11.7  (4320s)
step 280000  train 0.8274  eval 0.8195  pmax 11.7  (4335s)
step 281000  train 0.8509  eval 0.7923  pmax 11.7  (4350s)
step 282000  train 0.8149  eval 0.7813  pmax 11.7  (4366s)
step 283000  train 0.8573  eval 0.7907  pmax 11.7  (4381s)
step 284000  train 0.8327  eval 0.8086  pmax 11.7  (4397s)
step 285000  train 0.8285  eval 0.8002  pmax 11.7  (4412s)
step 286000  train 0.8112  eval 0.8150  pmax 11.7  (4427s)
step 287000  train 0.8462  eval 0.7824  pmax 11.7  (4443s)
step 288000  train 0.8129  eval 0.7898  pmax 11.7  (4458s)
step 289000  train 0.8354  eval 0.8379  pmax 11.7  (4474s)
step 290000  train 0.8475  eval 0.7667  pmax 11.7  (4489s)
step 291000  train 0.8259  eval 0.8251  pmax 11.7  (4505s)
step 292000  train 0.8566  eval 0.7979  pmax 11.7  (4520s)
step 293000  train 0.8280  eval 0.7980  pmax 11.7  (4535s)
step 294000  train 0.8514  eval 0.7643  pmax 11.7  (4551s)
step 295000  train 0.8274  eval 0.8087  pmax 11.7  (4566s)
step 296000  train 0.8396  eval 0.7892  pmax 11.7  (4581s)
step 297000  train 0.8402  eval 0.7714  pmax 11.7  (4597s)
step 298000  train 0.8637  eval 0.8121  pmax 11.7  (4612s)
step 299000  train 0.8336  eval 0.8025  pmax 11.7  (4627s)
step 300000  train 0.8605  eval 0.7814  pmax 11.7  (4643s)
  [checkpoint + sample saved at step 300000]
done. artifacts in /home/luke/Wavelet-State-KAN/checkpoints/mamba2_tinystories_100k_3ep_s7
