/home/luke/Wavelet-State-KAN/experiments/V1_train_tinystories_lm.py:107: UserWarning: The given buffer is not writable, and PyTorch does not support non-writable tensors. This means you can write to the underlying (supposedly non-writable) buffer using the tensor. You may want to copy the buffer to protect its data or make it writable before converting it to a tensor. This type of warning will be suppressed for the rest of this program. (Triggered internally at /__w/pytorch/pytorch/torch/csrc/utils/tensor_new.cpp:1556.)
  train_ids = torch.frombuffer(train_text.encode("utf-8", errors="ignore"), dtype=torch.uint8)
train bytes: 1,905,061,325  eval bytes: 405,730
model: mamba2  params: 2,774  device: cuda
step     1  train 5.5968  eval 5.5698  pmax 5.4  (2s)
step  1000  train 2.0526  eval 2.0488  pmax 4.3  (23s)
step  2000  train 2.0187  eval 2.0127  pmax 4.2  (44s)
step  3000  train 1.9775  eval 1.9746  pmax 4.2  (66s)
step  4000  train 2.0031  eval 1.9654  pmax 4.2  (88s)
step  5000  train 1.9480  eval 1.9721  pmax 4.2  (109s)
step  6000  train 1.9543  eval 1.9100  pmax 4.2  (131s)
step  7000  train 1.9201  eval 1.9154  pmax 4.1  (152s)
step  8000  train 1.9388  eval 1.9303  pmax 4.1  (174s)
step  9000  train 1.9483  eval 1.9227  pmax 4.1  (196s)
step 10000  train 1.9479  eval 1.9173  pmax 4.3  (217s)
step 11000  train 1.9123  eval 1.9214  pmax 4.4  (238s)
step 12000  train 1.9231  eval 1.9393  pmax 4.5  (259s)
step 13000  train 1.9179  eval 1.9053  pmax 4.6  (280s)
step 14000  train 1.9063  eval 1.9171  pmax 4.7  (301s)
step 15000  train 1.9310  eval 1.8967  pmax 4.9  (323s)
step 16000  train 1.8910  eval 1.8988  pmax 5.0  (345s)
step 17000  train 1.9282  eval 1.8920  pmax 5.1  (366s)
step 18000  train 1.9091  eval 1.8907  pmax 5.2  (388s)
step 19000  train 1.9289  eval 1.9029  pmax 5.3  (409s)
step 20000  train 1.9053  eval 1.9313  pmax 5.3  (430s)
step 21000  train 1.9406  eval 1.9006  pmax 5.4  (451s)
step 22000  train 1.9222  eval 1.8878  pmax 5.4  (473s)
step 23000  train 1.9020  eval 1.8973  pmax 5.5  (495s)
step 24000  train 1.9415  eval 1.9054  pmax 5.5  (517s)
step 25000  train 1.9274  eval 1.8819  pmax 5.5  (540s)
  [checkpoint + sample saved at step 25000]
step 26000  train 1.9099  eval 1.8879  pmax 5.5  (561s)
step 27000  train 1.9294  eval 1.9084  pmax 5.5  (581s)
step 28000  train 1.9228  eval 1.8988  pmax 5.5  (603s)
step 29000  train 1.9103  eval 1.8819  pmax 5.5  (624s)
step 30000  train 1.9270  eval 1.9116  pmax 5.5  (645s)
  [checkpoint + sample saved at step 30000]
done. artifacts in /home/luke/Wavelet-State-KAN/checkpoints/mamba2_tinystories_1k_3ep_s2024
