/home/luke/Wavelet-State-KAN/experiments/V1_train_tinystories_lm.py:107: UserWarning: The given buffer is not writable, and PyTorch does not support non-writable tensors. This means you can write to the underlying (supposedly non-writable) buffer using the tensor. You may want to copy the buffer to protect its data or make it writable before converting it to a tensor. This type of warning will be suppressed for the rest of this program. (Triggered internally at /__w/pytorch/pytorch/torch/csrc/utils/tensor_new.cpp:1556.)
  train_ids = torch.frombuffer(train_text.encode("utf-8", errors="ignore"), dtype=torch.uint8)
train bytes: 1,905,061,325  eval bytes: 405,730
model: mamba2  params: 929,840  device: cuda
step     1  train 6.8547  eval 4.7198  pmax 6.8  (8s)
step  1000  train 0.9419  eval 0.8916  pmax 6.8  (136s)
step  2000  train 0.8930  eval 0.8212  pmax 6.8  (265s)
step  3000  train 0.8709  eval 0.8168  pmax 6.8  (394s)
step  4000  train 0.8601  eval 0.7876  pmax 6.8  (522s)
step  5000  train 0.8522  eval 0.7570  pmax 6.8  (651s)
step  6000  train 0.8392  eval 0.7839  pmax 6.8  (780s)
step  7000  train 0.8241  eval 0.7497  pmax 6.8  (908s)
step  8000  train 0.7889  eval 0.7660  pmax 6.8  (1037s)
step  9000  train 0.8253  eval 0.7991  pmax 6.8  (1165s)
step 10000  train 0.8229  eval 0.7887  pmax 6.8  (1294s)
  [checkpoint + sample saved at step 10000]
step 11000  train 0.8342  eval 0.7444  pmax 6.8  (1424s)
step 12000  train 0.8528  eval 0.7113  pmax 6.8  (1553s)
step 13000  train 0.7741  eval 0.7754  pmax 6.8  (1682s)
step 14000  train 0.7999  eval 0.7778  pmax 6.8  (1810s)
step 15000  train 0.7737  eval 0.7319  pmax 6.8  (1939s)
step 16000  train 0.7701  eval 0.7397  pmax 6.8  (2068s)
step 17000  train 0.7819  eval 0.7280  pmax 6.9  (2196s)
step 18000  train 0.8002  eval 0.7361  pmax 6.9  (2325s)
step 19000  train 0.7754  eval 0.7218  pmax 6.9  (2454s)
step 20000  train 0.7669  eval 0.7033  pmax 6.9  (2582s)
  [checkpoint + sample saved at step 20000]
step 21000  train 0.8294  eval 0.7145  pmax 6.9  (2712s)
step 22000  train 0.7671  eval 0.7343  pmax 6.9  (2841s)
step 23000  train 0.7715  eval 0.7447  pmax 6.9  (2970s)
step 24000  train 0.7365  eval 0.6870  pmax 7.0  (3098s)
step 25000  train 0.7968  eval 0.7164  pmax 7.0  (3227s)
step 26000  train 0.7578  eval 0.7269  pmax 7.0  (3355s)
step 27000  train 0.7872  eval 0.7191  pmax 7.0  (3484s)
step 28000  train 0.7864  eval 0.7029  pmax 7.0  (3613s)
step 29000  train 0.7796  eval 0.6903  pmax 7.1  (3741s)
step 30000  train 0.7537  eval 0.7515  pmax 7.1  (3870s)
  [checkpoint + sample saved at step 30000]
step 31000  train 0.7248  eval 0.7012  pmax 7.1  (4000s)
step 32000  train 0.7775  eval 0.7519  pmax 7.1  (4129s)
step 33000  train 0.7722  eval 0.7618  pmax 7.1  (4258s)
step 34000  train 0.7520  eval 0.7276  pmax 7.1  (4386s)
step 35000  train 0.7600  eval 0.7094  pmax 7.1  (4515s)
step 36000  train 0.7540  eval 0.7304  pmax 7.1  (4644s)
step 37000  train 0.7589  eval 0.7067  pmax 7.1  (4772s)
step 38000  train 0.7321  eval 0.6792  pmax 7.1  (4901s)
step 39000  train 0.7742  eval 0.6653  pmax 7.1  (5029s)
step 40000  train 0.7634  eval 0.7070  pmax 7.1  (5158s)
  [checkpoint + sample saved at step 40000]
step 41000  train 0.7664  eval 0.7058  pmax 7.1  (5288s)
step 42000  train 0.7583  eval 0.7001  pmax 7.2  (5417s)
step 43000  train 0.7588  eval 0.6991  pmax 7.2  (5545s)
step 44000  train 0.7289  eval 0.6903  pmax 7.2  (5674s)
step 45000  train 0.7648  eval 0.6896  pmax 7.2  (5803s)
step 46000  train 0.7111  eval 0.7051  pmax 7.2  (5932s)
step 47000  train 0.7616  eval 0.6817  pmax 7.2  (6061s)
step 48000  train 0.7427  eval 0.6851  pmax 7.2  (6190s)
step 49000  train 0.7222  eval 0.7045  pmax 7.2  (6319s)
step 50000  train 0.7378  eval 0.7077  pmax 7.2  (6447s)
  [checkpoint + sample saved at step 50000]
step 51000  train 0.7319  eval 0.6905  pmax 7.2  (6577s)
step 52000  train 0.7295  eval 0.6921  pmax 7.2  (6706s)
step 53000  train 0.7380  eval 0.6826  pmax 7.2  (6834s)
step 54000  train 0.7247  eval 0.6876  pmax 7.2  (6963s)
step 55000  train 0.7378  eval 0.6909  pmax 7.2  (7092s)
step 56000  train 0.7378  eval 0.6821  pmax 7.2  (7220s)
step 57000  train 0.7166  eval 0.6932  pmax 7.2  (7349s)
step 58000  train 0.7297  eval 0.6755  pmax 7.2  (7478s)
step 59000  train 0.7715  eval 0.6601  pmax 7.2  (7606s)
step 60000  train 0.7315  eval 0.6641  pmax 7.2  (7735s)
  [checkpoint + sample saved at step 60000]
step 61000  train 0.7028  eval 0.6686  pmax 7.2  (7865s)
step 62000  train 0.7260  eval 0.6773  pmax 7.2  (7993s)
step 63000  train 0.7719  eval 0.6858  pmax 7.2  (8122s)
step 64000  train 0.7352  eval 0.6740  pmax 7.2  (8251s)
step 65000  train 0.7492  eval 0.6745  pmax 7.2  (8379s)
step 66000  train 0.7211  eval 0.7172  pmax 7.2  (8508s)
step 67000  train 0.7411  eval 0.6789  pmax 7.2  (8637s)
step 68000  train 0.7418  eval 0.6912  pmax 7.2  (8765s)
step 69000  train 0.7086  eval 0.6937  pmax 7.2  (8894s)
step 70000  train 0.7269  eval 0.6958  pmax 7.2  (9022s)
  [checkpoint + sample saved at step 70000]
step 71000  train 0.7191  eval 0.6893  pmax 7.2  (9152s)
step 72000  train 0.7355  eval 0.6828  pmax 7.2  (9281s)
step 73000  train 0.7336  eval 0.6654  pmax 7.2  (9410s)
step 74000  train 0.7262  eval 0.6841  pmax 7.2  (9539s)
step 75000  train 0.7206  eval 0.6832  pmax 7.2  (9667s)
step 76000  train 0.7242  eval 0.7004  pmax 7.2  (9796s)
step 77000  train 0.7432  eval 0.7162  pmax 7.2  (9925s)
step 78000  train 0.7443  eval 0.6684  pmax 7.2  (10054s)
step 79000  train 0.7170  eval 0.6843  pmax 7.2  (10182s)
step 80000  train 0.7465  eval 0.6659  pmax 7.2  (10311s)
  [checkpoint + sample saved at step 80000]
step 81000  train 0.7239  eval 0.6461  pmax 7.2  (10441s)
step 82000  train 0.7236  eval 0.6675  pmax 7.2  (10570s)
step 83000  train 0.7299  eval 0.6968  pmax 7.2  (10699s)
step 84000  train 0.7395  eval 0.6827  pmax 7.2  (10827s)
step 85000  train 0.7287  eval 0.6903  pmax 7.2  (10956s)
step 86000  train 0.7471  eval 0.6610  pmax 7.2  (11085s)
step 87000  train 0.7613  eval 0.6819  pmax 7.2  (11214s)
step 88000  train 0.7278  eval 0.7041  pmax 7.2  (11342s)
step 89000  train 0.7235  eval 0.6556  pmax 7.2  (11471s)
step 90000  train 0.7166  eval 0.6898  pmax 7.2  (11600s)
  [checkpoint + sample saved at step 90000]
step 91000  train 0.7140  eval 0.6927  pmax 7.2  (11730s)
step 92000  train 0.7296  eval 0.6865  pmax 7.2  (11859s)
step 93000  train 0.7059  eval 0.6798  pmax 7.2  (11987s)
step 94000  train 0.7342  eval 0.6898  pmax 7.2  (12116s)
step 95000  train 0.7086  eval 0.7147  pmax 7.2  (12245s)
step 96000  train 0.7275  eval 0.6526  pmax 7.2  (12374s)
step 97000  train 0.7336  eval 0.6697  pmax 7.2  (12502s)
step 98000  train 0.7271  eval 0.6692  pmax 7.2  (12631s)
step 99000  train 0.7532  eval 0.6356  pmax 7.2  (12760s)
step 100000  train 0.7302  eval 0.6861  pmax 7.2  (12889s)
  [checkpoint + sample saved at step 100000]
done. artifacts in /home/luke/Wavelet-State-KAN/checkpoints/mamba2_tinystories_1m_3ep_s123
