/home/luke/Wavelet-State-KAN/experiments/V1_train_tinystories_lm.py:107: UserWarning: The given buffer is not writable, and PyTorch does not support non-writable tensors. This means you can write to the underlying (supposedly non-writable) buffer using the tensor. You may want to copy the buffer to protect its data or make it writable before converting it to a tensor. This type of warning will be suppressed for the rest of this program. (Triggered internally at /__w/pytorch/pytorch/torch/csrc/utils/tensor_new.cpp:1556.)
  train_ids = torch.frombuffer(train_text.encode("utf-8", errors="ignore"), dtype=torch.uint8)
train bytes: 1,195,926,439  eval bytes: 2,859,070
model: mamba2  params: 10,466  device: cuda
step     1  train 5.6528  eval 5.5909  pmax 6.9  (1s)
step  1000  train 1.8542  eval 1.8664  pmax 6.9  (43s)
step  2000  train 1.8708  eval 1.8214  pmax 6.3  (87s)
step  3000  train 1.8313  eval 1.8351  pmax 5.2  (130s)
step  4000  train 1.7869  eval 1.7604  pmax 4.7  (174s)
step  5000  train 1.8456  eval 1.7515  pmax 4.5  (218s)
step  6000  train 1.7866  eval 1.7629  pmax 4.5  (261s)
step  7000  train 1.7945  eval 1.7934  pmax 4.4  (305s)
step  8000  train 1.8079  eval 1.7667  pmax 4.4  (348s)
step  9000  train 1.7716  eval 1.7967  pmax 4.4  (392s)
step 10000  train 1.7899  eval 1.7850  pmax 4.4  (434s)
step 11000  train 1.7337  eval 1.8169  pmax 4.4  (477s)
step 12000  train 1.7330  eval 1.7825  pmax 4.4  (519s)
step 13000  train 1.7709  eval 1.7518  pmax 4.5  (563s)
step 14000  train 1.7604  eval 1.7174  pmax 4.5  (607s)
step 15000  train 1.7667  eval 1.7875  pmax 4.5  (651s)
step 16000  train 1.7773  eval 1.7206  pmax 4.6  (694s)
step 17000  train 1.7736  eval 1.8006  pmax 4.6  (737s)
step 18000  train 1.8064  eval 1.8479  pmax 4.6  (782s)
step 19000  train 1.7461  eval 1.7050  pmax 4.6  (826s)
step 20000  train 1.6999  eval 1.7237  pmax 4.7  (869s)
step 21000  train 1.6971  eval 1.7412  pmax 4.7  (913s)
step 22000  train 1.7403  eval 1.7645  pmax 4.7  (957s)
step 23000  train 1.8309  eval 1.7881  pmax 4.7  (1001s)
step 24000  train 1.7267  eval 1.6905  pmax 4.7  (1045s)
step 25000  train 1.7114  eval 1.7203  pmax 4.7  (1088s)
  [checkpoint + sample saved at step 25000]
step 26000  train 1.7838  eval 1.6670  pmax 4.7  (1134s)
step 27000  train 1.7482  eval 1.7152  pmax 4.7  (1177s)
step 28000  train 1.6971  eval 1.7199  pmax 4.7  (1222s)
step 29000  train 1.7216  eval 1.7093  pmax 4.7  (1266s)
step 30000  train 1.7412  eval 1.7597  pmax 4.7  (1310s)
step 31000  train 1.7293  eval 1.6773  pmax 4.7  (1353s)
step 32000  train 1.7147  eval 1.7188  pmax 4.7  (1397s)
step 33000  train 1.7651  eval 1.7452  pmax 4.7  (1442s)
step 34000  train 1.7473  eval 1.7630  pmax 4.7  (1487s)
step 35000  train 1.7765  eval 1.7403  pmax 4.7  (1531s)
step 36000  train 1.7849  eval 1.7737  pmax 4.7  (1575s)
step 37000  train 1.7859  eval 1.7651  pmax 4.7  (1619s)
step 38000  train 1.7546  eval 1.7013  pmax 4.7  (1663s)
step 39000  train 1.8048  eval 1.6841  pmax 4.7  (1707s)
step 40000  train 1.7705  eval 1.6825  pmax 4.7  (1751s)
step 41000  train 1.7274  eval 1.6656  pmax 4.7  (1795s)
step 42000  train 1.6726  eval 1.7473  pmax 4.7  (1838s)
step 43000  train 1.7091  eval 1.7512  pmax 4.7  (1882s)
step 44000  train 1.7213  eval 1.7202  pmax 4.7  (1925s)
step 45000  train 1.7111  eval 1.7289  pmax 4.7  (1969s)
step 46000  train 1.7011  eval 1.7643  pmax 4.8  (2014s)
step 47000  train 1.7231  eval 1.7247  pmax 4.7  (2059s)
step 48000  train 1.7340  eval 1.7891  pmax 4.7  (2102s)
step 49000  train 1.7885  eval 1.6944  pmax 4.8  (2145s)
step 50000  train 1.7847  eval 1.7376  pmax 4.8  (2190s)
  [checkpoint + sample saved at step 50000]
step 51000  train 1.6961  eval 1.6854  pmax 4.8  (2234s)
step 52000  train 1.7198  eval 1.7503  pmax 4.8  (2278s)
step 53000  train 1.7325  eval 1.7456  pmax 4.8  (2320s)
step 54000  train 1.7135  eval 1.7300  pmax 4.8  (2361s)
  [checkpoint + sample saved at step 54000]
done. artifacts in /home/luke/Wavelet-State-KAN/checkpoints/mamba2_ultrachat_10k_3ep_s7
