/home/luke/Wavelet-State-KAN/experiments/V1_train_tinystories_lm.py:107: UserWarning: The given buffer is not writable, and PyTorch does not support non-writable tensors. This means you can write to the underlying (supposedly non-writable) buffer using the tensor. You may want to copy the buffer to protect its data or make it writable before converting it to a tensor. This type of warning will be suppressed for the rest of this program. (Triggered internally at /__w/pytorch/pytorch/torch/csrc/utils/tensor_new.cpp:1556.)
  train_ids = torch.frombuffer(train_text.encode("utf-8", errors="ignore"), dtype=torch.uint8)
train bytes: 542,898,247  eval bytes: 130,357
model: mamba2  params: 929,840  device: cuda
step     1  train 6.8813  eval 5.0574  pmax 6.5  (6s)
step  1000  train 1.4018  eval 1.3915  pmax 6.6  (133s)
step  2000  train 1.3706  eval 1.3447  pmax 6.6  (261s)
step  3000  train 1.3164  eval 1.3314  pmax 6.7  (388s)
step  4000  train 1.3065  eval 1.3176  pmax 6.7  (516s)
step  5000  train 1.2881  eval 1.2508  pmax 6.8  (643s)
step  6000  train 1.2992  eval 1.2996  pmax 6.8  (770s)
step  7000  train 1.3119  eval 1.2823  pmax 6.8  (898s)
step  8000  train 1.2832  eval 1.2724  pmax 6.8  (1025s)
step  9000  train 1.2613  eval 1.2829  pmax 6.9  (1153s)
step 10000  train 1.2799  eval 1.2102  pmax 6.9  (1280s)
  [checkpoint + sample saved at step 10000]
step 11000  train 1.2641  eval 1.2601  pmax 6.9  (1409s)
step 12000  train 1.2524  eval 1.2859  pmax 6.9  (1536s)
step 13000  train 1.2687  eval 1.2276  pmax 6.9  (1664s)
step 14000  train 1.2457  eval 1.2856  pmax 7.0  (1791s)
step 15000  train 1.2487  eval 1.1995  pmax 7.0  (1919s)
step 16000  train 1.2416  eval 1.2784  pmax 7.0  (2046s)
step 17000  train 1.2320  eval 1.2557  pmax 7.0  (2173s)
step 18000  train 1.2202  eval 1.2992  pmax 7.0  (2301s)
step 19000  train 1.2227  eval 1.2431  pmax 7.0  (2428s)
step 20000  train 1.2052  eval 1.2360  pmax 7.0  (2556s)
  [checkpoint + sample saved at step 20000]
step 21000  train 1.2529  eval 1.2338  pmax 7.1  (2684s)
step 22000  train 1.2282  eval 1.2402  pmax 7.1  (2812s)
step 23000  train 1.2344  eval 1.2682  pmax 7.1  (2939s)
step 24000  train 1.2247  eval 1.2940  pmax 7.1  (3067s)
step 25000  train 1.2494  eval 1.2556  pmax 7.1  (3194s)
step 26000  train 1.2246  eval 1.2509  pmax 7.1  (3321s)
step 27000  train 1.2486  eval 1.2663  pmax 7.1  (3449s)
step 28000  train 1.2251  eval 1.2192  pmax 7.1  (3576s)
step 29000  train 1.2371  eval 1.2403  pmax 7.1  (3703s)
step 30000  train 1.2640  eval 1.2014  pmax 7.1  (3831s)
  [checkpoint + sample saved at step 30000]
step 31000  train 1.1972  eval 1.2415  pmax 7.1  (3960s)
step 32000  train 1.2307  eval 1.2375  pmax 7.1  (4087s)
step 33000  train 1.2284  eval 1.2445  pmax 7.1  (4215s)
step 34000  train 1.2324  eval 1.2034  pmax 7.1  (4342s)
step 35000  train 1.2205  eval 1.2185  pmax 7.1  (4469s)
step 36000  train 1.2102  eval 1.2323  pmax 7.1  (4597s)
step 37000  train 1.2202  eval 1.2371  pmax 7.1  (4724s)
step 38000  train 1.2050  eval 1.2156  pmax 7.1  (4852s)
step 39000  train 1.2158  eval 1.2303  pmax 7.1  (4979s)
step 40000  train 1.2198  eval 1.2221  pmax 7.2  (5106s)
  [checkpoint + sample saved at step 40000]
step 41000  train 1.2510  eval 1.1867  pmax 7.2  (5235s)
step 42000  train 1.2395  eval 1.1993  pmax 7.2  (5362s)
step 43000  train 1.1816  eval 1.2079  pmax 7.2  (5490s)
step 44000  train 1.2147  eval 1.2318  pmax 7.2  (5617s)
step 45000  train 1.2181  eval 1.1945  pmax 7.2  (5745s)
step 46000  train 1.1614  eval 1.1889  pmax 7.2  (5872s)
step 47000  train 1.2178  eval 1.2130  pmax 7.2  (6000s)
step 48000  train 1.2128  eval 1.2054  pmax 7.2  (6127s)
step 49000  train 1.1693  eval 1.1969  pmax 7.2  (6254s)
step 50000  train 1.2290  eval 1.1961  pmax 7.2  (6382s)
  [checkpoint + sample saved at step 50000]
step 51000  train 1.1895  eval 1.1952  pmax 7.2  (6511s)
step 52000  train 1.1991  eval 1.1913  pmax 7.2  (6638s)
step 53000  train 1.1818  eval 1.1876  pmax 7.2  (6766s)
step 54000  train 1.2262  eval 1.2117  pmax 7.2  (6893s)
step 55000  train 1.2124  eval 1.2207  pmax 7.2  (7021s)
step 56000  train 1.1980  eval 1.2075  pmax 7.2  (7148s)
step 57000  train 1.2403  eval 1.1908  pmax 7.2  (7275s)
step 58000  train 1.1816  eval 1.2279  pmax 7.2  (7403s)
step 59000  train 1.1542  eval 1.2011  pmax 7.2  (7530s)
step 60000  train 1.1818  eval 1.2338  pmax 7.2  (7658s)
  [checkpoint + sample saved at step 60000]
step 61000  train 1.1928  eval 1.2207  pmax 7.2  (7786s)
step 62000  train 1.1809  eval 1.2776  pmax 7.2  (7914s)
step 63000  train 1.2172  eval 1.1912  pmax 7.2  (8041s)
step 64000  train 1.1792  eval 1.2394  pmax 7.2  (8168s)
step 65000  train 1.2153  eval 1.2101  pmax 7.2  (8296s)
step 66000  train 1.1977  eval 1.2235  pmax 7.2  (8423s)
  [checkpoint + sample saved at step 66000]
done. artifacts in /home/luke/Wavelet-State-KAN/checkpoints/mamba2_wikitext_1m_3ep_s7
