/home/luke/Wavelet-State-KAN/experiments/V1_train_tinystories_lm.py:107: UserWarning: The given buffer is not writable, and PyTorch does not support non-writable tensors. This means you can write to the underlying (supposedly non-writable) buffer using the tensor. You may want to copy the buffer to protect its data or make it writable before converting it to a tensor. This type of warning will be suppressed for the rest of this program. (Triggered internally at /__w/pytorch/pytorch/torch/csrc/utils/tensor_new.cpp:1556.)
  train_ids = torch.frombuffer(train_text.encode("utf-8", errors="ignore"), dtype=torch.uint8)
train bytes: 1,195,926,439  eval bytes: 2,859,070
model: mamba2  params: 98,124  device: cuda
step     1  train 5.8222  eval 5.4335  pmax 6.9  (8s)
step  1000  train 1.3838  eval 1.3766  pmax 7.0  (42s)
step  2000  train 1.3810  eval 1.3637  pmax 7.3  (77s)
step  3000  train 1.3428  eval 1.3709  pmax 7.5  (111s)
step  4000  train 1.3005  eval 1.3128  pmax 7.6  (145s)
step  5000  train 1.3725  eval 1.2932  pmax 7.6  (179s)
step  6000  train 1.3119  eval 1.3071  pmax 7.7  (213s)
step  7000  train 1.3362  eval 1.3362  pmax 7.7  (248s)
step  8000  train 1.3073  eval 1.2958  pmax 7.8  (282s)
step  9000  train 1.3191  eval 1.3180  pmax 7.8  (316s)
step 10000  train 1.3284  eval 1.3075  pmax 7.8  (351s)
step 11000  train 1.2738  eval 1.3457  pmax 7.8  (385s)
step 12000  train 1.2665  eval 1.3034  pmax 7.8  (419s)
step 13000  train 1.3039  eval 1.2780  pmax 7.8  (453s)
step 14000  train 1.2670  eval 1.2454  pmax 8.0  (487s)
step 15000  train 1.2780  eval 1.2959  pmax 8.0  (522s)
step 16000  train 1.2825  eval 1.2626  pmax 8.1  (556s)
step 17000  train 1.2902  eval 1.3015  pmax 8.1  (590s)
step 18000  train 1.3107  eval 1.3419  pmax 8.2  (624s)
step 19000  train 1.2599  eval 1.2256  pmax 8.2  (659s)
step 20000  train 1.2210  eval 1.2209  pmax 8.3  (693s)
step 21000  train 1.2353  eval 1.2469  pmax 8.3  (727s)
step 22000  train 1.2555  eval 1.2829  pmax 8.4  (761s)
step 23000  train 1.3488  eval 1.2955  pmax 8.5  (795s)
step 24000  train 1.2416  eval 1.2178  pmax 8.5  (830s)
step 25000  train 1.2108  eval 1.2587  pmax 8.5  (864s)
  [checkpoint + sample saved at step 25000]
step 26000  train 1.2734  eval 1.1739  pmax 8.6  (902s)
step 27000  train 1.2604  eval 1.2255  pmax 8.6  (936s)
step 28000  train 1.2020  eval 1.2303  pmax 8.7  (970s)
step 29000  train 1.2317  eval 1.2243  pmax 8.6  (1004s)
step 30000  train 1.2346  eval 1.2903  pmax 8.7  (1039s)
step 31000  train 1.2444  eval 1.2037  pmax 8.7  (1073s)
step 32000  train 1.2272  eval 1.2437  pmax 8.7  (1107s)
step 33000  train 1.2879  eval 1.2633  pmax 8.7  (1141s)
step 34000  train 1.2747  eval 1.2737  pmax 8.7  (1175s)
step 35000  train 1.2856  eval 1.2458  pmax 8.7  (1209s)
step 36000  train 1.2981  eval 1.2772  pmax 8.8  (1244s)
step 37000  train 1.2950  eval 1.2753  pmax 8.7  (1278s)
step 38000  train 1.2867  eval 1.2403  pmax 8.8  (1312s)
step 39000  train 1.3044  eval 1.2119  pmax 8.8  (1346s)
step 40000  train 1.2633  eval 1.2065  pmax 8.8  (1380s)
step 41000  train 1.2155  eval 1.1974  pmax 8.8  (1414s)
step 42000  train 1.1977  eval 1.2535  pmax 8.8  (1448s)
step 43000  train 1.2228  eval 1.2620  pmax 8.8  (1482s)
step 44000  train 1.2224  eval 1.2167  pmax 8.8  (1517s)
step 45000  train 1.2254  eval 1.2479  pmax 8.8  (1551s)
step 46000  train 1.2115  eval 1.2857  pmax 8.8  (1585s)
step 47000  train 1.2252  eval 1.2267  pmax 8.8  (1619s)
step 48000  train 1.2479  eval 1.2920  pmax 8.8  (1653s)
step 49000  train 1.2754  eval 1.1919  pmax 8.8  (1687s)
step 50000  train 1.2849  eval 1.2750  pmax 8.8  (1721s)
  [checkpoint + sample saved at step 50000]
step 51000  train 1.2150  eval 1.1900  pmax 8.8  (1758s)
step 52000  train 1.2443  eval 1.2399  pmax 8.8  (1792s)
step 53000  train 1.2375  eval 1.2685  pmax 8.8  (1826s)
step 54000  train 1.2180  eval 1.2359  pmax 8.8  (1860s)
step 55000  train 1.2305  eval 1.2136  pmax 8.8  (1894s)
step 56000  train 1.2288  eval 1.2133  pmax 8.8  (1928s)
step 57000  train 1.2777  eval 1.2214  pmax 8.8  (1962s)
step 58000  train 1.2064  eval 1.2581  pmax 8.8  (1996s)
step 59000  train 1.1780  eval 1.2799  pmax 8.8  (2030s)
step 60000  train 1.2157  eval 1.2154  pmax 8.8  (2065s)
step 61000  train 1.2301  eval 1.2434  pmax 8.8  (2099s)
step 62000  train 1.2769  eval 1.2646  pmax 8.8  (2133s)
step 63000  train 1.2094  eval 1.2358  pmax 8.8  (2167s)
step 64000  train 1.2107  eval 1.2465  pmax 8.8  (2201s)
step 65000  train 1.2665  eval 1.1988  pmax 8.8  (2236s)
step 66000  train 1.2202  eval 1.2582  pmax 8.8  (2270s)
step 67000  train 1.2429  eval 1.2351  pmax 8.8  (2304s)
step 68000  train 1.2073  eval 1.2619  pmax 8.8  (2338s)
step 69000  train 1.2217  eval 1.1910  pmax 8.8  (2372s)
step 70000  train 1.2448  eval 1.1781  pmax 8.8  (2407s)
step 71000  train 1.2350  eval 1.1833  pmax 8.8  (2441s)
step 72000  train 1.2387  eval 1.2248  pmax 8.8  (2475s)
step 73000  train 1.1820  eval 1.2105  pmax 8.8  (2509s)
step 74000  train 1.2094  eval 1.2155  pmax 8.8  (2543s)
step 75000  train 1.1799  eval 1.2704  pmax 8.8  (2577s)
  [checkpoint + sample saved at step 75000]
step 76000  train 1.2068  eval 1.2998  pmax 8.8  (2614s)
step 77000  train 1.2369  eval 1.2013  pmax 8.8  (2648s)
step 78000  train 1.2274  eval 1.2177  pmax 8.8  (2682s)
step 79000  train 1.2065  eval 1.2689  pmax 8.8  (2717s)
step 80000  train 1.2371  eval 1.1875  pmax 8.8  (2751s)
step 81000  train 1.2392  eval 1.2542  pmax 8.8  (2785s)
step 82000  train 1.2381  eval 1.2404  pmax 8.8  (2819s)
step 83000  train 1.2270  eval 1.3457  pmax 8.9  (2853s)
step 84000  train 1.2241  eval 1.1900  pmax 8.9  (2887s)
step 85000  train 1.2016  eval 1.2215  pmax 8.8  (2922s)
step 86000  train 1.2603  eval 1.2404  pmax 8.9  (2956s)
step 87000  train 1.2185  eval 1.1838  pmax 8.9  (2990s)
step 88000  train 1.2297  eval 1.2268  pmax 8.9  (3024s)
step 89000  train 1.2026  eval 1.1728  pmax 8.9  (3058s)
step 90000  train 1.2041  eval 1.1563  pmax 8.9  (3093s)
step 91000  train 1.2373  eval 1.2363  pmax 8.9  (3127s)
step 92000  train 1.2249  eval 1.2250  pmax 8.9  (3162s)
step 93000  train 1.2020  eval 1.2295  pmax 8.9  (3196s)
step 94000  train 1.1759  eval 1.2249  pmax 8.9  (3230s)
step 95000  train 1.2475  eval 1.1825  pmax 8.9  (3265s)
step 96000  train 1.2320  eval 1.2508  pmax 8.9  (3299s)
step 97000  train 1.2377  eval 1.2285  pmax 8.9  (3333s)
step 98000  train 1.2365  eval 1.2513  pmax 8.9  (3367s)
step 99000  train 1.1921  eval 1.2313  pmax 8.9  (3402s)
step 100000  train 1.2188  eval 1.2396  pmax 8.9  (3436s)
  [checkpoint + sample saved at step 100000]
step 101000  train 1.1576  eval 1.1751  pmax 8.9  (3473s)
step 102000  train 1.2086  eval 1.1961  pmax 8.9  (3507s)
step 103000  train 1.1587  eval 1.1910  pmax 8.9  (3541s)
step 104000  train 1.1807  eval 1.2325  pmax 8.9  (3576s)
step 105000  train 1.2107  eval 1.1683  pmax 8.9  (3610s)
step 106000  train 1.2272  eval 1.2648  pmax 8.9  (3644s)
step 107000  train 1.1619  eval 1.2127  pmax 8.9  (3679s)
step 108000  train 1.1642  eval 1.2358  pmax 8.9  (3713s)
  [checkpoint + sample saved at step 108000]
done. artifacts in /home/luke/Wavelet-State-KAN/checkpoints/mamba2_ultrachat_100k_3ep_s7
