/home/luke/Wavelet-State-KAN/experiments/V1_train_tinystories_lm.py:107: UserWarning: The given buffer is not writable, and PyTorch does not support non-writable tensors. This means you can write to the underlying (supposedly non-writable) buffer using the tensor. You may want to copy the buffer to protect its data or make it writable before converting it to a tensor. This type of warning will be suppressed for the rest of this program. (Triggered internally at /__w/pytorch/pytorch/torch/csrc/utils/tensor_new.cpp:1556.)
  train_ids = torch.frombuffer(train_text.encode("utf-8", errors="ignore"), dtype=torch.uint8)
train bytes: 542,898,247  eval bytes: 130,357
model: mamba2  params: 98,124  device: cuda
W0919 23:39:46.296000 78946 .venv/lib/python3.12/site-packages/torch/_inductor/utils.py:1806] [0/0] Not enough SMs to use max_autotune_gemm mode
step     1  train 5.7942  eval 5.3435  pmax 6.9  (59s)
step  1000  train 1.5101  eval 1.4928  pmax 7.1  (74s)
step  2000  train 1.4794  eval 1.4660  pmax 7.3  (89s)
step  3000  train 1.4330  eval 1.4602  pmax 7.4  (104s)
step  4000  train 1.4507  eval 1.4087  pmax 7.5  (119s)
step  5000  train 1.4259  eval 1.4113  pmax 7.5  (134s)
step  6000  train 1.4262  eval 1.3636  pmax 7.5  (149s)
step  7000  train 1.4213  eval 1.3870  pmax 7.4  (164s)
step  8000  train 1.3827  eval 1.4040  pmax 7.4  (180s)
step  9000  train 1.4313  eval 1.3983  pmax 7.4  (195s)
step 10000  train 1.3956  eval 1.3744  pmax 7.4  (210s)
step 11000  train 1.3859  eval 1.3820  pmax 7.4  (225s)
step 12000  train 1.3939  eval 1.3274  pmax 7.4  (241s)
step 13000  train 1.3944  eval 1.3863  pmax 7.4  (256s)
step 14000  train 1.3822  eval 1.4395  pmax 7.4  (271s)
step 15000  train 1.4223  eval 1.3551  pmax 7.4  (286s)
step 16000  train 1.3284  eval 1.4144  pmax 7.5  (301s)
step 17000  train 1.3694  eval 1.3969  pmax 7.5  (316s)
step 18000  train 1.3486  eval 1.3137  pmax 7.5  (331s)
step 19000  train 1.3694  eval 1.3733  pmax 7.5  (347s)
step 20000  train 1.3916  eval 1.3479  pmax 7.6  (362s)
step 21000  train 1.3454  eval 1.3871  pmax 7.6  (377s)
step 22000  train 1.3764  eval 1.3597  pmax 7.7  (392s)
step 23000  train 1.3882  eval 1.3494  pmax 7.7  (407s)
step 24000  train 1.3502  eval 1.3647  pmax 7.7  (422s)
step 25000  train 1.3571  eval 1.3506  pmax 7.7  (437s)
  [checkpoint + sample saved at step 25000]
step 26000  train 1.3800  eval 1.3708  pmax 7.8  (455s)
step 27000  train 1.4000  eval 1.3606  pmax 7.8  (470s)
step 28000  train 1.3707  eval 1.3562  pmax 7.8  (485s)
step 29000  train 1.3635  eval 1.3891  pmax 7.8  (500s)
step 30000  train 1.3611  eval 1.3383  pmax 7.8  (515s)
step 31000  train 1.3928  eval 1.3451  pmax 7.9  (530s)
step 32000  train 1.3622  eval 1.3546  pmax 7.9  (545s)
step 33000  train 1.3692  eval 1.3210  pmax 7.9  (560s)
step 34000  train 1.3587  eval 1.3369  pmax 7.9  (575s)
step 35000  train 1.3505  eval 1.3529  pmax 8.0  (590s)
step 36000  train 1.3131  eval 1.3469  pmax 8.0  (605s)
step 37000  train 1.3449  eval 1.3931  pmax 8.0  (620s)
step 38000  train 1.3441  eval 1.3827  pmax 8.0  (635s)
step 39000  train 1.3616  eval 1.3605  pmax 8.0  (651s)
step 40000  train 1.3349  eval 1.3701  pmax 8.0  (666s)
step 41000  train 1.3743  eval 1.3289  pmax 8.1  (681s)
step 42000  train 1.3566  eval 1.3661  pmax 8.1  (696s)
step 43000  train 1.3618  eval 1.3970  pmax 8.1  (710s)
step 44000  train 1.3660  eval 1.3716  pmax 8.1  (726s)
step 45000  train 1.3705  eval 1.3088  pmax 8.1  (741s)
step 46000  train 1.3693  eval 1.3174  pmax 8.1  (756s)
step 47000  train 1.3521  eval 1.4090  pmax 8.1  (771s)
step 48000  train 1.3466  eval 1.3340  pmax 8.2  (786s)
step 49000  train 1.3514  eval 1.3334  pmax 8.2  (801s)
step 50000  train 1.3407  eval 1.3092  pmax 8.2  (816s)
  [checkpoint + sample saved at step 50000]
step 51000  train 1.3525  eval 1.3553  pmax 8.2  (834s)
step 52000  train 1.3469  eval 1.3500  pmax 8.2  (849s)
step 53000  train 1.3675  eval 1.3630  pmax 8.2  (864s)
step 54000  train 1.3203  eval 1.3633  pmax 8.2  (879s)
step 55000  train 1.3540  eval 1.3550  pmax 8.2  (894s)
step 56000  train 1.3685  eval 1.3553  pmax 8.3  (909s)
step 57000  train 1.3684  eval 1.3057  pmax 8.2  (924s)
step 58000  train 1.3329  eval 1.3429  pmax 8.3  (939s)
step 59000  train 1.3248  eval 1.3316  pmax 8.3  (954s)
step 60000  train 1.3448  eval 1.3407  pmax 8.3  (969s)
step 61000  train 1.3377  eval 1.2928  pmax 8.3  (984s)
step 62000  train 1.3506  eval 1.3114  pmax 8.3  (999s)
step 63000  train 1.3693  eval 1.3304  pmax 8.3  (1014s)
step 64000  train 1.3572  eval 1.3654  pmax 8.3  (1029s)
step 65000  train 1.3380  eval 1.3188  pmax 8.3  (1044s)
step 66000  train 1.3249  eval 1.3291  pmax 8.3  (1059s)
step 67000  train 1.3499  eval 1.3531  pmax 8.3  (1075s)
step 68000  train 1.3789  eval 1.3124  pmax 8.4  (1090s)
step 69000  train 1.3305  eval 1.3640  pmax 8.4  (1105s)
step 70000  train 1.3198  eval 1.3240  pmax 8.4  (1120s)
step 71000  train 1.3438  eval 1.3097  pmax 8.4  (1135s)
step 72000  train 1.3652  eval 1.3752  pmax 8.4  (1150s)
step 73000  train 1.3573  eval 1.3493  pmax 8.4  (1166s)
step 74000  train 1.3487  eval 1.3245  pmax 8.4  (1181s)
step 75000  train 1.3499  eval 1.3433  pmax 8.4  (1196s)
  [checkpoint + sample saved at step 75000]
step 76000  train 1.3490  eval 1.3053  pmax 8.4  (1213s)
step 77000  train 1.3423  eval 1.3194  pmax 8.4  (1228s)
step 78000  train 1.3261  eval 1.3077  pmax 8.4  (1243s)
step 79000  train 1.3001  eval 1.3639  pmax 8.4  (1259s)
step 80000  train 1.2977  eval 1.3774  pmax 8.4  (1274s)
step 81000  train 1.3410  eval 1.3168  pmax 8.4  (1289s)
step 82000  train 1.3362  eval 1.3272  pmax 8.4  (1305s)
step 83000  train 1.3393  eval 1.3670  pmax 8.4  (1320s)
step 84000  train 1.3697  eval 1.3345  pmax 8.4  (1334s)
step 85000  train 1.3690  eval 1.3267  pmax 8.4  (1350s)
step 86000  train 1.3511  eval 1.2916  pmax 8.4  (1365s)
step 87000  train 1.3354  eval 1.3345  pmax 8.4  (1380s)
step 88000  train 1.3507  eval 1.2964  pmax 8.4  (1395s)
step 89000  train 1.3160  eval 1.3502  pmax 8.4  (1410s)
step 90000  train 1.3280  eval 1.3656  pmax 8.4  (1426s)
step 91000  train 1.3919  eval 1.3346  pmax 8.4  (1440s)
step 92000  train 1.3484  eval 1.3196  pmax 8.4  (1455s)
step 93000  train 1.3363  eval 1.2843  pmax 8.4  (1470s)
step 94000  train 1.3601  eval 1.3470  pmax 8.4  (1486s)
step 95000  train 1.3122  eval 1.3447  pmax 8.4  (1501s)
step 96000  train 1.3322  eval 1.3495  pmax 8.4  (1516s)
step 97000  train 1.3379  eval 1.3215  pmax 8.4  (1531s)
step 98000  train 1.3646  eval 1.3075  pmax 8.4  (1546s)
step 99000  train 1.3270  eval 1.3382  pmax 8.4  (1561s)
  [checkpoint + sample saved at step 99000]
done. artifacts in /home/luke/Wavelet-State-KAN/checkpoints/mamba2_wikitext_100k_3ep_s123
