/home/luke/Wavelet-State-KAN/experiments/V1_train_tinystories_lm.py:107: UserWarning: The given buffer is not writable, and PyTorch does not support non-writable tensors. This means you can write to the underlying (supposedly non-writable) buffer using the tensor. You may want to copy the buffer to protect its data or make it writable before converting it to a tensor. This type of warning will be suppressed for the rest of this program. (Triggered internally at /__w/pytorch/pytorch/torch/csrc/utils/tensor_new.cpp:1556.)
  train_ids = torch.frombuffer(train_text.encode("utf-8", errors="ignore"), dtype=torch.uint8)
train bytes: 1,905,061,325  eval bytes: 405,730
model: mamba2  params: 2,774  device: cuda
step     1  train 5.5739  eval 5.5365  pmax 5.0  (1s)
step  1000  train 2.0220  eval 2.0272  pmax 3.8  (22s)
step  2000  train 1.9722  eval 1.9577  pmax 3.4  (43s)
step  3000  train 1.9477  eval 1.9313  pmax 3.4  (64s)
step  4000  train 1.9309  eval 1.9268  pmax 3.3  (84s)
step  5000  train 1.9465  eval 1.9257  pmax 3.3  (105s)
step  6000  train 1.9050  eval 1.9441  pmax 3.2  (125s)
step  7000  train 1.9207  eval 1.8813  pmax 3.4  (145s)
step  8000  train 1.9178  eval 1.9083  pmax 3.5  (166s)
step  9000  train 1.9172  eval 1.9081  pmax 3.6  (186s)
step 10000  train 1.8972  eval 1.8827  pmax 3.8  (207s)
step 11000  train 1.8974  eval 1.8987  pmax 3.9  (227s)
step 12000  train 1.8891  eval 1.8826  pmax 4.0  (247s)
step 13000  train 1.9066  eval 1.8642  pmax 4.0  (268s)
step 14000  train 1.9160  eval 1.8817  pmax 4.1  (288s)
step 15000  train 1.8644  eval 1.8698  pmax 4.2  (308s)
step 16000  train 1.8886  eval 1.8723  pmax 4.2  (329s)
step 17000  train 1.9385  eval 1.8821  pmax 4.3  (349s)
step 18000  train 1.8693  eval 1.8710  pmax 4.3  (370s)
step 19000  train 1.8886  eval 1.8836  pmax 4.4  (390s)
step 20000  train 1.8959  eval 1.8724  pmax 4.4  (411s)
step 21000  train 1.8944  eval 1.8630  pmax 4.4  (431s)
step 22000  train 1.8980  eval 1.8486  pmax 4.5  (452s)
step 23000  train 1.8780  eval 1.8712  pmax 4.5  (472s)
step 24000  train 1.9040  eval 1.8656  pmax 4.5  (492s)
step 25000  train 1.8867  eval 1.8775  pmax 4.5  (513s)
  [checkpoint + sample saved at step 25000]
step 26000  train 1.8804  eval 1.8794  pmax 4.6  (535s)
step 27000  train 1.8576  eval 1.8395  pmax 4.6  (555s)
step 28000  train 1.8985  eval 1.8694  pmax 4.6  (576s)
step 29000  train 1.9030  eval 1.8611  pmax 4.6  (596s)
step 30000  train 1.8717  eval 1.8788  pmax 4.6  (617s)
  [checkpoint + sample saved at step 30000]
done. artifacts in /home/luke/Wavelet-State-KAN/checkpoints/mamba2_tinystories_1k_3ep_s123
