/home/luke/Wavelet-State-KAN/experiments/V1_train_tinystories_lm.py:107: UserWarning: The given buffer is not writable, and PyTorch does not support non-writable tensors. This means you can write to the underlying (supposedly non-writable) buffer using the tensor. You may want to copy the buffer to protect its data or make it writable before converting it to a tensor. This type of warning will be suppressed for the rest of this program. (Triggered internally at /__w/pytorch/pytorch/torch/csrc/utils/tensor_new.cpp:1556.)
  train_ids = torch.frombuffer(train_text.encode("utf-8", errors="ignore"), dtype=torch.uint8)
train bytes: 542,898,247  eval bytes: 130,357
model: mamba2  params: 98,124  device: cuda
step     1  train 5.8415  eval 5.4020  pmax 6.8  (8s)
step  1000  train 1.5327  eval 1.5268  pmax 6.8  (23s)
step  2000  train 1.4630  eval 1.4681  pmax 6.9  (37s)
step  3000  train 1.4331  eval 1.4642  pmax 6.9  (53s)
step  4000  train 1.4309  eval 1.4591  pmax 7.0  (68s)
step  5000  train 1.3973  eval 1.4587  pmax 7.0  (83s)
step  6000  train 1.3918  eval 1.3656  pmax 7.1  (98s)
step  7000  train 1.4427  eval 1.3717  pmax 7.2  (113s)
step  8000  train 1.4293  eval 1.4069  pmax 7.3  (128s)
step  9000  train 1.4139  eval 1.4018  pmax 7.3  (144s)
step 10000  train 1.4302  eval 1.3403  pmax 7.4  (158s)
step 11000  train 1.3926  eval 1.3986  pmax 7.4  (173s)
step 12000  train 1.3727  eval 1.3818  pmax 7.5  (188s)
step 13000  train 1.4096  eval 1.4105  pmax 7.5  (204s)
step 14000  train 1.4123  eval 1.4126  pmax 7.5  (219s)
step 15000  train 1.3839  eval 1.3804  pmax 7.6  (234s)
step 16000  train 1.3696  eval 1.3649  pmax 7.6  (249s)
step 17000  train 1.4061  eval 1.3654  pmax 7.7  (264s)
step 18000  train 1.3709  eval 1.3659  pmax 7.7  (279s)
step 19000  train 1.3434  eval 1.3690  pmax 7.7  (294s)
step 20000  train 1.3855  eval 1.3264  pmax 7.8  (309s)
step 21000  train 1.3517  eval 1.3443  pmax 7.8  (324s)
step 22000  train 1.3605  eval 1.3705  pmax 7.8  (339s)
step 23000  train 1.3896  eval 1.3668  pmax 7.8  (354s)
step 24000  train 1.3973  eval 1.3779  pmax 7.9  (370s)
step 25000  train 1.3780  eval 1.3554  pmax 7.9  (385s)
  [checkpoint + sample saved at step 25000]
step 26000  train 1.4116  eval 1.3813  pmax 7.9  (403s)
step 27000  train 1.3779  eval 1.3719  pmax 8.0  (418s)
step 28000  train 1.3601  eval 1.3799  pmax 8.0  (433s)
step 29000  train 1.3657  eval 1.3252  pmax 8.0  (448s)
step 30000  train 1.3443  eval 1.3725  pmax 8.1  (463s)
step 31000  train 1.3583  eval 1.3807  pmax 8.1  (478s)
step 32000  train 1.3801  eval 1.3613  pmax 8.1  (493s)
step 33000  train 1.3334  eval 1.3590  pmax 8.1  (509s)
step 34000  train 1.3936  eval 1.3815  pmax 8.1  (524s)
step 35000  train 1.3488  eval 1.3281  pmax 8.2  (539s)
step 36000  train 1.3642  eval 1.3807  pmax 8.2  (554s)
step 37000  train 1.3494  eval 1.3418  pmax 8.2  (569s)
step 38000  train 1.3502  eval 1.3607  pmax 8.2  (585s)
step 39000  train 1.3627  eval 1.3357  pmax 8.3  (600s)
step 40000  train 1.3965  eval 1.3207  pmax 8.3  (616s)
step 41000  train 1.3403  eval 1.3432  pmax 8.3  (630s)
step 42000  train 1.3734  eval 1.3305  pmax 8.3  (645s)
step 43000  train 1.3471  eval 1.3823  pmax 8.3  (660s)
step 44000  train 1.3455  eval 1.3179  pmax 8.4  (675s)
step 45000  train 1.3679  eval 1.3185  pmax 8.4  (690s)
step 46000  train 1.3486  eval 1.3603  pmax 8.4  (705s)
step 47000  train 1.3244  eval 1.3199  pmax 8.4  (720s)
step 48000  train 1.3472  eval 1.3497  pmax 8.4  (736s)
step 49000  train 1.3345  eval 1.3429  pmax 8.4  (751s)
step 50000  train 1.3466  eval 1.3124  pmax 8.5  (767s)
  [checkpoint + sample saved at step 50000]
step 51000  train 1.3636  eval 1.3557  pmax 8.5  (786s)
step 52000  train 1.3705  eval 1.3618  pmax 8.5  (800s)
step 53000  train 1.3490  eval 1.3407  pmax 8.5  (816s)
step 54000  train 1.3653  eval 1.2970  pmax 8.5  (831s)
step 55000  train 1.3224  eval 1.3800  pmax 8.5  (845s)
step 56000  train 1.3527  eval 1.3668  pmax 8.5  (861s)
step 57000  train 1.3687  eval 1.3497  pmax 8.6  (876s)
step 58000  train 1.3252  eval 1.3678  pmax 8.6  (892s)
step 59000  train 1.3322  eval 1.3363  pmax 8.6  (907s)
step 60000  train 1.3311  eval 1.3332  pmax 8.6  (922s)
step 61000  train 1.3538  eval 1.3687  pmax 8.6  (937s)
step 62000  train 1.3424  eval 1.3539  pmax 8.6  (953s)
step 63000  train 1.3231  eval 1.2978  pmax 8.6  (968s)
step 64000  train 1.3540  eval 1.3657  pmax 8.6  (983s)
step 65000  train 1.3200  eval 1.3175  pmax 8.6  (998s)
step 66000  train 1.3631  eval 1.3348  pmax 8.6  (1014s)
step 67000  train 1.3380  eval 1.3641  pmax 8.6  (1029s)
step 68000  train 1.3847  eval 1.3191  pmax 8.6  (1044s)
step 69000  train 1.3474  eval 1.3210  pmax 8.7  (1059s)
step 70000  train 1.3684  eval 1.3433  pmax 8.7  (1074s)
step 71000  train 1.3357  eval 1.3264  pmax 8.7  (1090s)
step 72000  train 1.3376  eval 1.3626  pmax 8.7  (1105s)
step 73000  train 1.2823  eval 1.3001  pmax 8.7  (1120s)
step 74000  train 1.3379  eval 1.3343  pmax 8.7  (1135s)
step 75000  train 1.3538  eval 1.3699  pmax 8.7  (1150s)
  [checkpoint + sample saved at step 75000]
step 76000  train 1.3364  eval 1.3260  pmax 8.7  (1167s)
step 77000  train 1.3629  eval 1.3476  pmax 8.7  (1182s)
step 78000  train 1.3293  eval 1.3490  pmax 8.7  (1198s)
step 79000  train 1.3249  eval 1.3466  pmax 8.7  (1213s)
step 80000  train 1.3560  eval 1.3433  pmax 8.7  (1229s)
step 81000  train 1.3676  eval 1.2958  pmax 8.7  (1243s)
step 82000  train 1.3496  eval 1.3109  pmax 8.7  (1259s)
step 83000  train 1.3557  eval 1.3149  pmax 8.7  (1274s)
step 84000  train 1.3640  eval 1.3212  pmax 8.7  (1288s)
step 85000  train 1.2954  eval 1.3427  pmax 8.7  (1303s)
step 86000  train 1.3097  eval 1.3354  pmax 8.7  (1318s)
step 87000  train 1.3570  eval 1.2995  pmax 8.7  (1334s)
step 88000  train 1.3613  eval 1.3203  pmax 8.7  (1349s)
step 89000  train 1.3228  eval 1.3628  pmax 8.7  (1364s)
step 90000  train 1.3458  eval 1.3690  pmax 8.7  (1380s)
step 91000  train 1.3619  eval 1.3322  pmax 8.7  (1395s)
step 92000  train 1.3150  eval 1.3309  pmax 8.7  (1411s)
step 93000  train 1.3216  eval 1.2888  pmax 8.7  (1425s)
step 94000  train 1.3316  eval 1.3591  pmax 8.7  (1441s)
step 95000  train 1.3165  eval 1.3347  pmax 8.7  (1456s)
step 96000  train 1.3460  eval 1.3411  pmax 8.7  (1471s)
step 97000  train 1.3124  eval 1.3080  pmax 8.7  (1486s)
step 98000  train 1.2993  eval 1.3128  pmax 8.7  (1501s)
step 99000  train 1.3212  eval 1.3342  pmax 8.7  (1517s)
  [checkpoint + sample saved at step 99000]
done. artifacts in /home/luke/Wavelet-State-KAN/checkpoints/mamba2_wikitext_100k_3ep_s2024
