/home/luke/Wavelet-State-KAN/experiments/V1_train_tinystories_lm.py:107: UserWarning: The given buffer is not writable, and PyTorch does not support non-writable tensors. This means you can write to the underlying (supposedly non-writable) buffer using the tensor. You may want to copy the buffer to protect its data or make it writable before converting it to a tensor. This type of warning will be suppressed for the rest of this program. (Triggered internally at /__w/pytorch/pytorch/torch/csrc/utils/tensor_new.cpp:1556.)
  train_ids = torch.frombuffer(train_text.encode("utf-8", errors="ignore"), dtype=torch.uint8)
train bytes: 1,905,061,325  eval bytes: 405,730
model: mamba2  params: 10,466  device: cuda
step     1  train 5.6496  eval 5.5689  pmax 6.6  (1s)
step  1000  train 1.4724  eval 1.4775  pmax 7.2  (46s)
step  2000  train 1.4428  eval 1.4064  pmax 7.6  (92s)
step  3000  train 1.4095  eval 1.3711  pmax 8.0  (137s)
step  4000  train 1.4503  eval 1.3310  pmax 8.3  (181s)
step  5000  train 1.3660  eval 1.3668  pmax 8.6  (224s)
step  6000  train 1.3576  eval 1.3003  pmax 8.7  (269s)
step  7000  train 1.3267  eval 1.2920  pmax 8.6  (312s)
step  8000  train 1.3766  eval 1.3266  pmax 8.5  (356s)
step  9000  train 1.3582  eval 1.3008  pmax 8.6  (400s)
step 10000  train 1.3712  eval 1.3234  pmax 8.7  (445s)
step 11000  train 1.3497  eval 1.3154  pmax 8.8  (486s)
step 12000  train 1.3624  eval 1.3574  pmax 8.9  (532s)
step 13000  train 1.3548  eval 1.2843  pmax 9.0  (577s)
step 14000  train 1.3133  eval 1.3252  pmax 9.1  (621s)
step 15000  train 1.3546  eval 1.3112  pmax 9.2  (667s)
step 16000  train 1.3412  eval 1.2948  pmax 9.2  (713s)
step 17000  train 1.3467  eval 1.3112  pmax 9.3  (759s)
step 18000  train 1.3327  eval 1.3050  pmax 9.3  (805s)
step 19000  train 1.3765  eval 1.2860  pmax 9.4  (849s)
step 20000  train 1.3463  eval 1.3309  pmax 9.4  (894s)
step 21000  train 1.3832  eval 1.3278  pmax 9.5  (940s)
step 22000  train 1.3522  eval 1.2767  pmax 9.5  (984s)
step 23000  train 1.3378  eval 1.2836  pmax 9.5  (1029s)
step 24000  train 1.3570  eval 1.2710  pmax 9.6  (1072s)
step 25000  train 1.3613  eval 1.2803  pmax 9.6  (1116s)
  [checkpoint + sample saved at step 25000]
step 26000  train 1.3441  eval 1.3012  pmax 9.7  (1162s)
step 27000  train 1.3615  eval 1.2858  pmax 9.7  (1206s)
step 28000  train 1.3578  eval 1.2804  pmax 9.8  (1249s)
step 29000  train 1.3398  eval 1.2894  pmax 9.8  (1292s)
step 30000  train 1.3523  eval 1.3033  pmax 9.8  (1337s)
step 31000  train 1.3384  eval 1.2735  pmax 9.9  (1380s)
step 32000  train 1.3404  eval 1.2641  pmax 9.9  (1424s)
step 33000  train 1.3127  eval 1.2920  pmax 9.9  (1469s)
step 34000  train 1.3545  eval 1.3226  pmax 10.0  (1511s)
step 35000  train 1.3059  eval 1.2728  pmax 10.0  (1556s)
step 36000  train 1.3395  eval 1.2918  pmax 10.1  (1600s)
step 37000  train 1.3301  eval 1.3054  pmax 10.1  (1647s)
step 38000  train 1.3292  eval 1.2867  pmax 10.1  (1691s)
step 39000  train 1.3152  eval 1.2851  pmax 10.2  (1736s)
step 40000  train 1.2869  eval 1.2842  pmax 10.2  (1779s)
step 41000  train 1.3322  eval 1.2930  pmax 10.2  (1823s)
step 42000  train 1.3075  eval 1.2494  pmax 10.2  (1867s)
step 43000  train 1.3310  eval 1.2618  pmax 10.3  (1912s)
step 44000  train 1.2902  eval 1.2495  pmax 10.3  (1955s)
step 45000  train 1.3429  eval 1.3034  pmax 10.3  (1999s)
step 46000  train 1.3053  eval 1.2617  pmax 10.3  (2044s)
step 47000  train 1.3010  eval 1.2699  pmax 10.3  (2090s)
step 48000  train 1.3302  eval 1.3310  pmax 10.3  (2137s)
step 49000  train 1.3431  eval 1.2581  pmax 10.3  (2182s)
step 50000  train 1.3259  eval 1.2663  pmax 10.3  (2225s)
  [checkpoint + sample saved at step 50000]
step 51000  train 1.2953  eval 1.2526  pmax 10.3  (2268s)
step 52000  train 1.3292  eval 1.3120  pmax 10.4  (2310s)
step 53000  train 1.3392  eval 1.2324  pmax 10.4  (2356s)
step 54000  train 1.3052  eval 1.2745  pmax 10.4  (2402s)
step 55000  train 1.3401  eval 1.2565  pmax 10.4  (2446s)
step 56000  train 1.2800  eval 1.2353  pmax 10.4  (2490s)
step 57000  train 1.3444  eval 1.2816  pmax 10.4  (2536s)
step 58000  train 1.3088  eval 1.2770  pmax 10.4  (2582s)
step 59000  train 1.3372  eval 1.2757  pmax 10.4  (2625s)
step 60000  train 1.3222  eval 1.3095  pmax 10.4  (2669s)
  [checkpoint + sample saved at step 60000]
done. artifacts in /home/luke/Wavelet-State-KAN/checkpoints/mamba2_tinystories_10k_3ep_s2024
