/home/luke/Wavelet-State-KAN/experiments/V1_train_tinystories_lm.py:107: UserWarning: The given buffer is not writable, and PyTorch does not support non-writable tensors. This means you can write to the underlying (supposedly non-writable) buffer using the tensor. You may want to copy the buffer to protect its data or make it writable before converting it to a tensor. This type of warning will be suppressed for the rest of this program. (Triggered internally at /__w/pytorch/pytorch/torch/csrc/utils/tensor_new.cpp:1556.)
  train_ids = torch.frombuffer(train_text.encode("utf-8", errors="ignore"), dtype=torch.uint8)
train bytes: 1,195,926,439  eval bytes: 2,859,070
model: tf  params: 109,040  device: cuda
W0922 05:53:20.434000 2456264 .venv/lib/python3.12/site-packages/torch/_inductor/utils.py:1806] [0/0] Not enough SMs to use max_autotune_gemm mode
step     1  train 5.5697  eval 5.4552  pmax 1.0  (22s)
step  1000  train 1.9246  eval 1.9520  pmax 2.2  (38s)
step  2000  train 1.6340  eval 1.6463  pmax 2.4  (55s)
step  3000  train 1.6040  eval 1.5655  pmax 2.5  (71s)
step  4000  train 1.5389  eval 1.5906  pmax 2.6  (88s)
step  5000  train 1.4915  eval 1.4553  pmax 2.7  (104s)
step  6000  train 1.4821  eval 1.5253  pmax 2.8  (121s)
step  7000  train 1.4686  eval 1.4519  pmax 3.0  (137s)
step  8000  train 1.4882  eval 1.4432  pmax 3.3  (154s)
step  9000  train 1.4682  eval 1.4955  pmax 3.5  (170s)
step 10000  train 1.5075  eval 1.5383  pmax 3.7  (187s)
step 11000  train 1.4237  eval 1.4083  pmax 3.9  (203s)
step 12000  train 1.4472  eval 1.4603  pmax 4.1  (220s)
step 13000  train 1.4151  eval 1.3966  pmax 4.2  (236s)
step 14000  train 1.4250  eval 1.4288  pmax 4.4  (253s)
step 15000  train 1.4587  eval 1.3772  pmax 4.5  (269s)
step 16000  train 1.4018  eval 1.4652  pmax 4.7  (286s)
step 17000  train 1.3663  eval 1.3949  pmax 4.8  (302s)
step 18000  train 1.4244  eval 1.3750  pmax 4.9  (319s)
step 19000  train 1.4468  eval 1.4168  pmax 5.0  (335s)
step 20000  train 1.3908  eval 1.4681  pmax 5.1  (352s)
step 21000  train 1.4257  eval 1.4458  pmax 5.2  (368s)
step 22000  train 1.4341  eval 1.4360  pmax 5.3  (385s)
step 23000  train 1.4493  eval 1.3671  pmax 5.3  (401s)
step 24000  train 1.3818  eval 1.3677  pmax 5.4  (418s)
step 25000  train 1.4106  eval 1.3768  pmax 5.6  (434s)
  [checkpoint + sample saved at step 25000]
step 26000  train 1.3516  eval 1.4008  pmax 5.8  (451s)
step 27000  train 1.4050  eval 1.3908  pmax 5.9  (468s)
step 28000  train 1.4011  eval 1.4068  pmax 6.1  (484s)
step 29000  train 1.3498  eval 1.3729  pmax 6.3  (500s)
step 30000  train 1.4085  eval 1.3797  pmax 6.5  (517s)
step 31000  train 1.3755  eval 1.4258  pmax 6.6  (533s)
step 32000  train 1.3962  eval 1.4140  pmax 6.8  (550s)
step 33000  train 1.4150  eval 1.4229  pmax 6.9  (566s)
step 34000  train 1.4140  eval 1.3896  pmax 7.1  (583s)
step 35000  train 1.3909  eval 1.3976  pmax 7.2  (599s)
step 36000  train 1.4050  eval 1.3981  pmax 7.4  (615s)
step 37000  train 1.3665  eval 1.4091  pmax 7.5  (632s)
step 38000  train 1.3250  eval 1.4178  pmax 7.6  (649s)
step 39000  train 1.3706  eval 1.3772  pmax 7.7  (665s)
step 40000  train 1.3787  eval 1.3533  pmax 7.9  (681s)
step 41000  train 1.3489  eval 1.3681  pmax 8.0  (698s)
step 42000  train 1.3768  eval 1.3947  pmax 8.1  (714s)
step 43000  train 1.3808  eval 1.3503  pmax 8.2  (731s)
step 44000  train 1.3771  eval 1.3377  pmax 8.3  (747s)
step 45000  train 1.3469  eval 1.3632  pmax 8.4  (763s)
step 46000  train 1.3569  eval 1.3575  pmax 8.5  (780s)
step 47000  train 1.3291  eval 1.3731  pmax 8.6  (796s)
step 48000  train 1.3775  eval 1.3896  pmax 8.7  (812s)
step 49000  train 1.3795  eval 1.4126  pmax 8.8  (829s)
step 50000  train 1.4237  eval 1.3987  pmax 8.9  (845s)
  [checkpoint + sample saved at step 50000]
step 51000  train 1.3776  eval 1.4017  pmax 9.0  (862s)
step 52000  train 1.3215  eval 1.3816  pmax 9.1  (879s)
step 53000  train 1.3325  eval 1.3560  pmax 9.2  (895s)
step 54000  train 1.3154  eval 1.3738  pmax 9.3  (912s)
step 55000  train 1.3623  eval 1.3879  pmax 9.3  (928s)
step 56000  train 1.3653  eval 1.3206  pmax 9.4  (944s)
step 57000  train 1.3314  eval 1.3359  pmax 9.5  (961s)
step 58000  train 1.3767  eval 1.3159  pmax 9.5  (977s)
step 59000  train 1.3424  eval 1.3498  pmax 9.6  (994s)
step 60000  train 1.3643  eval 1.3119  pmax 9.6  (1010s)
step 61000  train 1.3085  eval 1.3087  pmax 9.7  (1027s)
step 62000  train 1.3585  eval 1.3758  pmax 9.7  (1043s)
step 63000  train 1.3781  eval 1.4113  pmax 9.8  (1060s)
step 64000  train 1.3710  eval 1.3667  pmax 9.8  (1076s)
step 65000  train 1.3453  eval 1.3684  pmax 9.9  (1092s)
step 66000  train 1.3612  eval 1.2971  pmax 9.9  (1109s)
step 67000  train 1.3408  eval 1.3538  pmax 9.9  (1125s)
step 68000  train 1.3897  eval 1.3414  pmax 10.0  (1142s)
step 69000  train 1.3258  eval 1.3950  pmax 10.0  (1158s)
step 70000  train 1.3376  eval 1.3778  pmax 10.0  (1175s)
step 71000  train 1.3464  eval 1.3639  pmax 10.1  (1191s)
step 72000  train 1.3433  eval 1.3543  pmax 10.1  (1208s)
step 73000  train 1.3888  eval 1.3315  pmax 10.1  (1224s)
step 74000  train 1.3539  eval 1.3465  pmax 10.1  (1241s)
step 75000  train 1.3291  eval 1.3435  pmax 10.2  (1257s)
  [checkpoint + sample saved at step 75000]
step 76000  train 1.3458  eval 1.3271  pmax 10.2  (1274s)
step 77000  train 1.3748  eval 1.3586  pmax 10.2  (1290s)
step 78000  train 1.3172  eval 1.3681  pmax 10.2  (1307s)
step 79000  train 1.3622  eval 1.3393  pmax 10.2  (1323s)
step 80000  train 1.3444  eval 1.3104  pmax 10.2  (1339s)
step 81000  train 1.2867  eval 1.3352  pmax 10.2  (1356s)
step 82000  train 1.3276  eval 1.3205  pmax 10.2  (1372s)
step 83000  train 1.3005  eval 1.3344  pmax 10.2  (1389s)
step 84000  train 1.2963  eval 1.3331  pmax 10.3  (1405s)
step 85000  train 1.3179  eval 1.2975  pmax 10.3  (1422s)
step 86000  train 1.3494  eval 1.3663  pmax 10.3  (1438s)
step 87000  train 1.3134  eval 1.2881  pmax 10.3  (1454s)
step 88000  train 1.4368  eval 1.3154  pmax 10.3  (1471s)
step 89000  train 1.3415  eval 1.2987  pmax 10.3  (1487s)
step 90000  train 1.2611  eval 1.3338  pmax 10.3  (1504s)
step 91000  train 1.3157  eval 1.3435  pmax 10.3  (1520s)
step 92000  train 1.3458  eval 1.3337  pmax 10.3  (1537s)
step 93000  train 1.3475  eval 1.3222  pmax 10.3  (1554s)
step 94000  train 1.3086  eval 1.3260  pmax 10.3  (1570s)
step 95000  train 1.3614  eval 1.3810  pmax 10.3  (1586s)
step 96000  train 1.3692  eval 1.3096  pmax 10.3  (1603s)
step 97000  train 1.3059  eval 1.3235  pmax 10.3  (1619s)
step 98000  train 1.3510  eval 1.3029  pmax 10.3  (1635s)
step 99000  train 1.3701  eval 1.3123  pmax 10.3  (1652s)
step 100000  train 1.3151  eval 1.3269  pmax 10.3  (1668s)
  [checkpoint + sample saved at step 100000]
step 101000  train 1.2530  eval 1.2962  pmax 10.3  (1685s)
step 102000  train 1.3783  eval 1.3624  pmax 10.3  (1702s)
step 103000  train 1.3622  eval 1.3018  pmax 10.3  (1718s)
step 104000  train 1.3269  eval 1.3370  pmax 10.3  (1735s)
step 105000  train 1.3669  eval 1.3334  pmax 10.3  (1751s)
step 106000  train 1.3105  eval 1.3309  pmax 10.3  (1768s)
step 107000  train 1.2729  eval 1.2797  pmax 10.3  (1784s)
step 108000  train 1.3210  eval 1.3071  pmax 10.3  (1801s)
  [checkpoint + sample saved at step 108000]
done. artifacts in /home/luke/Wavelet-State-KAN/checkpoints/tf_ultrachat_100k_3ep_s123
