/home/luke/Wavelet-State-KAN/experiments/V1_train_tinystories_lm.py:107: UserWarning: The given buffer is not writable, and PyTorch does not support non-writable tensors. This means you can write to the underlying (supposedly non-writable) buffer using the tensor. You may want to copy the buffer to protect its data or make it writable before converting it to a tensor. This type of warning will be suppressed for the rest of this program. (Triggered internally at /__w/pytorch/pytorch/torch/csrc/utils/tensor_new.cpp:1556.)
  train_ids = torch.frombuffer(train_text.encode("utf-8", errors="ignore"), dtype=torch.uint8)
train bytes: 1,905,061,325  eval bytes: 405,730
model: tf  params: 2,284  device: cuda
step     1  train 5.5565  eval 5.5459  pmax 1.0  (1s)
step  1000  train 2.6033  eval 2.6180  pmax 2.1  (10s)
step  2000  train 2.6067  eval 2.6024  pmax 2.4  (20s)
step  3000  train 2.5889  eval 2.5905  pmax 3.1  (30s)
step  4000  train 2.5507  eval 2.5906  pmax 3.5  (40s)
step  5000  train 2.5204  eval 2.5738  pmax 3.7  (49s)
step  6000  train 2.5425  eval 2.5522  pmax 4.6  (59s)
step  7000  train 2.5263  eval 2.5229  pmax 5.3  (69s)
step  8000  train 2.5325  eval 2.5205  pmax 6.0  (78s)
step  9000  train 2.5258  eval 2.5085  pmax 6.3  (88s)
step 10000  train 2.5124  eval 2.5296  pmax 6.5  (97s)
step 11000  train 2.4972  eval 2.5000  pmax 6.4  (107s)
step 12000  train 2.4792  eval 2.4829  pmax 6.5  (116s)
step 13000  train 2.4994  eval 2.4876  pmax 6.6  (126s)
step 14000  train 2.4824  eval 2.4899  pmax 6.6  (135s)
step 15000  train 2.4920  eval 2.4973  pmax 6.7  (144s)
step 16000  train 2.4935  eval 2.4897  pmax 6.8  (154s)
step 17000  train 2.4944  eval 2.4632  pmax 7.0  (163s)
step 18000  train 2.4675  eval 2.4676  pmax 7.2  (171s)
step 19000  train 2.4906  eval 2.4862  pmax 7.4  (181s)
step 20000  train 2.4859  eval 2.4975  pmax 7.6  (190s)
step 21000  train 2.4823  eval 2.4742  pmax 7.8  (199s)
step 22000  train 2.4872  eval 2.4739  pmax 7.9  (208s)
step 23000  train 2.4612  eval 2.4992  pmax 8.0  (217s)
step 24000  train 2.4781  eval 2.4914  pmax 8.1  (226s)
step 25000  train 2.4733  eval 2.4783  pmax 8.1  (234s)
  [checkpoint + sample saved at step 25000]
step 26000  train 2.4762  eval 2.4611  pmax 8.2  (244s)
step 27000  train 2.4570  eval 2.4793  pmax 8.2  (253s)
step 28000  train 2.4948  eval 2.4688  pmax 8.2  (261s)
step 29000  train 2.4754  eval 2.4817  pmax 8.2  (270s)
step 30000  train 2.4807  eval 2.4801  pmax 8.2  (279s)
  [checkpoint + sample saved at step 30000]
done. artifacts in /home/luke/Wavelet-State-KAN/checkpoints/tf_tinystories_1k_3ep_s42
