/home/luke/Wavelet-State-KAN/experiments/V1_train_tinystories_lm.py:107: UserWarning: The given buffer is not writable, and PyTorch does not support non-writable tensors. This means you can write to the underlying (supposedly non-writable) buffer using the tensor. You may want to copy the buffer to protect its data or make it writable before converting it to a tensor. This type of warning will be suppressed for the rest of this program. (Triggered internally at /__w/pytorch/pytorch/torch/csrc/utils/tensor_new.cpp:1556.)
  train_ids = torch.frombuffer(train_text.encode("utf-8", errors="ignore"), dtype=torch.uint8)
train bytes: 1,905,061,325  eval bytes: 405,730
model: tf  params: 98,800  device: cuda
step     1  train 5.5225  eval 5.4821  pmax 1.0  (5s)
step  1000  train 1.3461  eval 1.3161  pmax 2.2  (19s)
step  2000  train 1.2254  eval 1.1531  pmax 2.5  (33s)
step  3000  train 1.1785  eval 1.1241  pmax 2.5  (48s)
step  4000  train 1.1603  eval 1.0848  pmax 2.5  (62s)
step  5000  train 1.1460  eval 1.0425  pmax 2.5  (77s)
step  6000  train 1.1076  eval 1.0729  pmax 2.5  (91s)
step  7000  train 1.0986  eval 1.0185  pmax 2.5  (105s)
step  8000  train 1.0587  eval 1.0386  pmax 2.5  (120s)
step  9000  train 1.0970  eval 1.0661  pmax 2.5  (134s)
step 10000  train 1.0802  eval 1.0462  pmax 2.5  (148s)
step 11000  train 1.0718  eval 1.0621  pmax 2.5  (162s)
step 12000  train 1.0828  eval 1.0582  pmax 2.5  (176s)
step 13000  train 1.0557  eval 0.9715  pmax 2.6  (190s)
step 14000  train 1.0561  eval 1.0303  pmax 2.7  (205s)
step 15000  train 1.0255  eval 0.9582  pmax 2.8  (219s)
step 16000  train 1.0375  eval 0.9874  pmax 2.9  (233s)
step 17000  train 1.0553  eval 1.0072  pmax 3.0  (247s)
step 18000  train 1.0297  eval 0.9895  pmax 3.1  (261s)
step 19000  train 1.0235  eval 0.9876  pmax 3.1  (275s)
step 20000  train 1.0457  eval 1.0051  pmax 3.3  (289s)
step 21000  train 1.0432  eval 0.9703  pmax 3.4  (304s)
step 22000  train 1.0189  eval 0.9745  pmax 3.5  (318s)
step 23000  train 1.0389  eval 0.9705  pmax 3.5  (333s)
step 24000  train 1.0212  eval 0.9738  pmax 3.6  (347s)
step 25000  train 1.0403  eval 0.9740  pmax 3.6  (361s)
  [checkpoint + sample saved at step 25000]
step 26000  train 1.0298  eval 0.9960  pmax 3.8  (376s)
step 27000  train 0.9865  eval 0.9401  pmax 3.9  (390s)
step 28000  train 1.0073  eval 0.9806  pmax 4.0  (404s)
step 29000  train 1.0177  eval 0.9583  pmax 4.1  (419s)
step 30000  train 0.9894  eval 0.9448  pmax 4.3  (433s)
step 31000  train 1.0356  eval 0.9641  pmax 4.4  (447s)
step 32000  train 1.0264  eval 0.9637  pmax 4.5  (461s)
step 33000  train 1.0041  eval 0.9923  pmax 4.6  (475s)
step 34000  train 0.9939  eval 0.9382  pmax 4.7  (489s)
step 35000  train 1.0015  eval 0.9926  pmax 4.9  (503s)
step 36000  train 1.0148  eval 0.9551  pmax 5.0  (518s)
step 37000  train 1.0205  eval 0.9628  pmax 5.1  (532s)
step 38000  train 0.9944  eval 0.9719  pmax 5.2  (546s)
step 39000  train 1.0173  eval 0.9128  pmax 5.3  (560s)
step 40000  train 0.9956  eval 1.0077  pmax 5.4  (574s)
step 41000  train 1.0160  eval 0.9510  pmax 5.5  (588s)
step 42000  train 0.9745  eval 0.9548  pmax 5.6  (602s)
step 43000  train 1.0002  eval 0.9494  pmax 5.7  (616s)
step 44000  train 1.0113  eval 0.9236  pmax 5.8  (631s)
step 45000  train 1.0140  eval 0.9151  pmax 5.9  (645s)
step 46000  train 1.0016  eval 0.9566  pmax 6.0  (659s)
step 47000  train 0.9941  eval 0.9274  pmax 6.1  (673s)
step 48000  train 1.0263  eval 0.9607  pmax 6.1  (687s)
step 49000  train 1.0074  eval 0.9367  pmax 6.2  (701s)
step 50000  train 1.0002  eval 0.9669  pmax 6.3  (715s)
  [checkpoint + sample saved at step 50000]
step 51000  train 0.9805  eval 0.9479  pmax 6.4  (730s)
step 52000  train 0.9824  eval 0.9052  pmax 6.5  (744s)
step 53000  train 1.0042  eval 0.9617  pmax 6.6  (758s)
step 54000  train 0.9985  eval 0.9768  pmax 6.7  (772s)
step 55000  train 1.0238  eval 0.9540  pmax 6.7  (786s)
step 56000  train 0.9946  eval 0.9466  pmax 6.8  (801s)
step 57000  train 1.0156  eval 0.9596  pmax 6.9  (815s)
step 58000  train 0.9961  eval 0.9325  pmax 7.0  (829s)
step 59000  train 1.0292  eval 0.9635  pmax 7.1  (843s)
step 60000  train 0.9830  eval 0.9496  pmax 7.1  (857s)
step 61000  train 0.9547  eval 0.9318  pmax 7.2  (872s)
step 62000  train 0.9861  eval 0.9202  pmax 7.3  (886s)
step 63000  train 0.9978  eval 0.9575  pmax 7.4  (900s)
step 64000  train 0.9910  eval 1.0035  pmax 7.4  (914s)
step 65000  train 0.9979  eval 0.9387  pmax 7.5  (928s)
step 66000  train 0.9919  eval 0.9136  pmax 7.6  (943s)
step 67000  train 1.0295  eval 0.9661  pmax 7.6  (957s)
step 68000  train 1.0090  eval 0.9137  pmax 7.7  (971s)
step 69000  train 0.9705  eval 0.9395  pmax 7.8  (985s)
step 70000  train 1.0245  eval 0.9476  pmax 7.8  (999s)
step 71000  train 1.0044  eval 0.9257  pmax 7.9  (1013s)
step 72000  train 0.9513  eval 0.9473  pmax 8.0  (1027s)
step 73000  train 0.9780  eval 0.9469  pmax 8.0  (1041s)
step 74000  train 0.9679  eval 0.9413  pmax 8.1  (1055s)
step 75000  train 0.9843  eval 0.9435  pmax 8.2  (1070s)
  [checkpoint + sample saved at step 75000]
step 76000  train 0.9891  eval 0.9040  pmax 8.2  (1085s)
step 77000  train 0.9973  eval 0.9330  pmax 8.3  (1099s)
step 78000  train 0.9889  eval 0.8984  pmax 8.4  (1113s)
step 79000  train 1.0185  eval 0.9459  pmax 8.4  (1127s)
step 80000  train 0.9757  eval 0.8996  pmax 8.5  (1141s)
step 81000  train 0.9650  eval 0.9175  pmax 8.5  (1155s)
step 82000  train 0.9888  eval 0.9501  pmax 8.6  (1170s)
step 83000  train 0.9815  eval 0.9010  pmax 8.6  (1184s)
step 84000  train 0.9748  eval 0.9112  pmax 8.7  (1198s)
step 85000  train 0.9659  eval 0.8976  pmax 8.8  (1212s)
step 86000  train 0.9663  eval 0.9307  pmax 8.8  (1226s)
step 87000  train 0.9729  eval 0.9326  pmax 8.9  (1240s)
step 88000  train 0.9897  eval 0.9380  pmax 8.9  (1254s)
step 89000  train 0.9798  eval 0.9174  pmax 9.0  (1269s)
step 90000  train 0.9480  eval 0.9144  pmax 9.0  (1283s)
step 91000  train 0.9333  eval 0.9085  pmax 9.1  (1297s)
step 92000  train 0.9642  eval 0.9090  pmax 9.1  (1312s)
step 93000  train 0.9636  eval 0.9607  pmax 9.2  (1326s)
step 94000  train 0.9843  eval 0.9149  pmax 9.2  (1340s)
step 95000  train 0.9679  eval 0.9700  pmax 9.3  (1354s)
step 96000  train 0.9422  eval 0.9142  pmax 9.3  (1368s)
step 97000  train 0.9753  eval 0.8928  pmax 9.4  (1383s)
step 98000  train 0.9784  eval 0.9004  pmax 9.4  (1397s)
step 99000  train 0.9773  eval 0.9285  pmax 9.5  (1411s)
step 100000  train 0.9678  eval 0.9293  pmax 9.5  (1425s)
  [checkpoint + sample saved at step 100000]
step 101000  train 0.9870  eval 0.9091  pmax 9.5  (1440s)
step 102000  train 0.9523  eval 0.8936  pmax 9.6  (1454s)
step 103000  train 0.9742  eval 0.9618  pmax 9.6  (1468s)
step 104000  train 0.9630  eval 0.9020  pmax 9.7  (1482s)
step 105000  train 0.9987  eval 0.9096  pmax 9.7  (1497s)
step 106000  train 0.9693  eval 0.9428  pmax 9.7  (1511s)
step 107000  train 0.9672  eval 0.9129  pmax 9.8  (1525s)
step 108000  train 0.9531  eval 0.9216  pmax 9.8  (1539s)
step 109000  train 0.9762  eval 0.9092  pmax 9.9  (1554s)
step 110000  train 0.9324  eval 0.9302  pmax 9.9  (1568s)
step 111000  train 0.9741  eval 0.9266  pmax 9.9  (1581s)
step 112000  train 0.9633  eval 0.9314  pmax 10.0  (1595s)
step 113000  train 0.9817  eval 0.9229  pmax 10.0  (1609s)
step 114000  train 0.9713  eval 0.9180  pmax 10.0  (1624s)
step 115000  train 0.9732  eval 0.9168  pmax 10.1  (1638s)
step 116000  train 0.9708  eval 0.9064  pmax 10.1  (1652s)
step 117000  train 0.9683  eval 0.9039  pmax 10.1  (1666s)
step 118000  train 0.9469  eval 0.9116  pmax 10.2  (1681s)
step 119000  train 0.9933  eval 0.9582  pmax 10.2  (1695s)
step 120000  train 0.9954  eval 0.9093  pmax 10.2  (1709s)
step 121000  train 0.9637  eval 0.9220  pmax 10.3  (1723s)
step 122000  train 0.9644  eval 0.8755  pmax 10.3  (1737s)
step 123000  train 0.9586  eval 0.8955  pmax 10.3  (1752s)
step 124000  train 0.9390  eval 0.9023  pmax 10.4  (1766s)
step 125000  train 0.9544  eval 0.9090  pmax 10.4  (1780s)
  [checkpoint + sample saved at step 125000]
step 126000  train 1.0013  eval 0.8907  pmax 10.4  (1795s)
step 127000  train 0.9456  eval 0.8891  pmax 10.5  (1809s)
step 128000  train 0.9767  eval 0.9022  pmax 10.5  (1823s)
step 129000  train 0.9536  eval 0.9325  pmax 10.5  (1837s)
step 130000  train 0.9968  eval 0.9415  pmax 10.5  (1851s)
step 131000  train 0.9595  eval 0.9106  pmax 10.6  (1865s)
step 132000  train 0.9664  eval 0.8878  pmax 10.6  (1879s)
step 133000  train 0.9568  eval 0.9037  pmax 10.6  (1894s)
step 134000  train 0.9394  eval 0.8935  pmax 10.6  (1908s)
step 135000  train 0.9738  eval 0.9183  pmax 10.7  (1922s)
step 136000  train 0.9751  eval 0.9238  pmax 10.7  (1936s)
step 137000  train 0.9620  eval 0.9405  pmax 10.7  (1951s)
step 138000  train 0.9831  eval 0.8938  pmax 10.7  (1965s)
step 139000  train 0.9490  eval 0.9118  pmax 10.8  (1979s)
step 140000  train 0.9768  eval 0.9037  pmax 10.8  (1993s)
step 141000  train 0.9562  eval 0.9156  pmax 10.8  (2007s)
step 142000  train 0.9543  eval 0.9247  pmax 10.8  (2021s)
step 143000  train 0.9519  eval 0.8877  pmax 10.8  (2035s)
step 144000  train 0.9620  eval 0.9227  pmax 10.9  (2050s)
step 145000  train 0.9592  eval 0.9256  pmax 10.9  (2064s)
step 146000  train 0.9415  eval 0.9369  pmax 10.9  (2078s)
step 147000  train 0.9530  eval 0.8998  pmax 10.9  (2092s)
step 148000  train 0.9706  eval 0.9297  pmax 10.9  (2106s)
step 149000  train 0.9901  eval 0.9184  pmax 11.0  (2120s)
step 150000  train 0.9386  eval 0.9012  pmax 11.0  (2134s)
  [checkpoint + sample saved at step 150000]
step 151000  train 0.9328  eval 0.9225  pmax 11.0  (2149s)
step 152000  train 0.9669  eval 0.8933  pmax 11.0  (2163s)
step 153000  train 0.9381  eval 0.9082  pmax 11.0  (2177s)
step 154000  train 0.9487  eval 0.8662  pmax 11.1  (2191s)
step 155000  train 0.9786  eval 0.8884  pmax 11.1  (2206s)
step 156000  train 0.9746  eval 0.8886  pmax 11.1  (2220s)
step 157000  train 0.9614  eval 0.9222  pmax 11.1  (2234s)
step 158000  train 0.9773  eval 0.9269  pmax 11.1  (2248s)
step 159000  train 0.9704  eval 0.9027  pmax 11.1  (2262s)
step 160000  train 0.9479  eval 0.9147  pmax 11.2  (2277s)
step 161000  train 0.9754  eval 0.8985  pmax 11.2  (2291s)
step 162000  train 0.9669  eval 0.8968  pmax 11.2  (2305s)
step 163000  train 0.9509  eval 0.8855  pmax 11.2  (2319s)
step 164000  train 0.9346  eval 0.9301  pmax 11.2  (2333s)
step 165000  train 0.9633  eval 0.9155  pmax 11.2  (2348s)
step 166000  train 0.9655  eval 0.8973  pmax 11.2  (2362s)
step 167000  train 0.9387  eval 0.9135  pmax 11.3  (2376s)
step 168000  train 0.9615  eval 0.8784  pmax 11.3  (2390s)
step 169000  train 0.9605  eval 0.8812  pmax 11.3  (2404s)
step 170000  train 0.9419  eval 0.9007  pmax 11.3  (2418s)
step 171000  train 0.9713  eval 0.9077  pmax 11.3  (2433s)
step 172000  train 0.9447  eval 0.8733  pmax 11.3  (2447s)
step 173000  train 0.9656  eval 0.8965  pmax 11.3  (2460s)
step 174000  train 0.9641  eval 0.9186  pmax 11.3  (2474s)
step 175000  train 0.9532  eval 0.8823  pmax 11.4  (2488s)
  [checkpoint + sample saved at step 175000]
step 176000  train 0.9615  eval 0.9308  pmax 11.4  (2503s)
step 177000  train 0.9256  eval 0.9101  pmax 11.4  (2517s)
step 178000  train 0.9470  eval 0.8736  pmax 11.4  (2532s)
step 179000  train 0.9509  eval 0.9117  pmax 11.4  (2546s)
step 180000  train 0.9469  eval 0.9104  pmax 11.4  (2560s)
step 181000  train 0.9604  eval 0.9067  pmax 11.4  (2574s)
step 182000  train 0.9835  eval 0.9015  pmax 11.4  (2588s)
step 183000  train 0.9449  eval 0.8648  pmax 11.4  (2602s)
step 184000  train 0.9492  eval 0.8754  pmax 11.4  (2617s)
step 185000  train 0.9473  eval 0.8668  pmax 11.5  (2631s)
step 186000  train 0.9633  eval 0.8928  pmax 11.5  (2645s)
step 187000  train 0.9696  eval 0.8912  pmax 11.5  (2659s)
step 188000  train 0.9416  eval 0.8873  pmax 11.5  (2673s)
step 189000  train 0.9349  eval 0.8828  pmax 11.5  (2687s)
step 190000  train 0.9627  eval 0.9189  pmax 11.5  (2702s)
step 191000  train 0.9306  eval 0.8964  pmax 11.5  (2716s)
step 192000  train 0.9535  eval 0.8872  pmax 11.5  (2730s)
step 193000  train 0.9442  eval 0.8704  pmax 11.5  (2744s)
step 194000  train 0.9634  eval 0.9182  pmax 11.5  (2759s)
step 195000  train 0.9537  eval 0.8658  pmax 11.5  (2773s)
step 196000  train 0.9384  eval 0.8872  pmax 11.5  (2787s)
step 197000  train 0.9456  eval 0.8808  pmax 11.5  (2801s)
step 198000  train 0.9683  eval 0.8938  pmax 11.5  (2816s)
step 199000  train 0.9510  eval 0.8775  pmax 11.6  (2830s)
step 200000  train 0.9374  eval 0.8985  pmax 11.6  (2844s)
  [checkpoint + sample saved at step 200000]
step 201000  train 0.9189  eval 0.9084  pmax 11.6  (2859s)
step 202000  train 0.9254  eval 0.8739  pmax 11.6  (2873s)
step 203000  train 0.9278  eval 0.8645  pmax 11.6  (2887s)
step 204000  train 0.9273  eval 0.9130  pmax 11.6  (2901s)
step 205000  train 0.9726  eval 0.8786  pmax 11.6  (2915s)
step 206000  train 0.9500  eval 0.9055  pmax 11.6  (2929s)
step 207000  train 0.8909  eval 0.8941  pmax 11.6  (2943s)
step 208000  train 0.9427  eval 0.9059  pmax 11.6  (2957s)
step 209000  train 0.9521  eval 0.9092  pmax 11.6  (2971s)
step 210000  train 0.9488  eval 0.8960  pmax 11.6  (2985s)
step 211000  train 0.9600  eval 0.9037  pmax 11.6  (2999s)
step 212000  train 0.9349  eval 0.8978  pmax 11.6  (3013s)
step 213000  train 0.9351  eval 0.8864  pmax 11.6  (3028s)
step 214000  train 0.9497  eval 0.8816  pmax 11.6  (3042s)
step 215000  train 0.8890  eval 0.8868  pmax 11.6  (3056s)
step 216000  train 0.9356  eval 0.8861  pmax 11.6  (3070s)
step 217000  train 0.9287  eval 0.8856  pmax 11.6  (3084s)
step 218000  train 0.9354  eval 0.8953  pmax 11.6  (3098s)
step 219000  train 0.9536  eval 0.8756  pmax 11.6  (3112s)
step 220000  train 0.9632  eval 0.9046  pmax 11.6  (3126s)
step 221000  train 0.9085  eval 0.8993  pmax 11.6  (3140s)
step 222000  train 0.9282  eval 0.8991  pmax 11.6  (3155s)
step 223000  train 0.9217  eval 0.9284  pmax 11.7  (3169s)
step 224000  train 0.9340  eval 0.8989  pmax 11.7  (3183s)
step 225000  train 0.9458  eval 0.9303  pmax 11.7  (3197s)
  [checkpoint + sample saved at step 225000]
step 226000  train 0.9289  eval 0.8763  pmax 11.7  (3212s)
step 227000  train 0.9664  eval 0.8997  pmax 11.7  (3226s)
step 228000  train 0.9578  eval 0.9112  pmax 11.7  (3240s)
step 229000  train 0.9543  eval 0.8845  pmax 11.7  (3254s)
step 230000  train 0.9368  eval 0.8380  pmax 11.7  (3268s)
step 231000  train 0.9309  eval 0.9132  pmax 11.7  (3282s)
step 232000  train 0.9163  eval 0.9334  pmax 11.7  (3296s)
step 233000  train 0.9543  eval 0.8870  pmax 11.7  (3310s)
step 234000  train 0.9137  eval 0.8925  pmax 11.7  (3325s)
step 235000  train 0.9394  eval 0.9104  pmax 11.7  (3340s)
step 236000  train 0.9122  eval 0.9092  pmax 11.7  (3354s)
step 237000  train 0.9321  eval 0.9041  pmax 11.7  (3368s)
step 238000  train 0.9363  eval 0.8713  pmax 11.7  (3383s)
step 239000  train 0.9420  eval 0.8831  pmax 11.7  (3397s)
step 240000  train 0.9596  eval 0.8692  pmax 11.7  (3412s)
step 241000  train 0.9254  eval 0.9031  pmax 11.7  (3426s)
step 242000  train 0.9279  eval 0.8579  pmax 11.7  (3440s)
step 243000  train 0.9686  eval 0.8906  pmax 11.7  (3454s)
step 244000  train 0.9217  eval 0.8671  pmax 11.7  (3468s)
step 245000  train 0.9202  eval 0.9009  pmax 11.7  (3482s)
step 246000  train 0.9323  eval 0.9068  pmax 11.7  (3496s)
step 247000  train 0.9467  eval 0.9033  pmax 11.7  (3511s)
step 248000  train 0.9525  eval 0.8981  pmax 11.7  (3525s)
step 249000  train 0.9179  eval 0.8526  pmax 11.7  (3539s)
step 250000  train 0.9303  eval 0.8883  pmax 11.7  (3552s)
  [checkpoint + sample saved at step 250000]
step 251000  train 0.9373  eval 0.8949  pmax 11.7  (3567s)
step 252000  train 0.9020  eval 0.8859  pmax 11.7  (3581s)
step 253000  train 0.9626  eval 0.8780  pmax 11.7  (3595s)
step 254000  train 0.9322  eval 0.8834  pmax 11.7  (3609s)
step 255000  train 0.9479  eval 0.8845  pmax 11.7  (3622s)
step 256000  train 0.9609  eval 0.8894  pmax 11.7  (3636s)
step 257000  train 0.9877  eval 0.8601  pmax 11.7  (3650s)
step 258000  train 0.9502  eval 0.8878  pmax 11.7  (3664s)
step 259000  train 0.9142  eval 0.8519  pmax 11.7  (3678s)
step 260000  train 0.9347  eval 0.8817  pmax 11.7  (3692s)
step 261000  train 0.9616  eval 0.8809  pmax 11.7  (3706s)
step 262000  train 0.9229  eval 0.8712  pmax 11.7  (3720s)
step 263000  train 0.9598  eval 0.9093  pmax 11.7  (3733s)
step 264000  train 0.9171  eval 0.8705  pmax 11.7  (3747s)
step 265000  train 0.9233  eval 0.8847  pmax 11.7  (3761s)
step 266000  train 0.9544  eval 0.8911  pmax 11.7  (3775s)
step 267000  train 0.9644  eval 0.8826  pmax 11.7  (3789s)
step 268000  train 0.9431  eval 0.8707  pmax 11.7  (3803s)
step 269000  train 0.9445  eval 0.8717  pmax 11.7  (3817s)
step 270000  train 0.9402  eval 0.8909  pmax 11.7  (3831s)
step 271000  train 0.9447  eval 0.8798  pmax 11.7  (3846s)
step 272000  train 0.9452  eval 0.8636  pmax 11.7  (3860s)
step 273000  train 0.9083  eval 0.8867  pmax 11.7  (3873s)
step 274000  train 0.9500  eval 0.8700  pmax 11.7  (3887s)
step 275000  train 0.9323  eval 0.8563  pmax 11.7  (3902s)
  [checkpoint + sample saved at step 275000]
step 276000  train 0.9535  eval 0.8830  pmax 11.7  (3916s)
step 277000  train 0.9686  eval 0.8758  pmax 11.7  (3930s)
step 278000  train 0.9417  eval 0.8720  pmax 11.7  (3944s)
step 279000  train 0.9080  eval 0.8736  pmax 11.7  (3958s)
step 280000  train 0.9222  eval 0.8802  pmax 11.7  (3972s)
step 281000  train 0.9242  eval 0.9103  pmax 11.7  (3985s)
step 282000  train 0.9156  eval 0.8847  pmax 11.7  (4000s)
step 283000  train 0.9510  eval 0.8847  pmax 11.7  (4014s)
step 284000  train 0.9341  eval 0.8876  pmax 11.7  (4028s)
step 285000  train 0.9066  eval 0.8534  pmax 11.7  (4042s)
step 286000  train 0.9369  eval 0.8677  pmax 11.7  (4056s)
step 287000  train 0.9293  eval 0.8860  pmax 11.7  (4070s)
step 288000  train 0.9172  eval 0.8512  pmax 11.7  (4084s)
step 289000  train 0.9420  eval 0.8736  pmax 11.7  (4098s)
step 290000  train 0.9250  eval 0.9001  pmax 11.7  (4112s)
step 291000  train 0.9522  eval 0.8869  pmax 11.7  (4126s)
step 292000  train 0.9219  eval 0.8468  pmax 11.7  (4140s)
step 293000  train 0.9256  eval 0.8651  pmax 11.7  (4154s)
step 294000  train 0.9566  eval 0.8808  pmax 11.7  (4168s)
step 295000  train 0.9403  eval 0.8929  pmax 11.7  (4181s)
step 296000  train 0.9448  eval 0.9164  pmax 11.7  (4195s)
step 297000  train 0.9602  eval 0.8919  pmax 11.7  (4209s)
step 298000  train 0.9153  eval 0.8784  pmax 11.7  (4223s)
step 299000  train 0.9498  eval 0.8892  pmax 11.7  (4237s)
step 300000  train 0.8809  eval 0.8744  pmax 11.7  (4251s)
  [checkpoint + sample saved at step 300000]
done. artifacts in /home/luke/Wavelet-State-KAN/checkpoints/tf_tinystories_100k_3ep_s123
