/home/luke/Wavelet-State-KAN/experiments/V1_train_tinystories_lm.py:107: UserWarning: The given buffer is not writable, and PyTorch does not support non-writable tensors. This means you can write to the underlying (supposedly non-writable) buffer using the tensor. You may want to copy the buffer to protect its data or make it writable before converting it to a tensor. This type of warning will be suppressed for the rest of this program. (Triggered internally at /__w/pytorch/pytorch/torch/csrc/utils/tensor_new.cpp:1556.)
  train_ids = torch.frombuffer(train_text.encode("utf-8", errors="ignore"), dtype=torch.uint8)
train bytes: 1,905,061,325  eval bytes: 405,730
model: tf  params: 98,800  device: cuda
step     1  train 5.5493  eval 5.3924  pmax 1.0  (5s)
step  1000  train 1.5109  eval 1.5318  pmax 2.1  (19s)
step  2000  train 1.2717  eval 1.2268  pmax 2.3  (34s)
step  3000  train 1.1794  eval 1.1340  pmax 2.5  (48s)
step  4000  train 1.1960  eval 1.0909  pmax 2.5  (63s)
step  5000  train 1.1116  eval 1.0883  pmax 2.5  (77s)
step  6000  train 1.0872  eval 1.0275  pmax 2.5  (92s)
step  7000  train 1.0390  eval 1.0105  pmax 2.6  (106s)
step  8000  train 1.0831  eval 1.0252  pmax 2.5  (121s)
step  9000  train 1.0584  eval 1.0037  pmax 2.5  (136s)
step 10000  train 1.0587  eval 1.0171  pmax 2.5  (150s)
step 11000  train 1.0362  eval 0.9883  pmax 2.5  (164s)
step 12000  train 1.0499  eval 1.0339  pmax 2.6  (179s)
step 13000  train 1.0423  eval 0.9776  pmax 2.6  (193s)
step 14000  train 0.9967  eval 0.9934  pmax 2.7  (207s)
step 15000  train 1.0277  eval 0.9882  pmax 2.7  (222s)
step 16000  train 1.0316  eval 0.9795  pmax 2.8  (236s)
step 17000  train 1.0150  eval 0.9718  pmax 2.8  (251s)
step 18000  train 0.9996  eval 0.9761  pmax 2.8  (266s)
step 19000  train 1.0322  eval 0.9503  pmax 2.9  (280s)
step 20000  train 1.0115  eval 0.9921  pmax 3.1  (295s)
step 21000  train 1.0428  eval 0.9820  pmax 3.3  (309s)
step 22000  train 1.0101  eval 0.9415  pmax 3.6  (324s)
step 23000  train 0.9952  eval 0.9444  pmax 3.6  (339s)
step 24000  train 1.0102  eval 0.9334  pmax 3.7  (353s)
step 25000  train 1.0105  eval 0.9461  pmax 3.8  (368s)
  [checkpoint + sample saved at step 25000]
step 26000  train 0.9990  eval 0.9611  pmax 3.8  (383s)
step 27000  train 1.0138  eval 0.9358  pmax 3.9  (398s)
step 28000  train 1.0217  eval 0.9377  pmax 3.9  (412s)
step 29000  train 0.9882  eval 0.9563  pmax 4.0  (427s)
step 30000  train 1.0107  eval 0.9677  pmax 4.2  (441s)
step 31000  train 0.9851  eval 0.9220  pmax 4.4  (456s)
step 32000  train 0.9958  eval 0.9153  pmax 4.6  (471s)
step 33000  train 0.9757  eval 0.9365  pmax 4.6  (485s)
step 34000  train 0.9962  eval 0.9662  pmax 4.6  (500s)
step 35000  train 0.9516  eval 0.9284  pmax 4.7  (515s)
step 36000  train 1.0046  eval 0.9378  pmax 4.7  (529s)
step 37000  train 0.9847  eval 0.9413  pmax 4.8  (543s)
step 38000  train 0.9728  eval 0.9355  pmax 4.9  (558s)
step 39000  train 0.9687  eval 0.9306  pmax 4.9  (573s)
step 40000  train 0.9480  eval 0.9399  pmax 5.0  (587s)
step 41000  train 0.9802  eval 0.9335  pmax 5.1  (601s)
step 42000  train 0.9547  eval 0.9247  pmax 5.3  (615s)
step 43000  train 0.9794  eval 0.9182  pmax 5.4  (629s)
step 44000  train 0.9461  eval 0.8920  pmax 5.6  (643s)
step 45000  train 0.9884  eval 0.9539  pmax 5.7  (658s)
step 46000  train 0.9543  eval 0.9149  pmax 5.7  (673s)
step 47000  train 0.9606  eval 0.9258  pmax 5.9  (687s)
step 48000  train 0.9750  eval 0.9639  pmax 6.0  (702s)
step 49000  train 0.9894  eval 0.9135  pmax 6.1  (716s)
step 50000  train 0.9713  eval 0.9254  pmax 6.2  (731s)
  [checkpoint + sample saved at step 50000]
step 51000  train 0.9421  eval 0.9090  pmax 6.2  (746s)
step 52000  train 0.9698  eval 0.9737  pmax 6.3  (761s)
step 53000  train 0.9739  eval 0.8933  pmax 6.4  (775s)
step 54000  train 0.9583  eval 0.9367  pmax 6.5  (790s)
step 55000  train 0.9896  eval 0.9162  pmax 6.6  (804s)
step 56000  train 0.9254  eval 0.8815  pmax 6.7  (819s)
step 57000  train 0.9973  eval 0.9359  pmax 6.9  (834s)
step 58000  train 0.9543  eval 0.9035  pmax 7.1  (848s)
step 59000  train 0.9975  eval 0.9167  pmax 7.2  (863s)
step 60000  train 0.9817  eval 0.9522  pmax 7.3  (878s)
step 61000  train 0.9437  eval 0.8920  pmax 7.4  (892s)
step 62000  train 0.9983  eval 0.8976  pmax 7.5  (907s)
step 63000  train 0.9469  eval 0.9241  pmax 7.4  (922s)
step 64000  train 1.0111  eval 0.8902  pmax 7.5  (937s)
step 65000  train 0.9706  eval 0.9278  pmax 7.5  (951s)
step 66000  train 0.9443  eval 0.9252  pmax 7.6  (965s)
step 67000  train 0.9801  eval 0.8866  pmax 7.6  (980s)
step 68000  train 0.9458  eval 0.8952  pmax 7.7  (994s)
step 69000  train 0.9604  eval 0.9017  pmax 7.7  (1009s)
step 70000  train 0.9858  eval 0.8930  pmax 7.8  (1024s)
step 71000  train 0.9349  eval 0.9305  pmax 7.9  (1039s)
step 72000  train 0.9316  eval 0.8942  pmax 7.9  (1054s)
step 73000  train 0.9480  eval 0.9151  pmax 7.9  (1068s)
step 74000  train 0.9781  eval 0.9092  pmax 8.0  (1083s)
step 75000  train 0.9317  eval 0.9140  pmax 8.0  (1097s)
  [checkpoint + sample saved at step 75000]
step 76000  train 0.9425  eval 0.9387  pmax 8.0  (1113s)
step 77000  train 0.9863  eval 0.8807  pmax 8.0  (1128s)
step 78000  train 0.9549  eval 0.9253  pmax 8.0  (1143s)
step 79000  train 1.0156  eval 0.8770  pmax 8.0  (1157s)
step 80000  train 0.9668  eval 0.9077  pmax 8.1  (1172s)
step 81000  train 0.9429  eval 0.8932  pmax 8.0  (1186s)
step 82000  train 0.9632  eval 0.8747  pmax 8.0  (1201s)
step 83000  train 0.9420  eval 0.8851  pmax 8.0  (1216s)
step 84000  train 0.9207  eval 0.8987  pmax 8.0  (1230s)
step 85000  train 0.9349  eval 0.8473  pmax 8.0  (1245s)
step 86000  train 0.9577  eval 0.8976  pmax 8.0  (1260s)
step 87000  train 1.0042  eval 0.9343  pmax 8.1  (1274s)
step 88000  train 0.9420  eval 0.8823  pmax 8.0  (1289s)
step 89000  train 0.9703  eval 0.9003  pmax 8.1  (1303s)
step 90000  train 0.9748  eval 0.9112  pmax 8.1  (1318s)
step 91000  train 0.9133  eval 0.8913  pmax 8.2  (1333s)
step 92000  train 0.9755  eval 0.8995  pmax 8.2  (1348s)
step 93000  train 0.9740  eval 0.8725  pmax 8.2  (1363s)
step 94000  train 0.9555  eval 0.9018  pmax 8.3  (1377s)
step 95000  train 0.9483  eval 0.9205  pmax 8.3  (1392s)
step 96000  train 0.9507  eval 0.9150  pmax 8.2  (1407s)
step 97000  train 0.9173  eval 0.8904  pmax 8.2  (1421s)
step 98000  train 0.9466  eval 0.9346  pmax 8.1  (1436s)
step 99000  train 0.9107  eval 0.9127  pmax 8.2  (1451s)
step 100000  train 0.9568  eval 0.9248  pmax 8.3  (1466s)
  [checkpoint + sample saved at step 100000]
step 101000  train 0.9382  eval 0.9239  pmax 8.3  (1481s)
step 102000  train 0.9371  eval 0.8958  pmax 8.4  (1496s)
step 103000  train 0.9744  eval 0.8992  pmax 8.5  (1510s)
step 104000  train 0.9535  eval 0.9159  pmax 8.5  (1524s)
step 105000  train 0.9394  eval 0.9185  pmax 8.6  (1539s)
step 106000  train 0.9394  eval 0.8776  pmax 8.7  (1553s)
step 107000  train 0.9789  eval 0.8945  pmax 8.8  (1567s)
step 108000  train 0.9334  eval 0.9052  pmax 8.9  (1582s)
step 109000  train 0.9524  eval 0.8941  pmax 8.9  (1596s)
step 110000  train 0.9280  eval 0.8757  pmax 9.0  (1611s)
step 111000  train 0.9445  eval 0.8885  pmax 9.1  (1626s)
step 112000  train 0.9186  eval 0.8968  pmax 9.1  (1641s)
step 113000  train 0.9305  eval 0.8733  pmax 9.2  (1655s)
step 114000  train 0.9415  eval 0.8856  pmax 9.2  (1670s)
step 115000  train 0.9572  eval 0.8554  pmax 9.3  (1685s)
step 116000  train 0.9782  eval 0.8896  pmax 9.3  (1699s)
step 117000  train 0.9412  eval 0.9079  pmax 9.4  (1714s)
step 118000  train 0.9332  eval 0.8593  pmax 9.4  (1728s)
step 119000  train 0.9277  eval 0.8963  pmax 9.5  (1742s)
step 120000  train 0.9401  eval 0.9051  pmax 9.6  (1757s)
step 121000  train 0.9634  eval 0.9055  pmax 9.6  (1771s)
step 122000  train 0.9223  eval 0.8999  pmax 9.6  (1786s)
step 123000  train 0.9378  eval 0.8724  pmax 9.7  (1800s)
step 124000  train 0.9388  eval 0.8879  pmax 9.7  (1815s)
step 125000  train 0.9771  eval 0.8819  pmax 9.8  (1830s)
  [checkpoint + sample saved at step 125000]
step 126000  train 0.9392  eval 0.9107  pmax 9.8  (1845s)
step 127000  train 0.9404  eval 0.8987  pmax 9.9  (1860s)
step 128000  train 0.9033  eval 0.9002  pmax 9.9  (1874s)
step 129000  train 0.9249  eval 0.9105  pmax 10.0  (1889s)
step 130000  train 0.9144  eval 0.9239  pmax 10.0  (1903s)
step 131000  train 0.9383  eval 0.9101  pmax 10.0  (1918s)
step 132000  train 0.9305  eval 0.8880  pmax 10.1  (1932s)
step 133000  train 0.9442  eval 0.8711  pmax 10.1  (1947s)
step 134000  train 0.9479  eval 0.8802  pmax 10.2  (1962s)
step 135000  train 0.9203  eval 0.8666  pmax 10.2  (1976s)
step 136000  train 0.9141  eval 0.8815  pmax 10.2  (1990s)
step 137000  train 0.9190  eval 0.9031  pmax 10.2  (2005s)
step 138000  train 0.9530  eval 0.8899  pmax 10.3  (2019s)
step 139000  train 0.9402  eval 0.9030  pmax 10.4  (2034s)
step 140000  train 0.9602  eval 0.8857  pmax 10.4  (2049s)
step 141000  train 0.9521  eval 0.8462  pmax 10.4  (2063s)
step 142000  train 0.9160  eval 0.8905  pmax 10.5  (2078s)
step 143000  train 0.9372  eval 0.9070  pmax 10.5  (2093s)
step 144000  train 0.9151  eval 0.8925  pmax 10.5  (2107s)
step 145000  train 0.9265  eval 0.8837  pmax 10.6  (2122s)
step 146000  train 0.9273  eval 0.9215  pmax 10.5  (2136s)
step 147000  train 0.9333  eval 0.8577  pmax 10.6  (2151s)
step 148000  train 0.9525  eval 0.9061  pmax 10.6  (2166s)
step 149000  train 0.9053  eval 0.9121  pmax 10.6  (2180s)
step 150000  train 0.9185  eval 0.8531  pmax 10.7  (2194s)
  [checkpoint + sample saved at step 150000]
step 151000  train 0.9306  eval 0.8485  pmax 10.7  (2209s)
step 152000  train 0.9347  eval 0.8559  pmax 10.7  (2224s)
step 153000  train 0.9097  eval 0.8608  pmax 10.7  (2239s)
step 154000  train 0.9298  eval 0.8717  pmax 10.7  (2254s)
step 155000  train 0.9792  eval 0.8727  pmax 10.8  (2269s)
step 156000  train 0.9466  eval 0.8753  pmax 10.8  (2283s)
step 157000  train 0.9210  eval 0.8943  pmax 10.8  (2298s)
step 158000  train 0.9438  eval 0.8510  pmax 10.8  (2313s)
step 159000  train 0.9290  eval 0.8937  pmax 10.8  (2327s)
step 160000  train 0.9431  eval 0.8787  pmax 10.9  (2342s)
step 161000  train 0.8878  eval 0.8713  pmax 10.9  (2357s)
step 162000  train 0.9033  eval 0.8780  pmax 10.9  (2371s)
step 163000  train 0.8985  eval 0.8977  pmax 10.9  (2386s)
step 164000  train 0.9209  eval 0.8480  pmax 10.9  (2401s)
step 165000  train 0.9354  eval 0.8646  pmax 10.9  (2416s)
step 166000  train 0.9367  eval 0.8915  pmax 10.9  (2430s)
step 167000  train 0.8866  eval 0.9273  pmax 11.0  (2445s)
step 168000  train 0.9061  eval 0.8640  pmax 11.0  (2459s)
step 169000  train 0.9367  eval 0.8933  pmax 11.0  (2473s)
step 170000  train 0.9178  eval 0.8933  pmax 11.0  (2488s)
step 171000  train 0.9471  eval 0.8657  pmax 11.1  (2502s)
step 172000  train 0.9462  eval 0.8846  pmax 11.1  (2517s)
step 173000  train 0.9420  eval 0.8979  pmax 11.1  (2531s)
step 174000  train 0.9206  eval 0.8406  pmax 11.1  (2546s)
step 175000  train 0.9578  eval 0.8815  pmax 11.1  (2561s)
  [checkpoint + sample saved at step 175000]
step 176000  train 0.9333  eval 0.9017  pmax 11.1  (2575s)
step 177000  train 0.9455  eval 0.8937  pmax 11.1  (2590s)
step 178000  train 0.9875  eval 0.8676  pmax 11.1  (2604s)
step 179000  train 0.8898  eval 0.8901  pmax 11.1  (2619s)
step 180000  train 0.9137  eval 0.8571  pmax 11.1  (2634s)
step 181000  train 0.9293  eval 0.8775  pmax 11.2  (2648s)
step 182000  train 0.9608  eval 0.8670  pmax 11.2  (2663s)
step 183000  train 0.9099  eval 0.8623  pmax 11.2  (2677s)
step 184000  train 0.9470  eval 0.8505  pmax 11.2  (2691s)
step 185000  train 0.8845  eval 0.8665  pmax 11.2  (2706s)
step 186000  train 0.9199  eval 0.8578  pmax 11.2  (2720s)
step 187000  train 0.8929  eval 0.8557  pmax 11.2  (2735s)
step 188000  train 0.9343  eval 0.8487  pmax 11.3  (2749s)
step 189000  train 0.9282  eval 0.8757  pmax 11.3  (2764s)
step 190000  train 0.9228  eval 0.8533  pmax 11.3  (2778s)
step 191000  train 0.9425  eval 0.8754  pmax 11.3  (2792s)
step 192000  train 0.9175  eval 0.8871  pmax 11.3  (2807s)
step 193000  train 0.9414  eval 0.8787  pmax 11.3  (2822s)
step 194000  train 0.9236  eval 0.8596  pmax 11.3  (2836s)
step 195000  train 0.9249  eval 0.8618  pmax 11.4  (2851s)
step 196000  train 0.9083  eval 0.8513  pmax 11.4  (2866s)
step 197000  train 0.9395  eval 0.8814  pmax 11.4  (2880s)
step 198000  train 0.9193  eval 0.8721  pmax 11.4  (2895s)
step 199000  train 0.9115  eval 0.8803  pmax 11.4  (2909s)
step 200000  train 0.9010  eval 0.9050  pmax 11.4  (2924s)
  [checkpoint + sample saved at step 200000]
step 201000  train 0.9256  eval 0.8489  pmax 11.4  (2938s)
step 202000  train 0.9313  eval 0.8820  pmax 11.4  (2953s)
step 203000  train 0.9124  eval 0.8728  pmax 11.4  (2967s)
step 204000  train 0.9206  eval 0.8754  pmax 11.4  (2982s)
step 205000  train 0.8981  eval 0.8898  pmax 11.4  (2997s)
step 206000  train 0.9056  eval 0.8721  pmax 11.4  (3011s)
step 207000  train 0.9254  eval 0.8619  pmax 11.4  (3026s)
step 208000  train 0.9490  eval 0.8640  pmax 11.4  (3040s)
step 209000  train 0.9282  eval 0.8962  pmax 11.5  (3054s)
step 210000  train 0.8748  eval 0.8997  pmax 11.5  (3069s)
step 211000  train 0.9419  eval 0.8705  pmax 11.5  (3083s)
step 212000  train 0.9395  eval 0.8570  pmax 11.5  (3098s)
step 213000  train 0.9508  eval 0.8624  pmax 11.5  (3112s)
step 214000  train 0.9351  eval 0.8741  pmax 11.5  (3127s)
step 215000  train 0.9352  eval 0.8793  pmax 11.5  (3141s)
step 216000  train 0.9268  eval 0.8571  pmax 11.5  (3156s)
step 217000  train 0.9026  eval 0.8546  pmax 11.5  (3170s)
step 218000  train 0.9245  eval 0.8824  pmax 11.5  (3185s)
step 219000  train 0.9093  eval 0.8762  pmax 11.5  (3200s)
step 220000  train 0.9399  eval 0.8358  pmax 11.5  (3215s)
step 221000  train 0.9187  eval 0.8957  pmax 11.5  (3229s)
step 222000  train 0.9017  eval 0.8750  pmax 11.6  (3244s)
step 223000  train 0.8977  eval 0.8888  pmax 11.6  (3259s)
step 224000  train 0.9000  eval 0.8749  pmax 11.6  (3273s)
step 225000  train 0.9081  eval 0.8942  pmax 11.6  (3288s)
  [checkpoint + sample saved at step 225000]
step 226000  train 0.9351  eval 0.9016  pmax 11.6  (3303s)
step 227000  train 0.9096  eval 0.8790  pmax 11.6  (3317s)
step 228000  train 0.9137  eval 0.8453  pmax 11.6  (3331s)
step 229000  train 0.9092  eval 0.8753  pmax 11.6  (3346s)
step 230000  train 0.9200  eval 0.8917  pmax 11.6  (3361s)
step 231000  train 0.9189  eval 0.8855  pmax 11.6  (3375s)
step 232000  train 0.9516  eval 0.8825  pmax 11.7  (3389s)
step 233000  train 0.9285  eval 0.8560  pmax 11.7  (3403s)
step 234000  train 0.9140  eval 0.8324  pmax 11.7  (3418s)
step 235000  train 0.9160  eval 0.8884  pmax 11.7  (3432s)
step 236000  train 0.9499  eval 0.8491  pmax 11.7  (3447s)
step 237000  train 0.8983  eval 0.8957  pmax 11.7  (3462s)
step 238000  train 0.9267  eval 0.8520  pmax 11.7  (3476s)
step 239000  train 0.8887  eval 0.8591  pmax 11.7  (3490s)
step 240000  train 0.9036  eval 0.8682  pmax 11.7  (3505s)
step 241000  train 0.9091  eval 0.8914  pmax 11.7  (3520s)
step 242000  train 0.8941  eval 0.9026  pmax 11.7  (3534s)
step 243000  train 0.9283  eval 0.8893  pmax 11.7  (3549s)
step 244000  train 0.9221  eval 0.8749  pmax 11.8  (3563s)
step 245000  train 0.8816  eval 0.9158  pmax 11.8  (3577s)
step 246000  train 0.9092  eval 0.9047  pmax 11.8  (3592s)
step 247000  train 0.9300  eval 0.8532  pmax 11.8  (3606s)
step 248000  train 0.9280  eval 0.8562  pmax 11.8  (3621s)
step 249000  train 0.9218  eval 0.8643  pmax 11.8  (3635s)
step 250000  train 0.9014  eval 0.8684  pmax 11.8  (3650s)
  [checkpoint + sample saved at step 250000]
step 251000  train 0.9163  eval 0.8570  pmax 11.8  (3665s)
step 252000  train 0.9216  eval 0.8483  pmax 11.8  (3679s)
step 253000  train 0.8967  eval 0.8430  pmax 11.8  (3694s)
step 254000  train 0.9490  eval 0.8589  pmax 11.8  (3709s)
step 255000  train 0.9000  eval 0.8809  pmax 11.8  (3723s)
step 256000  train 0.9082  eval 0.8390  pmax 11.8  (3738s)
step 257000  train 0.9337  eval 0.8825  pmax 11.8  (3752s)
step 258000  train 0.8980  eval 0.8558  pmax 11.8  (3766s)
step 259000  train 0.8901  eval 0.8448  pmax 11.8  (3781s)
step 260000  train 0.9191  eval 0.8715  pmax 11.8  (3795s)
step 261000  train 0.9129  eval 0.8486  pmax 11.8  (3809s)
step 262000  train 0.9201  eval 0.8949  pmax 11.8  (3824s)
step 263000  train 0.9084  eval 0.8445  pmax 11.8  (3838s)
step 264000  train 0.9087  eval 0.8710  pmax 11.8  (3853s)
step 265000  train 0.9059  eval 0.8562  pmax 11.8  (3868s)
step 266000  train 0.9073  eval 0.8638  pmax 11.8  (3882s)
step 267000  train 0.9320  eval 0.8783  pmax 11.8  (3897s)
step 268000  train 0.9088  eval 0.8870  pmax 11.8  (3912s)
step 269000  train 0.8892  eval 0.8935  pmax 11.8  (3926s)
step 270000  train 0.9122  eval 0.8545  pmax 11.8  (3940s)
step 271000  train 0.8813  eval 0.8230  pmax 11.9  (3955s)
step 272000  train 0.9501  eval 0.8484  pmax 11.9  (3970s)
step 273000  train 0.8941  eval 0.8542  pmax 11.9  (3984s)
step 274000  train 0.9198  eval 0.8680  pmax 11.9  (3999s)
step 275000  train 0.8969  eval 0.8760  pmax 11.9  (4013s)
  [checkpoint + sample saved at step 275000]
step 276000  train 0.8858  eval 0.8591  pmax 11.9  (4028s)
step 277000  train 0.9158  eval 0.8806  pmax 11.9  (4043s)
step 278000  train 0.9016  eval 0.8506  pmax 11.9  (4057s)
step 279000  train 0.9202  eval 0.8398  pmax 11.9  (4072s)
step 280000  train 0.9100  eval 0.8781  pmax 11.9  (4086s)
step 281000  train 0.9252  eval 0.8604  pmax 11.9  (4101s)
step 282000  train 0.9402  eval 0.8559  pmax 11.9  (4116s)
step 283000  train 0.9300  eval 0.8635  pmax 11.9  (4130s)
step 284000  train 0.9035  eval 0.8721  pmax 11.9  (4145s)
step 285000  train 0.8962  eval 0.8593  pmax 11.9  (4159s)
step 286000  train 0.9156  eval 0.8615  pmax 11.9  (4174s)
step 287000  train 0.9217  eval 0.8567  pmax 11.9  (4188s)
step 288000  train 0.9072  eval 0.8186  pmax 11.9  (4203s)
step 289000  train 0.8988  eval 0.9015  pmax 11.9  (4217s)
step 290000  train 0.9024  eval 0.8624  pmax 11.9  (4232s)
step 291000  train 0.8984  eval 0.8890  pmax 11.9  (4246s)
step 292000  train 0.8945  eval 0.8626  pmax 11.9  (4261s)
step 293000  train 0.8880  eval 0.8787  pmax 11.9  (4275s)
step 294000  train 0.9030  eval 0.8732  pmax 11.9  (4290s)
step 295000  train 0.9193  eval 0.8758  pmax 11.9  (4304s)
step 296000  train 0.9379  eval 0.8638  pmax 11.9  (4318s)
step 297000  train 0.9026  eval 0.8555  pmax 11.9  (4333s)
step 298000  train 0.9173  eval 0.8756  pmax 11.9  (4348s)
step 299000  train 0.9171  eval 0.8608  pmax 11.9  (4362s)
step 300000  train 0.8683  eval 0.8808  pmax 11.9  (4376s)
  [checkpoint + sample saved at step 300000]
done. artifacts in /home/luke/Wavelet-State-KAN/checkpoints/tf_tinystories_100k_3ep_s2024
