/home/luke/Wavelet-State-KAN/experiments/V1_train_tinystories_lm.py:107: UserWarning: The given buffer is not writable, and PyTorch does not support non-writable tensors. This means you can write to the underlying (supposedly non-writable) buffer using the tensor. You may want to copy the buffer to protect its data or make it writable before converting it to a tensor. This type of warning will be suppressed for the rest of this program. (Triggered internally at /__w/pytorch/pytorch/torch/csrc/utils/tensor_new.cpp:1556.)
  train_ids = torch.frombuffer(train_text.encode("utf-8", errors="ignore"), dtype=torch.uint8)
train bytes: 1,905,061,325  eval bytes: 405,730
model: tf  params: 9,880,192  device: cuda
step     1  train 5.7135  eval 4.3896  pmax 1.0  (5s)
step  1000  train 0.8702  eval 0.8599  pmax 1.3  (126s)
step  2000  train 0.7916  eval 0.7496  pmax 1.3  (248s)
step  3000  train 0.7315  eval 0.7116  pmax 1.3  (370s)
step  4000  train 0.7320  eval 0.6810  pmax 1.3  (492s)
step  5000  train 0.6675  eval 0.6547  pmax 1.3  (613s)
  [checkpoint + sample saved at step 5000]
step  6000  train 0.6498  eval 0.6292  pmax 1.4  (736s)
step  7000  train 0.6538  eval 0.6494  pmax 1.4  (858s)
step  8000  train 0.6626  eval 0.6250  pmax 1.5  (980s)
step  9000  train 0.6497  eval 0.5953  pmax 1.6  (1102s)
step 10000  train 0.6270  eval 0.5896  pmax 1.8  (1224s)
  [checkpoint + sample saved at step 10000]
step 11000  train 0.6384  eval 0.5804  pmax 1.8  (1346s)
step 12000  train 0.6104  eval 0.5938  pmax 1.9  (1468s)
step 13000  train 0.6295  eval 0.5667  pmax 2.0  (1590s)
step 14000  train 0.6041  eval 0.5571  pmax 2.0  (1712s)
step 15000  train 0.5930  eval 0.5553  pmax 2.1  (1834s)
  [checkpoint + sample saved at step 15000]
step 16000  train 0.5949  eval 0.5695  pmax 2.2  (1956s)
step 17000  train 0.5648  eval 0.5211  pmax 2.2  (2078s)
step 18000  train 0.5765  eval 0.5841  pmax 2.2  (2200s)
step 19000  train 0.5819  eval 0.5261  pmax 2.2  (2322s)
step 20000  train 0.5818  eval 0.5515  pmax 2.3  (2444s)
  [checkpoint + sample saved at step 20000]
step 21000  train 0.5872  eval 0.5307  pmax 2.3  (2567s)
step 22000  train 0.5750  eval 0.4987  pmax 2.3  (2689s)
step 23000  train 0.5732  eval 0.5420  pmax 2.3  (2810s)
step 24000  train 0.5429  eval 0.5269  pmax 2.3  (2932s)
step 25000  train 0.5830  eval 0.4985  pmax 2.3  (3054s)
  [checkpoint + sample saved at step 25000]
step 26000  train 0.5662  eval 0.5110  pmax 2.3  (3177s)
step 27000  train 0.5535  eval 0.5381  pmax 2.3  (3298s)
step 28000  train 0.5488  eval 0.5011  pmax 2.3  (3420s)
step 29000  train 0.5511  eval 0.5006  pmax 2.3  (3543s)
step 30000  train 0.5258  eval 0.4871  pmax 2.3  (3665s)
  [checkpoint + sample saved at step 30000]
step 31000  train 0.5608  eval 0.5087  pmax 2.3  (3787s)
step 32000  train 0.5540  eval 0.5090  pmax 2.3  (3910s)
step 33000  train 0.5352  eval 0.4800  pmax 2.3  (4032s)
  [checkpoint + sample saved at step 33000]
done. artifacts in /home/luke/Wavelet-State-KAN/checkpoints/tf_tinystories_10m_3ep_s42
