/home/luke/Wavelet-State-KAN/experiments/V1_train_tinystories_lm.py:107: UserWarning: The given buffer is not writable, and PyTorch does not support non-writable tensors. This means you can write to the underlying (supposedly non-writable) buffer using the tensor. You may want to copy the buffer to protect its data or make it writable before converting it to a tensor. This type of warning will be suppressed for the rest of this program. (Triggered internally at /__w/pytorch/pytorch/torch/csrc/utils/tensor_new.cpp:1556.)
  train_ids = torch.frombuffer(train_text.encode("utf-8", errors="ignore"), dtype=torch.uint8)
train bytes: 1,905,061,325  eval bytes: 405,730
model: tf  params: 9,880,192  device: cuda
step     1  train 5.6510  eval 4.3082  pmax 1.0  (4s)
step  1000  train 0.8919  eval 0.8354  pmax 1.3  (117s)
step  2000  train 0.8131  eval 0.7475  pmax 1.3  (230s)
step  3000  train 0.7062  eval 0.6893  pmax 1.4  (344s)
step  4000  train 0.6961  eval 0.6225  pmax 1.3  (457s)
step  5000  train 0.6767  eval 0.6082  pmax 1.3  (570s)
  [checkpoint + sample saved at step 5000]
step  6000  train 0.6655  eval 0.6037  pmax 1.4  (685s)
step  7000  train 0.6535  eval 0.6256  pmax 1.4  (798s)
step  8000  train 0.6394  eval 0.6088  pmax 1.4  (911s)
step  9000  train 0.6687  eval 0.5700  pmax 1.6  (1024s)
step 10000  train 0.6426  eval 0.6033  pmax 1.7  (1138s)
  [checkpoint + sample saved at step 10000]
step 11000  train 0.6460  eval 0.5509  pmax 1.8  (1252s)
step 12000  train 0.6095  eval 0.5662  pmax 1.9  (1365s)
step 13000  train 0.6030  eval 0.5613  pmax 2.0  (1478s)
step 14000  train 0.5964  eval 0.5499  pmax 2.1  (1591s)
step 15000  train 0.6189  eval 0.5164  pmax 2.1  (1705s)
  [checkpoint + sample saved at step 15000]
step 16000  train 0.6272  eval 0.5516  pmax 2.2  (1819s)
step 17000  train 0.5665  eval 0.5203  pmax 2.2  (1932s)
step 18000  train 0.5653  eval 0.5108  pmax 2.3  (2045s)
step 19000  train 0.5899  eval 0.5464  pmax 2.3  (2159s)
step 20000  train 0.5456  eval 0.5365  pmax 2.3  (2272s)
  [checkpoint + sample saved at step 20000]
step 21000  train 0.5690  eval 0.5107  pmax 2.4  (2386s)
step 22000  train 0.5669  eval 0.4863  pmax 2.4  (2499s)
step 23000  train 0.5688  eval 0.5256  pmax 2.4  (2613s)
step 24000  train 0.5899  eval 0.5152  pmax 2.4  (2726s)
step 25000  train 0.5459  eval 0.5423  pmax 2.4  (2840s)
  [checkpoint + sample saved at step 25000]
step 26000  train 0.5644  eval 0.4862  pmax 2.4  (2954s)
step 27000  train 0.5585  eval 0.4904  pmax 2.4  (3067s)
step 28000  train 0.5476  eval 0.4808  pmax 2.4  (3180s)
step 29000  train 0.5625  eval 0.5044  pmax 2.4  (3293s)
step 30000  train 0.5451  eval 0.5046  pmax 2.4  (3407s)
  [checkpoint + sample saved at step 30000]
step 31000  train 0.5476  eval 0.4973  pmax 2.4  (3520s)
step 32000  train 0.5470  eval 0.5061  pmax 2.4  (3634s)
step 33000  train 0.5362  eval 0.4922  pmax 2.4  (3747s)
  [checkpoint + sample saved at step 33000]
done. artifacts in /home/luke/Wavelet-State-KAN/checkpoints/tf_tinystories_10m_3ep_s123
