/home/luke/Wavelet-State-KAN/experiments/V1_train_tinystories_lm.py:107: UserWarning: The given buffer is not writable, and PyTorch does not support non-writable tensors. This means you can write to the underlying (supposedly non-writable) buffer using the tensor. You may want to copy the buffer to protect its data or make it writable before converting it to a tensor. This type of warning will be suppressed for the rest of this program. (Triggered internally at /__w/pytorch/pytorch/torch/csrc/utils/tensor_new.cpp:1556.)
  train_ids = torch.frombuffer(train_text.encode("utf-8", errors="ignore"), dtype=torch.uint8)
train bytes: 1,905,061,325  eval bytes: 405,730
model: tf  params: 1,008,160  device: cuda
step     1  train 5.6984  eval 5.0657  pmax 1.0  (4s)
step  1000  train 0.9917  eval 0.9672  pmax 1.6  (27s)
step  2000  train 0.8925  eval 0.8309  pmax 1.7  (50s)
step  3000  train 0.8811  eval 0.8015  pmax 1.8  (72s)
step  4000  train 0.8326  eval 0.7600  pmax 1.8  (95s)
step  5000  train 0.8094  eval 0.7410  pmax 1.9  (118s)
step  6000  train 0.7634  eval 0.7538  pmax 1.9  (141s)
step  7000  train 0.7653  eval 0.7328  pmax 1.9  (164s)
step  8000  train 0.7721  eval 0.7139  pmax 1.9  (186s)
step  9000  train 0.7644  eval 0.6794  pmax 1.9  (209s)
step 10000  train 0.7466  eval 0.6810  pmax 1.8  (232s)
  [checkpoint + sample saved at step 10000]
step 11000  train 0.7492  eval 0.6667  pmax 1.8  (255s)
step 12000  train 0.7143  eval 0.6835  pmax 1.8  (278s)
step 13000  train 0.7645  eval 0.6683  pmax 1.8  (301s)
step 14000  train 0.7399  eval 0.6164  pmax 1.8  (323s)
step 15000  train 0.7144  eval 0.6899  pmax 1.8  (346s)
step 16000  train 0.7153  eval 0.6882  pmax 1.8  (369s)
step 17000  train 0.7151  eval 0.6963  pmax 1.8  (391s)
step 18000  train 0.7000  eval 0.6787  pmax 1.8  (414s)
step 19000  train 0.6942  eval 0.6742  pmax 1.8  (437s)
step 20000  train 0.6764  eval 0.6741  pmax 1.8  (460s)
  [checkpoint + sample saved at step 20000]
step 21000  train 0.6986  eval 0.6539  pmax 1.9  (483s)
step 22000  train 0.6900  eval 0.6284  pmax 2.0  (506s)
step 23000  train 0.7016  eval 0.6704  pmax 2.0  (528s)
step 24000  train 0.6840  eval 0.6314  pmax 2.1  (551s)
step 25000  train 0.6636  eval 0.6012  pmax 2.1  (574s)
step 26000  train 0.6948  eval 0.6398  pmax 2.2  (597s)
step 27000  train 0.7040  eval 0.6562  pmax 2.2  (619s)
step 28000  train 0.6719  eval 0.6597  pmax 2.3  (642s)
step 29000  train 0.7060  eval 0.6084  pmax 2.3  (665s)
step 30000  train 0.7048  eval 0.6690  pmax 2.4  (687s)
  [checkpoint + sample saved at step 30000]
step 31000  train 0.6586  eval 0.6130  pmax 2.4  (711s)
step 32000  train 0.6937  eval 0.6103  pmax 2.5  (733s)
step 33000  train 0.6804  eval 0.6095  pmax 2.5  (756s)
step 34000  train 0.6661  eval 0.6338  pmax 2.5  (779s)
step 35000  train 0.6468  eval 0.6319  pmax 2.6  (801s)
step 36000  train 0.6919  eval 0.6454  pmax 2.6  (824s)
step 37000  train 0.7177  eval 0.6279  pmax 2.6  (847s)
step 38000  train 0.6938  eval 0.5963  pmax 2.7  (870s)
step 39000  train 0.6285  eval 0.6045  pmax 2.7  (892s)
step 40000  train 0.6710  eval 0.6341  pmax 2.7  (915s)
  [checkpoint + sample saved at step 40000]
step 41000  train 0.6665  eval 0.6216  pmax 2.8  (938s)
step 42000  train 0.6555  eval 0.6109  pmax 2.8  (961s)
step 43000  train 0.6928  eval 0.6169  pmax 2.8  (984s)
step 44000  train 0.6795  eval 0.6380  pmax 2.8  (1006s)
step 45000  train 0.6721  eval 0.6213  pmax 2.9  (1029s)
step 46000  train 0.6741  eval 0.5813  pmax 2.9  (1052s)
step 47000  train 0.6580  eval 0.6342  pmax 2.9  (1074s)
step 48000  train 0.6655  eval 0.5963  pmax 2.9  (1097s)
step 49000  train 0.6439  eval 0.6420  pmax 2.9  (1120s)
step 50000  train 0.6832  eval 0.6215  pmax 2.9  (1143s)
  [checkpoint + sample saved at step 50000]
step 51000  train 0.6524  eval 0.6271  pmax 3.0  (1166s)
step 52000  train 0.6731  eval 0.6196  pmax 3.0  (1188s)
step 53000  train 0.6572  eval 0.6050  pmax 3.0  (1211s)
step 54000  train 0.6524  eval 0.5980  pmax 3.0  (1234s)
step 55000  train 0.6435  eval 0.6092  pmax 3.0  (1257s)
step 56000  train 0.6585  eval 0.6483  pmax 3.0  (1279s)
step 57000  train 0.6239  eval 0.5942  pmax 3.0  (1302s)
step 58000  train 0.6945  eval 0.6343  pmax 3.1  (1325s)
step 59000  train 0.6485  eval 0.6238  pmax 3.1  (1347s)
step 60000  train 0.6415  eval 0.6138  pmax 3.1  (1370s)
  [checkpoint + sample saved at step 60000]
step 61000  train 0.6957  eval 0.5841  pmax 3.1  (1393s)
step 62000  train 0.6497  eval 0.6231  pmax 3.1  (1416s)
step 63000  train 0.6549  eval 0.5851  pmax 3.1  (1439s)
step 64000  train 0.6595  eval 0.6165  pmax 3.1  (1461s)
step 65000  train 0.6685  eval 0.6017  pmax 3.1  (1484s)
step 66000  train 0.6386  eval 0.6020  pmax 3.1  (1507s)
step 67000  train 0.6344  eval 0.6176  pmax 3.1  (1530s)
step 68000  train 0.6527  eval 0.6046  pmax 3.1  (1552s)
step 69000  train 0.6407  eval 0.5873  pmax 3.1  (1575s)
step 70000  train 0.6689  eval 0.6125  pmax 3.1  (1598s)
  [checkpoint + sample saved at step 70000]
step 71000  train 0.6448  eval 0.5910  pmax 3.1  (1621s)
step 72000  train 0.6397  eval 0.5969  pmax 3.1  (1643s)
step 73000  train 0.6604  eval 0.6154  pmax 3.1  (1666s)
step 74000  train 0.6464  eval 0.5960  pmax 3.1  (1689s)
step 75000  train 0.6389  eval 0.5752  pmax 3.2  (1712s)
step 76000  train 0.6396  eval 0.5882  pmax 3.2  (1734s)
step 77000  train 0.6138  eval 0.6340  pmax 3.2  (1757s)
step 78000  train 0.6251  eval 0.5853  pmax 3.2  (1780s)
step 79000  train 0.6489  eval 0.6273  pmax 3.2  (1802s)
step 80000  train 0.6180  eval 0.6041  pmax 3.2  (1825s)
  [checkpoint + sample saved at step 80000]
step 81000  train 0.6246  eval 0.5900  pmax 3.2  (1848s)
step 82000  train 0.6631  eval 0.5842  pmax 3.2  (1871s)
step 83000  train 0.6328  eval 0.5936  pmax 3.2  (1894s)
step 84000  train 0.6238  eval 0.5802  pmax 3.2  (1916s)
step 85000  train 0.6187  eval 0.5843  pmax 3.2  (1939s)
step 86000  train 0.6526  eval 0.5946  pmax 3.2  (1962s)
step 87000  train 0.6097  eval 0.5842  pmax 3.2  (1985s)
step 88000  train 0.6329  eval 0.6069  pmax 3.2  (2007s)
step 89000  train 0.6393  eval 0.6369  pmax 3.2  (2030s)
step 90000  train 0.6379  eval 0.6164  pmax 3.2  (2053s)
  [checkpoint + sample saved at step 90000]
step 91000  train 0.6276  eval 0.5656  pmax 3.2  (2076s)
step 92000  train 0.6367  eval 0.6004  pmax 3.2  (2099s)
step 93000  train 0.6423  eval 0.5753  pmax 3.2  (2121s)
step 94000  train 0.6477  eval 0.5838  pmax 3.2  (2144s)
step 95000  train 0.6584  eval 0.5917  pmax 3.2  (2167s)
step 96000  train 0.6225  eval 0.5431  pmax 3.2  (2189s)
step 97000  train 0.6434  eval 0.5877  pmax 3.2  (2212s)
step 98000  train 0.6483  eval 0.5982  pmax 3.2  (2235s)
step 99000  train 0.6343  eval 0.5934  pmax 3.2  (2258s)
step 100000  train 0.6701  eval 0.6269  pmax 3.2  (2280s)
  [checkpoint + sample saved at step 100000]
done. artifacts in /home/luke/Wavelet-State-KAN/checkpoints/tf_tinystories_1m_3ep_s7
