/home/luke/Wavelet-State-KAN/experiments/V1_train_tinystories_lm.py:107: UserWarning: The given buffer is not writable, and PyTorch does not support non-writable tensors. This means you can write to the underlying (supposedly non-writable) buffer using the tensor. You may want to copy the buffer to protect its data or make it writable before converting it to a tensor. This type of warning will be suppressed for the rest of this program. (Triggered internally at /__w/pytorch/pytorch/torch/csrc/utils/tensor_new.cpp:1556.)
  train_ids = torch.frombuffer(train_text.encode("utf-8", errors="ignore"), dtype=torch.uint8)
train bytes: 1,905,061,325  eval bytes: 405,730
model: tf  params: 2,284  device: cuda
step     1  train 5.5462  eval 5.5260  pmax 1.0  (1s)
step  1000  train 2.5965  eval 2.6217  pmax 2.1  (10s)
step  2000  train 2.5672  eval 2.5876  pmax 2.5  (19s)
step  3000  train 2.5742  eval 2.5734  pmax 2.9  (28s)
step  4000  train 2.5435  eval 2.5442  pmax 3.4  (38s)
step  5000  train 2.5341  eval 2.5553  pmax 3.7  (47s)
step  6000  train 2.5157  eval 2.5219  pmax 4.0  (57s)
step  7000  train 2.5130  eval 2.5332  pmax 4.1  (66s)
step  8000  train 2.5023  eval 2.5286  pmax 4.2  (75s)
step  9000  train 2.5045  eval 2.5341  pmax 4.2  (84s)
step 10000  train 2.5179  eval 2.5177  pmax 4.2  (93s)
step 11000  train 2.5008  eval 2.4981  pmax 4.2  (102s)
step 12000  train 2.4836  eval 2.5133  pmax 4.2  (111s)
step 13000  train 2.4954  eval 2.5145  pmax 4.2  (120s)
step 14000  train 2.4816  eval 2.4876  pmax 4.3  (129s)
step 15000  train 2.4777  eval 2.4943  pmax 4.6  (139s)
step 16000  train 2.5103  eval 2.4900  pmax 4.8  (148s)
step 17000  train 2.5076  eval 2.4946  pmax 5.0  (157s)
step 18000  train 2.5263  eval 2.4779  pmax 5.2  (166s)
step 19000  train 2.5265  eval 2.4787  pmax 5.3  (175s)
step 20000  train 2.4943  eval 2.5072  pmax 5.4  (184s)
step 21000  train 2.5085  eval 2.5002  pmax 5.4  (193s)
step 22000  train 2.5041  eval 2.5126  pmax 5.5  (202s)
step 23000  train 2.4870  eval 2.5165  pmax 5.5  (211s)
step 24000  train 2.5013  eval 2.5006  pmax 5.6  (220s)
step 25000  train 2.5022  eval 2.5067  pmax 5.6  (229s)
  [checkpoint + sample saved at step 25000]
step 26000  train 2.5033  eval 2.5146  pmax 5.6  (239s)
step 27000  train 2.4750  eval 2.4965  pmax 5.6  (248s)
step 28000  train 2.5191  eval 2.4767  pmax 5.6  (257s)
step 29000  train 2.4796  eval 2.4803  pmax 5.6  (266s)
step 30000  train 2.4884  eval 2.5111  pmax 5.6  (275s)
  [checkpoint + sample saved at step 30000]
done. artifacts in /home/luke/Wavelet-State-KAN/checkpoints/tf_tinystories_1k_3ep_s31337
