/home/luke/Wavelet-State-KAN/experiments/V1_train_tinystories_lm.py:107: UserWarning: The given buffer is not writable, and PyTorch does not support non-writable tensors. This means you can write to the underlying (supposedly non-writable) buffer using the tensor. You may want to copy the buffer to protect its data or make it writable before converting it to a tensor. This type of warning will be suppressed for the rest of this program. (Triggered internally at /__w/pytorch/pytorch/torch/csrc/utils/tensor_new.cpp:1556.)
  train_ids = torch.frombuffer(train_text.encode("utf-8", errors="ignore"), dtype=torch.uint8)
train bytes: 1,905,061,325  eval bytes: 405,730
model: tf  params: 98,800  device: cuda
step     1  train 5.5123  eval 5.3894  pmax 1.0  (6s)
step  1000  train 1.3885  eval 1.3946  pmax 2.2  (17s)
step  2000  train 1.2117  eval 1.1507  pmax 2.4  (28s)
step  3000  train 1.1839  eval 1.1069  pmax 2.4  (39s)
step  4000  train 1.1408  eval 1.0668  pmax 2.4  (50s)
step  5000  train 1.1031  eval 1.0618  pmax 2.4  (62s)
step  6000  train 1.0953  eval 1.0674  pmax 2.4  (73s)
step  7000  train 1.0825  eval 1.0362  pmax 2.5  (85s)
step  8000  train 1.0837  eval 1.0234  pmax 2.5  (96s)
step  9000  train 1.0745  eval 0.9822  pmax 2.5  (107s)
step 10000  train 1.0545  eval 1.0045  pmax 2.5  (118s)
step 11000  train 1.0764  eval 0.9948  pmax 2.5  (129s)
step 12000  train 1.0510  eval 1.0223  pmax 2.5  (140s)
step 13000  train 1.0359  eval 0.9848  pmax 2.5  (152s)
step 14000  train 1.0595  eval 0.9954  pmax 2.5  (164s)
step 15000  train 1.0544  eval 1.0133  pmax 2.6  (175s)
step 16000  train 1.0179  eval 0.9936  pmax 2.7  (185s)
step 17000  train 1.0114  eval 0.9717  pmax 2.9  (196s)
step 18000  train 1.0176  eval 0.9299  pmax 2.9  (207s)
step 19000  train 1.0145  eval 0.9560  pmax 3.1  (221s)
step 20000  train 1.0138  eval 0.9874  pmax 3.2  (235s)
step 21000  train 1.0053  eval 0.9521  pmax 3.3  (250s)
step 22000  train 1.0071  eval 0.9585  pmax 3.4  (264s)
step 23000  train 0.9937  eval 0.9966  pmax 3.5  (278s)
step 24000  train 1.0095  eval 0.9569  pmax 3.6  (292s)
step 25000  train 0.9810  eval 0.9942  pmax 3.8  (305s)
  [checkpoint + sample saved at step 25000]
step 26000  train 0.9760  eval 0.9738  pmax 3.8  (320s)
step 27000  train 0.9926  eval 0.9354  pmax 4.0  (335s)
step 28000  train 0.9910  eval 0.9752  pmax 4.2  (349s)
step 29000  train 1.0139  eval 0.9592  pmax 4.2  (364s)
step 30000  train 1.0135  eval 0.9492  pmax 4.3  (378s)
step 31000  train 0.9983  eval 0.9920  pmax 4.4  (392s)
step 32000  train 1.0220  eval 0.9606  pmax 4.5  (406s)
step 33000  train 0.9570  eval 0.9360  pmax 4.6  (421s)
step 34000  train 1.0335  eval 0.9279  pmax 4.6  (436s)
step 35000  train 0.9822  eval 0.9621  pmax 4.8  (451s)
step 36000  train 0.9769  eval 0.9484  pmax 4.8  (466s)
step 37000  train 1.0029  eval 0.9353  pmax 5.0  (481s)
step 38000  train 0.9909  eval 0.9433  pmax 5.1  (496s)
step 39000  train 0.9996  eval 0.9305  pmax 5.2  (511s)
step 40000  train 0.9951  eval 0.9442  pmax 5.3  (526s)
step 41000  train 0.9636  eval 0.9477  pmax 5.4  (541s)
step 42000  train 0.9847  eval 0.9600  pmax 5.5  (556s)
step 43000  train 0.9780  eval 0.9257  pmax 5.5  (571s)
step 44000  train 0.9967  eval 0.9627  pmax 5.6  (586s)
step 45000  train 0.9812  eval 0.9104  pmax 5.7  (601s)
step 46000  train 1.0066  eval 0.9160  pmax 5.8  (616s)
step 47000  train 0.9869  eval 0.9179  pmax 5.9  (631s)
step 48000  train 0.9628  eval 0.9670  pmax 6.0  (646s)
step 49000  train 0.9659  eval 0.9268  pmax 6.0  (660s)
step 50000  train 0.9405  eval 0.9296  pmax 6.1  (675s)
  [checkpoint + sample saved at step 50000]
step 51000  train 0.9477  eval 0.9119  pmax 6.2  (690s)
step 52000  train 0.9869  eval 0.9120  pmax 6.3  (706s)
step 53000  train 0.9776  eval 0.9004  pmax 6.4  (720s)
step 54000  train 1.0091  eval 0.9578  pmax 6.5  (735s)
step 55000  train 1.0024  eval 0.9085  pmax 6.5  (750s)
step 56000  train 0.9853  eval 0.8935  pmax 6.6  (765s)
step 57000  train 0.9722  eval 0.9269  pmax 6.7  (780s)
step 58000  train 0.9612  eval 0.9039  pmax 6.8  (795s)
step 59000  train 0.9799  eval 0.9471  pmax 6.9  (810s)
step 60000  train 0.9784  eval 0.9140  pmax 7.0  (825s)
step 61000  train 0.9488  eval 0.9382  pmax 7.0  (840s)
step 62000  train 0.9795  eval 0.9393  pmax 7.1  (855s)
step 63000  train 0.9607  eval 0.9235  pmax 7.2  (870s)
step 64000  train 0.9780  eval 0.9170  pmax 7.2  (885s)
step 65000  train 1.0019  eval 0.9500  pmax 7.3  (900s)
step 66000  train 1.0059  eval 0.9384  pmax 7.3  (915s)
step 67000  train 0.9598  eval 0.9404  pmax 7.4  (930s)
step 68000  train 0.9608  eval 0.9373  pmax 7.5  (946s)
step 69000  train 0.9899  eval 0.9061  pmax 7.6  (961s)
step 70000  train 0.9674  eval 0.9004  pmax 7.6  (976s)
step 71000  train 0.9546  eval 0.9265  pmax 7.7  (990s)
step 72000  train 0.9727  eval 0.9608  pmax 7.7  (1005s)
step 73000  train 0.9650  eval 0.9160  pmax 7.8  (1018s)
step 74000  train 0.9441  eval 0.8835  pmax 7.8  (1033s)
step 75000  train 0.9671  eval 0.9378  pmax 7.9  (1047s)
  [checkpoint + sample saved at step 75000]
step 76000  train 0.9403  eval 0.9083  pmax 7.9  (1062s)
step 77000  train 0.9745  eval 0.9093  pmax 7.9  (1076s)
step 78000  train 0.9773  eval 0.9224  pmax 7.9  (1090s)
step 79000  train 0.9734  eval 0.8633  pmax 8.0  (1104s)
step 80000  train 0.9893  eval 0.9084  pmax 8.0  (1118s)
step 81000  train 0.9371  eval 0.8979  pmax 8.1  (1132s)
step 82000  train 0.9611  eval 0.8947  pmax 8.1  (1146s)
step 83000  train 0.9442  eval 0.9099  pmax 8.2  (1160s)
step 84000  train 0.9544  eval 0.9035  pmax 8.2  (1174s)
step 85000  train 0.9653  eval 0.9106  pmax 8.2  (1189s)
step 86000  train 0.9165  eval 0.8981  pmax 8.2  (1203s)
step 87000  train 0.9615  eval 0.9258  pmax 8.3  (1217s)
step 88000  train 0.9393  eval 0.9200  pmax 8.3  (1232s)
step 89000  train 0.9586  eval 0.8746  pmax 8.3  (1245s)
step 90000  train 0.9459  eval 0.8804  pmax 8.4  (1259s)
step 91000  train 0.9568  eval 0.9050  pmax 8.5  (1273s)
step 92000  train 0.9739  eval 0.9232  pmax 8.5  (1287s)
step 93000  train 0.9917  eval 0.8760  pmax 8.6  (1302s)
step 94000  train 0.9511  eval 0.8919  pmax 8.7  (1316s)
step 95000  train 0.9626  eval 0.8952  pmax 8.7  (1330s)
step 96000  train 0.9550  eval 0.8989  pmax 8.8  (1344s)
step 97000  train 0.9489  eval 0.8694  pmax 8.9  (1357s)
step 98000  train 0.9424  eval 0.8868  pmax 9.0  (1371s)
step 99000  train 0.9676  eval 0.9159  pmax 9.0  (1385s)
step 100000  train 0.9632  eval 0.8937  pmax 9.1  (1400s)
  [checkpoint + sample saved at step 100000]
step 101000  train 0.9724  eval 0.9153  pmax 9.2  (1415s)
step 102000  train 0.9633  eval 0.9025  pmax 9.2  (1429s)
step 103000  train 0.9620  eval 0.9099  pmax 9.3  (1443s)
step 104000  train 0.9239  eval 0.9274  pmax 9.4  (1457s)
step 105000  train 0.9666  eval 0.8947  pmax 9.4  (1472s)
step 106000  train 0.9304  eval 0.8963  pmax 9.5  (1486s)
step 107000  train 0.9515  eval 0.9099  pmax 9.5  (1500s)
step 108000  train 0.9360  eval 0.9030  pmax 9.6  (1514s)
step 109000  train 0.9499  eval 0.9086  pmax 9.7  (1528s)
step 110000  train 0.9413  eval 0.9251  pmax 9.7  (1543s)
step 111000  train 0.9288  eval 0.9558  pmax 9.8  (1557s)
step 112000  train 0.9665  eval 0.8914  pmax 9.9  (1571s)
step 113000  train 0.9336  eval 0.8979  pmax 9.9  (1585s)
step 114000  train 0.9335  eval 0.8838  pmax 10.0  (1599s)
step 115000  train 0.9519  eval 0.9213  pmax 10.1  (1613s)
step 116000  train 0.9325  eval 0.8796  pmax 10.1  (1627s)
step 117000  train 0.9447  eval 0.9379  pmax 10.2  (1641s)
step 118000  train 0.9373  eval 0.9277  pmax 10.2  (1655s)
step 119000  train 0.9425  eval 0.8637  pmax 10.3  (1669s)
step 120000  train 0.9519  eval 0.8983  pmax 10.4  (1683s)
step 121000  train 0.9337  eval 0.8694  pmax 10.4  (1697s)
step 122000  train 0.9434  eval 0.9157  pmax 10.5  (1711s)
step 123000  train 0.9480  eval 0.9173  pmax 10.5  (1725s)
step 124000  train 0.9648  eval 0.8851  pmax 10.6  (1739s)
step 125000  train 0.9852  eval 0.9079  pmax 10.6  (1753s)
  [checkpoint + sample saved at step 125000]
step 126000  train 0.9520  eval 0.9097  pmax 10.7  (1768s)
step 127000  train 0.9830  eval 0.8955  pmax 10.8  (1782s)
step 128000  train 0.9262  eval 0.9046  pmax 10.8  (1796s)
step 129000  train 0.9550  eval 0.8731  pmax 10.9  (1810s)
step 130000  train 0.9489  eval 0.9081  pmax 10.9  (1823s)
step 131000  train 0.9286  eval 0.8610  pmax 11.0  (1838s)
step 132000  train 0.9520  eval 0.8862  pmax 11.0  (1852s)
step 133000  train 0.9334  eval 0.8588  pmax 11.1  (1866s)
step 134000  train 0.9584  eval 0.8856  pmax 11.1  (1880s)
step 135000  train 0.9264  eval 0.8921  pmax 11.2  (1894s)
step 136000  train 0.9011  eval 0.8893  pmax 11.2  (1908s)
step 137000  train 0.9239  eval 0.8636  pmax 11.3  (1923s)
step 138000  train 0.9250  eval 0.9221  pmax 11.3  (1937s)
step 139000  train 0.9388  eval 0.9002  pmax 11.4  (1951s)
step 140000  train 0.9382  eval 0.8547  pmax 11.4  (1964s)
step 141000  train 0.9263  eval 0.8771  pmax 11.5  (1977s)
step 142000  train 0.9613  eval 0.9115  pmax 11.5  (1991s)
step 143000  train 0.9392  eval 0.9125  pmax 11.5  (2006s)
step 144000  train 0.9376  eval 0.8906  pmax 11.6  (2020s)
step 145000  train 0.9350  eval 0.8598  pmax 11.6  (2034s)
step 146000  train 0.9738  eval 0.8865  pmax 11.7  (2049s)
step 147000  train 0.9649  eval 0.9137  pmax 11.7  (2062s)
step 148000  train 0.9489  eval 0.8825  pmax 11.8  (2076s)
step 149000  train 0.9245  eval 0.9002  pmax 11.8  (2092s)
step 150000  train 0.9366  eval 0.9352  pmax 11.9  (2107s)
  [checkpoint + sample saved at step 150000]
step 151000  train 0.9123  eval 0.9119  pmax 11.9  (2122s)
step 152000  train 0.9385  eval 0.8900  pmax 11.9  (2138s)
step 153000  train 0.8879  eval 0.8617  pmax 12.0  (2153s)
step 154000  train 0.9328  eval 0.8998  pmax 12.0  (2168s)
step 155000  train 0.9198  eval 0.8817  pmax 12.1  (2183s)
step 156000  train 0.9454  eval 0.8911  pmax 12.1  (2198s)
step 157000  train 0.9294  eval 0.8932  pmax 12.2  (2213s)
step 158000  train 0.9187  eval 0.8893  pmax 12.2  (2228s)
step 159000  train 0.9102  eval 0.8881  pmax 12.2  (2243s)
step 160000  train 0.9406  eval 0.8779  pmax 12.3  (2258s)
step 161000  train 0.9247  eval 0.8646  pmax 12.3  (2273s)
step 162000  train 0.9449  eval 0.8730  pmax 12.3  (2288s)
step 163000  train 0.9267  eval 0.8830  pmax 12.4  (2303s)
step 164000  train 0.9594  eval 0.8546  pmax 12.4  (2318s)
step 165000  train 0.9481  eval 0.8544  pmax 12.4  (2333s)
step 166000  train 0.9380  eval 0.8750  pmax 12.5  (2348s)
step 167000  train 0.9121  eval 0.8707  pmax 12.5  (2364s)
step 168000  train 0.9369  eval 0.8557  pmax 12.6  (2379s)
step 169000  train 0.9349  eval 0.8807  pmax 12.6  (2394s)
step 170000  train 0.9141  eval 0.8771  pmax 12.6  (2409s)
step 171000  train 0.9413  eval 0.8649  pmax 12.6  (2424s)
step 172000  train 0.9389  eval 0.8555  pmax 12.7  (2439s)
step 173000  train 0.9231  eval 0.8426  pmax 12.7  (2454s)
step 174000  train 0.9625  eval 0.9020  pmax 12.7  (2469s)
step 175000  train 0.9233  eval 0.8913  pmax 12.8  (2484s)
  [checkpoint + sample saved at step 175000]
step 176000  train 0.9225  eval 0.9088  pmax 12.8  (2500s)
step 177000  train 0.9357  eval 0.8862  pmax 12.8  (2514s)
step 178000  train 0.9359  eval 0.9095  pmax 12.9  (2529s)
step 179000  train 0.9120  eval 0.9008  pmax 12.9  (2545s)
step 180000  train 0.9402  eval 0.8629  pmax 12.9  (2560s)
step 181000  train 0.9055  eval 0.9013  pmax 12.9  (2575s)
step 182000  train 0.9374  eval 0.9046  pmax 13.0  (2590s)
step 183000  train 0.9460  eval 0.8819  pmax 13.0  (2605s)
step 184000  train 0.9315  eval 0.8768  pmax 13.0  (2620s)
step 185000  train 0.9581  eval 0.9188  pmax 13.1  (2635s)
step 186000  train 0.9207  eval 0.8898  pmax 13.1  (2650s)
step 187000  train 0.9079  eval 0.8891  pmax 13.1  (2665s)
step 188000  train 0.9395  eval 0.9212  pmax 13.1  (2680s)
step 189000  train 0.9449  eval 0.9003  pmax 13.2  (2695s)
step 190000  train 0.8957  eval 0.8662  pmax 13.2  (2711s)
step 191000  train 0.9185  eval 0.8744  pmax 13.2  (2726s)
step 192000  train 0.8992  eval 0.8663  pmax 13.2  (2741s)
step 193000  train 0.9248  eval 0.8706  pmax 13.3  (2755s)
step 194000  train 0.9238  eval 0.8519  pmax 13.3  (2771s)
step 195000  train 0.9429  eval 0.8843  pmax 13.3  (2786s)
step 196000  train 0.9467  eval 0.8643  pmax 13.3  (2801s)
step 197000  train 0.8971  eval 0.8488  pmax 13.4  (2816s)
step 198000  train 0.9073  eval 0.8996  pmax 13.4  (2831s)
step 199000  train 0.9220  eval 0.8724  pmax 13.4  (2846s)
step 200000  train 0.9561  eval 0.9129  pmax 13.4  (2861s)
  [checkpoint + sample saved at step 200000]
step 201000  train 0.9099  eval 0.8530  pmax 13.4  (2877s)
step 202000  train 0.9379  eval 0.9059  pmax 13.5  (2892s)
step 203000  train 0.8926  eval 0.8763  pmax 13.5  (2908s)
step 204000  train 0.9264  eval 0.8675  pmax 13.5  (2923s)
step 205000  train 0.8862  eval 0.8495  pmax 13.5  (2938s)
step 206000  train 0.9203  eval 0.8958  pmax 13.5  (2953s)
step 207000  train 0.9101  eval 0.8950  pmax 13.6  (2967s)
step 208000  train 0.9253  eval 0.8799  pmax 13.6  (2981s)
step 209000  train 0.9219  eval 0.8661  pmax 13.6  (2995s)
step 210000  train 0.9141  eval 0.8809  pmax 13.6  (3010s)
step 211000  train 0.9860  eval 0.8939  pmax 13.6  (3024s)
step 212000  train 0.9230  eval 0.8738  pmax 13.6  (3038s)
step 213000  train 0.9342  eval 0.8762  pmax 13.7  (3052s)
step 214000  train 0.9253  eval 0.8519  pmax 13.7  (3066s)
step 215000  train 0.9121  eval 0.8598  pmax 13.7  (3080s)
step 216000  train 0.9504  eval 0.8901  pmax 13.7  (3094s)
step 217000  train 0.9524  eval 0.8774  pmax 13.7  (3109s)
step 218000  train 0.9239  eval 0.9178  pmax 13.7  (3123s)
step 219000  train 0.9065  eval 0.8805  pmax 13.8  (3137s)
step 220000  train 0.9012  eval 0.8600  pmax 13.8  (3151s)
step 221000  train 0.9198  eval 0.8824  pmax 13.8  (3165s)
step 222000  train 0.9326  eval 0.8671  pmax 13.8  (3179s)
step 223000  train 0.9567  eval 0.8487  pmax 13.8  (3193s)
step 224000  train 0.9154  eval 0.8848  pmax 13.8  (3207s)
step 225000  train 0.9384  eval 0.9020  pmax 13.8  (3221s)
  [checkpoint + sample saved at step 225000]
step 226000  train 0.8995  eval 0.8903  pmax 13.9  (3235s)
step 227000  train 0.9198  eval 0.8704  pmax 13.9  (3250s)
step 228000  train 0.9091  eval 0.8686  pmax 13.9  (3264s)
step 229000  train 0.9405  eval 0.8831  pmax 13.9  (3278s)
step 230000  train 0.9337  eval 0.8806  pmax 13.9  (3292s)
step 231000  train 0.9026  eval 0.8683  pmax 13.9  (3306s)
step 232000  train 0.9318  eval 0.8714  pmax 13.9  (3319s)
step 233000  train 0.9186  eval 0.8608  pmax 13.9  (3334s)
step 234000  train 0.9139  eval 0.8734  pmax 13.9  (3348s)
step 235000  train 0.9377  eval 0.8795  pmax 14.0  (3362s)
step 236000  train 0.9134  eval 0.8630  pmax 14.0  (3376s)
step 237000  train 0.9288  eval 0.8756  pmax 14.0  (3390s)
step 238000  train 0.9125  eval 0.8883  pmax 14.0  (3404s)
step 239000  train 0.9136  eval 0.8903  pmax 14.0  (3418s)
step 240000  train 0.9074  eval 0.8674  pmax 14.0  (3432s)
step 241000  train 0.9082  eval 0.8602  pmax 14.0  (3446s)
step 242000  train 0.9012  eval 0.8773  pmax 14.0  (3460s)
step 243000  train 0.9438  eval 0.9185  pmax 14.0  (3474s)
step 244000  train 0.8982  eval 0.8781  pmax 14.0  (3488s)
step 245000  train 0.8822  eval 0.8333  pmax 14.0  (3502s)
step 246000  train 0.9182  eval 0.8897  pmax 14.1  (3516s)
step 247000  train 0.9305  eval 0.8929  pmax 14.1  (3529s)
step 248000  train 0.8970  eval 0.8418  pmax 14.1  (3543s)
step 249000  train 0.9767  eval 0.8881  pmax 14.1  (3557s)
step 250000  train 0.9531  eval 0.8790  pmax 14.1  (3573s)
  [checkpoint + sample saved at step 250000]
step 251000  train 0.9101  eval 0.8745  pmax 14.1  (3588s)
step 252000  train 0.9271  eval 0.8745  pmax 14.1  (3603s)
step 253000  train 0.9207  eval 0.8758  pmax 14.1  (3617s)
step 254000  train 0.9358  eval 0.8308  pmax 14.1  (3632s)
step 255000  train 0.9162  eval 0.8982  pmax 14.1  (3647s)
step 256000  train 0.9440  eval 0.8720  pmax 14.1  (3662s)
step 257000  train 0.8897  eval 0.8645  pmax 14.1  (3677s)
step 258000  train 0.8976  eval 0.8701  pmax 14.1  (3693s)
step 259000  train 0.8916  eval 0.8234  pmax 14.1  (3708s)
step 260000  train 0.9626  eval 0.8507  pmax 14.1  (3723s)
step 261000  train 0.9275  eval 0.8630  pmax 14.1  (3738s)
step 262000  train 0.9097  eval 0.8147  pmax 14.1  (3753s)
step 263000  train 0.9346  eval 0.8551  pmax 14.1  (3768s)
step 264000  train 0.9161  eval 0.8562  pmax 14.1  (3783s)
step 265000  train 0.9168  eval 0.8714  pmax 14.2  (3798s)
step 266000  train 0.8866  eval 0.8905  pmax 14.2  (3813s)
step 267000  train 0.9044  eval 0.8578  pmax 14.2  (3828s)
step 268000  train 0.9458  eval 0.8551  pmax 14.2  (3843s)
step 269000  train 0.9250  eval 0.8945  pmax 14.2  (3858s)
step 270000  train 0.9177  eval 0.8978  pmax 14.2  (3873s)
step 271000  train 0.9071  eval 0.8871  pmax 14.2  (3888s)
step 272000  train 0.9034  eval 0.8537  pmax 14.2  (3903s)
step 273000  train 0.9089  eval 0.8587  pmax 14.2  (3918s)
step 274000  train 0.9168  eval 0.8780  pmax 14.2  (3934s)
step 275000  train 0.9040  eval 0.8536  pmax 14.2  (3948s)
  [checkpoint + sample saved at step 275000]
step 276000  train 0.9082  eval 0.8453  pmax 14.2  (3964s)
step 277000  train 0.8943  eval 0.8806  pmax 14.2  (3979s)
step 278000  train 0.9180  eval 0.8361  pmax 14.2  (3995s)
step 279000  train 0.8898  eval 0.8540  pmax 14.2  (4010s)
step 280000  train 0.9050  eval 0.8997  pmax 14.2  (4025s)
step 281000  train 0.9171  eval 0.8745  pmax 14.2  (4041s)
step 282000  train 0.8814  eval 0.8592  pmax 14.2  (4056s)
step 283000  train 0.9391  eval 0.8604  pmax 14.2  (4071s)
step 284000  train 0.9119  eval 0.8783  pmax 14.2  (4086s)
step 285000  train 0.8986  eval 0.8631  pmax 14.2  (4101s)
step 286000  train 0.8828  eval 0.8841  pmax 14.2  (4116s)
step 287000  train 0.9144  eval 0.8556  pmax 14.2  (4131s)
step 288000  train 0.8871  eval 0.8584  pmax 14.2  (4146s)
step 289000  train 0.9009  eval 0.9075  pmax 14.2  (4162s)
step 290000  train 0.9169  eval 0.8325  pmax 14.2  (4177s)
step 291000  train 0.8960  eval 0.8945  pmax 14.2  (4192s)
step 292000  train 0.9380  eval 0.8649  pmax 14.2  (4208s)
step 293000  train 0.8959  eval 0.8714  pmax 14.2  (4223s)
step 294000  train 0.9193  eval 0.8259  pmax 14.2  (4238s)
step 295000  train 0.8888  eval 0.8771  pmax 14.2  (4253s)
step 296000  train 0.9171  eval 0.8517  pmax 14.2  (4268s)
step 297000  train 0.9116  eval 0.8395  pmax 14.2  (4283s)
step 298000  train 0.9361  eval 0.8795  pmax 14.2  (4297s)
step 299000  train 0.8998  eval 0.8731  pmax 14.2  (4311s)
step 300000  train 0.9342  eval 0.8495  pmax 14.2  (4325s)
  [checkpoint + sample saved at step 300000]
done. artifacts in /home/luke/Wavelet-State-KAN/checkpoints/tf_tinystories_100k_3ep_s7
