/home/luke/Wavelet-State-KAN/experiments/V1_train_tinystories_lm.py:107: UserWarning: The given buffer is not writable, and PyTorch does not support non-writable tensors. This means you can write to the underlying (supposedly non-writable) buffer using the tensor. You may want to copy the buffer to protect its data or make it writable before converting it to a tensor. This type of warning will be suppressed for the rest of this program. (Triggered internally at /__w/pytorch/pytorch/torch/csrc/utils/tensor_new.cpp:1556.)
  train_ids = torch.frombuffer(train_text.encode("utf-8", errors="ignore"), dtype=torch.uint8)
train bytes: 1,905,061,325  eval bytes: 405,730
model: tf  params: 9,840  device: cuda
step     1  train 5.4923  eval 5.4232  pmax 1.0  (1s)
step  1000  train 2.2457  eval 2.2484  pmax 2.4  (14s)
step  2000  train 2.0367  eval 2.0369  pmax 2.5  (27s)
step  3000  train 1.9583  eval 1.9415  pmax 2.7  (40s)
step  4000  train 1.9246  eval 1.9060  pmax 2.7  (53s)
step  5000  train 1.8994  eval 1.8851  pmax 2.8  (65s)
step  6000  train 1.8836  eval 1.8989  pmax 2.9  (78s)
step  7000  train 1.8687  eval 1.8231  pmax 3.0  (91s)
step  8000  train 1.8904  eval 1.8486  pmax 3.0  (103s)
step  9000  train 1.8665  eval 1.8649  pmax 3.1  (116s)
step 10000  train 1.8190  eval 1.8043  pmax 3.1  (129s)
step 11000  train 1.8032  eval 1.8243  pmax 3.2  (142s)
step 12000  train 1.8177  eval 1.8038  pmax 3.2  (155s)
step 13000  train 1.8269  eval 1.7639  pmax 3.2  (167s)
step 14000  train 1.8118  eval 1.7802  pmax 3.2  (180s)
step 15000  train 1.7733  eval 1.7637  pmax 3.3  (193s)
step 16000  train 1.8067  eval 1.7698  pmax 3.3  (205s)
step 17000  train 1.8267  eval 1.7673  pmax 3.3  (218s)
step 18000  train 1.7733  eval 1.7548  pmax 3.3  (231s)
step 19000  train 1.7845  eval 1.7595  pmax 3.4  (243s)
step 20000  train 1.7823  eval 1.7613  pmax 3.4  (256s)
step 21000  train 1.7857  eval 1.7273  pmax 3.4  (269s)
step 22000  train 1.7789  eval 1.7291  pmax 3.5  (281s)
step 23000  train 1.7687  eval 1.7361  pmax 3.6  (294s)
step 24000  train 1.7817  eval 1.7470  pmax 3.7  (307s)
step 25000  train 1.7626  eval 1.7407  pmax 3.7  (319s)
  [checkpoint + sample saved at step 25000]
step 26000  train 1.7730  eval 1.7770  pmax 3.8  (333s)
step 27000  train 1.7328  eval 1.6925  pmax 3.8  (346s)
step 28000  train 1.7588  eval 1.7353  pmax 3.8  (358s)
step 29000  train 1.7601  eval 1.7324  pmax 3.8  (371s)
step 30000  train 1.7250  eval 1.7161  pmax 3.7  (383s)
step 31000  train 1.7794  eval 1.7349  pmax 3.8  (396s)
step 32000  train 1.7512  eval 1.7280  pmax 3.8  (409s)
step 33000  train 1.7337  eval 1.7356  pmax 3.8  (422s)
step 34000  train 1.7398  eval 1.7114  pmax 3.7  (434s)
step 35000  train 1.7262  eval 1.7307  pmax 3.7  (447s)
step 36000  train 1.7630  eval 1.7069  pmax 3.7  (460s)
step 37000  train 1.7781  eval 1.7113  pmax 3.7  (472s)
step 38000  train 1.7140  eval 1.7172  pmax 3.7  (485s)
step 39000  train 1.7449  eval 1.6757  pmax 3.7  (498s)
step 40000  train 1.7394  eval 1.7699  pmax 3.8  (511s)
step 41000  train 1.7388  eval 1.7035  pmax 3.8  (523s)
step 42000  train 1.7010  eval 1.7214  pmax 3.8  (536s)
step 43000  train 1.7252  eval 1.6975  pmax 3.8  (549s)
step 44000  train 1.7436  eval 1.6750  pmax 3.8  (561s)
step 45000  train 1.7505  eval 1.6619  pmax 3.9  (574s)
step 46000  train 1.7184  eval 1.7019  pmax 3.9  (586s)
step 47000  train 1.7356  eval 1.6914  pmax 3.9  (600s)
step 48000  train 1.7381  eval 1.7017  pmax 3.9  (612s)
step 49000  train 1.7397  eval 1.6761  pmax 3.9  (625s)
step 50000  train 1.7120  eval 1.7195  pmax 3.9  (638s)
  [checkpoint + sample saved at step 50000]
step 51000  train 1.7129  eval 1.6862  pmax 3.9  (651s)
step 52000  train 1.7017  eval 1.6609  pmax 3.9  (663s)
step 53000  train 1.7338  eval 1.6954  pmax 3.9  (676s)
step 54000  train 1.7221  eval 1.7176  pmax 3.9  (689s)
step 55000  train 1.7543  eval 1.6908  pmax 3.9  (702s)
step 56000  train 1.7149  eval 1.6875  pmax 4.0  (714s)
step 57000  train 1.7406  eval 1.6963  pmax 4.0  (727s)
step 58000  train 1.7193  eval 1.6877  pmax 4.0  (740s)
step 59000  train 1.7534  eval 1.6940  pmax 4.0  (752s)
step 60000  train 1.7060  eval 1.6933  pmax 4.0  (765s)
  [checkpoint + sample saved at step 60000]
done. artifacts in /home/luke/Wavelet-State-KAN/checkpoints/tf_tinystories_10k_3ep_s123
