/home/luke/Wavelet-State-KAN/experiments/V1_train_tinystories_lm.py:107: UserWarning: The given buffer is not writable, and PyTorch does not support non-writable tensors. This means you can write to the underlying (supposedly non-writable) buffer using the tensor. You may want to copy the buffer to protect its data or make it writable before converting it to a tensor. This type of warning will be suppressed for the rest of this program. (Triggered internally at /__w/pytorch/pytorch/torch/csrc/utils/tensor_new.cpp:1556.)
  train_ids = torch.frombuffer(train_text.encode("utf-8", errors="ignore"), dtype=torch.uint8)
train bytes: 1,905,061,325  eval bytes: 405,730
model: tf  params: 9,840  device: cuda
step     1  train 5.5293  eval 5.4919  pmax 1.0  (1s)
step  1000  train 2.1730  eval 2.1755  pmax 2.2  (14s)
step  2000  train 1.9917  eval 1.9776  pmax 2.5  (26s)
step  3000  train 1.9488  eval 1.9304  pmax 2.7  (39s)
step  4000  train 1.8843  eval 1.8450  pmax 2.9  (51s)
step  5000  train 1.8864  eval 1.8746  pmax 3.0  (64s)
step  6000  train 1.8451  eval 1.8037  pmax 3.2  (76s)
step  7000  train 1.8266  eval 1.7635  pmax 3.3  (89s)
step  8000  train 1.8259  eval 1.7705  pmax 3.4  (101s)
step  9000  train 1.8099  eval 1.7892  pmax 3.5  (114s)
step 10000  train 1.7913  eval 1.7855  pmax 3.6  (126s)
step 11000  train 1.7774  eval 1.7577  pmax 3.7  (138s)
step 12000  train 1.7757  eval 1.7688  pmax 3.8  (151s)
step 13000  train 1.7517  eval 1.7373  pmax 3.9  (163s)
step 14000  train 1.7496  eval 1.7073  pmax 3.9  (176s)
step 15000  train 1.7446  eval 1.6998  pmax 4.0  (188s)
step 16000  train 1.7793  eval 1.7330  pmax 4.1  (200s)
step 17000  train 1.7778  eval 1.7235  pmax 4.1  (212s)
step 18000  train 1.7656  eval 1.7059  pmax 4.1  (224s)
step 19000  train 1.7761  eval 1.7091  pmax 4.2  (237s)
step 20000  train 1.7275  eval 1.7319  pmax 4.2  (249s)
step 21000  train 1.7242  eval 1.6908  pmax 4.2  (262s)
step 22000  train 1.7627  eval 1.7150  pmax 4.2  (274s)
step 23000  train 1.7301  eval 1.7000  pmax 4.2  (286s)
step 24000  train 1.7221  eval 1.7031  pmax 4.2  (299s)
step 25000  train 1.7311  eval 1.7058  pmax 4.2  (311s)
  [checkpoint + sample saved at step 25000]
step 26000  train 1.7487  eval 1.7000  pmax 4.2  (323s)
step 27000  train 1.6862  eval 1.6930  pmax 4.2  (336s)
step 28000  train 1.7463  eval 1.6924  pmax 4.2  (348s)
step 29000  train 1.6904  eval 1.6728  pmax 4.3  (361s)
step 30000  train 1.7386  eval 1.7116  pmax 4.3  (373s)
step 31000  train 1.6761  eval 1.6947  pmax 4.3  (385s)
step 32000  train 1.7028  eval 1.6312  pmax 4.3  (398s)
step 33000  train 1.6862  eval 1.6918  pmax 4.3  (410s)
step 34000  train 1.6938  eval 1.6710  pmax 4.3  (422s)
step 35000  train 1.6839  eval 1.6447  pmax 4.3  (435s)
step 36000  train 1.7003  eval 1.6509  pmax 4.3  (447s)
step 37000  train 1.7158  eval 1.6758  pmax 4.3  (460s)
step 38000  train 1.7281  eval 1.6445  pmax 4.3  (472s)
step 39000  train 1.7004  eval 1.6364  pmax 4.4  (484s)
step 40000  train 1.6906  eval 1.6454  pmax 4.4  (497s)
step 41000  train 1.6874  eval 1.6325  pmax 4.4  (509s)
step 42000  train 1.6753  eval 1.6768  pmax 4.4  (522s)
step 43000  train 1.6961  eval 1.6679  pmax 4.4  (534s)
step 44000  train 1.6648  eval 1.6545  pmax 4.4  (546s)
step 45000  train 1.6855  eval 1.6294  pmax 4.4  (559s)
step 46000  train 1.6880  eval 1.6532  pmax 4.4  (571s)
step 47000  train 1.6615  eval 1.6655  pmax 4.4  (584s)
step 48000  train 1.6594  eval 1.6179  pmax 4.5  (596s)
step 49000  train 1.6778  eval 1.6336  pmax 4.5  (609s)
step 50000  train 1.6624  eval 1.6629  pmax 4.5  (621s)
  [checkpoint + sample saved at step 50000]
step 51000  train 1.7087  eval 1.6330  pmax 4.5  (634s)
step 52000  train 1.6612  eval 1.6542  pmax 4.5  (646s)
step 53000  train 1.6614  eval 1.6564  pmax 4.5  (659s)
step 54000  train 1.6674  eval 1.6439  pmax 4.5  (671s)
step 55000  train 1.6931  eval 1.6308  pmax 4.5  (684s)
step 56000  train 1.6662  eval 1.6265  pmax 4.5  (696s)
step 57000  train 1.6893  eval 1.6469  pmax 4.5  (709s)
step 58000  train 1.6714  eval 1.6242  pmax 4.5  (721s)
step 59000  train 1.6808  eval 1.6333  pmax 4.5  (733s)
step 60000  train 1.6287  eval 1.6158  pmax 4.5  (746s)
  [checkpoint + sample saved at step 60000]
done. artifacts in /home/luke/Wavelet-State-KAN/checkpoints/tf_tinystories_10k_3ep_s31337
