/home/luke/Wavelet-State-KAN/experiments/V1_train_tinystories_lm.py:107: UserWarning: The given buffer is not writable, and PyTorch does not support non-writable tensors. This means you can write to the underlying (supposedly non-writable) buffer using the tensor. You may want to copy the buffer to protect its data or make it writable before converting it to a tensor. This type of warning will be suppressed for the rest of this program. (Triggered internally at /__w/pytorch/pytorch/torch/csrc/utils/tensor_new.cpp:1556.)
  train_ids = torch.frombuffer(train_text.encode("utf-8", errors="ignore"), dtype=torch.uint8)
train bytes: 1,905,061,325  eval bytes: 405,730
model: tf  params: 1,008,160  device: cuda
step     1  train 5.5844  eval 5.0006  pmax 1.0  (5s)
step  1000  train 1.0120  eval 0.9591  pmax 1.6  (28s)
step  2000  train 0.8829  eval 0.8151  pmax 1.8  (51s)
step  3000  train 0.8447  eval 0.7954  pmax 1.9  (74s)
step  4000  train 0.8193  eval 0.7474  pmax 1.9  (97s)
step  5000  train 0.8095  eval 0.7165  pmax 1.9  (120s)
step  6000  train 0.7772  eval 0.7301  pmax 1.9  (143s)
step  7000  train 0.7710  eval 0.7041  pmax 1.9  (166s)
step  8000  train 0.7376  eval 0.7059  pmax 1.9  (189s)
step  9000  train 0.7700  eval 0.7362  pmax 1.9  (212s)
step 10000  train 0.7537  eval 0.7229  pmax 1.9  (235s)
  [checkpoint + sample saved at step 10000]
step 11000  train 0.7647  eval 0.6828  pmax 1.9  (259s)
step 12000  train 0.7801  eval 0.6514  pmax 1.9  (282s)
step 13000  train 0.7078  eval 0.7116  pmax 1.9  (304s)
step 14000  train 0.7306  eval 0.7025  pmax 1.9  (327s)
step 15000  train 0.7084  eval 0.6623  pmax 1.9  (350s)
step 16000  train 0.7141  eval 0.6732  pmax 1.9  (373s)
step 17000  train 0.7108  eval 0.6606  pmax 1.8  (396s)
step 18000  train 0.7209  eval 0.6671  pmax 1.8  (419s)
step 19000  train 0.7026  eval 0.6503  pmax 1.8  (442s)
step 20000  train 0.6960  eval 0.6407  pmax 1.8  (465s)
  [checkpoint + sample saved at step 20000]
step 21000  train 0.7558  eval 0.6532  pmax 1.8  (489s)
step 22000  train 0.7050  eval 0.6641  pmax 1.8  (512s)
step 23000  train 0.6919  eval 0.6676  pmax 1.9  (535s)
step 24000  train 0.6650  eval 0.6161  pmax 1.9  (558s)
step 25000  train 0.7175  eval 0.6388  pmax 2.0  (580s)
step 26000  train 0.6919  eval 0.6455  pmax 2.0  (603s)
step 27000  train 0.7095  eval 0.6512  pmax 2.1  (626s)
step 28000  train 0.7045  eval 0.6348  pmax 2.1  (649s)
step 29000  train 0.7017  eval 0.6128  pmax 2.2  (672s)
step 30000  train 0.6730  eval 0.6654  pmax 2.2  (695s)
  [checkpoint + sample saved at step 30000]
step 31000  train 0.6520  eval 0.6280  pmax 2.3  (719s)
step 32000  train 0.7079  eval 0.6684  pmax 2.3  (742s)
step 33000  train 0.7014  eval 0.6842  pmax 2.3  (765s)
step 34000  train 0.6853  eval 0.6450  pmax 2.4  (788s)
step 35000  train 0.6817  eval 0.6302  pmax 2.4  (811s)
step 36000  train 0.6714  eval 0.6442  pmax 2.4  (834s)
step 37000  train 0.6798  eval 0.6365  pmax 2.5  (856s)
step 38000  train 0.6612  eval 0.6114  pmax 2.5  (879s)
step 39000  train 0.6965  eval 0.5929  pmax 2.5  (902s)
step 40000  train 0.6795  eval 0.6287  pmax 2.6  (925s)
  [checkpoint + sample saved at step 40000]
step 41000  train 0.6892  eval 0.6324  pmax 2.6  (949s)
step 42000  train 0.6869  eval 0.6159  pmax 2.6  (972s)
step 43000  train 0.6829  eval 0.6236  pmax 2.6  (995s)
step 44000  train 0.6528  eval 0.6177  pmax 2.7  (1018s)
step 45000  train 0.6829  eval 0.6241  pmax 2.7  (1041s)
step 46000  train 0.6380  eval 0.6315  pmax 2.7  (1064s)
step 47000  train 0.6893  eval 0.6046  pmax 2.7  (1087s)
step 48000  train 0.6722  eval 0.6138  pmax 2.7  (1109s)
step 49000  train 0.6496  eval 0.6217  pmax 2.8  (1132s)
step 50000  train 0.6588  eval 0.6280  pmax 2.8  (1155s)
  [checkpoint + sample saved at step 50000]
step 51000  train 0.6554  eval 0.6106  pmax 2.8  (1179s)
step 52000  train 0.6544  eval 0.6182  pmax 2.8  (1202s)
step 53000  train 0.6558  eval 0.6026  pmax 2.8  (1225s)
step 54000  train 0.6504  eval 0.6100  pmax 2.8  (1248s)
step 55000  train 0.6527  eval 0.6093  pmax 2.8  (1271s)
step 56000  train 0.6587  eval 0.5980  pmax 2.9  (1294s)
step 57000  train 0.6309  eval 0.6140  pmax 2.9  (1317s)
step 58000  train 0.6474  eval 0.5983  pmax 2.9  (1340s)
step 59000  train 0.6894  eval 0.5780  pmax 2.9  (1363s)
step 60000  train 0.6544  eval 0.5857  pmax 2.9  (1386s)
  [checkpoint + sample saved at step 60000]
step 61000  train 0.6357  eval 0.5943  pmax 2.9  (1409s)
step 62000  train 0.6439  eval 0.5983  pmax 2.9  (1432s)
step 63000  train 0.6861  eval 0.6028  pmax 2.9  (1455s)
step 64000  train 0.6511  eval 0.5972  pmax 2.9  (1478s)
step 65000  train 0.6666  eval 0.6009  pmax 2.9  (1501s)
step 66000  train 0.6347  eval 0.6315  pmax 2.9  (1524s)
step 67000  train 0.6653  eval 0.5960  pmax 2.9  (1547s)
step 68000  train 0.6573  eval 0.6046  pmax 3.0  (1570s)
step 69000  train 0.6267  eval 0.6092  pmax 3.0  (1593s)
step 70000  train 0.6471  eval 0.6110  pmax 3.0  (1616s)
  [checkpoint + sample saved at step 70000]
step 71000  train 0.6362  eval 0.6153  pmax 3.0  (1639s)
step 72000  train 0.6530  eval 0.6023  pmax 3.0  (1662s)
step 73000  train 0.6494  eval 0.5880  pmax 3.0  (1685s)
step 74000  train 0.6477  eval 0.5972  pmax 3.0  (1708s)
step 75000  train 0.6400  eval 0.5977  pmax 3.0  (1731s)
step 76000  train 0.6409  eval 0.6104  pmax 3.0  (1754s)
step 77000  train 0.6501  eval 0.6206  pmax 3.0  (1777s)
step 78000  train 0.6592  eval 0.5768  pmax 3.0  (1800s)
step 79000  train 0.6353  eval 0.6024  pmax 3.0  (1822s)
step 80000  train 0.6580  eval 0.5840  pmax 3.0  (1845s)
  [checkpoint + sample saved at step 80000]
step 81000  train 0.6455  eval 0.5649  pmax 3.0  (1869s)
step 82000  train 0.6385  eval 0.5838  pmax 3.0  (1892s)
step 83000  train 0.6510  eval 0.6075  pmax 3.0  (1915s)
step 84000  train 0.6609  eval 0.5979  pmax 3.0  (1938s)
step 85000  train 0.6448  eval 0.6005  pmax 3.0  (1961s)
step 86000  train 0.6638  eval 0.5767  pmax 3.0  (1983s)
step 87000  train 0.6795  eval 0.6027  pmax 3.0  (2006s)
step 88000  train 0.6414  eval 0.6159  pmax 3.0  (2029s)
step 89000  train 0.6406  eval 0.5692  pmax 3.0  (2052s)
step 90000  train 0.6346  eval 0.6021  pmax 3.0  (2075s)
  [checkpoint + sample saved at step 90000]
step 91000  train 0.6328  eval 0.5996  pmax 3.0  (2099s)
step 92000  train 0.6352  eval 0.6000  pmax 3.0  (2122s)
step 93000  train 0.6285  eval 0.5912  pmax 3.0  (2144s)
step 94000  train 0.6477  eval 0.6055  pmax 3.0  (2167s)
step 95000  train 0.6248  eval 0.6295  pmax 3.0  (2190s)
step 96000  train 0.6351  eval 0.5699  pmax 3.0  (2213s)
step 97000  train 0.6428  eval 0.5881  pmax 3.0  (2236s)
step 98000  train 0.6403  eval 0.5789  pmax 3.0  (2259s)
step 99000  train 0.6690  eval 0.5537  pmax 3.0  (2282s)
step 100000  train 0.6460  eval 0.5973  pmax 3.0  (2305s)
  [checkpoint + sample saved at step 100000]
done. artifacts in /home/luke/Wavelet-State-KAN/checkpoints/tf_tinystories_1m_3ep_s123
