/home/luke/Wavelet-State-KAN/experiments/V1_train_tinystories_lm.py:107: UserWarning: The given buffer is not writable, and PyTorch does not support non-writable tensors. This means you can write to the underlying (supposedly non-writable) buffer using the tensor. You may want to copy the buffer to protect its data or make it writable before converting it to a tensor. This type of warning will be suppressed for the rest of this program. (Triggered internally at /__w/pytorch/pytorch/torch/csrc/utils/tensor_new.cpp:1556.)
  train_ids = torch.frombuffer(train_text.encode("utf-8", errors="ignore"), dtype=torch.uint8)
train bytes: 1,905,061,325  eval bytes: 405,730
model: tf  params: 2,284  device: cuda
step     1  train 5.5369  eval 5.5181  pmax 1.0  (1s)
step  1000  train 2.6094  eval 2.6273  pmax 2.1  (10s)
step  2000  train 2.5724  eval 2.5934  pmax 2.6  (19s)
step  3000  train 2.5275  eval 2.5542  pmax 3.3  (28s)
step  4000  train 2.5483  eval 2.5448  pmax 3.6  (37s)
step  5000  train 2.5105  eval 2.5364  pmax 3.7  (47s)
step  6000  train 2.4982  eval 2.4950  pmax 3.8  (56s)
step  7000  train 2.4859  eval 2.4626  pmax 4.0  (65s)
step  8000  train 2.4798  eval 2.4890  pmax 4.5  (74s)
step  9000  train 2.4899  eval 2.4824  pmax 5.3  (83s)
step 10000  train 2.4770  eval 2.4702  pmax 6.3  (92s)
step 11000  train 2.4573  eval 2.4840  pmax 7.3  (101s)
step 12000  train 2.4560  eval 2.4767  pmax 8.3  (110s)
step 13000  train 2.4757  eval 2.4605  pmax 9.1  (119s)
step 14000  train 2.4653  eval 2.4867  pmax 9.8  (128s)
step 15000  train 2.4674  eval 2.4645  pmax 10.5  (137s)
step 16000  train 2.4476  eval 2.4583  pmax 11.1  (146s)
step 17000  train 2.4617  eval 2.4627  pmax 11.6  (155s)
step 18000  train 2.4577  eval 2.4606  pmax 12.1  (164s)
step 19000  train 2.4675  eval 2.4718  pmax 12.5  (173s)
step 20000  train 2.4512  eval 2.4877  pmax 12.9  (182s)
step 21000  train 2.4661  eval 2.4615  pmax 13.2  (190s)
step 22000  train 2.4626  eval 2.4775  pmax 13.4  (200s)
step 23000  train 2.4495  eval 2.4646  pmax 13.6  (209s)
step 24000  train 2.4899  eval 2.4675  pmax 13.7  (218s)
step 25000  train 2.4736  eval 2.4587  pmax 13.8  (227s)
  [checkpoint + sample saved at step 25000]
step 26000  train 2.4706  eval 2.4611  pmax 13.9  (236s)
step 27000  train 2.4811  eval 2.4718  pmax 13.9  (245s)
step 28000  train 2.4608  eval 2.4762  pmax 13.9  (255s)
step 29000  train 2.4647  eval 2.4522  pmax 13.9  (264s)
step 30000  train 2.4542  eval 2.4689  pmax 13.9  (272s)
  [checkpoint + sample saved at step 30000]
done. artifacts in /home/luke/Wavelet-State-KAN/checkpoints/tf_tinystories_1k_3ep_s2024
