/home/luke/Wavelet-State-KAN/experiments/V1_train_tinystories_lm.py:107: UserWarning: The given buffer is not writable, and PyTorch does not support non-writable tensors. This means you can write to the underlying (supposedly non-writable) buffer using the tensor. You may want to copy the buffer to protect its data or make it writable before converting it to a tensor. This type of warning will be suppressed for the rest of this program. (Triggered internally at /__w/pytorch/pytorch/torch/csrc/utils/tensor_new.cpp:1556.)
  train_ids = torch.frombuffer(train_text.encode("utf-8", errors="ignore"), dtype=torch.uint8)
train bytes: 1,905,061,325  eval bytes: 405,730
model: tf  params: 98,800  device: cuda
step     1  train 5.5728  eval 5.5634  pmax 1.0  (5s)
step  1000  train 1.5731  eval 1.5346  pmax 2.3  (19s)
step  2000  train 1.3733  eval 1.3381  pmax 2.5  (32s)
step  3000  train 1.2627  eval 1.2307  pmax 2.6  (46s)
step  4000  train 1.2366  eval 1.2262  pmax 2.7  (61s)
step  5000  train 1.1561  eval 1.1588  pmax 2.8  (75s)
step  6000  train 1.1524  eval 1.1148  pmax 2.8  (89s)
step  7000  train 1.1644  eval 1.1120  pmax 2.8  (103s)
step  8000  train 1.1342  eval 1.1047  pmax 2.8  (117s)
step  9000  train 1.1686  eval 1.0546  pmax 2.8  (131s)
step 10000  train 1.1388  eval 1.0463  pmax 2.8  (145s)
step 11000  train 1.1209  eval 1.0546  pmax 2.8  (159s)
step 12000  train 1.1031  eval 1.0598  pmax 2.8  (173s)
step 13000  train 1.0895  eval 1.0546  pmax 2.8  (187s)
step 14000  train 1.0959  eval 1.0498  pmax 2.8  (201s)
step 15000  train 1.1129  eval 1.0381  pmax 2.8  (215s)
step 16000  train 1.0843  eval 1.0435  pmax 2.9  (229s)
step 17000  train 1.1102  eval 1.0036  pmax 3.0  (243s)
step 18000  train 1.0685  eval 1.0461  pmax 3.1  (258s)
step 19000  train 1.0849  eval 1.0078  pmax 3.2  (272s)
step 20000  train 1.0762  eval 0.9903  pmax 3.4  (286s)
step 21000  train 1.0651  eval 1.0000  pmax 3.5  (300s)
step 22000  train 1.0643  eval 0.9875  pmax 3.7  (314s)
step 23000  train 1.0294  eval 1.0401  pmax 3.8  (328s)
step 24000  train 1.0624  eval 0.9853  pmax 3.9  (342s)
step 25000  train 1.0494  eval 0.9877  pmax 4.1  (357s)
  [checkpoint + sample saved at step 25000]
step 26000  train 1.0054  eval 1.0061  pmax 4.2  (372s)
step 27000  train 1.0452  eval 0.9856  pmax 4.3  (386s)
step 28000  train 1.0297  eval 0.9815  pmax 4.5  (400s)
step 29000  train 1.0396  eval 0.9998  pmax 4.6  (414s)
step 30000  train 1.0590  eval 0.9885  pmax 4.8  (428s)
step 31000  train 1.0149  eval 1.0073  pmax 4.9  (443s)
step 32000  train 1.0446  eval 0.9908  pmax 5.0  (456s)
step 33000  train 1.0700  eval 0.9680  pmax 5.2  (471s)
step 34000  train 1.0443  eval 0.9500  pmax 5.3  (484s)
step 35000  train 1.0314  eval 0.9736  pmax 5.4  (498s)
step 36000  train 0.9855  eval 0.9800  pmax 5.5  (512s)
step 37000  train 1.0444  eval 0.9814  pmax 5.7  (526s)
step 38000  train 1.0424  eval 0.9562  pmax 5.8  (540s)
step 39000  train 1.0000  eval 0.9471  pmax 6.0  (555s)
step 40000  train 1.0010  eval 0.9572  pmax 6.1  (569s)
step 41000  train 1.0071  eval 0.9795  pmax 6.2  (583s)
step 42000  train 1.0092  eval 0.9502  pmax 6.3  (597s)
step 43000  train 1.0336  eval 0.9554  pmax 6.5  (611s)
step 44000  train 0.9837  eval 0.9414  pmax 6.6  (625s)
step 45000  train 1.0228  eval 0.9652  pmax 6.8  (639s)
step 46000  train 1.0225  eval 0.9468  pmax 6.9  (654s)
step 47000  train 1.0163  eval 0.9634  pmax 7.0  (668s)
step 48000  train 1.0365  eval 0.9733  pmax 7.1  (682s)
step 49000  train 1.0816  eval 0.9502  pmax 7.3  (696s)
step 50000  train 0.9976  eval 0.9600  pmax 7.4  (711s)
  [checkpoint + sample saved at step 50000]
step 51000  train 1.0166  eval 0.9860  pmax 7.5  (725s)
step 52000  train 0.9806  eval 0.9607  pmax 7.6  (740s)
step 53000  train 1.0206  eval 0.9878  pmax 7.7  (754s)
step 54000  train 0.9973  eval 0.9597  pmax 7.8  (767s)
step 55000  train 0.9770  eval 0.9600  pmax 7.9  (781s)
step 56000  train 0.9786  eval 0.9827  pmax 8.0  (795s)
step 57000  train 0.9815  eval 0.9216  pmax 8.2  (809s)
step 58000  train 0.9990  eval 0.9825  pmax 8.3  (823s)
step 59000  train 0.9819  eval 0.9580  pmax 8.4  (837s)
step 60000  train 1.0079  eval 0.9371  pmax 8.5  (852s)
step 61000  train 0.9830  eval 0.9802  pmax 8.5  (866s)
step 62000  train 1.0018  eval 0.9585  pmax 8.7  (880s)
step 63000  train 1.0261  eval 0.9385  pmax 8.7  (895s)
step 64000  train 0.9874  eval 0.9686  pmax 8.8  (909s)
step 65000  train 1.0194  eval 0.9088  pmax 8.9  (923s)
step 66000  train 0.9734  eval 0.9404  pmax 9.0  (937s)
step 67000  train 0.9984  eval 0.9411  pmax 9.1  (951s)
step 68000  train 0.9987  eval 0.9319  pmax 9.2  (964s)
step 69000  train 1.0100  eval 0.9677  pmax 9.3  (978s)
step 70000  train 0.9900  eval 0.9349  pmax 9.4  (992s)
step 71000  train 0.9853  eval 0.9630  pmax 9.5  (1006s)
step 72000  train 1.0114  eval 0.9901  pmax 9.5  (1020s)
step 73000  train 0.9925  eval 0.9616  pmax 9.6  (1034s)
step 74000  train 1.0423  eval 0.9336  pmax 9.7  (1049s)
step 75000  train 1.0094  eval 0.9504  pmax 9.8  (1063s)
  [checkpoint + sample saved at step 75000]
step 76000  train 1.0038  eval 0.9731  pmax 9.8  (1077s)
step 77000  train 1.0030  eval 0.9012  pmax 10.0  (1091s)
step 78000  train 1.0068  eval 0.9748  pmax 10.0  (1105s)
step 79000  train 1.0056  eval 0.8910  pmax 10.1  (1119s)
step 80000  train 0.9943  eval 0.9486  pmax 10.2  (1133s)
step 81000  train 1.0268  eval 0.9287  pmax 10.3  (1147s)
step 82000  train 0.9714  eval 0.9341  pmax 10.3  (1161s)
step 83000  train 0.9885  eval 0.9470  pmax 10.4  (1175s)
step 84000  train 1.0002  eval 0.9510  pmax 10.5  (1189s)
step 85000  train 1.0002  eval 0.9465  pmax 10.5  (1203s)
step 86000  train 1.0069  eval 0.9271  pmax 10.6  (1216s)
step 87000  train 1.0134  eval 0.9335  pmax 10.7  (1230s)
step 88000  train 1.0125  eval 0.9423  pmax 10.7  (1245s)
step 89000  train 0.9702  eval 0.9220  pmax 10.8  (1259s)
step 90000  train 1.0007  eval 0.9352  pmax 10.9  (1273s)
step 91000  train 1.0070  eval 0.9380  pmax 11.0  (1288s)
step 92000  train 0.9603  eval 0.9167  pmax 11.0  (1302s)
step 93000  train 0.9643  eval 0.9458  pmax 11.1  (1316s)
step 94000  train 1.0348  eval 0.9404  pmax 11.2  (1330s)
step 95000  train 0.9839  eval 0.9160  pmax 11.2  (1344s)
step 96000  train 1.0190  eval 0.9516  pmax 11.3  (1358s)
step 97000  train 1.0155  eval 0.9379  pmax 11.4  (1372s)
step 98000  train 0.9911  eval 0.9341  pmax 11.4  (1386s)
step 99000  train 0.9775  eval 0.9379  pmax 11.5  (1400s)
step 100000  train 0.9948  eval 0.9158  pmax 11.6  (1414s)
  [checkpoint + sample saved at step 100000]
step 101000  train 0.9798  eval 0.9008  pmax 11.6  (1429s)
step 102000  train 0.9762  eval 0.9351  pmax 11.7  (1443s)
step 103000  train 0.9686  eval 0.9207  pmax 11.8  (1457s)
step 104000  train 0.9552  eval 0.9231  pmax 11.8  (1471s)
step 105000  train 1.0005  eval 0.9759  pmax 11.9  (1485s)
step 106000  train 0.9926  eval 0.9198  pmax 11.9  (1499s)
step 107000  train 0.9846  eval 0.9393  pmax 12.0  (1513s)
step 108000  train 0.9325  eval 0.9263  pmax 12.1  (1527s)
step 109000  train 0.9971  eval 0.9153  pmax 12.1  (1541s)
step 110000  train 0.9922  eval 0.9450  pmax 12.2  (1555s)
step 111000  train 0.9883  eval 0.9277  pmax 12.2  (1569s)
step 112000  train 0.9985  eval 0.9404  pmax 12.3  (1583s)
step 113000  train 0.9838  eval 0.9410  pmax 12.4  (1597s)
step 114000  train 0.9915  eval 0.9120  pmax 12.4  (1611s)
step 115000  train 1.0019  eval 0.9430  pmax 12.5  (1625s)
step 116000  train 0.9587  eval 0.8863  pmax 12.5  (1640s)
step 117000  train 0.9650  eval 0.9226  pmax 12.6  (1653s)
step 118000  train 0.9666  eval 0.9528  pmax 12.6  (1667s)
step 119000  train 0.9652  eval 0.9338  pmax 12.6  (1682s)
step 120000  train 0.9892  eval 0.9263  pmax 12.7  (1695s)
step 121000  train 0.9764  eval 0.8971  pmax 12.8  (1710s)
step 122000  train 0.9843  eval 0.9753  pmax 12.8  (1724s)
step 123000  train 0.9704  eval 0.9295  pmax 12.9  (1738s)
step 124000  train 1.0184  eval 0.9237  pmax 12.9  (1752s)
step 125000  train 0.9571  eval 0.9295  pmax 13.0  (1766s)
  [checkpoint + sample saved at step 125000]
step 126000  train 0.9967  eval 0.8969  pmax 13.0  (1781s)
step 127000  train 0.9593  eval 0.9428  pmax 13.1  (1794s)
step 128000  train 0.9826  eval 0.9006  pmax 13.1  (1808s)
step 129000  train 0.9685  eval 0.9180  pmax 13.1  (1823s)
step 130000  train 0.9735  eval 0.9455  pmax 13.2  (1837s)
step 131000  train 0.9877  eval 0.9258  pmax 13.3  (1851s)
step 132000  train 1.0006  eval 0.9316  pmax 13.3  (1865s)
step 133000  train 0.9728  eval 0.9394  pmax 13.3  (1880s)
step 134000  train 0.9922  eval 0.9090  pmax 13.4  (1893s)
step 135000  train 0.9680  eval 0.9568  pmax 13.4  (1908s)
step 136000  train 0.9765  eval 0.9031  pmax 13.4  (1922s)
step 137000  train 1.0002  eval 0.9216  pmax 13.5  (1936s)
step 138000  train 0.9707  eval 0.9148  pmax 13.5  (1950s)
step 139000  train 0.9580  eval 0.8856  pmax 13.6  (1965s)
step 140000  train 0.9961  eval 0.9284  pmax 13.6  (1979s)
step 141000  train 0.9798  eval 0.9139  pmax 13.7  (1993s)
step 142000  train 0.9645  eval 0.8926  pmax 13.7  (2007s)
step 143000  train 0.9802  eval 0.9238  pmax 13.7  (2021s)
step 144000  train 0.9983  eval 0.9513  pmax 13.8  (2035s)
step 145000  train 0.9870  eval 0.9119  pmax 13.8  (2049s)
step 146000  train 0.9736  eval 0.9385  pmax 13.8  (2063s)
step 147000  train 0.9352  eval 0.9552  pmax 13.8  (2077s)
step 148000  train 0.9777  eval 0.9144  pmax 13.9  (2091s)
step 149000  train 0.9494  eval 0.9099  pmax 13.9  (2105s)
step 150000  train 0.9549  eval 0.9041  pmax 14.0  (2119s)
  [checkpoint + sample saved at step 150000]
step 151000  train 0.9746  eval 0.8987  pmax 14.0  (2134s)
step 152000  train 0.9758  eval 0.9436  pmax 14.0  (2148s)
step 153000  train 0.9691  eval 0.9231  pmax 14.1  (2162s)
step 154000  train 0.9745  eval 0.9328  pmax 14.1  (2176s)
step 155000  train 0.9532  eval 0.8996  pmax 14.1  (2190s)
step 156000  train 0.9557  eval 0.9907  pmax 14.1  (2204s)
step 157000  train 0.9848  eval 0.9157  pmax 14.2  (2218s)
step 158000  train 0.9770  eval 0.9053  pmax 14.2  (2233s)
step 159000  train 0.9744  eval 0.9419  pmax 14.2  (2247s)
step 160000  train 0.9311  eval 0.8969  pmax 14.3  (2260s)
step 161000  train 0.9878  eval 0.9184  pmax 14.3  (2275s)
step 162000  train 0.9491  eval 0.9171  pmax 14.3  (2289s)
step 163000  train 0.9602  eval 0.8977  pmax 14.3  (2303s)
step 164000  train 0.9713  eval 0.8799  pmax 14.4  (2317s)
step 165000  train 0.9708  eval 0.8937  pmax 14.4  (2330s)
step 166000  train 0.9499  eval 0.9207  pmax 14.4  (2345s)
step 167000  train 0.9455  eval 0.9078  pmax 14.4  (2358s)
step 168000  train 0.9453  eval 0.9120  pmax 14.4  (2372s)
step 169000  train 0.9811  eval 0.8817  pmax 14.5  (2386s)
step 170000  train 0.9793  eval 0.9045  pmax 14.5  (2400s)
step 171000  train 0.9620  eval 0.9269  pmax 14.5  (2415s)
step 172000  train 0.9665  eval 0.8755  pmax 14.6  (2429s)
step 173000  train 0.9663  eval 0.9098  pmax 14.6  (2443s)
step 174000  train 0.9364  eval 0.9223  pmax 14.6  (2457s)
step 175000  train 0.9660  eval 0.9227  pmax 14.6  (2471s)
  [checkpoint + sample saved at step 175000]
step 176000  train 0.9629  eval 0.9371  pmax 14.7  (2486s)
step 177000  train 0.9860  eval 0.9129  pmax 14.7  (2499s)
step 178000  train 0.9601  eval 0.9104  pmax 14.7  (2514s)
step 179000  train 0.9618  eval 0.8952  pmax 14.7  (2528s)
step 180000  train 0.9369  eval 0.8956  pmax 14.7  (2542s)
step 181000  train 0.9763  eval 0.9072  pmax 14.7  (2556s)
step 182000  train 0.9618  eval 0.9288  pmax 14.8  (2570s)
step 183000  train 0.9807  eval 0.9163  pmax 14.8  (2584s)
step 184000  train 0.9735  eval 0.9068  pmax 14.8  (2598s)
step 185000  train 0.9360  eval 0.9295  pmax 14.8  (2612s)
step 186000  train 0.9603  eval 0.8777  pmax 14.8  (2626s)
step 187000  train 0.9471  eval 0.8654  pmax 14.9  (2640s)
step 188000  train 0.9873  eval 0.8802  pmax 14.9  (2655s)
step 189000  train 0.9521  eval 0.9119  pmax 14.9  (2669s)
step 190000  train 0.9458  eval 0.8960  pmax 14.9  (2683s)
step 191000  train 0.9578  eval 0.9326  pmax 14.9  (2697s)
step 192000  train 0.9414  eval 0.9349  pmax 14.9  (2711s)
step 193000  train 0.9632  eval 0.8986  pmax 15.0  (2726s)
step 194000  train 0.9398  eval 0.9281  pmax 15.0  (2740s)
step 195000  train 0.9551  eval 0.9051  pmax 15.0  (2754s)
step 196000  train 0.9476  eval 0.9271  pmax 15.0  (2768s)
step 197000  train 0.9417  eval 0.9545  pmax 15.0  (2782s)
step 198000  train 0.9631  eval 0.8884  pmax 15.0  (2796s)
step 199000  train 0.9432  eval 0.9007  pmax 15.1  (2810s)
step 200000  train 0.9286  eval 0.8992  pmax 15.1  (2824s)
  [checkpoint + sample saved at step 200000]
step 201000  train 0.9593  eval 0.9024  pmax 15.1  (2838s)
step 202000  train 0.9408  eval 0.9198  pmax 15.1  (2852s)
step 203000  train 0.9554  eval 0.8734  pmax 15.1  (2866s)
step 204000  train 0.9490  eval 0.8950  pmax 15.1  (2880s)
step 205000  train 0.9637  eval 0.9056  pmax 15.1  (2894s)
step 206000  train 0.9272  eval 0.9148  pmax 15.1  (2908s)
step 207000  train 0.9597  eval 0.9131  pmax 15.2  (2923s)
step 208000  train 0.9445  eval 0.9317  pmax 15.2  (2937s)
step 209000  train 0.9631  eval 0.8967  pmax 15.2  (2951s)
step 210000  train 0.9319  eval 0.8779  pmax 15.2  (2965s)
step 211000  train 0.9523  eval 0.9427  pmax 15.2  (2979s)
step 212000  train 0.9594  eval 0.9276  pmax 15.2  (2994s)
step 213000  train 0.9498  eval 0.9386  pmax 15.2  (3008s)
step 214000  train 0.9455  eval 0.9003  pmax 15.2  (3022s)
step 215000  train 0.9551  eval 0.9160  pmax 15.2  (3036s)
step 216000  train 0.9472  eval 0.8972  pmax 15.2  (3050s)
step 217000  train 0.9394  eval 0.9176  pmax 15.2  (3064s)
step 218000  train 0.9628  eval 0.9054  pmax 15.3  (3078s)
step 219000  train 0.9597  eval 0.8752  pmax 15.3  (3091s)
step 220000  train 0.9803  eval 0.8967  pmax 15.3  (3106s)
step 221000  train 0.9875  eval 0.8906  pmax 15.3  (3120s)
step 222000  train 0.9440  eval 0.9254  pmax 15.3  (3133s)
step 223000  train 0.9852  eval 0.8994  pmax 15.3  (3147s)
step 224000  train 0.9606  eval 0.9049  pmax 15.3  (3161s)
step 225000  train 0.9624  eval 0.9175  pmax 15.3  (3175s)
  [checkpoint + sample saved at step 225000]
step 226000  train 0.9460  eval 0.8977  pmax 15.3  (3189s)
step 227000  train 0.9516  eval 0.9502  pmax 15.3  (3203s)
step 228000  train 0.9705  eval 0.8980  pmax 15.3  (3217s)
step 229000  train 0.9627  eval 0.8906  pmax 15.3  (3231s)
step 230000  train 0.9665  eval 0.9060  pmax 15.3  (3245s)
step 231000  train 0.9469  eval 0.9257  pmax 15.4  (3259s)
step 232000  train 0.9358  eval 0.8675  pmax 15.4  (3273s)
step 233000  train 0.9357  eval 0.8790  pmax 15.4  (3287s)
step 234000  train 0.9832  eval 0.8852  pmax 15.4  (3302s)
step 235000  train 0.9797  eval 0.8432  pmax 15.4  (3315s)
step 236000  train 0.9698  eval 0.9030  pmax 15.4  (3329s)
step 237000  train 0.9732  eval 0.9010  pmax 15.4  (3342s)
step 238000  train 0.9472  eval 0.9124  pmax 15.4  (3356s)
step 239000  train 0.9544  eval 0.9063  pmax 15.4  (3370s)
step 240000  train 0.9392  eval 0.9403  pmax 15.4  (3384s)
step 241000  train 0.9399  eval 0.9012  pmax 15.4  (3398s)
step 242000  train 0.9440  eval 0.8759  pmax 15.4  (3412s)
step 243000  train 0.9373  eval 0.8921  pmax 15.4  (3426s)
step 244000  train 0.9091  eval 0.9212  pmax 15.4  (3441s)
step 245000  train 0.9561  eval 0.8565  pmax 15.4  (3455s)
step 246000  train 0.9686  eval 0.8985  pmax 15.4  (3469s)
step 247000  train 0.9446  eval 0.9160  pmax 15.4  (3483s)
step 248000  train 0.9554  eval 0.8927  pmax 15.4  (3498s)
step 249000  train 1.0077  eval 0.9040  pmax 15.4  (3512s)
step 250000  train 0.9546  eval 0.8874  pmax 15.4  (3526s)
  [checkpoint + sample saved at step 250000]
step 251000  train 0.9624  eval 0.8942  pmax 15.4  (3541s)
step 252000  train 0.9414  eval 0.8703  pmax 15.4  (3555s)
step 253000  train 0.9456  eval 0.9125  pmax 15.5  (3569s)
step 254000  train 0.9578  eval 0.9095  pmax 15.5  (3583s)
step 255000  train 0.9592  eval 0.8988  pmax 15.5  (3597s)
step 256000  train 0.9642  eval 0.9317  pmax 15.5  (3611s)
step 257000  train 0.9434  eval 0.8931  pmax 15.5  (3625s)
step 258000  train 0.9790  eval 0.8856  pmax 15.5  (3639s)
step 259000  train 0.9626  eval 0.9279  pmax 15.5  (3653s)
step 260000  train 0.9491  eval 0.8818  pmax 15.5  (3667s)
step 261000  train 0.9672  eval 0.9111  pmax 15.5  (3681s)
step 262000  train 0.9632  eval 0.9395  pmax 15.5  (3695s)
step 263000  train 0.9364  eval 0.9316  pmax 15.5  (3709s)
step 264000  train 0.9467  eval 0.9138  pmax 15.5  (3724s)
step 265000  train 0.9380  eval 0.9085  pmax 15.5  (3738s)
step 266000  train 0.9249  eval 0.8955  pmax 15.5  (3752s)
step 267000  train 0.9574  eval 0.8754  pmax 15.5  (3766s)
step 268000  train 0.9687  eval 0.8941  pmax 15.5  (3780s)
step 269000  train 0.9284  eval 0.9003  pmax 15.5  (3794s)
step 270000  train 0.9912  eval 0.9019  pmax 15.5  (3808s)
step 271000  train 0.9510  eval 0.8859  pmax 15.5  (3822s)
step 272000  train 0.9396  eval 0.9159  pmax 15.5  (3836s)
step 273000  train 0.9767  eval 0.9110  pmax 15.5  (3850s)
step 274000  train 0.9866  eval 0.9131  pmax 15.5  (3864s)
step 275000  train 0.9566  eval 0.8662  pmax 15.5  (3878s)
  [checkpoint + sample saved at step 275000]
step 276000  train 0.9718  eval 0.8933  pmax 15.5  (3892s)
step 277000  train 0.9575  eval 0.9005  pmax 15.5  (3906s)
step 278000  train 0.9535  eval 0.8850  pmax 15.5  (3920s)
step 279000  train 0.9490  eval 0.8942  pmax 15.5  (3934s)
step 280000  train 0.9768  eval 0.9044  pmax 15.5  (3949s)
step 281000  train 0.9471  eval 0.9181  pmax 15.5  (3963s)
step 282000  train 0.9495  eval 0.9043  pmax 15.5  (3977s)
step 283000  train 0.9566  eval 0.9122  pmax 15.5  (3991s)
step 284000  train 0.9344  eval 0.9127  pmax 15.5  (4005s)
step 285000  train 0.9717  eval 0.8848  pmax 15.5  (4019s)
step 286000  train 0.9599  eval 0.8813  pmax 15.5  (4033s)
step 287000  train 0.9205  eval 0.9288  pmax 15.5  (4047s)
step 288000  train 0.9325  eval 0.8996  pmax 15.5  (4061s)
step 289000  train 0.9522  eval 0.8871  pmax 15.5  (4075s)
step 290000  train 0.9354  eval 0.9082  pmax 15.5  (4089s)
step 291000  train 0.9410  eval 0.8892  pmax 15.5  (4103s)
step 292000  train 0.9560  eval 0.8943  pmax 15.5  (4116s)
step 293000  train 0.9570  eval 0.9221  pmax 15.5  (4130s)
step 294000  train 0.9802  eval 0.8640  pmax 15.5  (4144s)
step 295000  train 0.9348  eval 0.9157  pmax 15.5  (4158s)
step 296000  train 0.9374  eval 0.8983  pmax 15.5  (4172s)
step 297000  train 0.9095  eval 0.8704  pmax 15.5  (4186s)
step 298000  train 0.9739  eval 0.8874  pmax 15.5  (4200s)
step 299000  train 0.9155  eval 0.8896  pmax 15.5  (4214s)
step 300000  train 0.9257  eval 0.8940  pmax 15.5  (4229s)
  [checkpoint + sample saved at step 300000]
done. artifacts in /home/luke/Wavelet-State-KAN/checkpoints/tf_tinystories_100k_3ep_s42
