/home/luke/Wavelet-State-KAN/experiments/V1_train_tinystories_lm.py:107: UserWarning: The given buffer is not writable, and PyTorch does not support non-writable tensors. This means you can write to the underlying (supposedly non-writable) buffer using the tensor. You may want to copy the buffer to protect its data or make it writable before converting it to a tensor. This type of warning will be suppressed for the rest of this program. (Triggered internally at /__w/pytorch/pytorch/torch/csrc/utils/tensor_new.cpp:1556.)
  train_ids = torch.frombuffer(train_text.encode("utf-8", errors="ignore"), dtype=torch.uint8)
train bytes: 1,905,061,325  eval bytes: 405,730
model: tf  params: 2,284  device: cuda
step     1  train 5.5484  eval 5.5354  pmax 1.0  (1s)
step  1000  train 2.6413  eval 2.6728  pmax 2.1  (11s)
step  2000  train 2.5842  eval 2.5594  pmax 2.4  (20s)
step  3000  train 2.5584  eval 2.5700  pmax 2.8  (30s)
step  4000  train 2.5502  eval 2.5507  pmax 3.3  (39s)
step  5000  train 2.5496  eval 2.5693  pmax 3.7  (49s)
step  6000  train 2.5315  eval 2.5262  pmax 4.1  (58s)
step  7000  train 2.5114  eval 2.4991  pmax 4.2  (68s)
step  8000  train 2.4853  eval 2.5008  pmax 4.7  (77s)
step  9000  train 2.4966  eval 2.4837  pmax 5.5  (87s)
step 10000  train 2.4796  eval 2.5170  pmax 6.0  (97s)
step 11000  train 2.4990  eval 2.4902  pmax 6.4  (106s)
step 12000  train 2.4793  eval 2.5051  pmax 6.7  (116s)
step 13000  train 2.4726  eval 2.4909  pmax 7.1  (125s)
step 14000  train 2.4899  eval 2.4746  pmax 7.4  (135s)
step 15000  train 2.4808  eval 2.4878  pmax 7.7  (144s)
step 16000  train 2.4912  eval 2.4961  pmax 7.9  (154s)
step 17000  train 2.4746  eval 2.4961  pmax 8.1  (163s)
step 18000  train 2.4572  eval 2.4968  pmax 8.3  (172s)
step 19000  train 2.4900  eval 2.4885  pmax 8.5  (182s)
step 20000  train 2.4860  eval 2.5029  pmax 8.7  (191s)
step 21000  train 2.4668  eval 2.4726  pmax 8.8  (200s)
step 22000  train 2.4809  eval 2.5049  pmax 8.9  (209s)
step 23000  train 2.4647  eval 2.4967  pmax 9.0  (219s)
step 24000  train 2.4775  eval 2.4763  pmax 9.0  (228s)
step 25000  train 2.4820  eval 2.4947  pmax 9.1  (238s)
  [checkpoint + sample saved at step 25000]
step 26000  train 2.4706  eval 2.4894  pmax 9.1  (248s)
step 27000  train 2.4813  eval 2.4813  pmax 9.1  (257s)
step 28000  train 2.4451  eval 2.4775  pmax 9.1  (267s)
step 29000  train 2.4722  eval 2.4881  pmax 9.1  (276s)
step 30000  train 2.4473  eval 2.4943  pmax 9.1  (286s)
  [checkpoint + sample saved at step 30000]
done. artifacts in /home/luke/Wavelet-State-KAN/checkpoints/tf_tinystories_1k_3ep_s7
