/home/luke/Wavelet-State-KAN/experiments/V1_train_tinystories_lm.py:107: UserWarning: The given buffer is not writable, and PyTorch does not support non-writable tensors. This means you can write to the underlying (supposedly non-writable) buffer using the tensor. You may want to copy the buffer to protect its data or make it writable before converting it to a tensor. This type of warning will be suppressed for the rest of this program. (Triggered internally at /__w/pytorch/pytorch/torch/csrc/utils/tensor_new.cpp:1556.)
  train_ids = torch.frombuffer(train_text.encode("utf-8", errors="ignore"), dtype=torch.uint8)
train bytes: 1,905,061,325  eval bytes: 405,730
model: tf  params: 1,008,160  device: cuda
step     1  train 5.5674  eval 4.9686  pmax 1.0  (5s)
step  1000  train 1.0868  eval 1.0150  pmax 1.5  (28s)
step  2000  train 0.9351  eval 0.8864  pmax 1.7  (51s)
step  3000  train 0.8507  eval 0.8042  pmax 1.8  (74s)
step  4000  train 0.8349  eval 0.8079  pmax 1.8  (97s)
step  5000  train 0.7734  eval 0.7796  pmax 1.8  (120s)
step  6000  train 0.7752  eval 0.7371  pmax 1.8  (143s)
step  7000  train 0.7857  eval 0.7180  pmax 1.9  (166s)
step  8000  train 0.7645  eval 0.7300  pmax 1.9  (189s)
step  9000  train 0.7848  eval 0.6950  pmax 1.9  (212s)
step 10000  train 0.7547  eval 0.6863  pmax 1.9  (235s)
  [checkpoint + sample saved at step 10000]
step 11000  train 0.7482  eval 0.7004  pmax 1.9  (259s)
step 12000  train 0.7254  eval 0.6868  pmax 1.9  (282s)
step 13000  train 0.7537  eval 0.6727  pmax 1.9  (304s)
step 14000  train 0.6964  eval 0.6473  pmax 1.9  (327s)
step 15000  train 0.7373  eval 0.6739  pmax 1.9  (350s)
step 16000  train 0.7118  eval 0.6788  pmax 1.9  (373s)
step 17000  train 0.7349  eval 0.6531  pmax 1.9  (396s)
step 18000  train 0.7217  eval 0.6681  pmax 1.9  (419s)
step 19000  train 0.7018  eval 0.6495  pmax 1.9  (442s)
step 20000  train 0.7023  eval 0.6574  pmax 1.9  (465s)
  [checkpoint + sample saved at step 20000]
step 21000  train 0.7129  eval 0.6498  pmax 2.0  (488s)
step 22000  train 0.7078  eval 0.6625  pmax 2.0  (511s)
step 23000  train 0.6942  eval 0.6597  pmax 2.1  (534s)
step 24000  train 0.7216  eval 0.6580  pmax 2.1  (557s)
step 25000  train 0.6841  eval 0.6630  pmax 2.2  (579s)
step 26000  train 0.6938  eval 0.6777  pmax 2.2  (602s)
step 27000  train 0.6992  eval 0.6313  pmax 2.3  (625s)
step 28000  train 0.7023  eval 0.6348  pmax 2.3  (648s)
step 29000  train 0.7468  eval 0.6354  pmax 2.4  (671s)
step 30000  train 0.6921  eval 0.6551  pmax 2.4  (694s)
  [checkpoint + sample saved at step 30000]
step 31000  train 0.6853  eval 0.6275  pmax 2.4  (717s)
step 32000  train 0.6791  eval 0.6574  pmax 2.5  (740s)
step 33000  train 0.6990  eval 0.6535  pmax 2.5  (763s)
step 34000  train 0.6852  eval 0.6323  pmax 2.6  (786s)
step 35000  train 0.7035  eval 0.6194  pmax 2.6  (809s)
step 36000  train 0.6851  eval 0.6608  pmax 2.6  (832s)
step 37000  train 0.6900  eval 0.6261  pmax 2.6  (854s)
step 38000  train 0.6911  eval 0.6107  pmax 2.7  (877s)
step 39000  train 0.6910  eval 0.6308  pmax 2.7  (900s)
step 40000  train 0.6767  eval 0.6008  pmax 2.7  (923s)
  [checkpoint + sample saved at step 40000]
step 41000  train 0.6844  eval 0.5852  pmax 2.7  (946s)
step 42000  train 0.7012  eval 0.6234  pmax 2.8  (969s)
step 43000  train 0.6458  eval 0.6499  pmax 2.8  (992s)
step 44000  train 0.6421  eval 0.6371  pmax 2.8  (1015s)
step 45000  train 0.6672  eval 0.6643  pmax 2.8  (1038s)
step 46000  train 0.6534  eval 0.6026  pmax 2.8  (1061s)
step 47000  train 0.6398  eval 0.6069  pmax 2.9  (1084s)
step 48000  train 0.6624  eval 0.6184  pmax 2.9  (1106s)
step 49000  train 0.6879  eval 0.5860  pmax 2.9  (1129s)
step 50000  train 0.6625  eval 0.6001  pmax 2.9  (1152s)
  [checkpoint + sample saved at step 50000]
step 51000  train 0.6596  eval 0.6160  pmax 2.9  (1175s)
step 52000  train 0.6585  eval 0.5940  pmax 2.9  (1198s)
step 53000  train 0.6686  eval 0.6085  pmax 2.9  (1221s)
step 54000  train 0.6921  eval 0.6030  pmax 2.9  (1244s)
step 55000  train 0.6651  eval 0.6224  pmax 3.0  (1267s)
step 56000  train 0.6529  eval 0.6088  pmax 3.0  (1290s)
step 57000  train 0.6712  eval 0.6418  pmax 3.0  (1313s)
step 58000  train 0.6404  eval 0.5911  pmax 3.0  (1335s)
step 59000  train 0.6638  eval 0.6224  pmax 3.0  (1358s)
step 60000  train 0.6698  eval 0.6001  pmax 3.0  (1381s)
  [checkpoint + sample saved at step 60000]
step 61000  train 0.6596  eval 0.5972  pmax 3.0  (1405s)
step 62000  train 0.6609  eval 0.5905  pmax 3.0  (1428s)
step 63000  train 0.6495  eval 0.6002  pmax 3.0  (1450s)
step 64000  train 0.6496  eval 0.6328  pmax 3.0  (1473s)
step 65000  train 0.6574  eval 0.6168  pmax 3.0  (1496s)
step 66000  train 0.6646  eval 0.5840  pmax 3.0  (1519s)
step 67000  train 0.6369  eval 0.5932  pmax 3.0  (1542s)
step 68000  train 0.6516  eval 0.6118  pmax 3.0  (1565s)
step 69000  train 0.6573  eval 0.5852  pmax 3.0  (1588s)
step 70000  train 0.6354  eval 0.6224  pmax 3.0  (1610s)
  [checkpoint + sample saved at step 70000]
step 71000  train 0.6538  eval 0.5902  pmax 3.0  (1634s)
step 72000  train 0.6288  eval 0.5805  pmax 3.0  (1657s)
step 73000  train 0.6621  eval 0.5926  pmax 3.0  (1679s)
step 74000  train 0.6781  eval 0.6066  pmax 3.0  (1702s)
step 75000  train 0.6495  eval 0.5974  pmax 3.0  (1725s)
step 76000  train 0.6731  eval 0.6228  pmax 3.0  (1748s)
step 77000  train 0.6581  eval 0.5994  pmax 3.0  (1771s)
step 78000  train 0.6359  eval 0.6208  pmax 3.0  (1794s)
step 79000  train 0.6475  eval 0.5796  pmax 3.0  (1817s)
step 80000  train 0.6463  eval 0.6002  pmax 3.0  (1840s)
  [checkpoint + sample saved at step 80000]
step 81000  train 0.6518  eval 0.5719  pmax 3.0  (1863s)
step 82000  train 0.6391  eval 0.5991  pmax 3.0  (1886s)
step 83000  train 0.6446  eval 0.5925  pmax 3.0  (1909s)
step 84000  train 0.6300  eval 0.5889  pmax 3.0  (1931s)
step 85000  train 0.6219  eval 0.6064  pmax 3.0  (1954s)
step 86000  train 0.6539  eval 0.6030  pmax 3.0  (1977s)
step 87000  train 0.6378  eval 0.5990  pmax 3.0  (2000s)
step 88000  train 0.6544  eval 0.6027  pmax 3.0  (2023s)
step 89000  train 0.6542  eval 0.5704  pmax 3.0  (2046s)
step 90000  train 0.6070  eval 0.5878  pmax 3.0  (2069s)
  [checkpoint + sample saved at step 90000]
step 91000  train 0.6384  eval 0.5895  pmax 3.0  (2092s)
step 92000  train 0.6178  eval 0.5593  pmax 3.0  (2115s)
step 93000  train 0.6378  eval 0.5974  pmax 3.0  (2138s)
step 94000  train 0.6627  eval 0.6060  pmax 3.0  (2160s)
step 95000  train 0.6303  eval 0.5806  pmax 3.0  (2183s)
step 96000  train 0.6302  eval 0.5959  pmax 3.0  (2206s)
step 97000  train 0.6451  eval 0.5777  pmax 3.0  (2229s)
step 98000  train 0.6575  eval 0.5975  pmax 3.0  (2252s)
step 99000  train 0.6585  eval 0.5994  pmax 3.0  (2275s)
step 100000  train 0.6357  eval 0.5935  pmax 3.0  (2298s)
  [checkpoint + sample saved at step 100000]
done. artifacts in /home/luke/Wavelet-State-KAN/checkpoints/tf_tinystories_1m_3ep_s42
