/home/luke/Wavelet-State-KAN/experiments/V1_train_tinystories_lm.py:107: UserWarning: The given buffer is not writable, and PyTorch does not support non-writable tensors. This means you can write to the underlying (supposedly non-writable) buffer using the tensor. You may want to copy the buffer to protect its data or make it writable before converting it to a tensor. This type of warning will be suppressed for the rest of this program. (Triggered internally at /__w/pytorch/pytorch/torch/csrc/utils/tensor_new.cpp:1556.)
  train_ids = torch.frombuffer(train_text.encode("utf-8", errors="ignore"), dtype=torch.uint8)
train bytes: 1,905,061,325  eval bytes: 405,730
model: tf  params: 1,008,160  device: cuda
step     1  train 5.6313  eval 5.0538  pmax 1.0  (6s)
step  1000  train 1.2149  eval 1.2314  pmax 1.5  (28s)
step  2000  train 1.0849  eval 1.0306  pmax 1.6  (51s)
step  3000  train 0.9868  eval 0.9434  pmax 1.7  (74s)
step  4000  train 0.9977  eval 0.8966  pmax 1.7  (98s)
step  5000  train 0.9076  eval 0.8746  pmax 1.8  (121s)
step  6000  train 0.8811  eval 0.8239  pmax 1.8  (144s)
step  7000  train 0.8394  eval 0.8073  pmax 1.8  (167s)
step  8000  train 0.8760  eval 0.8070  pmax 1.8  (190s)
step  9000  train 0.8332  eval 0.7740  pmax 1.8  (212s)
step 10000  train 0.8241  eval 0.7873  pmax 1.8  (235s)
  [checkpoint + sample saved at step 10000]
step 11000  train 0.8286  eval 0.7581  pmax 1.8  (259s)
step 12000  train 0.8512  eval 0.7437  pmax 1.8  (282s)
step 13000  train 0.7979  eval 0.7634  pmax 1.8  (305s)
step 14000  train 0.7922  eval 0.7477  pmax 1.8  (328s)
step 15000  train 0.8352  eval 0.7816  pmax 1.8  (351s)
step 16000  train 0.7910  eval 0.7239  pmax 1.8  (374s)
step 17000  train 0.7916  eval 0.7480  pmax 1.8  (397s)
step 18000  train 0.7346  eval 0.7450  pmax 1.8  (420s)
step 19000  train 0.7933  eval 0.7299  pmax 1.8  (443s)
step 20000  train 0.7414  eval 0.7155  pmax 1.8  (466s)
  [checkpoint + sample saved at step 20000]
step 21000  train 0.7621  eval 0.7098  pmax 1.8  (489s)
step 22000  train 0.7568  eval 0.7308  pmax 1.8  (512s)
step 23000  train 0.7792  eval 0.6805  pmax 1.8  (535s)
step 24000  train 0.7369  eval 0.6563  pmax 1.8  (558s)
step 25000  train 0.7187  eval 0.6966  pmax 1.8  (581s)
step 26000  train 0.7323  eval 0.7268  pmax 1.8  (604s)
step 27000  train 0.7058  eval 0.6842  pmax 1.7  (627s)
step 28000  train 0.7895  eval 0.6604  pmax 1.8  (650s)
step 29000  train 0.7496  eval 0.6632  pmax 1.7  (673s)
step 30000  train 0.7345  eval 0.6897  pmax 1.8  (696s)
  [checkpoint + sample saved at step 30000]
step 31000  train 0.7215  eval 0.6791  pmax 1.9  (719s)
step 32000  train 0.7380  eval 0.6656  pmax 1.9  (742s)
step 33000  train 0.7189  eval 0.6639  pmax 2.0  (765s)
step 34000  train 0.7490  eval 0.6624  pmax 2.0  (788s)
step 35000  train 0.6944  eval 0.6665  pmax 2.1  (811s)
step 36000  train 0.7095  eval 0.6471  pmax 2.1  (834s)
step 37000  train 0.7213  eval 0.6589  pmax 2.2  (857s)
step 38000  train 0.7125  eval 0.6621  pmax 2.2  (880s)
step 39000  train 0.7070  eval 0.6594  pmax 2.3  (903s)
step 40000  train 0.7207  eval 0.6451  pmax 2.3  (926s)
  [checkpoint + sample saved at step 40000]
step 41000  train 0.6962  eval 0.6884  pmax 2.4  (949s)
step 42000  train 0.6788  eval 0.6738  pmax 2.4  (972s)
step 43000  train 0.6928  eval 0.6406  pmax 2.4  (995s)
step 44000  train 0.7238  eval 0.6335  pmax 2.5  (1018s)
step 45000  train 0.6979  eval 0.6560  pmax 2.5  (1041s)
step 46000  train 0.6968  eval 0.6457  pmax 2.5  (1064s)
step 47000  train 0.6906  eval 0.6583  pmax 2.6  (1087s)
step 48000  train 0.7041  eval 0.6425  pmax 2.6  (1110s)
step 49000  train 0.6963  eval 0.6652  pmax 2.6  (1133s)
step 50000  train 0.6976  eval 0.6474  pmax 2.6  (1156s)
  [checkpoint + sample saved at step 50000]
step 51000  train 0.6663  eval 0.6511  pmax 2.7  (1179s)
step 52000  train 0.6721  eval 0.6688  pmax 2.7  (1202s)
step 53000  train 0.7055  eval 0.6392  pmax 2.7  (1225s)
step 54000  train 0.6743  eval 0.6426  pmax 2.7  (1248s)
step 55000  train 0.6688  eval 0.6583  pmax 2.7  (1271s)
step 56000  train 0.7035  eval 0.5972  pmax 2.7  (1294s)
step 57000  train 0.6675  eval 0.6545  pmax 2.8  (1317s)
step 58000  train 0.6838  eval 0.6307  pmax 2.8  (1340s)
step 59000  train 0.6822  eval 0.6296  pmax 2.8  (1363s)
step 60000  train 0.6802  eval 0.6393  pmax 2.8  (1386s)
  [checkpoint + sample saved at step 60000]
step 61000  train 0.6785  eval 0.6335  pmax 2.8  (1409s)
step 62000  train 0.6924  eval 0.6175  pmax 2.8  (1432s)
step 63000  train 0.6864  eval 0.6262  pmax 2.8  (1455s)
step 64000  train 0.6934  eval 0.6199  pmax 2.8  (1478s)
step 65000  train 0.6620  eval 0.6405  pmax 2.8  (1501s)
step 66000  train 0.6697  eval 0.6405  pmax 2.8  (1524s)
step 67000  train 0.6727  eval 0.6354  pmax 2.8  (1546s)
step 68000  train 0.6657  eval 0.6103  pmax 2.9  (1569s)
step 69000  train 0.6636  eval 0.6428  pmax 2.9  (1592s)
step 70000  train 0.6847  eval 0.6138  pmax 2.9  (1615s)
  [checkpoint + sample saved at step 70000]
step 71000  train 0.6850  eval 0.6072  pmax 2.9  (1638s)
step 72000  train 0.6875  eval 0.6190  pmax 2.9  (1661s)
step 73000  train 0.6619  eval 0.6325  pmax 2.9  (1684s)
step 74000  train 0.6609  eval 0.6185  pmax 2.9  (1707s)
step 75000  train 0.6736  eval 0.6125  pmax 2.9  (1730s)
step 76000  train 0.6470  eval 0.6152  pmax 2.9  (1753s)
step 77000  train 0.6458  eval 0.6080  pmax 2.9  (1776s)
step 78000  train 0.6499  eval 0.6362  pmax 2.9  (1798s)
step 79000  train 0.6791  eval 0.5957  pmax 2.9  (1821s)
step 80000  train 0.6602  eval 0.6242  pmax 2.9  (1844s)
  [checkpoint + sample saved at step 80000]
step 81000  train 0.6643  eval 0.6243  pmax 2.9  (1868s)
step 82000  train 0.6604  eval 0.6260  pmax 2.9  (1891s)
step 83000  train 0.6457  eval 0.6253  pmax 2.9  (1914s)
step 84000  train 0.6677  eval 0.5947  pmax 2.9  (1936s)
step 85000  train 0.6513  eval 0.5994  pmax 2.9  (1959s)
step 86000  train 0.6432  eval 0.5973  pmax 2.9  (1982s)
step 87000  train 0.6906  eval 0.6104  pmax 2.9  (2005s)
step 88000  train 0.6933  eval 0.6246  pmax 2.9  (2028s)
step 89000  train 0.6469  eval 0.6169  pmax 2.9  (2051s)
step 90000  train 0.6635  eval 0.5950  pmax 2.9  (2074s)
  [checkpoint + sample saved at step 90000]
step 91000  train 0.6478  eval 0.6323  pmax 2.9  (2098s)
step 92000  train 0.6515  eval 0.6085  pmax 2.9  (2121s)
step 93000  train 0.6187  eval 0.6120  pmax 2.9  (2144s)
step 94000  train 0.6568  eval 0.5959  pmax 2.9  (2167s)
step 95000  train 0.6715  eval 0.6113  pmax 2.9  (2190s)
step 96000  train 0.6670  eval 0.5853  pmax 2.9  (2213s)
step 97000  train 0.6519  eval 0.6440  pmax 2.9  (2235s)
step 98000  train 0.6383  eval 0.6172  pmax 2.9  (2258s)
step 99000  train 0.6787  eval 0.6127  pmax 2.9  (2281s)
step 100000  train 0.6777  eval 0.5763  pmax 2.9  (2304s)
  [checkpoint + sample saved at step 100000]
done. artifacts in /home/luke/Wavelet-State-KAN/checkpoints/tf_tinystories_1m_3ep_s2024
