/home/luke/Wavelet-State-KAN/experiments/V1_train_tinystories_lm.py:107: UserWarning: The given buffer is not writable, and PyTorch does not support non-writable tensors. This means you can write to the underlying (supposedly non-writable) buffer using the tensor. You may want to copy the buffer to protect its data or make it writable before converting it to a tensor. This type of warning will be suppressed for the rest of this program. (Triggered internally at /__w/pytorch/pytorch/torch/csrc/utils/tensor_new.cpp:1556.)
  train_ids = torch.frombuffer(train_text.encode("utf-8", errors="ignore"), dtype=torch.uint8)
train bytes: 1,905,061,325  eval bytes: 405,730
model: tf  params: 9,840  device: cuda
step     1  train 5.5394  eval 5.4614  pmax 1.0  (1s)
step  1000  train 2.2080  eval 2.2120  pmax 2.2  (14s)
step  2000  train 2.0343  eval 1.9999  pmax 2.4  (26s)
step  3000  train 1.9406  eval 1.9172  pmax 2.6  (39s)
step  4000  train 1.8827  eval 1.9015  pmax 2.8  (51s)
step  5000  train 1.8302  eval 1.8524  pmax 2.9  (63s)
step  6000  train 1.8204  eval 1.8275  pmax 3.1  (76s)
step  7000  train 1.8282  eval 1.7886  pmax 3.2  (88s)
step  8000  train 1.8283  eval 1.7795  pmax 3.3  (101s)
step  9000  train 1.8325  eval 1.7557  pmax 3.3  (113s)
step 10000  train 1.8233  eval 1.7881  pmax 3.4  (126s)
step 11000  train 1.7985  eval 1.7404  pmax 3.5  (138s)
step 12000  train 1.7811  eval 1.7610  pmax 3.6  (151s)
step 13000  train 1.7929  eval 1.7644  pmax 3.6  (163s)
step 14000  train 1.7804  eval 1.7663  pmax 3.7  (176s)
step 15000  train 1.8071  eval 1.7729  pmax 3.8  (188s)
step 16000  train 1.7636  eval 1.7610  pmax 3.8  (200s)
step 17000  train 1.8025  eval 1.7159  pmax 3.9  (213s)
step 18000  train 1.7586  eval 1.7379  pmax 4.0  (225s)
step 19000  train 1.8028  eval 1.7314  pmax 4.0  (238s)
step 20000  train 1.7610  eval 1.6937  pmax 4.1  (250s)
step 21000  train 1.7464  eval 1.6917  pmax 4.2  (262s)
step 22000  train 1.7643  eval 1.6920  pmax 4.2  (275s)
step 23000  train 1.7268  eval 1.7406  pmax 4.2  (288s)
step 24000  train 1.7463  eval 1.6935  pmax 4.3  (300s)
step 25000  train 1.7260  eval 1.6981  pmax 4.3  (313s)
  [checkpoint + sample saved at step 25000]
step 26000  train 1.7147  eval 1.6948  pmax 4.3  (326s)
step 27000  train 1.7207  eval 1.6856  pmax 4.3  (338s)
step 28000  train 1.7346  eval 1.6710  pmax 4.4  (350s)
step 29000  train 1.7245  eval 1.6900  pmax 4.4  (363s)
step 30000  train 1.7356  eval 1.6886  pmax 4.4  (375s)
step 31000  train 1.7116  eval 1.7067  pmax 4.4  (387s)
step 32000  train 1.7079  eval 1.6920  pmax 4.5  (400s)
step 33000  train 1.7438  eval 1.6579  pmax 4.5  (412s)
step 34000  train 1.7150  eval 1.6667  pmax 4.5  (425s)
step 35000  train 1.7177  eval 1.6597  pmax 4.5  (437s)
step 36000  train 1.6760  eval 1.6798  pmax 4.6  (450s)
step 37000  train 1.7174  eval 1.6821  pmax 4.6  (462s)
step 38000  train 1.7053  eval 1.6728  pmax 4.6  (474s)
step 39000  train 1.7050  eval 1.6450  pmax 4.6  (487s)
step 40000  train 1.6852  eval 1.6697  pmax 4.6  (499s)
step 41000  train 1.6964  eval 1.6939  pmax 4.7  (511s)
step 42000  train 1.6893  eval 1.6432  pmax 4.7  (524s)
step 43000  train 1.7003  eval 1.6509  pmax 4.7  (536s)
step 44000  train 1.6889  eval 1.6516  pmax 4.7  (548s)
step 45000  train 1.7206  eval 1.6616  pmax 4.8  (560s)
step 46000  train 1.6966  eval 1.6478  pmax 4.8  (572s)
step 47000  train 1.6877  eval 1.6691  pmax 4.8  (585s)
step 48000  train 1.7224  eval 1.6768  pmax 4.8  (597s)
step 49000  train 1.7189  eval 1.6360  pmax 4.8  (610s)
step 50000  train 1.7049  eval 1.6483  pmax 4.9  (622s)
  [checkpoint + sample saved at step 50000]
step 51000  train 1.6930  eval 1.6463  pmax 4.9  (635s)
step 52000  train 1.6415  eval 1.6616  pmax 4.9  (647s)
step 53000  train 1.6817  eval 1.7114  pmax 4.9  (660s)
step 54000  train 1.6786  eval 1.6626  pmax 4.9  (672s)
step 55000  train 1.6636  eval 1.6369  pmax 4.9  (685s)
step 56000  train 1.6361  eval 1.6589  pmax 4.9  (697s)
step 57000  train 1.6846  eval 1.6185  pmax 4.9  (709s)
step 58000  train 1.6488  eval 1.6554  pmax 4.9  (722s)
step 59000  train 1.6589  eval 1.6611  pmax 4.9  (734s)
step 60000  train 1.6825  eval 1.6410  pmax 4.9  (747s)
  [checkpoint + sample saved at step 60000]
done. artifacts in /home/luke/Wavelet-State-KAN/checkpoints/tf_tinystories_10k_3ep_s42
