/home/luke/Wavelet-State-KAN/experiments/V1_train_tinystories_lm.py:107: UserWarning: The given buffer is not writable, and PyTorch does not support non-writable tensors. This means you can write to the underlying (supposedly non-writable) buffer using the tensor. You may want to copy the buffer to protect its data or make it writable before converting it to a tensor. This type of warning will be suppressed for the rest of this program. (Triggered internally at /__w/pytorch/pytorch/torch/csrc/utils/tensor_new.cpp:1556.)
  train_ids = torch.frombuffer(train_text.encode("utf-8", errors="ignore"), dtype=torch.uint8)
train bytes: 1,905,061,325  eval bytes: 405,730
model: tf  params: 98,800  device: cuda
step     1  train 5.5597  eval 5.3466  pmax 1.0  (5s)
step  1000  train 1.4431  eval 1.4137  pmax 2.3  (19s)
step  2000  train 1.2992  eval 1.2269  pmax 2.4  (34s)
step  3000  train 1.2245  eval 1.1856  pmax 2.4  (48s)
step  4000  train 1.1865  eval 1.1068  pmax 2.5  (62s)
step  5000  train 1.1777  eval 1.1476  pmax 2.5  (76s)
step  6000  train 1.1333  eval 1.0848  pmax 2.4  (90s)
step  7000  train 1.1307  eval 1.0733  pmax 2.4  (104s)
step  8000  train 1.1489  eval 1.0757  pmax 2.4  (118s)
step  9000  train 1.1364  eval 1.1018  pmax 2.4  (131s)
step 10000  train 1.0995  eval 1.0743  pmax 2.4  (145s)
step 11000  train 1.0869  eval 1.0643  pmax 2.4  (159s)
step 12000  train 1.0866  eval 1.0508  pmax 2.5  (173s)
step 13000  train 1.0673  eval 1.0496  pmax 2.6  (186s)
step 14000  train 1.0867  eval 1.0043  pmax 2.7  (200s)
step 15000  train 1.0562  eval 1.0029  pmax 2.9  (214s)
step 16000  train 1.0574  eval 1.0440  pmax 3.0  (228s)
step 17000  train 1.0635  eval 1.0289  pmax 3.1  (241s)
step 18000  train 1.0431  eval 0.9949  pmax 3.2  (255s)
step 19000  train 1.0780  eval 1.0181  pmax 3.4  (269s)
step 20000  train 1.0542  eval 1.0200  pmax 3.5  (283s)
step 21000  train 1.0511  eval 0.9938  pmax 3.6  (297s)
step 22000  train 1.0859  eval 1.0131  pmax 3.6  (311s)
step 23000  train 1.0385  eval 1.0084  pmax 3.6  (325s)
step 24000  train 1.0394  eval 0.9971  pmax 3.7  (338s)
step 25000  train 1.0601  eval 1.0177  pmax 3.8  (352s)
  [checkpoint + sample saved at step 25000]
step 26000  train 1.0870  eval 1.0016  pmax 4.0  (367s)
step 27000  train 1.0069  eval 0.9977  pmax 4.2  (380s)
step 28000  train 1.0608  eval 1.0260  pmax 4.4  (394s)
step 29000  train 1.0407  eval 0.9994  pmax 4.5  (408s)
step 30000  train 1.0587  eval 1.0114  pmax 4.7  (421s)
step 31000  train 0.9896  eval 0.9802  pmax 4.8  (435s)
step 32000  train 1.0475  eval 0.9697  pmax 5.0  (449s)
step 33000  train 1.0587  eval 0.9936  pmax 5.2  (462s)
step 34000  train 1.0307  eval 0.9522  pmax 5.3  (476s)
step 35000  train 1.0218  eval 0.9700  pmax 5.4  (490s)
step 36000  train 1.0218  eval 0.9599  pmax 5.5  (504s)
step 37000  train 1.0639  eval 1.0033  pmax 5.7  (518s)
step 38000  train 1.0662  eval 0.9784  pmax 5.8  (531s)
step 39000  train 1.0399  eval 0.9710  pmax 6.0  (545s)
step 40000  train 1.0130  eval 0.9626  pmax 6.1  (559s)
step 41000  train 1.0108  eval 0.9607  pmax 6.2  (572s)
step 42000  train 1.0145  eval 1.0099  pmax 6.3  (586s)
step 43000  train 1.0185  eval 0.9978  pmax 6.4  (600s)
step 44000  train 0.9994  eval 1.0010  pmax 6.5  (614s)
step 45000  train 1.0089  eval 0.9591  pmax 6.5  (628s)
step 46000  train 1.0400  eval 0.9609  pmax 6.6  (642s)
step 47000  train 1.0045  eval 0.9968  pmax 6.7  (656s)
step 48000  train 0.9961  eval 0.9459  pmax 6.8  (669s)
step 49000  train 1.0092  eval 0.9665  pmax 6.9  (683s)
step 50000  train 0.9891  eval 1.0009  pmax 7.0  (696s)
  [checkpoint + sample saved at step 50000]
step 51000  train 1.0381  eval 0.9359  pmax 7.0  (710s)
step 52000  train 0.9982  eval 0.9721  pmax 7.1  (724s)
step 53000  train 0.9937  eval 0.9781  pmax 7.2  (738s)
step 54000  train 0.9993  eval 0.9668  pmax 7.2  (751s)
step 55000  train 1.0256  eval 0.9511  pmax 7.3  (765s)
step 56000  train 1.0169  eval 0.9360  pmax 7.3  (779s)
step 57000  train 1.0186  eval 0.9876  pmax 7.4  (792s)
step 58000  train 1.0164  eval 0.9538  pmax 7.5  (806s)
step 59000  train 1.0223  eval 0.9596  pmax 7.5  (820s)
step 60000  train 0.9819  eval 0.9388  pmax 7.6  (834s)
step 61000  train 1.0127  eval 0.9634  pmax 7.6  (848s)
step 62000  train 1.0235  eval 0.9302  pmax 7.7  (861s)
step 63000  train 0.9707  eval 1.0071  pmax 7.8  (875s)
step 64000  train 0.9744  eval 0.9326  pmax 7.8  (889s)
step 65000  train 0.9874  eval 0.9394  pmax 7.9  (903s)
step 66000  train 1.0049  eval 0.9797  pmax 8.0  (916s)
step 67000  train 0.9896  eval 0.9524  pmax 8.0  (930s)
step 68000  train 1.0179  eval 0.9758  pmax 8.0  (944s)
step 69000  train 0.9798  eval 0.9825  pmax 8.1  (958s)
step 70000  train 0.9891  eval 0.9351  pmax 8.1  (972s)
step 71000  train 0.9890  eval 0.9538  pmax 8.1  (986s)
step 72000  train 0.9709  eval 0.9478  pmax 8.2  (999s)
step 73000  train 1.0286  eval 0.8993  pmax 8.3  (1013s)
step 74000  train 1.0320  eval 0.9304  pmax 8.3  (1027s)
step 75000  train 0.9634  eval 0.9510  pmax 8.4  (1041s)
  [checkpoint + sample saved at step 75000]
step 76000  train 1.0105  eval 0.9386  pmax 8.4  (1055s)
step 77000  train 1.0055  eval 0.9369  pmax 8.5  (1068s)
step 78000  train 1.0061  eval 0.9673  pmax 8.5  (1082s)
step 79000  train 1.0298  eval 0.9544  pmax 8.6  (1095s)
step 80000  train 0.9831  eval 0.9091  pmax 8.6  (1109s)
step 81000  train 0.9974  eval 0.9510  pmax 8.6  (1123s)
step 82000  train 0.9854  eval 0.9735  pmax 8.7  (1136s)
step 83000  train 0.9910  eval 0.9681  pmax 8.7  (1149s)
step 84000  train 0.9964  eval 0.9511  pmax 8.8  (1163s)
step 85000  train 1.0032  eval 0.9470  pmax 8.8  (1177s)
step 86000  train 0.9910  eval 0.9594  pmax 8.9  (1191s)
step 87000  train 1.0081  eval 0.9694  pmax 8.9  (1204s)
step 88000  train 1.0001  eval 0.9322  pmax 8.9  (1218s)
step 89000  train 0.9769  eval 0.9344  pmax 9.0  (1232s)
step 90000  train 0.9774  eval 0.9383  pmax 9.0  (1246s)
step 91000  train 0.9850  eval 0.9289  pmax 9.0  (1260s)
step 92000  train 0.9972  eval 0.9372  pmax 9.1  (1273s)
step 93000  train 0.9943  eval 0.8962  pmax 9.1  (1287s)
step 94000  train 1.0146  eval 0.9501  pmax 9.2  (1301s)
step 95000  train 1.0065  eval 0.9706  pmax 9.2  (1315s)
step 96000  train 0.9923  eval 0.9106  pmax 9.3  (1329s)
step 97000  train 1.0205  eval 0.9138  pmax 9.3  (1343s)
step 98000  train 0.9849  eval 0.9279  pmax 9.4  (1357s)
step 99000  train 1.0111  eval 0.9520  pmax 9.4  (1370s)
step 100000  train 0.9823  eval 0.9142  pmax 9.5  (1384s)
  [checkpoint + sample saved at step 100000]
step 101000  train 0.9885  eval 0.9411  pmax 9.6  (1398s)
step 102000  train 0.9743  eval 0.9652  pmax 9.6  (1412s)
step 103000  train 0.9914  eval 0.9650  pmax 9.6  (1426s)
step 104000  train 1.0031  eval 0.9458  pmax 9.7  (1440s)
step 105000  train 0.9900  eval 0.9480  pmax 9.7  (1454s)
step 106000  train 0.9922  eval 0.9214  pmax 9.8  (1467s)
step 107000  train 0.9837  eval 0.9942  pmax 9.9  (1481s)
step 108000  train 1.0169  eval 0.9267  pmax 9.9  (1495s)
step 109000  train 1.0085  eval 0.9457  pmax 10.0  (1509s)
step 110000  train 0.9657  eval 0.9127  pmax 10.0  (1522s)
step 111000  train 1.0012  eval 0.9467  pmax 10.1  (1536s)
step 112000  train 0.9896  eval 0.9649  pmax 10.1  (1549s)
step 113000  train 0.9856  eval 0.9268  pmax 10.1  (1563s)
step 114000  train 0.9806  eval 0.9486  pmax 10.2  (1577s)
step 115000  train 1.0074  eval 0.9204  pmax 10.2  (1591s)
step 116000  train 0.9980  eval 0.9534  pmax 10.3  (1604s)
step 117000  train 0.9591  eval 0.9317  pmax 10.3  (1618s)
step 118000  train 0.9963  eval 0.9553  pmax 10.3  (1632s)
step 119000  train 1.0102  eval 0.9566  pmax 10.4  (1646s)
step 120000  train 0.9633  eval 0.9257  pmax 10.5  (1659s)
step 121000  train 0.9756  eval 0.9231  pmax 10.5  (1673s)
step 122000  train 1.0039  eval 0.9287  pmax 10.6  (1687s)
step 123000  train 0.9788  eval 0.9352  pmax 10.6  (1701s)
step 124000  train 1.0148  eval 0.9151  pmax 10.6  (1714s)
step 125000  train 0.9811  eval 0.9202  pmax 10.7  (1728s)
  [checkpoint + sample saved at step 125000]
step 126000  train 0.9784  eval 0.9329  pmax 10.8  (1742s)
step 127000  train 0.9777  eval 0.9716  pmax 10.8  (1756s)
step 128000  train 0.9801  eval 0.9107  pmax 10.8  (1770s)
step 129000  train 0.9663  eval 0.9197  pmax 10.9  (1784s)
step 130000  train 0.9900  eval 0.9143  pmax 10.9  (1798s)
step 131000  train 0.9951  eval 0.9238  pmax 10.9  (1811s)
step 132000  train 1.0068  eval 0.9220  pmax 11.0  (1824s)
step 133000  train 0.9906  eval 0.9192  pmax 11.0  (1838s)
step 134000  train 0.9640  eval 0.9399  pmax 11.0  (1852s)
step 135000  train 0.9544  eval 0.9192  pmax 11.1  (1865s)
step 136000  train 0.9660  eval 0.9834  pmax 11.1  (1879s)
step 137000  train 0.9614  eval 0.9367  pmax 11.1  (1893s)
step 138000  train 0.9792  eval 0.9463  pmax 11.2  (1907s)
step 139000  train 0.9773  eval 0.9716  pmax 11.3  (1920s)
step 140000  train 0.9828  eval 0.9004  pmax 11.3  (1934s)
step 141000  train 0.9439  eval 0.9084  pmax 11.3  (1948s)
step 142000  train 1.0128  eval 0.9310  pmax 11.4  (1962s)
step 143000  train 1.0008  eval 0.9617  pmax 11.4  (1975s)
step 144000  train 0.9719  eval 0.9206  pmax 11.4  (1989s)
step 145000  train 0.9772  eval 0.9050  pmax 11.5  (2003s)
step 146000  train 0.9683  eval 0.9143  pmax 11.5  (2017s)
step 147000  train 0.9584  eval 0.9304  pmax 11.6  (2030s)
step 148000  train 0.9986  eval 0.9563  pmax 11.6  (2044s)
step 149000  train 0.9828  eval 0.9436  pmax 11.6  (2058s)
step 150000  train 0.9476  eval 0.9184  pmax 11.6  (2072s)
  [checkpoint + sample saved at step 150000]
step 151000  train 0.9834  eval 0.9172  pmax 11.7  (2086s)
step 152000  train 0.9834  eval 0.9583  pmax 11.7  (2100s)
step 153000  train 0.9761  eval 0.9077  pmax 11.8  (2114s)
step 154000  train 0.9692  eval 0.9387  pmax 11.8  (2128s)
step 155000  train 0.9926  eval 0.9405  pmax 11.8  (2142s)
step 156000  train 0.9783  eval 0.9591  pmax 11.8  (2156s)
step 157000  train 0.9665  eval 0.9505  pmax 11.9  (2170s)
step 158000  train 0.9578  eval 0.9228  pmax 11.9  (2183s)
step 159000  train 0.9775  eval 0.9743  pmax 11.9  (2197s)
step 160000  train 0.9563  eval 0.9320  pmax 11.9  (2211s)
step 161000  train 0.9493  eval 0.9584  pmax 12.0  (2224s)
step 162000  train 0.9836  eval 0.9110  pmax 12.0  (2238s)
step 163000  train 0.9831  eval 0.8997  pmax 12.0  (2252s)
step 164000  train 0.9755  eval 0.9267  pmax 12.0  (2265s)
step 165000  train 0.9493  eval 0.9060  pmax 12.1  (2279s)
step 166000  train 0.9722  eval 0.9264  pmax 12.1  (2293s)
step 167000  train 0.9851  eval 0.9176  pmax 12.1  (2307s)
step 168000  train 0.9429  eval 0.9538  pmax 12.1  (2320s)
step 169000  train 0.9986  eval 0.9290  pmax 12.2  (2334s)
step 170000  train 0.9628  eval 0.9416  pmax 12.2  (2347s)
step 171000  train 0.9944  eval 0.9173  pmax 12.3  (2361s)
step 172000  train 0.9606  eval 0.9359  pmax 12.3  (2375s)
step 173000  train 0.9807  eval 0.9047  pmax 12.3  (2389s)
step 174000  train 0.9732  eval 0.9027  pmax 12.3  (2403s)
step 175000  train 0.9708  eval 0.9288  pmax 12.4  (2417s)
  [checkpoint + sample saved at step 175000]
step 176000  train 0.9930  eval 0.9064  pmax 12.4  (2431s)
step 177000  train 0.9388  eval 0.9059  pmax 12.4  (2445s)
step 178000  train 0.9937  eval 0.9296  pmax 12.5  (2459s)
step 179000  train 0.9428  eval 0.8951  pmax 12.5  (2473s)
step 180000  train 0.9651  eval 0.9624  pmax 12.5  (2487s)
step 181000  train 0.9840  eval 0.9431  pmax 12.5  (2501s)
step 182000  train 0.9475  eval 0.9083  pmax 12.6  (2514s)
step 183000  train 0.9888  eval 0.9192  pmax 12.6  (2528s)
step 184000  train 0.9616  eval 0.9070  pmax 12.6  (2541s)
step 185000  train 0.9518  eval 0.9142  pmax 12.6  (2555s)
step 186000  train 0.9525  eval 0.8785  pmax 12.7  (2568s)
step 187000  train 0.9519  eval 0.9209  pmax 12.7  (2582s)
step 188000  train 0.9663  eval 0.9227  pmax 12.7  (2596s)
step 189000  train 0.9525  eval 0.9365  pmax 12.7  (2610s)
step 190000  train 0.9538  eval 0.9155  pmax 12.7  (2623s)
step 191000  train 0.9598  eval 0.9240  pmax 12.8  (2637s)
step 192000  train 0.9597  eval 0.9155  pmax 12.8  (2651s)
step 193000  train 0.9131  eval 0.9028  pmax 12.8  (2664s)
step 194000  train 0.9731  eval 0.9127  pmax 12.8  (2678s)
step 195000  train 0.9465  eval 0.9192  pmax 12.9  (2691s)
step 196000  train 0.9622  eval 0.9114  pmax 12.9  (2705s)
step 197000  train 0.9485  eval 0.8907  pmax 12.9  (2719s)
step 198000  train 0.9572  eval 0.9247  pmax 12.9  (2733s)
step 199000  train 0.9756  eval 0.9148  pmax 12.9  (2746s)
step 200000  train 0.9516  eval 0.9127  pmax 12.9  (2760s)
  [checkpoint + sample saved at step 200000]
step 201000  train 0.9753  eval 0.9142  pmax 13.0  (2774s)
step 202000  train 0.9980  eval 0.9097  pmax 13.0  (2788s)
step 203000  train 0.9734  eval 0.9145  pmax 13.0  (2802s)
step 204000  train 0.9765  eval 0.9299  pmax 13.0  (2815s)
step 205000  train 0.9626  eval 0.9292  pmax 13.0  (2829s)
step 206000  train 0.9538  eval 0.8788  pmax 13.0  (2843s)
step 207000  train 0.9604  eval 0.8813  pmax 13.0  (2856s)
step 208000  train 0.9546  eval 0.9286  pmax 13.1  (2870s)
step 209000  train 0.9636  eval 0.9651  pmax 13.1  (2884s)
step 210000  train 0.9466  eval 0.9169  pmax 13.1  (2898s)
step 211000  train 0.9954  eval 0.8633  pmax 13.1  (2911s)
step 212000  train 0.9568  eval 0.9461  pmax 13.2  (2925s)
step 213000  train 0.9551  eval 0.9064  pmax 13.2  (2938s)
step 214000  train 0.9957  eval 0.9128  pmax 13.2  (2952s)
step 215000  train 0.9418  eval 0.9016  pmax 13.2  (2966s)
step 216000  train 0.9485  eval 0.9204  pmax 13.2  (2979s)
step 217000  train 0.9707  eval 0.8804  pmax 13.3  (2993s)
step 218000  train 0.9653  eval 0.8951  pmax 13.3  (3007s)
step 219000  train 0.9808  eval 0.9323  pmax 13.3  (3021s)
step 220000  train 0.9677  eval 0.9006  pmax 13.3  (3035s)
step 221000  train 0.9476  eval 0.9217  pmax 13.3  (3048s)
step 222000  train 0.9710  eval 0.8797  pmax 13.4  (3062s)
step 223000  train 0.9398  eval 0.9094  pmax 13.4  (3076s)
step 224000  train 0.9439  eval 0.8711  pmax 13.4  (3090s)
step 225000  train 0.9707  eval 0.9099  pmax 13.4  (3103s)
  [checkpoint + sample saved at step 225000]
step 226000  train 0.9613  eval 0.9387  pmax 13.4  (3117s)
step 227000  train 0.9614  eval 0.9253  pmax 13.5  (3131s)
step 228000  train 0.9482  eval 0.8639  pmax 13.5  (3145s)
step 229000  train 0.9545  eval 0.8838  pmax 13.5  (3158s)
step 230000  train 0.9660  eval 0.8989  pmax 13.5  (3172s)
step 231000  train 0.9229  eval 0.8899  pmax 13.5  (3186s)
step 232000  train 0.9698  eval 0.9078  pmax 13.5  (3200s)
step 233000  train 1.0011  eval 0.8946  pmax 13.6  (3213s)
step 234000  train 0.9683  eval 0.9435  pmax 13.6  (3227s)
step 235000  train 0.9666  eval 0.8705  pmax 13.6  (3241s)
step 236000  train 0.9629  eval 0.9198  pmax 13.6  (3254s)
step 237000  train 0.9466  eval 0.9169  pmax 13.6  (3268s)
step 238000  train 0.9839  eval 0.9457  pmax 13.6  (3282s)
step 239000  train 0.9194  eval 0.9183  pmax 13.6  (3295s)
step 240000  train 0.9438  eval 0.8898  pmax 13.6  (3309s)
step 241000  train 0.9504  eval 0.8795  pmax 13.6  (3323s)
step 242000  train 0.9647  eval 0.9095  pmax 13.7  (3336s)
step 243000  train 0.9353  eval 0.9304  pmax 13.7  (3350s)
step 244000  train 0.9573  eval 0.9087  pmax 13.7  (3364s)
step 245000  train 0.9801  eval 0.9261  pmax 13.7  (3378s)
step 246000  train 0.9649  eval 0.9151  pmax 13.7  (3391s)
step 247000  train 0.9455  eval 0.9306  pmax 13.7  (3405s)
step 248000  train 0.9672  eval 0.9218  pmax 13.7  (3418s)
step 249000  train 0.9421  eval 0.8774  pmax 13.7  (3432s)
step 250000  train 0.9421  eval 0.9169  pmax 13.7  (3445s)
  [checkpoint + sample saved at step 250000]
step 251000  train 0.9645  eval 0.8923  pmax 13.7  (3460s)
step 252000  train 0.9580  eval 0.9116  pmax 13.8  (3474s)
step 253000  train 0.9578  eval 0.9166  pmax 13.8  (3487s)
step 254000  train 0.9413  eval 0.8835  pmax 13.8  (3501s)
step 255000  train 0.9617  eval 0.8719  pmax 13.8  (3515s)
step 256000  train 0.9283  eval 0.8954  pmax 13.8  (3528s)
step 257000  train 0.9366  eval 0.8890  pmax 13.8  (3542s)
step 258000  train 0.9453  eval 0.8805  pmax 13.8  (3555s)
step 259000  train 0.9746  eval 0.9039  pmax 13.8  (3569s)
step 260000  train 0.9338  eval 0.9043  pmax 13.8  (3583s)
step 261000  train 0.9666  eval 0.9101  pmax 13.8  (3596s)
step 262000  train 0.9457  eval 0.8957  pmax 13.8  (3610s)
step 263000  train 0.9551  eval 0.9086  pmax 13.8  (3623s)
step 264000  train 0.9741  eval 0.8893  pmax 13.8  (3637s)
step 265000  train 0.9211  eval 0.9112  pmax 13.8  (3651s)
step 266000  train 0.9748  eval 0.9056  pmax 13.8  (3665s)
step 267000  train 0.9630  eval 0.9006  pmax 13.8  (3679s)
step 268000  train 0.9508  eval 0.9009  pmax 13.8  (3693s)
step 269000  train 0.9480  eval 0.9142  pmax 13.8  (3706s)
step 270000  train 0.9616  eval 0.9193  pmax 13.8  (3720s)
step 271000  train 0.9765  eval 0.9194  pmax 13.8  (3734s)
step 272000  train 0.9458  eval 0.8920  pmax 13.9  (3747s)
step 273000  train 0.9765  eval 0.9145  pmax 13.9  (3761s)
step 274000  train 0.9404  eval 0.9075  pmax 13.9  (3775s)
step 275000  train 0.9226  eval 0.8862  pmax 13.9  (3788s)
  [checkpoint + sample saved at step 275000]
step 276000  train 0.9755  eval 0.9157  pmax 13.9  (3803s)
step 277000  train 0.9751  eval 0.8970  pmax 13.9  (3816s)
step 278000  train 0.9162  eval 0.9028  pmax 13.9  (3830s)
step 279000  train 0.9545  eval 0.8984  pmax 13.9  (3844s)
step 280000  train 0.9628  eval 0.9213  pmax 13.9  (3857s)
step 281000  train 0.9583  eval 0.9172  pmax 13.9  (3871s)
step 282000  train 0.9524  eval 0.9380  pmax 13.9  (3885s)
step 283000  train 0.9641  eval 0.8965  pmax 13.9  (3899s)
step 284000  train 0.9694  eval 0.9198  pmax 13.9  (3913s)
step 285000  train 0.9213  eval 0.8784  pmax 13.9  (3926s)
step 286000  train 0.9529  eval 0.8948  pmax 13.9  (3940s)
step 287000  train 0.9631  eval 0.9095  pmax 13.9  (3954s)
step 288000  train 0.9861  eval 0.9197  pmax 13.9  (3967s)
step 289000  train 0.9467  eval 0.9008  pmax 13.9  (3981s)
step 290000  train 0.9531  eval 0.9361  pmax 13.9  (3995s)
step 291000  train 0.9562  eval 0.9151  pmax 13.9  (4008s)
step 292000  train 0.9584  eval 0.8957  pmax 13.9  (4022s)
step 293000  train 0.9465  eval 0.9332  pmax 13.9  (4035s)
step 294000  train 0.9219  eval 0.8974  pmax 13.9  (4049s)
step 295000  train 0.9780  eval 0.9215  pmax 13.9  (4062s)
step 296000  train 0.9462  eval 0.8743  pmax 13.9  (4076s)
step 297000  train 0.9539  eval 0.9116  pmax 13.9  (4090s)
step 298000  train 0.9247  eval 0.9210  pmax 13.9  (4103s)
step 299000  train 0.9611  eval 0.9100  pmax 13.9  (4117s)
step 300000  train 0.9634  eval 0.9124  pmax 13.9  (4131s)
  [checkpoint + sample saved at step 300000]
done. artifacts in /home/luke/Wavelet-State-KAN/checkpoints/tf_tinystories_100k_3ep_s31337
