/home/luke/Wavelet-State-KAN/experiments/V1_train_tinystories_lm.py:107: UserWarning: The given buffer is not writable, and PyTorch does not support non-writable tensors. This means you can write to the underlying (supposedly non-writable) buffer using the tensor. You may want to copy the buffer to protect its data or make it writable before converting it to a tensor. This type of warning will be suppressed for the rest of this program. (Triggered internally at /__w/pytorch/pytorch/torch/csrc/utils/tensor_new.cpp:1556.)
  train_ids = torch.frombuffer(train_text.encode("utf-8", errors="ignore"), dtype=torch.uint8)
train bytes: 1,905,061,325  eval bytes: 405,730
model: tf  params: 2,284  device: cuda
step     1  train 5.5502  eval 5.5268  pmax 1.0  (1s)
step  1000  train 2.6553  eval 2.6542  pmax 2.4  (10s)
step  2000  train 2.5211  eval 2.5284  pmax 2.7  (20s)
step  3000  train 2.4987  eval 2.5030  pmax 2.9  (29s)
step  4000  train 2.4713  eval 2.4957  pmax 3.3  (40s)
step  5000  train 2.4972  eval 2.4971  pmax 3.8  (49s)
step  6000  train 2.4784  eval 2.5073  pmax 4.2  (58s)
step  7000  train 2.4845  eval 2.4809  pmax 4.7  (67s)
step  8000  train 2.5042  eval 2.4929  pmax 5.2  (76s)
step  9000  train 2.4791  eval 2.4746  pmax 5.6  (85s)
step 10000  train 2.4687  eval 2.4654  pmax 5.7  (95s)
step 11000  train 2.4832  eval 2.4894  pmax 5.9  (104s)
step 12000  train 2.4782  eval 2.4818  pmax 6.1  (113s)
step 13000  train 2.4956  eval 2.4708  pmax 6.2  (122s)
step 14000  train 2.4857  eval 2.4676  pmax 6.2  (131s)
step 15000  train 2.4661  eval 2.4923  pmax 6.3  (140s)
step 16000  train 2.4561  eval 2.4699  pmax 6.3  (150s)
step 17000  train 2.5024  eval 2.4765  pmax 6.4  (159s)
step 18000  train 2.4596  eval 2.4815  pmax 6.4  (168s)
step 19000  train 2.4738  eval 2.5044  pmax 6.5  (177s)
step 20000  train 2.4686  eval 2.4621  pmax 6.5  (186s)
step 21000  train 2.4807  eval 2.4800  pmax 6.5  (195s)
step 22000  train 2.4983  eval 2.4692  pmax 6.6  (205s)
step 23000  train 2.4713  eval 2.4862  pmax 6.6  (214s)
step 24000  train 2.4846  eval 2.4638  pmax 6.6  (223s)
step 25000  train 2.4844  eval 2.4862  pmax 6.6  (231s)
  [checkpoint + sample saved at step 25000]
step 26000  train 2.4656  eval 2.4964  pmax 6.6  (241s)
step 27000  train 2.4671  eval 2.4665  pmax 6.6  (250s)
step 28000  train 2.4948  eval 2.4820  pmax 6.7  (258s)
step 29000  train 2.4894  eval 2.4828  pmax 6.7  (267s)
step 30000  train 2.4656  eval 2.4858  pmax 6.7  (276s)
  [checkpoint + sample saved at step 30000]
done. artifacts in /home/luke/Wavelet-State-KAN/checkpoints/tf_tinystories_1k_3ep_s123
