/home/luke/Wavelet-State-KAN/experiments/V1_train_tinystories_lm.py:107: UserWarning: The given buffer is not writable, and PyTorch does not support non-writable tensors. This means you can write to the underlying (supposedly non-writable) buffer using the tensor. You may want to copy the buffer to protect its data or make it writable before converting it to a tensor. This type of warning will be suppressed for the rest of this program. (Triggered internally at /__w/pytorch/pytorch/torch/csrc/utils/tensor_new.cpp:1556.)
  train_ids = torch.frombuffer(train_text.encode("utf-8", errors="ignore"), dtype=torch.uint8)
train bytes: 1,905,061,325  eval bytes: 405,730
model: tf  params: 9,840  device: cuda
step     1  train 5.5229  eval 5.4656  pmax 1.0  (1s)
step  1000  train 2.1799  eval 2.2074  pmax 2.3  (14s)
step  2000  train 2.0041  eval 1.9960  pmax 2.6  (27s)
step  3000  train 1.9337  eval 1.9249  pmax 2.8  (40s)
step  4000  train 1.9341  eval 1.8810  pmax 2.9  (53s)
step  5000  train 1.8237  eval 1.8602  pmax 3.0  (66s)
step  6000  train 1.8563  eval 1.7916  pmax 3.0  (79s)
step  7000  train 1.8091  eval 1.8015  pmax 3.0  (92s)
step  8000  train 1.8379  eval 1.8331  pmax 3.0  (105s)
step  9000  train 1.7976  eval 1.7536  pmax 3.2  (118s)
step 10000  train 1.7971  eval 1.7501  pmax 3.5  (131s)
step 11000  train 1.8025  eval 1.7789  pmax 3.6  (144s)
step 12000  train 1.7638  eval 1.7613  pmax 3.7  (158s)
step 13000  train 1.7599  eval 1.7236  pmax 3.9  (171s)
step 14000  train 1.7484  eval 1.7595  pmax 4.0  (184s)
step 15000  train 1.7698  eval 1.7216  pmax 4.0  (197s)
step 16000  train 1.7222  eval 1.7097  pmax 4.1  (210s)
step 17000  train 1.7596  eval 1.7098  pmax 4.1  (223s)
step 18000  train 1.7382  eval 1.7068  pmax 4.3  (236s)
step 19000  train 1.7513  eval 1.7279  pmax 4.3  (249s)
step 20000  train 1.7210  eval 1.7442  pmax 4.3  (262s)
step 21000  train 1.7635  eval 1.7168  pmax 4.3  (274s)
step 22000  train 1.7302  eval 1.6809  pmax 4.3  (287s)
step 23000  train 1.6915  eval 1.6830  pmax 4.3  (300s)
step 24000  train 1.7514  eval 1.6830  pmax 4.3  (313s)
step 25000  train 1.7454  eval 1.6584  pmax 4.3  (326s)
  [checkpoint + sample saved at step 25000]
step 26000  train 1.7051  eval 1.6573  pmax 4.4  (340s)
step 27000  train 1.7379  eval 1.6834  pmax 4.4  (353s)
step 28000  train 1.7335  eval 1.6726  pmax 4.4  (367s)
step 29000  train 1.7060  eval 1.6675  pmax 4.4  (379s)
step 30000  train 1.7098  eval 1.6902  pmax 4.4  (393s)
step 31000  train 1.7065  eval 1.6654  pmax 4.4  (406s)
step 32000  train 1.7153  eval 1.6647  pmax 4.4  (419s)
step 33000  train 1.6881  eval 1.6638  pmax 4.4  (431s)
step 34000  train 1.7044  eval 1.6880  pmax 4.4  (444s)
step 35000  train 1.6640  eval 1.6509  pmax 4.4  (457s)
step 36000  train 1.7050  eval 1.6598  pmax 4.4  (470s)
step 37000  train 1.6946  eval 1.6807  pmax 4.4  (483s)
step 38000  train 1.6842  eval 1.6495  pmax 4.4  (496s)
step 39000  train 1.6740  eval 1.6638  pmax 4.4  (509s)
step 40000  train 1.6447  eval 1.6590  pmax 4.4  (522s)
step 41000  train 1.6939  eval 1.6661  pmax 4.4  (535s)
step 42000  train 1.6658  eval 1.6264  pmax 4.4  (548s)
step 43000  train 1.6953  eval 1.6272  pmax 4.4  (561s)
step 44000  train 1.6305  eval 1.6120  pmax 4.4  (574s)
step 45000  train 1.6767  eval 1.6624  pmax 4.4  (587s)
step 46000  train 1.6563  eval 1.6211  pmax 4.4  (600s)
step 47000  train 1.6574  eval 1.6351  pmax 4.4  (613s)
step 48000  train 1.6765  eval 1.6811  pmax 4.4  (626s)
step 49000  train 1.6836  eval 1.6196  pmax 4.4  (639s)
step 50000  train 1.6492  eval 1.6226  pmax 4.4  (652s)
  [checkpoint + sample saved at step 50000]
step 51000  train 1.6351  eval 1.6068  pmax 4.4  (665s)
step 52000  train 1.6673  eval 1.6494  pmax 4.4  (679s)
step 53000  train 1.6774  eval 1.5865  pmax 4.4  (691s)
step 54000  train 1.6334  eval 1.6252  pmax 4.4  (704s)
step 55000  train 1.6868  eval 1.6237  pmax 4.4  (717s)
step 56000  train 1.6233  eval 1.5956  pmax 4.4  (730s)
step 57000  train 1.6727  eval 1.6420  pmax 4.4  (743s)
step 58000  train 1.6717  eval 1.6251  pmax 4.4  (756s)
step 59000  train 1.6780  eval 1.6301  pmax 4.4  (769s)
step 60000  train 1.6581  eval 1.6562  pmax 4.4  (781s)
  [checkpoint + sample saved at step 60000]
done. artifacts in /home/luke/Wavelet-State-KAN/checkpoints/tf_tinystories_10k_3ep_s2024
