/home/luke/Wavelet-State-KAN/experiments/V1_train_tinystories_lm.py:107: UserWarning: The given buffer is not writable, and PyTorch does not support non-writable tensors. This means you can write to the underlying (supposedly non-writable) buffer using the tensor. You may want to copy the buffer to protect its data or make it writable before converting it to a tensor. This type of warning will be suppressed for the rest of this program. (Triggered internally at /__w/pytorch/pytorch/torch/csrc/utils/tensor_new.cpp:1556.)
  train_ids = torch.frombuffer(train_text.encode("utf-8", errors="ignore"), dtype=torch.uint8)
train bytes: 1,905,061,325  eval bytes: 405,730
model: tf  params: 9,840  device: cuda
step     1  train 5.5602  eval 5.4822  pmax 1.0  (1s)
step  1000  train 2.2654  eval 2.3097  pmax 2.3  (14s)
step  2000  train 2.0681  eval 2.0369  pmax 2.7  (27s)
step  3000  train 1.9696  eval 1.9599  pmax 2.9  (40s)
step  4000  train 1.9074  eval 1.8741  pmax 3.1  (53s)
step  5000  train 1.8895  eval 1.8795  pmax 3.2  (66s)
step  6000  train 1.8702  eval 1.8429  pmax 3.4  (78s)
step  7000  train 1.8373  eval 1.8011  pmax 3.5  (92s)
step  8000  train 1.8101  eval 1.8092  pmax 3.7  (105s)
step  9000  train 1.8188  eval 1.7476  pmax 3.9  (118s)
step 10000  train 1.7801  eval 1.7728  pmax 4.1  (130s)
step 11000  train 1.7868  eval 1.7478  pmax 4.3  (143s)
step 12000  train 1.7666  eval 1.7726  pmax 4.4  (156s)
step 13000  train 1.7597  eval 1.7224  pmax 4.5  (169s)
step 14000  train 1.7885  eval 1.7143  pmax 4.6  (182s)
step 15000  train 1.7560  eval 1.7290  pmax 4.7  (194s)
step 16000  train 1.7345  eval 1.7258  pmax 4.7  (207s)
step 17000  train 1.7454  eval 1.7022  pmax 4.7  (220s)
step 18000  train 1.7233  eval 1.6777  pmax 4.8  (233s)
step 19000  train 1.7399  eval 1.7137  pmax 4.8  (246s)
step 20000  train 1.7214  eval 1.7153  pmax 4.8  (259s)
step 21000  train 1.7125  eval 1.6675  pmax 4.9  (271s)
step 22000  train 1.7160  eval 1.7069  pmax 5.0  (284s)
step 23000  train 1.7213  eval 1.7148  pmax 5.0  (297s)
step 24000  train 1.6983  eval 1.6798  pmax 5.1  (309s)
step 25000  train 1.6876  eval 1.7103  pmax 5.1  (322s)
  [checkpoint + sample saved at step 25000]
step 26000  train 1.7048  eval 1.7077  pmax 5.2  (336s)
step 27000  train 1.6900  eval 1.6518  pmax 5.2  (349s)
step 28000  train 1.6792  eval 1.6624  pmax 5.3  (362s)
step 29000  train 1.7110  eval 1.7039  pmax 5.3  (375s)
step 30000  train 1.6767  eval 1.6769  pmax 5.3  (388s)
step 31000  train 1.6721  eval 1.7005  pmax 5.4  (401s)
step 32000  train 1.7129  eval 1.6553  pmax 5.4  (413s)
step 33000  train 1.6755  eval 1.6464  pmax 5.4  (426s)
step 34000  train 1.7104  eval 1.6394  pmax 5.4  (438s)
step 35000  train 1.6837  eval 1.6645  pmax 5.4  (451s)
step 36000  train 1.6776  eval 1.6551  pmax 5.5  (464s)
step 37000  train 1.6883  eval 1.6179  pmax 5.5  (477s)
step 38000  train 1.6667  eval 1.6554  pmax 5.5  (490s)
step 39000  train 1.7010  eval 1.6177  pmax 5.5  (502s)
step 40000  train 1.6754  eval 1.6393  pmax 5.5  (515s)
step 41000  train 1.6487  eval 1.6401  pmax 5.5  (528s)
step 42000  train 1.6597  eval 1.6485  pmax 5.6  (541s)
step 43000  train 1.6810  eval 1.6174  pmax 5.6  (554s)
step 44000  train 1.6754  eval 1.6692  pmax 5.6  (566s)
step 45000  train 1.6924  eval 1.5904  pmax 5.6  (579s)
step 46000  train 1.6755  eval 1.6187  pmax 5.6  (592s)
step 47000  train 1.6728  eval 1.6330  pmax 5.6  (605s)
step 48000  train 1.6417  eval 1.6804  pmax 5.6  (618s)
step 49000  train 1.6370  eval 1.6131  pmax 5.7  (630s)
step 50000  train 1.6227  eval 1.6119  pmax 5.7  (643s)
  [checkpoint + sample saved at step 50000]
step 51000  train 1.6382  eval 1.5960  pmax 5.7  (657s)
step 52000  train 1.6577  eval 1.6097  pmax 5.7  (669s)
step 53000  train 1.6589  eval 1.6018  pmax 5.7  (682s)
step 54000  train 1.6825  eval 1.6234  pmax 5.7  (695s)
step 55000  train 1.6719  eval 1.5763  pmax 5.7  (708s)
step 56000  train 1.6387  eval 1.5766  pmax 5.7  (721s)
step 57000  train 1.6510  eval 1.5970  pmax 5.7  (733s)
step 58000  train 1.6473  eval 1.6147  pmax 5.7  (746s)
step 59000  train 1.6765  eval 1.6238  pmax 5.7  (759s)
step 60000  train 1.6717  eval 1.5979  pmax 5.7  (772s)
  [checkpoint + sample saved at step 60000]
done. artifacts in /home/luke/Wavelet-State-KAN/checkpoints/tf_tinystories_10k_3ep_s7
