/home/luke/Wavelet-State-KAN/experiments/V1_train_tinystories_lm.py:107: UserWarning: The given buffer is not writable, and PyTorch does not support non-writable tensors. This means you can write to the underlying (supposedly non-writable) buffer using the tensor. You may want to copy the buffer to protect its data or make it writable before converting it to a tensor. This type of warning will be suppressed for the rest of this program. (Triggered internally at /__w/pytorch/pytorch/torch/csrc/utils/tensor_new.cpp:1556.)
  train_ids = torch.frombuffer(train_text.encode("utf-8", errors="ignore"), dtype=torch.uint8)
train bytes: 1,905,061,325  eval bytes: 405,730
model: tf  params: 1,008,160  device: cuda
step     1  train 5.6551  eval 5.0896  pmax 1.0  (5s)
step  1000  train 1.0044  eval 0.9594  pmax 1.5  (22s)
step  2000  train 0.9059  eval 0.8282  pmax 1.7  (39s)
step  3000  train 0.8407  eval 0.8146  pmax 1.7  (56s)
step  4000  train 0.8087  eval 0.7406  pmax 1.7  (73s)
step  5000  train 0.8052  eval 0.7750  pmax 1.8  (90s)
step  6000  train 0.7811  eval 0.7329  pmax 1.8  (107s)
step  7000  train 0.7619  eval 0.7098  pmax 1.8  (124s)
step  8000  train 0.7868  eval 0.7142  pmax 1.8  (142s)
step  9000  train 0.7789  eval 0.7163  pmax 1.7  (159s)
step 10000  train 0.7286  eval 0.7113  pmax 1.7  (176s)
  [checkpoint + sample saved at step 10000]
step 11000  train 0.7476  eval 0.6940  pmax 1.7  (193s)
step 12000  train 0.7401  eval 0.7046  pmax 1.7  (210s)
step 13000  train 0.7242  eval 0.7075  pmax 1.7  (227s)
step 14000  train 0.7149  eval 0.6837  pmax 1.7  (244s)
step 15000  train 0.7035  eval 0.6611  pmax 1.7  (261s)
step 16000  train 0.7339  eval 0.6722  pmax 1.7  (278s)
step 17000  train 0.7099  eval 0.6384  pmax 1.7  (295s)
step 18000  train 0.6853  eval 0.6682  pmax 1.7  (312s)
step 19000  train 0.7076  eval 0.6688  pmax 1.7  (329s)
step 20000  train 0.7081  eval 0.6701  pmax 1.7  (346s)
  [checkpoint + sample saved at step 20000]
step 21000  train 0.7198  eval 0.6567  pmax 1.7  (364s)
step 22000  train 0.7013  eval 0.6898  pmax 1.7  (381s)
step 23000  train 0.7315  eval 0.6376  pmax 1.7  (398s)
step 24000  train 0.6965  eval 0.6403  pmax 1.8  (415s)
step 25000  train 0.7211  eval 0.6538  pmax 1.8  (432s)
step 26000  train 0.6769  eval 0.6548  pmax 1.9  (449s)
step 27000  train 0.6869  eval 0.6524  pmax 1.9  (466s)
step 28000  train 0.6678  eval 0.6008  pmax 1.9  (483s)
step 29000  train 0.6932  eval 0.6546  pmax 2.0  (500s)
step 30000  train 0.7042  eval 0.6694  pmax 2.0  (517s)
  [checkpoint + sample saved at step 30000]
step 31000  train 0.6761  eval 0.6210  pmax 2.0  (535s)
step 32000  train 0.6829  eval 0.6518  pmax 2.1  (552s)
step 33000  train 0.6877  eval 0.6356  pmax 2.1  (569s)
step 34000  train 0.7107  eval 0.6681  pmax 2.1  (586s)
step 35000  train 0.6801  eval 0.6269  pmax 2.2  (603s)
step 36000  train 0.7025  eval 0.6346  pmax 2.2  (620s)
step 37000  train 0.6668  eval 0.6355  pmax 2.2  (637s)
step 38000  train 0.6686  eval 0.5748  pmax 2.2  (654s)
step 39000  train 0.6930  eval 0.6408  pmax 2.3  (671s)
step 40000  train 0.6814  eval 0.6347  pmax 2.3  (688s)
  [checkpoint + sample saved at step 40000]
step 41000  train 0.6688  eval 0.5894  pmax 2.3  (706s)
step 42000  train 0.6777  eval 0.6458  pmax 2.3  (723s)
step 43000  train 0.6733  eval 0.6168  pmax 2.4  (740s)
step 44000  train 0.6737  eval 0.6463  pmax 2.4  (757s)
step 45000  train 0.6703  eval 0.6438  pmax 2.4  (774s)
step 46000  train 0.6890  eval 0.6316  pmax 2.4  (791s)
step 47000  train 0.6519  eval 0.6034  pmax 2.4  (808s)
step 48000  train 0.6726  eval 0.6185  pmax 2.4  (825s)
step 49000  train 0.6494  eval 0.6193  pmax 2.5  (843s)
step 50000  train 0.6864  eval 0.6235  pmax 2.5  (860s)
  [checkpoint + sample saved at step 50000]
step 51000  train 0.6801  eval 0.5963  pmax 2.5  (877s)
step 52000  train 0.6449  eval 0.6219  pmax 2.5  (894s)
step 53000  train 0.6484  eval 0.6088  pmax 2.5  (911s)
step 54000  train 0.6514  eval 0.6328  pmax 2.5  (928s)
step 55000  train 0.6302  eval 0.6330  pmax 2.5  (945s)
step 56000  train 0.6415  eval 0.6117  pmax 2.5  (962s)
step 57000  train 0.6678  eval 0.6297  pmax 2.6  (979s)
step 58000  train 0.6312  eval 0.6006  pmax 2.6  (996s)
step 59000  train 0.6360  eval 0.6408  pmax 2.6  (1013s)
step 60000  train 0.6653  eval 0.6028  pmax 2.6  (1030s)
  [checkpoint + sample saved at step 60000]
step 61000  train 0.6770  eval 0.6044  pmax 2.6  (1048s)
step 62000  train 0.6710  eval 0.6146  pmax 2.6  (1065s)
step 63000  train 0.6495  eval 0.5957  pmax 2.6  (1082s)
step 64000  train 0.6468  eval 0.6187  pmax 2.6  (1099s)
step 65000  train 0.6257  eval 0.5967  pmax 2.6  (1116s)
step 66000  train 0.6259  eval 0.6146  pmax 2.6  (1133s)
step 67000  train 0.6563  eval 0.5986  pmax 2.6  (1150s)
step 68000  train 0.6686  eval 0.5996  pmax 2.6  (1167s)
step 69000  train 0.6335  eval 0.6014  pmax 2.6  (1184s)
step 70000  train 0.6844  eval 0.5921  pmax 2.6  (1201s)
  [checkpoint + sample saved at step 70000]
step 71000  train 0.6335  eval 0.5880  pmax 2.6  (1219s)
step 72000  train 0.6239  eval 0.6036  pmax 2.6  (1236s)
step 73000  train 0.6457  eval 0.5959  pmax 2.6  (1253s)
step 74000  train 0.6410  eval 0.5765  pmax 2.6  (1270s)
step 75000  train 0.6543  eval 0.6077  pmax 2.6  (1287s)
step 76000  train 0.6567  eval 0.5866  pmax 2.6  (1304s)
step 77000  train 0.6558  eval 0.6054  pmax 2.6  (1321s)
step 78000  train 0.6526  eval 0.5893  pmax 2.6  (1338s)
step 79000  train 0.6293  eval 0.6140  pmax 2.6  (1355s)
step 80000  train 0.6573  eval 0.6075  pmax 2.6  (1372s)
  [checkpoint + sample saved at step 80000]
step 81000  train 0.6222  eval 0.5836  pmax 2.7  (1390s)
step 82000  train 0.6318  eval 0.5807  pmax 2.7  (1407s)
step 83000  train 0.6689  eval 0.6061  pmax 2.7  (1424s)
step 84000  train 0.6258  eval 0.5882  pmax 2.7  (1441s)
step 85000  train 0.6194  eval 0.6053  pmax 2.7  (1458s)
step 86000  train 0.6231  eval 0.6051  pmax 2.7  (1475s)
step 87000  train 0.6523  eval 0.5850  pmax 2.7  (1492s)
step 88000  train 0.6477  eval 0.6162  pmax 2.7  (1509s)
step 89000  train 0.6405  eval 0.5818  pmax 2.7  (1526s)
step 90000  train 0.6321  eval 0.5861  pmax 2.7  (1543s)
  [checkpoint + sample saved at step 90000]
step 91000  train 0.6210  eval 0.5620  pmax 2.7  (1561s)
step 92000  train 0.6405  eval 0.5710  pmax 2.7  (1578s)
step 93000  train 0.6446  eval 0.5868  pmax 2.7  (1595s)
step 94000  train 0.6120  eval 0.6056  pmax 2.7  (1612s)
step 95000  train 0.6398  eval 0.5622  pmax 2.7  (1629s)
step 96000  train 0.6549  eval 0.6193  pmax 2.7  (1646s)
step 97000  train 0.6225  eval 0.5887  pmax 2.7  (1663s)
step 98000  train 0.6335  eval 0.5794  pmax 2.7  (1680s)
step 99000  train 0.6232  eval 0.5792  pmax 2.7  (1697s)
step 100000  train 0.6377  eval 0.5782  pmax 2.7  (1714s)
  [checkpoint + sample saved at step 100000]
done. artifacts in /home/luke/Wavelet-State-KAN/checkpoints/tf_tinystories_1m_3ep_s31337
