/home/luke/Wavelet-State-KAN/experiments/V1_train_tinystories_lm.py:107: UserWarning: The given buffer is not writable, and PyTorch does not support non-writable tensors. This means you can write to the underlying (supposedly non-writable) buffer using the tensor. You may want to copy the buffer to protect its data or make it writable before converting it to a tensor. This type of warning will be suppressed for the rest of this program. (Triggered internally at /__w/pytorch/pytorch/torch/csrc/utils/tensor_new.cpp:1556.)
  train_ids = torch.frombuffer(train_text.encode("utf-8", errors="ignore"), dtype=torch.uint8)
train bytes: 1,195,926,439  eval bytes: 2,859,070
model: tf  params: 3,308  device: cuda
step     1  train 5.5434  eval 5.5266  pmax 1.0  (1s)
step  1000  train 2.8323  eval 2.8395  pmax 2.0  (10s)
step  2000  train 2.7986  eval 2.7881  pmax 2.4  (19s)
step  3000  train 2.7912  eval 2.7885  pmax 2.8  (29s)
step  4000  train 2.7505  eval 2.7887  pmax 3.0  (38s)
step  5000  train 2.7391  eval 2.7819  pmax 3.1  (47s)
step  6000  train 2.7517  eval 2.7452  pmax 2.9  (55s)
step  7000  train 2.7240  eval 2.7428  pmax 3.0  (64s)
step  8000  train 2.7180  eval 2.6952  pmax 3.0  (73s)
step  9000  train 2.7205  eval 2.7035  pmax 3.0  (82s)
step 10000  train 2.7416  eval 2.7816  pmax 3.2  (91s)
step 11000  train 2.7367  eval 2.7603  pmax 3.5  (100s)
step 12000  train 2.7181  eval 2.7176  pmax 3.7  (110s)
step 13000  train 2.6997  eval 2.6936  pmax 3.9  (119s)
step 14000  train 2.7157  eval 2.7059  pmax 4.1  (128s)
step 15000  train 2.7114  eval 2.7291  pmax 4.3  (137s)
step 16000  train 2.7304  eval 2.7322  pmax 4.3  (146s)
step 17000  train 2.6863  eval 2.7338  pmax 4.4  (155s)
step 18000  train 2.7376  eval 2.6860  pmax 4.5  (164s)
step 19000  train 2.6845  eval 2.7353  pmax 4.6  (174s)
step 20000  train 2.7156  eval 2.6895  pmax 4.6  (183s)
step 21000  train 2.6860  eval 2.6916  pmax 4.6  (192s)
step 22000  train 2.7452  eval 2.7076  pmax 4.7  (201s)
step 23000  train 2.6833  eval 2.7075  pmax 4.7  (210s)
step 24000  train 2.7073  eval 2.7160  pmax 4.7  (219s)
step 25000  train 2.7070  eval 2.7121  pmax 4.7  (228s)
  [checkpoint + sample saved at step 25000]
step 26000  train 2.6888  eval 2.6834  pmax 4.7  (238s)
step 27000  train 2.7160  eval 2.7279  pmax 4.8  (247s)
step 28000  train 2.7266  eval 2.6824  pmax 4.8  (256s)
step 29000  train 2.6891  eval 2.7263  pmax 4.8  (265s)
step 30000  train 2.7465  eval 2.7245  pmax 4.8  (274s)
step 31000  train 2.6683  eval 2.6994  pmax 4.8  (283s)
step 32000  train 2.7122  eval 2.6752  pmax 4.8  (292s)
step 33000  train 2.7607  eval 2.7280  pmax 4.8  (302s)
step 34000  train 2.7891  eval 2.7285  pmax 4.8  (311s)
step 35000  train 2.7208  eval 2.6982  pmax 4.8  (320s)
step 36000  train 2.7529  eval 2.6923  pmax 4.8  (329s)
  [checkpoint + sample saved at step 36000]
done. artifacts in /home/luke/Wavelet-State-KAN/checkpoints/tf_ultrachat_1k_3ep_s42
