/home/luke/Wavelet-State-KAN/experiments/V1_train_tinystories_lm.py:107: UserWarning: The given buffer is not writable, and PyTorch does not support non-writable tensors. This means you can write to the underlying (supposedly non-writable) buffer using the tensor. You may want to copy the buffer to protect its data or make it writable before converting it to a tensor. This type of warning will be suppressed for the rest of this program. (Triggered internally at /__w/pytorch/pytorch/torch/csrc/utils/tensor_new.cpp:1556.)
  train_ids = torch.frombuffer(train_text.encode("utf-8", errors="ignore"), dtype=torch.uint8)
train bytes: 1,195,926,439  eval bytes: 2,859,070
model: tf  params: 3,308  device: cuda
step     1  train 5.5400  eval 5.5196  pmax 1.0  (1s)
step  1000  train 2.8386  eval 2.8387  pmax 2.0  (10s)
step  2000  train 2.8548  eval 2.7920  pmax 2.4  (20s)
step  3000  train 2.8035  eval 2.8025  pmax 2.8  (29s)
step  4000  train 2.7852  eval 2.7599  pmax 3.2  (39s)
step  5000  train 2.7962  eval 2.7185  pmax 3.8  (48s)
step  6000  train 2.7242  eval 2.7232  pmax 3.6  (58s)
step  7000  train 2.7201  eval 2.7235  pmax 3.9  (66s)
step  8000  train 2.7305  eval 2.7366  pmax 4.0  (76s)
step  9000  train 2.7093  eval 2.7349  pmax 4.1  (86s)
step 10000  train 2.6973  eval 2.7696  pmax 4.3  (95s)
step 11000  train 2.7013  eval 2.7284  pmax 4.5  (104s)
step 12000  train 2.6805  eval 2.7332  pmax 4.7  (113s)
step 13000  train 2.7223  eval 2.7105  pmax 4.8  (123s)
step 14000  train 2.7166  eval 2.6790  pmax 4.9  (132s)
step 15000  train 2.6891  eval 2.7179  pmax 5.1  (142s)
step 16000  train 2.7350  eval 2.6767  pmax 5.1  (151s)
step 17000  train 2.7145  eval 2.7573  pmax 5.2  (160s)
step 18000  train 2.7490  eval 2.7616  pmax 5.2  (170s)
step 19000  train 2.7181  eval 2.6754  pmax 5.2  (179s)
step 20000  train 2.6801  eval 2.6709  pmax 5.2  (188s)
step 21000  train 2.6747  eval 2.7178  pmax 5.3  (198s)
step 22000  train 2.6989  eval 2.6995  pmax 5.3  (207s)
step 23000  train 2.7588  eval 2.7026  pmax 5.3  (216s)
step 24000  train 2.7075  eval 2.6646  pmax 5.3  (226s)
step 25000  train 2.6975  eval 2.6795  pmax 5.3  (235s)
  [checkpoint + sample saved at step 25000]
step 26000  train 2.7372  eval 2.6831  pmax 5.3  (245s)
step 27000  train 2.7025  eval 2.7247  pmax 5.3  (254s)
step 28000  train 2.6851  eval 2.7083  pmax 5.3  (264s)
step 29000  train 2.6881  eval 2.6886  pmax 5.3  (273s)
step 30000  train 2.6987  eval 2.7028  pmax 5.4  (283s)
step 31000  train 2.6934  eval 2.6664  pmax 5.4  (292s)
step 32000  train 2.6825  eval 2.6772  pmax 5.4  (301s)
step 33000  train 2.7019  eval 2.7177  pmax 5.4  (311s)
step 34000  train 2.7425  eval 2.7020  pmax 5.4  (320s)
step 35000  train 2.7078  eval 2.7095  pmax 5.4  (330s)
step 36000  train 2.7509  eval 2.7542  pmax 5.4  (339s)
  [checkpoint + sample saved at step 36000]
done. artifacts in /home/luke/Wavelet-State-KAN/checkpoints/tf_ultrachat_1k_3ep_s7
