/home/luke/Wavelet-State-KAN/experiments/V1_train_tinystories_lm.py:107: UserWarning: The given buffer is not writable, and PyTorch does not support non-writable tensors. This means you can write to the underlying (supposedly non-writable) buffer using the tensor. You may want to copy the buffer to protect its data or make it writable before converting it to a tensor. This type of warning will be suppressed for the rest of this program. (Triggered internally at /__w/pytorch/pytorch/torch/csrc/utils/tensor_new.cpp:1556.)
  train_ids = torch.frombuffer(train_text.encode("utf-8", errors="ignore"), dtype=torch.uint8)
train bytes: 1,195,926,439  eval bytes: 2,859,070
model: tf  params: 9,994,880  device: cuda
step     1  train 5.7032  eval 4.3187  pmax 1.0  (5s)
step  1000  train 1.4208  eval 1.4555  pmax 1.3  (294s)
step  2000  train 1.2231  eval 1.2388  pmax 1.5  (582s)
step  3000  train 1.1804  eval 1.1847  pmax 1.6  (871s)
step  4000  train 1.1479  eval 1.1883  pmax 1.7  (1160s)
step  5000  train 1.0572  eval 1.0395  pmax 1.8  (1448s)
  [checkpoint + sample saved at step 5000]
step  6000  train 1.0679  eval 1.0154  pmax 1.8  (1738s)
step  7000  train 1.0095  eval 1.0364  pmax 1.8  (2027s)
step  8000  train 0.9842  eval 0.9841  pmax 1.8  (2316s)
step  9000  train 0.9521  eval 1.0071  pmax 1.8  (2605s)
step 10000  train 0.9976  eval 0.9358  pmax 1.9  (2893s)
  [checkpoint + sample saved at step 10000]
step 11000  train 0.8972  eval 0.9605  pmax 1.9  (3183s)
step 12000  train 0.9729  eval 0.9484  pmax 1.9  (3472s)
step 13000  train 0.9205  eval 0.9423  pmax 1.9  (3760s)
step 14000  train 0.9219  eval 0.9211  pmax 1.9  (4049s)
step 15000  train 0.9362  eval 0.8985  pmax 1.9  (4338s)
  [checkpoint + sample saved at step 15000]
step 16000  train 0.9111  eval 0.9316  pmax 1.9  (4627s)
step 17000  train 0.9092  eval 0.9300  pmax 1.9  (4916s)
step 18000  train 0.9350  eval 0.9074  pmax 2.0  (5204s)
step 19000  train 0.9367  eval 0.8968  pmax 2.0  (5493s)
step 20000  train 0.9230  eval 0.8697  pmax 2.0  (5782s)
  [checkpoint + sample saved at step 20000]
step 21000  train 0.8443  eval 0.9180  pmax 2.1  (6071s)
step 22000  train 0.8847  eval 0.9228  pmax 2.1  (6360s)
step 23000  train 0.8740  eval 0.8617  pmax 2.1  (6649s)
step 24000  train 0.8898  eval 0.8926  pmax 2.1  (6937s)
step 25000  train 0.8410  eval 0.8843  pmax 2.1  (7226s)
  [checkpoint + sample saved at step 25000]
step 26000  train 0.9040  eval 0.8546  pmax 2.2  (7516s)
step 27000  train 0.8807  eval 0.9304  pmax 2.2  (7805s)
step 28000  train 0.8353  eval 0.8844  pmax 2.2  (8093s)
step 29000  train 0.8416  eval 0.8953  pmax 2.2  (8382s)
step 30000  train 0.8288  eval 0.8437  pmax 2.2  (8671s)
  [checkpoint + sample saved at step 30000]
step 31000  train 0.8109  eval 0.8678  pmax 2.2  (8961s)
step 32000  train 0.8101  eval 0.8072  pmax 2.2  (9250s)
step 33000  train 0.8702  eval 0.8265  pmax 2.2  (9538s)
step 34000  train 0.8219  eval 0.8713  pmax 2.2  (9827s)
step 35000  train 0.8519  eval 0.8374  pmax 2.2  (10116s)
  [checkpoint + sample saved at step 35000]
step 36000  train 0.8487  eval 0.8567  pmax 2.2  (10406s)
  [checkpoint + sample saved at step 36000]
done. artifacts in /home/luke/Wavelet-State-KAN/checkpoints/tf_ultrachat_10m_3ep_s123
