/home/luke/Wavelet-State-KAN/experiments/V1_train_tinystories_lm.py:107: UserWarning: The given buffer is not writable, and PyTorch does not support non-writable tensors. This means you can write to the underlying (supposedly non-writable) buffer using the tensor. You may want to copy the buffer to protect its data or make it writable before converting it to a tensor. This type of warning will be suppressed for the rest of this program. (Triggered internally at /__w/pytorch/pytorch/torch/csrc/utils/tensor_new.cpp:1556.)
  train_ids = torch.frombuffer(train_text.encode("utf-8", errors="ignore"), dtype=torch.uint8)
train bytes: 1,195,926,439  eval bytes: 2,859,070
model: tf  params: 3,308  device: cuda
step     1  train 5.5425  eval 5.5277  pmax 1.0  (1s)
step  1000  train 2.8698  eval 2.8687  pmax 1.9  (10s)
step  2000  train 2.8305  eval 2.8200  pmax 2.3  (19s)
step  3000  train 2.8009  eval 2.8041  pmax 2.7  (29s)
step  4000  train 2.7720  eval 2.7811  pmax 2.6  (38s)
step  5000  train 2.7152  eval 2.7130  pmax 2.9  (47s)
step  6000  train 2.7715  eval 2.7241  pmax 3.1  (56s)
step  7000  train 2.7210  eval 2.7352  pmax 3.1  (65s)
step  8000  train 2.6901  eval 2.7536  pmax 3.2  (74s)
step  9000  train 2.7332  eval 2.6910  pmax 3.6  (83s)
step 10000  train 2.6978  eval 2.6935  pmax 4.3  (91s)
step 11000  train 2.6968  eval 2.6800  pmax 4.9  (100s)
step 12000  train 2.7067  eval 2.6888  pmax 5.4  (110s)
step 13000  train 2.7017  eval 2.7166  pmax 5.7  (118s)
step 14000  train 2.7770  eval 2.7087  pmax 6.1  (127s)
step 15000  train 2.6804  eval 2.6526  pmax 6.4  (136s)
step 16000  train 2.6975  eval 2.7323  pmax 6.7  (145s)
step 17000  train 2.6956  eval 2.6894  pmax 6.9  (153s)
step 18000  train 2.6901  eval 2.7411  pmax 7.2  (162s)
step 19000  train 2.6793  eval 2.7462  pmax 7.4  (171s)
step 20000  train 2.7131  eval 2.7003  pmax 7.6  (180s)
step 21000  train 2.6919  eval 2.7501  pmax 7.7  (189s)
step 22000  train 2.6638  eval 2.6979  pmax 7.8  (197s)
step 23000  train 2.7283  eval 2.6968  pmax 7.9  (206s)
step 24000  train 2.6762  eval 2.6585  pmax 8.0  (215s)
step 25000  train 2.7411  eval 2.6925  pmax 8.0  (224s)
  [checkpoint + sample saved at step 25000]
step 26000  train 2.6803  eval 2.7099  pmax 8.1  (233s)
step 27000  train 2.6914  eval 2.7106  pmax 8.2  (242s)
step 28000  train 2.6766  eval 2.6880  pmax 8.2  (251s)
step 29000  train 2.6975  eval 2.7104  pmax 8.2  (259s)
step 30000  train 2.6877  eval 2.6980  pmax 8.3  (268s)
step 31000  train 2.7078  eval 2.6957  pmax 8.3  (277s)
step 32000  train 2.6754  eval 2.6764  pmax 8.3  (285s)
step 33000  train 2.6684  eval 2.6473  pmax 8.3  (294s)
step 34000  train 2.6619  eval 2.6905  pmax 8.3  (303s)
step 35000  train 2.6859  eval 2.7341  pmax 8.3  (312s)
step 36000  train 2.7075  eval 2.6814  pmax 8.3  (321s)
  [checkpoint + sample saved at step 36000]
done. artifacts in /home/luke/Wavelet-State-KAN/checkpoints/tf_ultrachat_1k_3ep_s31337
