/home/luke/Wavelet-State-KAN/experiments/V1_train_tinystories_lm.py:107: UserWarning: The given buffer is not writable, and PyTorch does not support non-writable tensors. This means you can write to the underlying (supposedly non-writable) buffer using the tensor. You may want to copy the buffer to protect its data or make it writable before converting it to a tensor. This type of warning will be suppressed for the rest of this program. (Triggered internally at /__w/pytorch/pytorch/torch/csrc/utils/tensor_new.cpp:1556.)
  train_ids = torch.frombuffer(train_text.encode("utf-8", errors="ignore"), dtype=torch.uint8)
train bytes: 1,195,926,439  eval bytes: 2,859,070
model: tf  params: 109,040  device: cuda
step     1  train 5.5324  eval 5.3709  pmax 1.0  (4s)
step  1000  train 2.0539  eval 2.0279  pmax 2.0  (19s)
step  2000  train 1.7749  eval 1.7319  pmax 2.3  (34s)
step  3000  train 1.6785  eval 1.6865  pmax 2.4  (50s)
step  4000  train 1.6028  eval 1.5937  pmax 2.4  (65s)
step  5000  train 1.6473  eval 1.5581  pmax 2.5  (80s)
step  6000  train 1.5664  eval 1.5592  pmax 2.5  (95s)
step  7000  train 1.5899  eval 1.5777  pmax 2.5  (110s)
step  8000  train 1.5677  eval 1.5519  pmax 2.5  (125s)
step  9000  train 1.5509  eval 1.5610  pmax 2.5  (140s)
step 10000  train 1.5506  eval 1.5311  pmax 2.5  (155s)
step 11000  train 1.5038  eval 1.5706  pmax 2.4  (170s)
step 12000  train 1.4863  eval 1.5236  pmax 2.4  (185s)
step 13000  train 1.5159  eval 1.4971  pmax 2.4  (200s)
step 14000  train 1.4878  eval 1.4549  pmax 2.5  (215s)
step 15000  train 1.4892  eval 1.5152  pmax 2.7  (230s)
step 16000  train 1.4991  eval 1.4640  pmax 2.8  (245s)
step 17000  train 1.4998  eval 1.5150  pmax 2.9  (260s)
step 18000  train 1.5059  eval 1.5497  pmax 3.0  (275s)
step 19000  train 1.4714  eval 1.4325  pmax 3.2  (290s)
step 20000  train 1.4191  eval 1.4369  pmax 3.4  (305s)
step 21000  train 1.4243  eval 1.4537  pmax 3.5  (320s)
step 22000  train 1.4600  eval 1.4848  pmax 3.7  (335s)
step 23000  train 1.5392  eval 1.4999  pmax 3.8  (350s)
step 24000  train 1.4341  eval 1.4111  pmax 3.9  (365s)
step 25000  train 1.4185  eval 1.4447  pmax 4.0  (380s)
  [checkpoint + sample saved at step 25000]
step 26000  train 1.4745  eval 1.3787  pmax 4.1  (396s)
step 27000  train 1.4620  eval 1.4255  pmax 4.2  (411s)
step 28000  train 1.4066  eval 1.4163  pmax 4.4  (426s)
step 29000  train 1.4241  eval 1.4069  pmax 4.5  (440s)
step 30000  train 1.4297  eval 1.4775  pmax 4.5  (456s)
step 31000  train 1.4362  eval 1.3901  pmax 4.6  (471s)
step 32000  train 1.4171  eval 1.4305  pmax 4.7  (486s)
step 33000  train 1.4842  eval 1.4533  pmax 4.7  (501s)
step 34000  train 1.4710  eval 1.4671  pmax 4.9  (516s)
step 35000  train 1.4845  eval 1.4403  pmax 5.0  (531s)
step 36000  train 1.4911  eval 1.4659  pmax 5.0  (546s)
step 37000  train 1.4866  eval 1.4597  pmax 5.0  (560s)
step 38000  train 1.4644  eval 1.4236  pmax 5.0  (576s)
step 39000  train 1.4994  eval 1.3954  pmax 5.1  (591s)
step 40000  train 1.4615  eval 1.3945  pmax 5.1  (606s)
step 41000  train 1.4071  eval 1.3840  pmax 5.1  (621s)
step 42000  train 1.3812  eval 1.4437  pmax 5.2  (636s)
step 43000  train 1.4190  eval 1.4575  pmax 5.2  (651s)
step 44000  train 1.4084  eval 1.4074  pmax 5.3  (666s)
step 45000  train 1.4087  eval 1.4333  pmax 5.3  (681s)
step 46000  train 1.3963  eval 1.4692  pmax 5.3  (695s)
step 47000  train 1.4168  eval 1.4178  pmax 5.4  (710s)
step 48000  train 1.4343  eval 1.4784  pmax 5.4  (726s)
step 49000  train 1.4760  eval 1.3788  pmax 5.4  (740s)
step 50000  train 1.4664  eval 1.4596  pmax 5.4  (755s)
  [checkpoint + sample saved at step 50000]
step 51000  train 1.3924  eval 1.3744  pmax 5.4  (771s)
step 52000  train 1.4283  eval 1.4178  pmax 5.4  (786s)
step 53000  train 1.4177  eval 1.4483  pmax 5.3  (801s)
step 54000  train 1.4056  eval 1.4019  pmax 5.4  (816s)
step 55000  train 1.4128  eval 1.3936  pmax 5.4  (831s)
step 56000  train 1.4053  eval 1.3842  pmax 5.5  (846s)
step 57000  train 1.4753  eval 1.3976  pmax 5.5  (861s)
step 58000  train 1.3799  eval 1.4430  pmax 5.5  (876s)
step 59000  train 1.3574  eval 1.4619  pmax 5.5  (891s)
step 60000  train 1.3984  eval 1.3958  pmax 5.5  (906s)
step 61000  train 1.4114  eval 1.4390  pmax 5.5  (921s)
step 62000  train 1.4674  eval 1.4431  pmax 5.5  (936s)
step 63000  train 1.3828  eval 1.4159  pmax 5.6  (951s)
step 64000  train 1.3966  eval 1.4264  pmax 5.6  (966s)
step 65000  train 1.4467  eval 1.3731  pmax 5.6  (981s)
step 66000  train 1.4037  eval 1.4309  pmax 5.6  (996s)
step 67000  train 1.4199  eval 1.4064  pmax 5.6  (1011s)
step 68000  train 1.3824  eval 1.4409  pmax 5.6  (1026s)
step 69000  train 1.3911  eval 1.3781  pmax 5.6  (1042s)
step 70000  train 1.4275  eval 1.3497  pmax 5.7  (1057s)
step 71000  train 1.4003  eval 1.3444  pmax 5.7  (1072s)
step 72000  train 1.4188  eval 1.3956  pmax 5.7  (1086s)
step 73000  train 1.3556  eval 1.3778  pmax 5.7  (1101s)
step 74000  train 1.4041  eval 1.3890  pmax 5.7  (1116s)
step 75000  train 1.3715  eval 1.4550  pmax 5.7  (1131s)
  [checkpoint + sample saved at step 75000]
step 76000  train 1.3822  eval 1.4813  pmax 5.7  (1147s)
step 77000  train 1.4167  eval 1.3733  pmax 5.7  (1162s)
step 78000  train 1.4127  eval 1.3955  pmax 5.7  (1177s)
step 79000  train 1.3809  eval 1.4610  pmax 5.7  (1192s)
step 80000  train 1.4112  eval 1.3662  pmax 5.7  (1207s)
step 81000  train 1.4225  eval 1.4293  pmax 5.7  (1221s)
step 82000  train 1.4104  eval 1.4205  pmax 5.7  (1236s)
step 83000  train 1.4033  eval 1.5223  pmax 5.8  (1251s)
step 84000  train 1.3960  eval 1.3603  pmax 5.8  (1266s)
step 85000  train 1.3768  eval 1.3910  pmax 5.8  (1281s)
step 86000  train 1.4458  eval 1.4284  pmax 5.8  (1296s)
step 87000  train 1.3906  eval 1.3619  pmax 5.8  (1311s)
step 88000  train 1.3982  eval 1.3898  pmax 5.8  (1327s)
step 89000  train 1.3764  eval 1.3381  pmax 5.8  (1342s)
step 90000  train 1.3803  eval 1.3248  pmax 5.8  (1357s)
step 91000  train 1.4076  eval 1.4066  pmax 5.8  (1372s)
step 92000  train 1.3927  eval 1.4011  pmax 5.8  (1387s)
step 93000  train 1.3823  eval 1.4097  pmax 5.8  (1402s)
step 94000  train 1.3642  eval 1.4009  pmax 5.8  (1417s)
step 95000  train 1.4192  eval 1.3584  pmax 5.8  (1432s)
step 96000  train 1.4081  eval 1.4205  pmax 5.8  (1447s)
step 97000  train 1.4140  eval 1.4032  pmax 5.8  (1462s)
step 98000  train 1.4118  eval 1.4271  pmax 5.8  (1477s)
step 99000  train 1.3629  eval 1.3981  pmax 5.8  (1492s)
step 100000  train 1.3932  eval 1.4132  pmax 5.8  (1507s)
  [checkpoint + sample saved at step 100000]
step 101000  train 1.3361  eval 1.3459  pmax 5.8  (1522s)
step 102000  train 1.3844  eval 1.3654  pmax 5.8  (1538s)
step 103000  train 1.3288  eval 1.3541  pmax 5.8  (1553s)
step 104000  train 1.3462  eval 1.4038  pmax 5.8  (1567s)
step 105000  train 1.3662  eval 1.3350  pmax 5.8  (1582s)
step 106000  train 1.3984  eval 1.4406  pmax 5.8  (1597s)
step 107000  train 1.3263  eval 1.3842  pmax 5.8  (1612s)
step 108000  train 1.3360  eval 1.4065  pmax 5.8  (1628s)
  [checkpoint + sample saved at step 108000]
done. artifacts in /home/luke/Wavelet-State-KAN/checkpoints/tf_ultrachat_100k_3ep_s7
