/home/luke/Wavelet-State-KAN/experiments/V1_train_tinystories_lm.py:107: UserWarning: The given buffer is not writable, and PyTorch does not support non-writable tensors. This means you can write to the underlying (supposedly non-writable) buffer using the tensor. You may want to copy the buffer to protect its data or make it writable before converting it to a tensor. This type of warning will be suppressed for the rest of this program. (Triggered internally at /__w/pytorch/pytorch/torch/csrc/utils/tensor_new.cpp:1556.)
  train_ids = torch.frombuffer(train_text.encode("utf-8", errors="ignore"), dtype=torch.uint8)
train bytes: 1,195,926,439  eval bytes: 2,859,070
model: tf  params: 1,049,120  device: cuda
W0921 07:54:43.897000 1874660 .venv/lib/python3.12/site-packages/torch/_inductor/utils.py:1806] [0/0] Not enough SMs to use max_autotune_gemm mode
step     1  train 5.5590  eval 5.0478  pmax 1.0  (16s)
step  1000  train 1.6226  eval 1.6596  pmax 1.5  (69s)
step  2000  train 1.4129  eval 1.4284  pmax 1.7  (122s)
step  3000  train 1.3662  eval 1.3529  pmax 1.8  (175s)
step  4000  train 1.3172  eval 1.3598  pmax 1.8  (228s)
step  5000  train 1.2458  eval 1.2257  pmax 1.8  (281s)
step  6000  train 1.2475  eval 1.2801  pmax 1.9  (334s)
step  7000  train 1.2074  eval 1.1972  pmax 1.9  (387s)
step  8000  train 1.2148  eval 1.2031  pmax 1.9  (440s)
step  9000  train 1.1882  eval 1.2269  pmax 1.9  (493s)
step 10000  train 1.2275  eval 1.2733  pmax 1.9  (546s)
  [checkpoint + sample saved at step 10000]
step 11000  train 1.1692  eval 1.2312  pmax 2.0  (600s)
step 12000  train 1.0918  eval 1.2020  pmax 2.0  (653s)
step 13000  train 1.1270  eval 1.1583  pmax 2.0  (706s)
step 14000  train 1.1389  eval 1.1726  pmax 2.0  (759s)
step 15000  train 1.1361  eval 1.1681  pmax 2.0  (812s)
step 16000  train 1.1361  eval 1.0848  pmax 2.0  (865s)
step 17000  train 1.0926  eval 1.1304  pmax 2.0  (918s)
step 18000  train 1.1405  eval 1.1256  pmax 2.0  (972s)
step 19000  train 1.1237  eval 1.1290  pmax 2.0  (1025s)
step 20000  train 1.1615  eval 1.1320  pmax 2.0  (1078s)
  [checkpoint + sample saved at step 20000]
step 21000  train 1.1424  eval 1.1259  pmax 2.0  (1131s)
step 22000  train 1.1137  eval 1.1272  pmax 2.0  (1184s)
step 23000  train 1.0896  eval 1.1301  pmax 2.1  (1237s)
step 24000  train 1.1207  eval 1.1144  pmax 2.1  (1290s)
step 25000  train 1.0762  eval 1.1118  pmax 2.1  (1343s)
step 26000  train 1.1218  eval 1.1391  pmax 2.1  (1396s)
step 27000  train 1.1415  eval 1.1168  pmax 2.1  (1449s)
step 28000  train 1.0539  eval 1.1158  pmax 2.1  (1502s)
step 29000  train 1.1456  eval 1.0862  pmax 2.1  (1555s)
step 30000  train 1.0731  eval 1.0864  pmax 2.1  (1608s)
  [checkpoint + sample saved at step 30000]
step 31000  train 1.0658  eval 1.1101  pmax 2.1  (1662s)
step 32000  train 1.0693  eval 1.1641  pmax 2.1  (1715s)
step 33000  train 1.0475  eval 1.0593  pmax 2.1  (1768s)
step 34000  train 1.0748  eval 1.0816  pmax 2.1  (1821s)
step 35000  train 1.0532  eval 1.1315  pmax 2.1  (1874s)
step 36000  train 1.0952  eval 1.0642  pmax 2.1  (1927s)
step 37000  train 1.0846  eval 1.0791  pmax 2.1  (1980s)
step 38000  train 1.0836  eval 1.0494  pmax 2.1  (2034s)
step 39000  train 1.0216  eval 1.0755  pmax 2.1  (2087s)
step 40000  train 1.0634  eval 1.0969  pmax 2.1  (2140s)
  [checkpoint + sample saved at step 40000]
step 41000  train 1.0888  eval 1.0858  pmax 2.1  (2193s)
step 42000  train 1.0358  eval 1.0779  pmax 2.1  (2246s)
step 43000  train 1.0530  eval 1.0395  pmax 2.1  (2299s)
step 44000  train 1.0716  eval 1.0569  pmax 2.2  (2352s)
step 45000  train 1.0800  eval 1.0506  pmax 2.2  (2405s)
step 46000  train 1.1042  eval 1.0429  pmax 2.2  (2458s)
step 47000  train 1.0182  eval 1.0909  pmax 2.2  (2512s)
step 48000  train 1.0887  eval 1.0943  pmax 2.2  (2565s)
step 49000  train 1.0668  eval 1.0670  pmax 2.2  (2618s)
step 50000  train 1.0235  eval 1.0935  pmax 2.2  (2671s)
  [checkpoint + sample saved at step 50000]
step 51000  train 1.0750  eval 1.0214  pmax 2.2  (2724s)
step 52000  train 1.0802  eval 1.0931  pmax 2.2  (2777s)
step 53000  train 1.0355  eval 1.1228  pmax 2.2  (2830s)
step 54000  train 1.0430  eval 1.0806  pmax 2.2  (2883s)
  [checkpoint + sample saved at step 54000]
done. artifacts in /home/luke/Wavelet-State-KAN/checkpoints/tf_ultrachat_1m_3ep_s123
