/home/luke/Wavelet-State-KAN/experiments/V1_train_tinystories_lm.py:107: UserWarning: The given buffer is not writable, and PyTorch does not support non-writable tensors. This means you can write to the underlying (supposedly non-writable) buffer using the tensor. You may want to copy the buffer to protect its data or make it writable before converting it to a tensor. This type of warning will be suppressed for the rest of this program. (Triggered internally at /__w/pytorch/pytorch/torch/csrc/utils/tensor_new.cpp:1556.)
  train_ids = torch.frombuffer(train_text.encode("utf-8", errors="ignore"), dtype=torch.uint8)
train bytes: 1,195,926,439  eval bytes: 2,859,070
model: tf  params: 9,994,880  device: cuda
step     1  train 5.6882  eval 4.3663  pmax 1.0  (5s)
step  1000  train 1.3072  eval 1.3132  pmax 1.3  (293s)
step  2000  train 1.1114  eval 1.1198  pmax 1.5  (582s)
step  3000  train 1.0094  eval 1.0438  pmax 1.5  (870s)
step  4000  train 0.9684  eval 1.0185  pmax 1.6  (1159s)
step  5000  train 0.9816  eval 0.9805  pmax 1.6  (1448s)
  [checkpoint + sample saved at step 5000]
step  6000  train 0.9245  eval 0.9261  pmax 1.7  (1737s)
step  7000  train 0.9507  eval 0.9087  pmax 1.7  (2026s)
step  8000  train 0.9324  eval 0.9518  pmax 1.7  (2315s)
step  9000  train 0.8641  eval 0.9060  pmax 1.7  (2604s)
step 10000  train 0.8577  eval 0.8492  pmax 1.7  (2893s)
  [checkpoint + sample saved at step 10000]
step 11000  train 0.9129  eval 0.8973  pmax 1.8  (3182s)
step 12000  train 0.9137  eval 0.9018  pmax 1.9  (3471s)
step 13000  train 0.8901  eval 0.8432  pmax 2.0  (3759s)
step 14000  train 0.8514  eval 0.9320  pmax 2.0  (4048s)
step 15000  train 0.8453  eval 0.8385  pmax 2.1  (4337s)
  [checkpoint + sample saved at step 15000]
step 16000  train 0.8455  eval 0.8457  pmax 2.2  (4626s)
step 17000  train 0.8503  eval 0.8138  pmax 2.3  (4915s)
step 18000  train 0.8451  eval 0.8448  pmax 2.3  (5204s)
step 19000  train 0.8440  eval 0.8280  pmax 2.4  (5492s)
step 20000  train 0.8105  eval 0.8093  pmax 2.4  (5781s)
  [checkpoint + sample saved at step 20000]
step 21000  train 0.8099  eval 0.8223  pmax 2.5  (6070s)
step 22000  train 0.8139  eval 0.8058  pmax 2.5  (6359s)
step 23000  train 0.8060  eval 0.8700  pmax 2.5  (6647s)
step 24000  train 0.7969  eval 0.8015  pmax 2.5  (6936s)
step 25000  train 0.7944  eval 0.8199  pmax 2.5  (7225s)
  [checkpoint + sample saved at step 25000]
step 26000  train 0.7982  eval 0.8172  pmax 2.5  (7515s)
step 27000  train 0.7817  eval 0.8098  pmax 2.6  (7804s)
step 28000  train 0.7617  eval 0.7641  pmax 2.6  (8092s)
step 29000  train 0.8291  eval 0.7948  pmax 2.6  (8381s)
step 30000  train 0.7668  eval 0.7805  pmax 2.6  (8670s)
  [checkpoint + sample saved at step 30000]
step 31000  train 0.7811  eval 0.8245  pmax 2.6  (8959s)
step 32000  train 0.7928  eval 0.7544  pmax 2.6  (9248s)
step 33000  train 0.7957  eval 0.8370  pmax 2.6  (9537s)
step 34000  train 0.7618  eval 0.7779  pmax 2.6  (9825s)
step 35000  train 0.8108  eval 0.7812  pmax 2.6  (10114s)
  [checkpoint + sample saved at step 35000]
step 36000  train 0.7875  eval 0.7856  pmax 2.6  (10403s)
  [checkpoint + sample saved at step 36000]
done. artifacts in /home/luke/Wavelet-State-KAN/checkpoints/tf_ultrachat_10m_3ep_s7
