train bytes: 180,263,596  eval bytes: 2,859,070
model: tf  params: 9,880,192  device: cuda
W0909 21:41:18.540000 1985744 .venv/lib/python3.12/site-packages/torch/_inductor/utils.py:1806] [0/0] Not enough SMs to use max_autotune_gemm mode
step     1  train 5.6090  eval 4.4300  pmax 1.0  (17s)
step  1000  train 1.7993  eval 1.7882  pmax 1.4  (83s)
step  2000  train 1.3779  eval 1.3323  pmax 1.4  (150s)
step  3000  train 1.3667  eval 1.2936  pmax 1.4  (216s)
step  4000  train 1.3063  eval 1.2650  pmax 1.6  (283s)
step  5000  train 1.1196  eval 1.3015  pmax 1.6  (350s)
Traceback (most recent call last):
  File "/home/luke/Wavelet-State-KAN/experiments/V1_train_tinystories_lm.py", line 295, in <module>
    main()
  File "/home/luke/Wavelet-State-KAN/experiments/V1_train_tinystories_lm.py", line 285, in main
    save_checkpoint(model, step, loss.item(), out_dir, args.model != "mamba2")
  File "/home/luke/Wavelet-State-KAN/experiments/V1_train_tinystories_lm.py", line 128, in save_checkpoint
    for i, layer in enumerate(model.layers)
                              ^^^^^^^^^^^^
  File "/home/luke/Wavelet-State-KAN/.venv/lib/python3.12/site-packages/torch/nn/modules/module.py", line 1972, in __getattr__
    raise AttributeError(
AttributeError: 'TinyTransformerLM' object has no attribute 'layers'
