/home/luke/Wavelet-State-KAN/experiments/V1_train_tinystories_lm.py:107: UserWarning: The given buffer is not writable, and PyTorch does not support non-writable tensors. This means you can write to the underlying (supposedly non-writable) buffer using the tensor. You may want to copy the buffer to protect its data or make it writable before converting it to a tensor. This type of warning will be suppressed for the rest of this program. (Triggered internally at /__w/pytorch/pytorch/torch/csrc/utils/tensor_new.cpp:1556.)
  train_ids = torch.frombuffer(train_text.encode("utf-8", errors="ignore"), dtype=torch.uint8)
train bytes: 1,195,926,439  eval bytes: 2,859,070
model: tf  params: 9,994,880  device: cuda
step     1  train 5.5578  eval 4.2755  pmax 1.0  (5s)
step  1000  train 1.4072  eval 1.4262  pmax 1.3  (295s)
step  2000  train 1.2357  eval 1.1979  pmax 1.5  (585s)
step  3000  train 1.1984  eval 1.1696  pmax 1.6  (875s)
step  4000  train 1.0889  eval 1.1151  pmax 1.7  (1165s)
step  5000  train 1.1309  eval 1.0820  pmax 1.7  (1455s)
  [checkpoint + sample saved at step 5000]
step  6000  train 1.0767  eval 1.1052  pmax 1.8  (1746s)
step  7000  train 1.0366  eval 1.0490  pmax 1.8  (2036s)
step  8000  train 1.0287  eval 1.0643  pmax 1.8  (2326s)
step  9000  train 0.9681  eval 0.9864  pmax 1.8  (2616s)
step 10000  train 0.9999  eval 0.9164  pmax 1.8  (2906s)
  [checkpoint + sample saved at step 10000]
step 11000  train 0.9457  eval 0.9807  pmax 1.8  (3197s)
step 12000  train 0.9794  eval 0.9272  pmax 1.8  (3487s)
step 13000  train 0.9500  eval 0.8961  pmax 1.8  (3777s)
step 14000  train 0.9055  eval 0.9422  pmax 1.8  (4067s)
step 15000  train 0.8823  eval 0.9128  pmax 1.9  (4357s)
  [checkpoint + sample saved at step 15000]
step 16000  train 0.8920  eval 0.8895  pmax 1.9  (4647s)
step 17000  train 0.9225  eval 0.9508  pmax 1.9  (4937s)
step 18000  train 0.9326  eval 0.9058  pmax 1.9  (5227s)
step 19000  train 0.9054  eval 0.9482  pmax 2.0  (5517s)
step 20000  train 0.9019  eval 0.8751  pmax 2.0  (5807s)
  [checkpoint + sample saved at step 20000]
step 21000  train 0.8820  eval 0.8909  pmax 2.0  (6098s)
step 22000  train 0.9074  eval 0.9089  pmax 2.0  (6388s)
step 23000  train 0.8613  eval 0.8816  pmax 2.1  (6678s)
step 24000  train 0.8556  eval 0.8729  pmax 2.1  (6968s)
step 25000  train 0.8733  eval 0.8833  pmax 2.1  (7258s)
  [checkpoint + sample saved at step 25000]
step 26000  train 0.8972  eval 0.8797  pmax 2.1  (7548s)
step 27000  train 0.8215  eval 0.8621  pmax 2.1  (7838s)
step 28000  train 0.8594  eval 0.8649  pmax 2.1  (8128s)
step 29000  train 0.8114  eval 0.8765  pmax 2.1  (8418s)
step 30000  train 0.8620  eval 0.8839  pmax 2.1  (8708s)
  [checkpoint + sample saved at step 30000]
step 31000  train 0.8641  eval 0.8284  pmax 2.1  (8999s)
step 32000  train 0.8296  eval 0.8819  pmax 2.1  (9289s)
step 33000  train 0.8577  eval 0.8248  pmax 2.1  (9579s)
step 34000  train 0.8746  eval 0.8548  pmax 2.1  (9869s)
step 35000  train 0.8814  eval 0.8420  pmax 2.1  (10159s)
  [checkpoint + sample saved at step 35000]
step 36000  train 0.7986  eval 0.8507  pmax 2.1  (10449s)
  [checkpoint + sample saved at step 36000]
done. artifacts in /home/luke/Wavelet-State-KAN/checkpoints/tf_ultrachat_10m_3ep_s31337
