/home/luke/Wavelet-State-KAN/experiments/V1_train_tinystories_lm.py:107: UserWarning: The given buffer is not writable, and PyTorch does not support non-writable tensors. This means you can write to the underlying (supposedly non-writable) buffer using the tensor. You may want to copy the buffer to protect its data or make it writable before converting it to a tensor. This type of warning will be suppressed for the rest of this program. (Triggered internally at /__w/pytorch/pytorch/torch/csrc/utils/tensor_new.cpp:1556.)
  train_ids = torch.frombuffer(train_text.encode("utf-8", errors="ignore"), dtype=torch.uint8)
train bytes: 1,195,926,439  eval bytes: 2,859,070
model: tf  params: 1,049,120  device: cuda
step     1  train 5.6121  eval 5.0344  pmax 1.0  (4s)
step  1000  train 1.6246  eval 1.6266  pmax 1.5  (57s)
step  2000  train 1.4551  eval 1.4365  pmax 1.7  (110s)
step  3000  train 1.3561  eval 1.3830  pmax 1.7  (163s)
step  4000  train 1.2751  eval 1.2911  pmax 1.8  (216s)
step  5000  train 1.3086  eval 1.2513  pmax 1.8  (269s)
step  6000  train 1.2444  eval 1.2413  pmax 1.9  (323s)
step  7000  train 1.2349  eval 1.2421  pmax 1.9  (376s)
step  8000  train 1.1849  eval 1.1833  pmax 1.9  (429s)
step  9000  train 1.2100  eval 1.1905  pmax 1.9  (482s)
step 10000  train 1.1938  eval 1.1729  pmax 1.9  (535s)
  [checkpoint + sample saved at step 10000]
step 11000  train 1.1992  eval 1.1590  pmax 2.0  (589s)
step 12000  train 1.1624  eval 1.0969  pmax 2.0  (642s)
step 13000  train 1.1263  eval 1.1467  pmax 2.0  (695s)
step 14000  train 1.0866  eval 1.0725  pmax 2.0  (748s)
step 15000  train 1.0813  eval 1.1790  pmax 2.0  (801s)
step 16000  train 1.0929  eval 1.1043  pmax 2.0  (854s)
step 17000  train 1.0895  eval 1.1834  pmax 2.0  (907s)
step 18000  train 1.1221  eval 1.1014  pmax 2.0  (960s)
step 19000  train 1.0917  eval 1.0892  pmax 2.0  (1013s)
step 20000  train 1.0892  eval 1.0930  pmax 2.0  (1067s)
  [checkpoint + sample saved at step 20000]
step 21000  train 1.0469  eval 1.0720  pmax 2.1  (1120s)
step 22000  train 1.1433  eval 1.0773  pmax 2.1  (1173s)
step 23000  train 1.0435  eval 1.0861  pmax 2.1  (1226s)
step 24000  train 1.0488  eval 1.0724  pmax 2.2  (1279s)
step 25000  train 1.0210  eval 0.9948  pmax 2.2  (1332s)
step 26000  train 1.0573  eval 1.0342  pmax 2.2  (1386s)
step 27000  train 1.0810  eval 1.0747  pmax 2.2  (1439s)
step 28000  train 1.0449  eval 1.0352  pmax 2.3  (1492s)
step 29000  train 1.0146  eval 1.0645  pmax 2.3  (1545s)
step 30000  train 1.0515  eval 1.0634  pmax 2.3  (1598s)
  [checkpoint + sample saved at step 30000]
step 31000  train 1.0243  eval 1.0710  pmax 2.3  (1651s)
step 32000  train 1.0494  eval 1.0505  pmax 2.3  (1705s)
step 33000  train 1.0605  eval 1.0160  pmax 2.4  (1758s)
step 34000  train 1.0040  eval 1.0878  pmax 2.4  (1811s)
step 35000  train 1.0233  eval 1.0550  pmax 2.4  (1864s)
step 36000  train 1.0292  eval 1.0784  pmax 2.4  (1917s)
step 37000  train 1.0745  eval 1.0379  pmax 2.4  (1970s)
step 38000  train 1.0718  eval 1.0251  pmax 2.4  (2023s)
step 39000  train 1.0390  eval 1.0624  pmax 2.4  (2076s)
step 40000  train 1.0140  eval 1.0483  pmax 2.4  (2129s)
  [checkpoint + sample saved at step 40000]
step 41000  train 1.0222  eval 0.9739  pmax 2.4  (2183s)
step 42000  train 0.9701  eval 1.0240  pmax 2.4  (2236s)
step 43000  train 1.0564  eval 0.9957  pmax 2.4  (2289s)
step 44000  train 1.0261  eval 1.0238  pmax 2.4  (2342s)
step 45000  train 1.0312  eval 1.0076  pmax 2.4  (2395s)
step 46000  train 1.0028  eval 1.0861  pmax 2.4  (2448s)
step 47000  train 0.9850  eval 1.0226  pmax 2.4  (2501s)
step 48000  train 1.0341  eval 1.0445  pmax 2.4  (2554s)
step 49000  train 0.9745  eval 1.0424  pmax 2.4  (2607s)
step 50000  train 1.0091  eval 1.0113  pmax 2.4  (2661s)
  [checkpoint + sample saved at step 50000]
step 51000  train 1.0092  eval 1.0370  pmax 2.4  (2714s)
step 52000  train 1.0433  eval 1.0148  pmax 2.4  (2767s)
step 53000  train 0.9900  eval 1.0096  pmax 2.4  (2820s)
step 54000  train 1.0270  eval 1.0343  pmax 2.4  (2873s)
  [checkpoint + sample saved at step 54000]
done. artifacts in /home/luke/Wavelet-State-KAN/checkpoints/tf_ultrachat_1m_3ep_s7
