train bytes: 180,263,596  eval bytes: 2,859,070
model: tf  params: 9,880,192  device: cuda
W0909 21:38:22.859000 1984162 .venv/lib/python3.12/site-packages/torch/_inductor/utils.py:1806] [0/0] Not enough SMs to use max_autotune_gemm mode
step     1  train 5.6957  eval 4.4235  pmax 1.0  (19s)
step  1000  train 1.5164  eval 1.5466  pmax 1.4  (77s)
step  2000  train 1.3591  eval 1.3537  pmax 1.6  (135s)
step  3000  train 1.2739  eval 1.2085  pmax 1.7  (194s)
step  4000  train 1.2251  eval 1.2537  pmax 1.8  (252s)
step  5000  train 1.1147  eval 1.1860  pmax 1.9  (310s)
Traceback (most recent call last):
  File "/home/luke/Wavelet-State-KAN/experiments/V1_train_tinystories_lm.py", line 295, in <module>
    main()
  File "/home/luke/Wavelet-State-KAN/experiments/V1_train_tinystories_lm.py", line 285, in main
    save_checkpoint(model, step, loss.item(), out_dir, args.model != "mamba2")
  File "/home/luke/Wavelet-State-KAN/experiments/V1_train_tinystories_lm.py", line 128, in save_checkpoint
    for i, layer in enumerate(model.layers)
                              ^^^^^^^^^^^^
  File "/home/luke/Wavelet-State-KAN/.venv/lib/python3.12/site-packages/torch/nn/modules/module.py", line 1972, in __getattr__
    raise AttributeError(
AttributeError: 'TinyTransformerLM' object has no attribute 'layers'
