train bytes: 180,263,596  eval bytes: 2,859,070
model: tf  params: 9,840  device: cuda
step     1  train 5.5365  eval 5.4610  pmax 1.0  (1s)
step  1000  train 2.4629  eval 2.5375  pmax 2.2  (14s)
step  2000  train 2.4636  eval 2.3831  pmax 2.4  (26s)
step  3000  train 2.3003  eval 2.2943  pmax 2.6  (39s)
step  4000  train 2.2749  eval 2.2511  pmax 2.8  (52s)
step  5000  train 2.2094  eval 2.2173  pmax 2.9  (64s)
step  6000  train 2.1918  eval 2.2129  pmax 2.9  (77s)
step  7000  train 2.2101  eval 2.1685  pmax 3.0  (89s)
step  8000  train 2.2374  eval 2.2638  pmax 3.0  (103s)
step  9000  train 2.2504  eval 2.1857  pmax 3.0  (116s)
step 10000  train 2.1221  eval 2.1960  pmax 3.1  (129s)
step 11000  train 2.2233  eval 2.1245  pmax 3.1  (142s)
step 12000  train 2.1412  eval 2.2109  pmax 3.1  (155s)
step 13000  train 2.2308  eval 2.1429  pmax 3.1  (167s)
step 14000  train 2.1301  eval 2.1507  pmax 3.1  (181s)
step 15000  train 2.0600  eval 2.1807  pmax 3.1  (193s)
step 16000  train 2.1498  eval 2.2396  pmax 3.1  (206s)
step 17000  train 2.1389  eval 2.1077  pmax 3.1  (219s)
step 18000  train 2.1586  eval 2.1527  pmax 3.1  (231s)
step 19000  train 2.1404  eval 2.1214  pmax 3.2  (244s)
step 20000  train 2.1001  eval 2.1275  pmax 3.2  (257s)
  [checkpoint + sample saved at step 20000]
done. artifacts in /home/luke/Wavelet-State-KAN/checkpoints/tf_ultrachat_10k_s42
