/home/luke/Wavelet-State-KAN/experiments/V1_train_tinystories_lm.py:107: UserWarning: The given buffer is not writable, and PyTorch does not support non-writable tensors. This means you can write to the underlying (supposedly non-writable) buffer using the tensor. You may want to copy the buffer to protect its data or make it writable before converting it to a tensor. This type of warning will be suppressed for the rest of this program. (Triggered internally at /__w/pytorch/pytorch/torch/csrc/utils/tensor_new.cpp:1556.)
  train_ids = torch.frombuffer(train_text.encode("utf-8", errors="ignore"), dtype=torch.uint8)
train bytes: 1,195,926,439  eval bytes: 2,859,070
model: tf  params: 9,994,880  device: cuda
step     1  train 5.6364  eval 4.2545  pmax 1.0  (4s)
step  1000  train 1.4223  eval 1.3892  pmax 1.4  (294s)
step  2000  train 1.1911  eval 1.2138  pmax 1.5  (585s)
step  3000  train 1.1574  eval 1.1576  pmax 1.6  (875s)
step  4000  train 1.0822  eval 1.0705  pmax 1.6  (1165s)
step  5000  train 1.0789  eval 1.0414  pmax 1.6  (1455s)
  [checkpoint + sample saved at step 5000]
step  6000  train 1.0279  eval 1.0037  pmax 1.7  (1746s)
step  7000  train 1.0121  eval 1.0198  pmax 1.7  (2036s)
step  8000  train 0.9781  eval 1.0012  pmax 1.7  (2326s)
step  9000  train 0.9803  eval 0.9519  pmax 1.7  (2616s)
step 10000  train 0.9436  eval 0.9636  pmax 1.7  (2907s)
  [checkpoint + sample saved at step 10000]
step 11000  train 0.9471  eval 0.9755  pmax 1.7  (3197s)
step 12000  train 0.9165  eval 0.9321  pmax 1.7  (3488s)
step 13000  train 0.9209  eval 0.9011  pmax 1.8  (3778s)
step 14000  train 0.9169  eval 0.9175  pmax 1.8  (4068s)
step 15000  train 0.9143  eval 0.9057  pmax 1.8  (4359s)
  [checkpoint + sample saved at step 15000]
step 16000  train 0.8905  eval 0.9014  pmax 1.9  (4650s)
step 17000  train 0.8829  eval 0.8960  pmax 1.9  (4940s)
step 18000  train 0.9296  eval 0.9357  pmax 2.0  (5230s)
step 19000  train 0.8937  eval 0.8809  pmax 2.0  (5520s)
step 20000  train 0.9096  eval 0.8884  pmax 2.0  (5810s)
  [checkpoint + sample saved at step 20000]
step 21000  train 0.8947  eval 0.8634  pmax 2.1  (6101s)
step 22000  train 0.8434  eval 0.8186  pmax 2.1  (6391s)
step 23000  train 0.8822  eval 0.8128  pmax 2.1  (6681s)
step 24000  train 0.8569  eval 0.8122  pmax 2.1  (6971s)
step 25000  train 0.8527  eval 0.8498  pmax 2.1  (7261s)
  [checkpoint + sample saved at step 25000]
step 26000  train 0.8445  eval 0.8356  pmax 2.2  (7551s)
step 27000  train 0.8458  eval 0.8589  pmax 2.2  (7842s)
step 28000  train 0.8532  eval 0.8684  pmax 2.2  (8132s)
step 29000  train 0.8407  eval 0.8373  pmax 2.2  (8422s)
step 30000  train 0.8381  eval 0.8325  pmax 2.2  (8712s)
  [checkpoint + sample saved at step 30000]
step 31000  train 0.8025  eval 0.8153  pmax 2.2  (9003s)
step 32000  train 0.7951  eval 0.8730  pmax 2.2  (9293s)
step 33000  train 0.7889  eval 0.8333  pmax 2.2  (9584s)
step 34000  train 0.8244  eval 0.8209  pmax 2.2  (9874s)
step 35000  train 0.8123  eval 0.8209  pmax 2.2  (10164s)
  [checkpoint + sample saved at step 35000]
step 36000  train 0.8409  eval 0.8754  pmax 2.2  (10455s)
  [checkpoint + sample saved at step 36000]
done. artifacts in /home/luke/Wavelet-State-KAN/checkpoints/tf_ultrachat_10m_3ep_s2024
