/home/luke/Wavelet-State-KAN/experiments/V1_train_tinystories_lm.py:107: UserWarning: The given buffer is not writable, and PyTorch does not support non-writable tensors. This means you can write to the underlying (supposedly non-writable) buffer using the tensor. You may want to copy the buffer to protect its data or make it writable before converting it to a tensor. This type of warning will be suppressed for the rest of this program. (Triggered internally at /__w/pytorch/pytorch/torch/csrc/utils/tensor_new.cpp:1556.)
  train_ids = torch.frombuffer(train_text.encode("utf-8", errors="ignore"), dtype=torch.uint8)
train bytes: 1,195,926,439  eval bytes: 2,859,070
model: tf  params: 12,912  device: cuda
step     1  train 5.5552  eval 5.5061  pmax 1.0  (1s)
step  1000  train 2.5114  eval 2.5066  pmax 2.4  (14s)
step  2000  train 2.3786  eval 2.3893  pmax 2.6  (26s)
step  3000  train 2.2865  eval 2.2945  pmax 2.8  (39s)
step  4000  train 2.2759  eval 2.2782  pmax 2.9  (52s)
step  5000  train 2.2841  eval 2.2264  pmax 2.9  (64s)
step  6000  train 2.2178  eval 2.2492  pmax 3.0  (77s)
step  7000  train 2.2415  eval 2.1923  pmax 3.0  (89s)
step  8000  train 2.2290  eval 2.2229  pmax 3.0  (102s)
step  9000  train 2.2113  eval 2.2308  pmax 3.0  (114s)
step 10000  train 2.2214  eval 2.2086  pmax 3.0  (127s)
step 11000  train 2.1802  eval 2.2071  pmax 3.0  (139s)
step 12000  train 2.2038  eval 2.1792  pmax 3.0  (152s)
step 13000  train 2.2107  eval 2.2259  pmax 3.0  (165s)
step 14000  train 2.2121  eval 2.2133  pmax 3.0  (177s)
step 15000  train 2.2027  eval 2.1576  pmax 3.1  (190s)
step 16000  train 2.1887  eval 2.1778  pmax 3.1  (203s)
step 17000  train 2.2220  eval 2.1834  pmax 3.2  (215s)
step 18000  train 2.2390  eval 2.2039  pmax 3.2  (229s)
step 19000  train 2.1818  eval 2.1707  pmax 3.2  (242s)
step 20000  train 2.1441  eval 2.1506  pmax 3.3  (254s)
step 21000  train 2.2381  eval 2.1809  pmax 3.3  (266s)
step 22000  train 2.1926  eval 2.1879  pmax 3.3  (279s)
step 23000  train 2.1683  eval 2.1769  pmax 3.3  (292s)
step 24000  train 2.1415  eval 2.1784  pmax 3.3  (304s)
step 25000  train 2.1760  eval 2.1507  pmax 3.3  (317s)
  [checkpoint + sample saved at step 25000]
step 26000  train 2.1291  eval 2.1547  pmax 3.3  (330s)
step 27000  train 2.1717  eval 2.1865  pmax 3.3  (343s)
step 28000  train 2.1588  eval 2.1773  pmax 3.3  (356s)
step 29000  train 2.1945  eval 2.1336  pmax 3.3  (369s)
step 30000  train 2.1368  eval 2.1516  pmax 3.3  (381s)
step 31000  train 2.1764  eval 2.1381  pmax 3.4  (394s)
step 32000  train 2.1070  eval 2.1210  pmax 3.4  (407s)
step 33000  train 2.1317  eval 2.1397  pmax 3.4  (419s)
step 34000  train 2.1249  eval 2.2058  pmax 3.4  (432s)
step 35000  train 2.1611  eval 2.1560  pmax 3.5  (444s)
step 36000  train 2.1152  eval 2.1154  pmax 3.5  (457s)
step 37000  train 2.1165  eval 2.1010  pmax 3.5  (470s)
step 38000  train 2.1299  eval 2.1079  pmax 3.5  (482s)
step 39000  train 2.1214  eval 2.0987  pmax 3.6  (495s)
step 40000  train 2.1477  eval 2.1423  pmax 3.6  (508s)
step 41000  train 2.1574  eval 2.0792  pmax 3.6  (520s)
step 42000  train 2.1435  eval 2.1031  pmax 3.6  (533s)
step 43000  train 2.1321  eval 2.1339  pmax 3.6  (545s)
step 44000  train 2.0947  eval 2.1229  pmax 3.6  (558s)
step 45000  train 2.0969  eval 2.0946  pmax 3.6  (571s)
step 46000  train 2.1144  eval 2.1193  pmax 3.6  (583s)
step 47000  train 2.0889  eval 2.1016  pmax 3.7  (595s)
step 48000  train 2.1028  eval 2.1351  pmax 3.7  (608s)
step 49000  train 2.1179  eval 2.0575  pmax 3.7  (621s)
step 50000  train 2.0944  eval 2.1054  pmax 3.7  (633s)
  [checkpoint + sample saved at step 50000]
step 51000  train 2.0986  eval 2.0598  pmax 3.7  (646s)
step 52000  train 2.1317  eval 2.1021  pmax 3.7  (658s)
step 53000  train 2.1237  eval 2.0719  pmax 3.7  (671s)
step 54000  train 2.1133  eval 2.0595  pmax 3.7  (683s)
  [checkpoint + sample saved at step 54000]
done. artifacts in /home/luke/Wavelet-State-KAN/checkpoints/tf_ultrachat_10k_3ep_s2024
