/home/luke/Wavelet-State-KAN/experiments/V1_train_tinystories_lm.py:107: UserWarning: The given buffer is not writable, and PyTorch does not support non-writable tensors. This means you can write to the underlying (supposedly non-writable) buffer using the tensor. You may want to copy the buffer to protect its data or make it writable before converting it to a tensor. This type of warning will be suppressed for the rest of this program. (Triggered internally at /__w/pytorch/pytorch/torch/csrc/utils/tensor_new.cpp:1556.)
  train_ids = torch.frombuffer(train_text.encode("utf-8", errors="ignore"), dtype=torch.uint8)
train bytes: 1,195,926,439  eval bytes: 2,859,070
model: tf  params: 1,049,120  device: cuda
step     1  train 5.6228  eval 5.1251  pmax 1.0  (5s)
step  1000  train 1.4545  eval 1.4704  pmax 1.5  (52s)
step  2000  train 1.2677  eval 1.2248  pmax 1.7  (99s)
step  3000  train 1.2309  eval 1.2037  pmax 1.7  (147s)
step  4000  train 1.1226  eval 1.1565  pmax 1.8  (194s)
step  5000  train 1.1731  eval 1.1169  pmax 1.8  (242s)
step  6000  train 1.1546  eval 1.1311  pmax 1.8  (289s)
step  7000  train 1.0728  eval 1.1380  pmax 1.9  (337s)
step  8000  train 1.1095  eval 1.1174  pmax 1.9  (384s)
step  9000  train 1.0464  eval 1.0518  pmax 1.9  (431s)
step 10000  train 1.0633  eval 1.0187  pmax 1.9  (479s)
  [checkpoint + sample saved at step 10000]
step 11000  train 1.0236  eval 1.0885  pmax 2.0  (527s)
step 12000  train 1.0312  eval 1.0257  pmax 2.0  (574s)
step 13000  train 0.9942  eval 1.0182  pmax 2.0  (621s)
step 14000  train 1.0332  eval 0.9916  pmax 2.0  (668s)
step 15000  train 0.9978  eval 1.0277  pmax 2.0  (716s)
step 16000  train 0.9720  eval 1.0212  pmax 2.0  (763s)
step 17000  train 1.0108  eval 1.0443  pmax 2.0  (811s)
step 18000  train 1.0379  eval 1.0013  pmax 2.0  (858s)
step 19000  train 1.0142  eval 0.9797  pmax 2.0  (905s)
step 20000  train 0.9795  eval 0.9979  pmax 2.0  (953s)
  [checkpoint + sample saved at step 20000]
step 21000  train 0.9868  eval 0.9533  pmax 2.1  (1001s)
step 22000  train 0.9614  eval 0.9716  pmax 2.1  (1048s)
step 23000  train 0.9666  eval 0.9582  pmax 2.1  (1095s)
step 24000  train 0.9314  eval 0.9712  pmax 2.1  (1143s)
step 25000  train 0.9739  eval 0.9316  pmax 2.1  (1190s)
step 26000  train 1.0085  eval 1.0191  pmax 2.1  (1238s)
step 27000  train 1.0017  eval 0.9834  pmax 2.1  (1285s)
step 28000  train 0.9879  eval 0.9577  pmax 2.1  (1333s)
step 29000  train 0.9863  eval 0.9653  pmax 2.1  (1380s)
step 30000  train 0.9790  eval 0.9542  pmax 2.1  (1427s)
  [checkpoint + sample saved at step 30000]
step 31000  train 0.9554  eval 0.9349  pmax 2.1  (1477s)
step 32000  train 0.9504  eval 0.9089  pmax 2.1  (1538s)
step 33000  train 0.9700  eval 0.9530  pmax 2.1  (1586s)
step 34000  train 0.9817  eval 0.9555  pmax 2.1  (1633s)
step 35000  train 0.9282  eval 0.9828  pmax 2.1  (1680s)
step 36000  train 0.9637  eval 1.0021  pmax 2.1  (1746s)
step 37000  train 0.9494  eval 0.9300  pmax 2.1  (1810s)
step 38000  train 0.9256  eval 0.9579  pmax 2.1  (1895s)
step 39000  train 0.9840  eval 0.9156  pmax 2.1  (1981s)
step 40000  train 0.9139  eval 0.9271  pmax 2.1  (2067s)
  [checkpoint + sample saved at step 40000]
step 41000  train 0.9833  eval 0.8941  pmax 2.1  (2145s)
step 42000  train 0.9055  eval 0.9632  pmax 2.1  (2240s)
step 43000  train 0.9819  eval 0.9852  pmax 2.1  (2335s)
step 44000  train 0.9323  eval 0.9836  pmax 2.1  (2431s)
step 45000  train 0.9175  eval 0.9346  pmax 2.1  (2508s)
step 46000  train 0.9320  eval 0.9186  pmax 2.2  (2605s)
step 47000  train 0.9096  eval 0.9706  pmax 2.2  (2701s)
step 48000  train 0.9179  eval 1.0083  pmax 2.2  (2797s)
step 49000  train 0.9442  eval 0.9207  pmax 2.2  (2893s)
step 50000  train 0.8811  eval 0.9255  pmax 2.2  (2980s)
  [checkpoint + sample saved at step 50000]
step 51000  train 0.9608  eval 0.8932  pmax 2.2  (3072s)
step 52000  train 0.9125  eval 0.9240  pmax 2.2  (3171s)
step 53000  train 0.9357  eval 0.9040  pmax 2.2  (3270s)
step 54000  train 0.9578  eval 0.9549  pmax 2.2  (3368s)
  [checkpoint + sample saved at step 54000]
done. artifacts in /home/luke/Wavelet-State-KAN/checkpoints/tf_ultrachat_1m_3ep_s31337
