/home/luke/Wavelet-State-KAN/experiments/V1_train_tinystories_lm.py:107: UserWarning: The given buffer is not writable, and PyTorch does not support non-writable tensors. This means you can write to the underlying (supposedly non-writable) buffer using the tensor. You may want to copy the buffer to protect its data or make it writable before converting it to a tensor. This type of warning will be suppressed for the rest of this program. (Triggered internally at /__w/pytorch/pytorch/torch/csrc/utils/tensor_new.cpp:1556.)
  train_ids = torch.frombuffer(train_text.encode("utf-8", errors="ignore"), dtype=torch.uint8)
train bytes: 1,195,926,439  eval bytes: 2,859,070
model: tf  params: 12,912  device: cuda
step     1  train 5.5615  eval 5.5008  pmax 1.0  (1s)
step  1000  train 2.5081  eval 2.4978  pmax 2.5  (13s)
step  2000  train 2.5061  eval 2.4607  pmax 2.7  (26s)
step  3000  train 2.3252  eval 2.3266  pmax 2.9  (38s)
step  4000  train 2.2508  eval 2.2197  pmax 3.1  (51s)
step  5000  train 2.2662  eval 2.1994  pmax 3.1  (63s)
step  6000  train 2.2114  eval 2.2037  pmax 3.1  (76s)
step  7000  train 2.2433  eval 2.2394  pmax 3.2  (88s)
step  8000  train 2.2417  eval 2.2268  pmax 3.2  (101s)
step  9000  train 2.2021  eval 2.2282  pmax 3.2  (113s)
step 10000  train 2.1792  eval 2.2137  pmax 3.2  (126s)
step 11000  train 2.1483  eval 2.2356  pmax 3.3  (138s)
step 12000  train 2.1713  eval 2.2117  pmax 3.3  (151s)
step 13000  train 2.1893  eval 2.1779  pmax 3.3  (163s)
step 14000  train 2.2051  eval 2.1562  pmax 3.3  (175s)
step 15000  train 2.1776  eval 2.1851  pmax 3.4  (188s)
step 16000  train 2.2146  eval 2.1617  pmax 3.5  (200s)
step 17000  train 2.1753  eval 2.2123  pmax 3.5  (213s)
step 18000  train 2.1983  eval 2.2378  pmax 3.6  (225s)
step 19000  train 2.1661  eval 2.1163  pmax 3.6  (237s)
step 20000  train 2.1146  eval 2.1206  pmax 3.7  (250s)
step 21000  train 2.1150  eval 2.1545  pmax 3.7  (262s)
step 22000  train 2.1497  eval 2.1628  pmax 3.8  (274s)
step 23000  train 2.2034  eval 2.1648  pmax 3.8  (287s)
step 24000  train 2.1448  eval 2.1022  pmax 3.8  (299s)
step 25000  train 2.1463  eval 2.1352  pmax 3.9  (311s)
  [checkpoint + sample saved at step 25000]
step 26000  train 2.1817  eval 2.1056  pmax 4.0  (324s)
step 27000  train 2.1303  eval 2.1239  pmax 4.0  (336s)
step 28000  train 2.0933  eval 2.1189  pmax 4.1  (349s)
step 29000  train 2.1192  eval 2.1053  pmax 4.1  (361s)
step 30000  train 2.1210  eval 2.1391  pmax 4.2  (374s)
step 31000  train 2.1237  eval 2.0882  pmax 4.2  (386s)
step 32000  train 2.0997  eval 2.1030  pmax 4.3  (398s)
step 33000  train 2.1341  eval 2.1192  pmax 4.3  (411s)
step 34000  train 2.1312  eval 2.1234  pmax 4.3  (423s)
step 35000  train 2.1325  eval 2.1255  pmax 4.4  (436s)
step 36000  train 2.1580  eval 2.1455  pmax 4.4  (448s)
step 37000  train 2.1499  eval 2.1323  pmax 4.4  (460s)
step 38000  train 2.1205  eval 2.0807  pmax 4.4  (473s)
step 39000  train 2.1569  eval 2.0747  pmax 4.5  (485s)
step 40000  train 2.1471  eval 2.0669  pmax 4.5  (497s)
step 41000  train 2.1155  eval 2.0523  pmax 4.5  (510s)
step 42000  train 2.0624  eval 2.1333  pmax 4.5  (523s)
step 43000  train 2.0673  eval 2.0964  pmax 4.5  (535s)
step 44000  train 2.1001  eval 2.0866  pmax 4.5  (547s)
step 45000  train 2.0740  eval 2.0910  pmax 4.6  (560s)
step 46000  train 2.0811  eval 2.1207  pmax 4.6  (572s)
step 47000  train 2.1045  eval 2.0887  pmax 4.6  (584s)
step 48000  train 2.0824  eval 2.1345  pmax 4.6  (597s)
step 49000  train 2.1274  eval 2.0865  pmax 4.6  (609s)
step 50000  train 2.1444  eval 2.0855  pmax 4.6  (622s)
  [checkpoint + sample saved at step 50000]
step 51000  train 2.0791  eval 2.0713  pmax 4.6  (634s)
step 52000  train 2.0810  eval 2.1140  pmax 4.6  (647s)
step 53000  train 2.0942  eval 2.0981  pmax 4.6  (659s)
step 54000  train 2.0902  eval 2.0917  pmax 4.6  (672s)
  [checkpoint + sample saved at step 54000]
done. artifacts in /home/luke/Wavelet-State-KAN/checkpoints/tf_ultrachat_10k_3ep_s7
