/home/luke/Wavelet-State-KAN/experiments/V1_train_tinystories_lm.py:107: UserWarning: The given buffer is not writable, and PyTorch does not support non-writable tensors. This means you can write to the underlying (supposedly non-writable) buffer using the tensor. You may want to copy the buffer to protect its data or make it writable before converting it to a tensor. This type of warning will be suppressed for the rest of this program. (Triggered internally at /__w/pytorch/pytorch/torch/csrc/utils/tensor_new.cpp:1556.)
  train_ids = torch.frombuffer(train_text.encode("utf-8", errors="ignore"), dtype=torch.uint8)
train bytes: 1,195,926,439  eval bytes: 2,859,070
model: tf  params: 109,040  device: cuda
step     1  train 5.5286  eval 5.3642  pmax 1.0  (5s)
step  1000  train 1.9178  eval 1.9018  pmax 2.2  (20s)
step  2000  train 1.6230  eval 1.6387  pmax 2.5  (35s)
step  3000  train 1.5979  eval 1.5961  pmax 2.5  (51s)
step  4000  train 1.5648  eval 1.5430  pmax 2.6  (66s)
step  5000  train 1.5762  eval 1.5221  pmax 2.6  (81s)
step  6000  train 1.4964  eval 1.5075  pmax 2.6  (96s)
step  7000  train 1.5073  eval 1.4600  pmax 2.6  (112s)
step  8000  train 1.4988  eval 1.4561  pmax 2.6  (127s)
step  9000  train 1.4577  eval 1.5034  pmax 2.6  (142s)
step 10000  train 1.4493  eval 1.4282  pmax 2.6  (157s)
step 11000  train 1.4313  eval 1.4324  pmax 2.7  (173s)
step 12000  train 1.4545  eval 1.4088  pmax 2.9  (188s)
step 13000  train 1.4448  eval 1.4594  pmax 3.0  (203s)
step 14000  train 1.4127  eval 1.4303  pmax 3.2  (218s)
step 15000  train 1.4451  eval 1.4124  pmax 3.3  (233s)
step 16000  train 1.4003  eval 1.4340  pmax 3.4  (249s)
step 17000  train 1.4421  eval 1.4272  pmax 3.6  (264s)
step 18000  train 1.4626  eval 1.4121  pmax 3.7  (279s)
step 19000  train 1.4280  eval 1.4092  pmax 3.8  (294s)
step 20000  train 1.3883  eval 1.4533  pmax 3.9  (309s)
step 21000  train 1.4779  eval 1.4268  pmax 4.0  (324s)
step 22000  train 1.4248  eval 1.3953  pmax 4.1  (340s)
step 23000  train 1.4109  eval 1.4029  pmax 4.2  (355s)
step 24000  train 1.3971  eval 1.4396  pmax 4.2  (370s)
step 25000  train 1.4276  eval 1.3909  pmax 4.3  (386s)
  [checkpoint + sample saved at step 25000]
step 26000  train 1.3737  eval 1.4095  pmax 4.4  (402s)
step 27000  train 1.4505  eval 1.4281  pmax 4.6  (417s)
step 28000  train 1.4176  eval 1.4117  pmax 4.7  (432s)
step 29000  train 1.4408  eval 1.3923  pmax 4.8  (447s)
step 30000  train 1.3672  eval 1.4253  pmax 4.9  (463s)
step 31000  train 1.4200  eval 1.3641  pmax 5.0  (478s)
step 32000  train 1.3461  eval 1.3917  pmax 5.2  (493s)
step 33000  train 1.3855  eval 1.4027  pmax 5.3  (508s)
step 34000  train 1.3798  eval 1.4349  pmax 5.4  (524s)
step 35000  train 1.3981  eval 1.4051  pmax 5.5  (539s)
step 36000  train 1.3427  eval 1.3477  pmax 5.6  (555s)
step 37000  train 1.3819  eval 1.3465  pmax 5.7  (570s)
step 38000  train 1.3818  eval 1.3751  pmax 5.8  (585s)
step 39000  train 1.3523  eval 1.3718  pmax 5.9  (600s)
step 40000  train 1.3818  eval 1.4131  pmax 6.0  (615s)
step 41000  train 1.4191  eval 1.3257  pmax 6.1  (630s)
step 42000  train 1.3930  eval 1.3584  pmax 6.2  (646s)
step 43000  train 1.4182  eval 1.3957  pmax 6.3  (661s)
step 44000  train 1.3486  eval 1.3891  pmax 6.3  (676s)
step 45000  train 1.3558  eval 1.3435  pmax 6.4  (692s)
step 46000  train 1.3537  eval 1.3685  pmax 6.5  (707s)
step 47000  train 1.3668  eval 1.3449  pmax 6.6  (722s)
step 48000  train 1.3671  eval 1.4002  pmax 6.7  (737s)
step 49000  train 1.3725  eval 1.3081  pmax 6.7  (753s)
step 50000  train 1.3398  eval 1.3546  pmax 6.8  (768s)
  [checkpoint + sample saved at step 50000]
step 51000  train 1.3758  eval 1.2919  pmax 6.9  (784s)
step 52000  train 1.3927  eval 1.3465  pmax 6.9  (799s)
step 53000  train 1.3678  eval 1.3225  pmax 7.0  (814s)
step 54000  train 1.3417  eval 1.3072  pmax 7.0  (829s)
step 55000  train 1.3680  eval 1.3324  pmax 7.1  (845s)
step 56000  train 1.3840  eval 1.3483  pmax 7.1  (860s)
step 57000  train 1.4064  eval 1.3427  pmax 7.2  (875s)
step 58000  train 1.3483  eval 1.3570  pmax 7.2  (890s)
step 59000  train 1.3345  eval 1.3411  pmax 7.3  (906s)
step 60000  train 1.3639  eval 1.3410  pmax 7.3  (921s)
step 61000  train 1.3441  eval 1.3478  pmax 7.4  (936s)
step 62000  train 1.3233  eval 1.3298  pmax 7.4  (951s)
step 63000  train 1.3314  eval 1.3132  pmax 7.5  (966s)
step 64000  train 1.2848  eval 1.3047  pmax 7.5  (981s)
step 65000  train 1.3332  eval 1.4067  pmax 7.6  (996s)
step 66000  train 1.3412  eval 1.3481  pmax 7.6  (1011s)
step 67000  train 1.3851  eval 1.3396  pmax 7.6  (1027s)
step 68000  train 1.3425  eval 1.4019  pmax 7.7  (1042s)
step 69000  train 1.3700  eval 1.3777  pmax 7.7  (1057s)
step 70000  train 1.3510  eval 1.3622  pmax 7.7  (1072s)
step 71000  train 1.3577  eval 1.3118  pmax 7.8  (1087s)
step 72000  train 1.3418  eval 1.2948  pmax 7.8  (1102s)
step 73000  train 1.3478  eval 1.3548  pmax 7.8  (1117s)
step 74000  train 1.3590  eval 1.4233  pmax 7.8  (1132s)
step 75000  train 1.3531  eval 1.3731  pmax 7.9  (1147s)
  [checkpoint + sample saved at step 75000]
step 76000  train 1.3631  eval 1.3767  pmax 7.9  (1163s)
step 77000  train 1.3163  eval 1.3521  pmax 7.9  (1178s)
step 78000  train 1.4068  eval 1.2558  pmax 7.9  (1193s)
step 79000  train 1.2830  eval 1.3133  pmax 7.9  (1208s)
step 80000  train 1.3343  eval 1.3608  pmax 8.0  (1223s)
step 81000  train 1.2864  eval 1.3828  pmax 8.0  (1239s)
step 82000  train 1.3199  eval 1.3203  pmax 8.0  (1254s)
step 83000  train 1.3341  eval 1.3448  pmax 8.0  (1269s)
step 84000  train 1.3415  eval 1.3244  pmax 8.0  (1284s)
step 85000  train 1.3257  eval 1.2857  pmax 8.0  (1299s)
step 86000  train 1.3223  eval 1.3212  pmax 8.0  (1314s)
step 87000  train 1.3403  eval 1.3826  pmax 8.1  (1329s)
step 88000  train 1.3235  eval 1.3290  pmax 8.1  (1344s)
step 89000  train 1.2764  eval 1.3325  pmax 8.1  (1359s)
step 90000  train 1.3444  eval 1.3291  pmax 8.1  (1375s)
step 91000  train 1.3061  eval 1.3101  pmax 8.1  (1390s)
step 92000  train 1.3820  eval 1.3067  pmax 8.1  (1405s)
step 93000  train 1.3181  eval 1.3042  pmax 8.1  (1420s)
step 94000  train 1.3627  eval 1.2937  pmax 8.1  (1436s)
step 95000  train 1.3026  eval 1.3396  pmax 8.1  (1451s)
step 96000  train 1.3557  eval 1.3083  pmax 8.1  (1466s)
step 97000  train 1.3806  eval 1.2935  pmax 8.1  (1481s)
step 98000  train 1.3280  eval 1.2801  pmax 8.1  (1496s)
step 99000  train 1.3249  eval 1.3415  pmax 8.1  (1511s)
step 100000  train 1.2973  eval 1.2851  pmax 8.1  (1526s)
  [checkpoint + sample saved at step 100000]
step 101000  train 1.3379  eval 1.2899  pmax 8.1  (1542s)
step 102000  train 1.3067  eval 1.3638  pmax 8.1  (1557s)
step 103000  train 1.3390  eval 1.3457  pmax 8.1  (1572s)
step 104000  train 1.2876  eval 1.3555  pmax 8.1  (1587s)
step 105000  train 1.3215  eval 1.3517  pmax 8.1  (1602s)
step 106000  train 1.2982  eval 1.3118  pmax 8.1  (1617s)
step 107000  train 1.3270  eval 1.3637  pmax 8.1  (1633s)
step 108000  train 1.3470  eval 1.3190  pmax 8.1  (1648s)
  [checkpoint + sample saved at step 108000]
done. artifacts in /home/luke/Wavelet-State-KAN/checkpoints/tf_ultrachat_100k_3ep_s2024
