/home/luke/Wavelet-State-KAN/experiments/V1_train_tinystories_lm.py:107: UserWarning: The given buffer is not writable, and PyTorch does not support non-writable tensors. This means you can write to the underlying (supposedly non-writable) buffer using the tensor. You may want to copy the buffer to protect its data or make it writable before converting it to a tensor. This type of warning will be suppressed for the rest of this program. (Triggered internally at /__w/pytorch/pytorch/torch/csrc/utils/tensor_new.cpp:1556.)
  train_ids = torch.frombuffer(train_text.encode("utf-8", errors="ignore"), dtype=torch.uint8)
train bytes: 1,195,926,439  eval bytes: 2,859,070
model: tf  params: 12,912  device: cuda
step     1  train 5.5332  eval 5.4874  pmax 1.0  (1s)
step  1000  train 2.5367  eval 2.5262  pmax 2.0  (13s)
step  2000  train 2.4362  eval 2.4144  pmax 2.2  (26s)
step  3000  train 2.3082  eval 2.3014  pmax 2.4  (38s)
step  4000  train 2.2556  eval 2.2609  pmax 2.6  (51s)
step  5000  train 2.2423  eval 2.2143  pmax 2.7  (63s)
step  6000  train 2.2642  eval 2.2466  pmax 2.8  (75s)
step  7000  train 2.2076  eval 2.2460  pmax 2.9  (87s)
step  8000  train 2.1943  eval 2.2317  pmax 3.0  (99s)
step  9000  train 2.2203  eval 2.1983  pmax 3.0  (111s)
step 10000  train 2.1952  eval 2.1830  pmax 3.1  (124s)
step 11000  train 2.1832  eval 2.1783  pmax 3.1  (135s)
step 12000  train 2.2179  eval 2.2037  pmax 3.2  (147s)
step 13000  train 2.1881  eval 2.2328  pmax 3.2  (160s)
step 14000  train 2.2494  eval 2.1911  pmax 3.3  (172s)
step 15000  train 2.1616  eval 2.1405  pmax 3.4  (184s)
step 16000  train 2.1902  eval 2.2085  pmax 3.4  (196s)
step 17000  train 2.1896  eval 2.1714  pmax 3.5  (208s)
step 18000  train 2.1437  eval 2.2149  pmax 3.5  (220s)
step 19000  train 2.1562  eval 2.2299  pmax 3.5  (232s)
step 20000  train 2.1749  eval 2.2102  pmax 3.6  (245s)
step 21000  train 2.1606  eval 2.2152  pmax 3.6  (257s)
step 22000  train 2.1597  eval 2.1772  pmax 3.6  (269s)
step 23000  train 2.1876  eval 2.1716  pmax 3.7  (282s)
step 24000  train 2.1685  eval 2.1356  pmax 3.7  (294s)
step 25000  train 2.2150  eval 2.1705  pmax 3.7  (306s)
  [checkpoint + sample saved at step 25000]
step 26000  train 2.1500  eval 2.1703  pmax 3.8  (319s)
step 27000  train 2.1372  eval 2.1818  pmax 3.8  (331s)
step 28000  train 2.1307  eval 2.1559  pmax 3.8  (344s)
step 29000  train 2.1801  eval 2.1576  pmax 3.9  (356s)
step 30000  train 2.1474  eval 2.1502  pmax 3.9  (368s)
step 31000  train 2.1439  eval 2.1616  pmax 3.9  (380s)
step 32000  train 2.1401  eval 2.1235  pmax 3.9  (392s)
step 33000  train 2.1239  eval 2.0778  pmax 3.9  (405s)
step 34000  train 2.1010  eval 2.1531  pmax 4.0  (417s)
step 35000  train 2.1311  eval 2.1725  pmax 4.0  (429s)
step 36000  train 2.1389  eval 2.1050  pmax 4.0  (442s)
step 37000  train 2.1808  eval 2.1657  pmax 4.0  (454s)
step 38000  train 2.1011  eval 2.0985  pmax 4.0  (466s)
step 39000  train 2.1582  eval 2.0981  pmax 4.1  (478s)
step 40000  train 2.1544  eval 2.1070  pmax 4.1  (490s)
step 41000  train 2.1429  eval 2.1396  pmax 4.1  (502s)
step 42000  train 2.1496  eval 2.1356  pmax 4.1  (514s)
step 43000  train 2.1017  eval 2.1541  pmax 4.1  (527s)
step 44000  train 2.0795  eval 2.1649  pmax 4.1  (539s)
step 45000  train 2.1118  eval 2.0754  pmax 4.1  (551s)
step 46000  train 2.0982  eval 2.1461  pmax 4.1  (563s)
step 47000  train 2.1082  eval 2.1363  pmax 4.1  (575s)
step 48000  train 2.0781  eval 2.0698  pmax 4.2  (587s)
step 49000  train 2.0910  eval 2.1460  pmax 4.2  (600s)
step 50000  train 2.0863  eval 2.1265  pmax 4.2  (612s)
  [checkpoint + sample saved at step 50000]
step 51000  train 2.1146  eval 2.1122  pmax 4.2  (624s)
step 52000  train 2.1230  eval 2.1230  pmax 4.2  (636s)
step 53000  train 2.0855  eval 2.0978  pmax 4.2  (648s)
step 54000  train 2.1107  eval 2.1387  pmax 4.2  (660s)
  [checkpoint + sample saved at step 54000]
done. artifacts in /home/luke/Wavelet-State-KAN/checkpoints/tf_ultrachat_10k_3ep_s31337
