/home/luke/Wavelet-State-KAN/experiments/V1_train_tinystories_lm.py:107: UserWarning: The given buffer is not writable, and PyTorch does not support non-writable tensors. This means you can write to the underlying (supposedly non-writable) buffer using the tensor. You may want to copy the buffer to protect its data or make it writable before converting it to a tensor. This type of warning will be suppressed for the rest of this program. (Triggered internally at /__w/pytorch/pytorch/torch/csrc/utils/tensor_new.cpp:1556.)
  train_ids = torch.frombuffer(train_text.encode("utf-8", errors="ignore"), dtype=torch.uint8)
train bytes: 1,195,926,439  eval bytes: 2,859,070
model: tf  params: 3,308  device: cuda
step     1  train 5.5409  eval 5.5255  pmax 1.0  (1s)
step  1000  train 2.8347  eval 2.8185  pmax 2.2  (10s)
step  2000  train 2.7815  eval 2.7803  pmax 2.6  (19s)
step  3000  train 2.7423  eval 2.7482  pmax 2.7  (28s)
step  4000  train 2.7521  eval 2.7296  pmax 3.2  (37s)
step  5000  train 2.7490  eval 2.6859  pmax 3.5  (46s)
step  6000  train 2.6862  eval 2.7157  pmax 3.7  (55s)
step  7000  train 2.7330  eval 2.6777  pmax 3.8  (64s)
step  8000  train 2.7086  eval 2.7048  pmax 3.9  (73s)
step  9000  train 2.7978  eval 2.7354  pmax 4.1  (81s)
step 10000  train 2.7577  eval 2.6980  pmax 4.1  (90s)
step 11000  train 2.6956  eval 2.7283  pmax 4.6  (99s)
step 12000  train 2.7031  eval 2.7121  pmax 5.0  (108s)
step 13000  train 2.7254  eval 2.7372  pmax 5.4  (116s)
step 14000  train 2.7060  eval 2.7033  pmax 5.7  (125s)
step 15000  train 2.7764  eval 2.7051  pmax 6.0  (134s)
step 16000  train 2.6938  eval 2.6872  pmax 6.2  (143s)
step 17000  train 2.7537  eval 2.7068  pmax 6.3  (151s)
step 18000  train 2.7068  eval 2.7069  pmax 6.6  (160s)
step 19000  train 2.7035  eval 2.7011  pmax 6.7  (169s)
step 20000  train 2.6818  eval 2.6705  pmax 7.0  (178s)
step 21000  train 2.7744  eval 2.7093  pmax 7.0  (186s)
step 22000  train 2.6975  eval 2.7043  pmax 7.2  (195s)
step 23000  train 2.7058  eval 2.7394  pmax 7.4  (204s)
step 24000  train 2.6825  eval 2.7283  pmax 7.4  (212s)
step 25000  train 2.7288  eval 2.7096  pmax 7.6  (221s)
  [checkpoint + sample saved at step 25000]
step 26000  train 2.7013  eval 2.7187  pmax 7.7  (231s)
step 27000  train 2.7011  eval 2.7134  pmax 7.8  (239s)
step 28000  train 2.6889  eval 2.7350  pmax 7.9  (248s)
step 29000  train 2.7284  eval 2.6715  pmax 8.0  (257s)
step 30000  train 2.7074  eval 2.7146  pmax 8.0  (266s)
step 31000  train 2.7326  eval 2.7070  pmax 8.1  (275s)
step 32000  train 2.6678  eval 2.6956  pmax 8.1  (283s)
step 33000  train 2.6829  eval 2.6901  pmax 8.1  (292s)
step 34000  train 2.6803  eval 2.7665  pmax 8.1  (301s)
step 35000  train 2.7306  eval 2.7143  pmax 8.1  (310s)
step 36000  train 2.6952  eval 2.6915  pmax 8.1  (318s)
  [checkpoint + sample saved at step 36000]
done. artifacts in /home/luke/Wavelet-State-KAN/checkpoints/tf_ultrachat_1k_3ep_s2024
