/home/luke/Wavelet-State-KAN/experiments/V1_train_tinystories_lm.py:107: UserWarning: The given buffer is not writable, and PyTorch does not support non-writable tensors. This means you can write to the underlying (supposedly non-writable) buffer using the tensor. You may want to copy the buffer to protect its data or make it writable before converting it to a tensor. This type of warning will be suppressed for the rest of this program. (Triggered internally at /__w/pytorch/pytorch/torch/csrc/utils/tensor_new.cpp:1556.)
  train_ids = torch.frombuffer(train_text.encode("utf-8", errors="ignore"), dtype=torch.uint8)
train bytes: 1,195,926,439  eval bytes: 2,859,070
model: tf  params: 1,049,120  device: cuda
W0922 09:38:48.995000 2484220 .venv/lib/python3.12/site-packages/torch/_inductor/utils.py:1806] [0/0] Not enough SMs to use max_autotune_gemm mode
step     1  train 5.7160  eval 5.0993  pmax 1.0  (16s)
step  1000  train 1.6159  eval 1.5902  pmax 1.6  (55s)
step  2000  train 1.3817  eval 1.3904  pmax 1.7  (95s)
step  3000  train 1.3408  eval 1.3286  pmax 1.8  (134s)
step  4000  train 1.3118  eval 1.2946  pmax 1.9  (174s)
step  5000  train 1.3060  eval 1.2704  pmax 1.9  (213s)
step  6000  train 1.2352  eval 1.2290  pmax 1.9  (253s)
step  7000  train 1.2240  eval 1.1995  pmax 1.9  (292s)
step  8000  train 1.2081  eval 1.1849  pmax 2.0  (331s)
step  9000  train 1.1765  eval 1.2213  pmax 2.0  (371s)
step 10000  train 1.1523  eval 1.1437  pmax 2.0  (410s)
  [checkpoint + sample saved at step 10000]
step 11000  train 1.1962  eval 1.1614  pmax 2.0  (450s)
step 12000  train 1.1284  eval 1.1073  pmax 2.0  (490s)
step 13000  train 1.1237  eval 1.1534  pmax 2.0  (529s)
step 14000  train 1.1389  eval 1.1368  pmax 2.0  (568s)
step 15000  train 1.1338  eval 1.1608  pmax 2.0  (607s)
step 16000  train 1.1314  eval 1.1460  pmax 2.0  (647s)
step 17000  train 1.1360  eval 1.1631  pmax 2.1  (686s)
step 18000  train 1.1412  eval 1.1205  pmax 2.1  (726s)
step 19000  train 1.1911  eval 1.1145  pmax 2.1  (765s)
step 20000  train 1.1297  eval 1.1347  pmax 2.1  (804s)
  [checkpoint + sample saved at step 20000]
step 21000  train 1.1103  eval 1.0925  pmax 2.1  (844s)
step 22000  train 1.1292  eval 1.0872  pmax 2.1  (883s)
step 23000  train 1.0995  eval 1.0943  pmax 2.1  (923s)
step 24000  train 1.0908  eval 1.0990  pmax 2.1  (962s)
step 25000  train 1.1325  eval 1.0852  pmax 2.1  (1001s)
step 26000  train 1.0744  eval 1.0931  pmax 2.1  (1041s)
step 27000  train 1.0961  eval 1.1107  pmax 2.1  (1080s)
step 28000  train 1.0505  eval 1.0669  pmax 2.1  (1119s)
step 29000  train 1.1115  eval 1.1081  pmax 2.1  (1159s)
step 30000  train 1.0782  eval 1.0925  pmax 2.1  (1198s)
  [checkpoint + sample saved at step 30000]
step 31000  train 1.0595  eval 1.0689  pmax 2.1  (1238s)
step 32000  train 1.1052  eval 1.0372  pmax 2.1  (1277s)
step 33000  train 1.0996  eval 1.0757  pmax 2.1  (1317s)
step 34000  train 1.0885  eval 1.0864  pmax 2.1  (1356s)
step 35000  train 1.0349  eval 1.1026  pmax 2.1  (1395s)
step 36000  train 1.1001  eval 1.1159  pmax 2.1  (1435s)
step 37000  train 1.0484  eval 1.0769  pmax 2.1  (1474s)
step 38000  train 1.0498  eval 1.0729  pmax 2.1  (1514s)
step 39000  train 1.0844  eval 1.0537  pmax 2.1  (1553s)
step 40000  train 1.1104  eval 1.0505  pmax 2.1  (1592s)
  [checkpoint + sample saved at step 40000]
step 41000  train 1.0666  eval 1.0697  pmax 2.1  (1632s)
step 42000  train 1.0613  eval 1.0687  pmax 2.1  (1672s)
step 43000  train 1.1042  eval 1.0734  pmax 2.1  (1711s)
step 44000  train 1.0591  eval 1.0572  pmax 2.1  (1750s)
step 45000  train 1.0891  eval 1.0545  pmax 2.1  (1790s)
step 46000  train 1.0343  eval 1.0292  pmax 2.1  (1829s)
step 47000  train 1.0333  eval 1.0649  pmax 2.1  (1868s)
step 48000  train 1.0314  eval 1.0429  pmax 2.1  (1908s)
step 49000  train 1.0266  eval 1.0757  pmax 2.1  (1947s)
step 50000  train 1.0878  eval 1.0306  pmax 2.1  (1987s)
  [checkpoint + sample saved at step 50000]
step 51000  train 1.0300  eval 1.0818  pmax 2.1  (2026s)
step 52000  train 1.0289  eval 1.0526  pmax 2.1  (2066s)
step 53000  train 1.0686  eval 1.0938  pmax 2.1  (2105s)
step 54000  train 1.0038  eval 1.0379  pmax 2.1  (2145s)
  [checkpoint + sample saved at step 54000]
done. artifacts in /home/luke/Wavelet-State-KAN/checkpoints/tf_ultrachat_1m_3ep_s2024
