/home/luke/Wavelet-State-KAN/experiments/V1_train_tinystories_lm.py:107: UserWarning: The given buffer is not writable, and PyTorch does not support non-writable tensors. This means you can write to the underlying (supposedly non-writable) buffer using the tensor. You may want to copy the buffer to protect its data or make it writable before converting it to a tensor. This type of warning will be suppressed for the rest of this program. (Triggered internally at /__w/pytorch/pytorch/torch/csrc/utils/tensor_new.cpp:1556.)
  train_ids = torch.frombuffer(train_text.encode("utf-8", errors="ignore"), dtype=torch.uint8)
train bytes: 1,195,926,439  eval bytes: 2,859,070
model: tf  params: 1,049,120  device: cuda
step     1  train 5.6106  eval 5.0892  pmax 1.0  (5s)
step  1000  train 1.5781  eval 1.5563  pmax 1.6  (53s)
step  2000  train 1.3426  eval 1.3143  pmax 1.8  (100s)
step  3000  train 1.2738  eval 1.2680  pmax 1.9  (148s)
step  4000  train 1.1571  eval 1.1882  pmax 1.9  (195s)
step  5000  train 1.2196  eval 1.2214  pmax 1.9  (243s)
step  6000  train 1.1508  eval 1.1610  pmax 2.0  (290s)
step  7000  train 1.1265  eval 1.1982  pmax 2.0  (338s)
step  8000  train 1.1016  eval 1.1489  pmax 2.0  (385s)
step  9000  train 1.1279  eval 1.1441  pmax 2.0  (433s)
step 10000  train 1.1533  eval 1.0938  pmax 2.0  (480s)
  [checkpoint + sample saved at step 10000]
step 11000  train 1.0732  eval 1.1022  pmax 2.0  (529s)
step 12000  train 1.1082  eval 1.0815  pmax 2.0  (576s)
step 13000  train 1.0941  eval 1.1033  pmax 2.0  (624s)
step 14000  train 1.0941  eval 1.1305  pmax 2.0  (671s)
step 15000  train 1.0608  eval 1.0878  pmax 2.0  (719s)
step 16000  train 1.0932  eval 1.0671  pmax 2.0  (766s)
step 17000  train 1.0655  eval 1.0652  pmax 2.0  (814s)
step 18000  train 1.0849  eval 1.1228  pmax 2.0  (861s)
step 19000  train 1.0254  eval 1.0699  pmax 2.0  (909s)
step 20000  train 1.0441  eval 1.0380  pmax 2.0  (956s)
  [checkpoint + sample saved at step 20000]
step 21000  train 1.1116  eval 1.1080  pmax 2.0  (1004s)
step 22000  train 1.0793  eval 1.0844  pmax 2.0  (1052s)
step 23000  train 1.0070  eval 1.0700  pmax 2.0  (1099s)
step 24000  train 1.0507  eval 1.0388  pmax 2.0  (1147s)
step 25000  train 1.0394  eval 1.0501  pmax 2.0  (1194s)
step 26000  train 1.0035  eval 0.9969  pmax 2.0  (1242s)
step 27000  train 1.0414  eval 1.0659  pmax 2.0  (1289s)
step 28000  train 1.0684  eval 1.0745  pmax 2.0  (1337s)
step 29000  train 1.0445  eval 1.0250  pmax 2.1  (1384s)
step 30000  train 1.0617  eval 1.0238  pmax 2.1  (1432s)
  [checkpoint + sample saved at step 30000]
step 31000  train 1.0348  eval 0.9869  pmax 2.1  (1479s)
step 32000  train 1.0732  eval 1.0533  pmax 2.1  (1527s)
step 33000  train 0.9715  eval 1.0091  pmax 2.1  (1574s)
step 34000  train 0.9825  eval 1.0511  pmax 2.1  (1621s)
step 35000  train 1.0443  eval 0.9974  pmax 2.1  (1669s)
step 36000  train 1.0592  eval 1.0489  pmax 2.1  (1716s)
step 37000  train 1.0630  eval 1.0214  pmax 2.1  (1763s)
step 38000  train 0.9959  eval 1.0069  pmax 2.1  (1810s)
step 39000  train 1.0634  eval 1.0262  pmax 2.1  (1858s)
step 40000  train 0.9610  eval 0.9484  pmax 2.1  (1905s)
  [checkpoint + sample saved at step 40000]
step 41000  train 1.0211  eval 1.0211  pmax 2.1  (1953s)
step 42000  train 1.0093  eval 1.0163  pmax 2.1  (2000s)
step 43000  train 1.0588  eval 0.9832  pmax 2.1  (2047s)
step 44000  train 0.9817  eval 0.9591  pmax 2.1  (2095s)
step 45000  train 0.9798  eval 1.0111  pmax 2.1  (2142s)
step 46000  train 1.0067  eval 0.9834  pmax 2.1  (2189s)
step 47000  train 1.0073  eval 1.0123  pmax 2.1  (2237s)
step 48000  train 0.9866  eval 1.0004  pmax 2.1  (2284s)
step 49000  train 1.0035  eval 1.0036  pmax 2.1  (2331s)
step 50000  train 0.9811  eval 0.9891  pmax 2.1  (2379s)
  [checkpoint + sample saved at step 50000]
step 51000  train 1.0757  eval 1.0014  pmax 2.1  (2426s)
step 52000  train 0.9618  eval 1.0210  pmax 2.1  (2474s)
step 53000  train 1.0441  eval 0.9942  pmax 2.1  (2521s)
step 54000  train 0.9773  eval 1.0153  pmax 2.1  (2568s)
  [checkpoint + sample saved at step 54000]
done. artifacts in /home/luke/Wavelet-State-KAN/checkpoints/tf_ultrachat_1m_3ep_s42
