/home/luke/Wavelet-State-KAN/experiments/V1_train_tinystories_lm.py:107: UserWarning: The given buffer is not writable, and PyTorch does not support non-writable tensors. This means you can write to the underlying (supposedly non-writable) buffer using the tensor. You may want to copy the buffer to protect its data or make it writable before converting it to a tensor. This type of warning will be suppressed for the rest of this program. (Triggered internally at /__w/pytorch/pytorch/torch/csrc/utils/tensor_new.cpp:1556.)
  train_ids = torch.frombuffer(train_text.encode("utf-8", errors="ignore"), dtype=torch.uint8)
train bytes: 542,898,247  eval bytes: 130,357
model: tf  params: 2,284  device: cuda
step     1  train 5.5483  eval 5.5440  pmax 1.0  (1s)
step  1000  train 2.6847  eval 2.6697  pmax 2.5  (10s)
step  2000  train 2.6414  eval 2.6625  pmax 2.6  (19s)
step  3000  train 2.6371  eval 2.6490  pmax 2.6  (28s)
step  4000  train 2.6292  eval 2.6422  pmax 2.8  (36s)
step  5000  train 2.6232  eval 2.6125  pmax 3.0  (46s)
step  6000  train 2.6526  eval 2.6404  pmax 3.1  (54s)
step  7000  train 2.6228  eval 2.6538  pmax 3.4  (63s)
step  8000  train 2.6137  eval 2.6330  pmax 3.6  (72s)
step  9000  train 2.6049  eval 2.6253  pmax 3.8  (81s)
step 10000  train 2.6158  eval 2.6246  pmax 3.9  (90s)
step 11000  train 2.6141  eval 2.6612  pmax 4.0  (99s)
step 12000  train 2.6358  eval 2.6383  pmax 4.1  (108s)
step 13000  train 2.6091  eval 2.6425  pmax 4.1  (117s)
step 14000  train 2.6120  eval 2.6389  pmax 4.1  (126s)
step 15000  train 2.5954  eval 2.6301  pmax 4.2  (134s)
step 16000  train 2.6305  eval 2.6442  pmax 4.2  (144s)
step 17000  train 2.6198  eval 2.6236  pmax 4.2  (153s)
step 18000  train 2.6203  eval 2.6267  pmax 4.2  (162s)
step 19000  train 2.6017  eval 2.6503  pmax 4.2  (171s)
step 20000  train 2.6120  eval 2.6198  pmax 4.2  (180s)
step 21000  train 2.6327  eval 2.6010  pmax 4.2  (189s)
step 22000  train 2.6068  eval 2.6058  pmax 4.2  (197s)
step 23000  train 2.6193  eval 2.6228  pmax 4.2  (207s)
step 24000  train 2.6065  eval 2.6276  pmax 4.2  (216s)
step 25000  train 2.6165  eval 2.6222  pmax 4.2  (225s)
  [checkpoint + sample saved at step 25000]
step 26000  train 2.6168  eval 2.6342  pmax 4.3  (235s)
step 27000  train 2.6208  eval 2.6448  pmax 4.3  (244s)
step 28000  train 2.5983  eval 2.5962  pmax 4.3  (253s)
step 29000  train 2.6233  eval 2.6377  pmax 4.3  (262s)
step 30000  train 2.6300  eval 2.5969  pmax 4.3  (271s)
step 31000  train 2.6191  eval 2.6141  pmax 4.4  (280s)
step 32000  train 2.6066  eval 2.6498  pmax 4.4  (289s)
step 33000  train 2.6068  eval 2.6148  pmax 4.4  (298s)
  [checkpoint + sample saved at step 33000]
done. artifacts in /home/luke/Wavelet-State-KAN/checkpoints/tf_wikitext_1k_3ep_s7
