/home/luke/Wavelet-State-KAN/experiments/V1_train_tinystories_lm.py:107: UserWarning: The given buffer is not writable, and PyTorch does not support non-writable tensors. This means you can write to the underlying (supposedly non-writable) buffer using the tensor. You may want to copy the buffer to protect its data or make it writable before converting it to a tensor. This type of warning will be suppressed for the rest of this program. (Triggered internally at /__w/pytorch/pytorch/torch/csrc/utils/tensor_new.cpp:1556.)
  train_ids = torch.frombuffer(train_text.encode("utf-8", errors="ignore"), dtype=torch.uint8)
train bytes: 542,898,247  eval bytes: 130,357
model: tf  params: 9,840  device: cuda
step     1  train 5.5240  eval 5.4629  pmax 1.0  (1s)
step  1000  train 2.4576  eval 2.4605  pmax 2.3  (14s)
step  2000  train 2.2851  eval 2.2808  pmax 2.4  (27s)
step  3000  train 2.2136  eval 2.2489  pmax 2.6  (39s)
step  4000  train 2.1892  eval 2.2083  pmax 2.8  (53s)
step  5000  train 2.1810  eval 2.2146  pmax 2.9  (65s)
step  6000  train 2.1642  eval 2.1769  pmax 3.0  (79s)
step  7000  train 2.1852  eval 2.1643  pmax 3.1  (92s)
step  8000  train 2.1570  eval 2.1513  pmax 3.2  (104s)
step  9000  train 2.1666  eval 2.1533  pmax 3.3  (118s)
step 10000  train 2.1403  eval 2.1314  pmax 3.3  (131s)
step 11000  train 2.1593  eval 2.1342  pmax 3.4  (144s)
step 12000  train 2.1397  eval 2.1329  pmax 3.5  (157s)
step 13000  train 2.1430  eval 2.1451  pmax 3.6  (170s)
step 14000  train 2.1480  eval 2.1603  pmax 3.6  (183s)
step 15000  train 2.1496  eval 2.1269  pmax 3.7  (196s)
step 16000  train 2.1160  eval 2.1525  pmax 3.7  (209s)
step 17000  train 2.1281  eval 2.1162  pmax 3.7  (221s)
step 18000  train 2.1260  eval 2.1466  pmax 3.8  (234s)
step 19000  train 2.0994  eval 2.1305  pmax 3.8  (247s)
step 20000  train 2.1287  eval 2.0944  pmax 3.8  (260s)
step 21000  train 2.0961  eval 2.1040  pmax 3.8  (273s)
step 22000  train 2.1019  eval 2.1055  pmax 3.9  (285s)
step 23000  train 2.1185  eval 2.1544  pmax 3.9  (299s)
step 24000  train 2.1254  eval 2.1211  pmax 3.9  (311s)
step 25000  train 2.1096  eval 2.1125  pmax 3.9  (324s)
  [checkpoint + sample saved at step 25000]
step 26000  train 2.1190  eval 2.1380  pmax 4.0  (338s)
step 27000  train 2.0906  eval 2.1304  pmax 4.0  (351s)
step 28000  train 2.0853  eval 2.1043  pmax 4.0  (364s)
step 29000  train 2.1219  eval 2.0737  pmax 4.0  (377s)
step 30000  train 2.0838  eval 2.1121  pmax 4.1  (390s)
step 31000  train 2.0960  eval 2.1190  pmax 4.1  (403s)
step 32000  train 2.1131  eval 2.0706  pmax 4.1  (416s)
step 33000  train 2.0819  eval 2.0992  pmax 4.1  (429s)
step 34000  train 2.1121  eval 2.1214  pmax 4.1  (441s)
step 35000  train 2.0890  eval 2.0821  pmax 4.1  (455s)
step 36000  train 2.0832  eval 2.0989  pmax 4.2  (467s)
step 37000  train 2.0800  eval 2.0954  pmax 4.2  (480s)
step 38000  train 2.0951  eval 2.0860  pmax 4.2  (493s)
step 39000  train 2.0897  eval 2.0780  pmax 4.2  (506s)
step 40000  train 2.1078  eval 2.0824  pmax 4.2  (519s)
step 41000  train 2.0610  eval 2.0911  pmax 4.2  (532s)
step 42000  train 2.0840  eval 2.0827  pmax 4.2  (545s)
step 43000  train 2.0807  eval 2.1208  pmax 4.2  (558s)
step 44000  train 2.0316  eval 2.0622  pmax 4.2  (571s)
step 45000  train 2.0726  eval 2.1030  pmax 4.2  (584s)
step 46000  train 2.0819  eval 2.0987  pmax 4.2  (597s)
step 47000  train 2.0559  eval 2.0831  pmax 4.2  (610s)
step 48000  train 2.0807  eval 2.0677  pmax 4.2  (623s)
step 49000  train 2.0786  eval 2.0925  pmax 4.2  (636s)
step 50000  train 2.0876  eval 2.0816  pmax 4.2  (649s)
  [checkpoint + sample saved at step 50000]
done. artifacts in /home/luke/Wavelet-State-KAN/checkpoints/tf_wikitext_10k_3ep_s2024
