/home/luke/Wavelet-State-KAN/experiments/V1_train_tinystories_lm.py:107: UserWarning: The given buffer is not writable, and PyTorch does not support non-writable tensors. This means you can write to the underlying (supposedly non-writable) buffer using the tensor. You may want to copy the buffer to protect its data or make it writable before converting it to a tensor. This type of warning will be suppressed for the rest of this program. (Triggered internally at /__w/pytorch/pytorch/torch/csrc/utils/tensor_new.cpp:1556.)
  train_ids = torch.frombuffer(train_text.encode("utf-8", errors="ignore"), dtype=torch.uint8)
train bytes: 542,898,247  eval bytes: 130,357
model: tf  params: 9,840  device: cuda
step     1  train 5.5326  eval 5.4913  pmax 1.0  (1s)
step  1000  train 2.4204  eval 2.4583  pmax 2.3  (13s)
step  2000  train 2.2964  eval 2.2727  pmax 2.8  (26s)
step  3000  train 2.2152  eval 2.2440  pmax 3.1  (38s)
step  4000  train 2.1910  eval 2.2164  pmax 3.3  (51s)
step  5000  train 2.1993  eval 2.2064  pmax 3.4  (64s)
step  6000  train 2.1835  eval 2.1829  pmax 3.4  (76s)
step  7000  train 2.1853  eval 2.2046  pmax 3.5  (88s)
step  8000  train 2.1702  eval 2.1742  pmax 3.5  (101s)
step  9000  train 2.1504  eval 2.2008  pmax 3.5  (113s)
step 10000  train 2.1845  eval 2.1250  pmax 3.6  (125s)
step 11000  train 2.1361  eval 2.1133  pmax 3.6  (138s)
step 12000  train 2.1436  eval 2.1595  pmax 3.6  (150s)
step 13000  train 2.1646  eval 2.1651  pmax 3.6  (163s)
step 14000  train 2.1340  eval 2.1479  pmax 3.6  (175s)
step 15000  train 2.1583  eval 2.1450  pmax 3.7  (187s)
step 16000  train 2.1407  eval 2.1270  pmax 3.7  (199s)
step 17000  train 2.1300  eval 2.1383  pmax 3.7  (212s)
step 18000  train 2.1516  eval 2.1331  pmax 3.7  (224s)
step 19000  train 2.1399  eval 2.1093  pmax 3.7  (237s)
step 20000  train 2.1466  eval 2.1369  pmax 3.8  (249s)
step 21000  train 2.1119  eval 2.1205  pmax 3.8  (262s)
step 22000  train 2.1087  eval 2.1323  pmax 3.8  (274s)
step 23000  train 2.1315  eval 2.1125  pmax 3.9  (287s)
step 24000  train 2.1031  eval 2.1244  pmax 3.9  (299s)
step 25000  train 2.1058  eval 2.1388  pmax 3.9  (311s)
  [checkpoint + sample saved at step 25000]
step 26000  train 2.1061  eval 2.1368  pmax 4.0  (324s)
step 27000  train 2.1110  eval 2.0850  pmax 4.0  (337s)
step 28000  train 2.0827  eval 2.1253  pmax 4.0  (349s)
step 29000  train 2.1195  eval 2.1226  pmax 4.1  (362s)
step 30000  train 2.1455  eval 2.1050  pmax 4.1  (374s)
step 31000  train 2.0988  eval 2.1178  pmax 4.1  (387s)
step 32000  train 2.1155  eval 2.0886  pmax 4.2  (399s)
step 33000  train 2.0970  eval 2.1349  pmax 4.2  (411s)
step 34000  train 2.1356  eval 2.1046  pmax 4.2  (424s)
step 35000  train 2.1149  eval 2.1312  pmax 4.3  (436s)
step 36000  train 2.0846  eval 2.1051  pmax 4.3  (449s)
step 37000  train 2.0940  eval 2.0967  pmax 4.3  (461s)
step 38000  train 2.0981  eval 2.1286  pmax 4.3  (474s)
step 39000  train 2.0983  eval 2.0744  pmax 4.3  (486s)
step 40000  train 2.0988  eval 2.1263  pmax 4.3  (498s)
step 41000  train 2.0991  eval 2.1030  pmax 4.3  (511s)
step 42000  train 2.0930  eval 2.0859  pmax 4.4  (523s)
step 43000  train 2.1006  eval 2.1098  pmax 4.4  (536s)
step 44000  train 2.0947  eval 2.1115  pmax 4.4  (548s)
step 45000  train 2.1119  eval 2.0952  pmax 4.4  (561s)
step 46000  train 2.0937  eval 2.0722  pmax 4.4  (573s)
step 47000  train 2.0937  eval 2.0891  pmax 4.4  (586s)
step 48000  train 2.1213  eval 2.1097  pmax 4.4  (598s)
step 49000  train 2.1017  eval 2.0583  pmax 4.4  (611s)
step 50000  train 2.0861  eval 2.0809  pmax 4.4  (623s)
  [checkpoint + sample saved at step 50000]
done. artifacts in /home/luke/Wavelet-State-KAN/checkpoints/tf_wikitext_10k_3ep_s31337
