/home/luke/Wavelet-State-KAN/experiments/V1_train_tinystories_lm.py:107: UserWarning: The given buffer is not writable, and PyTorch does not support non-writable tensors. This means you can write to the underlying (supposedly non-writable) buffer using the tensor. You may want to copy the buffer to protect its data or make it writable before converting it to a tensor. This type of warning will be suppressed for the rest of this program. (Triggered internally at /__w/pytorch/pytorch/torch/csrc/utils/tensor_new.cpp:1556.)
  train_ids = torch.frombuffer(train_text.encode("utf-8", errors="ignore"), dtype=torch.uint8)
train bytes: 542,898,247  eval bytes: 130,357
model: tf  params: 9,880,192  device: cuda
W0914 08:28:41.765000 652584 .venv/lib/python3.12/site-packages/torch/_inductor/utils.py:1806] [0/0] Not enough SMs to use max_autotune_gemm mode
step     1  train 5.6625  eval 4.3355  pmax 1.0  (17s)
step  1000  train 1.4004  eval 1.3574  pmax 1.3  (131s)
step  2000  train 1.2422  eval 1.2376  pmax 1.5  (245s)
step  3000  train 1.1870  eval 1.1993  pmax 1.6  (358s)
step  4000  train 1.1493  eval 1.1720  pmax 1.6  (472s)
step  5000  train 1.1031  eval 1.1565  pmax 1.6  (586s)
  [checkpoint + sample saved at step 5000]
step  6000  train 1.1725  eval 1.1097  pmax 1.5  (701s)
step  7000  train 1.1117  eval 1.0847  pmax 1.5  (815s)
step  8000  train 1.1081  eval 1.0685  pmax 1.6  (929s)
step  9000  train 1.0693  eval 1.0626  pmax 1.7  (1043s)
step 10000  train 1.0284  eval 1.0901  pmax 1.8  (1157s)
  [checkpoint + sample saved at step 10000]
step 11000  train 1.0515  eval 1.0332  pmax 1.9  (1271s)
step 12000  train 1.0334  eval 1.0430  pmax 2.0  (1385s)
step 13000  train 1.0244  eval 1.0560  pmax 2.1  (1499s)
step 14000  train 1.0436  eval 1.0047  pmax 2.1  (1613s)
step 15000  train 0.9972  eval 1.0549  pmax 2.2  (1727s)
  [checkpoint + sample saved at step 15000]
step 16000  train 1.0441  eval 1.0350  pmax 2.2  (1841s)
step 17000  train 0.9971  eval 0.9942  pmax 2.3  (1955s)
step 18000  train 0.9923  eval 1.0030  pmax 2.3  (2069s)
step 19000  train 1.0282  eval 0.9900  pmax 2.3  (2183s)
step 20000  train 0.9910  eval 1.0024  pmax 2.3  (2297s)
  [checkpoint + sample saved at step 20000]
step 21000  train 1.0285  eval 0.9901  pmax 2.3  (2411s)
step 22000  train 0.9738  eval 0.9618  pmax 2.3  (2525s)
step 23000  train 1.0081  eval 0.9690  pmax 2.4  (2639s)
step 24000  train 0.9968  eval 1.0002  pmax 2.4  (2753s)
step 25000  train 0.9562  eval 0.9514  pmax 2.4  (2867s)
  [checkpoint + sample saved at step 25000]
step 26000  train 0.9797  eval 0.9778  pmax 2.4  (2981s)
step 27000  train 0.9901  eval 0.9942  pmax 2.4  (3095s)
step 28000  train 1.0036  eval 0.9682  pmax 2.4  (3209s)
step 29000  train 0.9630  eval 0.9383  pmax 2.3  (3323s)
step 30000  train 0.9204  eval 0.9573  pmax 2.3  (3437s)
  [checkpoint + sample saved at step 30000]
step 31000  train 0.9521  eval 0.9757  pmax 2.3  (3551s)
step 32000  train 0.9695  eval 0.9633  pmax 2.3  (3665s)
step 33000  train 0.9553  eval 0.9744  pmax 2.3  (3779s)
  [checkpoint + sample saved at step 33000]
done. artifacts in /home/luke/Wavelet-State-KAN/checkpoints/tf_wikitext_10m_3ep_s123
