/home/luke/Wavelet-State-KAN/experiments/V1_train_tinystories_lm.py:107: UserWarning: The given buffer is not writable, and PyTorch does not support non-writable tensors. This means you can write to the underlying (supposedly non-writable) buffer using the tensor. You may want to copy the buffer to protect its data or make it writable before converting it to a tensor. This type of warning will be suppressed for the rest of this program. (Triggered internally at /__w/pytorch/pytorch/torch/csrc/utils/tensor_new.cpp:1556.)
  train_ids = torch.frombuffer(train_text.encode("utf-8", errors="ignore"), dtype=torch.uint8)
train bytes: 542,898,247  eval bytes: 130,357
model: tf  params: 2,284  device: cuda
step     1  train 5.5549  eval 5.5446  pmax 1.0  (1s)
step  1000  train 2.7809  eval 2.7778  pmax 2.1  (9s)
step  2000  train 2.7341  eval 2.7384  pmax 2.5  (18s)
step  3000  train 2.6694  eval 2.6619  pmax 3.6  (27s)
step  4000  train 2.6538  eval 2.6544  pmax 4.0  (35s)
step  5000  train 2.6248  eval 2.6481  pmax 4.3  (44s)
step  6000  train 2.6688  eval 2.6622  pmax 4.5  (52s)
step  7000  train 2.6539  eval 2.6418  pmax 4.7  (61s)
step  8000  train 2.6202  eval 2.6219  pmax 4.8  (69s)
step  9000  train 2.6542  eval 2.6526  pmax 5.0  (78s)
step 10000  train 2.6495  eval 2.6602  pmax 5.1  (86s)
step 11000  train 2.6351  eval 2.6244  pmax 5.2  (95s)
step 12000  train 2.6013  eval 2.6288  pmax 5.3  (104s)
step 13000  train 2.6354  eval 2.6351  pmax 5.4  (112s)
step 14000  train 2.6451  eval 2.6138  pmax 5.5  (121s)
step 15000  train 2.6205  eval 2.6392  pmax 5.7  (129s)
step 16000  train 2.6241  eval 2.6232  pmax 5.7  (138s)
step 17000  train 2.6269  eval 2.6717  pmax 5.8  (146s)
step 18000  train 2.6095  eval 2.6250  pmax 5.9  (155s)
step 19000  train 2.6329  eval 2.6444  pmax 6.1  (163s)
step 20000  train 2.6132  eval 2.6351  pmax 6.1  (172s)
step 21000  train 2.6055  eval 2.6342  pmax 6.2  (181s)
step 22000  train 2.6084  eval 2.6549  pmax 6.3  (189s)
step 23000  train 2.6036  eval 2.6182  pmax 6.4  (198s)
step 24000  train 2.6356  eval 2.6315  pmax 6.4  (207s)
step 25000  train 2.6231  eval 2.6233  pmax 6.5  (215s)
  [checkpoint + sample saved at step 25000]
step 26000  train 2.5762  eval 2.6219  pmax 6.5  (224s)
step 27000  train 2.6124  eval 2.6078  pmax 6.6  (233s)
step 28000  train 2.6283  eval 2.6299  pmax 6.6  (241s)
step 29000  train 2.6046  eval 2.6373  pmax 6.6  (250s)
step 30000  train 2.6451  eval 2.6378  pmax 6.6  (258s)
step 31000  train 2.6213  eval 2.6305  pmax 6.6  (267s)
step 32000  train 2.6254  eval 2.6528  pmax 6.6  (276s)
step 33000  train 2.6179  eval 2.6231  pmax 6.6  (284s)
  [checkpoint + sample saved at step 33000]
done. artifacts in /home/luke/Wavelet-State-KAN/checkpoints/tf_wikitext_1k_3ep_s42
