/home/luke/Wavelet-State-KAN/experiments/V1_train_tinystories_lm.py:107: UserWarning: The given buffer is not writable, and PyTorch does not support non-writable tensors. This means you can write to the underlying (supposedly non-writable) buffer using the tensor. You may want to copy the buffer to protect its data or make it writable before converting it to a tensor. This type of warning will be suppressed for the rest of this program. (Triggered internally at /__w/pytorch/pytorch/torch/csrc/utils/tensor_new.cpp:1556.)
  train_ids = torch.frombuffer(train_text.encode("utf-8", errors="ignore"), dtype=torch.uint8)
train bytes: 542,898,247  eval bytes: 130,357
model: tf  params: 9,840  device: cuda
step     1  train 5.5366  eval 5.4619  pmax 1.0  (1s)
step  1000  train 2.4705  eval 2.4757  pmax 2.2  (12s)
step  2000  train 2.3015  eval 2.2906  pmax 2.4  (24s)
step  3000  train 2.2353  eval 2.2200  pmax 2.6  (36s)
step  4000  train 2.2203  eval 2.2158  pmax 2.6  (49s)
step  5000  train 2.1697  eval 2.1842  pmax 2.6  (61s)
step  6000  train 2.2129  eval 2.1932  pmax 2.7  (73s)
step  7000  train 2.2248  eval 2.1756  pmax 2.7  (85s)
step  8000  train 2.1590  eval 2.1593  pmax 2.8  (97s)
step  9000  train 2.1929  eval 2.1690  pmax 2.9  (109s)
step 10000  train 2.1954  eval 2.1924  pmax 2.9  (121s)
step 11000  train 2.1540  eval 2.1530  pmax 3.0  (133s)
step 12000  train 2.1374  eval 2.1311  pmax 3.0  (145s)
step 13000  train 2.1676  eval 2.1352  pmax 3.0  (157s)
step 14000  train 2.1698  eval 2.1276  pmax 3.0  (169s)
step 15000  train 2.1606  eval 2.1600  pmax 3.1  (181s)
step 16000  train 2.1492  eval 2.1423  pmax 3.2  (193s)
step 17000  train 2.1387  eval 2.1806  pmax 3.3  (205s)
step 18000  train 2.1220  eval 2.1545  pmax 3.4  (217s)
step 19000  train 2.1379  eval 2.1420  pmax 3.5  (229s)
step 20000  train 2.1349  eval 2.1517  pmax 3.6  (241s)
step 21000  train 2.0903  eval 2.1209  pmax 3.7  (253s)
step 22000  train 2.1162  eval 2.1385  pmax 3.8  (265s)
step 23000  train 2.1041  eval 2.1179  pmax 3.8  (277s)
step 24000  train 2.1298  eval 2.1235  pmax 3.9  (289s)
step 25000  train 2.1164  eval 2.1306  pmax 4.0  (301s)
  [checkpoint + sample saved at step 25000]
step 26000  train 2.1012  eval 2.0973  pmax 4.0  (313s)
step 27000  train 2.1013  eval 2.0979  pmax 4.1  (324s)
step 28000  train 2.1259  eval 2.1188  pmax 4.2  (337s)
step 29000  train 2.0987  eval 2.1113  pmax 4.2  (349s)
step 30000  train 2.1614  eval 2.1177  pmax 4.3  (361s)
step 31000  train 2.0922  eval 2.1162  pmax 4.3  (373s)
step 32000  train 2.1105  eval 2.1246  pmax 4.4  (385s)
step 33000  train 2.1064  eval 2.0930  pmax 4.4  (397s)
step 34000  train 2.1085  eval 2.0788  pmax 4.4  (409s)
step 35000  train 2.0871  eval 2.0645  pmax 4.4  (421s)
step 36000  train 2.0888  eval 2.0921  pmax 4.5  (434s)
step 37000  train 2.0994  eval 2.0918  pmax 4.5  (446s)
step 38000  train 2.0907  eval 2.0766  pmax 4.5  (458s)
step 39000  train 2.1120  eval 2.1047  pmax 4.5  (470s)
step 40000  train 2.1420  eval 2.1354  pmax 4.5  (482s)
step 41000  train 2.1280  eval 2.1242  pmax 4.5  (494s)
step 42000  train 2.0941  eval 2.0916  pmax 4.6  (506s)
step 43000  train 2.0880  eval 2.0803  pmax 4.6  (518s)
step 44000  train 2.0671  eval 2.0914  pmax 4.6  (530s)
step 45000  train 2.1253  eval 2.0715  pmax 4.6  (542s)
step 46000  train 2.0989  eval 2.0977  pmax 4.6  (554s)
step 47000  train 2.0920  eval 2.0803  pmax 4.6  (566s)
step 48000  train 2.0899  eval 2.1179  pmax 4.6  (578s)
step 49000  train 2.0577  eval 2.0696  pmax 4.6  (590s)
step 50000  train 2.1177  eval 2.0789  pmax 4.6  (602s)
  [checkpoint + sample saved at step 50000]
done. artifacts in /home/luke/Wavelet-State-KAN/checkpoints/tf_wikitext_10k_3ep_s42
