/home/luke/Wavelet-State-KAN/experiments/V1_train_tinystories_lm.py:107: UserWarning: The given buffer is not writable, and PyTorch does not support non-writable tensors. This means you can write to the underlying (supposedly non-writable) buffer using the tensor. You may want to copy the buffer to protect its data or make it writable before converting it to a tensor. This type of warning will be suppressed for the rest of this program. (Triggered internally at /__w/pytorch/pytorch/torch/csrc/utils/tensor_new.cpp:1556.)
  train_ids = torch.frombuffer(train_text.encode("utf-8", errors="ignore"), dtype=torch.uint8)
train bytes: 542,898,247  eval bytes: 130,357
model: tf  params: 2,284  device: cuda
step     1  train 5.5477  eval 5.5259  pmax 1.0  (1s)
step  1000  train 2.7317  eval 2.7528  pmax 2.1  (9s)
step  2000  train 2.6761  eval 2.6670  pmax 2.7  (18s)
step  3000  train 2.6121  eval 2.6286  pmax 3.1  (27s)
step  4000  train 2.5935  eval 2.6090  pmax 3.3  (35s)
step  5000  train 2.6180  eval 2.6300  pmax 3.7  (43s)
step  6000  train 2.5978  eval 2.5957  pmax 4.0  (52s)
step  7000  train 2.5971  eval 2.6299  pmax 4.3  (60s)
step  8000  train 2.5964  eval 2.6230  pmax 4.4  (69s)
step  9000  train 2.5862  eval 2.6309  pmax 4.6  (77s)
step 10000  train 2.6443  eval 2.6021  pmax 4.6  (86s)
step 11000  train 2.5882  eval 2.5872  pmax 4.7  (94s)
step 12000  train 2.5888  eval 2.6237  pmax 4.7  (102s)
step 13000  train 2.6264  eval 2.6276  pmax 4.8  (111s)
step 14000  train 2.5931  eval 2.6059  pmax 5.2  (119s)
step 15000  train 2.6242  eval 2.6082  pmax 5.4  (128s)
step 16000  train 2.6104  eval 2.6066  pmax 5.6  (137s)
step 17000  train 2.5870  eval 2.6255  pmax 5.8  (145s)
step 18000  train 2.6243  eval 2.6094  pmax 5.9  (154s)
step 19000  train 2.6054  eval 2.5890  pmax 6.0  (162s)
step 20000  train 2.6114  eval 2.6148  pmax 6.1  (170s)
step 21000  train 2.5739  eval 2.6035  pmax 6.1  (179s)
step 22000  train 2.5846  eval 2.6082  pmax 6.1  (187s)
step 23000  train 2.6129  eval 2.5998  pmax 6.2  (196s)
step 24000  train 2.5736  eval 2.6061  pmax 6.3  (205s)
step 25000  train 2.5849  eval 2.6309  pmax 6.3  (213s)
  [checkpoint + sample saved at step 25000]
step 26000  train 2.5923  eval 2.6370  pmax 6.4  (222s)
step 27000  train 2.5764  eval 2.5671  pmax 6.4  (230s)
step 28000  train 2.5662  eval 2.6061  pmax 6.4  (239s)
step 29000  train 2.5903  eval 2.6149  pmax 6.4  (247s)
step 30000  train 2.6021  eval 2.6128  pmax 6.4  (256s)
step 31000  train 2.5904  eval 2.6243  pmax 6.4  (265s)
step 32000  train 2.5941  eval 2.5899  pmax 6.4  (273s)
step 33000  train 2.5871  eval 2.6356  pmax 6.4  (282s)
  [checkpoint + sample saved at step 33000]
done. artifacts in /home/luke/Wavelet-State-KAN/checkpoints/tf_wikitext_1k_3ep_s31337
