/home/luke/Wavelet-State-KAN/experiments/V1_train_tinystories_lm.py:107: UserWarning: The given buffer is not writable, and PyTorch does not support non-writable tensors. This means you can write to the underlying (supposedly non-writable) buffer using the tensor. You may want to copy the buffer to protect its data or make it writable before converting it to a tensor. This type of warning will be suppressed for the rest of this program. (Triggered internally at /__w/pytorch/pytorch/torch/csrc/utils/tensor_new.cpp:1556.)
  train_ids = torch.frombuffer(train_text.encode("utf-8", errors="ignore"), dtype=torch.uint8)
train bytes: 542,898,247  eval bytes: 130,357
model: tf  params: 1,008,160  device: cuda
W0917 11:28:31.281000 1488900 .venv/lib/python3.12/site-packages/torch/_inductor/utils.py:1806] [0/0] Not enough SMs to use max_autotune_gemm mode
step     1  train 5.5594  eval 4.9904  pmax 1.0  (16s)
step  1000  train 1.7204  eval 1.7041  pmax 1.5  (38s)
step  2000  train 1.5567  eval 1.5540  pmax 1.6  (60s)
step  3000  train 1.4666  eval 1.4427  pmax 1.7  (82s)
step  4000  train 1.4274  eval 1.3841  pmax 1.7  (104s)
step  5000  train 1.3702  eval 1.3761  pmax 1.8  (127s)
step  6000  train 1.4012  eval 1.3658  pmax 1.8  (149s)
step  7000  train 1.4055  eval 1.3302  pmax 1.8  (172s)
step  8000  train 1.3529  eval 1.3312  pmax 1.8  (194s)
step  9000  train 1.3414  eval 1.3214  pmax 1.9  (216s)
step 10000  train 1.3104  eval 1.2996  pmax 1.9  (239s)
  [checkpoint + sample saved at step 10000]
step 11000  train 1.3305  eval 1.3494  pmax 1.9  (262s)
step 12000  train 1.2642  eval 1.2927  pmax 1.9  (284s)
step 13000  train 1.2463  eval 1.3059  pmax 1.9  (307s)
step 14000  train 1.2919  eval 1.3136  pmax 1.9  (329s)
step 15000  train 1.2674  eval 1.2953  pmax 2.0  (351s)
step 16000  train 1.2446  eval 1.2501  pmax 2.0  (373s)
step 17000  train 1.3229  eval 1.2923  pmax 2.0  (395s)
step 18000  train 1.2390  eval 1.2844  pmax 2.0  (418s)
step 19000  train 1.2515  eval 1.2816  pmax 2.0  (440s)
step 20000  train 1.2488  eval 1.2340  pmax 2.0  (462s)
  [checkpoint + sample saved at step 20000]
step 21000  train 1.2845  eval 1.2151  pmax 2.0  (485s)
step 22000  train 1.2948  eval 1.2351  pmax 2.1  (507s)
step 23000  train 1.2732  eval 1.2360  pmax 2.1  (529s)
step 24000  train 1.2895  eval 1.2079  pmax 2.2  (551s)
step 25000  train 1.2410  eval 1.2231  pmax 2.2  (574s)
step 26000  train 1.2243  eval 1.2222  pmax 2.2  (596s)
step 27000  train 1.2762  eval 1.2827  pmax 2.3  (618s)
step 28000  train 1.2271  eval 1.2341  pmax 2.3  (640s)
step 29000  train 1.2421  eval 1.2100  pmax 2.3  (662s)
step 30000  train 1.2163  eval 1.2165  pmax 2.4  (685s)
  [checkpoint + sample saved at step 30000]
step 31000  train 1.2530  eval 1.2357  pmax 2.4  (707s)
step 32000  train 1.2101  eval 1.1998  pmax 2.4  (729s)
step 33000  train 1.2162  eval 1.2197  pmax 2.4  (752s)
step 34000  train 1.2667  eval 1.2757  pmax 2.4  (774s)
step 35000  train 1.2646  eval 1.2136  pmax 2.5  (796s)
step 36000  train 1.1833  eval 1.1892  pmax 2.5  (819s)
step 37000  train 1.1798  eval 1.2420  pmax 2.5  (841s)
step 38000  train 1.2205  eval 1.1923  pmax 2.5  (863s)
step 39000  train 1.1910  eval 1.2025  pmax 2.5  (886s)
step 40000  train 1.2332  eval 1.1649  pmax 2.5  (908s)
  [checkpoint + sample saved at step 40000]
step 41000  train 1.2260  eval 1.1772  pmax 2.5  (930s)
step 42000  train 1.2274  eval 1.2237  pmax 2.6  (953s)
step 43000  train 1.1944  eval 1.1937  pmax 2.6  (975s)
step 44000  train 1.2103  eval 1.2194  pmax 2.6  (997s)
step 45000  train 1.2199  eval 1.1906  pmax 2.6  (1019s)
step 46000  train 1.1897  eval 1.1754  pmax 2.6  (1042s)
step 47000  train 1.2110  eval 1.2156  pmax 2.6  (1064s)
step 48000  train 1.1464  eval 1.2079  pmax 2.6  (1087s)
step 49000  train 1.2054  eval 1.1905  pmax 2.6  (1109s)
step 50000  train 1.1828  eval 1.1603  pmax 2.6  (1132s)
  [checkpoint + sample saved at step 50000]
step 51000  train 1.2070  eval 1.1924  pmax 2.6  (1154s)
step 52000  train 1.2170  eval 1.1710  pmax 2.6  (1176s)
step 53000  train 1.1596  eval 1.1412  pmax 2.6  (1199s)
step 54000  train 1.2098  eval 1.1484  pmax 2.6  (1221s)
step 55000  train 1.1833  eval 1.1732  pmax 2.6  (1244s)
step 56000  train 1.1904  eval 1.1780  pmax 2.6  (1266s)
step 57000  train 1.1760  eval 1.1934  pmax 2.6  (1288s)
step 58000  train 1.1892  eval 1.1895  pmax 2.6  (1311s)
step 59000  train 1.2084  eval 1.2083  pmax 2.6  (1333s)
step 60000  train 1.1618  eval 1.1592  pmax 2.6  (1356s)
  [checkpoint + sample saved at step 60000]
step 61000  train 1.1637  eval 1.2419  pmax 2.6  (1378s)
step 62000  train 1.1739  eval 1.1931  pmax 2.6  (1401s)
step 63000  train 1.2153  eval 1.1803  pmax 2.6  (1423s)
step 64000  train 1.2003  eval 1.1793  pmax 2.6  (1445s)
step 65000  train 1.1821  eval 1.1955  pmax 2.6  (1468s)
step 66000  train 1.1868  eval 1.1994  pmax 2.6  (1490s)
  [checkpoint + sample saved at step 66000]
done. artifacts in /home/luke/Wavelet-State-KAN/checkpoints/tf_wikitext_1m_3ep_s42
