/home/luke/Wavelet-State-KAN/experiments/V1_train_tinystories_lm.py:107: UserWarning: The given buffer is not writable, and PyTorch does not support non-writable tensors. This means you can write to the underlying (supposedly non-writable) buffer using the tensor. You may want to copy the buffer to protect its data or make it writable before converting it to a tensor. This type of warning will be suppressed for the rest of this program. (Triggered internally at /__w/pytorch/pytorch/torch/csrc/utils/tensor_new.cpp:1556.)
  train_ids = torch.frombuffer(train_text.encode("utf-8", errors="ignore"), dtype=torch.uint8)
train bytes: 542,898,247  eval bytes: 130,357
model: tf  params: 1,008,160  device: cuda
W0918 01:19:47.960000 1628988 .venv/lib/python3.12/site-packages/torch/_inductor/utils.py:1806] [0/0] Not enough SMs to use max_autotune_gemm mode
step     1  train 5.6296  eval 5.0622  pmax 1.0  (14s)
step  1000  train 1.5601  eval 1.5179  pmax 1.5  (31s)
step  2000  train 1.3952  eval 1.3899  pmax 1.6  (47s)
step  3000  train 1.3478  eval 1.3379  pmax 1.7  (64s)
step  4000  train 1.3290  eval 1.3249  pmax 1.7  (81s)
step  5000  train 1.2905  eval 1.2766  pmax 1.8  (97s)
step  6000  train 1.3047  eval 1.3404  pmax 1.8  (114s)
step  7000  train 1.2548  eval 1.2432  pmax 1.8  (130s)
step  8000  train 1.2847  eval 1.2721  pmax 1.8  (147s)
step  9000  train 1.2374  eval 1.2101  pmax 1.8  (164s)
step 10000  train 1.2714  eval 1.2979  pmax 1.8  (180s)
  [checkpoint + sample saved at step 10000]
step 11000  train 1.2300  eval 1.2485  pmax 1.9  (198s)
step 12000  train 1.2286  eval 1.2030  pmax 1.9  (214s)
step 13000  train 1.2547  eval 1.1961  pmax 1.9  (231s)
step 14000  train 1.2088  eval 1.2181  pmax 1.9  (248s)
step 15000  train 1.1980  eval 1.2141  pmax 1.9  (264s)
step 16000  train 1.2045  eval 1.2206  pmax 1.9  (281s)
step 17000  train 1.2141  eval 1.1894  pmax 1.9  (298s)
step 18000  train 1.2459  eval 1.2050  pmax 1.9  (314s)
step 19000  train 1.1846  eval 1.2083  pmax 1.9  (331s)
step 20000  train 1.1896  eval 1.1820  pmax 1.9  (347s)
  [checkpoint + sample saved at step 20000]
step 21000  train 1.2185  eval 1.2406  pmax 1.9  (365s)
step 22000  train 1.2090  eval 1.1646  pmax 2.0  (381s)
step 23000  train 1.1903  eval 1.1742  pmax 2.0  (398s)
step 24000  train 1.2230  eval 1.1631  pmax 2.1  (414s)
step 25000  train 1.1800  eval 1.2061  pmax 2.1  (431s)
step 26000  train 1.1633  eval 1.1999  pmax 2.2  (448s)
step 27000  train 1.1871  eval 1.2026  pmax 2.3  (464s)
step 28000  train 1.1397  eval 1.1561  pmax 2.3  (481s)
step 29000  train 1.1843  eval 1.1561  pmax 2.3  (498s)
step 30000  train 1.1655  eval 1.1715  pmax 2.4  (514s)
  [checkpoint + sample saved at step 30000]
step 31000  train 1.1335  eval 1.1782  pmax 2.4  (531s)
step 32000  train 1.1790  eval 1.1464  pmax 2.5  (548s)
step 33000  train 1.1430  eval 1.1798  pmax 2.5  (564s)
step 34000  train 1.1780  eval 1.1415  pmax 2.5  (581s)
step 35000  train 1.1063  eval 1.1529  pmax 2.6  (598s)
step 36000  train 1.1526  eval 1.1526  pmax 2.6  (614s)
step 37000  train 1.2027  eval 1.1660  pmax 2.6  (631s)
step 38000  train 1.1333  eval 1.1365  pmax 2.7  (648s)
step 39000  train 1.1418  eval 1.1160  pmax 2.7  (664s)
step 40000  train 1.1414  eval 1.1680  pmax 2.7  (681s)
  [checkpoint + sample saved at step 40000]
step 41000  train 1.1303  eval 1.1097  pmax 2.7  (698s)
step 42000  train 1.1347  eval 1.1466  pmax 2.7  (714s)
step 43000  train 1.1390  eval 1.1369  pmax 2.7  (731s)
step 44000  train 1.1401  eval 1.1638  pmax 2.8  (748s)
step 45000  train 1.1569  eval 1.1463  pmax 2.8  (764s)
step 46000  train 1.1102  eval 1.1244  pmax 2.8  (781s)
step 47000  train 1.1603  eval 1.1220  pmax 2.8  (797s)
step 48000  train 1.1140  eval 1.1258  pmax 2.8  (814s)
step 49000  train 1.1510  eval 1.1300  pmax 2.8  (831s)
step 50000  train 1.1275  eval 1.1262  pmax 2.8  (847s)
  [checkpoint + sample saved at step 50000]
step 51000  train 1.1395  eval 1.1306  pmax 2.8  (864s)
step 52000  train 1.1432  eval 1.1417  pmax 2.8  (881s)
step 53000  train 1.1411  eval 1.1395  pmax 2.8  (898s)
step 54000  train 1.0934  eval 1.0982  pmax 2.8  (914s)
step 55000  train 1.1675  eval 1.2002  pmax 2.8  (931s)
step 56000  train 1.1097  eval 1.1275  pmax 2.8  (947s)
step 57000  train 1.1328  eval 1.1330  pmax 2.8  (964s)
step 58000  train 1.1535  eval 1.1400  pmax 2.8  (980s)
step 59000  train 1.1006  eval 1.1153  pmax 2.8  (997s)
step 60000  train 1.1507  eval 1.1019  pmax 2.8  (1014s)
  [checkpoint + sample saved at step 60000]
step 61000  train 1.1579  eval 1.1258  pmax 2.8  (1031s)
step 62000  train 1.1482  eval 1.1548  pmax 2.8  (1047s)
step 63000  train 1.1510  eval 1.1508  pmax 2.8  (1064s)
step 64000  train 1.1104  eval 1.1095  pmax 2.8  (1081s)
step 65000  train 1.1214  eval 1.0942  pmax 2.8  (1097s)
step 66000  train 1.1649  eval 1.1044  pmax 2.8  (1114s)
  [checkpoint + sample saved at step 66000]
done. artifacts in /home/luke/Wavelet-State-KAN/checkpoints/tf_wikitext_1m_3ep_s2024
