/home/luke/Wavelet-State-KAN/experiments/V1_train_tinystories_lm.py:107: UserWarning: The given buffer is not writable, and PyTorch does not support non-writable tensors. This means you can write to the underlying (supposedly non-writable) buffer using the tensor. You may want to copy the buffer to protect its data or make it writable before converting it to a tensor. This type of warning will be suppressed for the rest of this program. (Triggered internally at /__w/pytorch/pytorch/torch/csrc/utils/tensor_new.cpp:1556.)
  train_ids = torch.frombuffer(train_text.encode("utf-8", errors="ignore"), dtype=torch.uint8)
train bytes: 542,898,247  eval bytes: 130,357
model: tf  params: 1,008,160  device: cuda
step     1  train 5.7029  eval 5.0856  pmax 1.0  (3s)
step  1000  train 1.5686  eval 1.5881  pmax 1.6  (25s)
step  2000  train 1.4131  eval 1.4133  pmax 1.8  (48s)
step  3000  train 1.4000  eval 1.3653  pmax 1.9  (70s)
step  4000  train 1.3622  eval 1.3238  pmax 1.9  (92s)
step  5000  train 1.3147  eval 1.3449  pmax 2.0  (115s)
step  6000  train 1.2968  eval 1.3295  pmax 2.0  (137s)
step  7000  train 1.2663  eval 1.3417  pmax 2.0  (159s)
step  8000  train 1.2807  eval 1.2575  pmax 2.0  (182s)
step  9000  train 1.3358  eval 1.2554  pmax 2.0  (204s)
step 10000  train 1.2584  eval 1.2434  pmax 2.0  (226s)
  [checkpoint + sample saved at step 10000]
step 11000  train 1.2338  eval 1.2619  pmax 2.0  (249s)
step 12000  train 1.2587  eval 1.3055  pmax 2.0  (272s)
step 13000  train 1.2144  eval 1.2299  pmax 2.0  (294s)
step 14000  train 1.2201  eval 1.2346  pmax 2.0  (316s)
step 15000  train 1.2607  eval 1.2598  pmax 2.0  (339s)
step 16000  train 1.2072  eval 1.2535  pmax 2.0  (361s)
step 17000  train 1.2093  eval 1.2516  pmax 2.0  (384s)
step 18000  train 1.2024  eval 1.2264  pmax 2.0  (406s)
step 19000  train 1.2246  eval 1.2034  pmax 2.0  (428s)
step 20000  train 1.2461  eval 1.2244  pmax 2.0  (451s)
  [checkpoint + sample saved at step 20000]
step 21000  train 1.2531  eval 1.2169  pmax 2.0  (473s)
step 22000  train 1.2073  eval 1.1946  pmax 2.0  (496s)
step 23000  train 1.2488  eval 1.2338  pmax 2.0  (518s)
step 24000  train 1.1709  eval 1.2222  pmax 2.0  (541s)
step 25000  train 1.2083  eval 1.2234  pmax 2.0  (563s)
step 26000  train 1.2173  eval 1.1854  pmax 2.0  (585s)
step 27000  train 1.2434  eval 1.2072  pmax 2.0  (608s)
step 28000  train 1.2037  eval 1.1779  pmax 2.0  (630s)
step 29000  train 1.2367  eval 1.1795  pmax 2.0  (652s)
step 30000  train 1.1800  eval 1.1807  pmax 2.0  (675s)
  [checkpoint + sample saved at step 30000]
step 31000  train 1.1747  eval 1.1734  pmax 2.0  (697s)
step 32000  train 1.2097  eval 1.2071  pmax 2.0  (720s)
step 33000  train 1.2071  eval 1.1958  pmax 2.0  (742s)
step 34000  train 1.1912  eval 1.1695  pmax 2.0  (764s)
step 35000  train 1.2069  eval 1.1443  pmax 2.0  (787s)
step 36000  train 1.1321  eval 1.2287  pmax 2.0  (809s)
step 37000  train 1.1683  eval 1.1581  pmax 2.0  (831s)
step 38000  train 1.1733  eval 1.1670  pmax 2.0  (854s)
step 39000  train 1.2007  eval 1.2178  pmax 2.0  (876s)
step 40000  train 1.1676  eval 1.1176  pmax 2.0  (899s)
  [checkpoint + sample saved at step 40000]
step 41000  train 1.1853  eval 1.1565  pmax 2.0  (921s)
step 42000  train 1.1685  eval 1.1391  pmax 2.0  (944s)
step 43000  train 1.1496  eval 1.1544  pmax 2.0  (966s)
step 44000  train 1.1614  eval 1.1508  pmax 2.0  (988s)
step 45000  train 1.1511  eval 1.1815  pmax 2.0  (1011s)
step 46000  train 1.1429  eval 1.1551  pmax 2.0  (1033s)
step 47000  train 1.1552  eval 1.1242  pmax 2.0  (1055s)
step 48000  train 1.1344  eval 1.2013  pmax 2.0  (1078s)
step 49000  train 1.1444  eval 1.1597  pmax 2.0  (1100s)
step 50000  train 1.1879  eval 1.1601  pmax 2.0  (1123s)
  [checkpoint + sample saved at step 50000]
step 51000  train 1.1392  eval 1.1820  pmax 2.0  (1145s)
step 52000  train 1.1622  eval 1.1128  pmax 2.0  (1168s)
step 53000  train 1.1738  eval 1.1646  pmax 2.0  (1190s)
step 54000  train 1.1616  eval 1.1594  pmax 2.0  (1212s)
step 55000  train 1.1310  eval 1.1226  pmax 2.1  (1235s)
step 56000  train 1.1736  eval 1.1315  pmax 2.1  (1257s)
step 57000  train 1.1505  eval 1.1175  pmax 2.1  (1280s)
step 58000  train 1.1318  eval 1.1262  pmax 2.1  (1302s)
step 59000  train 1.1391  eval 1.1535  pmax 2.1  (1324s)
step 60000  train 1.1596  eval 1.1299  pmax 2.1  (1347s)
  [checkpoint + sample saved at step 60000]
step 61000  train 1.1561  eval 1.1910  pmax 2.1  (1369s)
step 62000  train 1.1616  eval 1.1514  pmax 2.1  (1392s)
step 63000  train 1.1262  eval 1.1848  pmax 2.1  (1414s)
step 64000  train 1.0997  eval 1.1627  pmax 2.1  (1436s)
step 65000  train 1.1345  eval 1.1375  pmax 2.1  (1459s)
step 66000  train 1.1508  eval 1.1514  pmax 2.1  (1481s)
  [checkpoint + sample saved at step 66000]
done. artifacts in /home/luke/Wavelet-State-KAN/checkpoints/tf_wikitext_1m_3ep_s7
