/home/luke/Wavelet-State-KAN/experiments/V1_train_tinystories_lm.py:107: UserWarning: The given buffer is not writable, and PyTorch does not support non-writable tensors. This means you can write to the underlying (supposedly non-writable) buffer using the tensor. You may want to copy the buffer to protect its data or make it writable before converting it to a tensor. This type of warning will be suppressed for the rest of this program. (Triggered internally at /__w/pytorch/pytorch/torch/csrc/utils/tensor_new.cpp:1556.)
  train_ids = torch.frombuffer(train_text.encode("utf-8", errors="ignore"), dtype=torch.uint8)
train bytes: 542,898,247  eval bytes: 130,357
model: tf  params: 98,800  device: cuda
W0920 14:45:30.474000 1332779 .venv/lib/python3.12/site-packages/torch/_inductor/utils.py:1806] [0/0] Not enough SMs to use max_autotune_gemm mode
step     1  train 5.5487  eval 5.3346  pmax 1.0  (20s)
step  1000  train 2.0191  eval 2.0473  pmax 2.1  (34s)
step  2000  train 1.8128  eval 1.7506  pmax 2.2  (47s)
step  3000  train 1.6905  eval 1.7533  pmax 2.3  (60s)
step  4000  train 1.6780  eval 1.6911  pmax 2.4  (74s)
step  5000  train 1.6664  eval 1.6712  pmax 2.4  (87s)
step  6000  train 1.6563  eval 1.6283  pmax 2.5  (101s)
step  7000  train 1.6389  eval 1.6274  pmax 2.5  (113s)
step  8000  train 1.6244  eval 1.6139  pmax 2.5  (127s)
step  9000  train 1.5888  eval 1.5878  pmax 2.5  (140s)
step 10000  train 1.6186  eval 1.5771  pmax 2.5  (153s)
step 11000  train 1.5891  eval 1.5489  pmax 2.5  (167s)
step 12000  train 1.5930  eval 1.5870  pmax 2.7  (180s)
step 13000  train 1.6219  eval 1.5864  pmax 2.9  (192s)
step 14000  train 1.5924  eval 1.5929  pmax 2.9  (205s)
step 15000  train 1.5822  eval 1.5546  pmax 3.0  (219s)
step 16000  train 1.5787  eval 1.5657  pmax 3.0  (232s)
step 17000  train 1.5827  eval 1.5481  pmax 3.0  (246s)
step 18000  train 1.5787  eval 1.5492  pmax 3.0  (259s)
step 19000  train 1.5746  eval 1.5523  pmax 3.0  (273s)
step 20000  train 1.5872  eval 1.5495  pmax 3.1  (286s)
step 21000  train 1.5631  eval 1.5662  pmax 3.3  (299s)
step 22000  train 1.5475  eval 1.6012  pmax 3.5  (313s)
step 23000  train 1.5706  eval 1.5187  pmax 3.7  (326s)
step 24000  train 1.5638  eval 1.5604  pmax 3.9  (340s)
step 25000  train 1.5605  eval 1.5630  pmax 4.0  (352s)
  [checkpoint + sample saved at step 25000]
step 26000  train 1.4969  eval 1.5538  pmax 4.0  (367s)
step 27000  train 1.5621  eval 1.4955  pmax 4.2  (380s)
step 28000  train 1.5212  eval 1.5552  pmax 4.3  (394s)
step 29000  train 1.5523  eval 1.5635  pmax 4.4  (407s)
step 30000  train 1.6090  eval 1.5405  pmax 4.4  (421s)
step 31000  train 1.5268  eval 1.5250  pmax 4.5  (434s)
step 32000  train 1.5762  eval 1.5515  pmax 4.6  (448s)
step 33000  train 1.5513  eval 1.5706  pmax 4.6  (461s)
step 34000  train 1.5566  eval 1.5431  pmax 4.7  (475s)
step 35000  train 1.5417  eval 1.5572  pmax 4.8  (489s)
step 36000  train 1.5217  eval 1.5357  pmax 4.9  (502s)
step 37000  train 1.5327  eval 1.4999  pmax 5.0  (516s)
step 38000  train 1.5415  eval 1.5556  pmax 5.1  (529s)
step 39000  train 1.5388  eval 1.4942  pmax 5.2  (543s)
step 40000  train 1.5664  eval 1.5754  pmax 5.2  (556s)
step 41000  train 1.5279  eval 1.5434  pmax 5.3  (569s)
step 42000  train 1.5097  eval 1.5136  pmax 5.4  (582s)
step 43000  train 1.5345  eval 1.5742  pmax 5.5  (596s)
step 44000  train 1.5335  eval 1.5468  pmax 5.5  (609s)
step 45000  train 1.5541  eval 1.5320  pmax 5.6  (622s)
step 46000  train 1.5172  eval 1.4875  pmax 5.6  (635s)
step 47000  train 1.5266  eval 1.4911  pmax 5.7  (648s)
step 48000  train 1.5720  eval 1.5296  pmax 5.7  (662s)
step 49000  train 1.5332  eval 1.4778  pmax 5.8  (675s)
step 50000  train 1.4882  eval 1.5171  pmax 5.8  (687s)
  [checkpoint + sample saved at step 50000]
step 51000  train 1.5196  eval 1.5165  pmax 5.9  (702s)
step 52000  train 1.4923  eval 1.5075  pmax 5.9  (715s)
step 53000  train 1.5098  eval 1.5082  pmax 6.0  (728s)
step 54000  train 1.5170  eval 1.5135  pmax 6.0  (741s)
step 55000  train 1.5467  eval 1.5374  pmax 6.0  (755s)
step 56000  train 1.4747  eval 1.4840  pmax 6.1  (769s)
step 57000  train 1.5619  eval 1.5001  pmax 6.1  (782s)
step 58000  train 1.5024  eval 1.5216  pmax 6.1  (796s)
step 59000  train 1.4867  eval 1.4799  pmax 6.1  (809s)
step 60000  train 1.4898  eval 1.5415  pmax 6.2  (822s)
step 61000  train 1.5078  eval 1.4781  pmax 6.2  (835s)
step 62000  train 1.5380  eval 1.5112  pmax 6.2  (849s)
step 63000  train 1.5415  eval 1.4853  pmax 6.3  (862s)
step 64000  train 1.4788  eval 1.4799  pmax 6.3  (875s)
step 65000  train 1.5167  eval 1.5267  pmax 6.3  (889s)
step 66000  train 1.4999  eval 1.4783  pmax 6.4  (902s)
step 67000  train 1.4943  eval 1.5171  pmax 6.4  (916s)
step 68000  train 1.5063  eval 1.5037  pmax 6.4  (929s)
step 69000  train 1.5124  eval 1.4971  pmax 6.4  (943s)
step 70000  train 1.5210  eval 1.5081  pmax 6.4  (956s)
step 71000  train 1.5213  eval 1.5006  pmax 6.4  (969s)
step 72000  train 1.4778  eval 1.5140  pmax 6.4  (982s)
step 73000  train 1.4844  eval 1.5219  pmax 6.4  (995s)
step 74000  train 1.5353  eval 1.5203  pmax 6.4  (1009s)
step 75000  train 1.4877  eval 1.4649  pmax 6.4  (1022s)
  [checkpoint + sample saved at step 75000]
step 76000  train 1.4956  eval 1.4287  pmax 6.4  (1036s)
step 77000  train 1.4903  eval 1.5305  pmax 6.4  (1050s)
step 78000  train 1.5047  eval 1.4556  pmax 6.4  (1063s)
step 79000  train 1.4667  eval 1.4776  pmax 6.4  (1077s)
step 80000  train 1.5067  eval 1.4742  pmax 6.4  (1090s)
step 81000  train 1.5207  eval 1.4955  pmax 6.4  (1103s)
step 82000  train 1.5326  eval 1.5059  pmax 6.4  (1117s)
step 83000  train 1.5782  eval 1.5118  pmax 6.4  (1130s)
step 84000  train 1.4941  eval 1.4429  pmax 6.4  (1143s)
step 85000  train 1.4807  eval 1.4717  pmax 6.4  (1156s)
step 86000  train 1.5236  eval 1.4934  pmax 6.4  (1170s)
step 87000  train 1.5042  eval 1.4908  pmax 6.4  (1184s)
step 88000  train 1.4627  eval 1.4943  pmax 6.4  (1197s)
step 89000  train 1.5493  eval 1.5065  pmax 6.4  (1210s)
step 90000  train 1.4643  eval 1.4634  pmax 6.4  (1222s)
step 91000  train 1.5060  eval 1.4638  pmax 6.4  (1236s)
step 92000  train 1.5138  eval 1.4907  pmax 6.4  (1249s)
step 93000  train 1.4651  eval 1.4924  pmax 6.4  (1263s)
step 94000  train 1.5044  eval 1.5184  pmax 6.4  (1277s)
step 95000  train 1.5073  eval 1.4660  pmax 6.4  (1290s)
step 96000  train 1.5197  eval 1.4727  pmax 6.4  (1304s)
step 97000  train 1.5111  eval 1.4999  pmax 6.4  (1317s)
step 98000  train 1.4770  eval 1.4877  pmax 6.4  (1330s)
step 99000  train 1.4732  eval 1.4737  pmax 6.4  (1344s)
  [checkpoint + sample saved at step 99000]
done. artifacts in /home/luke/Wavelet-State-KAN/checkpoints/tf_wikitext_100k_3ep_s31337
