/home/luke/Wavelet-State-KAN/experiments/V1_train_tinystories_lm.py:107: UserWarning: The given buffer is not writable, and PyTorch does not support non-writable tensors. This means you can write to the underlying (supposedly non-writable) buffer using the tensor. You may want to copy the buffer to protect its data or make it writable before converting it to a tensor. This type of warning will be suppressed for the rest of this program. (Triggered internally at /__w/pytorch/pytorch/torch/csrc/utils/tensor_new.cpp:1556.)
  train_ids = torch.frombuffer(train_text.encode("utf-8", errors="ignore"), dtype=torch.uint8)
train bytes: 542,898,247  eval bytes: 130,357
model: tf  params: 2,284  device: cuda
step     1  train 5.5498  eval 5.5267  pmax 1.0  (1s)
step  1000  train 2.7020  eval 2.7542  pmax 2.4  (10s)
step  2000  train 2.6319  eval 2.6670  pmax 2.7  (18s)
step  3000  train 2.6471  eval 2.6711  pmax 3.0  (27s)
step  4000  train 2.6349  eval 2.6501  pmax 3.7  (36s)
step  5000  train 2.6250  eval 2.6359  pmax 4.4  (44s)
step  6000  train 2.6029  eval 2.6368  pmax 4.9  (53s)
step  7000  train 2.6266  eval 2.6284  pmax 5.3  (61s)
step  8000  train 2.6169  eval 2.6370  pmax 5.5  (70s)
step  9000  train 2.6173  eval 2.6333  pmax 5.6  (79s)
step 10000  train 2.6369  eval 2.6217  pmax 5.7  (87s)
step 11000  train 2.6196  eval 2.6109  pmax 5.8  (96s)
step 12000  train 2.6150  eval 2.6290  pmax 5.9  (105s)
step 13000  train 2.5858  eval 2.6430  pmax 6.0  (114s)
step 14000  train 2.5992  eval 2.6140  pmax 6.1  (122s)
step 15000  train 2.6331  eval 2.6276  pmax 6.0  (131s)
step 16000  train 2.6047  eval 2.6236  pmax 6.2  (139s)
step 17000  train 2.6026  eval 2.6203  pmax 6.3  (148s)
step 18000  train 2.5805  eval 2.5836  pmax 6.3  (156s)
step 19000  train 2.5921  eval 2.6273  pmax 6.4  (165s)
step 20000  train 2.5973  eval 2.6013  pmax 6.4  (174s)
step 21000  train 2.6094  eval 2.5959  pmax 6.4  (182s)
step 22000  train 2.5795  eval 2.6113  pmax 6.5  (191s)
step 23000  train 2.5915  eval 2.6067  pmax 6.5  (200s)
step 24000  train 2.5960  eval 2.6068  pmax 6.5  (208s)
step 25000  train 2.5836  eval 2.5945  pmax 6.5  (217s)
  [checkpoint + sample saved at step 25000]
step 26000  train 2.5849  eval 2.6268  pmax 6.5  (226s)
step 27000  train 2.6393  eval 2.6175  pmax 6.5  (234s)
step 28000  train 2.5843  eval 2.5972  pmax 6.5  (243s)
step 29000  train 2.5751  eval 2.6411  pmax 6.5  (251s)
step 30000  train 2.5865  eval 2.6038  pmax 6.5  (260s)
step 31000  train 2.6128  eval 2.6047  pmax 6.5  (269s)
step 32000  train 2.5761  eval 2.5975  pmax 6.5  (277s)
step 33000  train 2.5734  eval 2.6247  pmax 6.5  (286s)
  [checkpoint + sample saved at step 33000]
done. artifacts in /home/luke/Wavelet-State-KAN/checkpoints/tf_wikitext_1k_3ep_s123
