/home/luke/Wavelet-State-KAN/experiments/V1_train_tinystories_lm.py:107: UserWarning: The given buffer is not writable, and PyTorch does not support non-writable tensors. This means you can write to the underlying (supposedly non-writable) buffer using the tensor. You may want to copy the buffer to protect its data or make it writable before converting it to a tensor. This type of warning will be suppressed for the rest of this program. (Triggered internally at /__w/pytorch/pytorch/torch/csrc/utils/tensor_new.cpp:1556.)
  train_ids = torch.frombuffer(train_text.encode("utf-8", errors="ignore"), dtype=torch.uint8)
train bytes: 542,898,247  eval bytes: 130,357
model: tf  params: 9,840  device: cuda
step     1  train 5.5622  eval 5.4839  pmax 1.0  (1s)
step  1000  train 2.4703  eval 2.4477  pmax 2.6  (13s)
step  2000  train 2.2832  eval 2.3019  pmax 2.9  (25s)
step  3000  train 2.2315  eval 2.2497  pmax 3.0  (38s)
step  4000  train 2.1979  eval 2.2252  pmax 3.1  (50s)
step  5000  train 2.1648  eval 2.1670  pmax 3.2  (63s)
step  6000  train 2.2210  eval 2.1827  pmax 3.2  (76s)
step  7000  train 2.1870  eval 2.2184  pmax 3.2  (88s)
step  8000  train 2.1492  eval 2.1698  pmax 3.2  (101s)
step  9000  train 2.1152  eval 2.1384  pmax 3.2  (113s)
step 10000  train 2.1421  eval 2.1327  pmax 3.2  (126s)
step 11000  train 2.1270  eval 2.1701  pmax 3.2  (138s)
step 12000  train 2.1443  eval 2.1437  pmax 3.2  (150s)
step 13000  train 2.1007  eval 2.1441  pmax 3.3  (162s)
step 14000  train 2.1137  eval 2.1682  pmax 3.3  (175s)
step 15000  train 2.0960  eval 2.1124  pmax 3.4  (188s)
step 16000  train 2.1364  eval 2.1372  pmax 3.4  (200s)
step 17000  train 2.1103  eval 2.1234  pmax 3.4  (213s)
step 18000  train 2.1173  eval 2.0939  pmax 3.4  (225s)
step 19000  train 2.0953  eval 2.1385  pmax 3.4  (238s)
step 20000  train 2.0945  eval 2.1110  pmax 3.5  (251s)
step 21000  train 2.1252  eval 2.0893  pmax 3.5  (263s)
step 22000  train 2.1026  eval 2.0782  pmax 3.5  (276s)
step 23000  train 2.1242  eval 2.1208  pmax 3.5  (288s)
step 24000  train 2.0749  eval 2.1108  pmax 3.5  (301s)
step 25000  train 2.1011  eval 2.1065  pmax 3.5  (313s)
  [checkpoint + sample saved at step 25000]
step 26000  train 2.0924  eval 2.1107  pmax 3.5  (326s)
step 27000  train 2.1056  eval 2.0940  pmax 3.6  (339s)
step 28000  train 2.0604  eval 2.0705  pmax 3.6  (351s)
step 29000  train 2.0849  eval 2.1223  pmax 3.6  (364s)
step 30000  train 2.1037  eval 2.0808  pmax 3.6  (376s)
step 31000  train 2.0895  eval 2.0767  pmax 3.6  (389s)
step 32000  train 2.0786  eval 2.0960  pmax 3.6  (401s)
step 33000  train 2.0691  eval 2.0902  pmax 3.6  (413s)
step 34000  train 2.0788  eval 2.0785  pmax 3.7  (426s)
step 35000  train 2.0756  eval 2.0722  pmax 3.7  (438s)
step 36000  train 2.0526  eval 2.0743  pmax 3.7  (450s)
step 37000  train 2.0463  eval 2.0638  pmax 3.7  (463s)
step 38000  train 2.0354  eval 2.0559  pmax 3.7  (475s)
step 39000  train 2.0787  eval 2.0732  pmax 3.7  (487s)
step 40000  train 2.0414  eval 2.0801  pmax 3.7  (500s)
step 41000  train 2.0796  eval 2.0688  pmax 3.7  (513s)
step 42000  train 2.0461  eval 2.0906  pmax 3.7  (525s)
step 43000  train 2.0695  eval 2.0507  pmax 3.7  (538s)
step 44000  train 2.0526  eval 2.0682  pmax 3.8  (551s)
step 45000  train 2.0682  eval 2.0650  pmax 3.8  (563s)
step 46000  train 2.0392  eval 2.0756  pmax 3.8  (576s)
step 47000  train 2.0707  eval 2.0405  pmax 3.8  (588s)
step 48000  train 2.0544  eval 2.0426  pmax 3.8  (601s)
step 49000  train 2.0394  eval 2.0761  pmax 3.8  (614s)
step 50000  train 2.0635  eval 2.0704  pmax 3.8  (626s)
  [checkpoint + sample saved at step 50000]
done. artifacts in /home/luke/Wavelet-State-KAN/checkpoints/tf_wikitext_10k_3ep_s7
