/home/luke/Wavelet-State-KAN/experiments/V1_train_tinystories_lm.py:107: UserWarning: The given buffer is not writable, and PyTorch does not support non-writable tensors. This means you can write to the underlying (supposedly non-writable) buffer using the tensor. You may want to copy the buffer to protect its data or make it writable before converting it to a tensor. This type of warning will be suppressed for the rest of this program. (Triggered internally at /__w/pytorch/pytorch/torch/csrc/utils/tensor_new.cpp:1556.)
  train_ids = torch.frombuffer(train_text.encode("utf-8", errors="ignore"), dtype=torch.uint8)
train bytes: 542,898,247  eval bytes: 130,357
model: tf  params: 98,800  device: cuda
step     1  train 5.5755  eval 5.5972  pmax 1.0  (4s)
step  1000  train 2.0259  eval 2.0249  pmax 2.1  (17s)
step  2000  train 1.7939  eval 1.7747  pmax 2.2  (30s)
step  3000  train 1.7295  eval 1.7180  pmax 2.2  (44s)
step  4000  train 1.6933  eval 1.6980  pmax 2.3  (58s)
step  5000  train 1.6224  eval 1.6441  pmax 2.3  (72s)
step  6000  train 1.7122  eval 1.6371  pmax 2.3  (85s)
step  7000  train 1.6544  eval 1.5954  pmax 2.3  (99s)
step  8000  train 1.6112  eval 1.6093  pmax 2.3  (113s)
step  9000  train 1.6322  eval 1.5829  pmax 2.3  (126s)
step 10000  train 1.5976  eval 1.6205  pmax 2.3  (140s)
step 11000  train 1.5971  eval 1.5717  pmax 2.3  (154s)
step 12000  train 1.5500  eval 1.5326  pmax 2.3  (167s)
step 13000  train 1.6169  eval 1.5611  pmax 2.4  (180s)
step 14000  train 1.6074  eval 1.5605  pmax 2.4  (193s)
step 15000  train 1.5829  eval 1.5735  pmax 2.4  (206s)
step 16000  train 1.5829  eval 1.5799  pmax 2.4  (219s)
step 17000  train 1.5672  eval 1.5915  pmax 2.5  (232s)
step 18000  train 1.5252  eval 1.5432  pmax 2.6  (246s)
step 19000  train 1.5502  eval 1.5310  pmax 2.6  (259s)
step 20000  train 1.5515  eval 1.5450  pmax 2.7  (272s)
step 21000  train 1.5266  eval 1.5352  pmax 2.8  (286s)
step 22000  train 1.5699  eval 1.5605  pmax 2.8  (299s)
step 23000  train 1.5447  eval 1.5436  pmax 2.9  (313s)
step 24000  train 1.5661  eval 1.5114  pmax 3.0  (326s)
step 25000  train 1.5336  eval 1.5597  pmax 3.1  (339s)
  [checkpoint + sample saved at step 25000]
step 26000  train 1.5672  eval 1.4977  pmax 3.1  (353s)
step 27000  train 1.5138  eval 1.5187  pmax 3.2  (366s)
step 28000  train 1.5394  eval 1.5231  pmax 3.2  (380s)
step 29000  train 1.5085  eval 1.4967  pmax 3.3  (392s)
step 30000  train 1.5748  eval 1.5403  pmax 3.3  (406s)
step 31000  train 1.5076  eval 1.5221  pmax 3.4  (419s)
step 32000  train 1.5339  eval 1.5432  pmax 3.4  (432s)
step 33000  train 1.5282  eval 1.4777  pmax 3.4  (445s)
step 34000  train 1.5333  eval 1.4898  pmax 3.5  (458s)
step 35000  train 1.5070  eval 1.4955  pmax 3.5  (471s)
step 36000  train 1.5006  eval 1.5008  pmax 3.6  (485s)
step 37000  train 1.5299  eval 1.5231  pmax 3.6  (498s)
step 38000  train 1.5267  eval 1.4582  pmax 3.6  (512s)
step 39000  train 1.5275  eval 1.5115  pmax 3.7  (525s)
step 40000  train 1.5605  eval 1.5416  pmax 3.7  (539s)
step 41000  train 1.5664  eval 1.5344  pmax 3.7  (553s)
step 42000  train 1.5081  eval 1.5369  pmax 3.7  (567s)
step 43000  train 1.5021  eval 1.4797  pmax 3.8  (581s)
step 44000  train 1.4720  eval 1.4997  pmax 3.8  (595s)
step 45000  train 1.5195  eval 1.4804  pmax 3.9  (608s)
step 46000  train 1.5311  eval 1.5009  pmax 3.9  (622s)
step 47000  train 1.5240  eval 1.4751  pmax 3.9  (635s)
step 48000  train 1.4912  eval 1.5099  pmax 3.9  (648s)
step 49000  train 1.4591  eval 1.4701  pmax 4.0  (661s)
step 50000  train 1.5341  eval 1.4653  pmax 4.0  (675s)
  [checkpoint + sample saved at step 50000]
step 51000  train 1.4776  eval 1.4927  pmax 4.0  (688s)
step 52000  train 1.4771  eval 1.5030  pmax 4.0  (701s)
step 53000  train 1.4887  eval 1.4608  pmax 4.0  (715s)
step 54000  train 1.4922  eval 1.4775  pmax 4.0  (728s)
step 55000  train 1.4526  eval 1.4760  pmax 4.1  (742s)
step 56000  train 1.5042  eval 1.5003  pmax 4.1  (755s)
step 57000  train 1.5206  eval 1.4784  pmax 4.1  (769s)
step 58000  train 1.4865  eval 1.4570  pmax 4.1  (782s)
step 59000  train 1.5069  eval 1.4994  pmax 4.1  (796s)
step 60000  train 1.4671  eval 1.5007  pmax 4.1  (810s)
step 61000  train 1.4848  eval 1.5084  pmax 4.1  (823s)
step 62000  train 1.4952  eval 1.4762  pmax 4.1  (837s)
step 63000  train 1.4944  eval 1.4570  pmax 4.1  (850s)
step 64000  train 1.4884  eval 1.4696  pmax 4.1  (863s)
step 65000  train 1.5038  eval 1.4780  pmax 4.1  (877s)
step 66000  train 1.5150  eval 1.4877  pmax 4.1  (890s)
step 67000  train 1.5014  eval 1.4568  pmax 4.1  (904s)
step 68000  train 1.4583  eval 1.4670  pmax 4.1  (917s)
step 69000  train 1.5400  eval 1.4658  pmax 4.1  (930s)
step 70000  train 1.4643  eval 1.4701  pmax 4.1  (943s)
step 71000  train 1.4604  eval 1.4357  pmax 4.1  (958s)
step 72000  train 1.4880  eval 1.4507  pmax 4.1  (971s)
step 73000  train 1.4999  eval 1.4564  pmax 4.1  (985s)
step 74000  train 1.4658  eval 1.4641  pmax 4.1  (998s)
step 75000  train 1.4829  eval 1.4337  pmax 4.1  (1012s)
  [checkpoint + sample saved at step 75000]
step 76000  train 1.4459  eval 1.4626  pmax 4.1  (1026s)
step 77000  train 1.4750  eval 1.4560  pmax 4.1  (1040s)
step 78000  train 1.4693  eval 1.4717  pmax 4.1  (1054s)
step 79000  train 1.4629  eval 1.4868  pmax 4.1  (1067s)
step 80000  train 1.4433  eval 1.4474  pmax 4.1  (1081s)
step 81000  train 1.4645  eval 1.4216  pmax 4.1  (1095s)
step 82000  train 1.4525  eval 1.4554  pmax 4.1  (1107s)
step 83000  train 1.4493  eval 1.4537  pmax 4.1  (1121s)
step 84000  train 1.4517  eval 1.4554  pmax 4.1  (1134s)
step 85000  train 1.4742  eval 1.4238  pmax 4.1  (1147s)
step 86000  train 1.4583  eval 1.4926  pmax 4.1  (1161s)
step 87000  train 1.4559  eval 1.4268  pmax 4.1  (1174s)
step 88000  train 1.4228  eval 1.4339  pmax 4.1  (1187s)
step 89000  train 1.4629  eval 1.4056  pmax 4.1  (1201s)
step 90000  train 1.5324  eval 1.4629  pmax 4.1  (1214s)
step 91000  train 1.5015  eval 1.4575  pmax 4.1  (1228s)
step 92000  train 1.4099  eval 1.4809  pmax 4.1  (1242s)
step 93000  train 1.4751  eval 1.4350  pmax 4.1  (1256s)
step 94000  train 1.4685  eval 1.4345  pmax 4.1  (1269s)
step 95000  train 1.4543  eval 1.4437  pmax 4.1  (1283s)
step 96000  train 1.4547  eval 1.4475  pmax 4.1  (1296s)
step 97000  train 1.4630  eval 1.4633  pmax 4.1  (1310s)
step 98000  train 1.4806  eval 1.5089  pmax 4.1  (1323s)
step 99000  train 1.4577  eval 1.4469  pmax 4.1  (1337s)
  [checkpoint + sample saved at step 99000]
done. artifacts in /home/luke/Wavelet-State-KAN/checkpoints/tf_wikitext_100k_3ep_s42
