/home/luke/Wavelet-State-KAN/experiments/V1_train_tinystories_lm.py:107: UserWarning: The given buffer is not writable, and PyTorch does not support non-writable tensors. This means you can write to the underlying (supposedly non-writable) buffer using the tensor. You may want to copy the buffer to protect its data or make it writable before converting it to a tensor. This type of warning will be suppressed for the rest of this program. (Triggered internally at /__w/pytorch/pytorch/torch/csrc/utils/tensor_new.cpp:1556.)
  train_ids = torch.frombuffer(train_text.encode("utf-8", errors="ignore"), dtype=torch.uint8)
train bytes: 542,898,247  eval bytes: 130,357
model: tf  params: 1,008,160  device: cuda
W0917 14:45:35.995000 1507277 .venv/lib/python3.12/site-packages/torch/_inductor/utils.py:1806] [0/0] Not enough SMs to use max_autotune_gemm mode
step     1  train 5.6343  eval 5.0861  pmax 1.0  (15s)
step  1000  train 1.5067  eval 1.5100  pmax 1.5  (38s)
step  2000  train 1.3690  eval 1.3787  pmax 1.6  (60s)
step  3000  train 1.3465  eval 1.3705  pmax 1.7  (83s)
step  4000  train 1.3207  eval 1.3385  pmax 1.7  (105s)
step  5000  train 1.2953  eval 1.3120  pmax 1.7  (128s)
step  6000  train 1.3221  eval 1.2999  pmax 1.7  (150s)
step  7000  train 1.2944  eval 1.2437  pmax 1.7  (173s)
step  8000  train 1.2767  eval 1.2635  pmax 1.7  (195s)
step  9000  train 1.2758  eval 1.2521  pmax 1.7  (217s)
step 10000  train 1.2591  eval 1.2312  pmax 1.7  (240s)
  [checkpoint + sample saved at step 10000]
step 11000  train 1.2689  eval 1.2313  pmax 1.7  (263s)
step 12000  train 1.2156  eval 1.1976  pmax 1.7  (286s)
step 13000  train 1.2173  eval 1.1977  pmax 1.7  (308s)
step 14000  train 1.2257  eval 1.2108  pmax 1.7  (331s)
step 15000  train 1.2107  eval 1.2192  pmax 1.7  (353s)
step 16000  train 1.2714  eval 1.2124  pmax 1.7  (376s)
step 17000  train 1.1867  eval 1.1800  pmax 1.7  (398s)
step 18000  train 1.2091  eval 1.2073  pmax 1.7  (421s)
step 19000  train 1.2264  eval 1.1564  pmax 1.7  (443s)
step 20000  train 1.1870  eval 1.2016  pmax 1.7  (466s)
  [checkpoint + sample saved at step 20000]
step 21000  train 1.2199  eval 1.2134  pmax 1.7  (489s)
step 22000  train 1.1871  eval 1.1802  pmax 1.7  (511s)
step 23000  train 1.2127  eval 1.2102  pmax 1.7  (534s)
step 24000  train 1.1602  eval 1.1875  pmax 1.7  (556s)
step 25000  train 1.1968  eval 1.1455  pmax 1.7  (579s)
step 26000  train 1.1810  eval 1.2163  pmax 1.7  (601s)
step 27000  train 1.1871  eval 1.1543  pmax 1.7  (624s)
step 28000  train 1.1681  eval 1.1950  pmax 1.7  (646s)
step 29000  train 1.1954  eval 1.1912  pmax 1.7  (669s)
step 30000  train 1.1498  eval 1.1377  pmax 1.7  (691s)
  [checkpoint + sample saved at step 30000]
step 31000  train 1.1702  eval 1.2045  pmax 1.8  (714s)
step 32000  train 1.1485  eval 1.1871  pmax 1.8  (737s)
step 33000  train 1.1629  eval 1.0997  pmax 1.8  (759s)
step 34000  train 1.1611  eval 1.1314  pmax 1.8  (781s)
step 35000  train 1.1566  eval 1.1950  pmax 1.8  (804s)
step 36000  train 1.1663  eval 1.1455  pmax 1.8  (826s)
step 37000  train 1.1605  eval 1.1495  pmax 1.8  (849s)
step 38000  train 1.1457  eval 1.1721  pmax 1.8  (871s)
step 39000  train 1.1454  eval 1.1561  pmax 1.8  (894s)
step 40000  train 1.1289  eval 1.1616  pmax 1.8  (916s)
  [checkpoint + sample saved at step 40000]
step 41000  train 1.1551  eval 1.1494  pmax 1.8  (939s)
step 42000  train 1.1808  eval 1.1198  pmax 1.8  (962s)
step 43000  train 1.1456  eval 1.1559  pmax 1.8  (984s)
step 44000  train 1.1479  eval 1.1423  pmax 1.8  (1007s)
step 45000  train 1.1391  eval 1.1388  pmax 1.9  (1029s)
step 46000  train 1.1510  eval 1.1094  pmax 1.9  (1052s)
step 47000  train 1.1083  eval 1.1450  pmax 1.9  (1074s)
step 48000  train 1.1515  eval 1.1273  pmax 1.9  (1097s)
step 49000  train 1.1365  eval 1.1687  pmax 1.9  (1119s)
step 50000  train 1.1509  eval 1.1652  pmax 1.9  (1142s)
  [checkpoint + sample saved at step 50000]
step 51000  train 1.1476  eval 1.1165  pmax 1.9  (1165s)
step 52000  train 1.1007  eval 1.1422  pmax 1.9  (1187s)
step 53000  train 1.1310  eval 1.1051  pmax 1.9  (1209s)
step 54000  train 1.0783  eval 1.0698  pmax 1.9  (1232s)
step 55000  train 1.1391  eval 1.0948  pmax 1.9  (1254s)
step 56000  train 1.1181  eval 1.1169  pmax 1.9  (1277s)
step 57000  train 1.1456  eval 1.0936  pmax 1.9  (1299s)
step 58000  train 1.1173  eval 1.0926  pmax 1.9  (1322s)
step 59000  train 1.1034  eval 1.1191  pmax 1.9  (1344s)
step 60000  train 1.1124  eval 1.1391  pmax 1.9  (1367s)
  [checkpoint + sample saved at step 60000]
step 61000  train 1.1182  eval 1.1257  pmax 1.9  (1390s)
step 62000  train 1.1072  eval 1.1698  pmax 1.9  (1412s)
step 63000  train 1.1379  eval 1.1044  pmax 1.9  (1435s)
step 64000  train 1.1317  eval 1.0983  pmax 1.9  (1457s)
step 65000  train 1.1371  eval 1.1101  pmax 1.9  (1480s)
step 66000  train 1.1388  eval 1.1096  pmax 1.9  (1502s)
  [checkpoint + sample saved at step 66000]
done. artifacts in /home/luke/Wavelet-State-KAN/checkpoints/tf_wikitext_1m_3ep_s31337
