/home/luke/Wavelet-State-KAN/experiments/V1_train_tinystories_lm.py:107: UserWarning: The given buffer is not writable, and PyTorch does not support non-writable tensors. This means you can write to the underlying (supposedly non-writable) buffer using the tensor. You may want to copy the buffer to protect its data or make it writable before converting it to a tensor. This type of warning will be suppressed for the rest of this program. (Triggered internally at /__w/pytorch/pytorch/torch/csrc/utils/tensor_new.cpp:1556.)
  train_ids = torch.frombuffer(train_text.encode("utf-8", errors="ignore"), dtype=torch.uint8)
train bytes: 542,898,247  eval bytes: 130,357
model: tf  params: 1,008,160  device: cuda
W0918 10:43:05.768000 1704907 .venv/lib/python3.12/site-packages/torch/_inductor/utils.py:1806] [0/0] Not enough SMs to use max_autotune_gemm mode
step     1  train 5.5756  eval 5.0287  pmax 1.0  (16s)
step  1000  train 1.6612  eval 1.6519  pmax 1.5  (37s)
step  2000  train 1.4828  eval 1.5015  pmax 1.7  (57s)
step  3000  train 1.3920  eval 1.4071  pmax 1.8  (77s)
step  4000  train 1.3635  eval 1.3713  pmax 1.8  (97s)
step  5000  train 1.3584  eval 1.3610  pmax 1.8  (117s)
step  6000  train 1.3668  eval 1.3442  pmax 1.8  (138s)
step  7000  train 1.3483  eval 1.3166  pmax 1.9  (158s)
step  8000  train 1.3251  eval 1.2797  pmax 1.9  (178s)
step  9000  train 1.3038  eval 1.2891  pmax 1.9  (198s)
step 10000  train 1.2988  eval 1.2759  pmax 1.9  (219s)
  [checkpoint + sample saved at step 10000]
step 11000  train 1.2952  eval 1.3094  pmax 1.9  (240s)
step 12000  train 1.2725  eval 1.2444  pmax 1.8  (260s)
step 13000  train 1.2585  eval 1.2584  pmax 1.8  (280s)
step 14000  train 1.2663  eval 1.2896  pmax 1.8  (301s)
step 15000  train 1.2343  eval 1.2126  pmax 1.8  (321s)
step 16000  train 1.2466  eval 1.2631  pmax 1.8  (341s)
step 17000  train 1.2610  eval 1.2578  pmax 1.8  (361s)
step 18000  train 1.2741  eval 1.2355  pmax 1.8  (381s)
step 19000  train 1.2744  eval 1.2839  pmax 1.8  (402s)
step 20000  train 1.2764  eval 1.2066  pmax 1.8  (422s)
  [checkpoint + sample saved at step 20000]
step 21000  train 1.2237  eval 1.2487  pmax 1.8  (443s)
step 22000  train 1.2629  eval 1.2155  pmax 1.9  (463s)
step 23000  train 1.2018  eval 1.2003  pmax 1.9  (483s)
step 24000  train 1.2470  eval 1.1924  pmax 1.9  (503s)
step 25000  train 1.2177  eval 1.2284  pmax 1.9  (524s)
step 26000  train 1.2102  eval 1.2115  pmax 1.9  (544s)
step 27000  train 1.2240  eval 1.2127  pmax 1.9  (564s)
step 28000  train 1.2058  eval 1.1984  pmax 1.9  (584s)
step 29000  train 1.2170  eval 1.2317  pmax 1.9  (604s)
step 30000  train 1.1994  eval 1.1820  pmax 1.9  (625s)
  [checkpoint + sample saved at step 30000]
step 31000  train 1.1887  eval 1.1989  pmax 2.0  (645s)
step 32000  train 1.1898  eval 1.1750  pmax 2.0  (666s)
step 33000  train 1.1815  eval 1.2038  pmax 2.0  (686s)
step 34000  train 1.2003  eval 1.2204  pmax 2.0  (706s)
step 35000  train 1.2027  eval 1.2515  pmax 2.0  (726s)
step 36000  train 1.1862  eval 1.1670  pmax 2.0  (746s)
step 37000  train 1.2122  eval 1.1745  pmax 2.0  (767s)
step 38000  train 1.1948  eval 1.2180  pmax 2.1  (787s)
step 39000  train 1.1722  eval 1.1712  pmax 2.1  (807s)
step 40000  train 1.2099  eval 1.2117  pmax 2.1  (827s)
  [checkpoint + sample saved at step 40000]
step 41000  train 1.1683  eval 1.1926  pmax 2.1  (848s)
step 42000  train 1.2254  eval 1.1649  pmax 2.1  (868s)
step 43000  train 1.2049  eval 1.1904  pmax 2.1  (889s)
step 44000  train 1.1771  eval 1.1811  pmax 2.1  (909s)
step 45000  train 1.1728  eval 1.1762  pmax 2.1  (929s)
step 46000  train 1.1796  eval 1.1661  pmax 2.1  (949s)
step 47000  train 1.1776  eval 1.1785  pmax 2.1  (969s)
step 48000  train 1.1747  eval 1.1570  pmax 2.1  (990s)
step 49000  train 1.1959  eval 1.1609  pmax 2.1  (1010s)
step 50000  train 1.1629  eval 1.1766  pmax 2.1  (1030s)
  [checkpoint + sample saved at step 50000]
step 51000  train 1.1526  eval 1.2216  pmax 2.1  (1051s)
step 52000  train 1.1486  eval 1.1625  pmax 2.1  (1071s)
step 53000  train 1.1842  eval 1.1480  pmax 2.1  (1091s)
step 54000  train 1.1497  eval 1.1548  pmax 2.1  (1111s)
step 55000  train 1.1736  eval 1.1741  pmax 2.1  (1132s)
step 56000  train 1.1570  eval 1.1794  pmax 2.1  (1152s)
step 57000  train 1.1796  eval 1.1615  pmax 2.1  (1172s)
step 58000  train 1.1281  eval 1.1517  pmax 2.1  (1192s)
step 59000  train 1.1497  eval 1.1852  pmax 2.1  (1213s)
step 60000  train 1.2128  eval 1.1578  pmax 2.1  (1233s)
  [checkpoint + sample saved at step 60000]
step 61000  train 1.1398  eval 1.1687  pmax 2.1  (1253s)
step 62000  train 1.1771  eval 1.1831  pmax 2.1  (1274s)
step 63000  train 1.1621  eval 1.1821  pmax 2.1  (1294s)
step 64000  train 1.1686  eval 1.1725  pmax 2.1  (1314s)
step 65000  train 1.1790  eval 1.1625  pmax 2.1  (1334s)
step 66000  train 1.1704  eval 1.1336  pmax 2.1  (1355s)
  [checkpoint + sample saved at step 66000]
done. artifacts in /home/luke/Wavelet-State-KAN/checkpoints/tf_wikitext_1m_3ep_s123
