/home/luke/Wavelet-State-KAN/experiments/V1_train_tinystories_lm.py:107: UserWarning: The given buffer is not writable, and PyTorch does not support non-writable tensors. This means you can write to the underlying (supposedly non-writable) buffer using the tensor. You may want to copy the buffer to protect its data or make it writable before converting it to a tensor. This type of warning will be suppressed for the rest of this program. (Triggered internally at /__w/pytorch/pytorch/torch/csrc/utils/tensor_new.cpp:1556.)
  train_ids = torch.frombuffer(train_text.encode("utf-8", errors="ignore"), dtype=torch.uint8)
train bytes: 542,898,247  eval bytes: 130,357
model: tf  params: 98,800  device: cuda
step     1  train 5.5440  eval 5.3811  pmax 1.0  (4s)
step  1000  train 1.9517  eval 1.9627  pmax 2.1  (19s)
step  2000  train 1.7398  eval 1.7459  pmax 2.2  (33s)
step  3000  train 1.6797  eval 1.6855  pmax 2.3  (46s)
step  4000  train 1.6407  eval 1.6750  pmax 2.4  (61s)
step  5000  train 1.5949  eval 1.6491  pmax 2.4  (74s)
step  6000  train 1.5860  eval 1.5578  pmax 2.4  (88s)
step  7000  train 1.6234  eval 1.5662  pmax 2.4  (101s)
step  8000  train 1.6030  eval 1.5875  pmax 2.4  (115s)
step  9000  train 1.5845  eval 1.5812  pmax 2.5  (128s)
step 10000  train 1.5927  eval 1.5155  pmax 2.6  (142s)
step 11000  train 1.5547  eval 1.5551  pmax 2.7  (155s)
step 12000  train 1.5363  eval 1.5456  pmax 2.7  (168s)
step 13000  train 1.5517  eval 1.5718  pmax 2.8  (181s)
step 14000  train 1.5599  eval 1.5601  pmax 2.9  (195s)
step 15000  train 1.5389  eval 1.5241  pmax 3.0  (208s)
step 16000  train 1.5250  eval 1.5042  pmax 3.2  (222s)
step 17000  train 1.5531  eval 1.5188  pmax 3.2  (235s)
step 18000  train 1.5211  eval 1.5008  pmax 3.3  (249s)
step 19000  train 1.4910  eval 1.5133  pmax 3.5  (262s)
step 20000  train 1.5243  eval 1.4611  pmax 3.6  (275s)
step 21000  train 1.4765  eval 1.4854  pmax 3.7  (289s)
step 22000  train 1.4998  eval 1.5132  pmax 3.8  (303s)
step 23000  train 1.5332  eval 1.5161  pmax 3.8  (316s)
step 24000  train 1.5389  eval 1.5054  pmax 3.9  (330s)
step 25000  train 1.5037  eval 1.4852  pmax 3.8  (343s)
  [checkpoint + sample saved at step 25000]
step 26000  train 1.5466  eval 1.5100  pmax 3.9  (357s)
step 27000  train 1.5001  eval 1.4902  pmax 3.9  (371s)
step 28000  train 1.4919  eval 1.5008  pmax 4.0  (384s)
step 29000  train 1.5043  eval 1.4454  pmax 4.0  (397s)
step 30000  train 1.4731  eval 1.4958  pmax 4.1  (411s)
step 31000  train 1.4897  eval 1.5094  pmax 4.1  (424s)
step 32000  train 1.5029  eval 1.4774  pmax 4.2  (438s)
step 33000  train 1.4566  eval 1.4765  pmax 4.3  (451s)
step 34000  train 1.5158  eval 1.5046  pmax 4.3  (465s)
step 35000  train 1.4776  eval 1.4419  pmax 4.4  (478s)
step 36000  train 1.4798  eval 1.4978  pmax 4.4  (491s)
step 37000  train 1.4772  eval 1.4607  pmax 4.5  (505s)
step 38000  train 1.4766  eval 1.4847  pmax 4.5  (518s)
step 39000  train 1.4928  eval 1.4484  pmax 4.6  (531s)
step 40000  train 1.5135  eval 1.4465  pmax 4.6  (545s)
step 41000  train 1.4573  eval 1.4665  pmax 4.6  (558s)
step 42000  train 1.4963  eval 1.4485  pmax 4.7  (572s)
step 43000  train 1.4802  eval 1.5027  pmax 4.7  (585s)
step 44000  train 1.4678  eval 1.4386  pmax 4.8  (599s)
step 45000  train 1.4778  eval 1.4318  pmax 4.7  (612s)
step 46000  train 1.4680  eval 1.4753  pmax 4.8  (625s)
step 47000  train 1.4412  eval 1.4376  pmax 4.8  (639s)
step 48000  train 1.4673  eval 1.4616  pmax 4.8  (652s)
step 49000  train 1.4579  eval 1.4469  pmax 4.9  (665s)
step 50000  train 1.4548  eval 1.4284  pmax 5.0  (679s)
  [checkpoint + sample saved at step 50000]
step 51000  train 1.4774  eval 1.4701  pmax 5.1  (693s)
step 52000  train 1.4797  eval 1.4804  pmax 5.1  (707s)
step 53000  train 1.4667  eval 1.4545  pmax 5.2  (720s)
step 54000  train 1.4738  eval 1.3999  pmax 5.3  (734s)
step 55000  train 1.4466  eval 1.4787  pmax 5.4  (748s)
step 56000  train 1.4684  eval 1.4818  pmax 5.4  (761s)
step 57000  train 1.4970  eval 1.4544  pmax 5.5  (774s)
step 58000  train 1.4407  eval 1.4700  pmax 5.5  (788s)
step 59000  train 1.4394  eval 1.4406  pmax 5.6  (801s)
step 60000  train 1.4463  eval 1.4375  pmax 5.6  (815s)
step 61000  train 1.4680  eval 1.4740  pmax 5.7  (829s)
step 62000  train 1.4511  eval 1.4511  pmax 5.8  (842s)
step 63000  train 1.4400  eval 1.4101  pmax 5.8  (855s)
step 64000  train 1.4671  eval 1.4768  pmax 5.9  (869s)
step 65000  train 1.4363  eval 1.4235  pmax 5.9  (882s)
step 66000  train 1.4650  eval 1.4471  pmax 5.9  (896s)
step 67000  train 1.4474  eval 1.4736  pmax 6.0  (909s)
step 68000  train 1.4870  eval 1.4366  pmax 6.1  (923s)
step 69000  train 1.4555  eval 1.4203  pmax 6.1  (936s)
step 70000  train 1.4930  eval 1.4386  pmax 6.1  (950s)
step 71000  train 1.4547  eval 1.4377  pmax 6.2  (964s)
step 72000  train 1.4442  eval 1.4707  pmax 6.2  (977s)
step 73000  train 1.3926  eval 1.3974  pmax 6.2  (990s)
step 74000  train 1.4400  eval 1.4425  pmax 6.3  (1004s)
step 75000  train 1.4730  eval 1.4762  pmax 6.3  (1017s)
  [checkpoint + sample saved at step 75000]
step 76000  train 1.4535  eval 1.4282  pmax 6.3  (1031s)
step 77000  train 1.4692  eval 1.4451  pmax 6.4  (1045s)
step 78000  train 1.4443  eval 1.4457  pmax 6.4  (1058s)
step 79000  train 1.4251  eval 1.4419  pmax 6.4  (1072s)
step 80000  train 1.4693  eval 1.4386  pmax 6.4  (1085s)
step 81000  train 1.4825  eval 1.3850  pmax 6.4  (1099s)
step 82000  train 1.4516  eval 1.4168  pmax 6.5  (1112s)
step 83000  train 1.4597  eval 1.4101  pmax 6.5  (1126s)
step 84000  train 1.4729  eval 1.4306  pmax 6.5  (1139s)
step 85000  train 1.4043  eval 1.4398  pmax 6.5  (1152s)
step 86000  train 1.4161  eval 1.4455  pmax 6.5  (1166s)
step 87000  train 1.4721  eval 1.4033  pmax 6.5  (1179s)
step 88000  train 1.4588  eval 1.4171  pmax 6.5  (1193s)
step 89000  train 1.4223  eval 1.4571  pmax 6.5  (1206s)
step 90000  train 1.4666  eval 1.4633  pmax 6.5  (1219s)
step 91000  train 1.4648  eval 1.4357  pmax 6.5  (1233s)
step 92000  train 1.4219  eval 1.4305  pmax 6.5  (1246s)
step 93000  train 1.4286  eval 1.4012  pmax 6.5  (1260s)
step 94000  train 1.4342  eval 1.4582  pmax 6.5  (1273s)
step 95000  train 1.4219  eval 1.4352  pmax 6.5  (1286s)
step 96000  train 1.4508  eval 1.4370  pmax 6.5  (1300s)
step 97000  train 1.4105  eval 1.4015  pmax 6.5  (1312s)
step 98000  train 1.4054  eval 1.4061  pmax 6.5  (1326s)
step 99000  train 1.4338  eval 1.4288  pmax 6.5  (1339s)
  [checkpoint + sample saved at step 99000]
done. artifacts in /home/luke/Wavelet-State-KAN/checkpoints/tf_wikitext_100k_3ep_s2024
