/home/luke/Wavelet-State-KAN/experiments/V1_train_tinystories_lm.py:107: UserWarning: The given buffer is not writable, and PyTorch does not support non-writable tensors. This means you can write to the underlying (supposedly non-writable) buffer using the tensor. You may want to copy the buffer to protect its data or make it writable before converting it to a tensor. This type of warning will be suppressed for the rest of this program. (Triggered internally at /__w/pytorch/pytorch/torch/csrc/utils/tensor_new.cpp:1556.)
  train_ids = torch.frombuffer(train_text.encode("utf-8", errors="ignore"), dtype=torch.uint8)
train bytes: 542,898,247  eval bytes: 130,357
model: tf  params: 98,800  device: cuda
W0920 00:06:27.832000 124204 .venv/lib/python3.12/site-packages/torch/_inductor/utils.py:1806] [0/0] Not enough SMs to use max_autotune_gemm mode
step     1  train 5.5268  eval 5.4894  pmax 1.0  (24s)
step  1000  train 1.9232  eval 1.9302  pmax 2.2  (37s)
step  2000  train 1.7860  eval 1.7748  pmax 2.5  (51s)
step  3000  train 1.7032  eval 1.6945  pmax 2.6  (66s)
step  4000  train 1.6856  eval 1.6559  pmax 2.6  (80s)
step  5000  train 1.6458  eval 1.6229  pmax 2.7  (94s)
step  6000  train 1.6298  eval 1.5840  pmax 2.7  (108s)
step  7000  train 1.6177  eval 1.5810  pmax 2.7  (122s)
step  8000  train 1.5862  eval 1.5952  pmax 2.7  (135s)
step  9000  train 1.6223  eval 1.5911  pmax 2.6  (149s)
step 10000  train 1.5992  eval 1.5575  pmax 2.6  (163s)
step 11000  train 1.5613  eval 1.5563  pmax 2.7  (177s)
step 12000  train 1.5631  eval 1.5070  pmax 2.7  (190s)
step 13000  train 1.5574  eval 1.5495  pmax 2.8  (204s)
step 14000  train 1.5363  eval 1.5942  pmax 2.8  (218s)
step 15000  train 1.5758  eval 1.5088  pmax 2.9  (232s)
step 16000  train 1.4776  eval 1.5672  pmax 2.9  (245s)
step 17000  train 1.5246  eval 1.5504  pmax 2.9  (259s)
step 18000  train 1.4987  eval 1.4675  pmax 3.1  (273s)
step 19000  train 1.5109  eval 1.5215  pmax 3.3  (287s)
step 20000  train 1.5329  eval 1.4973  pmax 3.3  (302s)
step 21000  train 1.4864  eval 1.5225  pmax 3.5  (316s)
step 22000  train 1.5168  eval 1.5008  pmax 3.6  (330s)
step 23000  train 1.5320  eval 1.4729  pmax 3.8  (343s)
step 24000  train 1.4861  eval 1.5013  pmax 3.9  (357s)
step 25000  train 1.4904  eval 1.4878  pmax 4.0  (371s)
  [checkpoint + sample saved at step 25000]
step 26000  train 1.5286  eval 1.5237  pmax 4.1  (386s)
step 27000  train 1.5297  eval 1.5058  pmax 4.2  (400s)
step 28000  train 1.5049  eval 1.4905  pmax 4.4  (414s)
step 29000  train 1.5007  eval 1.5215  pmax 4.4  (428s)
step 30000  train 1.4883  eval 1.4724  pmax 4.5  (442s)
step 31000  train 1.5213  eval 1.4681  pmax 4.6  (456s)
step 32000  train 1.4885  eval 1.4924  pmax 4.6  (469s)
step 33000  train 1.4908  eval 1.4450  pmax 4.7  (483s)
step 34000  train 1.4894  eval 1.4809  pmax 4.8  (496s)
step 35000  train 1.4704  eval 1.4850  pmax 4.8  (511s)
step 36000  train 1.4358  eval 1.4752  pmax 4.9  (524s)
step 37000  train 1.4755  eval 1.5091  pmax 5.0  (538s)
step 38000  train 1.4807  eval 1.5014  pmax 5.0  (552s)
step 39000  train 1.4912  eval 1.4798  pmax 5.0  (566s)
step 40000  train 1.4501  eval 1.4778  pmax 5.1  (580s)
step 41000  train 1.4842  eval 1.4469  pmax 5.1  (594s)
step 42000  train 1.4799  eval 1.4863  pmax 5.2  (608s)
step 43000  train 1.4940  eval 1.5062  pmax 5.2  (622s)
step 44000  train 1.4966  eval 1.4872  pmax 5.2  (636s)
step 45000  train 1.4883  eval 1.4209  pmax 5.2  (650s)
step 46000  train 1.4946  eval 1.4381  pmax 5.3  (663s)
step 47000  train 1.4707  eval 1.5252  pmax 5.3  (677s)
step 48000  train 1.4556  eval 1.4489  pmax 5.3  (690s)
step 49000  train 1.4748  eval 1.4558  pmax 5.3  (704s)
step 50000  train 1.4606  eval 1.4099  pmax 5.3  (718s)
  [checkpoint + sample saved at step 50000]
step 51000  train 1.4609  eval 1.4640  pmax 5.4  (732s)
step 52000  train 1.4623  eval 1.4701  pmax 5.4  (746s)
step 53000  train 1.4705  eval 1.4647  pmax 5.4  (760s)
step 54000  train 1.4328  eval 1.4750  pmax 5.5  (774s)
step 55000  train 1.4733  eval 1.4673  pmax 5.6  (788s)
step 56000  train 1.4695  eval 1.4634  pmax 5.6  (802s)
step 57000  train 1.4701  eval 1.4171  pmax 5.7  (815s)
step 58000  train 1.4476  eval 1.4543  pmax 5.7  (829s)
step 59000  train 1.4311  eval 1.4503  pmax 5.7  (843s)
step 60000  train 1.4506  eval 1.4475  pmax 5.8  (857s)
step 61000  train 1.4473  eval 1.4024  pmax 5.8  (871s)
step 62000  train 1.4620  eval 1.4161  pmax 5.8  (884s)
step 63000  train 1.4730  eval 1.4308  pmax 5.9  (898s)
step 64000  train 1.4707  eval 1.4827  pmax 5.9  (911s)
step 65000  train 1.4374  eval 1.4174  pmax 5.9  (925s)
step 66000  train 1.4339  eval 1.4403  pmax 5.9  (939s)
step 67000  train 1.4573  eval 1.4551  pmax 5.9  (952s)
step 68000  train 1.4818  eval 1.4113  pmax 6.0  (966s)
step 69000  train 1.4323  eval 1.4613  pmax 6.0  (980s)
step 70000  train 1.4247  eval 1.4231  pmax 6.0  (994s)
step 71000  train 1.4373  eval 1.4167  pmax 6.0  (1008s)
step 72000  train 1.4678  eval 1.4817  pmax 6.0  (1021s)
step 73000  train 1.4416  eval 1.4469  pmax 6.0  (1035s)
step 74000  train 1.4644  eval 1.4175  pmax 6.0  (1049s)
step 75000  train 1.4455  eval 1.4385  pmax 6.1  (1062s)
  [checkpoint + sample saved at step 75000]
step 76000  train 1.4606  eval 1.4082  pmax 6.1  (1077s)
step 77000  train 1.4422  eval 1.4130  pmax 6.1  (1091s)
step 78000  train 1.4338  eval 1.4130  pmax 6.1  (1105s)
step 79000  train 1.3988  eval 1.4641  pmax 6.1  (1119s)
step 80000  train 1.3955  eval 1.4793  pmax 6.1  (1132s)
step 81000  train 1.4419  eval 1.4185  pmax 6.1  (1146s)
step 82000  train 1.4448  eval 1.4243  pmax 6.1  (1160s)
step 83000  train 1.4402  eval 1.4599  pmax 6.1  (1174s)
step 84000  train 1.4674  eval 1.4358  pmax 6.1  (1187s)
step 85000  train 1.4618  eval 1.4172  pmax 6.1  (1201s)
step 86000  train 1.4494  eval 1.3949  pmax 6.2  (1215s)
step 87000  train 1.4367  eval 1.4315  pmax 6.2  (1229s)
step 88000  train 1.4619  eval 1.4061  pmax 6.2  (1243s)
step 89000  train 1.4198  eval 1.4408  pmax 6.2  (1257s)
step 90000  train 1.4173  eval 1.4613  pmax 6.2  (1271s)
step 91000  train 1.4881  eval 1.4299  pmax 6.2  (1284s)
step 92000  train 1.4416  eval 1.4254  pmax 6.2  (1298s)
step 93000  train 1.4324  eval 1.3759  pmax 6.2  (1312s)
step 94000  train 1.4600  eval 1.4375  pmax 6.2  (1326s)
step 95000  train 1.4099  eval 1.4421  pmax 6.2  (1340s)
step 96000  train 1.4245  eval 1.4488  pmax 6.2  (1353s)
step 97000  train 1.4347  eval 1.4160  pmax 6.2  (1367s)
step 98000  train 1.4601  eval 1.4043  pmax 6.2  (1381s)
step 99000  train 1.4260  eval 1.4401  pmax 6.2  (1395s)
  [checkpoint + sample saved at step 99000]
done. artifacts in /home/luke/Wavelet-State-KAN/checkpoints/tf_wikitext_100k_3ep_s123
