/home/luke/Wavelet-State-KAN/experiments/V1_train_tinystories_lm.py:107: UserWarning: The given buffer is not writable, and PyTorch does not support non-writable tensors. This means you can write to the underlying (supposedly non-writable) buffer using the tensor. You may want to copy the buffer to protect its data or make it writable before converting it to a tensor. This type of warning will be suppressed for the rest of this program. (Triggered internally at /__w/pytorch/pytorch/torch/csrc/utils/tensor_new.cpp:1556.)
  train_ids = torch.frombuffer(train_text.encode("utf-8", errors="ignore"), dtype=torch.uint8)
train bytes: 542,898,247  eval bytes: 130,357
model: tf  params: 9,840  device: cuda
step     1  train 5.4949  eval 5.4296  pmax 1.0  (1s)
step  1000  train 2.4156  eval 2.4284  pmax 2.2  (13s)
step  2000  train 2.2509  eval 2.2513  pmax 2.4  (25s)
step  3000  train 2.2208  eval 2.2090  pmax 2.5  (37s)
step  4000  train 2.1987  eval 2.2089  pmax 2.7  (49s)
step  5000  train 2.1715  eval 2.1553  pmax 2.8  (61s)
step  6000  train 2.1420  eval 2.1497  pmax 2.8  (73s)
step  7000  train 2.1393  eval 2.1212  pmax 2.9  (85s)
step  8000  train 2.1405  eval 2.1430  pmax 3.0  (96s)
step  9000  train 2.1297  eval 2.1294  pmax 3.0  (108s)
step 10000  train 2.1505  eval 2.1080  pmax 3.0  (120s)
step 11000  train 2.1064  eval 2.1046  pmax 3.0  (132s)
step 12000  train 2.1171  eval 2.1071  pmax 3.1  (144s)
step 13000  train 2.1112  eval 2.1398  pmax 3.1  (157s)
step 14000  train 2.0981  eval 2.1341  pmax 3.1  (169s)
step 15000  train 2.1421  eval 2.1052  pmax 3.1  (181s)
step 16000  train 2.0614  eval 2.1061  pmax 3.2  (192s)
step 17000  train 2.1008  eval 2.1275  pmax 3.2  (204s)
step 18000  train 2.0606  eval 2.0618  pmax 3.3  (217s)
step 19000  train 2.0852  eval 2.1260  pmax 3.4  (229s)
step 20000  train 2.0988  eval 2.0794  pmax 3.4  (241s)
step 21000  train 2.0848  eval 2.0715  pmax 3.5  (253s)
step 22000  train 2.0637  eval 2.0871  pmax 3.5  (265s)
step 23000  train 2.0842  eval 2.0621  pmax 3.5  (277s)
step 24000  train 2.0680  eval 2.0732  pmax 3.6  (289s)
step 25000  train 2.0542  eval 2.0524  pmax 3.6  (301s)
  [checkpoint + sample saved at step 25000]
step 26000  train 2.0657  eval 2.0997  pmax 3.6  (313s)
step 27000  train 2.1137  eval 2.0702  pmax 3.6  (325s)
step 28000  train 2.0563  eval 2.0485  pmax 3.6  (337s)
step 29000  train 2.0617  eval 2.0988  pmax 3.7  (349s)
step 30000  train 2.0575  eval 2.0505  pmax 3.7  (361s)
step 31000  train 2.0924  eval 2.0700  pmax 3.7  (372s)
step 32000  train 2.0431  eval 2.0556  pmax 3.7  (384s)
step 33000  train 2.0513  eval 2.0577  pmax 3.7  (397s)
step 34000  train 2.0484  eval 2.0660  pmax 3.7  (409s)
step 35000  train 2.0569  eval 2.0571  pmax 3.8  (421s)
step 36000  train 2.0191  eval 2.0535  pmax 3.8  (433s)
step 37000  train 2.0369  eval 2.0777  pmax 3.8  (445s)
step 38000  train 2.0625  eval 2.0721  pmax 3.8  (457s)
step 39000  train 2.0748  eval 2.0394  pmax 3.8  (469s)
step 40000  train 2.0207  eval 2.0477  pmax 3.8  (481s)
step 41000  train 2.0646  eval 2.0370  pmax 3.9  (493s)
step 42000  train 2.0503  eval 2.0587  pmax 3.9  (505s)
step 43000  train 2.0789  eval 2.0689  pmax 3.9  (517s)
step 44000  train 2.0596  eval 2.0550  pmax 3.9  (529s)
step 45000  train 2.0510  eval 2.0258  pmax 3.9  (541s)
step 46000  train 2.0407  eval 2.0411  pmax 3.9  (553s)
step 47000  train 2.0497  eval 2.0898  pmax 3.9  (565s)
step 48000  train 2.0470  eval 2.0366  pmax 3.9  (577s)
step 49000  train 2.0535  eval 2.0740  pmax 3.9  (589s)
step 50000  train 2.0319  eval 2.0098  pmax 3.9  (601s)
  [checkpoint + sample saved at step 50000]
done. artifacts in /home/luke/Wavelet-State-KAN/checkpoints/tf_wikitext_10k_3ep_s123
