/home/luke/Wavelet-State-KAN/experiments/V1_train_tinystories_lm.py:107: UserWarning: The given buffer is not writable, and PyTorch does not support non-writable tensors. This means you can write to the underlying (supposedly non-writable) buffer using the tensor. You may want to copy the buffer to protect its data or make it writable before converting it to a tensor. This type of warning will be suppressed for the rest of this program. (Triggered internally at /__w/pytorch/pytorch/torch/csrc/utils/tensor_new.cpp:1556.)
  train_ids = torch.frombuffer(train_text.encode("utf-8", errors="ignore"), dtype=torch.uint8)
train bytes: 542,898,247  eval bytes: 130,357
model: tf  params: 98,800  device: cuda
step     1  train 5.5088  eval 5.3971  pmax 1.0  (5s)
step  1000  train 2.0502  eval 2.0087  pmax 2.1  (18s)
step  2000  train 1.8207  eval 1.7889  pmax 2.2  (32s)
step  3000  train 1.7496  eval 1.7637  pmax 2.3  (46s)
step  4000  train 1.6910  eval 1.7114  pmax 2.3  (60s)
step  5000  train 1.6414  eval 1.6446  pmax 2.3  (74s)
step  6000  train 1.7070  eval 1.6669  pmax 2.3  (87s)
step  7000  train 1.6466  eval 1.6824  pmax 2.4  (101s)
step  8000  train 1.6092  eval 1.6436  pmax 2.5  (115s)
step  9000  train 1.5672  eval 1.5844  pmax 2.5  (129s)
step 10000  train 1.6225  eval 1.5909  pmax 2.5  (142s)
step 11000  train 1.5650  eval 1.5753  pmax 2.6  (155s)
step 12000  train 1.5966  eval 1.5630  pmax 2.7  (169s)
step 13000  train 1.5763  eval 1.5659  pmax 2.8  (182s)
step 14000  train 1.5388  eval 1.5719  pmax 3.0  (196s)
step 15000  train 1.5544  eval 1.5461  pmax 3.2  (210s)
step 16000  train 1.5931  eval 1.5552  pmax 3.3  (223s)
step 17000  train 1.5489  eval 1.5865  pmax 3.5  (236s)
step 18000  train 1.5698  eval 1.5225  pmax 3.6  (249s)
step 19000  train 1.5511  eval 1.5683  pmax 3.8  (263s)
step 20000  train 1.5540  eval 1.5465  pmax 4.0  (276s)
step 21000  train 1.5683  eval 1.5444  pmax 4.1  (289s)
step 22000  train 1.5445  eval 1.5083  pmax 4.2  (303s)
step 23000  train 1.5730  eval 1.5462  pmax 4.3  (317s)
step 24000  train 1.5043  eval 1.5273  pmax 4.4  (330s)
step 25000  train 1.5582  eval 1.5217  pmax 4.5  (344s)
  [checkpoint + sample saved at step 25000]
step 26000  train 1.5212  eval 1.5174  pmax 4.5  (358s)
step 27000  train 1.5371  eval 1.5146  pmax 4.6  (372s)
step 28000  train 1.4987  eval 1.4926  pmax 4.7  (385s)
step 29000  train 1.4915  eval 1.5325  pmax 4.7  (399s)
step 30000  train 1.5589  eval 1.5081  pmax 4.8  (412s)
step 31000  train 1.5442  eval 1.5053  pmax 4.8  (426s)
step 32000  train 1.5095  eval 1.4859  pmax 4.9  (440s)
step 33000  train 1.5125  eval 1.5203  pmax 4.9  (454s)
step 34000  train 1.5184  eval 1.4874  pmax 5.0  (467s)
step 35000  train 1.4857  eval 1.4761  pmax 5.0  (481s)
step 36000  train 1.4877  eval 1.5031  pmax 5.1  (494s)
step 37000  train 1.4768  eval 1.4650  pmax 5.1  (508s)
step 38000  train 1.4574  eval 1.4627  pmax 5.1  (521s)
step 39000  train 1.5056  eval 1.4759  pmax 5.2  (535s)
step 40000  train 1.4883  eval 1.4891  pmax 5.2  (549s)
step 41000  train 1.5168  eval 1.4797  pmax 5.3  (562s)
step 42000  train 1.4776  eval 1.4900  pmax 5.3  (576s)
step 43000  train 1.5027  eval 1.4431  pmax 5.4  (589s)
step 44000  train 1.4846  eval 1.5191  pmax 5.4  (603s)
step 45000  train 1.4669  eval 1.4695  pmax 5.4  (616s)
step 46000  train 1.4522  eval 1.5170  pmax 5.5  (630s)
step 47000  train 1.4904  eval 1.4329  pmax 5.5  (644s)
step 48000  train 1.4884  eval 1.4616  pmax 5.5  (657s)
step 49000  train 1.4399  eval 1.4615  pmax 5.5  (671s)
step 50000  train 1.5121  eval 1.4511  pmax 5.6  (684s)
  [checkpoint + sample saved at step 50000]
step 51000  train 1.4764  eval 1.4660  pmax 5.6  (699s)
step 52000  train 1.4429  eval 1.4555  pmax 5.6  (713s)
step 53000  train 1.4809  eval 1.4466  pmax 5.7  (727s)
step 54000  train 1.4679  eval 1.4588  pmax 5.7  (740s)
step 55000  train 1.4677  eval 1.4658  pmax 5.7  (754s)
step 56000  train 1.4682  eval 1.4300  pmax 5.7  (768s)
step 57000  train 1.4551  eval 1.4399  pmax 5.7  (781s)
step 58000  train 1.4461  eval 1.4688  pmax 5.8  (795s)
step 59000  train 1.4486  eval 1.5107  pmax 5.8  (809s)
step 60000  train 1.4446  eval 1.4746  pmax 5.8  (822s)
step 61000  train 1.4922  eval 1.4773  pmax 5.8  (836s)
step 62000  train 1.4748  eval 1.4566  pmax 5.8  (849s)
step 63000  train 1.4660  eval 1.4308  pmax 5.8  (863s)
step 64000  train 1.4618  eval 1.4855  pmax 5.8  (876s)
step 65000  train 1.4482  eval 1.4642  pmax 5.8  (889s)
step 66000  train 1.4838  eval 1.4700  pmax 5.8  (903s)
step 67000  train 1.4159  eval 1.4531  pmax 5.8  (916s)
step 68000  train 1.4105  eval 1.4833  pmax 5.8  (930s)
step 69000  train 1.5050  eval 1.4314  pmax 5.8  (943s)
step 70000  train 1.4365  eval 1.4505  pmax 5.9  (956s)
step 71000  train 1.4623  eval 1.4389  pmax 5.8  (970s)
step 72000  train 1.4341  eval 1.4347  pmax 5.9  (984s)
step 73000  train 1.4362  eval 1.4542  pmax 5.9  (998s)
step 74000  train 1.4651  eval 1.4828  pmax 5.9  (1011s)
step 75000  train 1.4595  eval 1.4668  pmax 5.9  (1024s)
  [checkpoint + sample saved at step 75000]
step 76000  train 1.4751  eval 1.3874  pmax 5.9  (1039s)
step 77000  train 1.4279  eval 1.4404  pmax 5.9  (1053s)
step 78000  train 1.4192  eval 1.4689  pmax 5.9  (1066s)
step 79000  train 1.4541  eval 1.4201  pmax 5.9  (1080s)
step 80000  train 1.4703  eval 1.4301  pmax 5.9  (1093s)
step 81000  train 1.4465  eval 1.4214  pmax 5.9  (1107s)
step 82000  train 1.4488  eval 1.4764  pmax 5.9  (1121s)
step 83000  train 1.4738  eval 1.4422  pmax 5.9  (1134s)
step 84000  train 1.4468  eval 1.4275  pmax 5.9  (1148s)
step 85000  train 1.4612  eval 1.4411  pmax 5.9  (1161s)
step 86000  train 1.4256  eval 1.4482  pmax 5.9  (1175s)
step 87000  train 1.4513  eval 1.4504  pmax 5.9  (1189s)
step 88000  train 1.4526  eval 1.4284  pmax 5.9  (1202s)
step 89000  train 1.4550  eval 1.4634  pmax 5.9  (1216s)
step 90000  train 1.4603  eval 1.5031  pmax 5.9  (1230s)
step 91000  train 1.4485  eval 1.4310  pmax 5.9  (1244s)
step 92000  train 1.4688  eval 1.4172  pmax 5.9  (1257s)
step 93000  train 1.4096  eval 1.4436  pmax 5.9  (1271s)
step 94000  train 1.4456  eval 1.4144  pmax 5.9  (1284s)
step 95000  train 1.4375  eval 1.5036  pmax 5.9  (1298s)
step 96000  train 1.4977  eval 1.4449  pmax 5.9  (1312s)
step 97000  train 1.4478  eval 1.4238  pmax 5.9  (1326s)
step 98000  train 1.4368  eval 1.4494  pmax 5.9  (1340s)
step 99000  train 1.4253  eval 1.4364  pmax 5.9  (1354s)
  [checkpoint + sample saved at step 99000]
done. artifacts in /home/luke/Wavelet-State-KAN/checkpoints/tf_wikitext_100k_3ep_s7
