/home/luke/Wavelet-State-KAN/experiments/V1_train_tinystories_lm.py:107: UserWarning: The given buffer is not writable, and PyTorch does not support non-writable tensors. This means you can write to the underlying (supposedly non-writable) buffer using the tensor. You may want to copy the buffer to protect its data or make it writable before converting it to a tensor. This type of warning will be suppressed for the rest of this program. (Triggered internally at /__w/pytorch/pytorch/torch/csrc/utils/tensor_new.cpp:1556.)
  train_ids = torch.frombuffer(train_text.encode("utf-8", errors="ignore"), dtype=torch.uint8)
train bytes: 542,898,247  eval bytes: 130,357
model: tf  params: 2,284  device: cuda
step     1  train 5.5363  eval 5.5177  pmax 1.0  (1s)
step  1000  train 2.7367  eval 2.7441  pmax 2.3  (9s)
step  2000  train 2.6818  eval 2.6995  pmax 3.1  (18s)
step  3000  train 2.6419  eval 2.6685  pmax 3.3  (27s)
step  4000  train 2.6286  eval 2.6576  pmax 3.6  (35s)
step  5000  train 2.6075  eval 2.6411  pmax 3.8  (44s)
step  6000  train 2.6180  eval 2.6264  pmax 3.9  (53s)
step  7000  train 2.6221  eval 2.6359  pmax 3.9  (62s)
step  8000  train 2.6120  eval 2.6183  pmax 4.0  (70s)
step  9000  train 2.6138  eval 2.6199  pmax 4.2  (79s)
step 10000  train 2.6162  eval 2.6197  pmax 4.5  (88s)
step 11000  train 2.6078  eval 2.6119  pmax 4.7  (96s)
step 12000  train 2.6111  eval 2.6045  pmax 4.9  (105s)
step 13000  train 2.6086  eval 2.6364  pmax 5.2  (113s)
step 14000  train 2.6262  eval 2.6373  pmax 5.3  (122s)
step 15000  train 2.6253  eval 2.6174  pmax 5.5  (131s)
step 16000  train 2.5872  eval 2.6417  pmax 5.6  (139s)
step 17000  train 2.5997  eval 2.6187  pmax 5.6  (148s)
step 18000  train 2.6147  eval 2.6453  pmax 5.7  (156s)
step 19000  train 2.5879  eval 2.6227  pmax 5.8  (165s)
step 20000  train 2.6048  eval 2.5993  pmax 5.8  (174s)
step 21000  train 2.5937  eval 2.6086  pmax 5.8  (182s)
step 22000  train 2.5740  eval 2.6211  pmax 5.8  (191s)
step 23000  train 2.6034  eval 2.6328  pmax 5.9  (200s)
step 24000  train 2.6120  eval 2.6345  pmax 5.9  (208s)
step 25000  train 2.6168  eval 2.6362  pmax 5.9  (217s)
  [checkpoint + sample saved at step 25000]
step 26000  train 2.6077  eval 2.6414  pmax 5.9  (226s)
step 27000  train 2.5821  eval 2.6585  pmax 5.9  (234s)
step 28000  train 2.6058  eval 2.6241  pmax 5.9  (242s)
step 29000  train 2.6393  eval 2.5956  pmax 5.9  (251s)
step 30000  train 2.6035  eval 2.6182  pmax 5.9  (259s)
step 31000  train 2.6017  eval 2.6149  pmax 5.9  (268s)
step 32000  train 2.6114  eval 2.5908  pmax 5.9  (276s)
step 33000  train 2.5950  eval 2.6223  pmax 5.9  (285s)
  [checkpoint + sample saved at step 33000]
done. artifacts in /home/luke/Wavelet-State-KAN/checkpoints/tf_wikitext_1k_3ep_s2024
