/home/luke/Wavelet-State-KAN/experiments/V1_train_tinystories_lm.py:107: UserWarning: The given buffer is not writable, and PyTorch does not support non-writable tensors. This means you can write to the underlying (supposedly non-writable) buffer using the tensor. You may want to copy the buffer to protect its data or make it writable before converting it to a tensor. This type of warning will be suppressed for the rest of this program. (Triggered internally at /__w/pytorch/pytorch/torch/csrc/utils/tensor_new.cpp:1556.)
  train_ids = torch.frombuffer(train_text.encode("utf-8", errors="ignore"), dtype=torch.uint8)
train bytes: 542,898,247  eval bytes: 130,357
model: wskan11real  params: 3,610  device: cuda
W0920 09:12:13.748000 690287 .venv/lib/python3.12/site-packages/torch/_inductor/utils.py:1806] [0/0] Not enough SMs to use max_autotune_gemm mode
step     1  train 5.5493  eval 5.5431  pmax 3.0  (12s)
step  1000  train 2.5141  eval 2.5675  pmax 3.1  (21s)
step  2000  train 2.4869  eval 2.5117  pmax 3.5  (30s)
step  3000  train 2.4993  eval 2.5091  pmax 4.0  (38s)
step  4000  train 2.4803  eval 2.4907  pmax 4.0  (47s)
step  5000  train 2.4696  eval 2.4793  pmax 3.9  (55s)
step  6000  train 2.4193  eval 2.4422  pmax 4.1  (64s)
step  7000  train 2.4410  eval 2.4406  pmax 4.9  (72s)
step  8000  train 2.4235  eval 2.4421  pmax 5.3  (81s)
step  9000  train 2.4366  eval 2.4392  pmax 5.6  (89s)
step 10000  train 2.4421  eval 2.4174  pmax 5.7  (98s)
step 11000  train 2.4274  eval 2.4082  pmax 5.9  (106s)
step 12000  train 2.4159  eval 2.4326  pmax 6.0  (115s)
step 13000  train 2.3849  eval 2.4241  pmax 6.1  (123s)
step 14000  train 2.3848  eval 2.4184  pmax 6.2  (132s)
step 15000  train 2.4523  eval 2.4207  pmax 6.3  (140s)
step 16000  train 2.3939  eval 2.4181  pmax 6.4  (148s)
step 17000  train 2.4039  eval 2.4217  pmax 6.4  (157s)
step 18000  train 2.3743  eval 2.3784  pmax 6.5  (165s)
step 19000  train 2.3821  eval 2.4152  pmax 6.5  (174s)
step 20000  train 2.4116  eval 2.3933  pmax 6.5  (183s)
step 21000  train 2.4013  eval 2.3864  pmax 6.6  (191s)
step 22000  train 2.3868  eval 2.4021  pmax 6.6  (200s)
step 23000  train 2.3897  eval 2.3954  pmax 6.6  (209s)
step 24000  train 2.3888  eval 2.3967  pmax 6.6  (217s)
step 25000  train 2.3793  eval 2.3772  pmax 6.6  (226s)
  [checkpoint + sample saved at step 25000]
step 26000  train 2.3787  eval 2.4271  pmax 6.6  (236s)
step 27000  train 2.4412  eval 2.4008  pmax 6.6  (244s)
step 28000  train 2.3791  eval 2.3833  pmax 6.6  (253s)
step 29000  train 2.3753  eval 2.4331  pmax 6.6  (261s)
step 30000  train 2.3795  eval 2.3957  pmax 6.6  (269s)
step 31000  train 2.4057  eval 2.3970  pmax 6.6  (277s)
step 32000  train 2.3769  eval 2.3934  pmax 6.6  (286s)
step 33000  train 2.3679  eval 2.4143  pmax 6.6  (294s)
  [checkpoint + sample saved at step 33000]
done. artifacts in /home/luke/Wavelet-State-KAN/checkpoints/wskan11real_wikitext_1k_3ep_s123
