/home/luke/Wavelet-State-KAN/experiments/V1_train_tinystories_lm.py:107: UserWarning: The given buffer is not writable, and PyTorch does not support non-writable tensors. This means you can write to the underlying (supposedly non-writable) buffer using the tensor. You may want to copy the buffer to protect its data or make it writable before converting it to a tensor. This type of warning will be suppressed for the rest of this program. (Triggered internally at /__w/pytorch/pytorch/torch/csrc/utils/tensor_new.cpp:1556.)
  train_ids = torch.frombuffer(train_text.encode("utf-8", errors="ignore"), dtype=torch.uint8)
train bytes: 1,195,926,439  eval bytes: 2,859,070
model: wskan11real  params: 3,610  device: cuda
W0920 08:47:17.738000 666038 .venv/lib/python3.12/site-packages/torch/_inductor/utils.py:1806] [0/0] Not enough SMs to use max_autotune_gemm mode
step     1  train 5.5498  eval 5.5422  pmax 3.0  (12s)
step  1000  train 2.6598  eval 2.6699  pmax 2.9  (21s)
step  2000  train 2.6107  eval 2.6094  pmax 4.4  (30s)
step  3000  train 2.6126  eval 2.5823  pmax 5.1  (39s)
step  4000  train 2.5589  eval 2.6118  pmax 4.7  (47s)
step  5000  train 2.5829  eval 2.5320  pmax 4.4  (56s)
step  6000  train 2.5527  eval 2.5857  pmax 5.0  (65s)
step  7000  train 2.5544  eval 2.5087  pmax 5.2  (73s)
step  8000  train 2.5517  eval 2.5224  pmax 5.3  (81s)
step  9000  train 2.5480  eval 2.5578  pmax 5.3  (90s)
step 10000  train 2.5595  eval 2.5640  pmax 5.2  (98s)
step 11000  train 2.5365  eval 2.5116  pmax 5.2  (107s)
step 12000  train 2.4979  eval 2.5506  pmax 5.1  (116s)
step 13000  train 2.4968  eval 2.4843  pmax 5.1  (125s)
step 14000  train 2.5285  eval 2.5223  pmax 5.0  (133s)
step 15000  train 2.5119  eval 2.4873  pmax 4.7  (142s)
step 16000  train 2.5046  eval 2.5102  pmax 5.1  (152s)
step 17000  train 2.4928  eval 2.5368  pmax 5.6  (160s)
step 18000  train 2.5295  eval 2.4829  pmax 6.0  (169s)
step 19000  train 2.5237  eval 2.5045  pmax 6.4  (178s)
step 20000  train 2.4784  eval 2.5361  pmax 6.7  (187s)
step 21000  train 2.5147  eval 2.5436  pmax 6.9  (196s)
step 22000  train 2.5299  eval 2.5433  pmax 7.1  (204s)
step 23000  train 2.5294  eval 2.4809  pmax 7.2  (213s)
step 24000  train 2.4875  eval 2.4676  pmax 7.2  (222s)
step 25000  train 2.5166  eval 2.5079  pmax 7.3  (230s)
  [checkpoint + sample saved at step 25000]
step 26000  train 2.4745  eval 2.4810  pmax 7.3  (240s)
step 27000  train 2.5021  eval 2.4895  pmax 7.3  (249s)
step 28000  train 2.4753  eval 2.4969  pmax 7.3  (258s)
step 29000  train 2.4842  eval 2.4946  pmax 7.3  (267s)
step 30000  train 2.5172  eval 2.5146  pmax 7.3  (275s)
step 31000  train 2.4951  eval 2.5234  pmax 7.3  (284s)
step 32000  train 2.4906  eval 2.5259  pmax 7.3  (293s)
step 33000  train 2.4684  eval 2.4959  pmax 7.3  (301s)
step 34000  train 2.5345  eval 2.4776  pmax 7.3  (310s)
step 35000  train 2.5043  eval 2.4907  pmax 7.3  (319s)
step 36000  train 2.5054  eval 2.5192  pmax 7.3  (327s)
  [checkpoint + sample saved at step 36000]
done. artifacts in /home/luke/Wavelet-State-KAN/checkpoints/wskan11real_ultrachat_1k_3ep_s123
