/home/luke/Wavelet-State-KAN/experiments/V1_train_tinystories_lm.py:107: UserWarning: The given buffer is not writable, and PyTorch does not support non-writable tensors. This means you can write to the underlying (supposedly non-writable) buffer using the tensor. You may want to copy the buffer to protect its data or make it writable before converting it to a tensor. This type of warning will be suppressed for the rest of this program. (Triggered internally at /__w/pytorch/pytorch/torch/csrc/utils/tensor_new.cpp:1556.)
  train_ids = torch.frombuffer(train_text.encode("utf-8", errors="ignore"), dtype=torch.uint8)
train bytes: 1,195,926,439  eval bytes: 2,859,070
model: wskan11  params: 12,546  device: cuda
step     1  train 5.5507  eval 5.5351  pmax 18.9  (8s)
step  1000  train 2.0643  eval 2.0673  pmax 19.2  (17s)
step  2000  train 2.0713  eval 2.0042  pmax 19.2  (26s)
step  3000  train 2.0303  eval 2.0306  pmax 19.5  (35s)
step  4000  train 1.9717  eval 1.9624  pmax 19.6  (44s)
step  5000  train 2.0277  eval 1.9430  pmax 19.6  (53s)
step  6000  train 1.9588  eval 1.9433  pmax 19.5  (62s)
step  7000  train 1.9825  eval 1.9790  pmax 19.4  (70s)
step  8000  train 1.9770  eval 1.9715  pmax 19.2  (79s)
step  9000  train 1.9440  eval 1.9735  pmax 19.2  (88s)
step 10000  train 1.9491  eval 1.9704  pmax 19.2  (97s)
step 11000  train 1.9192  eval 1.9864  pmax 19.2  (106s)
step 12000  train 1.9073  eval 1.9529  pmax 19.3  (115s)
step 13000  train 1.9493  eval 1.9391  pmax 19.3  (123s)
step 14000  train 1.9394  eval 1.8937  pmax 19.4  (132s)
step 15000  train 1.9406  eval 1.9575  pmax 19.5  (141s)
step 16000  train 1.9636  eval 1.8956  pmax 19.5  (149s)
step 17000  train 1.9580  eval 1.9711  pmax 19.6  (158s)
step 18000  train 1.9790  eval 2.0108  pmax 19.7  (166s)
step 19000  train 1.9320  eval 1.8746  pmax 19.8  (175s)
step 20000  train 1.8796  eval 1.8949  pmax 19.8  (184s)
step 21000  train 1.8783  eval 1.9370  pmax 19.9  (192s)
step 22000  train 1.9137  eval 1.9337  pmax 20.0  (201s)
step 23000  train 2.0074  eval 1.9505  pmax 20.0  (210s)
step 24000  train 1.9109  eval 1.8689  pmax 20.1  (219s)
step 25000  train 1.8907  eval 1.8840  pmax 20.1  (227s)
  [checkpoint + sample saved at step 25000]
step 26000  train 1.9519  eval 1.8478  pmax 20.2  (237s)
step 27000  train 1.9209  eval 1.8881  pmax 20.2  (246s)
step 28000  train 1.8767  eval 1.8946  pmax 20.2  (255s)
step 29000  train 1.9039  eval 1.8826  pmax 20.3  (264s)
step 30000  train 1.9033  eval 1.9234  pmax 20.3  (272s)
step 31000  train 1.8921  eval 1.8560  pmax 20.3  (281s)
step 32000  train 1.8919  eval 1.8963  pmax 20.3  (290s)
step 33000  train 1.9279  eval 1.9100  pmax 20.4  (299s)
step 34000  train 1.9209  eval 1.9214  pmax 20.4  (307s)
step 35000  train 1.9333  eval 1.9210  pmax 20.4  (316s)
step 36000  train 1.9488  eval 1.9419  pmax 20.4  (325s)
step 37000  train 1.9552  eval 1.9250  pmax 20.4  (333s)
step 38000  train 1.9218  eval 1.8748  pmax 20.4  (342s)
step 39000  train 1.9725  eval 1.8672  pmax 20.4  (351s)
step 40000  train 1.9555  eval 1.8652  pmax 20.5  (360s)
step 41000  train 1.9128  eval 1.8406  pmax 20.5  (368s)
step 42000  train 1.8457  eval 1.9399  pmax 20.5  (377s)
step 43000  train 1.8822  eval 1.9110  pmax 20.5  (386s)
step 44000  train 1.9008  eval 1.8853  pmax 20.5  (395s)
step 45000  train 1.8737  eval 1.8997  pmax 20.5  (403s)
step 46000  train 1.8849  eval 1.9354  pmax 20.5  (412s)
step 47000  train 1.8997  eval 1.8971  pmax 20.5  (421s)
step 48000  train 1.9002  eval 1.9532  pmax 20.5  (430s)
step 49000  train 1.9451  eval 1.8786  pmax 20.5  (438s)
step 50000  train 1.9598  eval 1.9052  pmax 20.5  (447s)
  [checkpoint + sample saved at step 50000]
step 51000  train 1.8734  eval 1.8634  pmax 20.5  (457s)
step 52000  train 1.8899  eval 1.9271  pmax 20.5  (465s)
step 53000  train 1.9077  eval 1.9079  pmax 20.5  (474s)
step 54000  train 1.8979  eval 1.9019  pmax 20.5  (483s)
  [checkpoint + sample saved at step 54000]
done. artifacts in /home/luke/Wavelet-State-KAN/checkpoints/wskan11_ultrachat_10k_3ep_s7
