/home/luke/Wavelet-State-KAN/experiments/V1_train_tinystories_lm.py:107: UserWarning: The given buffer is not writable, and PyTorch does not support non-writable tensors. This means you can write to the underlying (supposedly non-writable) buffer using the tensor. You may want to copy the buffer to protect its data or make it writable before converting it to a tensor. This type of warning will be suppressed for the rest of this program. (Triggered internally at /__w/pytorch/pytorch/torch/csrc/utils/tensor_new.cpp:1556.)
  train_ids = torch.frombuffer(train_text.encode("utf-8", errors="ignore"), dtype=torch.uint8)
train bytes: 1,195,926,439  eval bytes: 2,859,070
model: wskan11real  params: 12,546  device: cuda
step     1  train 5.5507  eval 5.5351  pmax 3.0  (8s)
step  1000  train 2.1611  eval 2.1615  pmax 3.0  (17s)
step  2000  train 2.1499  eval 2.0918  pmax 4.5  (26s)
step  3000  train 2.1088  eval 2.1084  pmax 7.0  (35s)
step  4000  train 2.0663  eval 2.0418  pmax 8.3  (44s)
step  5000  train 2.1012  eval 2.0198  pmax 9.4  (53s)
step  6000  train 2.0323  eval 2.0141  pmax 10.6  (62s)
step  7000  train 2.0465  eval 2.0412  pmax 11.0  (71s)
step  8000  train 2.0447  eval 2.0314  pmax 11.1  (80s)
step  9000  train 2.0173  eval 2.0340  pmax 11.0  (89s)
step 10000  train 2.0169  eval 2.0359  pmax 11.0  (98s)
step 11000  train 1.9854  eval 2.0517  pmax 11.4  (107s)
step 12000  train 1.9844  eval 2.0211  pmax 11.8  (115s)
step 13000  train 2.0041  eval 1.9962  pmax 11.9  (124s)
step 14000  train 2.0085  eval 1.9703  pmax 12.0  (133s)
step 15000  train 1.9993  eval 2.0194  pmax 12.4  (142s)
step 16000  train 2.0279  eval 1.9590  pmax 14.3  (150s)
step 17000  train 2.0199  eval 2.0436  pmax 16.2  (159s)
step 18000  train 2.0284  eval 2.0653  pmax 18.0  (168s)
step 19000  train 1.9976  eval 1.9475  pmax 19.9  (177s)
step 20000  train 1.9394  eval 1.9612  pmax 21.7  (186s)
step 21000  train 1.9461  eval 1.9938  pmax 23.4  (194s)
step 22000  train 1.9763  eval 1.9926  pmax 25.0  (203s)
step 23000  train 2.0595  eval 2.0130  pmax 26.5  (212s)
step 24000  train 1.9800  eval 1.9384  pmax 28.0  (221s)
step 25000  train 1.9528  eval 1.9568  pmax 29.3  (230s)
  [checkpoint + sample saved at step 25000]
step 26000  train 2.0060  eval 1.9262  pmax 30.6  (239s)
step 27000  train 1.9892  eval 1.9580  pmax 31.9  (248s)
step 28000  train 1.9428  eval 1.9625  pmax 33.0  (257s)
step 29000  train 1.9666  eval 1.9397  pmax 34.0  (266s)
step 30000  train 1.9636  eval 1.9944  pmax 35.0  (275s)
step 31000  train 1.9608  eval 1.9229  pmax 35.9  (284s)
step 32000  train 1.9539  eval 1.9535  pmax 36.7  (293s)
step 33000  train 1.9909  eval 1.9757  pmax 37.5  (302s)
step 34000  train 1.9876  eval 1.9794  pmax 38.1  (311s)
step 35000  train 1.9957  eval 1.9760  pmax 38.7  (319s)
step 36000  train 2.0000  eval 1.9971  pmax 39.3  (328s)
step 37000  train 2.0136  eval 1.9859  pmax 39.7  (337s)
step 38000  train 1.9837  eval 1.9365  pmax 40.1  (346s)
step 39000  train 2.0172  eval 1.9313  pmax 40.5  (355s)
step 40000  train 2.0041  eval 1.9199  pmax 40.8  (364s)
step 41000  train 1.9695  eval 1.9101  pmax 41.1  (373s)
step 42000  train 1.9050  eval 2.0026  pmax 41.3  (382s)
step 43000  train 1.9324  eval 1.9714  pmax 41.5  (391s)
step 44000  train 1.9637  eval 1.9430  pmax 41.7  (400s)
step 45000  train 1.9429  eval 1.9576  pmax 41.8  (409s)
step 46000  train 1.9357  eval 1.9957  pmax 41.9  (418s)
step 47000  train 1.9556  eval 1.9538  pmax 42.0  (426s)
step 48000  train 1.9580  eval 2.0040  pmax 42.1  (435s)
step 49000  train 2.0030  eval 1.9415  pmax 42.1  (444s)
step 50000  train 2.0107  eval 1.9656  pmax 42.2  (452s)
  [checkpoint + sample saved at step 50000]
step 51000  train 1.9418  eval 1.9347  pmax 42.2  (462s)
step 52000  train 1.9521  eval 1.9885  pmax 42.2  (471s)
step 53000  train 1.9680  eval 1.9622  pmax 42.2  (479s)
step 54000  train 1.9580  eval 1.9546  pmax 42.2  (488s)
  [checkpoint + sample saved at step 54000]
done. artifacts in /home/luke/Wavelet-State-KAN/checkpoints/wskan11real_ultrachat_10k_3ep_s7
