/home/luke/Wavelet-State-KAN/experiments/V1_train_tinystories_lm.py:107: UserWarning: The given buffer is not writable, and PyTorch does not support non-writable tensors. This means you can write to the underlying (supposedly non-writable) buffer using the tensor. You may want to copy the buffer to protect its data or make it writable before converting it to a tensor. This type of warning will be suppressed for the rest of this program. (Triggered internally at /__w/pytorch/pytorch/torch/csrc/utils/tensor_new.cpp:1556.)
  train_ids = torch.frombuffer(train_text.encode("utf-8", errors="ignore"), dtype=torch.uint8)
train bytes: 1,195,926,439  eval bytes: 2,859,070
model: wskan11  params: 113,612  device: cuda
step     1  train 5.5442  eval 5.4659  pmax 18.9  (10s)
step  1000  train 1.4749  eval 1.5053  pmax 19.2  (33s)
step  2000  train 1.3914  eval 1.4021  pmax 19.5  (56s)
step  3000  train 1.3983  eval 1.3940  pmax 19.6  (79s)
step  4000  train 1.3799  eval 1.4290  pmax 19.9  (102s)
step  5000  train 1.3409  eval 1.3023  pmax 20.4  (125s)
step  6000  train 1.3455  eval 1.3840  pmax 20.7  (148s)
step  7000  train 1.3260  eval 1.3139  pmax 20.9  (171s)
step  8000  train 1.3473  eval 1.3148  pmax 21.0  (194s)
step  9000  train 1.3337  eval 1.3723  pmax 21.1  (216s)
step 10000  train 1.3685  eval 1.4148  pmax 21.2  (239s)
step 11000  train 1.3004  eval 1.2919  pmax 21.2  (262s)
step 12000  train 1.3228  eval 1.3411  pmax 21.2  (285s)
step 13000  train 1.2911  eval 1.2823  pmax 21.2  (308s)
step 14000  train 1.3056  eval 1.3152  pmax 21.2  (331s)
step 15000  train 1.3354  eval 1.2669  pmax 21.1  (354s)
step 16000  train 1.2873  eval 1.3402  pmax 21.1  (377s)
step 17000  train 1.2605  eval 1.2806  pmax 21.1  (400s)
step 18000  train 1.3214  eval 1.2584  pmax 21.1  (423s)
step 19000  train 1.3362  eval 1.3065  pmax 21.2  (446s)
step 20000  train 1.2801  eval 1.3628  pmax 21.4  (469s)
step 21000  train 1.3073  eval 1.3391  pmax 21.5  (492s)
step 22000  train 1.3284  eval 1.3345  pmax 21.6  (515s)
step 23000  train 1.3383  eval 1.2714  pmax 21.6  (538s)
step 24000  train 1.2717  eval 1.2686  pmax 21.8  (561s)
step 25000  train 1.3031  eval 1.2715  pmax 21.8  (584s)
  [checkpoint + sample saved at step 25000]
step 26000  train 1.2467  eval 1.3059  pmax 22.0  (608s)
step 27000  train 1.3002  eval 1.2827  pmax 22.1  (631s)
step 28000  train 1.3003  eval 1.3064  pmax 22.1  (654s)
step 29000  train 1.2465  eval 1.2795  pmax 22.2  (677s)
step 30000  train 1.3098  eval 1.2729  pmax 22.2  (700s)
step 31000  train 1.2729  eval 1.3195  pmax 22.3  (723s)
step 32000  train 1.2971  eval 1.3158  pmax 22.4  (746s)
step 33000  train 1.3158  eval 1.3194  pmax 22.5  (769s)
step 34000  train 1.2981  eval 1.2796  pmax 22.6  (792s)
step 35000  train 1.2964  eval 1.2958  pmax 22.7  (814s)
step 36000  train 1.3062  eval 1.3138  pmax 22.8  (837s)
step 37000  train 1.2763  eval 1.3053  pmax 22.8  (860s)
step 38000  train 1.2253  eval 1.2954  pmax 22.9  (883s)
step 39000  train 1.2705  eval 1.2751  pmax 23.0  (906s)
step 40000  train 1.2882  eval 1.2509  pmax 23.1  (929s)
step 41000  train 1.2433  eval 1.2734  pmax 23.2  (952s)
step 42000  train 1.2833  eval 1.2971  pmax 23.3  (975s)
step 43000  train 1.2829  eval 1.2556  pmax 23.4  (997s)
step 44000  train 1.2752  eval 1.2453  pmax 23.4  (1020s)
step 45000  train 1.2489  eval 1.2661  pmax 23.5  (1043s)
step 46000  train 1.2600  eval 1.2638  pmax 23.6  (1066s)
step 47000  train 1.2472  eval 1.2735  pmax 23.7  (1089s)
step 48000  train 1.2794  eval 1.2984  pmax 23.8  (1112s)
step 49000  train 1.2929  eval 1.3204  pmax 23.9  (1134s)
step 50000  train 1.3210  eval 1.3028  pmax 23.9  (1157s)
  [checkpoint + sample saved at step 50000]
step 51000  train 1.2775  eval 1.3082  pmax 24.0  (1182s)
step 52000  train 1.2259  eval 1.2965  pmax 24.1  (1205s)
step 53000  train 1.2365  eval 1.2596  pmax 24.1  (1228s)
step 54000  train 1.2244  eval 1.2917  pmax 24.2  (1251s)
step 55000  train 1.2777  eval 1.2978  pmax 24.3  (1273s)
step 56000  train 1.2691  eval 1.2230  pmax 24.3  (1296s)
step 57000  train 1.2291  eval 1.2356  pmax 24.4  (1319s)
step 58000  train 1.2838  eval 1.2289  pmax 24.4  (1342s)
step 59000  train 1.2496  eval 1.2578  pmax 24.5  (1365s)
step 60000  train 1.2704  eval 1.2172  pmax 24.5  (1388s)
step 61000  train 1.2216  eval 1.2241  pmax 24.6  (1411s)
step 62000  train 1.2775  eval 1.2904  pmax 24.7  (1434s)
step 63000  train 1.2792  eval 1.3196  pmax 24.7  (1457s)
step 64000  train 1.2808  eval 1.2708  pmax 24.7  (1480s)
step 65000  train 1.2504  eval 1.2719  pmax 24.8  (1503s)
step 66000  train 1.2742  eval 1.2093  pmax 24.8  (1526s)
step 67000  train 1.2545  eval 1.2672  pmax 24.9  (1548s)
step 68000  train 1.2961  eval 1.2610  pmax 24.9  (1571s)
step 69000  train 1.2300  eval 1.3048  pmax 24.9  (1594s)
step 70000  train 1.2568  eval 1.2881  pmax 25.0  (1617s)
step 71000  train 1.2624  eval 1.2725  pmax 25.0  (1640s)
step 72000  train 1.2522  eval 1.2731  pmax 25.0  (1663s)
step 73000  train 1.2954  eval 1.2420  pmax 25.0  (1686s)
step 74000  train 1.2641  eval 1.2592  pmax 25.1  (1709s)
step 75000  train 1.2466  eval 1.2542  pmax 25.1  (1732s)
  [checkpoint + sample saved at step 75000]
step 76000  train 1.2567  eval 1.2427  pmax 25.1  (1756s)
step 77000  train 1.2828  eval 1.2656  pmax 25.2  (1779s)
step 78000  train 1.2301  eval 1.2791  pmax 25.2  (1802s)
step 79000  train 1.2764  eval 1.2496  pmax 25.2  (1825s)
step 80000  train 1.2626  eval 1.2288  pmax 25.2  (1848s)
step 81000  train 1.2079  eval 1.2491  pmax 25.2  (1871s)
step 82000  train 1.2426  eval 1.2462  pmax 25.2  (1894s)
step 83000  train 1.2190  eval 1.2531  pmax 25.3  (1916s)
step 84000  train 1.2167  eval 1.2484  pmax 25.3  (1939s)
step 85000  train 1.2269  eval 1.2199  pmax 25.3  (1962s)
step 86000  train 1.2704  eval 1.2790  pmax 25.3  (1985s)
step 87000  train 1.2370  eval 1.2074  pmax 25.3  (2008s)
step 88000  train 1.3448  eval 1.2325  pmax 25.3  (2031s)
step 89000  train 1.2515  eval 1.2162  pmax 25.4  (2054s)
step 90000  train 1.1815  eval 1.2426  pmax 25.4  (2076s)
step 91000  train 1.2316  eval 1.2600  pmax 25.4  (2099s)
step 92000  train 1.2673  eval 1.2505  pmax 25.4  (2122s)
step 93000  train 1.2609  eval 1.2367  pmax 25.4  (2145s)
step 94000  train 1.2187  eval 1.2452  pmax 25.4  (2168s)
step 95000  train 1.2780  eval 1.2866  pmax 25.4  (2191s)
step 96000  train 1.2836  eval 1.2235  pmax 25.4  (2213s)
step 97000  train 1.2232  eval 1.2373  pmax 25.4  (2236s)
step 98000  train 1.2660  eval 1.2159  pmax 25.4  (2259s)
step 99000  train 1.2758  eval 1.2350  pmax 25.4  (2282s)
step 100000  train 1.2276  eval 1.2485  pmax 25.4  (2305s)
  [checkpoint + sample saved at step 100000]
step 101000  train 1.1765  eval 1.2191  pmax 25.4  (2329s)
step 102000  train 1.2910  eval 1.2758  pmax 25.4  (2352s)
step 103000  train 1.2850  eval 1.2246  pmax 25.4  (2375s)
step 104000  train 1.2421  eval 1.2569  pmax 25.4  (2398s)
step 105000  train 1.2924  eval 1.2568  pmax 25.4  (2421s)
step 106000  train 1.2252  eval 1.2409  pmax 25.4  (2443s)
step 107000  train 1.1977  eval 1.2045  pmax 25.4  (2466s)
step 108000  train 1.2445  eval 1.2389  pmax 25.4  (2489s)
  [checkpoint + sample saved at step 108000]
done. artifacts in /home/luke/Wavelet-State-KAN/checkpoints/wskan11_ultrachat_100k_3ep_s123
