/home/luke/Wavelet-State-KAN/experiments/V1_train_tinystories_lm.py:107: UserWarning: The given buffer is not writable, and PyTorch does not support non-writable tensors. This means you can write to the underlying (supposedly non-writable) buffer using the tensor. You may want to copy the buffer to protect its data or make it writable before converting it to a tensor. This type of warning will be suppressed for the rest of this program. (Triggered internally at /__w/pytorch/pytorch/torch/csrc/utils/tensor_new.cpp:1556.)
  train_ids = torch.frombuffer(train_text.encode("utf-8", errors="ignore"), dtype=torch.uint8)
train bytes: 542,898,247  eval bytes: 130,357
model: wskan11real  params: 12,546  device: cuda
step     1  train 5.5513  eval 5.5292  pmax 3.0  (7s)
step  1000  train 2.1712  eval 2.1520  pmax 2.9  (16s)
step  2000  train 2.0983  eval 2.0740  pmax 3.8  (24s)
step  3000  train 2.0690  eval 2.0717  pmax 4.0  (33s)
step  4000  train 2.0555  eval 2.0542  pmax 4.6  (41s)
step  5000  train 2.0209  eval 2.0333  pmax 5.8  (49s)
step  6000  train 2.0689  eval 2.0431  pmax 6.7  (57s)
step  7000  train 2.0483  eval 2.0237  pmax 7.2  (66s)
step  8000  train 2.0196  eval 2.0195  pmax 7.0  (74s)
step  9000  train 2.0559  eval 2.0150  pmax 7.3  (83s)
step 10000  train 2.0177  eval 2.0283  pmax 7.7  (91s)
step 11000  train 2.0148  eval 2.0132  pmax 8.0  (99s)
step 12000  train 1.9860  eval 1.9792  pmax 8.2  (108s)
step 13000  train 2.0324  eval 2.0040  pmax 8.2  (116s)
step 14000  train 2.0299  eval 1.9898  pmax 8.7  (124s)
step 15000  train 2.0035  eval 2.0108  pmax 9.6  (133s)
step 16000  train 2.0075  eval 2.0039  pmax 10.5  (141s)
step 17000  train 1.9995  eval 2.0359  pmax 11.2  (149s)
step 18000  train 1.9724  eval 1.9959  pmax 11.9  (158s)
step 19000  train 1.9825  eval 1.9959  pmax 12.5  (166s)
step 20000  train 1.9765  eval 2.0051  pmax 13.1  (175s)
step 21000  train 1.9616  eval 1.9874  pmax 13.8  (183s)
step 22000  train 1.9891  eval 2.0148  pmax 14.7  (191s)
step 23000  train 1.9888  eval 1.9848  pmax 15.6  (200s)
step 24000  train 2.0020  eval 1.9868  pmax 16.4  (208s)
step 25000  train 1.9843  eval 2.0031  pmax 17.1  (216s)
  [checkpoint + sample saved at step 25000]
step 26000  train 1.9793  eval 1.9679  pmax 17.7  (226s)
step 27000  train 1.9774  eval 1.9655  pmax 18.3  (234s)
step 28000  train 1.9963  eval 1.9828  pmax 18.7  (243s)
step 29000  train 1.9632  eval 1.9803  pmax 19.1  (252s)
step 30000  train 2.0219  eval 1.9898  pmax 19.5  (260s)
step 31000  train 1.9625  eval 1.9924  pmax 19.8  (269s)
step 32000  train 1.9828  eval 2.0115  pmax 20.0  (277s)
step 33000  train 1.9850  eval 1.9721  pmax 20.1  (285s)
step 34000  train 1.9812  eval 1.9392  pmax 20.3  (294s)
step 35000  train 1.9644  eval 1.9424  pmax 20.4  (303s)
step 36000  train 1.9606  eval 1.9633  pmax 20.5  (311s)
step 37000  train 1.9859  eval 1.9681  pmax 20.6  (319s)
step 38000  train 1.9642  eval 1.9336  pmax 20.7  (328s)
step 39000  train 1.9880  eval 1.9854  pmax 20.7  (336s)
step 40000  train 2.0077  eval 1.9998  pmax 20.7  (345s)
step 41000  train 2.0078  eval 2.0078  pmax 20.8  (353s)
step 42000  train 1.9723  eval 1.9677  pmax 20.8  (362s)
step 43000  train 1.9548  eval 1.9487  pmax 20.8  (370s)
step 44000  train 1.9424  eval 1.9623  pmax 20.8  (379s)
step 45000  train 1.9911  eval 1.9577  pmax 20.8  (387s)
step 46000  train 1.9722  eval 1.9778  pmax 20.8  (396s)
step 47000  train 1.9732  eval 1.9532  pmax 20.8  (404s)
step 48000  train 1.9594  eval 1.9907  pmax 20.8  (413s)
step 49000  train 1.9299  eval 1.9481  pmax 20.8  (422s)
step 50000  train 1.9866  eval 1.9521  pmax 20.8  (430s)
  [checkpoint + sample saved at step 50000]
done. artifacts in /home/luke/Wavelet-State-KAN/checkpoints/wskan11real_wikitext_10k_3ep_s42
