/home/luke/Wavelet-State-KAN/experiments/V1_train_tinystories_lm.py:107: UserWarning: The given buffer is not writable, and PyTorch does not support non-writable tensors. This means you can write to the underlying (supposedly non-writable) buffer using the tensor. You may want to copy the buffer to protect its data or make it writable before converting it to a tensor. This type of warning will be suppressed for the rest of this program. (Triggered internally at /__w/pytorch/pytorch/torch/csrc/utils/tensor_new.cpp:1556.)
  train_ids = torch.frombuffer(train_text.encode("utf-8", errors="ignore"), dtype=torch.uint8)
train bytes: 542,898,247  eval bytes: 130,357
model: wskan11real  params: 985,956  device: cuda
step     1  train 5.5727  eval 5.4845  pmax 3.0  (20s)
step  1000  train 1.5068  eval 1.5064  pmax 3.1  (58s)
step  2000  train 1.4023  eval 1.3862  pmax 3.2  (96s)
step  3000  train 1.3418  eval 1.3788  pmax 3.3  (134s)
step  4000  train 1.3205  eval 1.3571  pmax 3.3  (172s)
step  5000  train 1.2880  eval 1.3474  pmax 3.3  (210s)
step  6000  train 1.2748  eval 1.2398  pmax 3.4  (248s)
step  7000  train 1.3309  eval 1.2527  pmax 3.4  (286s)
step  8000  train 1.2929  eval 1.2778  pmax 3.5  (325s)
step  9000  train 1.2901  eval 1.2799  pmax 3.5  (363s)
step 10000  train 1.2915  eval 1.2116  pmax 3.5  (401s)
  [checkpoint + sample saved at step 10000]
step 11000  train 1.2460  eval 1.2555  pmax 3.5  (444s)
step 12000  train 1.2734  eval 1.2293  pmax 3.6  (482s)
step 13000  train 1.1820  eval 1.2508  pmax 3.6  (520s)
step 14000  train 1.2255  eval 1.2173  pmax 3.6  (559s)
step 15000  train 1.2836  eval 1.2834  pmax 3.6  (597s)
step 16000  train 1.2389  eval 1.2002  pmax 3.6  (635s)
step 17000  train 1.2320  eval 1.2176  pmax 3.6  (673s)
step 18000  train 1.2198  eval 1.2606  pmax 3.6  (711s)
step 19000  train 1.1825  eval 1.2357  pmax 3.7  (749s)
step 20000  train 1.2256  eval 1.2043  pmax 3.7  (787s)
  [checkpoint + sample saved at step 20000]
step 21000  train 1.2459  eval 1.2017  pmax 3.7  (831s)
step 22000  train 1.2049  eval 1.1754  pmax 3.7  (869s)
step 23000  train 1.2038  eval 1.2100  pmax 3.7  (907s)
step 24000  train 1.2318  eval 1.2007  pmax 3.7  (945s)
step 25000  train 1.2047  eval 1.1820  pmax 3.7  (983s)
step 26000  train 1.1946  eval 1.1972  pmax 3.7  (1021s)
step 27000  train 1.2103  eval 1.2189  pmax 3.7  (1059s)
step 28000  train 1.1755  eval 1.1861  pmax 3.7  (1098s)
step 29000  train 1.1779  eval 1.1974  pmax 3.7  (1136s)
step 30000  train 1.2005  eval 1.1956  pmax 3.7  (1174s)
  [checkpoint + sample saved at step 30000]
step 31000  train 1.1601  eval 1.2060  pmax 3.7  (1217s)
step 32000  train 1.1549  eval 1.1989  pmax 3.7  (1255s)
step 33000  train 1.1718  eval 1.1798  pmax 3.7  (1293s)
step 34000  train 1.1959  eval 1.1714  pmax 3.8  (1331s)
step 35000  train 1.1960  eval 1.1502  pmax 3.8  (1369s)
step 36000  train 1.1749  eval 1.2042  pmax 3.8  (1407s)
step 37000  train 1.1659  eval 1.1896  pmax 3.8  (1445s)
step 38000  train 1.1811  eval 1.1480  pmax 3.8  (1484s)
step 39000  train 1.1887  eval 1.1862  pmax 3.8  (1522s)
step 40000  train 1.1663  eval 1.1935  pmax 3.8  (1560s)
  [checkpoint + sample saved at step 40000]
step 41000  train 1.1778  eval 1.1376  pmax 3.8  (1603s)
step 42000  train 1.1804  eval 1.1773  pmax 3.8  (1641s)
step 43000  train 1.1708  eval 1.1538  pmax 3.8  (1679s)
step 44000  train 1.1813  eval 1.1514  pmax 3.8  (1717s)
step 45000  train 1.1896  eval 1.1803  pmax 3.8  (1755s)
step 46000  train 1.1937  eval 1.1685  pmax 3.8  (1793s)
step 47000  train 1.1670  eval 1.1469  pmax 3.8  (1831s)
step 48000  train 1.1859  eval 1.1907  pmax 3.8  (1869s)
step 49000  train 1.1656  eval 1.1687  pmax 3.8  (1907s)
step 50000  train 1.1781  eval 1.1953  pmax 3.8  (1945s)
  [checkpoint + sample saved at step 50000]
step 51000  train 1.1373  eval 1.1717  pmax 3.8  (1989s)
step 52000  train 1.1680  eval 1.1501  pmax 3.8  (2027s)
step 53000  train 1.1640  eval 1.1405  pmax 3.8  (2065s)
step 54000  train 1.1499  eval 1.1486  pmax 3.8  (2103s)
step 55000  train 1.1176  eval 1.1635  pmax 3.8  (2141s)
step 56000  train 1.2047  eval 1.2247  pmax 3.8  (2179s)
step 57000  train 1.1390  eval 1.1402  pmax 3.8  (2217s)
step 58000  train 1.1470  eval 1.1793  pmax 3.8  (2255s)
step 59000  train 1.1378  eval 1.1782  pmax 3.8  (2293s)
step 60000  train 1.1513  eval 1.1607  pmax 3.8  (2331s)
  [checkpoint + sample saved at step 60000]
step 61000  train 1.1416  eval 1.1632  pmax 3.8  (2374s)
step 62000  train 1.1594  eval 1.1981  pmax 3.8  (2412s)
step 63000  train 1.1838  eval 1.2090  pmax 3.8  (2450s)
step 64000  train 1.1497  eval 1.1547  pmax 3.8  (2488s)
step 65000  train 1.1507  eval 1.1855  pmax 3.8  (2526s)
step 66000  train 1.1524  eval 1.1951  pmax 3.8  (2564s)
  [checkpoint + sample saved at step 66000]
done. artifacts in /home/luke/Wavelet-State-KAN/checkpoints/wskan11real_wikitext_1m_3ep_s2024
