/home/luke/Wavelet-State-KAN/experiments/V1_train_tinystories_lm.py:107: UserWarning: The given buffer is not writable, and PyTorch does not support non-writable tensors. This means you can write to the underlying (supposedly non-writable) buffer using the tensor. You may want to copy the buffer to protect its data or make it writable before converting it to a tensor. This type of warning will be suppressed for the rest of this program. (Triggered internally at /__w/pytorch/pytorch/torch/csrc/utils/tensor_new.cpp:1556.)
  train_ids = torch.frombuffer(train_text.encode("utf-8", errors="ignore"), dtype=torch.uint8)
train bytes: 1,905,061,325  eval bytes: 405,730
model: wskan7bc  params: 985,956  device: cuda
step     1  train 5.5688  eval 5.4594  pmax 18.9  (5s)
step  1000  train 1.0404  eval 0.9729  pmax 19.0  (730s)
step  2000  train 0.9333  eval 0.8559  pmax 19.0  (1457s)
step  3000  train 0.8237  eval 0.8131  pmax 19.0  (2189s)
step  4000  train 0.8354  eval 0.7751  pmax 19.0  (2910s)
step  5000  train 0.8217  eval 0.7704  pmax 19.0  (3623s)
step  6000  train 0.7978  eval 0.7762  pmax 19.0  (4356s)
step  7000  train 0.7545  eval 0.7518  pmax 19.0  (5074s)
step  8000  train 0.7753  eval 0.7369  pmax 19.0  (5804s)
step  9000  train 0.7578  eval 0.7626  pmax 19.1  (6522s)
step 10000  train 0.7908  eval 0.7349  pmax 19.1  (7247s)
  [checkpoint + sample saved at step 10000]
step 11000  train 0.7740  eval 0.7050  pmax 19.1  (7981s)
step 12000  train 0.7636  eval 0.6931  pmax 19.1  (8704s)
step 13000  train 0.7702  eval 0.7182  pmax 19.2  (9442s)
step 14000  train 0.7361  eval 0.6847  pmax 19.2  (10227s)
