/home/luke/Wavelet-State-KAN/experiments/V1_train_tinystories_lm.py:107: UserWarning: The given buffer is not writable, and PyTorch does not support non-writable tensors. This means you can write to the underlying (supposedly non-writable) buffer using the tensor. You may want to copy the buffer to protect its data or make it writable before converting it to a tensor. This type of warning will be suppressed for the rest of this program. (Triggered internally at /__w/pytorch/pytorch/torch/csrc/utils/tensor_new.cpp:1556.)
  train_ids = torch.frombuffer(train_text.encode("utf-8", errors="ignore"), dtype=torch.uint8)
train bytes: 1,195,926,439  eval bytes: 2,859,070
model: wskan11  params: 113,612  device: cuda
step     1  train 5.5517  eval 5.4713  pmax 18.9  (10s)
step  1000  train 1.4620  eval 1.4629  pmax 19.1  (32s)
step  2000  train 1.4426  eval 1.4220  pmax 19.3  (55s)
step  3000  train 1.4029  eval 1.4194  pmax 19.5  (78s)
step  4000  train 1.3477  eval 1.3544  pmax 19.7  (101s)
step  5000  train 1.4071  eval 1.3380  pmax 19.8  (124s)
step  6000  train 1.3512  eval 1.3443  pmax 19.8  (147s)
step  7000  train 1.3680  eval 1.3719  pmax 19.9  (169s)
step  8000  train 1.3465  eval 1.3317  pmax 20.0  (192s)
step  9000  train 1.3532  eval 1.3527  pmax 20.1  (215s)
step 10000  train 1.3546  eval 1.3477  pmax 20.2  (238s)
step 11000  train 1.3031  eval 1.3722  pmax 20.2  (260s)
step 12000  train 1.2963  eval 1.3357  pmax 20.3  (283s)
step 13000  train 1.3388  eval 1.3131  pmax 20.3  (306s)
step 14000  train 1.3032  eval 1.2782  pmax 20.4  (329s)
step 15000  train 1.3095  eval 1.3334  pmax 20.4  (352s)
step 16000  train 1.3182  eval 1.2891  pmax 20.4  (374s)
step 17000  train 1.3254  eval 1.3278  pmax 20.4  (397s)
step 18000  train 1.3438  eval 1.3792  pmax 20.4  (420s)
step 19000  train 1.2989  eval 1.2638  pmax 20.4  (443s)
step 20000  train 1.2575  eval 1.2611  pmax 20.4  (465s)
step 21000  train 1.2623  eval 1.2870  pmax 20.4  (488s)
step 22000  train 1.2841  eval 1.3165  pmax 20.4  (511s)
step 23000  train 1.3782  eval 1.3303  pmax 20.5  (534s)
step 24000  train 1.2725  eval 1.2457  pmax 20.5  (557s)
step 25000  train 1.2541  eval 1.2773  pmax 20.5  (579s)
  [checkpoint + sample saved at step 25000]
step 26000  train 1.3053  eval 1.2060  pmax 20.7  (604s)
step 27000  train 1.2978  eval 1.2592  pmax 20.7  (627s)
step 28000  train 1.2395  eval 1.2551  pmax 20.8  (650s)
step 29000  train 1.2591  eval 1.2531  pmax 20.9  (672s)
step 30000  train 1.2693  eval 1.3150  pmax 21.0  (695s)
step 31000  train 1.2789  eval 1.2332  pmax 21.1  (718s)
step 32000  train 1.2578  eval 1.2697  pmax 21.2  (741s)
step 33000  train 1.3204  eval 1.2965  pmax 21.3  (763s)
step 34000  train 1.3018  eval 1.3121  pmax 21.4  (786s)
step 35000  train 1.3160  eval 1.2816  pmax 21.5  (809s)
step 36000  train 1.3336  eval 1.3099  pmax 21.6  (832s)
step 37000  train 1.3249  eval 1.2986  pmax 21.7  (855s)
step 38000  train 1.3096  eval 1.2747  pmax 21.8  (878s)
step 39000  train 1.3445  eval 1.2396  pmax 21.9  (900s)
step 40000  train 1.2937  eval 1.2396  pmax 22.0  (923s)
step 41000  train 1.2517  eval 1.2392  pmax 22.1  (946s)
step 42000  train 1.2263  eval 1.2880  pmax 22.2  (969s)
step 43000  train 1.2499  eval 1.2964  pmax 22.3  (991s)
step 44000  train 1.2514  eval 1.2465  pmax 22.4  (1014s)
step 45000  train 1.2556  eval 1.2827  pmax 22.4  (1037s)
step 46000  train 1.2429  eval 1.3145  pmax 22.5  (1060s)
step 47000  train 1.2650  eval 1.2607  pmax 22.6  (1082s)
step 48000  train 1.2800  eval 1.3288  pmax 22.6  (1105s)
step 49000  train 1.3182  eval 1.2260  pmax 22.7  (1128s)
step 50000  train 1.3152  eval 1.3087  pmax 22.8  (1151s)
  [checkpoint + sample saved at step 50000]
step 51000  train 1.2494  eval 1.2183  pmax 22.8  (1175s)
step 52000  train 1.2738  eval 1.2674  pmax 22.9  (1198s)
step 53000  train 1.2703  eval 1.2987  pmax 22.9  (1221s)
step 54000  train 1.2515  eval 1.2631  pmax 23.0  (1244s)
step 55000  train 1.2620  eval 1.2354  pmax 23.0  (1266s)
step 56000  train 1.2618  eval 1.2458  pmax 23.1  (1289s)
step 57000  train 1.3092  eval 1.2474  pmax 23.2  (1312s)
step 58000  train 1.2413  eval 1.2870  pmax 23.2  (1335s)
step 59000  train 1.2094  eval 1.3127  pmax 23.2  (1357s)
step 60000  train 1.2441  eval 1.2429  pmax 23.2  (1380s)
step 61000  train 1.2579  eval 1.2812  pmax 23.3  (1403s)
step 62000  train 1.3066  eval 1.2890  pmax 23.3  (1426s)
step 63000  train 1.2365  eval 1.2703  pmax 23.4  (1449s)
step 64000  train 1.2403  eval 1.2793  pmax 23.4  (1472s)
step 65000  train 1.2943  eval 1.2343  pmax 23.4  (1494s)
step 66000  train 1.2556  eval 1.2814  pmax 23.5  (1517s)
step 67000  train 1.2775  eval 1.2610  pmax 23.5  (1540s)
step 68000  train 1.2403  eval 1.2917  pmax 23.6  (1563s)
step 69000  train 1.2553  eval 1.2275  pmax 23.6  (1585s)
step 70000  train 1.2785  eval 1.2099  pmax 23.6  (1608s)
step 71000  train 1.2670  eval 1.2103  pmax 23.6  (1631s)
step 72000  train 1.2713  eval 1.2565  pmax 23.6  (1654s)
step 73000  train 1.2105  eval 1.2386  pmax 23.7  (1676s)
step 74000  train 1.2539  eval 1.2496  pmax 23.7  (1699s)
step 75000  train 1.2115  eval 1.3005  pmax 23.7  (1722s)
  [checkpoint + sample saved at step 75000]
step 76000  train 1.2356  eval 1.3321  pmax 23.8  (1746s)
step 77000  train 1.2704  eval 1.2337  pmax 23.8  (1769s)
step 78000  train 1.2580  eval 1.2516  pmax 23.8  (1792s)
step 79000  train 1.2343  eval 1.3041  pmax 23.8  (1815s)
step 80000  train 1.2721  eval 1.2208  pmax 23.8  (1838s)
step 81000  train 1.2659  eval 1.2855  pmax 23.8  (1861s)
step 82000  train 1.2657  eval 1.2729  pmax 23.8  (1883s)
step 83000  train 1.2595  eval 1.3753  pmax 23.9  (1906s)
step 84000  train 1.2560  eval 1.2232  pmax 23.9  (1929s)
step 85000  train 1.2358  eval 1.2517  pmax 23.9  (1952s)
step 86000  train 1.2907  eval 1.2771  pmax 23.9  (1974s)
step 87000  train 1.2539  eval 1.2188  pmax 23.9  (1997s)
step 88000  train 1.2573  eval 1.2555  pmax 23.9  (2020s)
step 89000  train 1.2321  eval 1.2003  pmax 23.9  (2043s)
step 90000  train 1.2403  eval 1.1808  pmax 24.0  (2066s)
step 91000  train 1.2755  eval 1.2615  pmax 24.0  (2088s)
step 92000  train 1.2504  eval 1.2569  pmax 24.0  (2111s)
step 93000  train 1.2296  eval 1.2597  pmax 24.0  (2134s)
step 94000  train 1.2083  eval 1.2507  pmax 24.0  (2157s)
step 95000  train 1.2850  eval 1.2076  pmax 24.0  (2179s)
step 96000  train 1.2650  eval 1.2853  pmax 24.0  (2202s)
step 97000  train 1.2692  eval 1.2566  pmax 24.0  (2225s)
step 98000  train 1.2753  eval 1.2839  pmax 24.0  (2248s)
step 99000  train 1.2254  eval 1.2534  pmax 24.0  (2271s)
step 100000  train 1.2496  eval 1.2732  pmax 24.0  (2293s)
  [checkpoint + sample saved at step 100000]
step 101000  train 1.1929  eval 1.2032  pmax 24.0  (2318s)
step 102000  train 1.2414  eval 1.2246  pmax 24.0  (2341s)
step 103000  train 1.1882  eval 1.2167  pmax 24.0  (2363s)
step 104000  train 1.2087  eval 1.2548  pmax 24.0  (2386s)
step 105000  train 1.2371  eval 1.1922  pmax 24.0  (2409s)
step 106000  train 1.2590  eval 1.2997  pmax 24.0  (2432s)
step 107000  train 1.1880  eval 1.2436  pmax 24.0  (2454s)
step 108000  train 1.1954  eval 1.2671  pmax 24.0  (2477s)
  [checkpoint + sample saved at step 108000]
done. artifacts in /home/luke/Wavelet-State-KAN/checkpoints/wskan11_ultrachat_100k_3ep_s7
