/home/luke/Wavelet-State-KAN/experiments/V1_train_tinystories_lm.py:107: UserWarning: The given buffer is not writable, and PyTorch does not support non-writable tensors. This means you can write to the underlying (supposedly non-writable) buffer using the tensor. You may want to copy the buffer to protect its data or make it writable before converting it to a tensor. This type of warning will be suppressed for the rest of this program. (Triggered internally at /__w/pytorch/pytorch/torch/csrc/utils/tensor_new.cpp:1556.)
  train_ids = torch.frombuffer(train_text.encode("utf-8", errors="ignore"), dtype=torch.uint8)
train bytes: 542,898,247  eval bytes: 130,357
model: wskan11real  params: 113,612  device: cuda
step     1  train 5.5489  eval 5.4614  pmax 3.0  (10s)
step  1000  train 1.6946  eval 1.6539  pmax 3.2  (23s)
step  2000  train 1.6012  eval 1.5580  pmax 3.4  (37s)
step  3000  train 1.5837  eval 1.5796  pmax 3.5  (51s)
step  4000  train 1.5341  eval 1.5525  pmax 3.5  (64s)
step  5000  train 1.4869  eval 1.5082  pmax 3.7  (78s)
step  6000  train 1.5783  eval 1.5289  pmax 3.6  (92s)
step  7000  train 1.5220  eval 1.5347  pmax 4.1  (106s)
step  8000  train 1.4930  eval 1.5107  pmax 4.5  (119s)
step  9000  train 1.4457  eval 1.4676  pmax 4.7  (133s)
step 10000  train 1.4999  eval 1.4818  pmax 4.8  (147s)
step 11000  train 1.4581  eval 1.4607  pmax 5.0  (161s)
step 12000  train 1.4994  eval 1.4556  pmax 5.1  (174s)
step 13000  train 1.4691  eval 1.4685  pmax 5.2  (188s)
step 14000  train 1.4443  eval 1.4735  pmax 5.4  (202s)
step 15000  train 1.4584  eval 1.4531  pmax 5.4  (215s)
step 16000  train 1.4917  eval 1.4492  pmax 5.5  (228s)
step 17000  train 1.4574  eval 1.4947  pmax 5.6  (242s)
step 18000  train 1.4849  eval 1.4412  pmax 5.7  (256s)
step 19000  train 1.4759  eval 1.4910  pmax 5.8  (269s)
step 20000  train 1.4647  eval 1.4644  pmax 5.9  (282s)
step 21000  train 1.4817  eval 1.4643  pmax 6.0  (295s)
step 22000  train 1.4707  eval 1.4223  pmax 6.2  (309s)
step 23000  train 1.4973  eval 1.4656  pmax 6.2  (322s)
step 24000  train 1.4286  eval 1.4482  pmax 6.2  (336s)
step 25000  train 1.4891  eval 1.4492  pmax 6.3  (350s)
  [checkpoint + sample saved at step 25000]
step 26000  train 1.4449  eval 1.4479  pmax 6.4  (365s)
step 27000  train 1.4644  eval 1.4444  pmax 6.5  (379s)
step 28000  train 1.4258  eval 1.4316  pmax 6.5  (393s)
step 29000  train 1.4207  eval 1.4517  pmax 6.6  (408s)
step 30000  train 1.4903  eval 1.4309  pmax 6.6  (421s)
step 31000  train 1.4708  eval 1.4452  pmax 6.6  (436s)
step 32000  train 1.4345  eval 1.4092  pmax 6.7  (450s)
step 33000  train 1.4439  eval 1.4481  pmax 6.7  (464s)
step 34000  train 1.4481  eval 1.4132  pmax 6.8  (476s)
step 35000  train 1.4179  eval 1.4017  pmax 6.9  (490s)
step 36000  train 1.4261  eval 1.4389  pmax 7.0  (504s)
step 37000  train 1.4092  eval 1.3932  pmax 7.1  (517s)
step 38000  train 1.3936  eval 1.4020  pmax 7.2  (531s)
step 39000  train 1.4433  eval 1.4058  pmax 7.3  (545s)
step 40000  train 1.4316  eval 1.4269  pmax 7.3  (559s)
step 41000  train 1.4557  eval 1.4195  pmax 7.4  (573s)
step 42000  train 1.4117  eval 1.4212  pmax 7.4  (587s)
step 43000  train 1.4534  eval 1.3655  pmax 7.6  (601s)
step 44000  train 1.4261  eval 1.4507  pmax 7.6  (614s)
step 45000  train 1.4113  eval 1.4052  pmax 7.6  (628s)
step 46000  train 1.3884  eval 1.4556  pmax 7.7  (642s)
step 47000  train 1.4355  eval 1.3773  pmax 7.7  (656s)
step 48000  train 1.4279  eval 1.3941  pmax 7.7  (670s)
step 49000  train 1.3861  eval 1.4057  pmax 7.7  (683s)
step 50000  train 1.4595  eval 1.3843  pmax 7.7  (697s)
  [checkpoint + sample saved at step 50000]
step 51000  train 1.4289  eval 1.4062  pmax 7.7  (713s)
step 52000  train 1.3914  eval 1.4038  pmax 7.7  (727s)
step 53000  train 1.4255  eval 1.3900  pmax 7.7  (740s)
step 54000  train 1.4049  eval 1.3933  pmax 7.7  (754s)
step 55000  train 1.4135  eval 1.4046  pmax 7.7  (768s)
step 56000  train 1.4098  eval 1.3735  pmax 7.7  (782s)
step 57000  train 1.3967  eval 1.3890  pmax 7.7  (796s)
step 58000  train 1.3902  eval 1.4142  pmax 7.6  (810s)
step 59000  train 1.3943  eval 1.4480  pmax 7.6  (824s)
step 60000  train 1.3958  eval 1.4078  pmax 7.6  (838s)
step 61000  train 1.4400  eval 1.4126  pmax 7.6  (852s)
step 62000  train 1.4249  eval 1.3953  pmax 7.6  (866s)
step 63000  train 1.4130  eval 1.3780  pmax 7.5  (880s)
step 64000  train 1.4128  eval 1.4306  pmax 7.5  (893s)
step 65000  train 1.3898  eval 1.4180  pmax 7.5  (906s)
step 66000  train 1.4292  eval 1.4100  pmax 7.5  (920s)
step 67000  train 1.3727  eval 1.3983  pmax 7.5  (933s)
step 68000  train 1.3610  eval 1.4369  pmax 7.5  (947s)
step 69000  train 1.4494  eval 1.3765  pmax 7.5  (961s)
step 70000  train 1.3909  eval 1.3920  pmax 7.5  (975s)
step 71000  train 1.4163  eval 1.3827  pmax 7.5  (989s)
step 72000  train 1.3967  eval 1.3797  pmax 7.6  (1002s)
step 73000  train 1.3782  eval 1.3968  pmax 7.6  (1016s)
step 74000  train 1.4109  eval 1.4232  pmax 7.6  (1030s)
step 75000  train 1.4141  eval 1.4145  pmax 7.6  (1044s)
  [checkpoint + sample saved at step 75000]
step 76000  train 1.4321  eval 1.3440  pmax 7.6  (1059s)
step 77000  train 1.3747  eval 1.3932  pmax 7.6  (1073s)
step 78000  train 1.3674  eval 1.4158  pmax 7.6  (1087s)
step 79000  train 1.4046  eval 1.3657  pmax 7.6  (1101s)
step 80000  train 1.4147  eval 1.3766  pmax 7.7  (1115s)
step 81000  train 1.4001  eval 1.3741  pmax 7.7  (1128s)
step 82000  train 1.4149  eval 1.4202  pmax 7.7  (1142s)
step 83000  train 1.4292  eval 1.3939  pmax 7.7  (1155s)
step 84000  train 1.3972  eval 1.3665  pmax 7.7  (1169s)
step 85000  train 1.4148  eval 1.3929  pmax 7.7  (1183s)
step 86000  train 1.3859  eval 1.3999  pmax 7.7  (1197s)
step 87000  train 1.4020  eval 1.3985  pmax 7.7  (1211s)
step 88000  train 1.4090  eval 1.3862  pmax 7.7  (1225s)
step 89000  train 1.4058  eval 1.4076  pmax 7.7  (1239s)
step 90000  train 1.4216  eval 1.4569  pmax 7.7  (1252s)
step 91000  train 1.4013  eval 1.3734  pmax 7.7  (1266s)
step 92000  train 1.4250  eval 1.3715  pmax 7.7  (1280s)
step 93000  train 1.3680  eval 1.4003  pmax 7.7  (1293s)
step 94000  train 1.3994  eval 1.3618  pmax 7.7  (1307s)
step 95000  train 1.3892  eval 1.4617  pmax 7.7  (1321s)
step 96000  train 1.4518  eval 1.3922  pmax 7.7  (1335s)
step 97000  train 1.4069  eval 1.3751  pmax 7.7  (1349s)
step 98000  train 1.3961  eval 1.3943  pmax 7.7  (1363s)
step 99000  train 1.3775  eval 1.3861  pmax 7.7  (1376s)
  [checkpoint + sample saved at step 99000]
done. artifacts in /home/luke/Wavelet-State-KAN/checkpoints/wskan11real_wikitext_100k_3ep_s7
