/home/luke/Wavelet-State-KAN/experiments/V1_train_tinystories_lm.py:107: UserWarning: The given buffer is not writable, and PyTorch does not support non-writable tensors. This means you can write to the underlying (supposedly non-writable) buffer using the tensor. You may want to copy the buffer to protect its data or make it writable before converting it to a tensor. This type of warning will be suppressed for the rest of this program. (Triggered internally at /__w/pytorch/pytorch/torch/csrc/utils/tensor_new.cpp:1556.)
  train_ids = torch.frombuffer(train_text.encode("utf-8", errors="ignore"), dtype=torch.uint8)
train bytes: 1,195,926,439  eval bytes: 2,859,070
model: wskan11real  params: 113,612  device: cuda
step     1  train 5.5441  eval 5.4642  pmax 3.0  (10s)
step  1000  train 1.5769  eval 1.5932  pmax 3.8  (33s)
step  2000  train 1.4725  eval 1.4869  pmax 4.0  (56s)
step  3000  train 1.4753  eval 1.4613  pmax 4.1  (79s)
step  4000  train 1.4378  eval 1.4934  pmax 4.2  (102s)
step  5000  train 1.3992  eval 1.3691  pmax 4.3  (125s)
step  6000  train 1.3954  eval 1.4436  pmax 4.3  (148s)
step  7000  train 1.3810  eval 1.3731  pmax 4.6  (171s)
step  8000  train 1.4111  eval 1.3749  pmax 4.9  (193s)
step  9000  train 1.3942  eval 1.4253  pmax 5.1  (216s)
step 10000  train 1.4259  eval 1.4675  pmax 5.3  (239s)
step 11000  train 1.3598  eval 1.3431  pmax 5.5  (262s)
step 12000  train 1.3800  eval 1.3892  pmax 5.6  (285s)
step 13000  train 1.3528  eval 1.3360  pmax 5.9  (307s)
step 14000  train 1.3620  eval 1.3697  pmax 6.3  (330s)
step 15000  train 1.3960  eval 1.3261  pmax 6.5  (353s)
step 16000  train 1.3388  eval 1.4035  pmax 6.6  (376s)
step 17000  train 1.3113  eval 1.3307  pmax 6.7  (399s)
step 18000  train 1.3679  eval 1.3119  pmax 6.8  (422s)
step 19000  train 1.3868  eval 1.3644  pmax 6.8  (444s)
step 20000  train 1.3276  eval 1.4010  pmax 6.8  (467s)
step 21000  train 1.3638  eval 1.3956  pmax 6.7  (490s)
step 22000  train 1.3738  eval 1.3821  pmax 6.6  (513s)
step 23000  train 1.3905  eval 1.3157  pmax 6.5  (536s)
step 24000  train 1.3272  eval 1.3104  pmax 6.5  (559s)
step 25000  train 1.3487  eval 1.3131  pmax 6.7  (581s)
  [checkpoint + sample saved at step 25000]
step 26000  train 1.2997  eval 1.3584  pmax 6.9  (606s)
step 27000  train 1.3446  eval 1.3364  pmax 7.1  (629s)
step 28000  train 1.3560  eval 1.3473  pmax 7.3  (652s)
step 29000  train 1.2947  eval 1.3155  pmax 7.5  (675s)
step 30000  train 1.3590  eval 1.3241  pmax 7.7  (697s)
step 31000  train 1.3228  eval 1.3656  pmax 7.9  (720s)
step 32000  train 1.3482  eval 1.3666  pmax 8.1  (743s)
step 33000  train 1.3610  eval 1.3754  pmax 8.2  (766s)
step 34000  train 1.3499  eval 1.3342  pmax 8.5  (789s)
step 35000  train 1.3457  eval 1.3489  pmax 8.6  (812s)
step 36000  train 1.3558  eval 1.3501  pmax 8.8  (834s)
step 37000  train 1.3206  eval 1.3620  pmax 8.9  (857s)
step 38000  train 1.2689  eval 1.3461  pmax 9.1  (880s)
step 39000  train 1.3196  eval 1.3254  pmax 9.2  (903s)
step 40000  train 1.3327  eval 1.2984  pmax 9.3  (926s)
step 41000  train 1.2943  eval 1.3189  pmax 9.5  (949s)
step 42000  train 1.3268  eval 1.3489  pmax 9.6  (972s)
step 43000  train 1.3221  eval 1.3000  pmax 9.7  (994s)
step 44000  train 1.3206  eval 1.2928  pmax 9.8  (1017s)
step 45000  train 1.2983  eval 1.3074  pmax 9.8  (1040s)
step 46000  train 1.3024  eval 1.3045  pmax 9.9  (1063s)
step 47000  train 1.2867  eval 1.3245  pmax 10.0  (1086s)
step 48000  train 1.3253  eval 1.3373  pmax 10.1  (1109s)
step 49000  train 1.3279  eval 1.3698  pmax 10.1  (1131s)
step 50000  train 1.3641  eval 1.3521  pmax 10.2  (1154s)
  [checkpoint + sample saved at step 50000]
step 51000  train 1.3247  eval 1.3595  pmax 10.3  (1179s)
step 52000  train 1.2791  eval 1.3289  pmax 10.3  (1202s)
step 53000  train 1.2859  eval 1.3020  pmax 10.4  (1224s)
step 54000  train 1.2705  eval 1.3334  pmax 10.4  (1247s)
step 55000  train 1.3143  eval 1.3404  pmax 10.5  (1270s)
step 56000  train 1.3112  eval 1.2696  pmax 10.6  (1293s)
step 57000  train 1.2766  eval 1.2914  pmax 10.6  (1316s)
step 58000  train 1.3267  eval 1.2714  pmax 10.7  (1339s)
step 59000  train 1.2961  eval 1.3092  pmax 10.7  (1362s)
step 60000  train 1.3083  eval 1.2608  pmax 10.8  (1384s)
step 61000  train 1.2619  eval 1.2649  pmax 10.9  (1407s)
step 62000  train 1.3262  eval 1.3372  pmax 10.9  (1430s)
step 63000  train 1.3252  eval 1.3616  pmax 11.0  (1453s)
step 64000  train 1.3295  eval 1.3098  pmax 11.0  (1476s)
step 65000  train 1.2929  eval 1.3135  pmax 11.0  (1498s)
step 66000  train 1.3262  eval 1.2508  pmax 11.1  (1521s)
step 67000  train 1.2943  eval 1.3050  pmax 11.1  (1544s)
step 68000  train 1.3411  eval 1.2996  pmax 11.1  (1567s)
step 69000  train 1.2773  eval 1.3444  pmax 11.2  (1590s)
step 70000  train 1.2971  eval 1.3224  pmax 11.2  (1613s)
step 71000  train 1.2939  eval 1.3120  pmax 11.3  (1635s)
step 72000  train 1.2943  eval 1.3109  pmax 11.3  (1658s)
step 73000  train 1.3355  eval 1.2836  pmax 11.3  (1681s)
step 74000  train 1.3096  eval 1.3031  pmax 11.3  (1704s)
step 75000  train 1.2912  eval 1.3030  pmax 11.4  (1727s)
  [checkpoint + sample saved at step 75000]
step 76000  train 1.3063  eval 1.2802  pmax 11.4  (1751s)
step 77000  train 1.3230  eval 1.3173  pmax 11.4  (1774s)
step 78000  train 1.2682  eval 1.3221  pmax 11.4  (1797s)
step 79000  train 1.3225  eval 1.2934  pmax 11.4  (1819s)
step 80000  train 1.3038  eval 1.2666  pmax 11.4  (1842s)
step 81000  train 1.2547  eval 1.2927  pmax 11.5  (1865s)
step 82000  train 1.2814  eval 1.2881  pmax 11.5  (1888s)
step 83000  train 1.2613  eval 1.2975  pmax 11.5  (1911s)
step 84000  train 1.2572  eval 1.2945  pmax 11.5  (1933s)
step 85000  train 1.2698  eval 1.2563  pmax 11.5  (1956s)
step 86000  train 1.3084  eval 1.3171  pmax 11.5  (1979s)
step 87000  train 1.2745  eval 1.2471  pmax 11.5  (2002s)
step 88000  train 1.3899  eval 1.2683  pmax 11.6  (2025s)
step 89000  train 1.2952  eval 1.2607  pmax 11.6  (2048s)
step 90000  train 1.2210  eval 1.2849  pmax 11.6  (2070s)
step 91000  train 1.2719  eval 1.3008  pmax 11.6  (2093s)
step 92000  train 1.3057  eval 1.2946  pmax 11.6  (2116s)
step 93000  train 1.2963  eval 1.2799  pmax 11.7  (2139s)
step 94000  train 1.2579  eval 1.2831  pmax 11.7  (2161s)
step 95000  train 1.3165  eval 1.3313  pmax 11.7  (2184s)
step 96000  train 1.3235  eval 1.2648  pmax 11.7  (2207s)
step 97000  train 1.2647  eval 1.2822  pmax 11.7  (2230s)
step 98000  train 1.3017  eval 1.2542  pmax 11.7  (2253s)
step 99000  train 1.3242  eval 1.2674  pmax 11.7  (2276s)
step 100000  train 1.2674  eval 1.2865  pmax 11.7  (2298s)
  [checkpoint + sample saved at step 100000]
step 101000  train 1.2133  eval 1.2654  pmax 11.7  (2323s)
step 102000  train 1.3365  eval 1.3097  pmax 11.7  (2346s)
step 103000  train 1.3174  eval 1.2660  pmax 11.7  (2368s)
step 104000  train 1.2865  eval 1.2982  pmax 11.7  (2391s)
step 105000  train 1.3370  eval 1.2948  pmax 11.7  (2414s)
step 106000  train 1.2653  eval 1.2855  pmax 11.7  (2437s)
step 107000  train 1.2438  eval 1.2464  pmax 11.7  (2460s)
step 108000  train 1.2868  eval 1.2756  pmax 11.7  (2483s)
  [checkpoint + sample saved at step 108000]
done. artifacts in /home/luke/Wavelet-State-KAN/checkpoints/wskan11real_ultrachat_100k_3ep_s123
