/home/luke/Wavelet-State-KAN/experiments/V1_train_tinystories_lm.py:107: UserWarning: The given buffer is not writable, and PyTorch does not support non-writable tensors. This means you can write to the underlying (supposedly non-writable) buffer using the tensor. You may want to copy the buffer to protect its data or make it writable before converting it to a tensor. This type of warning will be suppressed for the rest of this program. (Triggered internally at /__w/pytorch/pytorch/torch/csrc/utils/tensor_new.cpp:1556.)
  train_ids = torch.frombuffer(train_text.encode("utf-8", errors="ignore"), dtype=torch.uint8)
train bytes: 542,898,247  eval bytes: 130,357
model: wskan11  params: 985,956  device: cuda
W0920 05:09:25.614000 486577 .venv/lib/python3.12/site-packages/torch/_inductor/utils.py:1806] [0/0] Not enough SMs to use max_autotune_gemm mode
step     1  train 5.5585  eval 5.4524  pmax 18.9  (66s)
step  1000  train 1.4780  eval 1.4847  pmax 19.0  (104s)
step  2000  train 1.4289  eval 1.3366  pmax 19.0  (142s)
step  3000  train 1.3042  eval 1.3497  pmax 19.0  (181s)
step  4000  train 1.2937  eval 1.3167  pmax 19.1  (219s)
step  5000  train 1.2856  eval 1.3073  pmax 19.2  (257s)
step  6000  train 1.2858  eval 1.2645  pmax 19.2  (295s)
step  7000  train 1.2550  eval 1.2556  pmax 19.2  (334s)
step  8000  train 1.2358  eval 1.2584  pmax 19.2  (372s)
step  9000  train 1.2266  eval 1.2103  pmax 19.2  (410s)
step 10000  train 1.2758  eval 1.2110  pmax 19.2  (449s)
  [checkpoint + sample saved at step 10000]
step 11000  train 1.2509  eval 1.2211  pmax 19.3  (493s)
step 12000  train 1.2214  eval 1.2044  pmax 19.4  (531s)
step 13000  train 1.2294  eval 1.1970  pmax 19.4  (569s)
step 14000  train 1.2407  eval 1.2217  pmax 19.4  (608s)
step 15000  train 1.2187  eval 1.1987  pmax 19.4  (646s)
step 16000  train 1.2246  eval 1.2384  pmax 19.5  (685s)
step 17000  train 1.2217  eval 1.1786  pmax 19.5  (723s)
step 18000  train 1.2117  eval 1.1695  pmax 19.6  (761s)
step 19000  train 1.2185  eval 1.1852  pmax 19.6  (800s)
step 20000  train 1.1948  eval 1.2140  pmax 19.6  (838s)
  [checkpoint + sample saved at step 20000]
step 21000  train 1.2094  eval 1.2139  pmax 19.6  (882s)
step 22000  train 1.2003  eval 1.1801  pmax 19.6  (920s)
step 23000  train 1.1671  eval 1.1665  pmax 19.6  (959s)
step 24000  train 1.1529  eval 1.2183  pmax 19.6  (997s)
step 25000  train 1.1495  eval 1.1548  pmax 19.6  (1036s)
step 26000  train 1.1513  eval 1.1748  pmax 19.6  (1074s)
step 27000  train 1.1572  eval 1.1553  pmax 19.6  (1113s)
step 28000  train 1.1739  eval 1.1630  pmax 19.6  (1151s)
step 29000  train 1.1330  eval 1.2129  pmax 19.6  (1189s)
step 30000  train 1.1668  eval 1.1968  pmax 19.6  (1228s)
  [checkpoint + sample saved at step 30000]
step 31000  train 1.1294  eval 1.1395  pmax 19.6  (1271s)
step 32000  train 1.1429  eval 1.1609  pmax 19.6  (1310s)
step 33000  train 1.1372  eval 1.2025  pmax 19.6  (1348s)
step 34000  train 1.1722  eval 1.1744  pmax 19.6  (1386s)
step 35000  train 1.1913  eval 1.1594  pmax 19.6  (1425s)
step 36000  train 1.1369  eval 1.1558  pmax 19.6  (1463s)
step 37000  train 1.1587  eval 1.1862  pmax 19.6  (1502s)
step 38000  train 1.1417  eval 1.1560  pmax 19.6  (1540s)
step 39000  train 1.1481  eval 1.1300  pmax 19.6  (1578s)
step 40000  train 1.1194  eval 1.1515  pmax 19.6  (1617s)
  [checkpoint + sample saved at step 40000]
step 41000  train 1.1657  eval 1.1805  pmax 19.6  (1660s)
step 42000  train 1.1521  eval 1.1230  pmax 19.6  (1698s)
step 43000  train 1.1339  eval 1.1356  pmax 19.6  (1737s)
step 44000  train 1.1391  eval 1.1526  pmax 19.6  (1775s)
step 45000  train 1.1251  eval 1.1449  pmax 19.6  (1814s)
step 46000  train 1.0888  eval 1.1154  pmax 19.6  (1852s)
step 47000  train 1.1240  eval 1.1450  pmax 19.6  (1890s)
step 48000  train 1.1641  eval 1.1315  pmax 19.6  (1929s)
step 49000  train 1.1615  eval 1.1371  pmax 19.6  (1967s)
step 50000  train 1.1073  eval 1.1151  pmax 19.6  (2006s)
  [checkpoint + sample saved at step 50000]
step 51000  train 1.1397  eval 1.1346  pmax 19.6  (2049s)
step 52000  train 1.1228  eval 1.1707  pmax 19.6  (2088s)
step 53000  train 1.1318  eval 1.1617  pmax 19.6  (2126s)
step 54000  train 1.1166  eval 1.1371  pmax 19.6  (2164s)
step 55000  train 1.1503  eval 1.1194  pmax 19.6  (2203s)
step 56000  train 1.1563  eval 1.1527  pmax 19.6  (2241s)
step 57000  train 1.1542  eval 1.1262  pmax 19.6  (2280s)
step 58000  train 1.1361  eval 1.1250  pmax 19.6  (2318s)
step 59000  train 1.1476  eval 1.1769  pmax 19.6  (2356s)
step 60000  train 1.1182  eval 1.1549  pmax 19.6  (2395s)
  [checkpoint + sample saved at step 60000]
step 61000  train 1.1298  eval 1.1308  pmax 19.6  (2438s)
step 62000  train 1.1188  eval 1.1559  pmax 19.6  (2477s)
step 63000  train 1.1294  eval 1.1626  pmax 19.6  (2515s)
step 64000  train 1.1491  eval 1.1211  pmax 19.6  (2554s)
step 65000  train 1.1346  eval 1.1457  pmax 19.6  (2592s)
step 66000  train 1.1506  eval 1.1366  pmax 19.6  (2630s)
  [checkpoint + sample saved at step 66000]
done. artifacts in /home/luke/Wavelet-State-KAN/checkpoints/wskan11_wikitext_1m_3ep_s31337
