/home/luke/Wavelet-State-KAN/experiments/V1_train_tinystories_lm.py:107: UserWarning: The given buffer is not writable, and PyTorch does not support non-writable tensors. This means you can write to the underlying (supposedly non-writable) buffer using the tensor. You may want to copy the buffer to protect its data or make it writable before converting it to a tensor. This type of warning will be suppressed for the rest of this program. (Triggered internally at /__w/pytorch/pytorch/torch/csrc/utils/tensor_new.cpp:1556.)
  train_ids = torch.frombuffer(train_text.encode("utf-8", errors="ignore"), dtype=torch.uint8)
train bytes: 1,195,926,439  eval bytes: 2,859,070
model: wskan11  params: 113,612  device: cuda
W0919 20:22:48.362000 3917207 .venv/lib/python3.12/site-packages/torch/_inductor/utils.py:1806] [0/0] Not enough SMs to use max_autotune_gemm mode
step     1  train 5.5404  eval 5.4530  pmax 18.9  (37s)
step  1000  train 1.4650  eval 1.4442  pmax 19.1  (60s)
step  2000  train 1.4085  eval 1.3757  pmax 19.4  (83s)
step  3000  train 1.3884  eval 1.3839  pmax 19.8  (106s)
step  4000  train 1.2947  eval 1.3302  pmax 20.0  (129s)
step  5000  train 1.3714  eval 1.3882  pmax 20.4  (152s)
step  6000  train 1.3311  eval 1.3257  pmax 20.6  (175s)
step  7000  train 1.3157  eval 1.3759  pmax 20.8  (198s)
step  8000  train 1.2922  eval 1.3259  pmax 20.9  (221s)
step  9000  train 1.3088  eval 1.3381  pmax 20.9  (243s)
step 10000  train 1.3542  eval 1.2951  pmax 21.1  (266s)
step 11000  train 1.3137  eval 1.3857  pmax 21.3  (289s)
step 12000  train 1.3034  eval 1.2982  pmax 21.4  (312s)
step 13000  train 1.2644  eval 1.2788  pmax 21.5  (335s)
step 14000  train 1.3477  eval 1.2874  pmax 21.7  (358s)
step 15000  train 1.3399  eval 1.2952  pmax 21.8  (381s)
step 16000  train 1.3334  eval 1.2930  pmax 21.9  (404s)
step 17000  train 1.2523  eval 1.3353  pmax 22.1  (426s)
step 18000  train 1.3169  eval 1.3306  pmax 22.1  (449s)
step 19000  train 1.2751  eval 1.2917  pmax 22.3  (472s)
step 20000  train 1.3265  eval 1.2670  pmax 22.4  (495s)
step 21000  train 1.2611  eval 1.2633  pmax 22.6  (518s)
step 22000  train 1.3246  eval 1.3040  pmax 22.7  (541s)
step 23000  train 1.2683  eval 1.3328  pmax 22.9  (564s)
step 24000  train 1.3185  eval 1.3384  pmax 22.9  (587s)
step 25000  train 1.2809  eval 1.3148  pmax 23.1  (610s)
  [checkpoint + sample saved at step 25000]
step 26000  train 1.2876  eval 1.2843  pmax 23.3  (634s)
step 27000  train 1.3076  eval 1.2869  pmax 23.5  (657s)
step 28000  train 1.3330  eval 1.2662  pmax 23.5  (680s)
step 29000  train 1.2609  eval 1.2985  pmax 23.7  (703s)
step 30000  train 1.2957  eval 1.2923  pmax 23.9  (726s)
step 31000  train 1.2244  eval 1.2802  pmax 24.1  (749s)
step 32000  train 1.3131  eval 1.2819  pmax 24.2  (772s)
step 33000  train 1.3168  eval 1.2533  pmax 24.3  (795s)
step 34000  train 1.2701  eval 1.3269  pmax 24.5  (817s)
step 35000  train 1.2462  eval 1.2635  pmax 24.7  (840s)
step 36000  train 1.3159  eval 1.2699  pmax 24.8  (863s)
step 37000  train 1.2984  eval 1.2693  pmax 25.0  (886s)
step 38000  train 1.2607  eval 1.3957  pmax 25.1  (909s)
step 39000  train 1.2664  eval 1.3187  pmax 25.2  (932s)
step 40000  train 1.2629  eval 1.3012  pmax 25.3  (955s)
step 41000  train 1.2757  eval 1.3108  pmax 25.5  (978s)
step 42000  train 1.3047  eval 1.2698  pmax 25.6  (1000s)
step 43000  train 1.2839  eval 1.3143  pmax 25.8  (1023s)
step 44000  train 1.2974  eval 1.2575  pmax 25.9  (1046s)
step 45000  train 1.2968  eval 1.2957  pmax 26.1  (1069s)
step 46000  train 1.2660  eval 1.2778  pmax 26.2  (1092s)
step 47000  train 1.2768  eval 1.2505  pmax 26.3  (1115s)
step 48000  train 1.2549  eval 1.2429  pmax 26.4  (1137s)
step 49000  train 1.2759  eval 1.2943  pmax 26.6  (1160s)
step 50000  train 1.2809  eval 1.3013  pmax 26.7  (1183s)
  [checkpoint + sample saved at step 50000]
step 51000  train 1.2939  eval 1.2599  pmax 26.8  (1208s)
step 52000  train 1.2824  eval 1.2073  pmax 26.9  (1230s)
step 53000  train 1.2689  eval 1.2921  pmax 27.1  (1253s)
step 54000  train 1.2395  eval 1.2499  pmax 27.2  (1276s)
step 55000  train 1.2766  eval 1.2852  pmax 27.3  (1299s)
step 56000  train 1.3098  eval 1.2458  pmax 27.4  (1322s)
step 57000  train 1.3005  eval 1.2373  pmax 27.5  (1345s)
step 58000  train 1.3291  eval 1.2694  pmax 27.6  (1368s)
step 59000  train 1.3010  eval 1.2239  pmax 27.6  (1391s)
step 60000  train 1.2722  eval 1.3422  pmax 27.8  (1414s)
step 61000  train 1.2295  eval 1.2821  pmax 27.9  (1437s)
step 62000  train 1.2904  eval 1.2636  pmax 28.0  (1460s)
step 63000  train 1.2988  eval 1.2461  pmax 28.0  (1483s)
step 64000  train 1.2038  eval 1.2282  pmax 28.1  (1506s)
step 65000  train 1.2762  eval 1.3123  pmax 28.2  (1528s)
step 66000  train 1.2871  eval 1.2926  pmax 28.3  (1551s)
step 67000  train 1.2223  eval 1.2485  pmax 28.3  (1574s)
step 68000  train 1.2565  eval 1.2556  pmax 28.4  (1597s)
step 69000  train 1.2135  eval 1.2749  pmax 28.5  (1620s)
step 70000  train 1.2903  eval 1.2081  pmax 28.5  (1643s)
step 71000  train 1.2760  eval 1.2252  pmax 28.6  (1666s)
step 72000  train 1.2410  eval 1.2448  pmax 28.6  (1689s)
step 73000  train 1.2055  eval 1.2187  pmax 28.7  (1712s)
step 74000  train 1.2972  eval 1.2594  pmax 28.7  (1734s)
step 75000  train 1.2602  eval 1.2076  pmax 28.8  (1757s)
  [checkpoint + sample saved at step 75000]
step 76000  train 1.3030  eval 1.2772  pmax 28.8  (1782s)
step 77000  train 1.1691  eval 1.2266  pmax 28.9  (1805s)
step 78000  train 1.2363  eval 1.2207  pmax 28.9  (1828s)
step 79000  train 1.3121  eval 1.2757  pmax 28.9  (1851s)
step 80000  train 1.1898  eval 1.2425  pmax 29.0  (1874s)
step 81000  train 1.2729  eval 1.2904  pmax 29.0  (1896s)
step 82000  train 1.2785  eval 1.3039  pmax 29.0  (1919s)
step 83000  train 1.2442  eval 1.2502  pmax 29.0  (1942s)
step 84000  train 1.2475  eval 1.3004  pmax 29.1  (1965s)
step 85000  train 1.2647  eval 1.2050  pmax 29.1  (1988s)
step 86000  train 1.2248  eval 1.2545  pmax 29.1  (2011s)
step 87000  train 1.2574  eval 1.2368  pmax 29.1  (2034s)
step 88000  train 1.2475  eval 1.2907  pmax 29.2  (2056s)
step 89000  train 1.2430  eval 1.2291  pmax 29.2  (2079s)
step 90000  train 1.2271  eval 1.2767  pmax 29.2  (2102s)
step 91000  train 1.1948  eval 1.2613  pmax 29.2  (2125s)
step 92000  train 1.2005  eval 1.2337  pmax 29.2  (2148s)
step 93000  train 1.2367  eval 1.2108  pmax 29.2  (2171s)
step 94000  train 1.2499  eval 1.2682  pmax 29.2  (2193s)
step 95000  train 1.2696  eval 1.2055  pmax 29.2  (2216s)
step 96000  train 1.2976  eval 1.3016  pmax 29.2  (2239s)
step 97000  train 1.2486  eval 1.2435  pmax 29.2  (2262s)
step 98000  train 1.3074  eval 1.2530  pmax 29.2  (2285s)
step 99000  train 1.2213  eval 1.2683  pmax 29.3  (2308s)
step 100000  train 1.2933  eval 1.2391  pmax 29.3  (2331s)
  [checkpoint + sample saved at step 100000]
step 101000  train 1.2328  eval 1.2260  pmax 29.3  (2355s)
step 102000  train 1.2335  eval 1.2528  pmax 29.3  (2378s)
step 103000  train 1.3295  eval 1.2435  pmax 29.3  (2401s)
step 104000  train 1.2496  eval 1.2074  pmax 29.3  (2424s)
step 105000  train 1.3067  eval 1.2788  pmax 29.3  (2446s)
step 106000  train 1.2986  eval 1.2180  pmax 29.3  (2469s)
step 107000  train 1.2351  eval 1.2635  pmax 29.3  (2492s)
step 108000  train 1.2670  eval 1.2316  pmax 29.3  (2515s)
  [checkpoint + sample saved at step 108000]
done. artifacts in /home/luke/Wavelet-State-KAN/checkpoints/wskan11_ultrachat_100k_3ep_s42
