/home/luke/Wavelet-State-KAN/experiments/V1_train_tinystories_lm.py:107: UserWarning: The given buffer is not writable, and PyTorch does not support non-writable tensors. This means you can write to the underlying (supposedly non-writable) buffer using the tensor. You may want to copy the buffer to protect its data or make it writable before converting it to a tensor. This type of warning will be suppressed for the rest of this program. (Triggered internally at /__w/pytorch/pytorch/torch/csrc/utils/tensor_new.cpp:1556.)
  train_ids = torch.frombuffer(train_text.encode("utf-8", errors="ignore"), dtype=torch.uint8)
train bytes: 542,898,247  eval bytes: 130,357
model: wskan11real  params: 985,956  device: cuda
W0919 11:18:29.764000 2908599 .venv/lib/python3.12/site-packages/torch/_inductor/utils.py:1806] [0/0] Not enough SMs to use max_autotune_gemm mode
step     1  train 5.5610  eval 5.4667  pmax 3.0  (43s)
step  1000  train 1.4906  eval 1.4759  pmax 3.1  (107s)
step  2000  train 1.4132  eval 1.3559  pmax 3.2  (172s)
step  3000  train 1.3566  eval 1.3563  pmax 3.3  (236s)
step  4000  train 1.3287  eval 1.3595  pmax 3.3  (300s)
step  5000  train 1.2655  eval 1.2949  pmax 3.4  (364s)
step  6000  train 1.3517  eval 1.3035  pmax 3.4  (429s)
step  7000  train 1.3210  eval 1.2628  pmax 3.5  (493s)
step  8000  train 1.2745  eval 1.2881  pmax 3.5  (557s)
step  9000  train 1.2891  eval 1.2549  pmax 3.5  (621s)
step 10000  train 1.2441  eval 1.3004  pmax 3.6  (685s)
  [checkpoint + sample saved at step 10000]
step 11000  train 1.2612  eval 1.2642  pmax 3.6  (755s)
step 12000  train 1.2396  eval 1.2547  pmax 3.6  (819s)
step 13000  train 1.2086  eval 1.2683  pmax 3.7  (884s)
step 14000  train 1.2760  eval 1.2477  pmax 3.7  (948s)
step 15000  train 1.2068  eval 1.2165  pmax 3.8  (1012s)
step 16000  train 1.2114  eval 1.2025  pmax 3.8  (1077s)
step 17000  train 1.2015  eval 1.2299  pmax 3.8  (1141s)
step 18000  train 1.2287  eval 1.2306  pmax 3.8  (1205s)
step 19000  train 1.2481  eval 1.2688  pmax 3.9  (1269s)
step 20000  train 1.2242  eval 1.2133  pmax 3.9  (1334s)
  [checkpoint + sample saved at step 20000]
step 21000  train 1.2284  eval 1.2001  pmax 3.9  (1403s)
step 22000  train 1.2226  eval 1.1750  pmax 3.9  (1467s)
step 23000  train 1.1835  eval 1.1925  pmax 3.9  (1532s)
step 24000  train 1.1737  eval 1.2059  pmax 3.9  (1596s)
step 25000  train 1.2329  eval 1.2271  pmax 3.9  (1660s)
step 26000  train 1.2146  eval 1.2304  pmax 3.9  (1724s)
step 27000  train 1.2219  eval 1.2190  pmax 3.9  (1788s)
step 28000  train 1.2102  eval 1.2029  pmax 3.9  (1852s)
step 29000  train 1.1896  eval 1.2007  pmax 4.0  (1917s)
step 30000  train 1.2138  eval 1.2060  pmax 4.0  (1981s)
  [checkpoint + sample saved at step 30000]
step 31000  train 1.2249  eval 1.1857  pmax 4.0  (2050s)
step 32000  train 1.1784  eval 1.1825  pmax 4.0  (2114s)
step 33000  train 1.1958  eval 1.2009  pmax 4.0  (2178s)
step 34000  train 1.1528  eval 1.1624  pmax 4.0  (2242s)
step 35000  train 1.1712  eval 1.1551  pmax 4.0  (2307s)
step 36000  train 1.2242  eval 1.1782  pmax 4.0  (2371s)
step 37000  train 1.1773  eval 1.1656  pmax 4.0  (2435s)
step 38000  train 1.1808  eval 1.1658  pmax 4.0  (2499s)
step 39000  train 1.1947  eval 1.1907  pmax 4.0  (2563s)
step 40000  train 1.1780  eval 1.1658  pmax 4.0  (2627s)
  [checkpoint + sample saved at step 40000]
step 41000  train 1.1734  eval 1.1718  pmax 4.0  (2696s)
step 42000  train 1.1650  eval 1.1650  pmax 4.0  (2760s)
step 43000  train 1.1892  eval 1.1843  pmax 4.0  (2824s)
step 44000  train 1.1581  eval 1.1646  pmax 4.0  (2888s)
step 45000  train 1.1773  eval 1.1985  pmax 4.0  (2952s)
step 46000  train 1.1207  eval 1.1826  pmax 4.0  (3016s)
step 47000  train 1.1743  eval 1.1743  pmax 4.0  (3081s)
step 48000  train 1.1688  eval 1.1630  pmax 4.0  (3145s)
step 49000  train 1.1575  eval 1.1312  pmax 4.0  (3209s)
step 50000  train 1.1202  eval 1.1494  pmax 4.0  (3273s)
  [checkpoint + sample saved at step 50000]
step 51000  train 1.1259  eval 1.1614  pmax 4.0  (3342s)
step 52000  train 1.1640  eval 1.1669  pmax 4.0  (3406s)
step 53000  train 1.1215  eval 1.1394  pmax 4.0  (3470s)
step 54000  train 1.1729  eval 1.1792  pmax 4.0  (3534s)
step 55000  train 1.1621  eval 1.1480  pmax 4.0  (3598s)
step 56000  train 1.1348  eval 1.1471  pmax 4.0  (3662s)
step 57000  train 1.1277  eval 1.1946  pmax 4.0  (3726s)
step 58000  train 1.1608  eval 1.1550  pmax 4.0  (3790s)
step 59000  train 1.1319  eval 1.1551  pmax 4.0  (3854s)
step 60000  train 1.1548  eval 1.1631  pmax 4.0  (3918s)
  [checkpoint + sample saved at step 60000]
step 61000  train 1.1682  eval 1.1421  pmax 4.0  (3987s)
step 62000  train 1.1638  eval 1.1462  pmax 4.0  (4051s)
step 63000  train 1.1487  eval 1.1632  pmax 4.0  (4115s)
step 64000  train 1.1512  eval 1.1349  pmax 4.0  (4180s)
step 65000  train 1.1901  eval 1.1847  pmax 4.0  (4244s)
step 66000  train 1.1506  eval 1.1707  pmax 4.0  (4308s)
  [checkpoint + sample saved at step 66000]
done. artifacts in /home/luke/Wavelet-State-KAN/checkpoints/wskan11real_wikitext_1m_3ep_s42
