train bytes: 180,723,994  eval bytes: 405,730
model: wskan3real  params: 101,856  device: cuda
W0912 10:46:30.517000 3524663 .venv/lib/python3.12/site-packages/torch/_inductor/utils.py:1806] [0/0] Not enough SMs to use max_autotune_gemm mode
step     1  train 5.5503  eval 5.5070  pmax 3.0  (800s)
step  2500  train 1.2839  eval 1.2067  pmax 2.9  (929s)
step  5000  train 1.1437  eval 1.0949  pmax 2.9  (1064s)
step  7500  train 1.0919  eval 1.0713  pmax 2.9  (1197s)
step 10000  train 1.0801  eval 1.0423  pmax 3.0  (1328s)
step 12500  train 1.0335  eval 0.9993  pmax 3.1  (1459s)
step 15000  train 0.9586  eval 1.0324  pmax 3.1  (1591s)
step 17500  train 1.0644  eval 0.9821  pmax 3.2  (1723s)
step 20000  train 1.0170  eval 0.9378  pmax 3.3  (1855s)
step 22500  train 1.0330  eval 0.9659  pmax 3.3  (1985s)
step 25000  train 1.0048  eval 0.9381  pmax 3.4  (2117s)
step 27500  train 0.9905  eval 0.9803  pmax 3.4  (2249s)
step 30000  train 0.9710  eval 0.9739  pmax 3.5  (2379s)
step 32500  train 0.9938  eval 0.9290  pmax 3.5  (2512s)
step 35000  train 0.9956  eval 0.9468  pmax 3.6  (2645s)
step 37500  train 0.9740  eval 0.9810  pmax 3.6  (2780s)
step 40000  train 0.9644  eval 0.9609  pmax 3.6  (2912s)
step 42500  train 0.9247  eval 0.9547  pmax 3.7  (3044s)
step 45000  train 0.9876  eval 0.9406  pmax 3.7  (3176s)
step 47500  train 0.9678  eval 0.9414  pmax 3.7  (3309s)
step 50000  train 1.0028  eval 0.9204  pmax 3.7  (3443s)
  [checkpoint + sample saved at step 50000]
step 52500  train 0.9738  eval 0.9243  pmax 3.8  (3583s)
step 55000  train 0.9523  eval 0.8964  pmax 3.8  (3717s)
step 57500  train 0.9517  eval 0.8925  pmax 3.8  (3848s)
step 60000  train 0.9538  eval 0.9399  pmax 3.8  (3979s)
step 62500  train 0.9926  eval 0.9314  pmax 3.8  (4110s)
step 65000  train 0.9954  eval 0.9411  pmax 3.8  (4242s)
step 67500  train 0.9335  eval 0.9674  pmax 3.8  (4375s)
step 70000  train 0.9381  eval 0.9204  pmax 3.8  (4509s)
step 72500  train 0.9549  eval 0.9226  pmax 3.8  (4643s)
step 75000  train 0.9987  eval 0.9157  pmax 3.9  (4774s)
step 77500  train 0.9597  eval 0.9150  pmax 3.9  (4906s)
step 80000  train 0.9201  eval 0.9279  pmax 3.9  (5038s)
step 82500  train 0.9547  eval 0.9311  pmax 3.9  (5169s)
step 85000  train 0.9402  eval 0.8985  pmax 3.9  (5298s)
step 87500  train 0.9290  eval 0.8990  pmax 3.9  (5428s)
step 90000  train 0.9975  eval 0.8754  pmax 3.9  (5558s)
step 92500  train 0.9418  eval 0.8602  pmax 3.9  (5689s)
step 95000  train 0.9691  eval 0.8349  pmax 3.9  (5819s)
step 97500  train 0.9431  eval 0.8614  pmax 3.9  (5951s)
step 100000  train 0.9509  eval 0.8580  pmax 3.9  (6079s)
  [checkpoint + sample saved at step 100000]
done. artifacts in /home/luke/Wavelet-State-KAN/checkpoints/wskan3real_tinystories_interp_s123
