train bytes: 180,263,596  eval bytes: 2,859,070
model: wskan7  params: 85,842  device: cuda
W0912 07:27:52.599000 3482144 .venv/lib/python3.12/site-packages/torch/_inductor/utils.py:1806] [0/0] Not enough SMs to use max_autotune_gemm mode
step     1  train 5.5467  eval 5.5294  pmax 18.9  (804s)
step  2500  train 1.5334  eval 1.7842  pmax 19.2  (1050s)
step  5000  train 1.5007  eval 1.4890  pmax 19.2  (1276s)
step  7500  train 1.5023  eval 1.5826  pmax 19.4  (1505s)
step 10000  train 1.5236  eval 1.5073  pmax 19.5  (1730s)
step 12500  train 1.4814  eval 1.4214  pmax 19.5  (1958s)
step 15000  train 1.3914  eval 1.4331  pmax 19.5  (2186s)
step 17500  train 1.4814  eval 1.4052  pmax 19.5  (2415s)
step 20000  train 1.3812  eval 1.4077  pmax 19.7  (2642s)
step 22500  train 1.4435  eval 1.3703  pmax 19.8  (2869s)
step 25000  train 1.3999  eval 1.3935  pmax 19.8  (3098s)
step 27500  train 1.3642  eval 1.3386  pmax 19.8  (3326s)
step 30000  train 1.3872  eval 1.4640  pmax 19.8  (3555s)
step 32500  train 1.3531  eval 1.3282  pmax 19.8  (3783s)
step 35000  train 1.3927  eval 1.4528  pmax 19.8  (4011s)
step 37500  train 1.3765  eval 1.3779  pmax 19.8  (4237s)
step 40000  train 1.4338  eval 1.3978  pmax 19.8  (4467s)
step 42500  train 1.2807  eval 1.3142  pmax 19.9  (4694s)
step 45000  train 1.4009  eval 1.3259  pmax 20.0  (4924s)
step 47500  train 1.3783  eval 1.3336  pmax 20.1  (5151s)
step 50000  train 1.4020  eval 1.3383  pmax 20.2  (5377s)
  [checkpoint + sample saved at step 50000]
step 52500  train 1.3097  eval 1.3451  pmax 20.2  (5614s)
step 55000  train 1.3460  eval 1.3376  pmax 20.3  (5841s)
step 57500  train 1.3471  eval 1.4094  pmax 20.4  (6068s)
step 60000  train 1.2871  eval 1.3213  pmax 20.4  (6293s)
step 62500  train 1.3794  eval 1.3549  pmax 20.5  (6521s)
step 65000  train 1.3588  eval 1.3452  pmax 20.5  (6747s)
step 67500  train 1.4003  eval 1.2849  pmax 20.6  (6976s)
step 70000  train 1.4563  eval 1.3401  pmax 20.6  (7202s)
step 72500  train 1.3886  eval 1.4785  pmax 20.7  (7430s)
step 75000  train 1.4211  eval 1.3507  pmax 20.7  (7655s)
step 77500  train 1.3398  eval 1.3719  pmax 20.7  (7881s)
step 80000  train 1.3394  eval 1.3879  pmax 20.8  (8107s)
step 82500  train 1.3118  eval 1.3654  pmax 20.8  (8333s)
step 85000  train 1.2757  eval 1.3411  pmax 20.8  (8561s)
step 87500  train 1.3005  eval 1.2840  pmax 20.8  (8788s)
step 90000  train 1.3582  eval 1.3827  pmax 20.8  (9019s)
step 92500  train 1.3502  eval 1.3432  pmax 20.8  (9245s)
step 95000  train 1.3260  eval 1.3069  pmax 20.8  (9475s)
step 97500  train 1.4003  eval 1.3998  pmax 20.8  (9700s)
step 100000  train 1.3236  eval 1.2916  pmax 20.8  (9928s)
  [checkpoint + sample saved at step 100000]
done. artifacts in /home/luke/Wavelet-State-KAN/checkpoints/wskan7_ultrachat_interp_s42
