/home/luke/Wavelet-State-KAN/experiments/V1_train_tinystories_lm.py:107: UserWarning: The given buffer is not writable, and PyTorch does not support non-writable tensors. This means you can write to the underlying (supposedly non-writable) buffer using the tensor. You may want to copy the buffer to protect its data or make it writable before converting it to a tensor. This type of warning will be suppressed for the rest of this program. (Triggered internally at /__w/pytorch/pytorch/torch/csrc/utils/tensor_new.cpp:1556.)
  train_ids = torch.frombuffer(train_text.encode("utf-8", errors="ignore"), dtype=torch.uint8)
train bytes: 542,898,247  eval bytes: 130,357
model: wskan11  params: 12,546  device: cuda
step     1  train 5.5513  eval 5.5294  pmax 18.9  (8s)
step  1000  train 2.0873  eval 2.0800  pmax 19.5  (16s)
step  2000  train 2.0296  eval 1.9975  pmax 19.8  (25s)
step  3000  train 2.0048  eval 1.9954  pmax 19.8  (33s)
step  4000  train 1.9881  eval 1.9861  pmax 19.8  (42s)
step  5000  train 1.9595  eval 1.9616  pmax 19.8  (50s)
step  6000  train 2.0139  eval 1.9609  pmax 20.0  (59s)
step  7000  train 1.9782  eval 1.9515  pmax 20.1  (67s)
step  8000  train 1.9445  eval 1.9561  pmax 20.2  (76s)
step  9000  train 1.9921  eval 1.9482  pmax 20.2  (84s)
step 10000  train 1.9525  eval 1.9684  pmax 20.2  (92s)
step 11000  train 1.9551  eval 1.9492  pmax 20.2  (101s)
step 12000  train 1.9152  eval 1.9129  pmax 20.2  (109s)
step 13000  train 1.9702  eval 1.9373  pmax 20.1  (118s)
step 14000  train 1.9698  eval 1.9307  pmax 20.1  (126s)
step 15000  train 1.9421  eval 1.9442  pmax 20.1  (134s)
step 16000  train 1.9409  eval 1.9445  pmax 20.1  (143s)
step 17000  train 1.9424  eval 1.9745  pmax 20.1  (151s)
step 18000  train 1.9057  eval 1.9301  pmax 20.1  (159s)
step 19000  train 1.9280  eval 1.9265  pmax 20.1  (168s)
step 20000  train 1.9273  eval 1.9453  pmax 20.1  (176s)
step 21000  train 1.8958  eval 1.9265  pmax 20.1  (185s)
step 22000  train 1.9254  eval 1.9521  pmax 20.1  (193s)
step 23000  train 1.9180  eval 1.9223  pmax 20.0  (202s)
step 24000  train 1.9460  eval 1.9275  pmax 20.0  (210s)
step 25000  train 1.9221  eval 1.9440  pmax 20.0  (219s)
  [checkpoint + sample saved at step 25000]
step 26000  train 1.9229  eval 1.8993  pmax 20.0  (228s)
step 27000  train 1.9151  eval 1.9122  pmax 19.9  (237s)
step 28000  train 1.9298  eval 1.9299  pmax 19.9  (245s)
step 29000  train 1.9032  eval 1.9116  pmax 19.9  (253s)
step 30000  train 1.9699  eval 1.9424  pmax 19.9  (261s)
step 31000  train 1.9039  eval 1.9301  pmax 19.9  (269s)
step 32000  train 1.9173  eval 1.9414  pmax 19.9  (277s)
step 33000  train 1.9264  eval 1.9141  pmax 19.9  (286s)
step 34000  train 1.9171  eval 1.8729  pmax 19.8  (294s)
step 35000  train 1.9075  eval 1.8981  pmax 19.8  (303s)
step 36000  train 1.9069  eval 1.9023  pmax 19.8  (311s)
step 37000  train 1.9196  eval 1.9090  pmax 19.8  (320s)
step 38000  train 1.9087  eval 1.8848  pmax 19.8  (328s)
step 39000  train 1.9222  eval 1.9304  pmax 19.8  (337s)
step 40000  train 1.9507  eval 1.9404  pmax 19.8  (345s)
step 41000  train 1.9600  eval 1.9559  pmax 19.8  (353s)
step 42000  train 1.9136  eval 1.9180  pmax 19.8  (362s)
step 43000  train 1.8974  eval 1.8968  pmax 19.8  (370s)
step 44000  train 1.8800  eval 1.9111  pmax 19.8  (379s)
step 45000  train 1.9353  eval 1.9020  pmax 19.8  (387s)
step 46000  train 1.9155  eval 1.9212  pmax 19.8  (396s)
step 47000  train 1.9237  eval 1.8970  pmax 19.8  (405s)
step 48000  train 1.9003  eval 1.9321  pmax 19.8  (413s)
step 49000  train 1.8772  eval 1.9005  pmax 19.8  (422s)
step 50000  train 1.9393  eval 1.9053  pmax 19.8  (430s)
  [checkpoint + sample saved at step 50000]
done. artifacts in /home/luke/Wavelet-State-KAN/checkpoints/wskan11_wikitext_10k_3ep_s42
