/home/luke/Wavelet-State-KAN/experiments/V1_train_tinystories_lm.py:107: UserWarning: The given buffer is not writable, and PyTorch does not support non-writable tensors. This means you can write to the underlying (supposedly non-writable) buffer using the tensor. You may want to copy the buffer to protect its data or make it writable before converting it to a tensor. This type of warning will be suppressed for the rest of this program. (Triggered internally at /__w/pytorch/pytorch/torch/csrc/utils/tensor_new.cpp:1556.)
  train_ids = torch.frombuffer(train_text.encode("utf-8", errors="ignore"), dtype=torch.uint8)
train bytes: 542,898,247  eval bytes: 130,357
model: wskan11real  params: 10,153,996  device: cuda
W0919 01:04:42.891000 1989665 .venv/lib/python3.12/site-packages/torch/_inductor/utils.py:1806] [0/0] Not enough SMs to use max_autotune_gemm mode
step     1  train 5.6445  eval 4.5679  pmax 3.0  (18s)
step  1000  train 1.3505  eval 1.3421  pmax 3.1  (194s)
step  2000  train 1.3020  eval 1.2704  pmax 3.2  (371s)
step  3000  train 1.2228  eval 1.2663  pmax 3.2  (547s)
step  4000  train 1.2290  eval 1.1938  pmax 3.2  (723s)
step  5000  train 1.1951  eval 1.2038  pmax 3.3  (899s)
  [checkpoint + sample saved at step 5000]
step  6000  train 1.1925  eval 1.1763  pmax 3.3  (1078s)
step  7000  train 1.1829  eval 1.1704  pmax 3.3  (1254s)
step  8000  train 1.1975  eval 1.1499  pmax 3.3  (1431s)
step  9000  train 1.1369  eval 1.1349  pmax 3.3  (1607s)
step 10000  train 1.1443  eval 1.1709  pmax 3.3  (1783s)
  [checkpoint + sample saved at step 10000]
step 11000  train 1.1426  eval 1.1350  pmax 3.4  (1961s)
step 12000  train 1.1049  eval 1.0851  pmax 3.4  (2137s)
step 13000  train 1.1225  eval 1.1273  pmax 3.4  (2314s)
step 14000  train 1.1641  eval 1.1292  pmax 3.4  (2490s)
step 15000  train 1.1607  eval 1.1256  pmax 3.4  (2666s)
  [checkpoint + sample saved at step 15000]
step 16000  train 1.1225  eval 1.1152  pmax 3.4  (2845s)
step 17000  train 1.1172  eval 1.1022  pmax 3.4  (3021s)
step 18000  train 1.0923  eval 1.0888  pmax 3.4  (3197s)
step 19000  train 1.1119  eval 1.0892  pmax 3.4  (3373s)
step 20000  train 1.1646  eval 1.0856  pmax 3.4  (3550s)
  [checkpoint + sample saved at step 20000]
step 21000  train 1.0859  eval 1.1240  pmax 3.4  (3728s)
step 22000  train 1.0948  eval 1.1076  pmax 3.4  (3904s)
step 23000  train 1.0783  eval 1.0811  pmax 3.4  (4080s)
step 24000  train 1.1141  eval 1.0901  pmax 3.4  (4257s)
step 25000  train 1.1026  eval 1.0557  pmax 3.4  (4433s)
  [checkpoint + sample saved at step 25000]
step 26000  train 1.0883  eval 1.0642  pmax 3.4  (4611s)
step 27000  train 1.0562  eval 1.0981  pmax 3.4  (4787s)
step 28000  train 1.1098  eval 1.1144  pmax 3.4  (4963s)
step 29000  train 1.0749  eval 1.0679  pmax 3.4  (5140s)
step 30000  train 1.0848  eval 1.0259  pmax 3.4  (5316s)
  [checkpoint + sample saved at step 30000]
step 31000  train 1.0600  eval 1.0843  pmax 3.4  (5494s)
step 32000  train 1.0825  eval 1.0952  pmax 3.4  (5670s)
step 33000  train 1.0493  eval 1.0696  pmax 3.4  (5846s)
  [checkpoint + sample saved at step 33000]
done. artifacts in /home/luke/Wavelet-State-KAN/checkpoints/wskan11real_wikitext_10m_3ep_s123
