/home/luke/Wavelet-State-KAN/experiments/V1_train_tinystories_lm.py:107: UserWarning: The given buffer is not writable, and PyTorch does not support non-writable tensors. This means you can write to the underlying (supposedly non-writable) buffer using the tensor. You may want to copy the buffer to protect its data or make it writable before converting it to a tensor. This type of warning will be suppressed for the rest of this program. (Triggered internally at /__w/pytorch/pytorch/torch/csrc/utils/tensor_new.cpp:1556.)
  train_ids = torch.frombuffer(train_text.encode("utf-8", errors="ignore"), dtype=torch.uint8)
train bytes: 1,905,061,325  eval bytes: 405,730
model: wskan11  params: 10,153,996  device: cuda
step     1  train 5.6414  eval 4.4528  pmax 18.9  (11s)
step  1000  train 0.8716  eval 0.8235  pmax 19.0  (189s)
step  2000  train 0.7949  eval 0.7218  pmax 19.0  (367s)
step  3000  train 0.7741  eval 0.7132  pmax 19.0  (545s)
step  4000  train 0.7481  eval 0.6778  pmax 19.1  (723s)
step  5000  train 0.7427  eval 0.6533  pmax 19.1  (901s)
  [checkpoint + sample saved at step 5000]
step  6000  train 0.7144  eval 0.6831  pmax 19.2  (1081s)
step  7000  train 0.7097  eval 0.6642  pmax 19.2  (1259s)
step  8000  train 0.7047  eval 0.6388  pmax 19.3  (1437s)
step  9000  train 0.7127  eval 0.6345  pmax 19.3  (1615s)
step 10000  train 0.6663  eval 0.6341  pmax 19.3  (1793s)
  [checkpoint + sample saved at step 10000]
step 11000  train 0.6873  eval 0.6030  pmax 19.3  (1973s)
step 12000  train 0.6870  eval 0.6250  pmax 19.4  (2151s)
step 13000  train 0.6661  eval 0.6041  pmax 19.4  (2329s)
step 14000  train 0.6733  eval 0.6131  pmax 19.4  (2507s)
step 15000  train 0.6509  eval 0.6034  pmax 19.4  (2685s)
  [checkpoint + sample saved at step 15000]
step 16000  train 0.6876  eval 0.6257  pmax 19.5  (2865s)
step 17000  train 0.6399  eval 0.5790  pmax 19.5  (3043s)
step 18000  train 0.6456  eval 0.5695  pmax 19.5  (3222s)
step 19000  train 0.6444  eval 0.5792  pmax 19.5  (3400s)
step 20000  train 0.6650  eval 0.5641  pmax 19.5  (3578s)
  [checkpoint + sample saved at step 20000]
step 21000  train 0.6360  eval 0.6174  pmax 19.6  (3758s)
step 22000  train 0.6431  eval 0.5679  pmax 19.6  (3936s)
step 23000  train 0.6324  eval 0.5474  pmax 19.6  (4114s)
step 24000  train 0.6297  eval 0.6025  pmax 19.6  (4292s)
step 25000  train 0.6225  eval 0.6026  pmax 19.6  (4470s)
  [checkpoint + sample saved at step 25000]
step 26000  train 0.5966  eval 0.5979  pmax 19.6  (4650s)
step 27000  train 0.6422  eval 0.5998  pmax 19.6  (4828s)
step 28000  train 0.6135  eval 0.5990  pmax 19.6  (5007s)
step 29000  train 0.6152  eval 0.5557  pmax 19.6  (5185s)
step 30000  train 0.6197  eval 0.5547  pmax 19.6  (5363s)
  [checkpoint + sample saved at step 30000]
step 31000  train 0.6605  eval 0.5794  pmax 19.6  (5543s)
step 32000  train 0.6343  eval 0.5839  pmax 19.6  (5721s)
step 33000  train 0.6411  eval 0.5484  pmax 19.6  (5899s)
  [checkpoint + sample saved at step 33000]
done. artifacts in /home/luke/Wavelet-State-KAN/checkpoints/wskan11_tinystories_10m_3ep_s123
