/home/luke/Wavelet-State-KAN/experiments/V1_train_tinystories_lm.py:107: UserWarning: The given buffer is not writable, and PyTorch does not support non-writable tensors. This means you can write to the underlying (supposedly non-writable) buffer using the tensor. You may want to copy the buffer to protect its data or make it writable before converting it to a tensor. This type of warning will be suppressed for the rest of this program. (Triggered internally at /__w/pytorch/pytorch/torch/csrc/utils/tensor_new.cpp:1556.)
  train_ids = torch.frombuffer(train_text.encode("utf-8", errors="ignore"), dtype=torch.uint8)
train bytes: 542,898,247  eval bytes: 130,357
model: wskan11  params: 12,546  device: cuda
step     1  train 5.5448  eval 5.5236  pmax 18.9  (7s)
step  1000  train 2.0829  eval 2.0797  pmax 18.9  (15s)
step  2000  train 2.0265  eval 2.0283  pmax 19.2  (24s)
step  3000  train 1.9962  eval 2.0175  pmax 19.5  (33s)
step  4000  train 1.9867  eval 2.0114  pmax 19.9  (42s)
step  5000  train 1.9479  eval 2.0108  pmax 20.3  (51s)
step  6000  train 1.9646  eval 1.9488  pmax 20.5  (60s)
step  7000  train 2.0004  eval 1.9531  pmax 20.7  (69s)
step  8000  train 1.9787  eval 1.9580  pmax 20.8  (77s)
step  9000  train 1.9658  eval 1.9582  pmax 20.8  (86s)
step 10000  train 1.9569  eval 1.9287  pmax 20.8  (95s)
step 11000  train 1.9473  eval 1.9340  pmax 20.9  (103s)
step 12000  train 1.9335  eval 1.9262  pmax 21.2  (112s)
step 13000  train 1.9502  eval 1.9642  pmax 21.9  (121s)
step 14000  train 1.9602  eval 1.9673  pmax 22.5  (130s)
step 15000  train 1.9566  eval 1.9441  pmax 23.0  (139s)
step 16000  train 1.9209  eval 1.9482  pmax 23.3  (148s)
step 17000  train 1.9616  eval 1.9348  pmax 23.7  (156s)
step 18000  train 1.9361  eval 1.9388  pmax 24.0  (164s)
step 19000  train 1.9234  eval 1.9592  pmax 24.3  (173s)
step 20000  train 1.9406  eval 1.9054  pmax 24.6  (182s)
step 21000  train 1.9039  eval 1.9299  pmax 24.8  (191s)
step 22000  train 1.9250  eval 1.9307  pmax 24.9  (199s)
step 23000  train 1.9406  eval 1.9661  pmax 25.1  (208s)
step 24000  train 1.9490  eval 1.9431  pmax 25.2  (217s)
step 25000  train 1.9434  eval 1.9293  pmax 25.3  (226s)
  [checkpoint + sample saved at step 25000]
step 26000  train 1.9515  eval 1.9500  pmax 25.4  (236s)
step 27000  train 1.9157  eval 1.9496  pmax 25.5  (245s)
step 28000  train 1.9223  eval 1.9342  pmax 25.6  (253s)
step 29000  train 1.9405  eval 1.8908  pmax 25.7  (262s)
step 30000  train 1.9009  eval 1.9310  pmax 25.8  (271s)
step 31000  train 1.9209  eval 1.9483  pmax 25.8  (280s)
step 32000  train 1.9392  eval 1.9029  pmax 25.9  (289s)
step 33000  train 1.9049  eval 1.9250  pmax 25.9  (298s)
step 34000  train 1.9466  eval 1.9646  pmax 26.0  (307s)
step 35000  train 1.9083  eval 1.9053  pmax 26.0  (316s)
step 36000  train 1.9244  eval 1.9305  pmax 26.0  (325s)
step 37000  train 1.9035  eval 1.9143  pmax 26.1  (334s)
step 38000  train 1.9188  eval 1.9212  pmax 26.1  (343s)
step 39000  train 1.9264  eval 1.9084  pmax 26.1  (352s)
step 40000  train 1.9337  eval 1.9186  pmax 26.1  (361s)
step 41000  train 1.8846  eval 1.9255  pmax 26.1  (370s)
step 42000  train 1.9270  eval 1.9100  pmax 26.1  (379s)
step 43000  train 1.9233  eval 1.9490  pmax 26.1  (387s)
step 44000  train 1.8685  eval 1.8994  pmax 26.1  (396s)
step 45000  train 1.9001  eval 1.9315  pmax 26.1  (405s)
step 46000  train 1.9026  eval 1.9306  pmax 26.2  (414s)
step 47000  train 1.8837  eval 1.9207  pmax 26.2  (423s)
step 48000  train 1.9221  eval 1.9047  pmax 26.2  (432s)
step 49000  train 1.9093  eval 1.9230  pmax 26.2  (441s)
step 50000  train 1.9150  eval 1.9127  pmax 26.2  (449s)
  [checkpoint + sample saved at step 50000]
done. artifacts in /home/luke/Wavelet-State-KAN/checkpoints/wskan11_wikitext_10k_3ep_s2024
