/home/luke/Wavelet-State-KAN/experiments/V1_train_tinystories_lm.py:107: UserWarning: The given buffer is not writable, and PyTorch does not support non-writable tensors. This means you can write to the underlying (supposedly non-writable) buffer using the tensor. You may want to copy the buffer to protect its data or make it writable before converting it to a tensor. This type of warning will be suppressed for the rest of this program. (Triggered internally at /__w/pytorch/pytorch/torch/csrc/utils/tensor_new.cpp:1556.)
  train_ids = torch.frombuffer(train_text.encode("utf-8", errors="ignore"), dtype=torch.uint8)
train bytes: 542,898,247  eval bytes: 130,357
model: wskan11  params: 985,956  device: cuda
W0919 10:04:58.350000 2779381 .venv/lib/python3.12/site-packages/torch/_inductor/utils.py:1806] [0/0] Not enough SMs to use max_autotune_gemm mode
step     1  train 5.5610  eval 5.4685  pmax 18.9  (75s)
step  1000  train 1.5069  eval 1.4857  pmax 19.0  (139s)
step  2000  train 1.4138  eval 1.3546  pmax 19.0  (204s)
step  3000  train 1.3551  eval 1.3453  pmax 19.0  (268s)
step  4000  train 1.3064  eval 1.3411  pmax 19.0  (333s)
step  5000  train 1.2496  eval 1.2722  pmax 19.0  (397s)
step  6000  train 1.3341  eval 1.2727  pmax 19.1  (461s)
step  7000  train 1.2970  eval 1.2350  pmax 19.1  (526s)
step  8000  train 1.2550  eval 1.2623  pmax 19.2  (590s)
step  9000  train 1.2593  eval 1.2328  pmax 19.2  (654s)
step 10000  train 1.2239  eval 1.2729  pmax 19.2  (718s)
  [checkpoint + sample saved at step 10000]
step 11000  train 1.2379  eval 1.2378  pmax 19.2  (788s)
step 12000  train 1.2145  eval 1.2360  pmax 19.2  (853s)
step 13000  train 1.1815  eval 1.2399  pmax 19.3  (917s)
step 14000  train 1.2508  eval 1.2244  pmax 19.3  (982s)
step 15000  train 1.1855  eval 1.1992  pmax 19.3  (1046s)
step 16000  train 1.1882  eval 1.1889  pmax 19.4  (1110s)
step 17000  train 1.1777  eval 1.2042  pmax 19.4  (1175s)
step 18000  train 1.2094  eval 1.2145  pmax 19.4  (1239s)
step 19000  train 1.2117  eval 1.2418  pmax 19.4  (1304s)
step 20000  train 1.1970  eval 1.1917  pmax 19.5  (1368s)
  [checkpoint + sample saved at step 20000]
step 21000  train 1.2096  eval 1.1846  pmax 19.5  (1438s)
step 22000  train 1.2000  eval 1.1562  pmax 19.5  (1502s)
step 23000  train 1.1545  eval 1.1720  pmax 19.5  (1566s)
step 24000  train 1.1456  eval 1.1881  pmax 19.6  (1631s)
step 25000  train 1.2084  eval 1.2189  pmax 19.6  (1695s)
step 26000  train 1.1843  eval 1.2067  pmax 19.6  (1759s)
step 27000  train 1.1902  eval 1.1959  pmax 19.6  (1824s)
step 28000  train 1.1922  eval 1.1880  pmax 19.6  (1888s)
step 29000  train 1.1648  eval 1.1744  pmax 19.6  (1952s)
step 30000  train 1.1877  eval 1.1807  pmax 19.6  (2017s)
  [checkpoint + sample saved at step 30000]
step 31000  train 1.1974  eval 1.1603  pmax 19.6  (2086s)
step 32000  train 1.1576  eval 1.1650  pmax 19.7  (2151s)
step 33000  train 1.1690  eval 1.1774  pmax 19.7  (2215s)
step 34000  train 1.1299  eval 1.1396  pmax 19.7  (2280s)
step 35000  train 1.1459  eval 1.1271  pmax 19.7  (2344s)
step 36000  train 1.1970  eval 1.1562  pmax 19.7  (2408s)
step 37000  train 1.1487  eval 1.1466  pmax 19.7  (2472s)
step 38000  train 1.1525  eval 1.1434  pmax 19.7  (2537s)
step 39000  train 1.1643  eval 1.1827  pmax 19.7  (2601s)
step 40000  train 1.1532  eval 1.1422  pmax 19.7  (2665s)
  [checkpoint + sample saved at step 40000]
step 41000  train 1.1528  eval 1.1520  pmax 19.7  (2735s)
step 42000  train 1.1456  eval 1.1478  pmax 19.7  (2799s)
step 43000  train 1.1639  eval 1.1667  pmax 19.7  (2864s)
step 44000  train 1.1301  eval 1.1465  pmax 19.7  (2928s)
step 45000  train 1.1497  eval 1.1837  pmax 19.8  (2993s)
step 46000  train 1.0895  eval 1.1618  pmax 19.8  (3057s)
step 47000  train 1.1400  eval 1.1507  pmax 19.8  (3122s)
step 48000  train 1.1424  eval 1.1458  pmax 19.8  (3186s)
step 49000  train 1.1491  eval 1.1166  pmax 19.8  (3250s)
step 50000  train 1.0883  eval 1.1296  pmax 19.8  (3315s)
  [checkpoint + sample saved at step 50000]
step 51000  train 1.0988  eval 1.1405  pmax 19.8  (3384s)
step 52000  train 1.1480  eval 1.1415  pmax 19.8  (3449s)
step 53000  train 1.1043  eval 1.1161  pmax 19.8  (3513s)
step 54000  train 1.1487  eval 1.1576  pmax 19.8  (3578s)
step 55000  train 1.1438  eval 1.1339  pmax 19.8  (3642s)
step 56000  train 1.1152  eval 1.1274  pmax 19.8  (3706s)
step 57000  train 1.1042  eval 1.1686  pmax 19.8  (3770s)
step 58000  train 1.1371  eval 1.1323  pmax 19.8  (3835s)
step 59000  train 1.1103  eval 1.1351  pmax 19.8  (3899s)
step 60000  train 1.1371  eval 1.1486  pmax 19.8  (3963s)
  [checkpoint + sample saved at step 60000]
step 61000  train 1.1485  eval 1.1165  pmax 19.8  (4033s)
step 62000  train 1.1417  eval 1.1192  pmax 19.8  (4097s)
step 63000  train 1.1267  eval 1.1420  pmax 19.8  (4162s)
step 64000  train 1.1223  eval 1.1171  pmax 19.8  (4226s)
step 65000  train 1.1715  eval 1.1530  pmax 19.8  (4290s)
step 66000  train 1.1255  eval 1.1541  pmax 19.8  (4354s)
  [checkpoint + sample saved at step 66000]
done. artifacts in /home/luke/Wavelet-State-KAN/checkpoints/wskan11_wikitext_1m_3ep_s42
