/home/luke/Wavelet-State-KAN/experiments/V1_train_tinystories_lm.py:107: UserWarning: The given buffer is not writable, and PyTorch does not support non-writable tensors. This means you can write to the underlying (supposedly non-writable) buffer using the tensor. You may want to copy the buffer to protect its data or make it writable before converting it to a tensor. This type of warning will be suppressed for the rest of this program. (Triggered internally at /__w/pytorch/pytorch/torch/csrc/utils/tensor_new.cpp:1556.)
  train_ids = torch.frombuffer(train_text.encode("utf-8", errors="ignore"), dtype=torch.uint8)
train bytes: 1,195,926,439  eval bytes: 2,859,070
model: wskan11  params: 985,956  device: cuda
W0920 07:53:18.962000 621384 .venv/lib/python3.12/site-packages/torch/_inductor/utils.py:1806] [0/0] Not enough SMs to use max_autotune_gemm mode
step     1  train 5.5485  eval 5.4472  pmax 18.9  (71s)
step  1000  train 1.3345  eval 1.3301  pmax 18.9  (169s)
step  2000  train 1.2627  eval 1.2538  pmax 19.0  (267s)
step  3000  train 1.1934  eval 1.2144  pmax 19.0  (366s)
step  4000  train 1.1360  eval 1.1579  pmax 19.0  (464s)
step  5000  train 1.1790  eval 1.1308  pmax 19.0  (562s)
step  6000  train 1.1278  eval 1.1389  pmax 19.1  (661s)
step  7000  train 1.1335  eval 1.1449  pmax 19.1  (759s)
step  8000  train 1.0898  eval 1.0940  pmax 19.1  (857s)
step  9000  train 1.1195  eval 1.1054  pmax 19.1  (955s)
step 10000  train 1.1170  eval 1.0884  pmax 19.2  (1054s)
  [checkpoint + sample saved at step 10000]
step 11000  train 1.1203  eval 1.0882  pmax 19.2  (1157s)
step 12000  train 1.0847  eval 1.0237  pmax 19.3  (1255s)
step 13000  train 1.0572  eval 1.0783  pmax 19.3  (1354s)
step 14000  train 1.0203  eval 1.0054  pmax 19.3  (1452s)
step 15000  train 1.0171  eval 1.1170  pmax 19.4  (1550s)
step 16000  train 1.0359  eval 1.0440  pmax 19.4  (1648s)
step 17000  train 1.0336  eval 1.1261  pmax 19.5  (1746s)
step 18000  train 1.0579  eval 1.0399  pmax 19.5  (1845s)
step 19000  train 1.0439  eval 1.0252  pmax 19.5  (1943s)
step 20000  train 1.0385  eval 1.0423  pmax 19.6  (2041s)
  [checkpoint + sample saved at step 20000]
step 21000  train 0.9927  eval 1.0210  pmax 19.7  (2144s)
step 22000  train 1.0914  eval 1.0183  pmax 19.7  (2242s)
step 23000  train 0.9878  eval 1.0348  pmax 19.7  (2340s)
step 24000  train 0.9979  eval 1.0306  pmax 19.8  (2439s)
step 25000  train 0.9719  eval 0.9542  pmax 19.8  (2537s)
step 26000  train 1.0100  eval 0.9813  pmax 19.8  (2635s)
step 27000  train 1.0413  eval 1.0288  pmax 19.8  (2733s)
step 28000  train 0.9951  eval 0.9927  pmax 19.9  (2832s)
step 29000  train 0.9763  eval 1.0201  pmax 19.9  (2930s)
step 30000  train 1.0106  eval 1.0149  pmax 19.9  (3028s)
  [checkpoint + sample saved at step 30000]
step 31000  train 0.9823  eval 1.0229  pmax 19.9  (3131s)
step 32000  train 1.0058  eval 1.0130  pmax 20.0  (3230s)
step 33000  train 1.0197  eval 0.9795  pmax 20.0  (3328s)
step 34000  train 0.9620  eval 1.0500  pmax 20.0  (3426s)
step 35000  train 0.9828  eval 1.0133  pmax 20.0  (3525s)
step 36000  train 1.0005  eval 1.0457  pmax 20.1  (3623s)
step 37000  train 1.0335  eval 0.9967  pmax 20.1  (3722s)
step 38000  train 1.0348  eval 0.9922  pmax 20.1  (3820s)
step 39000  train 1.0146  eval 1.0338  pmax 20.1  (3918s)
step 40000  train 0.9813  eval 1.0179  pmax 20.1  (4017s)
  [checkpoint + sample saved at step 40000]
step 41000  train 0.9860  eval 0.9385  pmax 20.1  (4121s)
step 42000  train 0.9337  eval 0.9870  pmax 20.1  (4219s)
step 43000  train 1.0219  eval 0.9684  pmax 20.1  (4317s)
step 44000  train 0.9993  eval 0.9889  pmax 20.1  (4416s)
step 45000  train 0.9989  eval 0.9774  pmax 20.1  (4514s)
step 46000  train 0.9703  eval 1.0495  pmax 20.2  (4612s)
step 47000  train 0.9650  eval 1.0001  pmax 20.2  (4711s)
step 48000  train 1.0067  eval 1.0193  pmax 20.2  (4809s)
step 49000  train 0.9416  eval 1.0182  pmax 20.2  (4907s)
step 50000  train 0.9841  eval 0.9838  pmax 20.2  (5006s)
  [checkpoint + sample saved at step 50000]
step 51000  train 0.9757  eval 1.0090  pmax 20.2  (5109s)
step 52000  train 1.0236  eval 0.9850  pmax 20.2  (5207s)
step 53000  train 0.9699  eval 0.9881  pmax 20.2  (5305s)
step 54000  train 0.9899  eval 1.0057  pmax 20.2  (5404s)
  [checkpoint + sample saved at step 54000]
done. artifacts in /home/luke/Wavelet-State-KAN/checkpoints/wskan11_ultrachat_1m_3ep_s7
