/home/luke/Wavelet-State-KAN/experiments/V1_train_tinystories_lm.py:107: UserWarning: The given buffer is not writable, and PyTorch does not support non-writable tensors. This means you can write to the underlying (supposedly non-writable) buffer using the tensor. You may want to copy the buffer to protect its data or make it writable before converting it to a tensor. This type of warning will be suppressed for the rest of this program. (Triggered internally at /__w/pytorch/pytorch/torch/csrc/utils/tensor_new.cpp:1556.)
  train_ids = torch.frombuffer(train_text.encode("utf-8", errors="ignore"), dtype=torch.uint8)
train bytes: 542,898,247  eval bytes: 130,357
model: wskan11  params: 113,612  device: cuda
W0919 22:51:44.951000 4188197 .venv/lib/python3.12/site-packages/torch/_inductor/utils.py:1806] [0/0] Not enough SMs to use max_autotune_gemm mode
step     1  train 5.5452  eval 5.4656  pmax 18.9  (24s)
step  1000  train 1.5952  eval 1.5808  pmax 19.1  (38s)
step  2000  train 1.5540  eval 1.5276  pmax 19.1  (53s)
step  3000  train 1.4866  eval 1.5188  pmax 19.2  (67s)
step  4000  train 1.4882  eval 1.4645  pmax 19.2  (81s)
step  5000  train 1.4724  eval 1.4559  pmax 19.4  (95s)
step  6000  train 1.4708  eval 1.4092  pmax 19.6  (109s)
step  7000  train 1.4624  eval 1.4211  pmax 19.7  (123s)
step  8000  train 1.4278  eval 1.4413  pmax 19.9  (137s)
step  9000  train 1.4714  eval 1.4401  pmax 20.2  (151s)
step 10000  train 1.4364  eval 1.4113  pmax 20.2  (165s)
step 11000  train 1.4244  eval 1.4347  pmax 20.5  (179s)
step 12000  train 1.4291  eval 1.3715  pmax 20.6  (193s)
step 13000  train 1.4261  eval 1.4206  pmax 20.8  (207s)
step 14000  train 1.4120  eval 1.4716  pmax 21.1  (221s)
step 15000  train 1.4547  eval 1.3908  pmax 21.3  (235s)
step 16000  train 1.3626  eval 1.4406  pmax 21.5  (248s)
step 17000  train 1.4069  eval 1.4371  pmax 21.7  (262s)
step 18000  train 1.3724  eval 1.3472  pmax 21.9  (276s)
step 19000  train 1.3995  eval 1.3998  pmax 22.1  (290s)
step 20000  train 1.4188  eval 1.3781  pmax 22.3  (304s)
step 21000  train 1.3801  eval 1.4085  pmax 22.5  (318s)
step 22000  train 1.4043  eval 1.3822  pmax 22.7  (332s)
step 23000  train 1.4220  eval 1.3692  pmax 22.8  (346s)
step 24000  train 1.3833  eval 1.3917  pmax 22.9  (359s)
step 25000  train 1.3805  eval 1.3800  pmax 23.1  (373s)
  [checkpoint + sample saved at step 25000]
step 26000  train 1.4130  eval 1.4054  pmax 23.3  (390s)
step 27000  train 1.4262  eval 1.3893  pmax 23.4  (404s)
step 28000  train 1.3968  eval 1.3863  pmax 23.5  (418s)
step 29000  train 1.3932  eval 1.4164  pmax 23.6  (432s)
step 30000  train 1.3923  eval 1.3737  pmax 23.8  (445s)
step 31000  train 1.4181  eval 1.3675  pmax 23.9  (459s)
step 32000  train 1.3886  eval 1.3861  pmax 24.0  (473s)
step 33000  train 1.4025  eval 1.3460  pmax 24.2  (487s)
step 34000  train 1.3875  eval 1.3801  pmax 24.3  (501s)
step 35000  train 1.3687  eval 1.3816  pmax 24.4  (515s)
step 36000  train 1.3343  eval 1.3774  pmax 24.5  (529s)
step 37000  train 1.3801  eval 1.4170  pmax 24.6  (543s)
step 38000  train 1.3793  eval 1.4159  pmax 24.7  (557s)
step 39000  train 1.3980  eval 1.3951  pmax 24.8  (571s)
step 40000  train 1.3667  eval 1.3873  pmax 24.9  (585s)
step 41000  train 1.3955  eval 1.3641  pmax 25.0  (599s)
step 42000  train 1.3861  eval 1.3995  pmax 25.0  (613s)
step 43000  train 1.3952  eval 1.4171  pmax 25.1  (627s)
step 44000  train 1.3989  eval 1.3922  pmax 25.2  (641s)
step 45000  train 1.3985  eval 1.3422  pmax 25.3  (655s)
step 46000  train 1.3978  eval 1.3506  pmax 25.4  (669s)
step 47000  train 1.3867  eval 1.4357  pmax 25.4  (683s)
step 48000  train 1.3713  eval 1.3685  pmax 25.5  (696s)
step 49000  train 1.3837  eval 1.3688  pmax 25.6  (710s)
step 50000  train 1.3669  eval 1.3386  pmax 25.7  (724s)
  [checkpoint + sample saved at step 50000]
step 51000  train 1.3802  eval 1.3928  pmax 25.7  (740s)
step 52000  train 1.3693  eval 1.3782  pmax 25.7  (754s)
step 53000  train 1.3920  eval 1.3896  pmax 25.8  (769s)
step 54000  train 1.3486  eval 1.3954  pmax 25.9  (783s)
step 55000  train 1.3824  eval 1.3772  pmax 25.9  (797s)
step 56000  train 1.3897  eval 1.3845  pmax 26.0  (811s)
step 57000  train 1.3897  eval 1.3364  pmax 26.0  (825s)
step 58000  train 1.3693  eval 1.3751  pmax 26.1  (840s)
step 59000  train 1.3474  eval 1.3630  pmax 26.2  (854s)
step 60000  train 1.3730  eval 1.3636  pmax 26.2  (868s)
step 61000  train 1.3702  eval 1.3269  pmax 26.3  (882s)
step 62000  train 1.3769  eval 1.3454  pmax 26.3  (896s)
step 63000  train 1.4041  eval 1.3589  pmax 26.3  (910s)
step 64000  train 1.4014  eval 1.3921  pmax 26.4  (924s)
step 65000  train 1.3657  eval 1.3496  pmax 26.4  (938s)
step 66000  train 1.3510  eval 1.3628  pmax 26.4  (952s)
step 67000  train 1.3732  eval 1.3842  pmax 26.5  (966s)
step 68000  train 1.4112  eval 1.3416  pmax 26.5  (980s)
step 69000  train 1.3590  eval 1.3957  pmax 26.5  (994s)
step 70000  train 1.3454  eval 1.3490  pmax 26.6  (1008s)
step 71000  train 1.3699  eval 1.3414  pmax 26.6  (1022s)
step 72000  train 1.3919  eval 1.3984  pmax 26.6  (1036s)
step 73000  train 1.3810  eval 1.3811  pmax 26.6  (1050s)
step 74000  train 1.3845  eval 1.3501  pmax 26.7  (1063s)
step 75000  train 1.3750  eval 1.3661  pmax 26.7  (1077s)
  [checkpoint + sample saved at step 75000]
step 76000  train 1.3769  eval 1.3328  pmax 26.7  (1093s)
step 77000  train 1.3697  eval 1.3486  pmax 26.7  (1107s)
step 78000  train 1.3545  eval 1.3396  pmax 26.7  (1121s)
step 79000  train 1.3208  eval 1.3879  pmax 26.7  (1135s)
step 80000  train 1.3272  eval 1.4080  pmax 26.7  (1149s)
step 81000  train 1.3626  eval 1.3521  pmax 26.8  (1163s)
step 82000  train 1.3662  eval 1.3588  pmax 26.8  (1177s)
step 83000  train 1.3621  eval 1.3952  pmax 26.8  (1191s)
step 84000  train 1.3984  eval 1.3636  pmax 26.8  (1205s)
step 85000  train 1.3920  eval 1.3452  pmax 26.8  (1219s)
step 86000  train 1.3747  eval 1.3274  pmax 26.8  (1233s)
step 87000  train 1.3647  eval 1.3614  pmax 26.8  (1247s)
step 88000  train 1.3861  eval 1.3266  pmax 26.8  (1261s)
step 89000  train 1.3470  eval 1.3723  pmax 26.8  (1275s)
step 90000  train 1.3560  eval 1.3901  pmax 26.8  (1290s)
step 91000  train 1.4118  eval 1.3636  pmax 26.8  (1303s)
step 92000  train 1.3704  eval 1.3485  pmax 26.8  (1317s)
step 93000  train 1.3596  eval 1.3130  pmax 26.8  (1330s)
step 94000  train 1.3857  eval 1.3685  pmax 26.8  (1344s)
step 95000  train 1.3369  eval 1.3666  pmax 26.8  (1358s)
step 96000  train 1.3552  eval 1.3858  pmax 26.8  (1372s)
step 97000  train 1.3642  eval 1.3591  pmax 26.8  (1386s)
step 98000  train 1.3857  eval 1.3428  pmax 26.8  (1400s)
step 99000  train 1.3476  eval 1.3777  pmax 26.8  (1414s)
  [checkpoint + sample saved at step 99000]
done. artifacts in /home/luke/Wavelet-State-KAN/checkpoints/wskan11_wikitext_100k_3ep_s123
