/home/luke/Wavelet-State-KAN/experiments/V1_train_tinystories_lm.py:107: UserWarning: The given buffer is not writable, and PyTorch does not support non-writable tensors. This means you can write to the underlying (supposedly non-writable) buffer using the tensor. You may want to copy the buffer to protect its data or make it writable before converting it to a tensor. This type of warning will be suppressed for the rest of this program. (Triggered internally at /__w/pytorch/pytorch/torch/csrc/utils/tensor_new.cpp:1556.)
  train_ids = torch.frombuffer(train_text.encode("utf-8", errors="ignore"), dtype=torch.uint8)
train bytes: 1,905,061,325  eval bytes: 405,730
model: wskan7bc  params: 985,956  device: cuda
step     1  train 5.5576  eval 5.4531  pmax 18.9  (6s)
step  1000  train 1.0110  eval 0.9330  pmax 19.0  (710s)
step  2000  train 0.9279  eval 0.8774  pmax 19.0  (1417s)
step  3000  train 0.8779  eval 0.7901  pmax 19.0  (2121s)
step  4000  train 0.8523  eval 0.7828  pmax 19.0  (2833s)
step  5000  train 0.7993  eval 0.7783  pmax 19.0  (3531s)
step  6000  train 0.7995  eval 0.7883  pmax 19.0  (4233s)
step  7000  train 0.7676  eval 0.7361  pmax 19.0  (4941s)
step  8000  train 0.7838  eval 0.7354  pmax 19.1  (5633s)
step  9000  train 0.7753  eval 0.7167  pmax 19.1  (6334s)
step 10000  train 0.7867  eval 0.7372  pmax 19.2  (7035s)
  [checkpoint + sample saved at step 10000]
step 11000  train 0.7696  eval 0.7338  pmax 19.2  (7758s)
step 12000  train 0.7610  eval 0.7274  pmax 19.2  (8477s)
step 13000  train 0.7732  eval 0.7147  pmax 19.3  (9184s)
step 14000  train 0.7463  eval 0.6775  pmax 19.3  (9885s)
step 15000  train 0.7276  eval 0.7156  pmax 19.3  (10592s)
step 16000  train 0.7449  eval 0.7059  pmax 19.4  (11303s)
step 17000  train 0.7145  eval 0.6812  pmax 19.4  (12008s)
step 18000  train 0.7312  eval 0.6769  pmax 19.4  (12718s)
step 19000  train 0.7829  eval 0.6670  pmax 19.4  (13423s)
step 20000  train 0.7477  eval 0.6568  pmax 19.5  (14136s)
  [checkpoint + sample saved at step 20000]
step 21000  train 0.7275  eval 0.6914  pmax 19.5  (14848s)
step 22000  train 0.7115  eval 0.6545  pmax 19.5  (15551s)
step 23000  train 0.7081  eval 0.6632  pmax 19.5  (16265s)
step 24000  train 0.7054  eval 0.6755  pmax 19.5  (16976s)
step 25000  train 0.7090  eval 0.6833  pmax 19.5  (17681s)
step 26000  train 0.7220  eval 0.6327  pmax 19.5  (18393s)
step 27000  train 0.7144  eval 0.6720  pmax 19.5  (19110s)
step 28000  train 0.7270  eval 0.6877  pmax 19.6  (19818s)
step 29000  train 0.7068  eval 0.6540  pmax 19.6  (20542s)
step 30000  train 0.7316  eval 0.6695  pmax 19.6  (21256s)
  [checkpoint + sample saved at step 30000]
step 31000  train 0.6896  eval 0.6659  pmax 19.6  (21970s)
step 32000  train 0.6999  eval 0.6600  pmax 19.6  (22683s)
step 33000  train 0.6882  eval 0.6868  pmax 19.6  (23400s)
step 34000  train 0.7339  eval 0.6340  pmax 19.6  (24124s)
step 35000  train 0.7015  eval 0.6451  pmax 19.6  (24834s)
step 36000  train 0.7094  eval 0.6608  pmax 19.6  (25542s)
step 37000  train 0.6971  eval 0.6268  pmax 19.6  (26255s)
step 38000  train 0.6951  eval 0.6664  pmax 19.6  (26967s)
step 39000  train 0.6827  eval 0.6447  pmax 19.6  (27687s)
step 40000  train 0.7185  eval 0.6298  pmax 19.6  (28394s)
  [checkpoint + sample saved at step 40000]
step 41000  train 0.6962  eval 0.6691  pmax 19.6  (29130s)
step 42000  train 0.7115  eval 0.6758  pmax 19.6  (29841s)
step 43000  train 0.7033  eval 0.6665  pmax 19.6  (30547s)
step 44000  train 0.6845  eval 0.6542  pmax 19.6  (31258s)
step 45000  train 0.7265  eval 0.6594  pmax 19.6  (31971s)
step 46000  train 0.7096  eval 0.6420  pmax 19.6  (32683s)
step 47000  train 0.7097  eval 0.6576  pmax 19.6  (33396s)
step 48000  train 0.7056  eval 0.6407  pmax 19.6  (34113s)
step 49000  train 0.6929  eval 0.6605  pmax 19.6  (34830s)
step 50000  train 0.6739  eval 0.6417  pmax 19.6  (35553s)
  [checkpoint + sample saved at step 50000]
step 51000  train 0.6921  eval 0.6112  pmax 19.6  (36278s)
step 52000  train 0.6963  eval 0.6239  pmax 19.6  (36982s)
step 53000  train 0.6696  eval 0.6536  pmax 19.6  (37702s)
step 54000  train 0.6746  eval 0.6303  pmax 19.6  (38406s)
step 55000  train 0.6939  eval 0.6684  pmax 19.7  (39115s)
step 56000  train 0.6824  eval 0.6164  pmax 19.7  (39817s)
step 57000  train 0.6711  eval 0.6288  pmax 19.7  (40526s)
step 58000  train 0.6697  eval 0.6103  pmax 19.7  (41230s)
step 59000  train 0.6818  eval 0.6352  pmax 19.7  (41942s)
step 60000  train 0.6593  eval 0.6060  pmax 19.8  (42648s)
  [checkpoint + sample saved at step 60000]
step 61000  train 0.6535  eval 0.6406  pmax 19.8  (43383s)
step 62000  train 0.6734  eval 0.6135  pmax 19.8  (44147s)
