/home/luke/Wavelet-State-KAN/experiments/V1_train_tinystories_lm.py:107: UserWarning: The given buffer is not writable, and PyTorch does not support non-writable tensors. This means you can write to the underlying (supposedly non-writable) buffer using the tensor. You may want to copy the buffer to protect its data or make it writable before converting it to a tensor. This type of warning will be suppressed for the rest of this program. (Triggered internally at /__w/pytorch/pytorch/torch/csrc/utils/tensor_new.cpp:1556.)
  train_ids = torch.frombuffer(train_text.encode("utf-8", errors="ignore"), dtype=torch.uint8)
train bytes: 1,195,926,439  eval bytes: 2,859,070
model: wskan11real  params: 985,956  device: cuda
W0919 08:01:37.222000 2549153 .venv/lib/python3.12/site-packages/torch/_inductor/utils.py:1806] [0/0] Not enough SMs to use max_autotune_gemm mode
step     1  train 5.5596  eval 5.4648  pmax 3.0  (43s)
step  1000  train 1.3522  eval 1.3260  pmax 3.3  (177s)
step  2000  train 1.2603  eval 1.2236  pmax 3.5  (311s)
step  3000  train 1.2144  eval 1.2098  pmax 3.6  (445s)
step  4000  train 1.1131  eval 1.1404  pmax 3.6  (580s)
step  5000  train 1.1832  eval 1.1856  pmax 3.7  (714s)
step  6000  train 1.1236  eval 1.1348  pmax 3.7  (848s)
step  7000  train 1.1041  eval 1.1639  pmax 3.7  (982s)
step  8000  train 1.0703  eval 1.1144  pmax 3.7  (1116s)
step  9000  train 1.1048  eval 1.1183  pmax 3.8  (1251s)
step 10000  train 1.1323  eval 1.0666  pmax 3.8  (1385s)
  [checkpoint + sample saved at step 10000]
step 11000  train 1.0542  eval 1.0825  pmax 3.8  (1524s)
step 12000  train 1.0905  eval 1.0516  pmax 3.8  (1658s)
step 13000  train 1.0844  eval 1.0807  pmax 3.8  (1792s)
step 14000  train 1.0753  eval 1.1125  pmax 3.8  (1926s)
step 15000  train 1.0336  eval 1.0609  pmax 3.9  (2061s)
step 16000  train 1.0757  eval 1.0475  pmax 3.9  (2195s)
step 17000  train 1.0456  eval 1.0435  pmax 3.9  (2329s)
step 18000  train 1.0650  eval 1.1056  pmax 3.9  (2463s)
step 19000  train 1.0103  eval 1.0535  pmax 4.0  (2597s)
step 20000  train 1.0293  eval 1.0224  pmax 4.0  (2731s)
  [checkpoint + sample saved at step 20000]
step 21000  train 1.1046  eval 1.0944  pmax 4.0  (2870s)
step 22000  train 1.0622  eval 1.0720  pmax 4.0  (3004s)
step 23000  train 0.9953  eval 1.0572  pmax 4.0  (3138s)
step 24000  train 1.0346  eval 1.0242  pmax 4.1  (3273s)
step 25000  train 1.0308  eval 1.0390  pmax 4.1  (3407s)
step 26000  train 0.9952  eval 0.9899  pmax 4.1  (3541s)
step 27000  train 1.0270  eval 1.0604  pmax 4.1  (3675s)
step 28000  train 1.0637  eval 1.0576  pmax 4.1  (3809s)
step 29000  train 1.0394  eval 1.0056  pmax 4.1  (3943s)
step 30000  train 1.0535  eval 1.0203  pmax 4.1  (4077s)
  [checkpoint + sample saved at step 30000]
step 31000  train 1.0292  eval 0.9789  pmax 4.2  (4216s)
step 32000  train 1.0745  eval 1.0427  pmax 4.2  (4350s)
step 33000  train 0.9673  eval 1.0027  pmax 4.2  (4484s)
step 34000  train 0.9815  eval 1.0423  pmax 4.2  (4618s)
step 35000  train 1.0443  eval 0.9896  pmax 4.2  (4753s)
step 36000  train 1.0479  eval 1.0476  pmax 4.2  (4887s)
step 37000  train 1.0635  eval 1.0215  pmax 4.2  (5021s)
step 38000  train 0.9992  eval 1.0045  pmax 4.2  (5155s)
step 39000  train 1.0645  eval 1.0256  pmax 4.2  (5289s)
step 40000  train 0.9518  eval 0.9416  pmax 4.2  (5423s)
  [checkpoint + sample saved at step 40000]
step 41000  train 1.0172  eval 1.0156  pmax 4.2  (5562s)
step 42000  train 1.0084  eval 1.0113  pmax 4.2  (5696s)
step 43000  train 1.0598  eval 0.9800  pmax 4.2  (5830s)
step 44000  train 0.9799  eval 0.9628  pmax 4.2  (5964s)
step 45000  train 0.9853  eval 1.0023  pmax 4.2  (6099s)
step 46000  train 1.0064  eval 0.9878  pmax 4.2  (6233s)
step 47000  train 1.0052  eval 1.0124  pmax 4.2  (6367s)
step 48000  train 0.9888  eval 1.0059  pmax 4.2  (6501s)
step 49000  train 0.9964  eval 1.0033  pmax 4.2  (6635s)
step 50000  train 0.9800  eval 0.9834  pmax 4.2  (6770s)
  [checkpoint + sample saved at step 50000]
step 51000  train 1.0748  eval 1.0017  pmax 4.2  (6909s)
step 52000  train 0.9646  eval 1.0175  pmax 4.2  (7043s)
step 53000  train 1.0359  eval 0.9921  pmax 4.2  (7177s)
step 54000  train 0.9765  eval 1.0048  pmax 4.2  (7312s)
  [checkpoint + sample saved at step 54000]
done. artifacts in /home/luke/Wavelet-State-KAN/checkpoints/wskan11real_ultrachat_1m_3ep_s42
