/home/luke/Wavelet-State-KAN/experiments/V1_train_tinystories_lm.py:107: UserWarning: The given buffer is not writable, and PyTorch does not support non-writable tensors. This means you can write to the underlying (supposedly non-writable) buffer using the tensor. You may want to copy the buffer to protect its data or make it writable before converting it to a tensor. This type of warning will be suppressed for the rest of this program. (Triggered internally at /__w/pytorch/pytorch/torch/csrc/utils/tensor_new.cpp:1556.)
  train_ids = torch.frombuffer(train_text.encode("utf-8", errors="ignore"), dtype=torch.uint8)
train bytes: 1,905,061,325  eval bytes: 405,730
model: wskan11  params: 10,153,996  device: cuda
step     1  train 5.5844  eval 4.3502  pmax 18.9  (10s)
step  1000  train 0.8996  eval 0.8245  pmax 18.9  (187s)
step  2000  train 0.8404  eval 0.7760  pmax 19.0  (365s)
step  3000  train 0.7707  eval 0.7222  pmax 19.1  (542s)
step  4000  train 0.7732  eval 0.7345  pmax 19.1  (720s)
step  5000  train 0.7158  eval 0.6989  pmax 19.1  (897s)
  [checkpoint + sample saved at step 5000]
step  6000  train 0.6987  eval 0.6691  pmax 19.2  (1080s)
step  7000  train 0.7056  eval 0.6522  pmax 19.2  (1257s)
step  8000  train 0.7076  eval 0.6435  pmax 19.3  (1434s)
step  9000  train 0.6877  eval 0.6230  pmax 19.3  (1612s)
step 10000  train 0.6916  eval 0.6226  pmax 19.4  (1789s)
  [checkpoint + sample saved at step 10000]
step 11000  train 0.6655  eval 0.6330  pmax 19.4  (1969s)
step 12000  train 0.6693  eval 0.6341  pmax 19.4  (2146s)
step 13000  train 0.6899  eval 0.6169  pmax 19.5  (2324s)
step 14000  train 0.6362  eval 0.6230  pmax 19.5  (2501s)
step 15000  train 0.6482  eval 0.5929  pmax 19.6  (2679s)
  [checkpoint + sample saved at step 15000]
step 16000  train 0.6929  eval 0.5973  pmax 19.6  (2858s)
step 17000  train 0.6591  eval 0.6164  pmax 19.6  (3036s)
step 18000  train 0.6077  eval 0.5753  pmax 19.6  (3213s)
step 19000  train 0.6353  eval 0.5711  pmax 19.6  (3391s)
step 20000  train 0.6536  eval 0.5735  pmax 19.6  (3568s)
  [checkpoint + sample saved at step 20000]
step 21000  train 0.6601  eval 0.6129  pmax 19.6  (3747s)
step 22000  train 0.6331  eval 0.6156  pmax 19.6  (3925s)
step 23000  train 0.6036  eval 0.5734  pmax 19.6  (4102s)
step 24000  train 0.6516  eval 0.5900  pmax 19.6  (4280s)
step 25000  train 0.6418  eval 0.5670  pmax 19.6  (4457s)
  [checkpoint + sample saved at step 25000]
step 26000  train 0.5975  eval 0.5690  pmax 19.6  (4637s)
step 27000  train 0.6727  eval 0.5719  pmax 19.6  (4814s)
step 28000  train 0.6273  eval 0.5861  pmax 19.6  (4992s)
step 29000  train 0.6239  eval 0.5687  pmax 19.6  (5169s)
step 30000  train 0.6457  eval 0.5722  pmax 19.6  (5347s)
  [checkpoint + sample saved at step 30000]
step 31000  train 0.5943  eval 0.6042  pmax 19.6  (5526s)
step 32000  train 0.6056  eval 0.5518  pmax 19.6  (5704s)
step 33000  train 0.6177  eval 0.5453  pmax 19.6  (5881s)
  [checkpoint + sample saved at step 33000]
done. artifacts in /home/luke/Wavelet-State-KAN/checkpoints/wskan11_tinystories_10m_3ep_s42
