/home/luke/Wavelet-State-KAN/experiments/V1_train_tinystories_lm.py:107: UserWarning: The given buffer is not writable, and PyTorch does not support non-writable tensors. This means you can write to the underlying (supposedly non-writable) buffer using the tensor. You may want to copy the buffer to protect its data or make it writable before converting it to a tensor. This type of warning will be suppressed for the rest of this program. (Triggered internally at /__w/pytorch/pytorch/torch/csrc/utils/tensor_new.cpp:1556.)
  train_ids = torch.frombuffer(train_text.encode("utf-8", errors="ignore"), dtype=torch.uint8)
train bytes: 1,905,061,325  eval bytes: 405,730
model: wskan11  params: 3,610  device: cuda
step     1  train 5.5487  eval 5.5430  pmax 18.9  (7s)
step  1000  train 2.3389  eval 2.3480  pmax 18.7  (17s)
step  2000  train 2.2924  eval 2.3112  pmax 19.1  (26s)
step  3000  train 2.2480  eval 2.2678  pmax 19.6  (35s)
step  4000  train 2.2716  eval 2.2514  pmax 19.7  (45s)
step  5000  train 2.2302  eval 2.2711  pmax 19.8  (55s)
step  6000  train 2.2289  eval 2.2243  pmax 19.8  (64s)
step  7000  train 2.2127  eval 2.1977  pmax 19.8  (73s)
step  8000  train 2.2125  eval 2.2144  pmax 19.8  (83s)
step  9000  train 2.2309  eval 2.2266  pmax 19.8  (93s)
step 10000  train 2.2216  eval 2.2208  pmax 19.8  (102s)
step 11000  train 2.2044  eval 2.2133  pmax 19.8  (112s)
step 12000  train 2.1901  eval 2.2147  pmax 19.9  (122s)
step 13000  train 2.2011  eval 2.1814  pmax 19.9  (131s)
step 14000  train 2.2074  eval 2.2131  pmax 19.9  (140s)
step 15000  train 2.2041  eval 2.1928  pmax 19.9  (150s)
step 16000  train 2.1783  eval 2.1864  pmax 19.9  (159s)
step 17000  train 2.2100  eval 2.1858  pmax 19.9  (169s)
step 18000  train 2.2143  eval 2.1785  pmax 19.9  (178s)
step 19000  train 2.2109  eval 2.1984  pmax 19.9  (188s)
step 20000  train 2.1747  eval 2.2091  pmax 19.9  (197s)
step 21000  train 2.2145  eval 2.1839  pmax 19.9  (207s)
step 22000  train 2.1989  eval 2.1987  pmax 20.0  (216s)
step 23000  train 2.1821  eval 2.1916  pmax 20.0  (226s)
step 24000  train 2.2189  eval 2.1877  pmax 20.0  (235s)
step 25000  train 2.2057  eval 2.1721  pmax 20.0  (244s)
  [checkpoint + sample saved at step 25000]
step 26000  train 2.1919  eval 2.1879  pmax 20.0  (255s)
step 27000  train 2.2224  eval 2.1961  pmax 20.0  (265s)
step 28000  train 2.1955  eval 2.2007  pmax 20.0  (274s)
step 29000  train 2.1937  eval 2.1742  pmax 20.0  (283s)
step 30000  train 2.1930  eval 2.1839  pmax 20.0  (293s)
  [checkpoint + sample saved at step 30000]
done. artifacts in /home/luke/Wavelet-State-KAN/checkpoints/wskan11_tinystories_1k_3ep_s2024
