/home/luke/Wavelet-State-KAN/experiments/V1_train_tinystories_lm.py:107: UserWarning: The given buffer is not writable, and PyTorch does not support non-writable tensors. This means you can write to the underlying (supposedly non-writable) buffer using the tensor. You may want to copy the buffer to protect its data or make it writable before converting it to a tensor. This type of warning will be suppressed for the rest of this program. (Triggered internally at /__w/pytorch/pytorch/torch/csrc/utils/tensor_new.cpp:1556.)
  train_ids = torch.frombuffer(train_text.encode("utf-8", errors="ignore"), dtype=torch.uint8)
train bytes: 542,898,247  eval bytes: 130,357
model: wskan11real  params: 113,612  device: cuda
step     1  train 5.5450  eval 5.4644  pmax 3.0  (10s)
step  1000  train 1.6667  eval 1.6493  pmax 3.2  (24s)
step  2000  train 1.6063  eval 1.5853  pmax 3.3  (37s)
step  3000  train 1.5446  eval 1.5660  pmax 3.4  (51s)
step  4000  train 1.5413  eval 1.5311  pmax 3.5  (65s)
step  5000  train 1.5206  eval 1.5094  pmax 3.6  (78s)
step  6000  train 1.5247  eval 1.4680  pmax 3.6  (91s)
step  7000  train 1.5100  eval 1.4735  pmax 3.7  (105s)
step  8000  train 1.4805  eval 1.4953  pmax 3.8  (118s)
step  9000  train 1.5288  eval 1.4822  pmax 4.0  (132s)
step 10000  train 1.4914  eval 1.4640  pmax 4.4  (145s)
step 11000  train 1.4725  eval 1.4705  pmax 4.7  (159s)
step 12000  train 1.4746  eval 1.4173  pmax 4.9  (173s)
step 13000  train 1.4767  eval 1.4644  pmax 5.1  (187s)
step 14000  train 1.4592  eval 1.5226  pmax 5.3  (201s)
step 15000  train 1.5127  eval 1.4297  pmax 5.4  (214s)
step 16000  train 1.4101  eval 1.4863  pmax 5.8  (228s)
step 17000  train 1.4557  eval 1.4755  pmax 6.1  (241s)
step 18000  train 1.4265  eval 1.3929  pmax 6.5  (255s)
step 19000  train 1.4420  eval 1.4497  pmax 6.9  (268s)
step 20000  train 1.4700  eval 1.4301  pmax 7.2  (282s)
step 21000  train 1.4273  eval 1.4529  pmax 7.6  (295s)
step 22000  train 1.4548  eval 1.4269  pmax 7.9  (308s)
step 23000  train 1.4758  eval 1.4089  pmax 8.2  (322s)
step 24000  train 1.4334  eval 1.4328  pmax 8.5  (336s)
step 25000  train 1.4274  eval 1.4180  pmax 8.9  (349s)
  [checkpoint + sample saved at step 25000]
step 26000  train 1.4570  eval 1.4508  pmax 9.2  (365s)
step 27000  train 1.4731  eval 1.4368  pmax 9.4  (379s)
step 28000  train 1.4430  eval 1.4349  pmax 9.7  (393s)
step 29000  train 1.4387  eval 1.4553  pmax 10.0  (407s)
step 30000  train 1.4368  eval 1.4138  pmax 10.2  (420s)
step 31000  train 1.4655  eval 1.4173  pmax 10.4  (434s)
step 32000  train 1.4329  eval 1.4257  pmax 10.7  (447s)
step 33000  train 1.4391  eval 1.3884  pmax 10.8  (461s)
step 34000  train 1.4255  eval 1.4202  pmax 11.1  (474s)
step 35000  train 1.4176  eval 1.4236  pmax 11.3  (488s)
step 36000  train 1.3905  eval 1.4145  pmax 11.5  (501s)
step 37000  train 1.4135  eval 1.4546  pmax 11.7  (515s)
step 38000  train 1.4257  eval 1.4507  pmax 11.9  (528s)
step 39000  train 1.4451  eval 1.4328  pmax 12.1  (542s)
step 40000  train 1.4047  eval 1.4263  pmax 12.3  (556s)
step 41000  train 1.4348  eval 1.3999  pmax 12.4  (570s)
step 42000  train 1.4278  eval 1.4391  pmax 12.6  (583s)
step 43000  train 1.4477  eval 1.4586  pmax 12.7  (597s)
step 44000  train 1.4442  eval 1.4395  pmax 12.9  (610s)
step 45000  train 1.4394  eval 1.3830  pmax 13.1  (624s)
step 46000  train 1.4421  eval 1.3900  pmax 13.2  (638s)
step 47000  train 1.4302  eval 1.4775  pmax 13.3  (651s)
step 48000  train 1.4093  eval 1.4067  pmax 13.4  (664s)
step 49000  train 1.4229  eval 1.4050  pmax 13.6  (678s)
step 50000  train 1.4138  eval 1.3744  pmax 13.7  (691s)
  [checkpoint + sample saved at step 50000]
step 51000  train 1.4112  eval 1.4229  pmax 13.8  (707s)
step 52000  train 1.4195  eval 1.4229  pmax 13.9  (721s)
step 53000  train 1.4259  eval 1.4294  pmax 14.0  (735s)
step 54000  train 1.3806  eval 1.4339  pmax 14.1  (749s)
step 55000  train 1.4218  eval 1.4192  pmax 14.1  (763s)
step 56000  train 1.4344  eval 1.4268  pmax 14.2  (776s)
step 57000  train 1.4326  eval 1.3717  pmax 14.3  (790s)
step 58000  train 1.4119  eval 1.4106  pmax 14.4  (804s)
step 59000  train 1.3880  eval 1.4017  pmax 14.4  (818s)
step 60000  train 1.4134  eval 1.4061  pmax 14.5  (832s)
step 61000  train 1.4110  eval 1.3611  pmax 14.6  (845s)
step 62000  train 1.4201  eval 1.3808  pmax 14.7  (858s)
step 63000  train 1.4424  eval 1.3998  pmax 14.7  (871s)
step 64000  train 1.4283  eval 1.4452  pmax 14.8  (885s)
step 65000  train 1.4012  eval 1.3764  pmax 14.8  (899s)
step 66000  train 1.4008  eval 1.3998  pmax 14.8  (912s)
step 67000  train 1.4243  eval 1.4161  pmax 14.9  (925s)
step 68000  train 1.4389  eval 1.3817  pmax 14.9  (939s)
step 69000  train 1.3987  eval 1.4268  pmax 15.0  (953s)
step 70000  train 1.3899  eval 1.3865  pmax 15.0  (967s)
step 71000  train 1.4013  eval 1.3738  pmax 15.0  (981s)
step 72000  train 1.4252  eval 1.4416  pmax 15.1  (995s)
step 73000  train 1.4197  eval 1.4173  pmax 15.1  (1009s)
step 74000  train 1.4291  eval 1.3887  pmax 15.1  (1023s)
step 75000  train 1.4123  eval 1.4080  pmax 15.1  (1037s)
  [checkpoint + sample saved at step 75000]
step 76000  train 1.4188  eval 1.3663  pmax 15.2  (1052s)
step 77000  train 1.4053  eval 1.3767  pmax 15.2  (1066s)
step 78000  train 1.3946  eval 1.3822  pmax 15.2  (1080s)
step 79000  train 1.3638  eval 1.4287  pmax 15.2  (1094s)
step 80000  train 1.3644  eval 1.4412  pmax 15.2  (1107s)
step 81000  train 1.4003  eval 1.3854  pmax 15.3  (1121s)
step 82000  train 1.4081  eval 1.3973  pmax 15.3  (1134s)
step 83000  train 1.3990  eval 1.4216  pmax 15.3  (1148s)
step 84000  train 1.4410  eval 1.3943  pmax 15.3  (1163s)
step 85000  train 1.4271  eval 1.3864  pmax 15.3  (1176s)
step 86000  train 1.4166  eval 1.3623  pmax 15.3  (1190s)
step 87000  train 1.4027  eval 1.3955  pmax 15.3  (1203s)
step 88000  train 1.4232  eval 1.3660  pmax 15.3  (1217s)
step 89000  train 1.3902  eval 1.4040  pmax 15.3  (1231s)
step 90000  train 1.3917  eval 1.4272  pmax 15.3  (1244s)
step 91000  train 1.4532  eval 1.3955  pmax 15.3  (1258s)
step 92000  train 1.4047  eval 1.3880  pmax 15.3  (1272s)
step 93000  train 1.3935  eval 1.3478  pmax 15.3  (1285s)
step 94000  train 1.4316  eval 1.4015  pmax 15.3  (1299s)
step 95000  train 1.3752  eval 1.4124  pmax 15.3  (1312s)
step 96000  train 1.3928  eval 1.4127  pmax 15.3  (1326s)
step 97000  train 1.4118  eval 1.3820  pmax 15.3  (1339s)
step 98000  train 1.4257  eval 1.3754  pmax 15.3  (1353s)
step 99000  train 1.3890  eval 1.4039  pmax 15.3  (1366s)
  [checkpoint + sample saved at step 99000]
done. artifacts in /home/luke/Wavelet-State-KAN/checkpoints/wskan11real_wikitext_100k_3ep_s123
