/home/luke/Wavelet-State-KAN/experiments/V1_train_tinystories_lm.py:107: UserWarning: The given buffer is not writable, and PyTorch does not support non-writable tensors. This means you can write to the underlying (supposedly non-writable) buffer using the tensor. You may want to copy the buffer to protect its data or make it writable before converting it to a tensor. This type of warning will be suppressed for the rest of this program. (Triggered internally at /__w/pytorch/pytorch/torch/csrc/utils/tensor_new.cpp:1556.)
  train_ids = torch.frombuffer(train_text.encode("utf-8", errors="ignore"), dtype=torch.uint8)
train bytes: 542,898,247  eval bytes: 130,357
model: wskan11  params: 3,610  device: cuda
W0920 09:06:23.284000 684969 .venv/lib/python3.12/site-packages/torch/_inductor/utils.py:1806] [0/0] Not enough SMs to use max_autotune_gemm mode
step     1  train 5.5492  eval 5.5432  pmax 18.9  (24s)
step  1000  train 2.4947  eval 2.5454  pmax 19.6  (33s)
step  2000  train 2.4832  eval 2.4994  pmax 20.1  (41s)
step  3000  train 2.4946  eval 2.4993  pmax 20.0  (50s)
step  4000  train 2.4644  eval 2.4774  pmax 19.7  (59s)
step  5000  train 2.4545  eval 2.4619  pmax 19.3  (68s)
step  6000  train 2.4054  eval 2.4225  pmax 18.9  (76s)
step  7000  train 2.4338  eval 2.4253  pmax 18.8  (85s)
step  8000  train 2.4126  eval 2.4316  pmax 18.9  (94s)
step  9000  train 2.4273  eval 2.4291  pmax 19.0  (102s)
step 10000  train 2.4343  eval 2.4131  pmax 19.0  (111s)
step 11000  train 2.4301  eval 2.3963  pmax 19.1  (119s)
step 12000  train 2.4172  eval 2.4161  pmax 19.2  (128s)
step 13000  train 2.3863  eval 2.4192  pmax 19.2  (137s)
step 14000  train 2.3812  eval 2.4070  pmax 19.3  (146s)
step 15000  train 2.4453  eval 2.4200  pmax 19.3  (154s)
step 16000  train 2.3950  eval 2.4110  pmax 19.3  (162s)
step 17000  train 2.3956  eval 2.4098  pmax 19.4  (170s)
step 18000  train 2.3708  eval 2.3654  pmax 19.4  (179s)
step 19000  train 2.3787  eval 2.4041  pmax 19.4  (187s)
step 20000  train 2.4036  eval 2.3842  pmax 19.4  (196s)
step 21000  train 2.4024  eval 2.3796  pmax 19.4  (204s)
step 22000  train 2.3846  eval 2.3945  pmax 19.4  (213s)
step 23000  train 2.3896  eval 2.3834  pmax 19.4  (222s)
step 24000  train 2.3917  eval 2.3879  pmax 19.4  (230s)
step 25000  train 2.3746  eval 2.3723  pmax 19.4  (239s)
  [checkpoint + sample saved at step 25000]
step 26000  train 2.3721  eval 2.4266  pmax 19.4  (249s)
step 27000  train 2.4350  eval 2.3904  pmax 19.4  (257s)
step 28000  train 2.3794  eval 2.3893  pmax 19.4  (266s)
step 29000  train 2.3775  eval 2.4333  pmax 19.4  (275s)
step 30000  train 2.3760  eval 2.3865  pmax 19.4  (283s)
step 31000  train 2.4067  eval 2.3908  pmax 19.4  (291s)
step 32000  train 2.3747  eval 2.3831  pmax 19.4  (300s)
step 33000  train 2.3639  eval 2.4117  pmax 19.4  (309s)
  [checkpoint + sample saved at step 33000]
done. artifacts in /home/luke/Wavelet-State-KAN/checkpoints/wskan11_wikitext_1k_3ep_s123
