/home/luke/Wavelet-State-KAN/experiments/V1_train_tinystories_lm.py:107: UserWarning: The given buffer is not writable, and PyTorch does not support non-writable tensors. This means you can write to the underlying (supposedly non-writable) buffer using the tensor. You may want to copy the buffer to protect its data or make it writable before converting it to a tensor. This type of warning will be suppressed for the rest of this program. (Triggered internally at /__w/pytorch/pytorch/torch/csrc/utils/tensor_new.cpp:1556.)
  train_ids = torch.frombuffer(train_text.encode("utf-8", errors="ignore"), dtype=torch.uint8)
train bytes: 1,905,061,325  eval bytes: 405,730
model: wskan11real  params: 113,612  device: cuda
step     1  train 5.5461  eval 5.4424  pmax 3.0  (10s)
step  1000  train 1.1938  eval 1.1349  pmax 3.2  (25s)
step  2000  train 1.1258  eval 1.1000  pmax 3.3  (40s)
step  3000  train 1.0626  eval 1.0377  pmax 3.5  (55s)
step  4000  train 1.0682  eval 1.0517  pmax 3.5  (69s)
step  5000  train 1.0024  eval 1.0027  pmax 3.6  (84s)
step  6000  train 1.0115  eval 0.9741  pmax 3.7  (98s)
step  7000  train 1.0229  eval 0.9712  pmax 3.9  (113s)
step  8000  train 1.0083  eval 0.9864  pmax 4.0  (127s)
step  9000  train 1.0416  eval 0.9341  pmax 4.0  (142s)
step 10000  train 1.0150  eval 0.9493  pmax 4.1  (156s)
step 11000  train 1.0207  eval 0.9438  pmax 4.2  (171s)
step 12000  train 0.9974  eval 0.9586  pmax 4.2  (185s)
step 13000  train 0.9825  eval 0.9532  pmax 4.5  (200s)
step 14000  train 0.9945  eval 0.9538  pmax 4.8  (214s)
step 15000  train 1.0126  eval 0.9495  pmax 5.0  (229s)
step 16000  train 0.9967  eval 0.9513  pmax 5.2  (243s)
step 17000  train 1.0199  eval 0.9109  pmax 5.4  (258s)
step 18000  train 0.9761  eval 0.9542  pmax 5.5  (272s)
step 19000  train 1.0006  eval 0.9190  pmax 5.6  (287s)
step 20000  train 0.9942  eval 0.9178  pmax 5.8  (301s)
step 21000  train 0.9700  eval 0.9185  pmax 6.0  (316s)
step 22000  train 0.9812  eval 0.9085  pmax 6.2  (330s)
step 23000  train 0.9556  eval 0.9573  pmax 6.2  (344s)
step 24000  train 0.9912  eval 0.9142  pmax 6.4  (359s)
step 25000  train 0.9709  eval 0.9173  pmax 6.4  (373s)
  [checkpoint + sample saved at step 25000]
step 26000  train 0.9353  eval 0.9376  pmax 6.6  (390s)
step 27000  train 0.9696  eval 0.9099  pmax 6.8  (404s)
step 28000  train 0.9493  eval 0.9014  pmax 7.0  (418s)
step 29000  train 0.9663  eval 0.9285  pmax 7.0  (433s)
step 30000  train 0.9819  eval 0.9187  pmax 7.3  (447s)
step 31000  train 0.9379  eval 0.9447  pmax 7.2  (461s)
step 32000  train 0.9707  eval 0.9284  pmax 7.4  (475s)
step 33000  train 0.9996  eval 0.9085  pmax 7.7  (490s)
step 34000  train 0.9768  eval 0.8878  pmax 7.9  (504s)
step 35000  train 0.9519  eval 0.9016  pmax 8.1  (519s)
step 36000  train 0.9171  eval 0.9227  pmax 8.2  (533s)
step 37000  train 0.9800  eval 0.9193  pmax 8.5  (548s)
step 38000  train 0.9715  eval 0.8901  pmax 8.8  (562s)
step 39000  train 0.9276  eval 0.8793  pmax 9.1  (577s)
step 40000  train 0.9294  eval 0.8836  pmax 9.2  (591s)
step 41000  train 0.9437  eval 0.9076  pmax 9.4  (605s)
step 42000  train 0.9482  eval 0.8926  pmax 9.7  (620s)
step 43000  train 0.9733  eval 0.8884  pmax 9.9  (634s)
step 44000  train 0.9243  eval 0.8781  pmax 9.9  (649s)
step 45000  train 0.9592  eval 0.9071  pmax 10.1  (663s)
step 46000  train 0.9533  eval 0.8865  pmax 10.2  (677s)
step 47000  train 0.9477  eval 0.8991  pmax 10.3  (692s)
step 48000  train 0.9862  eval 0.9164  pmax 10.4  (706s)
step 49000  train 1.0097  eval 0.8906  pmax 10.5  (721s)
step 50000  train 0.9341  eval 0.9029  pmax 10.5  (735s)
  [checkpoint + sample saved at step 50000]
step 51000  train 0.9501  eval 0.9342  pmax 10.6  (751s)
step 52000  train 0.9161  eval 0.9060  pmax 10.7  (765s)
step 53000  train 0.9665  eval 0.9302  pmax 10.8  (780s)
step 54000  train 0.9423  eval 0.9050  pmax 10.9  (794s)
step 55000  train 0.9156  eval 0.9036  pmax 11.1  (809s)
step 56000  train 0.9283  eval 0.9212  pmax 11.3  (823s)
step 57000  train 0.9199  eval 0.8558  pmax 11.4  (838s)
step 58000  train 0.9377  eval 0.9305  pmax 11.4  (852s)
step 59000  train 0.9163  eval 0.9040  pmax 11.5  (867s)
step 60000  train 0.9461  eval 0.8731  pmax 11.6  (881s)
step 61000  train 0.9272  eval 0.9176  pmax 11.5  (896s)
step 62000  train 0.9459  eval 0.9059  pmax 11.5  (910s)
step 63000  train 0.9558  eval 0.8782  pmax 11.6  (925s)
step 64000  train 0.9207  eval 0.9105  pmax 11.6  (939s)
step 65000  train 0.9596  eval 0.8527  pmax 11.6  (954s)
step 66000  train 0.9242  eval 0.8795  pmax 11.7  (968s)
step 67000  train 0.9387  eval 0.8891  pmax 12.0  (982s)
step 68000  train 0.9327  eval 0.8858  pmax 12.1  (996s)
step 69000  train 0.9517  eval 0.9166  pmax 12.2  (1011s)
step 70000  train 0.9376  eval 0.8785  pmax 12.3  (1025s)
step 71000  train 0.9422  eval 0.9112  pmax 12.4  (1040s)
step 72000  train 0.9614  eval 0.9261  pmax 12.5  (1054s)
step 73000  train 0.9320  eval 0.9071  pmax 12.7  (1069s)
step 74000  train 0.9752  eval 0.8813  pmax 12.8  (1083s)
step 75000  train 0.9540  eval 0.9031  pmax 12.8  (1097s)
  [checkpoint + sample saved at step 75000]
step 76000  train 0.9600  eval 0.9233  pmax 13.1  (1114s)
step 77000  train 0.9482  eval 0.8513  pmax 13.2  (1128s)
step 78000  train 0.9472  eval 0.9144  pmax 13.3  (1143s)
step 79000  train 0.9442  eval 0.8418  pmax 13.4  (1157s)
step 80000  train 0.9368  eval 0.8917  pmax 13.4  (1171s)
step 81000  train 0.9731  eval 0.8768  pmax 13.6  (1186s)
step 82000  train 0.9189  eval 0.8825  pmax 13.6  (1200s)
step 83000  train 0.9311  eval 0.8967  pmax 13.7  (1215s)
step 84000  train 0.9485  eval 0.8994  pmax 13.7  (1229s)
step 85000  train 0.9494  eval 0.8904  pmax 13.9  (1244s)
step 86000  train 0.9441  eval 0.8767  pmax 13.8  (1258s)
step 87000  train 0.9547  eval 0.8829  pmax 13.9  (1273s)
step 88000  train 0.9562  eval 0.8931  pmax 13.9  (1287s)
step 89000  train 0.9209  eval 0.8747  pmax 13.9  (1302s)
step 90000  train 0.9430  eval 0.8827  pmax 14.0  (1316s)
step 91000  train 0.9475  eval 0.8870  pmax 14.0  (1331s)
step 92000  train 0.9148  eval 0.8633  pmax 14.0  (1345s)
step 93000  train 0.9181  eval 0.8965  pmax 14.1  (1359s)
step 94000  train 0.9808  eval 0.8949  pmax 14.2  (1374s)
step 95000  train 0.9348  eval 0.8664  pmax 14.0  (1388s)
step 96000  train 0.9577  eval 0.8971  pmax 14.1  (1403s)
step 97000  train 0.9606  eval 0.8914  pmax 14.0  (1417s)
step 98000  train 0.9408  eval 0.8854  pmax 14.1  (1432s)
step 99000  train 0.9232  eval 0.8926  pmax 14.1  (1446s)
step 100000  train 0.9393  eval 0.8632  pmax 14.1  (1461s)
  [checkpoint + sample saved at step 100000]
step 101000  train 0.9278  eval 0.8500  pmax 14.2  (1477s)
step 102000  train 0.9222  eval 0.8861  pmax 14.2  (1491s)
step 103000  train 0.9115  eval 0.8743  pmax 14.3  (1506s)
step 104000  train 0.9082  eval 0.8805  pmax 14.4  (1521s)
step 105000  train 0.9457  eval 0.9207  pmax 14.4  (1535s)
step 106000  train 0.9325  eval 0.8635  pmax 14.4  (1549s)
step 107000  train 0.9326  eval 0.8846  pmax 14.5  (1564s)
step 108000  train 0.8839  eval 0.8763  pmax 14.6  (1578s)
step 109000  train 0.9454  eval 0.8796  pmax 14.6  (1592s)
step 110000  train 0.9348  eval 0.8929  pmax 14.7  (1607s)
step 111000  train 0.9398  eval 0.8823  pmax 14.8  (1621s)
step 112000  train 0.9473  eval 0.8860  pmax 14.8  (1636s)
step 113000  train 0.9357  eval 0.8915  pmax 14.9  (1650s)
step 114000  train 0.9433  eval 0.8615  pmax 15.0  (1664s)
step 115000  train 0.9464  eval 0.8895  pmax 14.9  (1679s)
step 116000  train 0.9051  eval 0.8374  pmax 14.8  (1693s)
step 117000  train 0.9145  eval 0.8753  pmax 14.8  (1707s)
step 118000  train 0.9197  eval 0.9090  pmax 14.8  (1722s)
step 119000  train 0.9185  eval 0.8808  pmax 14.8  (1736s)
step 120000  train 0.9378  eval 0.8715  pmax 14.8  (1751s)
step 121000  train 0.9314  eval 0.8487  pmax 14.8  (1765s)
step 122000  train 0.9344  eval 0.9392  pmax 14.8  (1780s)
step 123000  train 0.9190  eval 0.8832  pmax 14.8  (1794s)
step 124000  train 0.9692  eval 0.8776  pmax 14.9  (1809s)
step 125000  train 0.9094  eval 0.8807  pmax 14.9  (1823s)
  [checkpoint + sample saved at step 125000]
step 126000  train 0.9478  eval 0.8485  pmax 15.0  (1838s)
step 127000  train 0.9088  eval 0.8979  pmax 14.9  (1852s)
step 128000  train 0.9339  eval 0.8557  pmax 15.1  (1867s)
step 129000  train 0.9287  eval 0.8760  pmax 15.1  (1881s)
step 130000  train 0.9241  eval 0.8926  pmax 15.1  (1896s)
step 131000  train 0.9329  eval 0.8815  pmax 15.1  (1910s)
step 132000  train 0.9534  eval 0.8858  pmax 15.1  (1924s)
step 133000  train 0.9210  eval 0.8901  pmax 15.2  (1939s)
step 134000  train 0.9442  eval 0.8686  pmax 15.4  (1953s)
step 135000  train 0.9151  eval 0.9099  pmax 15.5  (1968s)
step 136000  train 0.9235  eval 0.8537  pmax 15.6  (1982s)
step 137000  train 0.9450  eval 0.8810  pmax 15.6  (1997s)
step 138000  train 0.9261  eval 0.8676  pmax 15.5  (2011s)
step 139000  train 0.9072  eval 0.8379  pmax 15.5  (2025s)
step 140000  train 0.9495  eval 0.8766  pmax 15.6  (2040s)
step 141000  train 0.9340  eval 0.8637  pmax 15.7  (2054s)
step 142000  train 0.9205  eval 0.8535  pmax 15.7  (2069s)
step 143000  train 0.9343  eval 0.8792  pmax 15.8  (2083s)
step 144000  train 0.9501  eval 0.9046  pmax 15.8  (2098s)
step 145000  train 0.9347  eval 0.8684  pmax 15.9  (2112s)
step 146000  train 0.9265  eval 0.8910  pmax 15.9  (2127s)
step 147000  train 0.8797  eval 0.9079  pmax 16.1  (2141s)
step 148000  train 0.9343  eval 0.8736  pmax 16.2  (2155s)
step 149000  train 0.8983  eval 0.8527  pmax 16.2  (2169s)
step 150000  train 0.9042  eval 0.8567  pmax 16.3  (2184s)
  [checkpoint + sample saved at step 150000]
step 151000  train 0.9255  eval 0.8587  pmax 16.3  (2200s)
step 152000  train 0.9319  eval 0.8941  pmax 16.3  (2215s)
step 153000  train 0.9152  eval 0.8711  pmax 16.4  (2229s)
step 154000  train 0.9271  eval 0.8870  pmax 16.4  (2244s)
step 155000  train 0.8993  eval 0.8533  pmax 16.6  (2258s)
step 156000  train 0.9022  eval 0.9387  pmax 16.7  (2272s)
step 157000  train 0.9480  eval 0.8691  pmax 16.8  (2287s)
step 158000  train 0.9350  eval 0.8605  pmax 16.8  (2301s)
step 159000  train 0.9277  eval 0.8890  pmax 16.8  (2316s)
step 160000  train 0.8833  eval 0.8560  pmax 16.9  (2330s)
step 161000  train 0.9355  eval 0.8714  pmax 16.9  (2344s)
step 162000  train 0.9081  eval 0.8734  pmax 17.0  (2359s)
step 163000  train 0.9093  eval 0.8528  pmax 16.9  (2374s)
step 164000  train 0.9290  eval 0.8356  pmax 17.1  (2388s)
step 165000  train 0.9249  eval 0.8528  pmax 17.1  (2402s)
step 166000  train 0.9112  eval 0.8813  pmax 17.1  (2417s)
step 167000  train 0.9034  eval 0.8629  pmax 17.1  (2431s)
step 168000  train 0.8980  eval 0.8713  pmax 17.1  (2446s)
step 169000  train 0.9356  eval 0.8364  pmax 17.1  (2460s)
step 170000  train 0.9324  eval 0.8606  pmax 17.2  (2474s)
step 171000  train 0.9154  eval 0.8894  pmax 17.2  (2489s)
step 172000  train 0.9255  eval 0.8337  pmax 17.3  (2503s)
step 173000  train 0.9178  eval 0.8672  pmax 17.4  (2518s)
step 174000  train 0.8924  eval 0.8818  pmax 17.4  (2532s)
step 175000  train 0.9262  eval 0.8760  pmax 17.4  (2547s)
  [checkpoint + sample saved at step 175000]
step 176000  train 0.9140  eval 0.8964  pmax 17.5  (2563s)
step 177000  train 0.9318  eval 0.8657  pmax 17.5  (2578s)
step 178000  train 0.9142  eval 0.8611  pmax 17.6  (2592s)
step 179000  train 0.9117  eval 0.8522  pmax 17.6  (2607s)
step 180000  train 0.8901  eval 0.8537  pmax 17.6  (2621s)
step 181000  train 0.9334  eval 0.8607  pmax 17.7  (2636s)
step 182000  train 0.9119  eval 0.8790  pmax 17.7  (2650s)
step 183000  train 0.9401  eval 0.8752  pmax 17.7  (2665s)
step 184000  train 0.9289  eval 0.8639  pmax 17.8  (2679s)
step 185000  train 0.8923  eval 0.8899  pmax 17.8  (2693s)
step 186000  train 0.9177  eval 0.8346  pmax 17.8  (2708s)
step 187000  train 0.9006  eval 0.8270  pmax 17.9  (2722s)
step 188000  train 0.9442  eval 0.8330  pmax 17.9  (2737s)
step 189000  train 0.9083  eval 0.8684  pmax 18.0  (2751s)
step 190000  train 0.8991  eval 0.8537  pmax 18.1  (2766s)
step 191000  train 0.9071  eval 0.8883  pmax 18.1  (2780s)
step 192000  train 0.9023  eval 0.8880  pmax 18.1  (2794s)
step 193000  train 0.9242  eval 0.8580  pmax 18.2  (2809s)
step 194000  train 0.8870  eval 0.8748  pmax 18.2  (2823s)
step 195000  train 0.9140  eval 0.8560  pmax 18.3  (2838s)
step 196000  train 0.9025  eval 0.8735  pmax 18.4  (2852s)
step 197000  train 0.8917  eval 0.9049  pmax 18.4  (2867s)
step 198000  train 0.9214  eval 0.8461  pmax 18.5  (2881s)
step 199000  train 0.9019  eval 0.8530  pmax 18.5  (2896s)
step 200000  train 0.8817  eval 0.8590  pmax 18.6  (2910s)
  [checkpoint + sample saved at step 200000]
step 201000  train 0.9151  eval 0.8564  pmax 18.6  (2926s)
step 202000  train 0.8965  eval 0.8696  pmax 18.7  (2941s)
step 203000  train 0.9117  eval 0.8343  pmax 18.7  (2955s)
step 204000  train 0.8993  eval 0.8611  pmax 18.8  (2969s)
step 205000  train 0.9268  eval 0.8636  pmax 18.8  (2983s)
step 206000  train 0.8900  eval 0.8742  pmax 18.8  (2998s)
step 207000  train 0.9249  eval 0.8623  pmax 18.9  (3012s)
step 208000  train 0.9029  eval 0.8848  pmax 18.9  (3027s)
step 209000  train 0.9191  eval 0.8537  pmax 18.9  (3041s)
step 210000  train 0.8916  eval 0.8381  pmax 19.0  (3055s)
step 211000  train 0.9070  eval 0.8904  pmax 19.0  (3070s)
step 212000  train 0.9154  eval 0.8813  pmax 19.1  (3084s)
step 213000  train 0.9038  eval 0.8940  pmax 19.1  (3099s)
step 214000  train 0.9165  eval 0.8595  pmax 19.2  (3113s)
step 215000  train 0.9052  eval 0.8739  pmax 19.2  (3128s)
step 216000  train 0.8982  eval 0.8482  pmax 19.2  (3142s)
step 217000  train 0.8976  eval 0.8792  pmax 19.2  (3157s)
step 218000  train 0.9246  eval 0.8588  pmax 19.3  (3171s)
step 219000  train 0.9147  eval 0.8343  pmax 19.3  (3185s)
step 220000  train 0.9364  eval 0.8499  pmax 19.4  (3200s)
step 221000  train 0.9393  eval 0.8439  pmax 19.4  (3214s)
step 222000  train 0.9017  eval 0.8794  pmax 19.4  (3228s)
step 223000  train 0.9356  eval 0.8636  pmax 19.5  (3243s)
step 224000  train 0.9175  eval 0.8685  pmax 19.5  (3257s)
step 225000  train 0.9104  eval 0.8777  pmax 19.5  (3271s)
  [checkpoint + sample saved at step 225000]
step 226000  train 0.9059  eval 0.8527  pmax 19.5  (3287s)
step 227000  train 0.9063  eval 0.9007  pmax 19.6  (3301s)
step 228000  train 0.9298  eval 0.8537  pmax 19.6  (3315s)
step 229000  train 0.9228  eval 0.8438  pmax 19.6  (3330s)
step 230000  train 0.9189  eval 0.8576  pmax 19.6  (3344s)
step 231000  train 0.9025  eval 0.8870  pmax 19.7  (3359s)
step 232000  train 0.8944  eval 0.8265  pmax 19.7  (3373s)
step 233000  train 0.8805  eval 0.8383  pmax 19.7  (3388s)
step 234000  train 0.9305  eval 0.8418  pmax 19.7  (3402s)
step 235000  train 0.9363  eval 0.8054  pmax 19.8  (3417s)
step 236000  train 0.9219  eval 0.8551  pmax 19.8  (3432s)
step 237000  train 0.9225  eval 0.8504  pmax 19.8  (3446s)
step 238000  train 0.9078  eval 0.8625  pmax 19.8  (3461s)
step 239000  train 0.9070  eval 0.8670  pmax 19.8  (3475s)
step 240000  train 0.8886  eval 0.8912  pmax 19.8  (3489s)
step 241000  train 0.8948  eval 0.8635  pmax 19.9  (3504s)
step 242000  train 0.9042  eval 0.8326  pmax 19.9  (3518s)
step 243000  train 0.8914  eval 0.8493  pmax 19.9  (3532s)
step 244000  train 0.8681  eval 0.8697  pmax 19.9  (3547s)
step 245000  train 0.9106  eval 0.8186  pmax 19.9  (3561s)
step 246000  train 0.9189  eval 0.8589  pmax 19.9  (3575s)
step 247000  train 0.9014  eval 0.8764  pmax 20.0  (3590s)
step 248000  train 0.9137  eval 0.8493  pmax 20.0  (3604s)
step 249000  train 0.9604  eval 0.8597  pmax 20.0  (3619s)
step 250000  train 0.9104  eval 0.8464  pmax 20.0  (3633s)
  [checkpoint + sample saved at step 250000]
step 251000  train 0.9196  eval 0.8558  pmax 20.0  (3649s)
step 252000  train 0.8924  eval 0.8393  pmax 20.0  (3664s)
step 253000  train 0.9058  eval 0.8673  pmax 20.1  (3678s)
step 254000  train 0.9165  eval 0.8598  pmax 20.1  (3693s)
step 255000  train 0.9227  eval 0.8495  pmax 20.1  (3707s)
step 256000  train 0.9194  eval 0.8832  pmax 20.1  (3722s)
step 257000  train 0.9034  eval 0.8503  pmax 20.1  (3736s)
step 258000  train 0.9267  eval 0.8399  pmax 20.1  (3750s)
step 259000  train 0.9245  eval 0.8766  pmax 20.1  (3765s)
step 260000  train 0.9039  eval 0.8364  pmax 20.1  (3779s)
step 261000  train 0.9352  eval 0.8762  pmax 20.1  (3793s)
step 262000  train 0.9277  eval 0.9006  pmax 20.1  (3808s)
step 263000  train 0.8907  eval 0.8841  pmax 20.2  (3822s)
step 264000  train 0.9028  eval 0.8757  pmax 20.2  (3837s)
step 265000  train 0.8919  eval 0.8653  pmax 20.2  (3851s)
step 266000  train 0.8940  eval 0.8507  pmax 20.2  (3866s)
step 267000  train 0.9182  eval 0.8378  pmax 20.2  (3881s)
step 268000  train 0.9315  eval 0.8519  pmax 20.2  (3895s)
step 269000  train 0.8866  eval 0.8569  pmax 20.2  (3910s)
step 270000  train 0.9499  eval 0.8583  pmax 20.2  (3925s)
step 271000  train 0.9113  eval 0.8502  pmax 20.2  (3939s)
step 272000  train 0.8908  eval 0.8715  pmax 20.2  (3953s)
step 273000  train 0.9340  eval 0.8609  pmax 20.2  (3968s)
step 274000  train 0.9309  eval 0.8701  pmax 20.2  (3982s)
step 275000  train 0.9104  eval 0.8237  pmax 20.2  (3996s)
  [checkpoint + sample saved at step 275000]
step 276000  train 0.9315  eval 0.8476  pmax 20.2  (4012s)
step 277000  train 0.9237  eval 0.8495  pmax 20.2  (4026s)
step 278000  train 0.9036  eval 0.8499  pmax 20.2  (4041s)
step 279000  train 0.9080  eval 0.8568  pmax 20.2  (4055s)
step 280000  train 0.9385  eval 0.8698  pmax 20.2  (4069s)
step 281000  train 0.9109  eval 0.8774  pmax 20.2  (4083s)
step 282000  train 0.9037  eval 0.8552  pmax 20.2  (4097s)
step 283000  train 0.9127  eval 0.8718  pmax 20.3  (4112s)
step 284000  train 0.8969  eval 0.8785  pmax 20.3  (4126s)
step 285000  train 0.9274  eval 0.8366  pmax 20.3  (4140s)
step 286000  train 0.9178  eval 0.8297  pmax 20.3  (4155s)
step 287000  train 0.8749  eval 0.8915  pmax 20.3  (4169s)
step 288000  train 0.8891  eval 0.8633  pmax 20.3  (4183s)
step 289000  train 0.9072  eval 0.8584  pmax 20.3  (4198s)
step 290000  train 0.8967  eval 0.8662  pmax 20.3  (4212s)
step 291000  train 0.9093  eval 0.8453  pmax 20.3  (4226s)
step 292000  train 0.9110  eval 0.8523  pmax 20.3  (4240s)
step 293000  train 0.9148  eval 0.8687  pmax 20.3  (4254s)
step 294000  train 0.9375  eval 0.8244  pmax 20.3  (4269s)
step 295000  train 0.8935  eval 0.8710  pmax 20.3  (4283s)
step 296000  train 0.8931  eval 0.8597  pmax 20.3  (4297s)
step 297000  train 0.8687  eval 0.8238  pmax 20.3  (4312s)
step 298000  train 0.9312  eval 0.8436  pmax 20.3  (4326s)
step 299000  train 0.8706  eval 0.8536  pmax 20.3  (4341s)
step 300000  train 0.8850  eval 0.8516  pmax 20.3  (4355s)
  [checkpoint + sample saved at step 300000]
done. artifacts in /home/luke/Wavelet-State-KAN/checkpoints/wskan11real_tinystories_100k_3ep_s42
