/home/luke/Wavelet-State-KAN/experiments/V1_train_tinystories_lm.py:107: UserWarning: The given buffer is not writable, and PyTorch does not support non-writable tensors. This means you can write to the underlying (supposedly non-writable) buffer using the tensor. You may want to copy the buffer to protect its data or make it writable before converting it to a tensor. This type of warning will be suppressed for the rest of this program. (Triggered internally at /__w/pytorch/pytorch/torch/csrc/utils/tensor_new.cpp:1556.)
  train_ids = torch.frombuffer(train_text.encode("utf-8", errors="ignore"), dtype=torch.uint8)
train bytes: 1,195,926,439  eval bytes: 2,859,070
model: wskan11  params: 12,546  device: cuda
step     1  train 5.5465  eval 5.5247  pmax 18.9  (8s)
step  1000  train 2.0819  eval 2.0615  pmax 19.2  (16s)
step  2000  train 2.0290  eval 1.9811  pmax 19.5  (25s)
step  3000  train 1.9983  eval 1.9904  pmax 19.6  (34s)
step  4000  train 1.9634  eval 1.9836  pmax 19.6  (43s)
step  5000  train 1.9758  eval 1.9271  pmax 19.7  (52s)
step  6000  train 2.0089  eval 1.9899  pmax 19.7  (60s)
step  7000  train 1.9463  eval 1.9885  pmax 19.7  (70s)
step  8000  train 1.9531  eval 1.9929  pmax 19.7  (78s)
step  9000  train 1.9422  eval 1.9399  pmax 19.7  (87s)
step 10000  train 1.9438  eval 1.9314  pmax 21.9  (96s)
step 11000  train 1.9436  eval 1.9332  pmax 23.8  (104s)
step 12000  train 1.9455  eval 1.9520  pmax 25.4  (113s)
step 13000  train 1.9528  eval 1.9904  pmax 26.8  (122s)
step 14000  train 1.9970  eval 1.9480  pmax 27.7  (131s)
step 15000  train 1.8882  eval 1.8841  pmax 28.4  (139s)
step 16000  train 1.9385  eval 1.9571  pmax 28.9  (148s)
step 17000  train 1.9351  eval 1.9229  pmax 29.1  (157s)
step 18000  train 1.9059  eval 1.9958  pmax 29.1  (166s)
step 19000  train 1.9104  eval 1.9840  pmax 29.1  (174s)
step 20000  train 1.9152  eval 1.9384  pmax 29.1  (183s)
step 21000  train 1.9186  eval 1.9924  pmax 29.0  (192s)
step 22000  train 1.9271  eval 1.9323  pmax 28.9  (200s)
step 23000  train 1.9616  eval 1.9348  pmax 28.7  (209s)
step 24000  train 1.9251  eval 1.8860  pmax 28.6  (218s)
step 25000  train 1.9958  eval 1.9324  pmax 28.4  (227s)
  [checkpoint + sample saved at step 25000]
step 26000  train 1.9056  eval 1.9311  pmax 28.2  (237s)
step 27000  train 1.9038  eval 1.9444  pmax 27.9  (245s)
step 28000  train 1.8724  eval 1.9066  pmax 27.7  (254s)
step 29000  train 1.9567  eval 1.9404  pmax 27.6  (263s)
step 30000  train 1.9219  eval 1.9371  pmax 27.4  (272s)
step 31000  train 1.8880  eval 1.9072  pmax 27.2  (281s)
step 32000  train 1.9044  eval 1.8858  pmax 27.0  (289s)
step 33000  train 1.8964  eval 1.8265  pmax 26.9  (298s)
step 34000  train 1.8859  eval 1.9300  pmax 26.7  (307s)
step 35000  train 1.9095  eval 1.9471  pmax 26.6  (315s)
step 36000  train 1.9056  eval 1.8656  pmax 26.5  (324s)
step 37000  train 1.9579  eval 1.9468  pmax 26.4  (333s)
step 38000  train 1.8822  eval 1.8649  pmax 26.3  (341s)
step 39000  train 1.9407  eval 1.8607  pmax 26.2  (350s)
step 40000  train 1.9404  eval 1.8789  pmax 26.1  (358s)
step 41000  train 1.9256  eval 1.9171  pmax 26.1  (367s)
step 42000  train 1.9421  eval 1.9196  pmax 26.0  (376s)
step 43000  train 1.8859  eval 1.9440  pmax 26.0  (385s)
step 44000  train 1.8613  eval 1.9605  pmax 25.9  (394s)
step 45000  train 1.8908  eval 1.8559  pmax 25.9  (402s)
step 46000  train 1.8834  eval 1.9319  pmax 25.9  (411s)
step 47000  train 1.8949  eval 1.9313  pmax 25.8  (420s)
step 48000  train 1.8562  eval 1.8499  pmax 25.8  (429s)
step 49000  train 1.8617  eval 1.9462  pmax 25.8  (438s)
step 50000  train 1.8706  eval 1.9039  pmax 25.8  (446s)
  [checkpoint + sample saved at step 50000]
step 51000  train 1.8976  eval 1.8927  pmax 25.8  (456s)
step 52000  train 1.8972  eval 1.9112  pmax 25.8  (465s)
step 53000  train 1.8736  eval 1.8924  pmax 25.8  (474s)
step 54000  train 1.9035  eval 1.9262  pmax 25.8  (483s)
  [checkpoint + sample saved at step 54000]
done. artifacts in /home/luke/Wavelet-State-KAN/checkpoints/wskan11_ultrachat_10k_3ep_s31337
