/home/luke/Wavelet-State-KAN/experiments/V1_train_tinystories_lm.py:107: UserWarning: The given buffer is not writable, and PyTorch does not support non-writable tensors. This means you can write to the underlying (supposedly non-writable) buffer using the tensor. You may want to copy the buffer to protect its data or make it writable before converting it to a tensor. This type of warning will be suppressed for the rest of this program. (Triggered internally at /__w/pytorch/pytorch/torch/csrc/utils/tensor_new.cpp:1556.)
  train_ids = torch.frombuffer(train_text.encode("utf-8", errors="ignore"), dtype=torch.uint8)
train bytes: 1,905,061,325  eval bytes: 405,730
model: wskan11real  params: 985,956  device: cuda
step     1  train 5.5605  eval 5.4515  pmax 3.0  (19s)
step  1000  train 0.9880  eval 0.9628  pmax 3.1  (67s)
step  2000  train 0.9122  eval 0.8635  pmax 3.2  (115s)
step  3000  train 0.9050  eval 0.8303  pmax 3.3  (164s)
step  4000  train 0.8613  eval 0.7903  pmax 3.3  (212s)
step  5000  train 0.8381  eval 0.7756  pmax 3.4  (260s)
step  6000  train 0.8101  eval 0.7867  pmax 3.4  (308s)
step  7000  train 0.8125  eval 0.7656  pmax 3.5  (357s)
step  8000  train 0.8018  eval 0.7557  pmax 3.5  (405s)
step  9000  train 0.8052  eval 0.7178  pmax 3.6  (453s)
step 10000  train 0.7783  eval 0.7254  pmax 3.7  (501s)
  [checkpoint + sample saved at step 10000]
step 11000  train 0.7771  eval 0.7000  pmax 3.7  (554s)
step 12000  train 0.7507  eval 0.7203  pmax 3.7  (603s)
step 13000  train 0.8059  eval 0.7063  pmax 3.8  (651s)
step 14000  train 0.7874  eval 0.6518  pmax 3.8  (699s)
step 15000  train 0.7505  eval 0.7325  pmax 3.9  (747s)
step 16000  train 0.7471  eval 0.7220  pmax 3.9  (795s)
step 17000  train 0.7533  eval 0.7334  pmax 3.9  (844s)
step 18000  train 0.7401  eval 0.7052  pmax 3.9  (892s)
step 19000  train 0.7374  eval 0.7145  pmax 4.0  (940s)
step 20000  train 0.7142  eval 0.7115  pmax 4.0  (989s)
  [checkpoint + sample saved at step 20000]
step 21000  train 0.7350  eval 0.6866  pmax 4.0  (1041s)
step 22000  train 0.7229  eval 0.6736  pmax 4.1  (1089s)
step 23000  train 0.7427  eval 0.7124  pmax 4.1  (1138s)
step 24000  train 0.7296  eval 0.6591  pmax 4.1  (1186s)
step 25000  train 0.6972  eval 0.6440  pmax 4.1  (1234s)
step 26000  train 0.7319  eval 0.6817  pmax 4.1  (1283s)
step 27000  train 0.7423  eval 0.7015  pmax 4.2  (1331s)
step 28000  train 0.7110  eval 0.6947  pmax 4.2  (1379s)
step 29000  train 0.7380  eval 0.6454  pmax 4.2  (1427s)
step 30000  train 0.7393  eval 0.7083  pmax 4.2  (1476s)
  [checkpoint + sample saved at step 30000]
step 31000  train 0.6962  eval 0.6523  pmax 4.2  (1529s)
step 32000  train 0.7192  eval 0.6388  pmax 4.2  (1577s)
step 33000  train 0.7190  eval 0.6426  pmax 4.3  (1625s)
step 34000  train 0.6938  eval 0.6741  pmax 4.3  (1673s)
step 35000  train 0.6830  eval 0.6787  pmax 4.3  (1721s)
step 36000  train 0.7244  eval 0.6907  pmax 4.3  (1770s)
step 37000  train 0.7495  eval 0.6607  pmax 4.3  (1818s)
step 38000  train 0.7253  eval 0.6284  pmax 4.3  (1866s)
step 39000  train 0.6714  eval 0.6380  pmax 4.4  (1914s)
step 40000  train 0.7047  eval 0.6739  pmax 4.4  (1962s)
  [checkpoint + sample saved at step 40000]
step 41000  train 0.7037  eval 0.6576  pmax 4.4  (2015s)
step 42000  train 0.6973  eval 0.6447  pmax 4.4  (2063s)
step 43000  train 0.7243  eval 0.6568  pmax 4.4  (2111s)
step 44000  train 0.7114  eval 0.6817  pmax 4.4  (2160s)
step 45000  train 0.7220  eval 0.6441  pmax 4.4  (2208s)
step 46000  train 0.7054  eval 0.6135  pmax 4.4  (2256s)
step 47000  train 0.6937  eval 0.6801  pmax 4.4  (2305s)
step 48000  train 0.7028  eval 0.6329  pmax 4.5  (2353s)
step 49000  train 0.6784  eval 0.6766  pmax 4.5  (2402s)
step 50000  train 0.7283  eval 0.6575  pmax 4.5  (2450s)
  [checkpoint + sample saved at step 50000]
step 51000  train 0.6951  eval 0.6694  pmax 4.5  (2503s)
step 52000  train 0.7049  eval 0.6504  pmax 4.5  (2551s)
step 53000  train 0.7002  eval 0.6370  pmax 4.5  (2600s)
step 54000  train 0.6950  eval 0.6361  pmax 4.5  (2648s)
step 55000  train 0.6898  eval 0.6432  pmax 4.5  (2696s)
step 56000  train 0.6997  eval 0.6873  pmax 4.5  (2744s)
step 57000  train 0.6621  eval 0.6362  pmax 4.5  (2792s)
step 58000  train 0.7291  eval 0.6801  pmax 4.5  (2841s)
step 59000  train 0.6923  eval 0.6674  pmax 4.5  (2889s)
step 60000  train 0.6787  eval 0.6602  pmax 4.6  (2937s)
  [checkpoint + sample saved at step 60000]
step 61000  train 0.7411  eval 0.6215  pmax 4.6  (2990s)
step 62000  train 0.6866  eval 0.6609  pmax 4.6  (3038s)
step 63000  train 0.6922  eval 0.6234  pmax 4.6  (3086s)
step 64000  train 0.7091  eval 0.6564  pmax 4.6  (3135s)
step 65000  train 0.7035  eval 0.6375  pmax 4.6  (3183s)
step 66000  train 0.6780  eval 0.6433  pmax 4.6  (3231s)
step 67000  train 0.6763  eval 0.6526  pmax 4.6  (3279s)
step 68000  train 0.6948  eval 0.6430  pmax 4.6  (3327s)
step 69000  train 0.6821  eval 0.6241  pmax 4.6  (3376s)
step 70000  train 0.7063  eval 0.6510  pmax 4.6  (3424s)
  [checkpoint + sample saved at step 70000]
step 71000  train 0.6857  eval 0.6322  pmax 4.6  (3477s)
step 72000  train 0.6764  eval 0.6342  pmax 4.6  (3525s)
step 73000  train 0.7003  eval 0.6626  pmax 4.6  (3574s)
step 74000  train 0.6825  eval 0.6311  pmax 4.6  (3622s)
step 75000  train 0.6721  eval 0.6163  pmax 4.6  (3670s)
step 76000  train 0.6639  eval 0.6319  pmax 4.6  (3719s)
step 77000  train 0.6528  eval 0.6796  pmax 4.6  (3767s)
step 78000  train 0.6574  eval 0.6302  pmax 4.6  (3816s)
step 79000  train 0.6886  eval 0.6644  pmax 4.6  (3864s)
step 80000  train 0.6492  eval 0.6459  pmax 4.6  (3912s)
  [checkpoint + sample saved at step 80000]
step 81000  train 0.6509  eval 0.6295  pmax 4.6  (3965s)
step 82000  train 0.6946  eval 0.6225  pmax 4.6  (4013s)
step 83000  train 0.6706  eval 0.6228  pmax 4.6  (4061s)
step 84000  train 0.6668  eval 0.6228  pmax 4.6  (4109s)
step 85000  train 0.6588  eval 0.6220  pmax 4.6  (4158s)
step 86000  train 0.6839  eval 0.6280  pmax 4.6  (4206s)
step 87000  train 0.6425  eval 0.6236  pmax 4.6  (4255s)
step 88000  train 0.6652  eval 0.6469  pmax 4.6  (4303s)
step 89000  train 0.6739  eval 0.6683  pmax 4.6  (4351s)
step 90000  train 0.6755  eval 0.6570  pmax 4.6  (4400s)
  [checkpoint + sample saved at step 90000]
step 91000  train 0.6730  eval 0.5934  pmax 4.6  (4452s)
step 92000  train 0.6713  eval 0.6482  pmax 4.6  (4501s)
step 93000  train 0.6847  eval 0.6021  pmax 4.6  (4549s)
step 94000  train 0.6866  eval 0.6232  pmax 4.7  (4598s)
step 95000  train 0.6958  eval 0.6341  pmax 4.7  (4646s)
step 96000  train 0.6581  eval 0.5848  pmax 4.7  (4695s)
step 97000  train 0.6847  eval 0.6281  pmax 4.7  (4743s)
step 98000  train 0.6965  eval 0.6426  pmax 4.7  (4791s)
step 99000  train 0.6794  eval 0.6352  pmax 4.7  (4840s)
step 100000  train 0.7024  eval 0.6645  pmax 4.7  (4888s)
  [checkpoint + sample saved at step 100000]
done. artifacts in /home/luke/Wavelet-State-KAN/checkpoints/wskan11real_tinystories_1m_3ep_s7
