/home/luke/Wavelet-State-KAN/experiments/V1_train_tinystories_lm.py:107: UserWarning: The given buffer is not writable, and PyTorch does not support non-writable tensors. This means you can write to the underlying (supposedly non-writable) buffer using the tensor. You may want to copy the buffer to protect its data or make it writable before converting it to a tensor. This type of warning will be suppressed for the rest of this program. (Triggered internally at /__w/pytorch/pytorch/torch/csrc/utils/tensor_new.cpp:1556.)
  train_ids = torch.frombuffer(train_text.encode("utf-8", errors="ignore"), dtype=torch.uint8)
train bytes: 1,905,061,325  eval bytes: 405,730
model: wskan11  params: 113,612  device: cuda
step     1  train 5.5482  eval 5.4511  pmax 18.9  (10s)
step  1000  train 1.1120  eval 1.1166  pmax 19.0  (24s)
step  2000  train 1.0871  eval 1.0227  pmax 19.2  (39s)
step  3000  train 1.0280  eval 0.9856  pmax 19.4  (52s)
step  4000  train 1.0596  eval 0.9611  pmax 19.5  (66s)
step  5000  train 0.9832  eval 0.9581  pmax 19.3  (80s)
step  6000  train 0.9715  eval 0.9146  pmax 19.3  (94s)
step  7000  train 0.9421  eval 0.9124  pmax 19.4  (108s)
step  8000  train 0.9826  eval 0.9161  pmax 19.6  (122s)
step  9000  train 0.9532  eval 0.9023  pmax 19.8  (136s)
step 10000  train 0.9630  eval 0.9249  pmax 20.0  (150s)
step 11000  train 0.9603  eval 0.9025  pmax 20.2  (164s)
step 12000  train 0.9716  eval 0.9473  pmax 20.4  (178s)
step 13000  train 0.9551  eval 0.8835  pmax 20.6  (192s)
step 14000  train 0.9219  eval 0.9089  pmax 20.8  (206s)
step 15000  train 0.9473  eval 0.9138  pmax 21.1  (220s)
step 16000  train 0.9476  eval 0.9058  pmax 21.3  (234s)
step 17000  train 0.9335  eval 0.8982  pmax 21.4  (248s)
step 18000  train 0.9198  eval 0.8998  pmax 21.6  (261s)
step 19000  train 0.9556  eval 0.8786  pmax 21.7  (275s)
step 20000  train 0.9401  eval 0.9167  pmax 21.9  (289s)
step 21000  train 0.9659  eval 0.9035  pmax 22.0  (303s)
step 22000  train 0.9320  eval 0.8722  pmax 22.2  (317s)
step 23000  train 0.9340  eval 0.8739  pmax 22.3  (331s)
step 24000  train 0.9485  eval 0.8596  pmax 22.4  (345s)
step 25000  train 0.9451  eval 0.8742  pmax 22.5  (360s)
  [checkpoint + sample saved at step 25000]
step 26000  train 0.9328  eval 0.8939  pmax 22.7  (376s)
step 27000  train 0.9523  eval 0.8745  pmax 22.8  (389s)
step 28000  train 0.9594  eval 0.8726  pmax 22.9  (403s)
step 29000  train 0.9176  eval 0.8807  pmax 23.0  (417s)
step 30000  train 0.9454  eval 0.9035  pmax 23.0  (430s)
step 31000  train 0.9229  eval 0.8572  pmax 23.2  (444s)
step 32000  train 0.9359  eval 0.8586  pmax 23.2  (459s)
step 33000  train 0.9159  eval 0.8800  pmax 23.2  (473s)
step 34000  train 0.9496  eval 0.9087  pmax 23.3  (487s)
step 35000  train 0.8984  eval 0.8679  pmax 23.5  (501s)
step 36000  train 0.9587  eval 0.8718  pmax 23.6  (515s)
step 37000  train 0.9314  eval 0.8857  pmax 23.7  (529s)
step 38000  train 0.9091  eval 0.8798  pmax 23.8  (543s)
step 39000  train 0.9134  eval 0.8756  pmax 23.9  (557s)
step 40000  train 0.8977  eval 0.8773  pmax 24.0  (571s)
step 41000  train 0.9105  eval 0.8684  pmax 24.1  (585s)
step 42000  train 0.8926  eval 0.8596  pmax 24.1  (599s)
step 43000  train 0.9242  eval 0.8603  pmax 24.2  (613s)
step 44000  train 0.8841  eval 0.8389  pmax 24.3  (628s)
step 45000  train 0.9360  eval 0.8892  pmax 24.4  (642s)
step 46000  train 0.8968  eval 0.8581  pmax 24.5  (655s)
step 47000  train 0.9063  eval 0.8633  pmax 24.6  (670s)
step 48000  train 0.9171  eval 0.9079  pmax 24.7  (684s)
step 49000  train 0.9309  eval 0.8517  pmax 24.8  (698s)
step 50000  train 0.9188  eval 0.8594  pmax 24.9  (711s)
  [checkpoint + sample saved at step 50000]
step 51000  train 0.8939  eval 0.8540  pmax 24.9  (727s)
step 52000  train 0.9185  eval 0.9059  pmax 25.0  (741s)
step 53000  train 0.9138  eval 0.8231  pmax 25.2  (755s)
step 54000  train 0.8973  eval 0.8788  pmax 25.2  (769s)
step 55000  train 0.9385  eval 0.8511  pmax 25.3  (783s)
step 56000  train 0.8659  eval 0.8300  pmax 25.3  (797s)
step 57000  train 0.9386  eval 0.8830  pmax 25.4  (811s)
step 58000  train 0.8998  eval 0.8468  pmax 25.5  (824s)
step 59000  train 0.9384  eval 0.8586  pmax 25.5  (838s)
step 60000  train 0.9286  eval 0.8963  pmax 25.6  (851s)
step 61000  train 0.8835  eval 0.8408  pmax 25.7  (865s)
step 62000  train 0.9385  eval 0.8432  pmax 25.8  (879s)
step 63000  train 0.8936  eval 0.8672  pmax 25.9  (893s)
step 64000  train 0.9518  eval 0.8373  pmax 25.9  (907s)
step 65000  train 0.9184  eval 0.8762  pmax 26.0  (921s)
step 66000  train 0.8827  eval 0.8746  pmax 26.1  (935s)
step 67000  train 0.9126  eval 0.8318  pmax 26.1  (949s)
step 68000  train 0.8859  eval 0.8411  pmax 26.2  (963s)
step 69000  train 0.9097  eval 0.8454  pmax 26.2  (977s)
step 70000  train 0.9276  eval 0.8291  pmax 26.2  (991s)
step 71000  train 0.8825  eval 0.8728  pmax 26.3  (1005s)
step 72000  train 0.8837  eval 0.8425  pmax 26.3  (1019s)
step 73000  train 0.8979  eval 0.8596  pmax 26.4  (1032s)
step 74000  train 0.9218  eval 0.8558  pmax 26.4  (1046s)
step 75000  train 0.8761  eval 0.8587  pmax 26.6  (1060s)
  [checkpoint + sample saved at step 75000]
step 76000  train 0.8864  eval 0.8852  pmax 26.6  (1076s)
step 77000  train 0.9283  eval 0.8273  pmax 26.6  (1090s)
step 78000  train 0.8992  eval 0.8683  pmax 26.7  (1104s)
step 79000  train 0.9500  eval 0.8270  pmax 26.7  (1117s)
step 80000  train 0.9157  eval 0.8536  pmax 26.9  (1131s)
step 81000  train 0.8920  eval 0.8426  pmax 26.9  (1144s)
step 82000  train 0.9094  eval 0.8289  pmax 27.0  (1158s)
step 83000  train 0.8880  eval 0.8431  pmax 27.0  (1172s)
step 84000  train 0.8657  eval 0.8446  pmax 27.1  (1186s)
step 85000  train 0.8832  eval 0.7984  pmax 27.1  (1200s)
step 86000  train 0.9071  eval 0.8435  pmax 27.1  (1213s)
step 87000  train 0.9472  eval 0.8836  pmax 27.1  (1227s)
step 88000  train 0.8857  eval 0.8319  pmax 27.2  (1241s)
step 89000  train 0.9101  eval 0.8453  pmax 27.3  (1255s)
step 90000  train 0.9239  eval 0.8573  pmax 27.3  (1269s)
step 91000  train 0.8613  eval 0.8444  pmax 27.4  (1283s)
step 92000  train 0.9253  eval 0.8491  pmax 27.4  (1297s)
step 93000  train 0.9161  eval 0.8218  pmax 27.4  (1311s)
step 94000  train 0.9090  eval 0.8558  pmax 27.5  (1325s)
step 95000  train 0.8917  eval 0.8740  pmax 27.6  (1339s)
step 96000  train 0.8996  eval 0.8633  pmax 27.6  (1353s)
step 97000  train 0.8709  eval 0.8408  pmax 27.7  (1367s)
step 98000  train 0.8904  eval 0.8892  pmax 27.7  (1381s)
step 99000  train 0.8698  eval 0.8646  pmax 27.8  (1395s)
step 100000  train 0.9008  eval 0.8697  pmax 27.8  (1409s)
  [checkpoint + sample saved at step 100000]
step 101000  train 0.8896  eval 0.8748  pmax 27.9  (1425s)
step 102000  train 0.8814  eval 0.8385  pmax 27.9  (1439s)
step 103000  train 0.9245  eval 0.8479  pmax 27.9  (1453s)
step 104000  train 0.9080  eval 0.8645  pmax 27.9  (1467s)
step 105000  train 0.8838  eval 0.8632  pmax 28.0  (1481s)
step 106000  train 0.8905  eval 0.8286  pmax 28.1  (1495s)
step 107000  train 0.9331  eval 0.8462  pmax 28.1  (1509s)
step 108000  train 0.8828  eval 0.8496  pmax 28.1  (1523s)
step 109000  train 0.9037  eval 0.8467  pmax 28.2  (1537s)
step 110000  train 0.8758  eval 0.8272  pmax 28.2  (1551s)
step 111000  train 0.8842  eval 0.8401  pmax 28.2  (1565s)
step 112000  train 0.8708  eval 0.8457  pmax 28.3  (1579s)
step 113000  train 0.8762  eval 0.8255  pmax 28.4  (1593s)
step 114000  train 0.8967  eval 0.8360  pmax 28.4  (1607s)
step 115000  train 0.9032  eval 0.8076  pmax 28.4  (1621s)
step 116000  train 0.9242  eval 0.8402  pmax 28.5  (1635s)
step 117000  train 0.8853  eval 0.8580  pmax 28.6  (1649s)
step 118000  train 0.8901  eval 0.8097  pmax 28.5  (1663s)
step 119000  train 0.8760  eval 0.8458  pmax 28.6  (1677s)
step 120000  train 0.8936  eval 0.8455  pmax 28.6  (1691s)
step 121000  train 0.9066  eval 0.8539  pmax 28.7  (1705s)
step 122000  train 0.8694  eval 0.8432  pmax 28.7  (1718s)
step 123000  train 0.8956  eval 0.8276  pmax 28.7  (1732s)
step 124000  train 0.8908  eval 0.8363  pmax 28.7  (1746s)
step 125000  train 0.9310  eval 0.8329  pmax 28.8  (1760s)
  [checkpoint + sample saved at step 125000]
step 126000  train 0.8828  eval 0.8626  pmax 28.8  (1776s)
step 127000  train 0.8858  eval 0.8449  pmax 28.8  (1790s)
step 128000  train 0.8536  eval 0.8528  pmax 28.9  (1804s)
step 129000  train 0.8820  eval 0.8575  pmax 28.9  (1818s)
step 130000  train 0.8627  eval 0.8802  pmax 29.0  (1832s)
step 131000  train 0.8789  eval 0.8665  pmax 29.0  (1846s)
step 132000  train 0.8797  eval 0.8356  pmax 29.1  (1860s)
step 133000  train 0.8884  eval 0.8254  pmax 29.1  (1874s)
step 134000  train 0.8948  eval 0.8312  pmax 29.1  (1888s)
step 135000  train 0.8735  eval 0.8213  pmax 29.1  (1902s)
step 136000  train 0.8665  eval 0.8398  pmax 29.2  (1916s)
step 137000  train 0.8677  eval 0.8507  pmax 29.2  (1930s)
step 138000  train 0.9008  eval 0.8435  pmax 29.2  (1944s)
step 139000  train 0.8952  eval 0.8530  pmax 29.3  (1958s)
step 140000  train 0.8998  eval 0.8401  pmax 29.3  (1972s)
step 141000  train 0.9058  eval 0.7949  pmax 29.3  (1986s)
step 142000  train 0.8760  eval 0.8379  pmax 29.4  (2000s)
step 143000  train 0.8831  eval 0.8583  pmax 29.4  (2014s)
step 144000  train 0.8732  eval 0.8429  pmax 29.4  (2027s)
step 145000  train 0.8849  eval 0.8356  pmax 29.4  (2042s)
step 146000  train 0.8848  eval 0.8571  pmax 29.5  (2056s)
step 147000  train 0.8819  eval 0.8063  pmax 29.5  (2069s)
step 148000  train 0.9001  eval 0.8595  pmax 29.5  (2083s)
step 149000  train 0.8601  eval 0.8697  pmax 29.5  (2097s)
step 150000  train 0.8714  eval 0.8055  pmax 29.6  (2111s)
  [checkpoint + sample saved at step 150000]
step 151000  train 0.8860  eval 0.7976  pmax 29.6  (2127s)
step 152000  train 0.8800  eval 0.8116  pmax 29.6  (2140s)
step 153000  train 0.8623  eval 0.8029  pmax 29.7  (2154s)
step 154000  train 0.8889  eval 0.8218  pmax 29.7  (2168s)
step 155000  train 0.9306  eval 0.8316  pmax 29.7  (2182s)
step 156000  train 0.8946  eval 0.8242  pmax 29.7  (2196s)
step 157000  train 0.8675  eval 0.8409  pmax 29.7  (2209s)
step 158000  train 0.9017  eval 0.8074  pmax 29.8  (2223s)
step 159000  train 0.8774  eval 0.8453  pmax 29.8  (2237s)
step 160000  train 0.8951  eval 0.8226  pmax 29.8  (2251s)
step 161000  train 0.8461  eval 0.8198  pmax 29.9  (2265s)
step 162000  train 0.8556  eval 0.8362  pmax 29.9  (2279s)
step 163000  train 0.8513  eval 0.8476  pmax 29.9  (2293s)
step 164000  train 0.8706  eval 0.8041  pmax 29.9  (2307s)
step 165000  train 0.8875  eval 0.8096  pmax 30.0  (2321s)
step 166000  train 0.8927  eval 0.8445  pmax 30.0  (2335s)
step 167000  train 0.8338  eval 0.8697  pmax 30.0  (2350s)
step 168000  train 0.8565  eval 0.8158  pmax 30.0  (2364s)
step 169000  train 0.8891  eval 0.8466  pmax 30.0  (2378s)
step 170000  train 0.8727  eval 0.8447  pmax 30.1  (2392s)
step 171000  train 0.8993  eval 0.8160  pmax 30.1  (2406s)
step 172000  train 0.8949  eval 0.8343  pmax 30.1  (2420s)
step 173000  train 0.9023  eval 0.8596  pmax 30.1  (2434s)
step 174000  train 0.8706  eval 0.8011  pmax 30.1  (2448s)
step 175000  train 0.9148  eval 0.8346  pmax 30.1  (2462s)
  [checkpoint + sample saved at step 175000]
step 176000  train 0.8935  eval 0.8501  pmax 30.1  (2478s)
step 177000  train 0.8908  eval 0.8485  pmax 30.2  (2492s)
step 178000  train 0.9387  eval 0.8211  pmax 30.2  (2506s)
step 179000  train 0.8452  eval 0.8395  pmax 30.2  (2520s)
step 180000  train 0.8641  eval 0.8115  pmax 30.2  (2534s)
step 181000  train 0.8813  eval 0.8237  pmax 30.2  (2548s)
step 182000  train 0.9071  eval 0.8239  pmax 30.2  (2562s)
step 183000  train 0.8659  eval 0.8129  pmax 30.2  (2576s)
step 184000  train 0.8918  eval 0.8040  pmax 30.3  (2590s)
step 185000  train 0.8294  eval 0.8216  pmax 30.3  (2604s)
step 186000  train 0.8758  eval 0.8177  pmax 30.3  (2618s)
step 187000  train 0.8439  eval 0.8185  pmax 30.3  (2632s)
step 188000  train 0.8827  eval 0.8088  pmax 30.3  (2646s)
step 189000  train 0.8811  eval 0.8250  pmax 30.3  (2659s)
step 190000  train 0.8878  eval 0.8141  pmax 30.4  (2673s)
step 191000  train 0.8936  eval 0.8277  pmax 30.4  (2687s)
step 192000  train 0.8751  eval 0.8418  pmax 30.4  (2701s)
step 193000  train 0.8953  eval 0.8362  pmax 30.4  (2715s)
step 194000  train 0.8788  eval 0.8129  pmax 30.4  (2729s)
step 195000  train 0.8769  eval 0.8185  pmax 30.4  (2743s)
step 196000  train 0.8586  eval 0.8062  pmax 30.4  (2757s)
step 197000  train 0.8908  eval 0.8455  pmax 30.5  (2771s)
step 198000  train 0.8781  eval 0.8173  pmax 30.5  (2785s)
step 199000  train 0.8693  eval 0.8334  pmax 30.5  (2799s)
step 200000  train 0.8588  eval 0.8592  pmax 30.5  (2813s)
  [checkpoint + sample saved at step 200000]
step 201000  train 0.8749  eval 0.8088  pmax 30.5  (2829s)
step 202000  train 0.8819  eval 0.8341  pmax 30.6  (2843s)
step 203000  train 0.8697  eval 0.8270  pmax 30.6  (2857s)
step 204000  train 0.8817  eval 0.8281  pmax 30.6  (2871s)
step 205000  train 0.8530  eval 0.8428  pmax 30.6  (2884s)
step 206000  train 0.8598  eval 0.8191  pmax 30.6  (2898s)
step 207000  train 0.8802  eval 0.8158  pmax 30.6  (2912s)
step 208000  train 0.8995  eval 0.8194  pmax 30.6  (2926s)
step 209000  train 0.8715  eval 0.8544  pmax 30.6  (2940s)
step 210000  train 0.8401  eval 0.8548  pmax 30.7  (2954s)
step 211000  train 0.8952  eval 0.8254  pmax 30.7  (2968s)
step 212000  train 0.8994  eval 0.8131  pmax 30.7  (2982s)
step 213000  train 0.9041  eval 0.8139  pmax 30.7  (2996s)
step 214000  train 0.8878  eval 0.8270  pmax 30.7  (3010s)
step 215000  train 0.8923  eval 0.8301  pmax 30.7  (3024s)
step 216000  train 0.8745  eval 0.8100  pmax 30.7  (3038s)
step 217000  train 0.8558  eval 0.8121  pmax 30.7  (3052s)
step 218000  train 0.8773  eval 0.8363  pmax 30.7  (3066s)
step 219000  train 0.8646  eval 0.8372  pmax 30.7  (3080s)
step 220000  train 0.8990  eval 0.7886  pmax 30.7  (3094s)
step 221000  train 0.8741  eval 0.8534  pmax 30.8  (3108s)
step 222000  train 0.8615  eval 0.8321  pmax 30.8  (3122s)
step 223000  train 0.8621  eval 0.8452  pmax 30.8  (3136s)
step 224000  train 0.8502  eval 0.8357  pmax 30.8  (3150s)
step 225000  train 0.8666  eval 0.8537  pmax 30.8  (3164s)
  [checkpoint + sample saved at step 225000]
step 226000  train 0.8863  eval 0.8568  pmax 30.8  (3180s)
step 227000  train 0.8668  eval 0.8386  pmax 30.8  (3194s)
step 228000  train 0.8792  eval 0.8076  pmax 30.8  (3208s)
step 229000  train 0.8647  eval 0.8339  pmax 30.8  (3222s)
step 230000  train 0.8753  eval 0.8453  pmax 30.8  (3236s)
step 231000  train 0.8705  eval 0.8418  pmax 30.8  (3249s)
step 232000  train 0.9000  eval 0.8362  pmax 30.8  (3263s)
step 233000  train 0.8846  eval 0.8180  pmax 30.8  (3277s)
step 234000  train 0.8694  eval 0.7890  pmax 30.8  (3292s)
step 235000  train 0.8706  eval 0.8473  pmax 30.8  (3306s)
step 236000  train 0.8994  eval 0.8083  pmax 30.8  (3320s)
step 237000  train 0.8535  eval 0.8545  pmax 30.9  (3334s)
step 238000  train 0.8835  eval 0.7991  pmax 30.9  (3348s)
step 239000  train 0.8458  eval 0.8177  pmax 30.9  (3362s)
step 240000  train 0.8613  eval 0.8230  pmax 30.9  (3376s)
step 241000  train 0.8642  eval 0.8499  pmax 30.9  (3390s)
step 242000  train 0.8572  eval 0.8571  pmax 30.9  (3404s)
step 243000  train 0.8739  eval 0.8524  pmax 30.9  (3418s)
step 244000  train 0.8725  eval 0.8220  pmax 30.9  (3431s)
step 245000  train 0.8403  eval 0.8705  pmax 30.9  (3445s)
step 246000  train 0.8731  eval 0.8606  pmax 30.9  (3459s)
step 247000  train 0.8772  eval 0.8112  pmax 30.9  (3473s)
step 248000  train 0.8869  eval 0.8138  pmax 30.9  (3487s)
step 249000  train 0.8773  eval 0.8207  pmax 30.9  (3501s)
step 250000  train 0.8617  eval 0.8211  pmax 30.9  (3516s)
  [checkpoint + sample saved at step 250000]
step 251000  train 0.8734  eval 0.8190  pmax 30.9  (3532s)
step 252000  train 0.8840  eval 0.8008  pmax 30.9  (3546s)
step 253000  train 0.8576  eval 0.7967  pmax 30.9  (3560s)
step 254000  train 0.8970  eval 0.8109  pmax 30.9  (3574s)
step 255000  train 0.8547  eval 0.8287  pmax 30.9  (3588s)
step 256000  train 0.8673  eval 0.7945  pmax 30.9  (3602s)
step 257000  train 0.8781  eval 0.8317  pmax 30.9  (3616s)
step 258000  train 0.8597  eval 0.8124  pmax 30.9  (3630s)
step 259000  train 0.8402  eval 0.7988  pmax 31.0  (3644s)
step 260000  train 0.8825  eval 0.8215  pmax 31.0  (3658s)
step 261000  train 0.8766  eval 0.7988  pmax 31.0  (3672s)
step 262000  train 0.8832  eval 0.8514  pmax 31.0  (3686s)
step 263000  train 0.8613  eval 0.7994  pmax 31.0  (3700s)
step 264000  train 0.8565  eval 0.8288  pmax 31.0  (3714s)
step 265000  train 0.8562  eval 0.8108  pmax 31.0  (3728s)
step 266000  train 0.8615  eval 0.8239  pmax 31.0  (3742s)
step 267000  train 0.8857  eval 0.8388  pmax 31.0  (3756s)
step 268000  train 0.8635  eval 0.8436  pmax 31.0  (3770s)
step 269000  train 0.8481  eval 0.8407  pmax 31.0  (3784s)
step 270000  train 0.8694  eval 0.8120  pmax 31.0  (3798s)
step 271000  train 0.8396  eval 0.7881  pmax 31.0  (3812s)
step 272000  train 0.9108  eval 0.8067  pmax 31.0  (3825s)
step 273000  train 0.8470  eval 0.8202  pmax 31.0  (3839s)
step 274000  train 0.8800  eval 0.8287  pmax 31.0  (3854s)
step 275000  train 0.8622  eval 0.8344  pmax 31.0  (3867s)
  [checkpoint + sample saved at step 275000]
step 276000  train 0.8447  eval 0.8216  pmax 31.0  (3883s)
step 277000  train 0.8700  eval 0.8366  pmax 31.0  (3897s)
step 278000  train 0.8630  eval 0.8060  pmax 31.0  (3911s)
step 279000  train 0.8742  eval 0.7961  pmax 31.0  (3925s)
step 280000  train 0.8616  eval 0.8362  pmax 31.0  (3939s)
step 281000  train 0.8768  eval 0.8252  pmax 31.0  (3954s)
step 282000  train 0.8986  eval 0.8129  pmax 31.0  (3968s)
step 283000  train 0.8850  eval 0.8158  pmax 31.0  (3982s)
step 284000  train 0.8583  eval 0.8287  pmax 31.0  (3996s)
step 285000  train 0.8503  eval 0.8222  pmax 31.0  (4010s)
step 286000  train 0.8757  eval 0.8227  pmax 31.0  (4024s)
step 287000  train 0.8756  eval 0.8183  pmax 31.0  (4038s)
step 288000  train 0.8750  eval 0.7777  pmax 31.0  (4052s)
step 289000  train 0.8479  eval 0.8510  pmax 31.0  (4066s)
step 290000  train 0.8561  eval 0.8151  pmax 31.0  (4080s)
step 291000  train 0.8584  eval 0.8484  pmax 31.0  (4094s)
step 292000  train 0.8487  eval 0.8256  pmax 31.0  (4108s)
step 293000  train 0.8476  eval 0.8399  pmax 31.0  (4122s)
step 294000  train 0.8639  eval 0.8320  pmax 31.0  (4136s)
step 295000  train 0.8818  eval 0.8377  pmax 31.0  (4150s)
step 296000  train 0.9024  eval 0.8293  pmax 31.0  (4163s)
step 297000  train 0.8625  eval 0.8174  pmax 31.0  (4177s)
step 298000  train 0.8722  eval 0.8435  pmax 31.0  (4191s)
step 299000  train 0.8783  eval 0.8162  pmax 31.0  (4206s)
step 300000  train 0.8299  eval 0.8452  pmax 31.0  (4220s)
  [checkpoint + sample saved at step 300000]
done. artifacts in /home/luke/Wavelet-State-KAN/checkpoints/wskan11_tinystories_100k_3ep_s2024
