train bytes: 180,263,596  eval bytes: 2,859,070
model: wskan3real  params: 101,856  device: cuda
W0912 01:35:57.231000 3433204 .venv/lib/python3.12/site-packages/torch/_inductor/utils.py:1806] [0/0] Not enough SMs to use max_autotune_gemm mode
step     1  train 5.5492  eval 5.5121  pmax 3.0  (640s)
step  2500  train 1.5997  eval 1.5781  pmax 3.0  (936s)
step  5000  train 1.5497  eval 1.4767  pmax 2.9  (1143s)
step  7500  train 1.4294  eval 1.5062  pmax 2.9  (1352s)
step 10000  train 1.3988  eval 1.4358  pmax 2.9  (1558s)
step 12500  train 1.4528  eval 1.4016  pmax 3.0  (1769s)
step 15000  train 1.4371  eval 1.3827  pmax 3.0  (1975s)
step 17500  train 1.4227  eval 1.3322  pmax 3.0  (2184s)
step 20000  train 1.3948  eval 1.3633  pmax 3.1  (2392s)
step 22500  train 1.4038  eval 1.4931  pmax 3.2  (2599s)
step 25000  train 1.3749  eval 1.3613  pmax 3.3  (2809s)
step 27500  train 1.3383  eval 1.3764  pmax 3.3  (3017s)
step 30000  train 1.4007  eval 1.3830  pmax 3.4  (3226s)
step 32500  train 1.3204  eval 1.3891  pmax 3.5  (3434s)
step 35000  train 1.3190  eval 1.4384  pmax 3.5  (3644s)
step 37500  train 1.3464  eval 1.4005  pmax 3.5  (3852s)
step 40000  train 1.3540  eval 1.3549  pmax 3.6  (4057s)
step 42500  train 1.2668  eval 1.3534  pmax 3.6  (4263s)
step 45000  train 1.4005  eval 1.3564  pmax 3.7  (4469s)
step 47500  train 1.3941  eval 1.3475  pmax 3.7  (4675s)
step 50000  train 1.4085  eval 1.4245  pmax 3.7  (4879s)
  [checkpoint + sample saved at step 50000]
step 52500  train 1.3153  eval 1.4076  pmax 3.8  (5093s)
step 55000  train 1.3786  eval 1.3696  pmax 3.8  (5298s)
step 57500  train 1.4669  eval 1.3211  pmax 3.8  (5501s)
step 60000  train 1.3316  eval 1.4228  pmax 3.9  (5705s)
step 62500  train 1.3557  eval 1.3511  pmax 3.9  (5910s)
step 65000  train 1.3030  eval 1.4294  pmax 3.9  (6116s)
step 67500  train 1.3836  eval 1.2793  pmax 3.9  (6320s)
step 70000  train 1.3390  eval 1.3027  pmax 3.9  (6525s)
step 72500  train 1.2894  eval 1.3227  pmax 4.0  (6730s)
step 75000  train 1.4080  eval 1.3329  pmax 4.0  (6934s)
step 77500  train 1.2706  eval 1.3109  pmax 4.0  (7140s)
step 80000  train 1.4118  eval 1.3010  pmax 4.0  (7348s)
step 82500  train 1.2947  eval 1.2363  pmax 4.0  (7552s)
step 85000  train 1.3278  eval 1.3169  pmax 4.0  (7763s)
step 87500  train 1.3149  eval 1.2762  pmax 4.0  (7974s)
step 90000  train 1.3933  eval 1.3777  pmax 4.0  (8179s)
step 92500  train 1.2911  eval 1.3555  pmax 4.0  (8383s)
step 95000  train 1.3398  eval 1.2261  pmax 4.0  (8588s)
step 97500  train 1.3290  eval 1.3708  pmax 4.0  (8793s)
step 100000  train 1.2847  eval 1.3204  pmax 4.0  (8996s)
  [checkpoint + sample saved at step 100000]
done. artifacts in /home/luke/Wavelet-State-KAN/checkpoints/wskan3real_ultrachat_interp_s2024
