/home/luke/Wavelet-State-KAN/experiments/V1_train_tinystories_lm.py:107: UserWarning: The given buffer is not writable, and PyTorch does not support non-writable tensors. This means you can write to the underlying (supposedly non-writable) buffer using the tensor. You may want to copy the buffer to protect its data or make it writable before converting it to a tensor. This type of warning will be suppressed for the rest of this program. (Triggered internally at /__w/pytorch/pytorch/torch/csrc/utils/tensor_new.cpp:1556.)
  train_ids = torch.frombuffer(train_text.encode("utf-8", errors="ignore"), dtype=torch.uint8)
train bytes: 542,898,247  eval bytes: 130,357
model: wskan11real  params: 10,153,996  device: cuda
W0919 01:04:34.389000 1989579 .venv/lib/python3.12/site-packages/torch/_inductor/utils.py:1806] [0/0] Not enough SMs to use max_autotune_gemm mode
step     1  train 5.5839  eval 4.5141  pmax 3.0  (27s)
step  1000  train 1.3396  eval 1.3272  pmax 3.1  (203s)
step  2000  train 1.2887  eval 1.2427  pmax 3.1  (378s)
step  3000  train 1.2391  eval 1.2447  pmax 3.2  (554s)
step  4000  train 1.1976  eval 1.2457  pmax 3.2  (730s)
step  5000  train 1.1499  eval 1.1814  pmax 3.2  (905s)
  [checkpoint + sample saved at step 5000]
step  6000  train 1.2069  eval 1.1942  pmax 3.2  (1083s)
step  7000  train 1.1614  eval 1.1642  pmax 3.2  (1259s)
step  8000  train 1.1685  eval 1.1563  pmax 3.2  (1435s)
step  9000  train 1.2072  eval 1.1500  pmax 3.3  (1611s)
step 10000  train 1.1705  eval 1.2026  pmax 3.3  (1786s)
  [checkpoint + sample saved at step 10000]
step 11000  train 1.1474  eval 1.1677  pmax 3.3  (1964s)
step 12000  train 1.1674  eval 1.1426  pmax 3.3  (2140s)
step 13000  train 1.1526  eval 1.1067  pmax 3.3  (2315s)
step 14000  train 1.1041  eval 1.1296  pmax 3.3  (2491s)
step 15000  train 1.1259  eval 1.1562  pmax 3.3  (2667s)
  [checkpoint + sample saved at step 15000]
step 16000  train 1.1043  eval 1.1364  pmax 3.3  (2844s)
step 17000  train 1.0972  eval 1.1181  pmax 3.3  (3020s)
step 18000  train 1.0866  eval 1.1216  pmax 3.3  (3196s)
step 19000  train 1.0850  eval 1.1138  pmax 3.3  (3371s)
step 20000  train 1.1096  eval 1.0836  pmax 3.3  (3547s)
  [checkpoint + sample saved at step 20000]
step 21000  train 1.0811  eval 1.0930  pmax 3.3  (3724s)
step 22000  train 1.1272  eval 1.1100  pmax 3.3  (3900s)
step 23000  train 1.0868  eval 1.1012  pmax 3.3  (4076s)
step 24000  train 1.1061  eval 1.0989  pmax 3.3  (4252s)
step 25000  train 1.1155  eval 1.1024  pmax 3.3  (4427s)
  [checkpoint + sample saved at step 25000]
step 26000  train 1.0839  eval 1.1547  pmax 3.3  (4605s)
step 27000  train 1.0837  eval 1.0803  pmax 3.3  (4780s)
step 28000  train 1.0653  eval 1.0636  pmax 3.3  (4956s)
step 29000  train 1.0806  eval 1.0820  pmax 3.3  (5132s)
step 30000  train 1.0782  eval 1.0668  pmax 3.3  (5307s)
  [checkpoint + sample saved at step 30000]
step 31000  train 1.1011  eval 1.1276  pmax 3.3  (5485s)
step 32000  train 1.0632  eval 1.0898  pmax 3.3  (5660s)
step 33000  train 1.1047  eval 1.0444  pmax 3.3  (5836s)
  [checkpoint + sample saved at step 33000]
done. artifacts in /home/luke/Wavelet-State-KAN/checkpoints/wskan11real_wikitext_10m_3ep_s42
