/home/luke/Wavelet-State-KAN/experiments/V1_train_tinystories_lm.py:107: UserWarning: The given buffer is not writable, and PyTorch does not support non-writable tensors. This means you can write to the underlying (supposedly non-writable) buffer using the tensor. You may want to copy the buffer to protect its data or make it writable before converting it to a tensor. This type of warning will be suppressed for the rest of this program. (Triggered internally at /__w/pytorch/pytorch/torch/csrc/utils/tensor_new.cpp:1556.)
  train_ids = torch.frombuffer(train_text.encode("utf-8", errors="ignore"), dtype=torch.uint8)
train bytes: 1,905,061,325  eval bytes: 405,730
model: wskan11  params: 3,610  device: cuda
step     1  train 5.5482  eval 5.5409  pmax 18.9  (8s)
step  1000  train 2.3491  eval 2.3437  pmax 18.8  (17s)
step  2000  train 2.3094  eval 2.3018  pmax 19.1  (26s)
step  3000  train 2.2890  eval 2.2858  pmax 19.2  (35s)
step  4000  train 2.2419  eval 2.2621  pmax 19.3  (44s)
step  5000  train 2.2594  eval 2.2520  pmax 19.4  (52s)
step  6000  train 2.2128  eval 2.2503  pmax 19.4  (61s)
step  7000  train 2.2280  eval 2.1937  pmax 19.4  (70s)
step  8000  train 2.2268  eval 2.2194  pmax 19.4  (79s)
step  9000  train 2.1939  eval 2.2069  pmax 19.4  (88s)
step 10000  train 2.1732  eval 2.1730  pmax 19.4  (97s)
step 11000  train 2.1856  eval 2.1925  pmax 19.4  (106s)
step 12000  train 2.1778  eval 2.1897  pmax 19.4  (115s)
step 13000  train 2.1968  eval 2.1717  pmax 19.4  (124s)
step 14000  train 2.1956  eval 2.1573  pmax 19.4  (133s)
step 15000  train 2.1638  eval 2.1662  pmax 19.4  (142s)
step 16000  train 2.1786  eval 2.1687  pmax 19.5  (151s)
step 17000  train 2.2034  eval 2.1689  pmax 19.5  (160s)
step 18000  train 2.1490  eval 2.1769  pmax 19.5  (169s)
step 19000  train 2.1729  eval 2.1844  pmax 19.6  (178s)
step 20000  train 2.1736  eval 2.1607  pmax 19.6  (187s)
step 21000  train 2.1600  eval 2.1610  pmax 19.6  (196s)
step 22000  train 2.1829  eval 2.1619  pmax 19.6  (205s)
step 23000  train 2.1591  eval 2.1603  pmax 19.6  (214s)
step 24000  train 2.1717  eval 2.1543  pmax 19.6  (223s)
step 25000  train 2.1545  eval 2.1724  pmax 19.6  (232s)
  [checkpoint + sample saved at step 25000]
step 26000  train 2.1601  eval 2.1722  pmax 19.6  (242s)
step 27000  train 2.1539  eval 2.1373  pmax 19.6  (251s)
step 28000  train 2.1793  eval 2.1546  pmax 19.6  (260s)
step 29000  train 2.1776  eval 2.1593  pmax 19.6  (269s)
step 30000  train 2.1456  eval 2.1696  pmax 19.6  (278s)
  [checkpoint + sample saved at step 30000]
done. artifacts in /home/luke/Wavelet-State-KAN/checkpoints/wskan11_tinystories_1k_3ep_s123
