/home/luke/Wavelet-State-KAN/experiments/V1_train_tinystories_lm.py:107: UserWarning: The given buffer is not writable, and PyTorch does not support non-writable tensors. This means you can write to the underlying (supposedly non-writable) buffer using the tensor. You may want to copy the buffer to protect its data or make it writable before converting it to a tensor. This type of warning will be suppressed for the rest of this program. (Triggered internally at /__w/pytorch/pytorch/torch/csrc/utils/tensor_new.cpp:1556.)
  train_ids = torch.frombuffer(train_text.encode("utf-8", errors="ignore"), dtype=torch.uint8)
train bytes: 1,905,061,325  eval bytes: 405,730
model: wskan11  params: 12,546  device: cuda
step     1  train 5.5464  eval 5.5299  pmax 18.9  (8s)
step  1000  train 1.6754  eval 1.6916  pmax 19.1  (17s)
step  2000  train 1.6151  eval 1.5665  pmax 19.0  (26s)
step  3000  train 1.6221  eval 1.5548  pmax 19.1  (35s)
step  4000  train 1.5922  eval 1.5352  pmax 19.2  (44s)
step  5000  train 1.5739  eval 1.5467  pmax 19.2  (54s)
step  6000  train 1.5794  eval 1.5381  pmax 19.2  (63s)
step  7000  train 1.5568  eval 1.5076  pmax 19.3  (72s)
step  8000  train 1.5552  eval 1.5215  pmax 19.2  (81s)
step  9000  train 1.5661  eval 1.4831  pmax 19.2  (90s)
step 10000  train 1.5454  eval 1.5187  pmax 19.2  (100s)
step 11000  train 1.5443  eval 1.5027  pmax 19.2  (109s)
step 12000  train 1.5252  eval 1.5261  pmax 19.3  (118s)
step 13000  train 1.5294  eval 1.4916  pmax 19.3  (127s)
step 14000  train 1.5417  eval 1.4927  pmax 19.3  (137s)
step 15000  train 1.5380  eval 1.5146  pmax 19.3  (146s)
step 16000  train 1.5167  eval 1.4961  pmax 19.4  (155s)
step 17000  train 1.5185  eval 1.4692  pmax 19.5  (164s)
step 18000  train 1.5214  eval 1.4469  pmax 19.5  (173s)
step 19000  train 1.5239  eval 1.4647  pmax 19.6  (182s)
step 20000  train 1.5061  eval 1.5082  pmax 19.6  (191s)
step 21000  train 1.5029  eval 1.4645  pmax 19.7  (201s)
step 22000  train 1.5044  eval 1.4977  pmax 19.7  (210s)
step 23000  train 1.5054  eval 1.5039  pmax 19.7  (219s)
step 24000  train 1.5106  eval 1.4839  pmax 19.7  (228s)
step 25000  train 1.4798  eval 1.5084  pmax 19.7  (237s)
  [checkpoint + sample saved at step 25000]
step 26000  train 1.5138  eval 1.5064  pmax 19.8  (248s)
step 27000  train 1.5010  eval 1.4564  pmax 19.8  (257s)
step 28000  train 1.4988  eval 1.4881  pmax 19.8  (267s)
step 29000  train 1.5321  eval 1.5139  pmax 19.8  (276s)
step 30000  train 1.5017  eval 1.4781  pmax 19.8  (285s)
step 31000  train 1.4994  eval 1.5190  pmax 19.8  (294s)
step 32000  train 1.5211  eval 1.4764  pmax 19.8  (304s)
step 33000  train 1.5020  eval 1.4529  pmax 19.9  (313s)
step 34000  train 1.5538  eval 1.4504  pmax 19.9  (323s)
step 35000  train 1.5006  eval 1.4745  pmax 19.9  (332s)
step 36000  train 1.5045  eval 1.4782  pmax 19.9  (341s)
step 37000  train 1.5195  eval 1.4441  pmax 20.0  (351s)
step 38000  train 1.4955  eval 1.4638  pmax 19.9  (360s)
step 39000  train 1.5196  eval 1.4386  pmax 20.0  (369s)
step 40000  train 1.5096  eval 1.4716  pmax 20.0  (378s)
step 41000  train 1.4817  eval 1.4732  pmax 20.0  (387s)
step 42000  train 1.5040  eval 1.4794  pmax 20.0  (396s)
step 43000  train 1.5169  eval 1.4401  pmax 20.0  (405s)
step 44000  train 1.5143  eval 1.4785  pmax 20.0  (415s)
step 45000  train 1.5307  eval 1.4186  pmax 20.0  (424s)
step 46000  train 1.5050  eval 1.4544  pmax 20.0  (434s)
step 47000  train 1.5194  eval 1.4511  pmax 20.0  (443s)
step 48000  train 1.4740  eval 1.5018  pmax 20.0  (452s)
step 49000  train 1.4747  eval 1.4454  pmax 20.1  (461s)
step 50000  train 1.4660  eval 1.4549  pmax 20.1  (470s)
  [checkpoint + sample saved at step 50000]
step 51000  train 1.4714  eval 1.4311  pmax 20.1  (480s)
step 52000  train 1.5104  eval 1.4410  pmax 20.1  (489s)
step 53000  train 1.5092  eval 1.4280  pmax 20.1  (498s)
step 54000  train 1.5280  eval 1.4734  pmax 20.1  (508s)
step 55000  train 1.5248  eval 1.4202  pmax 20.1  (517s)
step 56000  train 1.4965  eval 1.4047  pmax 20.1  (526s)
step 57000  train 1.4916  eval 1.4375  pmax 20.1  (535s)
step 58000  train 1.4893  eval 1.4360  pmax 20.1  (545s)
step 59000  train 1.5133  eval 1.4611  pmax 20.1  (554s)
step 60000  train 1.5139  eval 1.4356  pmax 20.1  (563s)
  [checkpoint + sample saved at step 60000]
done. artifacts in /home/luke/Wavelet-State-KAN/checkpoints/wskan11_tinystories_10k_3ep_s7
