/home/luke/Wavelet-State-KAN/experiments/V1_train_tinystories_lm.py:107: UserWarning: The given buffer is not writable, and PyTorch does not support non-writable tensors. This means you can write to the underlying (supposedly non-writable) buffer using the tensor. You may want to copy the buffer to protect its data or make it writable before converting it to a tensor. This type of warning will be suppressed for the rest of this program. (Triggered internally at /__w/pytorch/pytorch/torch/csrc/utils/tensor_new.cpp:1556.)
  train_ids = torch.frombuffer(train_text.encode("utf-8", errors="ignore"), dtype=torch.uint8)
train bytes: 1,905,061,325  eval bytes: 405,730
model: wskan7bcreal  params: 985,956  device: cuda
step     1  train 5.5730  eval 5.4694  pmax 3.0  (6s)
step  1000  train 0.9492  eval 0.9370  pmax 3.1  (707s)
step  2000  train 0.8871  eval 0.8733  pmax 3.3  (1411s)
step  3000  train 0.8708  eval 0.8106  pmax 3.4  (2117s)
step  4000  train 0.8573  eval 0.7815  pmax 3.4  (2830s)
step  5000  train 0.8190  eval 0.7700  pmax 3.5  (3532s)
step  6000  train 0.8177  eval 0.7915  pmax 3.5  (4229s)
step  7000  train 0.8233  eval 0.7399  pmax 3.5  (4935s)
step  8000  train 0.8119  eval 0.7832  pmax 3.6  (5631s)
step  9000  train 0.7677  eval 0.7228  pmax 3.6  (6327s)
step 10000  train 0.7469  eval 0.6855  pmax 3.6  (7021s)
  [checkpoint + sample saved at step 10000]
step 11000  train 0.7616  eval 0.7234  pmax 3.6  (7741s)
step 12000  train 0.7532  eval 0.6938  pmax 3.6  (8435s)
step 13000  train 0.7625  eval 0.7598  pmax 3.6  (9136s)
step 14000  train 0.7740  eval 0.7280  pmax 3.7  (9834s)
step 15000  train 0.7385  eval 0.7328  pmax 3.7  (10537s)
step 16000  train 0.7579  eval 0.6994  pmax 3.7  (11234s)
step 17000  train 0.7768  eval 0.7276  pmax 3.7  (11936s)
step 18000  train 0.7405  eval 0.7108  pmax 3.7  (12645s)
step 19000  train 0.7358  eval 0.6868  pmax 3.7  (13347s)
step 20000  train 0.7467  eval 0.6869  pmax 3.8  (14045s)
  [checkpoint + sample saved at step 20000]
step 21000  train 0.7190  eval 0.6943  pmax 3.8  (14772s)
step 22000  train 0.7614  eval 0.6753  pmax 3.8  (15469s)
step 23000  train 0.7234  eval 0.7132  pmax 3.8  (16173s)
step 24000  train 0.7490  eval 0.6902  pmax 3.9  (16873s)
step 25000  train 0.7109  eval 0.6792  pmax 3.9  (17567s)
step 26000  train 0.7410  eval 0.6816  pmax 3.9  (18277s)
step 27000  train 0.7232  eval 0.6741  pmax 3.9  (18974s)
step 28000  train 0.7377  eval 0.6505  pmax 3.9  (19673s)
step 29000  train 0.7226  eval 0.6721  pmax 4.0  (20371s)
step 30000  train 0.7197  eval 0.6856  pmax 4.0  (21099s)
  [checkpoint + sample saved at step 30000]
