/home/luke/Wavelet-State-KAN/experiments/V1_train_tinystories_lm.py:107: UserWarning: The given buffer is not writable, and PyTorch does not support non-writable tensors. This means you can write to the underlying (supposedly non-writable) buffer using the tensor. You may want to copy the buffer to protect its data or make it writable before converting it to a tensor. This type of warning will be suppressed for the rest of this program. (Triggered internally at /__w/pytorch/pytorch/torch/csrc/utils/tensor_new.cpp:1556.)
  train_ids = torch.frombuffer(train_text.encode("utf-8", errors="ignore"), dtype=torch.uint8)
train bytes: 1,195,926,439  eval bytes: 2,859,070
model: wskan11  params: 985,956  device: cuda
W0919 05:58:39.636000 2424245 .venv/lib/python3.12/site-packages/torch/_inductor/utils.py:1806] [0/0] Not enough SMs to use max_autotune_gemm mode
step     1  train 5.5598  eval 5.4671  pmax 18.9  (73s)
step  1000  train 1.3421  eval 1.3232  pmax 19.0  (207s)
step  2000  train 1.2366  eval 1.2081  pmax 19.0  (341s)
step  3000  train 1.1996  eval 1.1877  pmax 19.1  (476s)
step  4000  train 1.0863  eval 1.1134  pmax 19.1  (610s)
step  5000  train 1.1526  eval 1.1552  pmax 19.3  (744s)
step  6000  train 1.1025  eval 1.1061  pmax 19.4  (878s)
step  7000  train 1.0720  eval 1.1373  pmax 19.5  (1012s)
step  8000  train 1.0439  eval 1.0883  pmax 19.5  (1146s)
step  9000  train 1.0743  eval 1.0949  pmax 19.6  (1280s)
step 10000  train 1.1037  eval 1.0448  pmax 19.7  (1415s)
  [checkpoint + sample saved at step 10000]
step 11000  train 1.0262  eval 1.0569  pmax 19.7  (1553s)
step 12000  train 1.0612  eval 1.0286  pmax 19.8  (1688s)
step 13000  train 1.0509  eval 1.0593  pmax 19.8  (1822s)
step 14000  train 1.0470  eval 1.0809  pmax 19.9  (1956s)
step 15000  train 1.0113  eval 1.0370  pmax 20.1  (2090s)
step 16000  train 1.0496  eval 1.0199  pmax 20.2  (2224s)
step 17000  train 1.0231  eval 1.0261  pmax 20.3  (2358s)
step 18000  train 1.0440  eval 1.0846  pmax 20.3  (2492s)
step 19000  train 0.9860  eval 1.0282  pmax 20.4  (2627s)
step 20000  train 1.0053  eval 0.9993  pmax 20.4  (2761s)
  [checkpoint + sample saved at step 20000]
step 21000  train 1.0751  eval 1.0690  pmax 20.5  (2900s)
step 22000  train 1.0415  eval 1.0476  pmax 20.5  (3034s)
step 23000  train 0.9695  eval 1.0368  pmax 20.5  (3168s)
step 24000  train 1.0149  eval 1.0026  pmax 20.6  (3302s)
step 25000  train 1.0080  eval 1.0179  pmax 20.6  (3436s)
step 26000  train 0.9706  eval 0.9676  pmax 20.6  (3570s)
step 27000  train 1.0054  eval 1.0369  pmax 20.6  (3705s)
step 28000  train 1.0386  eval 1.0320  pmax 20.6  (3839s)
step 29000  train 1.0147  eval 0.9877  pmax 20.6  (3973s)
step 30000  train 1.0373  eval 0.9966  pmax 20.6  (4107s)
  [checkpoint + sample saved at step 30000]
step 31000  train 1.0062  eval 0.9520  pmax 20.6  (4246s)
step 32000  train 1.0456  eval 1.0267  pmax 20.6  (4380s)
step 33000  train 0.9427  eval 0.9858  pmax 20.6  (4514s)
step 34000  train 0.9561  eval 1.0190  pmax 20.6  (4648s)
step 35000  train 1.0271  eval 0.9749  pmax 20.6  (4782s)
step 36000  train 1.0305  eval 1.0258  pmax 20.6  (4917s)
step 37000  train 1.0375  eval 1.0005  pmax 20.6  (5051s)
step 38000  train 0.9795  eval 0.9842  pmax 20.6  (5185s)
step 39000  train 1.0415  eval 1.0010  pmax 20.6  (5319s)
step 40000  train 0.9319  eval 0.9222  pmax 20.6  (5453s)
  [checkpoint + sample saved at step 40000]
step 41000  train 0.9923  eval 1.0006  pmax 20.6  (5592s)
step 42000  train 0.9901  eval 0.9955  pmax 20.6  (5726s)
step 43000  train 1.0389  eval 0.9587  pmax 20.6  (5860s)
step 44000  train 0.9635  eval 0.9397  pmax 20.6  (5994s)
step 45000  train 0.9638  eval 0.9879  pmax 20.6  (6129s)
step 46000  train 0.9905  eval 0.9702  pmax 20.6  (6263s)
step 47000  train 0.9845  eval 0.9985  pmax 20.6  (6397s)
step 48000  train 0.9732  eval 0.9862  pmax 20.6  (6531s)
step 49000  train 0.9818  eval 0.9901  pmax 20.6  (6665s)
step 50000  train 0.9673  eval 0.9683  pmax 20.6  (6799s)
  [checkpoint + sample saved at step 50000]
step 51000  train 1.0573  eval 0.9889  pmax 20.6  (6938s)
step 52000  train 0.9451  eval 0.9991  pmax 20.6  (7073s)
step 53000  train 1.0206  eval 0.9733  pmax 20.6  (7207s)
step 54000  train 0.9551  eval 0.9854  pmax 20.6  (7341s)
  [checkpoint + sample saved at step 54000]
done. artifacts in /home/luke/Wavelet-State-KAN/checkpoints/wskan11_ultrachat_1m_3ep_s42
