/home/luke/Wavelet-State-KAN/experiments/V1_train_tinystories_lm.py:107: UserWarning: The given buffer is not writable, and PyTorch does not support non-writable tensors. This means you can write to the underlying (supposedly non-writable) buffer using the tensor. You may want to copy the buffer to protect its data or make it writable before converting it to a tensor. This type of warning will be suppressed for the rest of this program. (Triggered internally at /__w/pytorch/pytorch/torch/csrc/utils/tensor_new.cpp:1556.)
  train_ids = torch.frombuffer(train_text.encode("utf-8", errors="ignore"), dtype=torch.uint8)
train bytes: 542,898,247  eval bytes: 130,357
model: wskan11real  params: 3,610  device: cuda
step     1  train 5.5367  eval 5.5269  pmax 3.0  (7s)
step  1000  train 2.5946  eval 2.5631  pmax 3.2  (16s)
step  2000  train 2.5317  eval 2.5432  pmax 3.8  (25s)
step  3000  train 2.5199  eval 2.5282  pmax 4.8  (34s)
step  4000  train 2.4903  eval 2.4962  pmax 6.4  (43s)
step  5000  train 2.4678  eval 2.4552  pmax 8.0  (51s)
step  6000  train 2.5136  eval 2.4703  pmax 9.9  (60s)
step  7000  train 2.4647  eval 2.4937  pmax 12.0  (69s)
step  8000  train 2.4504  eval 2.4560  pmax 14.2  (78s)
step  9000  train 2.4433  eval 2.4491  pmax 16.5  (87s)
step 10000  train 2.4464  eval 2.4435  pmax 18.6  (96s)
step 11000  train 2.4228  eval 2.4726  pmax 20.6  (105s)
step 12000  train 2.4518  eval 2.4578  pmax 22.4  (114s)
step 13000  train 2.4233  eval 2.4590  pmax 24.2  (123s)
step 14000  train 2.4354  eval 2.4656  pmax 25.7  (132s)
step 15000  train 2.4173  eval 2.4405  pmax 27.1  (141s)
step 16000  train 2.4638  eval 2.4646  pmax 28.2  (150s)
step 17000  train 2.4367  eval 2.4320  pmax 29.1  (159s)
step 18000  train 2.4435  eval 2.4363  pmax 29.9  (167s)
step 19000  train 2.4191  eval 2.4787  pmax 30.6  (176s)
step 20000  train 2.4172  eval 2.4439  pmax 31.1  (185s)
step 21000  train 2.4624  eval 2.4213  pmax 31.5  (194s)
step 22000  train 2.4296  eval 2.3957  pmax 31.7  (202s)
step 23000  train 2.4397  eval 2.4378  pmax 32.0  (211s)
step 24000  train 2.4221  eval 2.4514  pmax 32.1  (220s)
step 25000  train 2.4363  eval 2.4425  pmax 32.2  (229s)
  [checkpoint + sample saved at step 25000]
step 26000  train 2.4330  eval 2.4459  pmax 32.3  (239s)
step 27000  train 2.4427  eval 2.4522  pmax 32.3  (248s)
step 28000  train 2.4050  eval 2.3930  pmax 32.4  (257s)
step 29000  train 2.4382  eval 2.4570  pmax 32.4  (266s)
step 30000  train 2.4479  eval 2.4024  pmax 32.4  (275s)
step 31000  train 2.4389  eval 2.4152  pmax 32.4  (284s)
step 32000  train 2.4236  eval 2.4697  pmax 32.4  (293s)
step 33000  train 2.4323  eval 2.4287  pmax 32.4  (302s)
  [checkpoint + sample saved at step 33000]
done. artifacts in /home/luke/Wavelet-State-KAN/checkpoints/wskan11real_wikitext_1k_3ep_s7
