/home/luke/Wavelet-State-KAN/experiments/V1_train_tinystories_lm.py:107: UserWarning: The given buffer is not writable, and PyTorch does not support non-writable tensors. This means you can write to the underlying (supposedly non-writable) buffer using the tensor. You may want to copy the buffer to protect its data or make it writable before converting it to a tensor. This type of warning will be suppressed for the rest of this program. (Triggered internally at /__w/pytorch/pytorch/torch/csrc/utils/tensor_new.cpp:1556.)
  train_ids = torch.frombuffer(train_text.encode("utf-8", errors="ignore"), dtype=torch.uint8)
train bytes: 542,898,247  eval bytes: 130,357
model: wskan7bcreal  params: 985,956  device: cuda
W0917 10:23:46.679000 1482904 .venv/lib/python3.12/site-packages/torch/_inductor/utils.py:1806] [0/1] Not enough SMs to use max_autotune_gemm mode
step     1  train 5.5534  eval 5.4600  pmax 3.0  (14s)
step  1000  train 1.5085  eval 1.4598  pmax 3.2  (726s)
step  2000  train 1.4455  eval 1.3824  pmax 3.4  (1427s)
step  3000  train 1.3720  eval 1.3537  pmax 3.5  (2126s)
step  4000  train 1.3256  eval 1.3022  pmax 3.5  (2817s)
step  5000  train 1.2984  eval 1.3236  pmax 3.6  (3515s)
step  6000  train 1.2892  eval 1.3101  pmax 3.6  (4213s)
step  7000  train 1.3068  eval 1.2521  pmax 3.6  (4903s)
step  8000  train 1.2822  eval 1.2789  pmax 3.7  (5610s)
step  9000  train 1.2912  eval 1.2689  pmax 3.7  (6305s)
step 10000  train 1.2323  eval 1.2575  pmax 3.7  (6994s)
  [checkpoint + sample saved at step 10000]
step 11000  train 1.2701  eval 1.2311  pmax 3.8  (7711s)
step 12000  train 1.2480  eval 1.2333  pmax 3.8  (8410s)
step 13000  train 1.2399  eval 1.2229  pmax 3.8  (9103s)
step 14000  train 1.2505  eval 1.2435  pmax 3.8  (9795s)
step 15000  train 1.2137  eval 1.2217  pmax 3.8  (10490s)
step 16000  train 1.2353  eval 1.2008  pmax 3.8  (11190s)
step 17000  train 1.2303  eval 1.2096  pmax 3.9  (11895s)
step 18000  train 1.1912  eval 1.2239  pmax 3.9  (12596s)
step 19000  train 1.2224  eval 1.2478  pmax 3.9  (13307s)
step 20000  train 1.2487  eval 1.2552  pmax 3.9  (14004s)
  [checkpoint + sample saved at step 20000]
step 21000  train 1.2186  eval 1.2377  pmax 3.9  (14701s)
step 22000  train 1.2252  eval 1.2092  pmax 3.9  (15402s)
step 23000  train 1.1968  eval 1.1987  pmax 3.9  (16101s)
step 24000  train 1.2067  eval 1.2042  pmax 3.9  (16790s)
step 25000  train 1.1981  eval 1.2241  pmax 3.9  (17490s)
step 26000  train 1.2069  eval 1.2210  pmax 3.9  (18196s)
step 27000  train 1.1616  eval 1.1859  pmax 3.9  (18894s)
step 28000  train 1.2096  eval 1.2188  pmax 3.9  (19592s)
step 29000  train 1.2042  eval 1.1652  pmax 3.9  (20293s)
step 30000  train 1.1713  eval 1.1857  pmax 3.9  (21003s)
  [checkpoint + sample saved at step 30000]
step 31000  train 1.2009  eval 1.2083  pmax 3.9  (21714s)
step 32000  train 1.1556  eval 1.1632  pmax 3.9  (22419s)
step 33000  train 1.1894  eval 1.1589  pmax 3.9  (23184s)
step 34000  train 1.2041  eval 1.2085  pmax 3.9  (23949s)
step 35000  train 1.1864  eval 1.1721  pmax 3.9  (24675s)
step 36000  train 1.1917  eval 1.1357  pmax 3.9  (25439s)
step 37000  train 1.1732  eval 1.2429  pmax 3.9  (26190s)
step 38000  train 1.1905  eval 1.1361  pmax 3.9  (26949s)
step 39000  train 1.1671  eval 1.1589  pmax 3.9  (27665s)
step 40000  train 1.1632  eval 1.2053  pmax 3.9  (28391s)
  [checkpoint + sample saved at step 40000]
step 41000  train 1.1847  eval 1.1999  pmax 4.0  (29141s)
step 42000  train 1.1968  eval 1.1459  pmax 4.0  (29872s)
step 43000  train 1.1511  eval 1.1515  pmax 4.0  (30567s)
step 44000  train 1.1751  eval 1.1668  pmax 4.0  (31268s)
step 45000  train 1.1734  eval 1.1784  pmax 4.0  (31970s)
step 46000  train 1.1418  eval 1.1827  pmax 4.0  (32713s)
step 47000  train 1.1517  eval 1.1964  pmax 4.0  (33428s)
step 48000  train 1.1619  eval 1.1697  pmax 4.0  (34124s)
step 49000  train 1.1940  eval 1.1787  pmax 4.0  (34810s)
step 50000  train 1.2005  eval 1.1437  pmax 4.0  (35512s)
  [checkpoint + sample saved at step 50000]
step 51000  train 1.1992  eval 1.1486  pmax 4.0  (36222s)
step 52000  train 1.1103  eval 1.1866  pmax 4.0  (36918s)
step 53000  train 1.2119  eval 1.1825  pmax 4.0  (37668s)
step 54000  train 1.1474  eval 1.1758  pmax 4.0  (38406s)
step 55000  train 1.1494  eval 1.1330  pmax 4.0  (39101s)
step 56000  train 1.1269  eval 1.1427  pmax 4.0  (39802s)
step 57000  train 1.1888  eval 1.1379  pmax 4.0  (40492s)
step 58000  train 1.1511  eval 1.1943  pmax 4.0  (41231s)
step 59000  train 1.1606  eval 1.1661  pmax 4.0  (42003s)
step 60000  train 1.1504  eval 1.1524  pmax 4.0  (42785s)
  [checkpoint + sample saved at step 60000]
step 61000  train 1.1109  eval 1.1819  pmax 4.0  (43598s)
step 62000  train 1.1892  eval 1.1548  pmax 4.0  (44395s)
step 63000  train 1.1489  eval 1.1812  pmax 4.0  (45171s)
step 64000  train 1.1544  eval 1.1501  pmax 4.0  (45940s)
step 65000  train 1.1790  eval 1.1818  pmax 4.0  (46724s)
step 66000  train 1.1408  eval 1.1243  pmax 4.0  (47494s)
  [checkpoint + sample saved at step 66000]
done. artifacts in /home/luke/Wavelet-State-KAN/checkpoints/wskan7bcreal_wikitext_1m_3ep_s2024
