/home/luke/Wavelet-State-KAN/experiments/V1_train_tinystories_lm.py:107: UserWarning: The given buffer is not writable, and PyTorch does not support non-writable tensors. This means you can write to the underlying (supposedly non-writable) buffer using the tensor. You may want to copy the buffer to protect its data or make it writable before converting it to a tensor. This type of warning will be suppressed for the rest of this program. (Triggered internally at /__w/pytorch/pytorch/torch/csrc/utils/tensor_new.cpp:1556.)
  train_ids = torch.frombuffer(train_text.encode("utf-8", errors="ignore"), dtype=torch.uint8)
train bytes: 1,195,926,439  eval bytes: 2,859,070
model: wskan11  params: 3,610  device: cuda
W0920 08:41:08.689000 657133 .venv/lib/python3.12/site-packages/torch/_inductor/utils.py:1806] [0/0] Not enough SMs to use max_autotune_gemm mode
step     1  train 5.5497  eval 5.5422  pmax 18.9  (24s)
step  1000  train 2.6070  eval 2.6152  pmax 18.8  (33s)
step  2000  train 2.5592  eval 2.5441  pmax 19.4  (42s)
step  3000  train 2.5640  eval 2.5407  pmax 19.1  (51s)
step  4000  train 2.5134  eval 2.5571  pmax 19.1  (60s)
step  5000  train 2.5227  eval 2.4710  pmax 19.4  (69s)
step  6000  train 2.4832  eval 2.5311  pmax 19.5  (78s)
step  7000  train 2.5021  eval 2.4546  pmax 19.7  (86s)
step  8000  train 2.5055  eval 2.4623  pmax 19.7  (96s)
step  9000  train 2.4936  eval 2.5083  pmax 19.7  (104s)
step 10000  train 2.5131  eval 2.5173  pmax 19.7  (113s)
step 11000  train 2.4899  eval 2.4630  pmax 19.7  (122s)
step 12000  train 2.4451  eval 2.5000  pmax 19.7  (130s)
step 13000  train 2.4534  eval 2.4305  pmax 19.7  (139s)
step 14000  train 2.4777  eval 2.4657  pmax 19.7  (148s)
step 15000  train 2.4676  eval 2.4413  pmax 19.7  (156s)
step 16000  train 2.4639  eval 2.4730  pmax 19.8  (165s)
step 17000  train 2.4437  eval 2.4960  pmax 19.8  (174s)
step 18000  train 2.4835  eval 2.4332  pmax 19.9  (183s)
step 19000  train 2.4820  eval 2.4534  pmax 19.9  (192s)
step 20000  train 2.4358  eval 2.4959  pmax 19.9  (201s)
step 21000  train 2.4745  eval 2.4965  pmax 20.0  (209s)
step 22000  train 2.4883  eval 2.4979  pmax 20.0  (217s)
step 23000  train 2.4855  eval 2.4327  pmax 20.1  (226s)
step 24000  train 2.4412  eval 2.4226  pmax 20.1  (234s)
step 25000  train 2.4777  eval 2.4650  pmax 20.1  (242s)
  [checkpoint + sample saved at step 25000]
step 26000  train 2.4300  eval 2.4398  pmax 20.1  (252s)
step 27000  train 2.4583  eval 2.4512  pmax 20.2  (261s)
step 28000  train 2.4384  eval 2.4571  pmax 20.2  (270s)
step 29000  train 2.4367  eval 2.4498  pmax 20.2  (279s)
step 30000  train 2.4761  eval 2.4722  pmax 20.2  (287s)
step 31000  train 2.4526  eval 2.4864  pmax 20.2  (296s)
step 32000  train 2.4461  eval 2.4910  pmax 20.2  (305s)
step 33000  train 2.4341  eval 2.4661  pmax 20.2  (314s)
step 34000  train 2.4972  eval 2.4374  pmax 20.2  (322s)
step 35000  train 2.4647  eval 2.4572  pmax 20.2  (331s)
step 36000  train 2.4651  eval 2.4800  pmax 20.2  (340s)
  [checkpoint + sample saved at step 36000]
done. artifacts in /home/luke/Wavelet-State-KAN/checkpoints/wskan11_ultrachat_1k_3ep_s123
