/home/luke/Wavelet-State-KAN/experiments/V1_train_tinystories_lm.py:107: UserWarning: The given buffer is not writable, and PyTorch does not support non-writable tensors. This means you can write to the underlying (supposedly non-writable) buffer using the tensor. You may want to copy the buffer to protect its data or make it writable before converting it to a tensor. This type of warning will be suppressed for the rest of this program. (Triggered internally at /__w/pytorch/pytorch/torch/csrc/utils/tensor_new.cpp:1556.)
  train_ids = torch.frombuffer(train_text.encode("utf-8", errors="ignore"), dtype=torch.uint8)
train bytes: 1,905,061,325  eval bytes: 405,730
model: wskan11  params: 12,546  device: cuda
step     1  train 5.5470  eval 5.5234  pmax 18.9  (8s)
step  1000  train 1.6465  eval 1.6096  pmax 19.0  (17s)
step  2000  train 1.5982  eval 1.5275  pmax 19.3  (26s)
step  3000  train 1.5704  eval 1.5329  pmax 19.5  (36s)
step  4000  train 1.5666  eval 1.5188  pmax 19.6  (45s)
step  5000  train 1.5618  eval 1.4933  pmax 19.7  (54s)
step  6000  train 1.5288  eval 1.5239  pmax 19.8  (64s)
step  7000  train 1.5348  eval 1.4712  pmax 19.8  (73s)
step  8000  train 1.5135  eval 1.5083  pmax 19.9  (82s)
step  9000  train 1.5592  eval 1.5287  pmax 19.9  (92s)
step 10000  train 1.5026  eval 1.4978  pmax 20.0  (101s)
step 11000  train 1.5206  eval 1.5218  pmax 20.0  (109s)
step 12000  train 1.5278  eval 1.5044  pmax 20.0  (119s)
step 13000  train 1.5261  eval 1.4339  pmax 20.0  (127s)
step 14000  train 1.5324  eval 1.4935  pmax 20.0  (137s)
step 15000  train 1.4882  eval 1.4301  pmax 20.0  (145s)
step 16000  train 1.5062  eval 1.4737  pmax 20.0  (154s)
step 17000  train 1.5510  eval 1.4790  pmax 20.0  (163s)
step 18000  train 1.4870  eval 1.4638  pmax 20.0  (172s)
step 19000  train 1.4929  eval 1.4693  pmax 20.0  (182s)
step 20000  train 1.5119  eval 1.4904  pmax 20.0  (191s)
step 21000  train 1.5053  eval 1.4357  pmax 20.0  (200s)
step 22000  train 1.4800  eval 1.4392  pmax 20.0  (209s)
step 23000  train 1.5071  eval 1.4528  pmax 20.0  (219s)
step 24000  train 1.5147  eval 1.4630  pmax 20.0  (228s)
step 25000  train 1.4877  eval 1.4513  pmax 20.1  (237s)
  [checkpoint + sample saved at step 25000]
step 26000  train 1.5017  eval 1.4900  pmax 20.1  (247s)
step 27000  train 1.4601  eval 1.4206  pmax 20.2  (256s)
step 28000  train 1.4764  eval 1.4604  pmax 20.2  (266s)
step 29000  train 1.5130  eval 1.4497  pmax 20.2  (275s)
step 30000  train 1.4715  eval 1.4529  pmax 20.3  (284s)
step 31000  train 1.5338  eval 1.4646  pmax 20.3  (293s)
step 32000  train 1.5002  eval 1.4542  pmax 20.3  (303s)
step 33000  train 1.4648  eval 1.4754  pmax 20.3  (312s)
step 34000  train 1.4907  eval 1.4356  pmax 20.3  (321s)
step 35000  train 1.4869  eval 1.4669  pmax 20.4  (331s)
step 36000  train 1.5257  eval 1.4504  pmax 20.4  (340s)
step 37000  train 1.5268  eval 1.4447  pmax 20.4  (349s)
step 38000  train 1.4541  eval 1.4808  pmax 20.4  (358s)
step 39000  train 1.5015  eval 1.3970  pmax 20.4  (368s)
step 40000  train 1.4851  eval 1.5007  pmax 20.4  (377s)
step 41000  train 1.4878  eval 1.4385  pmax 20.5  (386s)
step 42000  train 1.4520  eval 1.4568  pmax 20.5  (395s)
step 43000  train 1.4844  eval 1.4475  pmax 20.5  (404s)
step 44000  train 1.5124  eval 1.4126  pmax 20.5  (413s)
step 45000  train 1.5125  eval 1.4010  pmax 20.5  (422s)
step 46000  train 1.4808  eval 1.4467  pmax 20.5  (431s)
step 47000  train 1.4987  eval 1.4381  pmax 20.5  (440s)
step 48000  train 1.5025  eval 1.4532  pmax 20.5  (450s)
step 49000  train 1.5109  eval 1.4146  pmax 20.5  (459s)
step 50000  train 1.4692  eval 1.4760  pmax 20.5  (468s)
  [checkpoint + sample saved at step 50000]
step 51000  train 1.4698  eval 1.4634  pmax 20.5  (478s)
step 52000  train 1.4662  eval 1.4152  pmax 20.5  (488s)
step 53000  train 1.4768  eval 1.4484  pmax 20.5  (497s)
step 54000  train 1.4744  eval 1.4821  pmax 20.5  (506s)
step 55000  train 1.5158  eval 1.4468  pmax 20.5  (515s)
step 56000  train 1.4807  eval 1.4404  pmax 20.5  (525s)
step 57000  train 1.4910  eval 1.4531  pmax 20.5  (534s)
step 58000  train 1.4862  eval 1.4459  pmax 20.5  (543s)
step 59000  train 1.5216  eval 1.4528  pmax 20.5  (552s)
step 60000  train 1.4688  eval 1.4528  pmax 20.5  (561s)
  [checkpoint + sample saved at step 60000]
done. artifacts in /home/luke/Wavelet-State-KAN/checkpoints/wskan11_tinystories_10k_3ep_s123
