/home/luke/Wavelet-State-KAN/experiments/V1_train_tinystories_lm.py:107: UserWarning: The given buffer is not writable, and PyTorch does not support non-writable tensors. This means you can write to the underlying (supposedly non-writable) buffer using the tensor. You may want to copy the buffer to protect its data or make it writable before converting it to a tensor. This type of warning will be suppressed for the rest of this program. (Triggered internally at /__w/pytorch/pytorch/torch/csrc/utils/tensor_new.cpp:1556.)
  train_ids = torch.frombuffer(train_text.encode("utf-8", errors="ignore"), dtype=torch.uint8)
train bytes: 542,898,247  eval bytes: 130,357
model: wskan11  params: 985,956  device: cuda
W0920 10:54:41.593000 804398 .venv/lib/python3.12/site-packages/torch/_inductor/utils.py:1806] [0/0] Not enough SMs to use max_autotune_gemm mode
step     1  train 5.5508  eval 5.4461  pmax 18.9  (73s)
step  1000  train 1.5224  eval 1.4709  pmax 18.9  (122s)
step  2000  train 1.4074  eval 1.3530  pmax 19.0  (170s)
step  3000  train 1.3407  eval 1.3670  pmax 19.1  (219s)
step  4000  train 1.3003  eval 1.3157  pmax 19.3  (267s)
step  5000  train 1.2567  eval 1.2811  pmax 19.5  (315s)
step  6000  train 1.3409  eval 1.2958  pmax 19.5  (363s)
step  7000  train 1.2711  eval 1.2991  pmax 19.6  (411s)
step  8000  train 1.2482  eval 1.2628  pmax 19.6  (459s)
step  9000  train 1.1995  eval 1.2206  pmax 19.6  (508s)
step 10000  train 1.2397  eval 1.2221  pmax 19.6  (556s)
  [checkpoint + sample saved at step 10000]
step 11000  train 1.2254  eval 1.2184  pmax 19.5  (611s)
step 12000  train 1.2370  eval 1.1948  pmax 19.4  (659s)
step 13000  train 1.2200  eval 1.2411  pmax 19.3  (708s)
step 14000  train 1.2123  eval 1.2268  pmax 19.3  (756s)
step 15000  train 1.2047  eval 1.2257  pmax 19.4  (805s)
step 16000  train 1.2486  eval 1.1663  pmax 19.4  (853s)
step 17000  train 1.1941  eval 1.2177  pmax 19.5  (901s)
step 18000  train 1.2117  eval 1.2003  pmax 19.5  (949s)
step 19000  train 1.2570  eval 1.1938  pmax 19.5  (997s)
step 20000  train 1.1744  eval 1.1850  pmax 19.5  (1046s)
  [checkpoint + sample saved at step 20000]
step 21000  train 1.1626  eval 1.1916  pmax 19.5  (1099s)
step 22000  train 1.1747  eval 1.1613  pmax 19.5  (1147s)
step 23000  train 1.1832  eval 1.1745  pmax 19.6  (1196s)
step 24000  train 1.1687  eval 1.1753  pmax 19.6  (1244s)
step 25000  train 1.1910  eval 1.1948  pmax 19.6  (1292s)
step 26000  train 1.1703  eval 1.1540  pmax 19.6  (1340s)
step 27000  train 1.2512  eval 1.1869  pmax 19.6  (1388s)
step 28000  train 1.1507  eval 1.1747  pmax 19.5  (1436s)
step 29000  train 1.2185  eval 1.1389  pmax 19.5  (1484s)
step 30000  train 1.1629  eval 1.1984  pmax 19.5  (1532s)
  [checkpoint + sample saved at step 30000]
step 31000  train 1.1820  eval 1.1804  pmax 19.5  (1586s)
step 32000  train 1.1578  eval 1.1541  pmax 19.5  (1634s)
step 33000  train 1.1883  eval 1.1682  pmax 19.5  (1682s)
step 34000  train 1.1599  eval 1.1644  pmax 19.5  (1730s)
step 35000  train 1.1636  eval 1.2095  pmax 19.5  (1778s)
step 36000  train 1.1416  eval 1.1565  pmax 19.5  (1826s)
step 37000  train 1.1458  eval 1.1587  pmax 19.5  (1874s)
step 38000  train 1.1652  eval 1.1949  pmax 19.5  (1922s)
step 39000  train 1.1536  eval 1.1329  pmax 19.5  (1971s)
step 40000  train 1.1264  eval 1.1618  pmax 19.5  (2019s)
  [checkpoint + sample saved at step 40000]
step 41000  train 1.1438  eval 1.1478  pmax 19.5  (2071s)
step 42000  train 1.1527  eval 1.1370  pmax 19.5  (2119s)
step 43000  train 1.1222  eval 1.1757  pmax 19.5  (2167s)
step 44000  train 1.1762  eval 1.1639  pmax 19.5  (2215s)
step 45000  train 1.1334  eval 1.1766  pmax 19.5  (2263s)
step 46000  train 1.1541  eval 1.1115  pmax 19.5  (2311s)
step 47000  train 1.1224  eval 1.1599  pmax 19.5  (2359s)
step 48000  train 1.1188  eval 1.1474  pmax 19.6  (2407s)
step 49000  train 1.1044  eval 1.1720  pmax 19.6  (2455s)
step 50000  train 1.1550  eval 1.1492  pmax 19.6  (2504s)
  [checkpoint + sample saved at step 50000]
step 51000  train 1.1114  eval 1.1377  pmax 19.6  (2557s)
step 52000  train 1.1427  eval 1.1624  pmax 19.6  (2605s)
step 53000  train 1.1732  eval 1.1106  pmax 19.6  (2653s)
step 54000  train 1.1566  eval 1.1368  pmax 19.6  (2701s)
step 55000  train 1.1583  eval 1.1310  pmax 19.6  (2750s)
step 56000  train 1.1216  eval 1.1413  pmax 19.6  (2798s)
step 57000  train 1.1359  eval 1.1179  pmax 19.6  (2846s)
step 58000  train 1.1431  eval 1.1289  pmax 19.6  (2894s)
step 59000  train 1.1435  eval 1.1250  pmax 19.6  (2942s)
step 60000  train 1.1655  eval 1.1709  pmax 19.6  (2990s)
  [checkpoint + sample saved at step 60000]
step 61000  train 1.1170  eval 1.1169  pmax 19.6  (3043s)
step 62000  train 1.0885  eval 1.1157  pmax 19.6  (3091s)
step 63000  train 1.1599  eval 1.1466  pmax 19.6  (3139s)
step 64000  train 1.0880  eval 1.1458  pmax 19.6  (3187s)
step 65000  train 1.1543  eval 1.1424  pmax 19.6  (3235s)
step 66000  train 1.1349  eval 1.1238  pmax 19.6  (3283s)
  [checkpoint + sample saved at step 66000]
done. artifacts in /home/luke/Wavelet-State-KAN/checkpoints/wskan11_wikitext_1m_3ep_s7
