train bytes: 181,551,634  eval bytes: 130,357
model: wskan7bc  params: 985,956  device: cuda
[W909 23:13:27.925104319 CUDACachingAllocator.cpp:3934] memory allocation failed with OOM on device 0 while trying to allocate 16777216 bytes (free: 3866624, total: 12480282624).
[W909 23:13:27.925331226 CUDACachingAllocator.cpp:3934] memory allocation failed with OOM on device 0 while trying to allocate 16777216 bytes (free: 3866624, total: 12480282624).
Traceback (most recent call last):
  File "/home/luke/Wavelet-State-KAN/experiments/V1_train_tinystories_lm.py", line 295, in <module>
    main()
  File "/home/luke/Wavelet-State-KAN/experiments/V1_train_tinystories_lm.py", line 263, in main
    loss = loss_fn(get_batch(train_ids, args.batch, args.block, device))
           ^^^^^^^^^^^^^^^^^^^^^^^^^^^^^^^^^^^^^^^^^^^^^^^^^^^^^^^^^^^^^
  File "/home/luke/Wavelet-State-KAN/models/V1_LM.py", line 66, in loss
    logits = self(idx[:, :-1])
             ^^^^^^^^^^^^^^^^^
  File "/home/luke/Wavelet-State-KAN/.venv/lib/python3.12/site-packages/torch/nn/modules/module.py", line 1783, in _wrapped_call_impl
    return self._call_impl(*args, **kwargs)
           ^^^^^^^^^^^^^^^^^^^^^^^^^^^^^^^^
  File "/home/luke/Wavelet-State-KAN/.venv/lib/python3.12/site-packages/torch/nn/modules/module.py", line 1794, in _call_impl
    return forward_call(*args, **kwargs)
           ^^^^^^^^^^^^^^^^^^^^^^^^^^^^^
  File "/home/luke/Wavelet-State-KAN/models/V7_WSKAN.py", line 215, in forward
    x = x + layer(norm(x), idx)
            ^^^^^^^^^^^^^^^^^^^
  File "/home/luke/Wavelet-State-KAN/.venv/lib/python3.12/site-packages/torch/nn/modules/module.py", line 1783, in _wrapped_call_impl
    return self._call_impl(*args, **kwargs)
           ^^^^^^^^^^^^^^^^^^^^^^^^^^^^^^^^
  File "/home/luke/Wavelet-State-KAN/.venv/lib/python3.12/site-packages/torch/nn/modules/module.py", line 1794, in _call_impl
    return forward_call(*args, **kwargs)
           ^^^^^^^^^^^^^^^^^^^^^^^^^^^^^
  File "/home/luke/Wavelet-State-KAN/models/V7_WSKAN.py", line 190, in forward
    return self.forward_recurrent(x, idx)
           ^^^^^^^^^^^^^^^^^^^^^^^^^^^^^^
  File "/home/luke/Wavelet-State-KAN/models/V7_WSKAN.py", line 159, in forward_recurrent
    yc, h_re, h_im = self._chunk_fn(*args)
                     ^^^^^^^^^^^^^^^^^^^^^
  File "/home/luke/Wavelet-State-KAN/models/V6_WSKAN.py", line 65, in _chunk
    phase = om_eff * diff.unsqueeze(-1)
            ~~~~~~~^~~~~~~~~~~~~~~~~~~~
torch.OutOfMemoryError: CUDA out of memory. Tried to allocate 16.00 MiB. GPU 0 has a total capacity of 11.62 GiB of which 3.69 MiB is free. Including non-PyTorch memory, this process has 11.59 GiB memory in use. Of the allocated memory 11.33 GiB is allocated by PyTorch, and 67.64 MiB is reserved by PyTorch but unallocated. If reserved but unallocated memory is large try setting PYTORCH_CUDA_ALLOC_CONF=expandable_segments:True to avoid fragmentation.  See documentation for Memory Management  (https://docs.pytorch.org/docs/stable/notes/cuda.html#optimizing-memory-usage-with-pytorch-cuda-alloc-conf)
