train bytes: 180,723,994  eval bytes: 405,730
model: wskan2  params: 100,416  device: cuda
/home/luke/Wavelet-State-KAN/.venv/lib/python3.12/site-packages/torch/_inductor/lowering.py:2774: UserWarning: Torchinductor does not support code generation for complex operators. Performance may be worse than eager.
  warnings.warn(
W0912 09:59:40.298000 3511177 .venv/lib/python3.12/site-packages/torch/_inductor/utils.py:1806] [0/0] Not enough SMs to use max_autotune_gemm mode
step     1  train 5.5484  eval 5.5226  pmax 18.8  (22s)
step  2500  train 1.3455  eval 1.2944  pmax 19.6  (88s)
step  5000  train 1.2476  eval 1.1740  pmax 19.8  (156s)
step  7500  train 1.1686  eval 1.2261  pmax 19.9  (222s)
step 10000  train 1.2363  eval 1.1265  pmax 19.9  (289s)
step 12500  train 1.1675  eval 1.0982  pmax 20.0  (356s)
step 15000  train 1.1789  eval 1.1464  pmax 20.0  (424s)
step 17500  train 1.1793  eval 1.0815  pmax 20.0  (492s)
step 20000  train 1.1654  eval 1.1272  pmax 20.0  (559s)
step 22500  train 1.1455  eval 1.0898  pmax 20.0  (626s)
step 25000  train 1.1660  eval 1.1092  pmax 20.0  (693s)
step 27500  train 1.1062  eval 1.0633  pmax 20.0  (760s)
step 30000  train 1.1675  eval 1.0915  pmax 20.1  (828s)
step 32500  train 1.1239  eval 1.1002  pmax 20.1  (896s)
step 35000  train 1.1254  eval 1.0716  pmax 20.1  (964s)
step 37500  train 1.1604  eval 1.1182  pmax 20.1  (1032s)
step 40000  train 1.1564  eval 1.0933  pmax 20.1  (1101s)
step 42500  train 1.1213  eval 1.0230  pmax 20.2  (1168s)
step 45000  train 1.1380  eval 1.0920  pmax 20.2  (1238s)
step 47500  train 1.0783  eval 1.0966  pmax 20.2  (1304s)
step 50000  train 1.1080  eval 1.1364  pmax 20.2  (1371s)
  [checkpoint + sample saved at step 50000]
step 52500  train 1.1643  eval 0.9856  pmax 20.2  (1461s)
step 55000  train 1.0762  eval 1.0659  pmax 20.2  (1529s)
step 57500  train 1.1004  eval 1.0633  pmax 20.2  (1597s)
step 60000  train 1.1341  eval 1.0636  pmax 20.2  (1664s)
step 62500  train 1.1027  eval 1.0621  pmax 20.2  (1732s)
step 65000  train 1.1409  eval 1.0196  pmax 20.2  (1799s)
step 67500  train 1.0671  eval 1.0606  pmax 20.2  (1867s)
step 70000  train 1.1111  eval 1.0399  pmax 20.2  (1934s)
step 72500  train 1.0583  eval 1.0815  pmax 20.2  (2001s)
step 75000  train 1.1153  eval 1.0489  pmax 20.2  (2068s)
step 77500  train 1.0927  eval 1.0129  pmax 20.2  (2135s)
step 80000  train 1.1106  eval 1.0552  pmax 20.2  (2202s)
step 82500  train 1.0991  eval 1.0934  pmax 20.2  (2269s)
step 85000  train 1.0719  eval 1.0374  pmax 20.2  (2336s)
step 87500  train 1.0633  eval 1.0578  pmax 20.2  (2402s)
step 90000  train 1.0857  eval 1.0294  pmax 20.2  (2469s)
step 92500  train 1.0085  eval 0.9964  pmax 20.2  (2536s)
step 95000  train 1.1222  eval 1.0146  pmax 20.2  (2604s)
step 97500  train 1.1449  eval 1.0578  pmax 20.2  (2671s)
step 100000  train 1.0866  eval 1.0580  pmax 20.2  (2738s)
  [checkpoint + sample saved at step 100000]
done. artifacts in /home/luke/Wavelet-State-KAN/checkpoints/wskan2_tinystories_interp_s42
