/home/luke/Wavelet-State-KAN/experiments/V1_train_tinystories_lm.py:107: UserWarning: The given buffer is not writable, and PyTorch does not support non-writable tensors. This means you can write to the underlying (supposedly non-writable) buffer using the tensor. You may want to copy the buffer to protect its data or make it writable before converting it to a tensor. This type of warning will be suppressed for the rest of this program. (Triggered internally at /__w/pytorch/pytorch/torch/csrc/utils/tensor_new.cpp:1556.)
  train_ids = torch.frombuffer(train_text.encode("utf-8", errors="ignore"), dtype=torch.uint8)
train bytes: 1,905,061,325  eval bytes: 405,730
model: wskan11real  params: 3,610  device: cuda
step     1  train 5.5482  eval 5.5407  pmax 3.0  (8s)
step  1000  train 2.3376  eval 2.3464  pmax 3.2  (17s)
step  2000  train 2.3120  eval 2.3024  pmax 4.2  (26s)
step  3000  train 2.2668  eval 2.2704  pmax 6.3  (35s)
step  4000  train 2.2275  eval 2.2465  pmax 8.8  (44s)
step  5000  train 2.2326  eval 2.2445  pmax 10.5  (53s)
step  6000  train 2.2182  eval 2.2568  pmax 11.3  (62s)
step  7000  train 2.2487  eval 2.2071  pmax 11.2  (71s)
step  8000  train 2.2474  eval 2.2431  pmax 10.3  (80s)
step  9000  train 2.2111  eval 2.2227  pmax 9.3  (89s)
step 10000  train 2.1890  eval 2.1903  pmax 9.6  (98s)
step 11000  train 2.2034  eval 2.2067  pmax 9.9  (107s)
step 12000  train 2.1947  eval 2.2087  pmax 10.1  (115s)
step 13000  train 2.2083  eval 2.1885  pmax 10.2  (125s)
step 14000  train 2.2165  eval 2.1742  pmax 10.4  (133s)
step 15000  train 2.1906  eval 2.1914  pmax 10.4  (142s)
step 16000  train 2.2028  eval 2.1734  pmax 10.5  (150s)
step 17000  train 2.2335  eval 2.1896  pmax 10.6  (159s)
step 18000  train 2.1760  eval 2.1993  pmax 10.9  (168s)
step 19000  train 2.1993  eval 2.2145  pmax 11.1  (176s)
step 20000  train 2.2004  eval 2.1754  pmax 11.3  (185s)
step 21000  train 2.1835  eval 2.1841  pmax 11.5  (194s)
step 22000  train 2.2134  eval 2.1782  pmax 11.5  (203s)
step 23000  train 2.1803  eval 2.1860  pmax 11.7  (212s)
step 24000  train 2.1999  eval 2.1719  pmax 11.7  (221s)
step 25000  train 2.1870  eval 2.1907  pmax 11.8  (230s)
  [checkpoint + sample saved at step 25000]
step 26000  train 2.1890  eval 2.2039  pmax 11.8  (240s)
step 27000  train 2.1813  eval 2.1597  pmax 11.8  (249s)
step 28000  train 2.2008  eval 2.1820  pmax 11.8  (258s)
step 29000  train 2.2024  eval 2.1848  pmax 11.8  (266s)
step 30000  train 2.1735  eval 2.1991  pmax 11.9  (275s)
  [checkpoint + sample saved at step 30000]
done. artifacts in /home/luke/Wavelet-State-KAN/checkpoints/wskan11real_tinystories_1k_3ep_s123
