/home/luke/Wavelet-State-KAN/experiments/V1_train_tinystories_lm.py:107: UserWarning: The given buffer is not writable, and PyTorch does not support non-writable tensors. This means you can write to the underlying (supposedly non-writable) buffer using the tensor. You may want to copy the buffer to protect its data or make it writable before converting it to a tensor. This type of warning will be suppressed for the rest of this program. (Triggered internally at /__w/pytorch/pytorch/torch/csrc/utils/tensor_new.cpp:1556.)
  train_ids = torch.frombuffer(train_text.encode("utf-8", errors="ignore"), dtype=torch.uint8)
train bytes: 542,898,247  eval bytes: 130,357
model: wskan11  params: 10,153,996  device: cuda
W0918 23:25:28.237000 1888403 .venv/lib/python3.12/site-packages/torch/_inductor/utils.py:1806] [0/0] Not enough SMs to use max_autotune_gemm mode
step     1  train 5.6444  eval 4.5829  pmax 18.9  (42s)
step  1000  train 1.3608  eval 1.3553  pmax 19.0  (219s)
step  2000  train 1.3119  eval 1.2833  pmax 19.1  (396s)
step  3000  train 1.2276  eval 1.2678  pmax 19.1  (574s)
step  4000  train 1.2276  eval 1.1937  pmax 19.1  (751s)
step  5000  train 1.1960  eval 1.1991  pmax 19.1  (929s)
  [checkpoint + sample saved at step 5000]
step  6000  train 1.1851  eval 1.1693  pmax 19.1  (1111s)
step  7000  train 1.1717  eval 1.1626  pmax 19.2  (1288s)
step  8000  train 1.1828  eval 1.1348  pmax 19.2  (1466s)
step  9000  train 1.1196  eval 1.1272  pmax 19.2  (1643s)
step 10000  train 1.1315  eval 1.1571  pmax 19.3  (1821s)
  [checkpoint + sample saved at step 10000]
step 11000  train 1.1321  eval 1.1247  pmax 19.3  (2000s)
step 12000  train 1.0897  eval 1.0703  pmax 19.3  (2178s)
step 13000  train 1.1033  eval 1.1115  pmax 19.4  (2355s)
step 14000  train 1.1394  eval 1.1060  pmax 19.4  (2533s)
step 15000  train 1.1352  eval 1.1004  pmax 19.4  (2710s)
  [checkpoint + sample saved at step 15000]
step 16000  train 1.1001  eval 1.0954  pmax 19.4  (2890s)
step 17000  train 1.0933  eval 1.0766  pmax 19.5  (3067s)
step 18000  train 1.0699  eval 1.0641  pmax 19.5  (3245s)
step 19000  train 1.0910  eval 1.0647  pmax 19.5  (3422s)
step 20000  train 1.1409  eval 1.0540  pmax 19.5  (3600s)
  [checkpoint + sample saved at step 20000]
step 21000  train 1.0595  eval 1.0981  pmax 19.5  (3779s)
step 22000  train 1.0666  eval 1.0851  pmax 19.5  (3956s)
step 23000  train 1.0485  eval 1.0598  pmax 19.5  (4134s)
step 24000  train 1.0909  eval 1.0737  pmax 19.5  (4311s)
step 25000  train 1.0775  eval 1.0335  pmax 19.5  (4489s)
  [checkpoint + sample saved at step 25000]
step 26000  train 1.0635  eval 1.0362  pmax 19.6  (4668s)
step 27000  train 1.0334  eval 1.0760  pmax 19.6  (4846s)
step 28000  train 1.0845  eval 1.0850  pmax 19.6  (5023s)
step 29000  train 1.0473  eval 1.0507  pmax 19.6  (5201s)
step 30000  train 1.0640  eval 1.0045  pmax 19.6  (5378s)
  [checkpoint + sample saved at step 30000]
step 31000  train 1.0342  eval 1.0548  pmax 19.6  (5557s)
step 32000  train 1.0517  eval 1.0756  pmax 19.6  (5735s)
step 33000  train 1.0158  eval 1.0434  pmax 19.6  (5912s)
  [checkpoint + sample saved at step 33000]
done. artifacts in /home/luke/Wavelet-State-KAN/checkpoints/wskan11_wikitext_10m_3ep_s123
