/home/luke/Wavelet-State-KAN/experiments/V1_train_tinystories_lm.py:107: UserWarning: The given buffer is not writable, and PyTorch does not support non-writable tensors. This means you can write to the underlying (supposedly non-writable) buffer using the tensor. You may want to copy the buffer to protect its data or make it writable before converting it to a tensor. This type of warning will be suppressed for the rest of this program. (Triggered internally at /__w/pytorch/pytorch/torch/csrc/utils/tensor_new.cpp:1556.)
  train_ids = torch.frombuffer(train_text.encode("utf-8", errors="ignore"), dtype=torch.uint8)
train bytes: 542,898,247  eval bytes: 130,357
model: wskan11real  params: 985,956  device: cuda
W0919 11:18:27.049000 2908519 .venv/lib/python3.12/site-packages/torch/_inductor/utils.py:1806] [0/0] Not enough SMs to use max_autotune_gemm mode
step     1  train 5.5694  eval 5.4776  pmax 3.0  (46s)
step  1000  train 1.4751  eval 1.4542  pmax 3.2  (111s)
step  2000  train 1.4059  eval 1.3873  pmax 3.3  (175s)
step  3000  train 1.3309  eval 1.3762  pmax 3.3  (239s)
step  4000  train 1.3418  eval 1.3083  pmax 3.4  (303s)
step  5000  train 1.3128  eval 1.3076  pmax 3.5  (367s)
step  6000  train 1.2983  eval 1.2434  pmax 3.5  (431s)
step  7000  train 1.2957  eval 1.2594  pmax 3.6  (495s)
step  8000  train 1.2489  eval 1.2780  pmax 3.6  (559s)
step  9000  train 1.3035  eval 1.2744  pmax 3.6  (623s)
step 10000  train 1.2574  eval 1.2463  pmax 3.6  (687s)
  [checkpoint + sample saved at step 10000]
step 11000  train 1.2710  eval 1.2624  pmax 3.7  (758s)
step 12000  train 1.2704  eval 1.2607  pmax 3.7  (822s)
step 13000  train 1.2421  eval 1.2154  pmax 3.7  (886s)
step 14000  train 1.2728  eval 1.2520  pmax 3.7  (950s)
step 15000  train 1.2364  eval 1.2213  pmax 3.7  (1014s)
step 16000  train 1.2258  eval 1.2579  pmax 3.7  (1079s)
step 17000  train 1.2121  eval 1.2117  pmax 3.7  (1143s)
step 18000  train 1.2069  eval 1.2737  pmax 3.7  (1207s)
step 19000  train 1.2205  eval 1.2066  pmax 3.7  (1271s)
step 20000  train 1.2010  eval 1.2270  pmax 3.7  (1335s)
  [checkpoint + sample saved at step 20000]
step 21000  train 1.2420  eval 1.1977  pmax 3.7  (1405s)
step 22000  train 1.2295  eval 1.2435  pmax 3.7  (1469s)
step 23000  train 1.2160  eval 1.2025  pmax 3.8  (1534s)
step 24000  train 1.2017  eval 1.2258  pmax 3.8  (1598s)
step 25000  train 1.1722  eval 1.1908  pmax 3.8  (1662s)
step 26000  train 1.1901  eval 1.2312  pmax 3.8  (1726s)
step 27000  train 1.2016  eval 1.2085  pmax 3.8  (1790s)
step 28000  train 1.1917  eval 1.1780  pmax 3.8  (1854s)
step 29000  train 1.1942  eval 1.1765  pmax 3.8  (1918s)
step 30000  train 1.2092  eval 1.1891  pmax 3.8  (1982s)
  [checkpoint + sample saved at step 30000]
step 31000  train 1.2081  eval 1.1882  pmax 3.9  (2052s)
step 32000  train 1.2470  eval 1.1769  pmax 3.9  (2116s)
step 33000  train 1.1727  eval 1.1980  pmax 3.9  (2180s)
step 34000  train 1.1919  eval 1.1880  pmax 3.9  (2244s)
step 35000  train 1.1852  eval 1.1761  pmax 3.9  (2308s)
step 36000  train 1.1599  eval 1.2154  pmax 3.9  (2372s)
step 37000  train 1.1844  eval 1.1649  pmax 3.9  (2436s)
step 38000  train 1.2032  eval 1.1868  pmax 3.9  (2500s)
step 39000  train 1.1812  eval 1.1651  pmax 3.9  (2564s)
step 40000  train 1.1763  eval 1.1715  pmax 3.9  (2628s)
  [checkpoint + sample saved at step 40000]
step 41000  train 1.1711  eval 1.1581  pmax 3.9  (2697s)
step 42000  train 1.1724  eval 1.1550  pmax 3.9  (2761s)
step 43000  train 1.1739  eval 1.1536  pmax 3.9  (2825s)
step 44000  train 1.2125  eval 1.1428  pmax 3.9  (2889s)
step 45000  train 1.2032  eval 1.1904  pmax 3.9  (2953s)
step 46000  train 1.1825  eval 1.1274  pmax 4.0  (3017s)
step 47000  train 1.1703  eval 1.1999  pmax 4.0  (3081s)
step 48000  train 1.1653  eval 1.1540  pmax 4.0  (3145s)
step 49000  train 1.1950  eval 1.1591  pmax 4.0  (3208s)
step 50000  train 1.1876  eval 1.1723  pmax 4.0  (3272s)
  [checkpoint + sample saved at step 50000]
step 51000  train 1.1979  eval 1.1568  pmax 4.0  (3341s)
step 52000  train 1.1886  eval 1.1461  pmax 4.0  (3405s)
step 53000  train 1.1423  eval 1.1799  pmax 4.0  (3470s)
step 54000  train 1.1618  eval 1.1509  pmax 4.0  (3534s)
step 55000  train 1.1763  eval 1.1475  pmax 4.0  (3598s)
step 56000  train 1.1596  eval 1.1658  pmax 4.0  (3661s)
step 57000  train 1.1376  eval 1.1315  pmax 4.0  (3725s)
step 58000  train 1.1736  eval 1.1552  pmax 4.0  (3789s)
step 59000  train 1.1478  eval 1.1529  pmax 4.0  (3853s)
step 60000  train 1.1432  eval 1.1209  pmax 4.0  (3917s)
  [checkpoint + sample saved at step 60000]
step 61000  train 1.1691  eval 1.1138  pmax 4.0  (3986s)
step 62000  train 1.1683  eval 1.1744  pmax 4.0  (4050s)
step 63000  train 1.1476  eval 1.1681  pmax 4.0  (4114s)
step 64000  train 1.1482  eval 1.1621  pmax 4.0  (4178s)
step 65000  train 1.1577  eval 1.1260  pmax 4.0  (4242s)
step 66000  train 1.1637  eval 1.1441  pmax 4.0  (4306s)
  [checkpoint + sample saved at step 66000]
done. artifacts in /home/luke/Wavelet-State-KAN/checkpoints/wskan11real_wikitext_1m_3ep_s123
