/home/luke/Wavelet-State-KAN/experiments/V1_train_tinystories_lm.py:107: UserWarning: The given buffer is not writable, and PyTorch does not support non-writable tensors. This means you can write to the underlying (supposedly non-writable) buffer using the tensor. You may want to copy the buffer to protect its data or make it writable before converting it to a tensor. This type of warning will be suppressed for the rest of this program. (Triggered internally at /__w/pytorch/pytorch/torch/csrc/utils/tensor_new.cpp:1556.)
  train_ids = torch.frombuffer(train_text.encode("utf-8", errors="ignore"), dtype=torch.uint8)
train bytes: 542,898,247  eval bytes: 130,357
model: wskan7bc  params: 985,956  device: cuda
W0917 03:57:35.287000 1447620 .venv/lib/python3.12/site-packages/torch/_inductor/utils.py:1806] [0/0] Not enough SMs to use max_autotune_gemm mode
step     1  train 5.5686  eval 5.4697  pmax 18.9  (61s)
step  1000  train 1.4787  eval 1.4809  pmax 18.9  (842s)
step  2000  train 1.3573  eval 1.3411  pmax 19.0  (1626s)
step  3000  train 1.3355  eval 1.2959  pmax 19.0  (2405s)
step  4000  train 1.2604  eval 1.3253  pmax 19.1  (3183s)
step  5000  train 1.2976  eval 1.2789  pmax 19.1  (3964s)
step  6000  train 1.2510  eval 1.2832  pmax 19.1  (4741s)
step  7000  train 1.2927  eval 1.2231  pmax 19.2  (5516s)
step  8000  train 1.2534  eval 1.2668  pmax 19.2  (6292s)
step  9000  train 1.2164  eval 1.2538  pmax 19.2  (7066s)
step 10000  train 1.2255  eval 1.2734  pmax 19.2  (7849s)
  [checkpoint + sample saved at step 10000]
step 11000  train 1.2273  eval 1.2226  pmax 19.2  (8642s)
step 12000  train 1.2366  eval 1.1821  pmax 19.2  (9421s)
step 13000  train 1.2408  eval 1.2227  pmax 19.2  (10202s)
step 14000  train 1.2258  eval 1.2266  pmax 19.3  (10978s)
step 15000  train 1.2037  eval 1.2313  pmax 19.3  (11761s)
step 16000  train 1.1978  eval 1.2141  pmax 19.3  (12544s)
step 17000  train 1.2280  eval 1.2133  pmax 19.3  (13323s)
step 18000  train 1.2317  eval 1.2131  pmax 19.4  (14107s)
step 19000  train 1.1562  eval 1.1805  pmax 19.4  (14893s)
step 20000  train 1.1920  eval 1.2124  pmax 19.5  (15674s)
  [checkpoint + sample saved at step 20000]
step 21000  train 1.1887  eval 1.1973  pmax 19.5  (16464s)
step 22000  train 1.1609  eval 1.2122  pmax 19.5  (17240s)
step 23000  train 1.1758  eval 1.2011  pmax 19.5  (18013s)
step 24000  train 1.1556  eval 1.1875  pmax 19.6  (18787s)
step 25000  train 1.1670  eval 1.1899  pmax 19.6  (19564s)
step 26000  train 1.2023  eval 1.1650  pmax 19.6  (20343s)
step 27000  train 1.1814  eval 1.1628  pmax 19.6  (21117s)
step 28000  train 1.1728  eval 1.1782  pmax 19.7  (21890s)
step 29000  train 1.1630  eval 1.1665  pmax 19.7  (22666s)
step 30000  train 1.1563  eval 1.2067  pmax 19.7  (23440s)
  [checkpoint + sample saved at step 30000]
step 31000  train 1.1854  eval 1.1649  pmax 19.8  (24227s)
step 32000  train 1.1765  eval 1.1798  pmax 19.8  (24999s)
step 33000  train 1.1670  eval 1.1884  pmax 19.8  (25778s)
step 34000  train 1.1481  eval 1.1628  pmax 19.8  (26562s)
step 35000  train 1.1567  eval 1.1519  pmax 19.9  (27343s)
step 36000  train 1.1586  eval 1.1503  pmax 19.9  (28121s)
step 37000  train 1.1709  eval 1.1922  pmax 19.9  (28897s)
step 38000  train 1.1783  eval 1.1491  pmax 19.9  (29678s)
step 39000  train 1.1782  eval 1.1331  pmax 19.9  (30462s)
step 40000  train 1.1452  eval 1.1446  pmax 19.9  (31240s)
  [checkpoint + sample saved at step 40000]
step 41000  train 1.1334  eval 1.1692  pmax 20.0  (32037s)
step 42000  train 1.1799  eval 1.1397  pmax 20.0  (32820s)
step 43000  train 1.1700  eval 1.1764  pmax 20.0  (33602s)
step 44000  train 1.1647  eval 1.1791  pmax 20.0  (34387s)
step 45000  train 1.1311  eval 1.1274  pmax 20.0  (35174s)
step 46000  train 1.1515  eval 1.1661  pmax 20.0  (35957s)
step 47000  train 1.1527  eval 1.1551  pmax 20.1  (36735s)
step 48000  train 1.1015  eval 1.1603  pmax 20.1  (37519s)
step 49000  train 1.1611  eval 1.1435  pmax 20.1  (38302s)
step 50000  train 1.1499  eval 1.1337  pmax 20.1  (39087s)
  [checkpoint + sample saved at step 50000]
step 51000  train 1.1179  eval 1.1092  pmax 20.1  (39878s)
step 52000  train 1.1180  eval 1.1671  pmax 20.1  (40656s)
step 53000  train 1.1563  eval 1.1144  pmax 20.1  (41439s)
step 54000  train 1.1641  eval 1.1359  pmax 20.1  (42223s)
step 55000  train 1.1474  eval 1.1373  pmax 20.1  (43003s)
step 56000  train 1.1499  eval 1.1455  pmax 20.1  (43780s)
step 57000  train 1.1534  eval 1.1349  pmax 20.1  (44558s)
step 58000  train 1.1339  eval 1.1306  pmax 20.1  (45344s)
step 59000  train 1.1282  eval 1.1471  pmax 20.1  (46150s)
step 60000  train 1.1367  eval 1.1549  pmax 20.1  (46974s)
  [checkpoint + sample saved at step 60000]
step 61000  train 1.1863  eval 1.1556  pmax 20.1  (47769s)
step 62000  train 1.0920  eval 1.1269  pmax 20.1  (48579s)
step 63000  train 1.1701  eval 1.1458  pmax 20.1  (49398s)
step 64000  train 1.1328  eval 1.1403  pmax 20.1  (50217s)
step 65000  train 1.1178  eval 1.0934  pmax 20.1  (50998s)
step 66000  train 1.1129  eval 1.1303  pmax 20.1  (51807s)
  [checkpoint + sample saved at step 66000]
done. artifacts in /home/luke/Wavelet-State-KAN/checkpoints/wskan7bc_wikitext_1m_3ep_s123
