/home/luke/Wavelet-State-KAN/experiments/V1_train_tinystories_lm.py:107: UserWarning: The given buffer is not writable, and PyTorch does not support non-writable tensors. This means you can write to the underlying (supposedly non-writable) buffer using the tensor. You may want to copy the buffer to protect its data or make it writable before converting it to a tensor. This type of warning will be suppressed for the rest of this program. (Triggered internally at /__w/pytorch/pytorch/torch/csrc/utils/tensor_new.cpp:1556.)
  train_ids = torch.frombuffer(train_text.encode("utf-8", errors="ignore"), dtype=torch.uint8)
train bytes: 1,195,926,439  eval bytes: 2,859,070
model: wskan11real  params: 985,956  device: cuda
step     1  train 5.5732  eval 5.4857  pmax 3.0  (18s)
step  1000  train 1.3619  eval 1.3264  pmax 3.3  (152s)
step  2000  train 1.2210  eval 1.2387  pmax 3.5  (286s)
step  3000  train 1.2134  eval 1.2121  pmax 3.6  (420s)
step  4000  train 1.1981  eval 1.1814  pmax 3.6  (553s)
step  5000  train 1.2092  eval 1.1625  pmax 3.6  (687s)
step  6000  train 1.1433  eval 1.1450  pmax 3.7  (821s)
step  7000  train 1.1448  eval 1.1145  pmax 3.7  (954s)
step  8000  train 1.1290  eval 1.0989  pmax 3.7  (1088s)
step  9000  train 1.0900  eval 1.1410  pmax 3.7  (1222s)
step 10000  train 1.0801  eval 1.0657  pmax 3.8  (1356s)
  [checkpoint + sample saved at step 10000]
step 11000  train 1.1251  eval 1.0817  pmax 3.8  (1494s)
step 12000  train 1.0504  eval 1.0374  pmax 3.8  (1628s)
step 13000  train 1.0484  eval 1.0767  pmax 3.8  (1761s)
step 14000  train 1.0630  eval 1.0747  pmax 3.8  (1895s)
step 15000  train 1.0640  eval 1.0996  pmax 3.8  (2028s)
step 16000  train 1.0640  eval 1.0753  pmax 3.8  (2162s)
step 17000  train 1.0748  eval 1.0961  pmax 3.8  (2296s)
step 18000  train 1.0746  eval 1.0469  pmax 3.8  (2430s)
step 19000  train 1.1187  eval 1.0439  pmax 3.8  (2564s)
step 20000  train 1.0655  eval 1.0705  pmax 3.8  (2697s)
  [checkpoint + sample saved at step 20000]
step 21000  train 1.0438  eval 1.0249  pmax 3.8  (2835s)
step 22000  train 1.0677  eval 1.0306  pmax 3.9  (2969s)
step 23000  train 1.0372  eval 1.0302  pmax 3.9  (3103s)
step 24000  train 1.0285  eval 1.0328  pmax 3.9  (3237s)
step 25000  train 1.0713  eval 1.0180  pmax 3.9  (3371s)
step 26000  train 1.0167  eval 1.0311  pmax 3.9  (3504s)
step 27000  train 1.0329  eval 1.0453  pmax 3.9  (3638s)
step 28000  train 0.9890  eval 1.0110  pmax 3.9  (3772s)
step 29000  train 1.0482  eval 1.0468  pmax 3.9  (3906s)
step 30000  train 1.0173  eval 1.0365  pmax 3.9  (4039s)
  [checkpoint + sample saved at step 30000]
step 31000  train 0.9992  eval 1.0124  pmax 3.9  (4177s)
step 32000  train 1.0417  eval 0.9822  pmax 3.9  (4311s)
step 33000  train 1.0410  eval 1.0172  pmax 3.9  (4445s)
step 34000  train 1.0315  eval 1.0262  pmax 3.9  (4579s)
step 35000  train 0.9809  eval 1.0487  pmax 3.9  (4712s)
step 36000  train 1.0423  eval 1.0587  pmax 3.9  (4846s)
step 37000  train 0.9853  eval 1.0153  pmax 3.9  (4980s)
step 38000  train 0.9938  eval 1.0188  pmax 3.9  (5114s)
step 39000  train 1.0265  eval 0.9939  pmax 3.9  (5248s)
step 40000  train 1.0549  eval 0.9930  pmax 3.9  (5381s)
  [checkpoint + sample saved at step 40000]
step 41000  train 1.0143  eval 1.0277  pmax 3.9  (5519s)
step 42000  train 1.0024  eval 1.0161  pmax 3.9  (5653s)
step 43000  train 1.0393  eval 1.0220  pmax 3.9  (5787s)
step 44000  train 1.0004  eval 1.0064  pmax 3.9  (5921s)
step 45000  train 1.0436  eval 0.9992  pmax 3.9  (6054s)
step 46000  train 0.9787  eval 0.9711  pmax 3.9  (6188s)
step 47000  train 0.9839  eval 1.0033  pmax 3.9  (6322s)
step 48000  train 0.9772  eval 0.9920  pmax 3.9  (6456s)
step 49000  train 0.9831  eval 1.0245  pmax 3.9  (6589s)
step 50000  train 1.0345  eval 0.9690  pmax 3.9  (6723s)
  [checkpoint + sample saved at step 50000]
step 51000  train 0.9720  eval 1.0231  pmax 3.9  (6861s)
step 52000  train 0.9779  eval 1.0030  pmax 3.9  (6995s)
step 53000  train 1.0110  eval 1.0540  pmax 3.9  (7128s)
step 54000  train 0.9457  eval 0.9823  pmax 3.9  (7262s)
  [checkpoint + sample saved at step 54000]
done. artifacts in /home/luke/Wavelet-State-KAN/checkpoints/wskan11real_ultrachat_1m_3ep_s2024
