/home/luke/Wavelet-State-KAN/experiments/V1_train_tinystories_lm.py:107: UserWarning: The given buffer is not writable, and PyTorch does not support non-writable tensors. This means you can write to the underlying (supposedly non-writable) buffer using the tensor. You may want to copy the buffer to protect its data or make it writable before converting it to a tensor. This type of warning will be suppressed for the rest of this program. (Triggered internally at /__w/pytorch/pytorch/torch/csrc/utils/tensor_new.cpp:1556.)
  train_ids = torch.frombuffer(train_text.encode("utf-8", errors="ignore"), dtype=torch.uint8)
train bytes: 542,898,247  eval bytes: 130,357
model: wskan11real  params: 10,153,996  device: cuda
W0919 23:33:19.736000 68314 .venv/lib/python3.12/site-packages/torch/_inductor/utils.py:1806] [0/0] Not enough SMs to use max_autotune_gemm mode
step     1  train 5.5836  eval 4.5276  pmax 3.0  (19s)
step  1000  train 1.3145  eval 1.3275  pmax 3.1  (134s)
step  2000  train 1.3142  eval 1.2272  pmax 3.1  (249s)
step  3000  train 1.2023  eval 1.2502  pmax 3.2  (364s)
step  4000  train 1.1901  eval 1.2255  pmax 3.2  (478s)
step  5000  train 1.1817  eval 1.2167  pmax 3.2  (593s)
  [checkpoint + sample saved at step 5000]
step  6000  train 1.1891  eval 1.1581  pmax 3.2  (711s)
step  7000  train 1.1689  eval 1.1402  pmax 3.2  (826s)
step  8000  train 1.1775  eval 1.2030  pmax 3.3  (941s)
step  9000  train 1.1512  eval 1.1711  pmax 3.3  (1056s)
step 10000  train 1.1551  eval 1.1570  pmax 3.3  (1171s)
  [checkpoint + sample saved at step 10000]
step 11000  train 1.1279  eval 1.1184  pmax 3.3  (1288s)
step 12000  train 1.1279  eval 1.1286  pmax 3.3  (1403s)
step 13000  train 1.1241  eval 1.0895  pmax 3.3  (1518s)
step 14000  train 1.1247  eval 1.1241  pmax 3.3  (1634s)
step 15000  train 1.1137  eval 1.1118  pmax 3.3  (1749s)
  [checkpoint + sample saved at step 15000]
step 16000  train 1.1294  eval 1.1371  pmax 3.3  (1865s)
step 17000  train 1.1207  eval 1.1209  pmax 3.3  (1981s)
step 18000  train 1.0761  eval 1.1308  pmax 3.3  (2095s)
step 19000  train 1.1187  eval 1.0791  pmax 3.3  (2210s)
step 20000  train 1.1152  eval 1.0918  pmax 3.3  (2325s)
  [checkpoint + sample saved at step 20000]
step 21000  train 1.0868  eval 1.1154  pmax 3.3  (2441s)
step 22000  train 1.1036  eval 1.1081  pmax 3.3  (2556s)
step 23000  train 1.0937  eval 1.1015  pmax 3.3  (2671s)
step 24000  train 1.0746  eval 1.1076  pmax 3.3  (2785s)
step 25000  train 1.0940  eval 1.0909  pmax 3.3  (2900s)
  [checkpoint + sample saved at step 25000]
step 26000  train 1.0733  eval 1.0755  pmax 3.3  (3017s)
step 27000  train 1.0949  eval 1.0725  pmax 3.3  (3131s)
step 28000  train 1.0775  eval 1.0900  pmax 3.3  (3246s)
step 29000  train 1.1231  eval 1.1049  pmax 3.3  (3361s)
step 30000  train 1.1030  eval 1.1230  pmax 3.3  (3476s)
  [checkpoint + sample saved at step 30000]
step 31000  train 1.0876  eval 1.0720  pmax 3.3  (3592s)
step 32000  train 1.0762  eval 1.1480  pmax 3.3  (3707s)
step 33000  train 1.0337  eval 1.0718  pmax 3.3  (3822s)
  [checkpoint + sample saved at step 33000]
done. artifacts in /home/luke/Wavelet-State-KAN/checkpoints/wskan11real_wikitext_10m_3ep_s31337
