/home/luke/Wavelet-State-KAN/experiments/V1_train_tinystories_lm.py:107: UserWarning: The given buffer is not writable, and PyTorch does not support non-writable tensors. This means you can write to the underlying (supposedly non-writable) buffer using the tensor. You may want to copy the buffer to protect its data or make it writable before converting it to a tensor. This type of warning will be suppressed for the rest of this program. (Triggered internally at /__w/pytorch/pytorch/torch/csrc/utils/tensor_new.cpp:1556.)
  train_ids = torch.frombuffer(train_text.encode("utf-8", errors="ignore"), dtype=torch.uint8)
train bytes: 542,898,247  eval bytes: 130,357
model: wskan11  params: 985,956  device: cuda
W0919 10:04:56.169000 2779448 .venv/lib/python3.12/site-packages/torch/_inductor/utils.py:1806] [0/0] Not enough SMs to use max_autotune_gemm mode
step     1  train 5.5691  eval 5.4789  pmax 18.9  (78s)
step  1000  train 1.4985  eval 1.4778  pmax 18.9  (143s)
step  2000  train 1.4145  eval 1.3817  pmax 19.0  (207s)
step  3000  train 1.3278  eval 1.3565  pmax 19.0  (272s)
step  4000  train 1.3282  eval 1.2880  pmax 19.0  (337s)
step  5000  train 1.2936  eval 1.2860  pmax 19.0  (401s)
step  6000  train 1.2820  eval 1.2266  pmax 19.0  (466s)
step  7000  train 1.2680  eval 1.2406  pmax 19.0  (530s)
step  8000  train 1.2243  eval 1.2532  pmax 19.0  (594s)
step  9000  train 1.2748  eval 1.2477  pmax 19.0  (658s)
step 10000  train 1.2374  eval 1.2178  pmax 19.0  (723s)
  [checkpoint + sample saved at step 10000]
step 11000  train 1.2451  eval 1.2465  pmax 19.0  (793s)
step 12000  train 1.2527  eval 1.2358  pmax 19.1  (857s)
step 13000  train 1.2159  eval 1.1921  pmax 19.1  (921s)
step 14000  train 1.2504  eval 1.2315  pmax 19.1  (986s)
step 15000  train 1.2128  eval 1.1939  pmax 19.1  (1050s)
step 16000  train 1.1999  eval 1.2312  pmax 19.1  (1115s)
step 17000  train 1.1824  eval 1.1913  pmax 19.1  (1179s)
step 18000  train 1.1863  eval 1.2487  pmax 19.1  (1244s)
step 19000  train 1.1933  eval 1.1791  pmax 19.2  (1308s)
step 20000  train 1.1795  eval 1.2034  pmax 19.2  (1372s)
  [checkpoint + sample saved at step 20000]
step 21000  train 1.2089  eval 1.1769  pmax 19.2  (1442s)
step 22000  train 1.2040  eval 1.2235  pmax 19.3  (1507s)
step 23000  train 1.1906  eval 1.1805  pmax 19.3  (1571s)
step 24000  train 1.1770  eval 1.2084  pmax 19.3  (1635s)
step 25000  train 1.1523  eval 1.1661  pmax 19.4  (1700s)
step 26000  train 1.1658  eval 1.2069  pmax 19.4  (1764s)
step 27000  train 1.1740  eval 1.1777  pmax 19.4  (1828s)
step 28000  train 1.1665  eval 1.1562  pmax 19.4  (1892s)
step 29000  train 1.1746  eval 1.1606  pmax 19.5  (1957s)
step 30000  train 1.1840  eval 1.1700  pmax 19.5  (2021s)
  [checkpoint + sample saved at step 30000]
step 31000  train 1.1837  eval 1.1712  pmax 19.5  (2090s)
step 32000  train 1.2185  eval 1.1559  pmax 19.5  (2155s)
step 33000  train 1.1536  eval 1.1688  pmax 19.5  (2219s)
step 34000  train 1.1652  eval 1.1676  pmax 19.5  (2283s)
step 35000  train 1.1620  eval 1.1544  pmax 19.6  (2348s)
step 36000  train 1.1387  eval 1.1944  pmax 19.6  (2412s)
step 37000  train 1.1652  eval 1.1467  pmax 19.6  (2476s)
step 38000  train 1.1812  eval 1.1647  pmax 19.6  (2540s)
step 39000  train 1.1556  eval 1.1511  pmax 19.6  (2604s)
step 40000  train 1.1535  eval 1.1590  pmax 19.6  (2669s)
  [checkpoint + sample saved at step 40000]
step 41000  train 1.1465  eval 1.1347  pmax 19.7  (2738s)
step 42000  train 1.1480  eval 1.1325  pmax 19.7  (2803s)
step 43000  train 1.1543  eval 1.1237  pmax 19.7  (2867s)
step 44000  train 1.1976  eval 1.1232  pmax 19.7  (2932s)
step 45000  train 1.1762  eval 1.1682  pmax 19.6  (2996s)
step 46000  train 1.1601  eval 1.0984  pmax 19.7  (3060s)
step 47000  train 1.1458  eval 1.1808  pmax 19.7  (3125s)
step 48000  train 1.1421  eval 1.1444  pmax 19.7  (3189s)
step 49000  train 1.1754  eval 1.1467  pmax 19.7  (3254s)
step 50000  train 1.1749  eval 1.1475  pmax 19.7  (3318s)
  [checkpoint + sample saved at step 50000]
step 51000  train 1.1770  eval 1.1297  pmax 19.7  (3387s)
step 52000  train 1.1631  eval 1.1226  pmax 19.7  (3452s)
step 53000  train 1.1241  eval 1.1580  pmax 19.7  (3516s)
step 54000  train 1.1465  eval 1.1372  pmax 19.7  (3580s)
step 55000  train 1.1560  eval 1.1279  pmax 19.7  (3645s)
step 56000  train 1.1375  eval 1.1479  pmax 19.7  (3709s)
step 57000  train 1.1214  eval 1.1179  pmax 19.7  (3773s)
step 58000  train 1.1498  eval 1.1398  pmax 19.7  (3838s)
step 59000  train 1.1220  eval 1.1361  pmax 19.7  (3902s)
step 60000  train 1.1262  eval 1.1039  pmax 19.7  (3966s)
  [checkpoint + sample saved at step 60000]
step 61000  train 1.1503  eval 1.1007  pmax 19.7  (4036s)
step 62000  train 1.1394  eval 1.1575  pmax 19.7  (4100s)
step 63000  train 1.1192  eval 1.1446  pmax 19.7  (4164s)
step 64000  train 1.1298  eval 1.1448  pmax 19.7  (4229s)
step 65000  train 1.1365  eval 1.1088  pmax 19.7  (4293s)
step 66000  train 1.1342  eval 1.1302  pmax 19.7  (4357s)
  [checkpoint + sample saved at step 66000]
done. artifacts in /home/luke/Wavelet-State-KAN/checkpoints/wskan11_wikitext_1m_3ep_s123
