/home/luke/Wavelet-State-KAN/experiments/V1_train_tinystories_lm.py:107: UserWarning: The given buffer is not writable, and PyTorch does not support non-writable tensors. This means you can write to the underlying (supposedly non-writable) buffer using the tensor. You may want to copy the buffer to protect its data or make it writable before converting it to a tensor. This type of warning will be suppressed for the rest of this program. (Triggered internally at /__w/pytorch/pytorch/torch/csrc/utils/tensor_new.cpp:1556.)
  train_ids = torch.frombuffer(train_text.encode("utf-8", errors="ignore"), dtype=torch.uint8)
train bytes: 1,905,061,325  eval bytes: 405,730
model: wskan11  params: 12,546  device: cuda
step     1  train 5.5447  eval 5.5225  pmax 18.9  (8s)
step  1000  train 1.6595  eval 1.6628  pmax 19.1  (18s)
step  2000  train 1.6386  eval 1.6092  pmax 19.2  (28s)
step  3000  train 1.5955  eval 1.5662  pmax 19.7  (37s)
step  4000  train 1.6419  eval 1.5184  pmax 19.9  (47s)
step  5000  train 1.5469  eval 1.5455  pmax 20.1  (56s)
step  6000  train 1.5472  eval 1.4870  pmax 20.2  (66s)
step  7000  train 1.5050  eval 1.4876  pmax 20.3  (75s)
step  8000  train 1.5447  eval 1.5067  pmax 20.4  (85s)
step  9000  train 1.5489  eval 1.4913  pmax 20.4  (94s)
step 10000  train 1.5480  eval 1.5061  pmax 20.4  (103s)
step 11000  train 1.5253  eval 1.4839  pmax 20.5  (113s)
step 12000  train 1.5273  eval 1.5295  pmax 20.6  (122s)
step 13000  train 1.5208  eval 1.4766  pmax 20.6  (132s)
step 14000  train 1.4952  eval 1.5047  pmax 20.6  (141s)
step 15000  train 1.5354  eval 1.4845  pmax 20.6  (151s)
step 16000  train 1.5090  eval 1.4894  pmax 20.7  (161s)
step 17000  train 1.5249  eval 1.4798  pmax 20.7  (170s)
step 18000  train 1.4923  eval 1.4708  pmax 21.0  (179s)
step 19000  train 1.5411  eval 1.4704  pmax 21.5  (188s)
step 20000  train 1.5190  eval 1.5181  pmax 21.9  (198s)
step 21000  train 1.5471  eval 1.4837  pmax 22.3  (207s)
step 22000  train 1.5248  eval 1.4523  pmax 22.6  (216s)
step 23000  train 1.5008  eval 1.4612  pmax 22.9  (225s)
step 24000  train 1.5364  eval 1.4448  pmax 23.2  (235s)
step 25000  train 1.5240  eval 1.4578  pmax 23.5  (244s)
  [checkpoint + sample saved at step 25000]
step 26000  train 1.5117  eval 1.4580  pmax 23.8  (255s)
step 27000  train 1.5054  eval 1.4713  pmax 24.0  (264s)
step 28000  train 1.5316  eval 1.4484  pmax 24.1  (274s)
step 29000  train 1.5085  eval 1.4511  pmax 24.3  (283s)
step 30000  train 1.5253  eval 1.4697  pmax 24.5  (293s)
step 31000  train 1.5060  eval 1.4533  pmax 24.6  (302s)
step 32000  train 1.5096  eval 1.4518  pmax 24.7  (311s)
step 33000  train 1.4986  eval 1.4582  pmax 24.8  (321s)
step 34000  train 1.5252  eval 1.4834  pmax 24.8  (330s)
step 35000  train 1.4707  eval 1.4572  pmax 24.9  (340s)
step 36000  train 1.5149  eval 1.4655  pmax 24.9  (349s)
step 37000  train 1.5048  eval 1.4857  pmax 24.9  (358s)
step 38000  train 1.4993  eval 1.4709  pmax 24.9  (368s)
step 39000  train 1.4966  eval 1.4650  pmax 24.8  (377s)
step 40000  train 1.4497  eval 1.4563  pmax 24.8  (386s)
step 41000  train 1.5144  eval 1.4729  pmax 24.8  (396s)
step 42000  train 1.4687  eval 1.4348  pmax 24.8  (405s)
step 43000  train 1.5070  eval 1.4356  pmax 24.8  (415s)
step 44000  train 1.4596  eval 1.4301  pmax 24.7  (424s)
step 45000  train 1.5070  eval 1.4654  pmax 24.7  (434s)
step 46000  train 1.4730  eval 1.4390  pmax 24.7  (443s)
step 47000  train 1.4790  eval 1.4442  pmax 24.7  (453s)
step 48000  train 1.5039  eval 1.5004  pmax 24.7  (462s)
step 49000  train 1.5144  eval 1.4356  pmax 24.6  (471s)
step 50000  train 1.4864  eval 1.4464  pmax 24.6  (481s)
  [checkpoint + sample saved at step 50000]
step 51000  train 1.4726  eval 1.4280  pmax 24.6  (491s)
step 52000  train 1.5057  eval 1.4794  pmax 24.6  (500s)
step 53000  train 1.5060  eval 1.3997  pmax 24.6  (510s)
step 54000  train 1.4589  eval 1.4349  pmax 24.6  (520s)
step 55000  train 1.5070  eval 1.4476  pmax 24.6  (529s)
step 56000  train 1.4499  eval 1.4211  pmax 24.6  (539s)
step 57000  train 1.5143  eval 1.4642  pmax 24.6  (548s)
step 58000  train 1.4902  eval 1.4568  pmax 24.6  (558s)
step 59000  train 1.5232  eval 1.4622  pmax 24.6  (567s)
step 60000  train 1.4934  eval 1.4933  pmax 24.6  (577s)
  [checkpoint + sample saved at step 60000]
done. artifacts in /home/luke/Wavelet-State-KAN/checkpoints/wskan11_tinystories_10k_3ep_s2024
