/home/luke/Wavelet-State-KAN/experiments/V1_train_tinystories_lm.py:107: UserWarning: The given buffer is not writable, and PyTorch does not support non-writable tensors. This means you can write to the underlying (supposedly non-writable) buffer using the tensor. You may want to copy the buffer to protect its data or make it writable before converting it to a tensor. This type of warning will be suppressed for the rest of this program. (Triggered internally at /__w/pytorch/pytorch/torch/csrc/utils/tensor_new.cpp:1556.)
  train_ids = torch.frombuffer(train_text.encode("utf-8", errors="ignore"), dtype=torch.uint8)
train bytes: 1,195,926,439  eval bytes: 2,859,070
model: wskan11real  params: 12,546  device: cuda
step     1  train 5.5465  eval 5.5246  pmax 3.0  (8s)
step  1000  train 2.2119  eval 2.1981  pmax 3.1  (17s)
step  2000  train 2.1366  eval 2.0961  pmax 4.3  (26s)
step  3000  train 2.0988  eval 2.0896  pmax 6.2  (34s)
step  4000  train 2.0593  eval 2.0645  pmax 8.8  (43s)
step  5000  train 2.0572  eval 2.0123  pmax 11.1  (52s)
step  6000  train 2.0899  eval 2.0716  pmax 12.1  (61s)
step  7000  train 2.0253  eval 2.0762  pmax 12.5  (70s)
step  8000  train 2.0335  eval 2.0635  pmax 12.6  (78s)
step  9000  train 2.0281  eval 2.0038  pmax 13.3  (87s)
step 10000  train 2.0270  eval 2.0156  pmax 14.0  (96s)
step 11000  train 2.0157  eval 2.0044  pmax 14.2  (104s)
step 12000  train 2.0091  eval 2.0210  pmax 14.3  (113s)
step 13000  train 2.0245  eval 2.0686  pmax 14.2  (121s)
step 14000  train 2.0802  eval 2.0094  pmax 14.4  (130s)
step 15000  train 1.9760  eval 1.9587  pmax 14.6  (139s)
step 16000  train 2.0158  eval 2.0342  pmax 15.0  (147s)
step 17000  train 2.0103  eval 1.9980  pmax 16.1  (156s)
step 18000  train 1.9583  eval 2.0549  pmax 17.2  (165s)
step 19000  train 1.9726  eval 2.0545  pmax 18.2  (173s)
step 20000  train 1.9912  eval 2.0137  pmax 18.6  (182s)
step 21000  train 1.9904  eval 2.0669  pmax 19.1  (191s)
step 22000  train 1.9876  eval 1.9983  pmax 19.3  (199s)
step 23000  train 2.0295  eval 2.0008  pmax 19.5  (208s)
step 24000  train 1.9972  eval 1.9689  pmax 19.9  (216s)
step 25000  train 2.0565  eval 2.0094  pmax 20.4  (225s)
  [checkpoint + sample saved at step 25000]
step 26000  train 1.9720  eval 2.0098  pmax 21.0  (235s)
step 27000  train 1.9770  eval 2.0228  pmax 21.4  (244s)
step 28000  train 1.9463  eval 1.9814  pmax 21.7  (252s)
step 29000  train 2.0203  eval 2.0094  pmax 22.0  (261s)
step 30000  train 1.9951  eval 2.0000  pmax 22.3  (270s)
step 31000  train 1.9630  eval 1.9876  pmax 22.5  (278s)
step 32000  train 1.9747  eval 1.9568  pmax 22.8  (287s)
step 33000  train 1.9713  eval 1.9096  pmax 22.9  (296s)
step 34000  train 1.9475  eval 1.9950  pmax 23.1  (304s)
step 35000  train 1.9773  eval 2.0363  pmax 23.3  (313s)
step 36000  train 1.9841  eval 1.9423  pmax 23.3  (321s)
step 37000  train 2.0293  eval 2.0162  pmax 23.4  (330s)
step 38000  train 1.9462  eval 1.9408  pmax 23.5  (339s)
step 39000  train 2.0103  eval 1.9573  pmax 23.5  (347s)
step 40000  train 2.0087  eval 1.9584  pmax 23.5  (356s)
step 41000  train 2.0027  eval 1.9963  pmax 23.5  (365s)
step 42000  train 1.9992  eval 1.9999  pmax 23.5  (373s)
step 43000  train 1.9571  eval 2.0169  pmax 23.5  (382s)
step 44000  train 1.9224  eval 2.0273  pmax 23.5  (391s)
step 45000  train 1.9607  eval 1.9285  pmax 23.5  (399s)
step 46000  train 1.9554  eval 1.9989  pmax 23.5  (408s)
step 47000  train 1.9593  eval 1.9929  pmax 23.5  (416s)
step 48000  train 1.9298  eval 1.9296  pmax 23.5  (425s)
step 49000  train 1.9381  eval 2.0072  pmax 23.5  (433s)
step 50000  train 1.9403  eval 1.9778  pmax 23.5  (442s)
  [checkpoint + sample saved at step 50000]
step 51000  train 1.9687  eval 1.9589  pmax 23.5  (452s)
step 52000  train 1.9807  eval 1.9725  pmax 23.5  (460s)
step 53000  train 1.9389  eval 1.9608  pmax 23.5  (469s)
step 54000  train 1.9655  eval 1.9898  pmax 23.5  (478s)
  [checkpoint + sample saved at step 54000]
done. artifacts in /home/luke/Wavelet-State-KAN/checkpoints/wskan11real_ultrachat_10k_3ep_s31337
