/home/luke/Wavelet-State-KAN/experiments/V1_train_tinystories_lm.py:107: UserWarning: The given buffer is not writable, and PyTorch does not support non-writable tensors. This means you can write to the underlying (supposedly non-writable) buffer using the tensor. You may want to copy the buffer to protect its data or make it writable before converting it to a tensor. This type of warning will be suppressed for the rest of this program. (Triggered internally at /__w/pytorch/pytorch/torch/csrc/utils/tensor_new.cpp:1556.)
  train_ids = torch.frombuffer(train_text.encode("utf-8", errors="ignore"), dtype=torch.uint8)
train bytes: 1,905,061,325  eval bytes: 405,730
model: wskan11real  params: 12,546  device: cuda
step     1  train 5.5446  eval 5.5219  pmax 3.0  (8s)
step  1000  train 1.8287  eval 1.8074  pmax 3.9  (17s)
step  2000  train 1.7582  eval 1.7264  pmax 5.9  (26s)
step  3000  train 1.7032  eval 1.6732  pmax 6.4  (35s)
step  4000  train 1.6627  eval 1.6255  pmax 6.5  (45s)
step  5000  train 1.6742  eval 1.6582  pmax 7.7  (54s)
step  6000  train 1.6413  eval 1.5916  pmax 8.9  (64s)
step  7000  train 1.6284  eval 1.5667  pmax 10.1  (73s)
step  8000  train 1.6472  eval 1.5991  pmax 11.2  (82s)
step  9000  train 1.6272  eval 1.6156  pmax 12.3  (91s)
step 10000  train 1.6106  eval 1.6000  pmax 13.3  (100s)
step 11000  train 1.6083  eval 1.5935  pmax 14.1  (109s)
step 12000  train 1.5988  eval 1.5779  pmax 14.7  (118s)
step 13000  train 1.5896  eval 1.5715  pmax 15.2  (127s)
step 14000  train 1.5890  eval 1.5328  pmax 15.6  (136s)
step 15000  train 1.5874  eval 1.5302  pmax 16.6  (145s)
step 16000  train 1.5918  eval 1.5659  pmax 17.4  (154s)
step 17000  train 1.5995  eval 1.5533  pmax 17.9  (163s)
step 18000  train 1.5846  eval 1.5277  pmax 18.5  (172s)
step 19000  train 1.6118  eval 1.5525  pmax 18.9  (181s)
step 20000  train 1.5854  eval 1.5799  pmax 19.3  (190s)
step 21000  train 1.5813  eval 1.5311  pmax 19.6  (199s)
step 22000  train 1.6115  eval 1.5594  pmax 19.8  (208s)
step 23000  train 1.5843  eval 1.5538  pmax 19.9  (217s)
step 24000  train 1.5655  eval 1.5518  pmax 20.0  (227s)
step 25000  train 1.5859  eval 1.5686  pmax 20.0  (236s)
  [checkpoint + sample saved at step 25000]
step 26000  train 1.6102  eval 1.5515  pmax 20.0  (246s)
step 27000  train 1.5395  eval 1.5424  pmax 20.0  (255s)
step 28000  train 1.5980  eval 1.5481  pmax 20.0  (264s)
step 29000  train 1.5506  eval 1.5352  pmax 20.0  (273s)
step 30000  train 1.5865  eval 1.5663  pmax 19.9  (282s)
step 31000  train 1.5299  eval 1.5485  pmax 19.9  (291s)
step 32000  train 1.5567  eval 1.4851  pmax 19.9  (300s)
step 33000  train 1.5671  eval 1.5556  pmax 19.9  (309s)
step 34000  train 1.5621  eval 1.5203  pmax 19.9  (318s)
step 35000  train 1.5532  eval 1.5197  pmax 19.9  (327s)
step 36000  train 1.5587  eval 1.5045  pmax 19.8  (336s)
step 37000  train 1.5851  eval 1.5364  pmax 19.8  (345s)
step 38000  train 1.6124  eval 1.5156  pmax 19.7  (354s)
step 39000  train 1.5807  eval 1.5057  pmax 19.7  (363s)
step 40000  train 1.5468  eval 1.5128  pmax 19.7  (372s)
step 41000  train 1.5606  eval 1.4964  pmax 19.6  (381s)
step 42000  train 1.5569  eval 1.5537  pmax 19.6  (390s)
step 43000  train 1.5476  eval 1.5384  pmax 19.6  (399s)
step 44000  train 1.5394  eval 1.5329  pmax 19.6  (408s)
step 45000  train 1.5600  eval 1.4971  pmax 19.6  (417s)
step 46000  train 1.5783  eval 1.5186  pmax 19.6  (426s)
step 47000  train 1.5416  eval 1.5545  pmax 19.6  (435s)
step 48000  train 1.5353  eval 1.4965  pmax 19.5  (444s)
step 49000  train 1.5479  eval 1.5025  pmax 19.5  (453s)
step 50000  train 1.5350  eval 1.5403  pmax 19.5  (462s)
  [checkpoint + sample saved at step 50000]
step 51000  train 1.5833  eval 1.5047  pmax 19.5  (472s)
step 52000  train 1.5317  eval 1.5222  pmax 19.5  (482s)
step 53000  train 1.5304  eval 1.5395  pmax 19.5  (491s)
step 54000  train 1.5373  eval 1.5235  pmax 19.5  (500s)
step 55000  train 1.5836  eval 1.5031  pmax 19.5  (509s)
step 56000  train 1.5260  eval 1.5022  pmax 19.5  (518s)
step 57000  train 1.5506  eval 1.5236  pmax 19.5  (527s)
step 58000  train 1.5452  eval 1.5176  pmax 19.5  (536s)
step 59000  train 1.5654  eval 1.5166  pmax 19.5  (544s)
step 60000  train 1.5098  eval 1.4983  pmax 19.5  (553s)
  [checkpoint + sample saved at step 60000]
done. artifacts in /home/luke/Wavelet-State-KAN/checkpoints/wskan11real_tinystories_10k_3ep_s31337
