train bytes: 180,723,994  eval bytes: 405,730
model: wskan3  params: 101,856  device: cuda
W0912 09:54:21.217000 3509793 .venv/lib/python3.12/site-packages/torch/_inductor/utils.py:1806] [0/0] Not enough SMs to use max_autotune_gemm mode
step     1  train 5.5502  eval 5.5435  pmax 18.9  (564s)
step  2500  train 1.1855  eval 1.0910  pmax 18.9  (695s)
step  5000  train 1.0925  eval 1.0181  pmax 19.1  (828s)
step  7500  train 1.0205  eval 0.9774  pmax 19.2  (959s)
step 10000  train 0.9654  eval 0.9665  pmax 19.2  (1090s)
step 12500  train 0.9996  eval 0.8918  pmax 19.4  (1222s)
step 15000  train 0.9798  eval 0.8945  pmax 19.6  (1354s)
step 17500  train 0.9946  eval 0.9127  pmax 19.7  (1487s)
step 20000  train 0.9804  eval 0.9070  pmax 19.9  (1620s)
step 22500  train 0.9575  eval 0.9117  pmax 20.0  (1751s)
step 25000  train 0.9412  eval 0.8951  pmax 20.2  (1880s)
step 27500  train 0.9535  eval 0.8706  pmax 20.2  (2013s)
step 30000  train 0.9743  eval 0.8547  pmax 20.3  (2141s)
step 32500  train 0.9348  eval 0.8971  pmax 20.3  (2270s)
step 35000  train 0.9085  eval 0.9038  pmax 20.3  (2397s)
step 37500  train 0.8936  eval 0.9023  pmax 20.3  (2525s)
step 40000  train 0.9413  eval 0.8963  pmax 20.3  (2655s)
step 42500  train 0.9582  eval 0.8555  pmax 20.3  (2784s)
step 45000  train 0.9115  eval 0.8670  pmax 20.3  (2913s)
step 47500  train 0.9611  eval 0.9294  pmax 20.3  (3044s)
step 50000  train 0.9003  eval 0.8941  pmax 20.3  (3172s)
  [checkpoint + sample saved at step 50000]
step 52500  train 0.9660  eval 0.8973  pmax 20.2  (3307s)
step 55000  train 0.9384  eval 0.8769  pmax 20.2  (3435s)
step 57500  train 0.9424  eval 0.8183  pmax 20.2  (3566s)
step 60000  train 0.9663  eval 0.9343  pmax 20.2  (3690s)
step 62500  train 0.8985  eval 0.8512  pmax 20.2  (3824s)
step 65000  train 0.9107  eval 0.8200  pmax 20.1  (3951s)
step 67500  train 0.8917  eval 0.8631  pmax 20.1  (4078s)
step 70000  train 0.9339  eval 0.8709  pmax 20.1  (4208s)
step 72500  train 0.9526  eval 0.9027  pmax 20.1  (4338s)
step 75000  train 0.8504  eval 0.8867  pmax 20.1  (4466s)
step 77500  train 1.0001  eval 0.8651  pmax 20.1  (4594s)
step 80000  train 0.8712  eval 0.8803  pmax 20.0  (4722s)
step 82500  train 0.9406  eval 0.8521  pmax 20.0  (4851s)
step 85000  train 0.9172  eval 0.9200  pmax 20.0  (4976s)
step 87500  train 0.9132  eval 0.8457  pmax 20.0  (5106s)
step 90000  train 0.8901  eval 0.8511  pmax 20.0  (5236s)
step 92500  train 0.9174  eval 0.9118  pmax 20.0  (5364s)
step 95000  train 0.9212  eval 0.8583  pmax 20.0  (5491s)
step 97500  train 0.8546  eval 0.9017  pmax 20.0  (5620s)
step 100000  train 0.9274  eval 0.8636  pmax 20.0  (5752s)
  [checkpoint + sample saved at step 100000]
done. artifacts in /home/luke/Wavelet-State-KAN/checkpoints/wskan3_tinystories_interp_s2024
