/home/luke/Wavelet-State-KAN/experiments/V1_train_tinystories_lm.py:107: UserWarning: The given buffer is not writable, and PyTorch does not support non-writable tensors. This means you can write to the underlying (supposedly non-writable) buffer using the tensor. You may want to copy the buffer to protect its data or make it writable before converting it to a tensor. This type of warning will be suppressed for the rest of this program. (Triggered internally at /__w/pytorch/pytorch/torch/csrc/utils/tensor_new.cpp:1556.)
  train_ids = torch.frombuffer(train_text.encode("utf-8", errors="ignore"), dtype=torch.uint8)
train bytes: 1,905,061,325  eval bytes: 405,730
model: wskan11  params: 985,956  device: cuda
step     1  train 5.5705  eval 5.4770  pmax 18.9  (17s)
step  1000  train 1.0074  eval 1.0112  pmax 18.9  (82s)
step  2000  train 0.9471  eval 0.8762  pmax 19.0  (146s)
step  3000  train 0.8694  eval 0.8239  pmax 19.0  (210s)
step  4000  train 0.8903  eval 0.7854  pmax 19.0  (274s)
step  5000  train 0.8078  eval 0.7827  pmax 19.0  (338s)
step  6000  train 0.7944  eval 0.7434  pmax 19.0  (403s)
step  7000  train 0.7608  eval 0.7269  pmax 19.2  (467s)
step  8000  train 0.7967  eval 0.7354  pmax 19.2  (531s)
step  9000  train 0.7615  eval 0.7036  pmax 19.3  (595s)
step 10000  train 0.7681  eval 0.7218  pmax 19.3  (659s)
  [checkpoint + sample saved at step 10000]
step 11000  train 0.7697  eval 0.7018  pmax 19.4  (728s)
step 12000  train 0.7922  eval 0.6961  pmax 19.5  (793s)
step 13000  train 0.7531  eval 0.7128  pmax 19.5  (857s)
step 14000  train 0.7504  eval 0.7066  pmax 19.5  (921s)
step 15000  train 0.7842  eval 0.7363  pmax 19.5  (985s)
step 16000  train 0.7471  eval 0.6827  pmax 19.6  (1049s)
step 17000  train 0.7482  eval 0.7036  pmax 19.6  (1114s)
step 18000  train 0.7010  eval 0.7090  pmax 19.6  (1178s)
step 19000  train 0.7594  eval 0.6918  pmax 19.6  (1242s)
step 20000  train 0.7192  eval 0.6801  pmax 19.7  (1306s)
  [checkpoint + sample saved at step 20000]
step 21000  train 0.7248  eval 0.6745  pmax 19.7  (1375s)
step 22000  train 0.7253  eval 0.6991  pmax 19.7  (1439s)
step 23000  train 0.7577  eval 0.6533  pmax 19.7  (1503s)
step 24000  train 0.7090  eval 0.6304  pmax 19.7  (1567s)
step 25000  train 0.6968  eval 0.6695  pmax 19.8  (1632s)
step 26000  train 0.7142  eval 0.6981  pmax 19.8  (1696s)
step 27000  train 0.6805  eval 0.6604  pmax 19.9  (1760s)
step 28000  train 0.7655  eval 0.6486  pmax 19.9  (1824s)
step 29000  train 0.7307  eval 0.6488  pmax 19.9  (1888s)
step 30000  train 0.7178  eval 0.6665  pmax 20.0  (1953s)
  [checkpoint + sample saved at step 30000]
step 31000  train 0.7160  eval 0.6728  pmax 20.0  (2021s)
step 32000  train 0.7201  eval 0.6481  pmax 20.0  (2085s)
step 33000  train 0.7050  eval 0.6446  pmax 20.1  (2149s)
step 34000  train 0.7378  eval 0.6488  pmax 20.1  (2213s)
step 35000  train 0.6734  eval 0.6522  pmax 20.2  (2278s)
step 36000  train 0.6931  eval 0.6318  pmax 20.2  (2342s)
step 37000  train 0.7205  eval 0.6446  pmax 20.2  (2406s)
step 38000  train 0.6979  eval 0.6512  pmax 20.3  (2470s)
step 39000  train 0.6973  eval 0.6492  pmax 20.3  (2534s)
step 40000  train 0.7138  eval 0.6376  pmax 20.3  (2599s)
  [checkpoint + sample saved at step 40000]
step 41000  train 0.6903  eval 0.6803  pmax 20.3  (2667s)
step 42000  train 0.6600  eval 0.6697  pmax 20.3  (2731s)
step 43000  train 0.6957  eval 0.6396  pmax 20.4  (2796s)
step 44000  train 0.7184  eval 0.6271  pmax 20.4  (2860s)
step 45000  train 0.6878  eval 0.6519  pmax 20.4  (2924s)
step 46000  train 0.6892  eval 0.6433  pmax 20.4  (2988s)
step 47000  train 0.6829  eval 0.6511  pmax 20.4  (3052s)
step 48000  train 0.6979  eval 0.6410  pmax 20.5  (3117s)
step 49000  train 0.6866  eval 0.6549  pmax 20.5  (3181s)
step 50000  train 0.6940  eval 0.6393  pmax 20.5  (3245s)
  [checkpoint + sample saved at step 50000]
step 51000  train 0.6620  eval 0.6489  pmax 20.6  (3313s)
step 52000  train 0.6692  eval 0.6585  pmax 20.6  (3378s)
step 53000  train 0.7044  eval 0.6306  pmax 20.6  (3442s)
step 54000  train 0.6733  eval 0.6429  pmax 20.6  (3506s)
step 55000  train 0.6690  eval 0.6557  pmax 20.6  (3570s)
step 56000  train 0.6948  eval 0.5979  pmax 20.6  (3634s)
step 57000  train 0.6621  eval 0.6505  pmax 20.6  (3699s)
step 58000  train 0.6907  eval 0.6304  pmax 20.6  (3763s)
step 59000  train 0.6766  eval 0.6228  pmax 20.7  (3827s)
step 60000  train 0.6743  eval 0.6395  pmax 20.7  (3891s)
  [checkpoint + sample saved at step 60000]
step 61000  train 0.6814  eval 0.6225  pmax 20.7  (3960s)
step 62000  train 0.6845  eval 0.6127  pmax 20.7  (4024s)
step 63000  train 0.6835  eval 0.6213  pmax 20.7  (4088s)
step 64000  train 0.6840  eval 0.6234  pmax 20.7  (4152s)
step 65000  train 0.6616  eval 0.6416  pmax 20.7  (4216s)
step 66000  train 0.6698  eval 0.6345  pmax 20.7  (4281s)
step 67000  train 0.6754  eval 0.6262  pmax 20.7  (4345s)
step 68000  train 0.6698  eval 0.6081  pmax 20.7  (4409s)
step 69000  train 0.6622  eval 0.6461  pmax 20.7  (4473s)
step 70000  train 0.6855  eval 0.6151  pmax 20.7  (4537s)
  [checkpoint + sample saved at step 70000]
step 71000  train 0.6842  eval 0.6029  pmax 20.7  (4606s)
step 72000  train 0.6753  eval 0.6194  pmax 20.8  (4670s)
step 73000  train 0.6622  eval 0.6393  pmax 20.8  (4734s)
step 74000  train 0.6578  eval 0.6149  pmax 20.8  (4798s)
step 75000  train 0.6790  eval 0.6125  pmax 20.8  (4862s)
step 76000  train 0.6443  eval 0.6229  pmax 20.8  (4927s)
step 77000  train 0.6484  eval 0.6099  pmax 20.8  (4991s)
step 78000  train 0.6528  eval 0.6387  pmax 20.8  (5055s)
step 79000  train 0.6838  eval 0.5973  pmax 20.8  (5119s)
step 80000  train 0.6636  eval 0.6277  pmax 20.8  (5183s)
  [checkpoint + sample saved at step 80000]
step 81000  train 0.6656  eval 0.6273  pmax 20.8  (5252s)
step 82000  train 0.6621  eval 0.6215  pmax 20.8  (5316s)
step 83000  train 0.6482  eval 0.6267  pmax 20.8  (5380s)
step 84000  train 0.6728  eval 0.5893  pmax 20.8  (5444s)
step 85000  train 0.6594  eval 0.6092  pmax 20.8  (5508s)
step 86000  train 0.6450  eval 0.5944  pmax 20.8  (5573s)
step 87000  train 0.6921  eval 0.6151  pmax 20.8  (5637s)
step 88000  train 0.6952  eval 0.6217  pmax 20.8  (5701s)
step 89000  train 0.6568  eval 0.6307  pmax 20.8  (5765s)
step 90000  train 0.6768  eval 0.6032  pmax 20.8  (5829s)
  [checkpoint + sample saved at step 90000]
step 91000  train 0.6559  eval 0.6319  pmax 20.8  (5898s)
step 92000  train 0.6585  eval 0.6134  pmax 20.8  (5962s)
step 93000  train 0.6268  eval 0.6082  pmax 20.8  (6026s)
step 94000  train 0.6639  eval 0.5982  pmax 20.8  (6091s)
step 95000  train 0.6759  eval 0.6218  pmax 20.8  (6155s)
step 96000  train 0.6699  eval 0.5890  pmax 20.8  (6219s)
step 97000  train 0.6688  eval 0.6458  pmax 20.8  (6283s)
step 98000  train 0.6348  eval 0.6288  pmax 20.8  (6347s)
step 99000  train 0.6843  eval 0.6172  pmax 20.8  (6411s)
step 100000  train 0.6875  eval 0.5742  pmax 20.8  (6476s)
  [checkpoint + sample saved at step 100000]
done. artifacts in /home/luke/Wavelet-State-KAN/checkpoints/wskan11_tinystories_1m_3ep_s2024
