/home/luke/Wavelet-State-KAN/experiments/V1_train_tinystories_lm.py:107: UserWarning: The given buffer is not writable, and PyTorch does not support non-writable tensors. This means you can write to the underlying (supposedly non-writable) buffer using the tensor. You may want to copy the buffer to protect its data or make it writable before converting it to a tensor. This type of warning will be suppressed for the rest of this program. (Triggered internally at /__w/pytorch/pytorch/torch/csrc/utils/tensor_new.cpp:1556.)
  train_ids = torch.frombuffer(train_text.encode("utf-8", errors="ignore"), dtype=torch.uint8)
train bytes: 1,195,926,439  eval bytes: 2,859,070
model: wskan11  params: 3,610  device: cuda
W0920 08:41:22.450000 657318 .venv/lib/python3.12/site-packages/torch/_inductor/utils.py:1806] [0/1] Not enough SMs to use max_autotune_gemm mode
step     1  train 5.5495  eval 5.5451  pmax 18.9  (14s)
step  1000  train 2.6295  eval 2.6518  pmax 18.9  (23s)
step  2000  train 2.5703  eval 2.5642  pmax 18.6  (32s)
step  3000  train 2.5489  eval 2.5459  pmax 18.7  (40s)
step  4000  train 2.4809  eval 2.5282  pmax 19.3  (49s)
step  5000  train 2.4837  eval 2.5280  pmax 19.8  (58s)
step  6000  train 2.4907  eval 2.4988  pmax 20.2  (66s)
step  7000  train 2.4741  eval 2.5024  pmax 20.3  (75s)
step  8000  train 2.4585  eval 2.4583  pmax 20.3  (84s)
step  9000  train 2.4823  eval 2.4652  pmax 20.3  (93s)
step 10000  train 2.5006  eval 2.5043  pmax 20.3  (101s)
step 11000  train 2.4902  eval 2.5259  pmax 20.3  (110s)
step 12000  train 2.4667  eval 2.4717  pmax 20.1  (119s)
step 13000  train 2.4385  eval 2.4515  pmax 19.9  (127s)
step 14000  train 2.4600  eval 2.4676  pmax 19.8  (136s)
step 15000  train 2.4825  eval 2.4716  pmax 19.8  (145s)
step 16000  train 2.4851  eval 2.4612  pmax 19.8  (153s)
step 17000  train 2.4379  eval 2.4816  pmax 19.8  (162s)
step 18000  train 2.4893  eval 2.4413  pmax 19.8  (171s)
step 19000  train 2.4358  eval 2.4696  pmax 19.8  (180s)
step 20000  train 2.4594  eval 2.4479  pmax 19.8  (188s)
step 21000  train 2.4329  eval 2.4194  pmax 19.8  (196s)
step 22000  train 2.4924  eval 2.4659  pmax 19.8  (205s)
step 23000  train 2.4108  eval 2.4621  pmax 19.8  (213s)
step 24000  train 2.4584  eval 2.4555  pmax 19.8  (222s)
step 25000  train 2.4467  eval 2.4508  pmax 19.8  (230s)
  [checkpoint + sample saved at step 25000]
step 26000  train 2.4355  eval 2.4300  pmax 19.9  (240s)
step 27000  train 2.4641  eval 2.4674  pmax 19.9  (249s)
step 28000  train 2.4713  eval 2.4291  pmax 19.9  (258s)
step 29000  train 2.4328  eval 2.4641  pmax 19.9  (266s)
step 30000  train 2.5058  eval 2.4577  pmax 19.9  (275s)
step 31000  train 2.4129  eval 2.4461  pmax 19.9  (284s)
step 32000  train 2.4547  eval 2.4176  pmax 19.9  (292s)
step 33000  train 2.5130  eval 2.4555  pmax 19.9  (301s)
step 34000  train 2.4669  eval 2.4667  pmax 19.9  (310s)
step 35000  train 2.4408  eval 2.4487  pmax 19.9  (318s)
step 36000  train 2.4862  eval 2.4298  pmax 19.9  (327s)
  [checkpoint + sample saved at step 36000]
done. artifacts in /home/luke/Wavelet-State-KAN/checkpoints/wskan11_ultrachat_1k_3ep_s42
