/home/luke/Wavelet-State-KAN/experiments/V1_train_tinystories_lm.py:107: UserWarning: The given buffer is not writable, and PyTorch does not support non-writable tensors. This means you can write to the underlying (supposedly non-writable) buffer using the tensor. You may want to copy the buffer to protect its data or make it writable before converting it to a tensor. This type of warning will be suppressed for the rest of this program. (Triggered internally at /__w/pytorch/pytorch/torch/csrc/utils/tensor_new.cpp:1556.)
  train_ids = torch.frombuffer(train_text.encode("utf-8", errors="ignore"), dtype=torch.uint8)
train bytes: 542,898,247  eval bytes: 130,357
model: wskan11real  params: 12,546  device: cuda
W0920 06:29:46.073000 554558 .venv/lib/python3.12/site-packages/torch/_inductor/utils.py:1806] [0/0] Not enough SMs to use max_autotune_gemm mode
step     1  train 5.5468  eval 5.5242  pmax 3.0  (12s)
step  1000  train 2.1484  eval 2.1673  pmax 3.5  (21s)
step  2000  train 2.0977  eval 2.1257  pmax 4.6  (29s)
step  3000  train 2.0975  eval 2.0792  pmax 5.3  (38s)
step  4000  train 2.0759  eval 2.0752  pmax 6.1  (46s)
step  5000  train 2.0595  eval 2.0493  pmax 6.6  (55s)
step  6000  train 2.0255  eval 2.0178  pmax 7.1  (64s)
step  7000  train 2.0348  eval 2.0111  pmax 7.7  (72s)
step  8000  train 2.0194  eval 2.0203  pmax 8.2  (81s)
step  9000  train 2.0387  eval 2.0340  pmax 8.6  (90s)
step 10000  train 2.0336  eval 2.0122  pmax 8.9  (98s)
step 11000  train 2.0148  eval 2.0043  pmax 9.2  (107s)
step 12000  train 2.0133  eval 1.9931  pmax 9.4  (115s)
step 13000  train 2.0005  eval 2.0132  pmax 10.3  (123s)
step 14000  train 1.9787  eval 2.0336  pmax 11.3  (131s)
step 15000  train 2.0362  eval 1.9995  pmax 12.0  (139s)
step 16000  train 1.9612  eval 1.9982  pmax 12.3  (148s)
step 17000  train 1.9902  eval 2.0120  pmax 12.4  (156s)
step 18000  train 1.9549  eval 1.9546  pmax 12.6  (164s)
step 19000  train 1.9756  eval 2.0048  pmax 13.9  (173s)
step 20000  train 2.0125  eval 1.9886  pmax 14.9  (181s)
step 21000  train 1.9912  eval 1.9759  pmax 16.0  (189s)
step 22000  train 1.9819  eval 1.9731  pmax 17.1  (198s)
step 23000  train 1.9877  eval 1.9527  pmax 18.2  (206s)
step 24000  train 1.9751  eval 1.9709  pmax 19.2  (214s)
step 25000  train 1.9637  eval 1.9605  pmax 20.2  (223s)
  [checkpoint + sample saved at step 25000]
step 26000  train 1.9757  eval 2.0140  pmax 21.1  (232s)
step 27000  train 2.0103  eval 1.9784  pmax 22.0  (241s)
step 28000  train 1.9700  eval 1.9696  pmax 22.8  (249s)
step 29000  train 1.9770  eval 2.0013  pmax 23.5  (257s)
step 30000  train 1.9657  eval 1.9511  pmax 24.1  (266s)
step 31000  train 2.0090  eval 1.9727  pmax 24.7  (274s)
step 32000  train 1.9568  eval 1.9653  pmax 25.2  (283s)
step 33000  train 1.9642  eval 1.9638  pmax 25.6  (291s)
step 34000  train 1.9740  eval 1.9864  pmax 25.9  (299s)
step 35000  train 1.9777  eval 1.9788  pmax 26.3  (308s)
step 36000  train 1.9344  eval 1.9756  pmax 26.6  (317s)
step 37000  train 1.9608  eval 1.9877  pmax 26.8  (325s)
step 38000  train 1.9758  eval 1.9831  pmax 27.0  (334s)
step 39000  train 1.9874  eval 1.9556  pmax 27.1  (342s)
step 40000  train 1.9469  eval 1.9690  pmax 27.3  (351s)
step 41000  train 1.9753  eval 1.9456  pmax 27.4  (359s)
step 42000  train 1.9774  eval 1.9914  pmax 27.5  (368s)
step 43000  train 1.9928  eval 1.9888  pmax 27.5  (377s)
step 44000  train 1.9811  eval 1.9704  pmax 27.6  (385s)
step 45000  train 1.9935  eval 1.9455  pmax 27.6  (393s)
step 46000  train 1.9628  eval 1.9568  pmax 27.6  (402s)
step 47000  train 1.9692  eval 2.0082  pmax 27.6  (410s)
step 48000  train 1.9694  eval 1.9584  pmax 27.6  (419s)
step 49000  train 1.9805  eval 1.9837  pmax 27.6  (427s)
step 50000  train 1.9562  eval 1.9354  pmax 27.6  (436s)
  [checkpoint + sample saved at step 50000]
done. artifacts in /home/luke/Wavelet-State-KAN/checkpoints/wskan11real_wikitext_10k_3ep_s123
