/home/luke/Wavelet-State-KAN/experiments/V1_train_tinystories_lm.py:107: UserWarning: The given buffer is not writable, and PyTorch does not support non-writable tensors. This means you can write to the underlying (supposedly non-writable) buffer using the tensor. You may want to copy the buffer to protect its data or make it writable before converting it to a tensor. This type of warning will be suppressed for the rest of this program. (Triggered internally at /__w/pytorch/pytorch/torch/csrc/utils/tensor_new.cpp:1556.)
  train_ids = torch.frombuffer(train_text.encode("utf-8", errors="ignore"), dtype=torch.uint8)
train bytes: 1,195,926,439  eval bytes: 2,859,070
model: wskan11real  params: 12,546  device: cuda
W0920 05:33:06.548000 508416 .venv/lib/python3.12/site-packages/torch/_inductor/utils.py:1806] [0/0] Not enough SMs to use max_autotune_gemm mode
step     1  train 5.5455  eval 5.5219  pmax 3.0  (14s)
step  1000  train 2.1954  eval 2.2079  pmax 3.6  (23s)
step  2000  train 2.1116  eval 2.1011  pmax 4.9  (32s)
step  3000  train 2.1084  eval 2.0722  pmax 5.5  (41s)
step  4000  train 2.0498  eval 2.1117  pmax 6.2  (49s)
step  5000  train 2.0547  eval 2.0054  pmax 8.0  (58s)
step  6000  train 2.0180  eval 2.0688  pmax 9.8  (67s)
step  7000  train 2.0506  eval 1.9893  pmax 10.7  (75s)
step  8000  train 2.0464  eval 1.9821  pmax 11.3  (84s)
step  9000  train 2.0308  eval 2.0408  pmax 11.8  (93s)
step 10000  train 2.0497  eval 2.0678  pmax 11.9  (101s)
step 11000  train 1.9953  eval 1.9693  pmax 11.8  (110s)
step 12000  train 1.9945  eval 2.0202  pmax 12.0  (118s)
step 13000  train 1.9774  eval 1.9424  pmax 11.9  (127s)
step 14000  train 1.9935  eval 1.9934  pmax 12.0  (135s)
step 15000  train 2.0123  eval 1.9558  pmax 12.2  (144s)
step 16000  train 1.9885  eval 2.0087  pmax 12.4  (153s)
step 17000  train 1.9441  eval 1.9966  pmax 12.6  (161s)
step 18000  train 2.0051  eval 1.9430  pmax 12.9  (170s)
step 19000  train 2.0141  eval 2.0000  pmax 13.0  (179s)
step 20000  train 1.9621  eval 2.0299  pmax 13.2  (187s)
step 21000  train 2.0040  eval 2.0253  pmax 13.3  (196s)
step 22000  train 2.0151  eval 2.0319  pmax 13.3  (204s)
step 23000  train 2.0093  eval 1.9402  pmax 13.5  (213s)
step 24000  train 1.9616  eval 1.9388  pmax 13.7  (221s)
step 25000  train 1.9870  eval 1.9756  pmax 13.9  (230s)
  [checkpoint + sample saved at step 25000]
step 26000  train 1.9392  eval 1.9660  pmax 14.1  (240s)
step 27000  train 1.9890  eval 1.9684  pmax 14.3  (248s)
step 28000  train 1.9681  eval 1.9815  pmax 14.4  (257s)
step 29000  train 1.9412  eval 1.9559  pmax 14.5  (265s)
step 30000  train 1.9982  eval 1.9802  pmax 14.6  (274s)
step 31000  train 1.9739  eval 2.0022  pmax 14.7  (282s)
step 32000  train 1.9723  eval 2.0023  pmax 14.8  (291s)
step 33000  train 1.9693  eval 1.9910  pmax 14.8  (300s)
step 34000  train 2.0101  eval 1.9460  pmax 14.9  (307s)
step 35000  train 1.9772  eval 1.9798  pmax 14.9  (316s)
step 36000  train 1.9910  eval 1.9987  pmax 14.9  (324s)
step 37000  train 1.9749  eval 2.0082  pmax 15.0  (333s)
step 38000  train 1.9263  eval 1.9839  pmax 15.1  (342s)
step 39000  train 1.9590  eval 1.9408  pmax 15.2  (350s)
step 40000  train 1.9954  eval 1.9307  pmax 15.2  (359s)
step 41000  train 1.9262  eval 1.9412  pmax 15.3  (368s)
step 42000  train 1.9674  eval 1.9603  pmax 15.3  (376s)
step 43000  train 1.9651  eval 1.9341  pmax 15.4  (385s)
step 44000  train 1.9486  eval 1.9243  pmax 15.4  (393s)
step 45000  train 1.9606  eval 1.9661  pmax 15.4  (402s)
step 46000  train 1.9515  eval 1.9394  pmax 15.4  (410s)
step 47000  train 1.9270  eval 1.9620  pmax 15.4  (419s)
step 48000  train 1.9683  eval 1.9672  pmax 15.4  (428s)
step 49000  train 1.9852  eval 1.9846  pmax 15.4  (436s)
step 50000  train 1.9997  eval 2.0008  pmax 15.4  (445s)
  [checkpoint + sample saved at step 50000]
step 51000  train 1.9642  eval 1.9952  pmax 15.5  (454s)
step 52000  train 1.9229  eval 1.9733  pmax 15.5  (463s)
step 53000  train 1.9451  eval 1.9446  pmax 15.5  (471s)
step 54000  train 1.9097  eval 1.9697  pmax 15.5  (480s)
  [checkpoint + sample saved at step 54000]
done. artifacts in /home/luke/Wavelet-State-KAN/checkpoints/wskan11real_ultrachat_10k_3ep_s123
