/home/luke/Wavelet-State-KAN/experiments/V1_train_tinystories_lm.py:107: UserWarning: The given buffer is not writable, and PyTorch does not support non-writable tensors. This means you can write to the underlying (supposedly non-writable) buffer using the tensor. You may want to copy the buffer to protect its data or make it writable before converting it to a tensor. This type of warning will be suppressed for the rest of this program. (Triggered internally at /__w/pytorch/pytorch/torch/csrc/utils/tensor_new.cpp:1556.)
  train_ids = torch.frombuffer(train_text.encode("utf-8", errors="ignore"), dtype=torch.uint8)
train bytes: 542,898,247  eval bytes: 130,357
model: wskan11  params: 113,612  device: cuda
W0920 13:34:18.840000 993754 .venv/lib/python3.12/site-packages/torch/_inductor/utils.py:1806] [0/0] Not enough SMs to use max_autotune_gemm mode
step     1  train 5.5520  eval 5.4607  pmax 18.9  (29s)
step  1000  train 1.5754  eval 1.6023  pmax 19.1  (42s)
step  2000  train 1.5577  eval 1.4820  pmax 19.4  (54s)
step  3000  train 1.4571  eval 1.5071  pmax 19.9  (68s)
step  4000  train 1.4599  eval 1.4902  pmax 20.3  (80s)
step  5000  train 1.4675  eval 1.4825  pmax 20.6  (93s)
step  6000  train 1.4589  eval 1.4459  pmax 21.0  (106s)
step  7000  train 1.4587  eval 1.4426  pmax 21.4  (119s)
step  8000  train 1.4360  eval 1.4413  pmax 21.8  (131s)
step  9000  train 1.4214  eval 1.4005  pmax 22.1  (143s)
step 10000  train 1.4568  eval 1.4053  pmax 22.4  (155s)
step 11000  train 1.4131  eval 1.3872  pmax 22.6  (168s)
step 12000  train 1.4263  eval 1.4084  pmax 22.8  (181s)
step 13000  train 1.4516  eval 1.4102  pmax 23.0  (194s)
step 14000  train 1.4255  eval 1.4136  pmax 23.2  (206s)
step 15000  train 1.3984  eval 1.3681  pmax 23.3  (219s)
step 16000  train 1.4055  eval 1.3994  pmax 23.4  (233s)
step 17000  train 1.4269  eval 1.3740  pmax 23.6  (246s)
step 18000  train 1.4158  eval 1.3870  pmax 23.7  (259s)
step 19000  train 1.4123  eval 1.3705  pmax 23.9  (273s)
step 20000  train 1.4349  eval 1.3752  pmax 24.1  (287s)
step 21000  train 1.4075  eval 1.3986  pmax 24.2  (300s)
step 22000  train 1.3864  eval 1.4246  pmax 24.3  (313s)
step 23000  train 1.4069  eval 1.3681  pmax 24.4  (326s)
step 24000  train 1.4145  eval 1.4062  pmax 24.5  (339s)
step 25000  train 1.4195  eval 1.4146  pmax 24.6  (352s)
  [checkpoint + sample saved at step 25000]
step 26000  train 1.3558  eval 1.4015  pmax 24.6  (368s)
step 27000  train 1.4049  eval 1.3392  pmax 24.7  (380s)
step 28000  train 1.3678  eval 1.3989  pmax 24.7  (393s)
step 29000  train 1.3914  eval 1.4133  pmax 24.8  (406s)
step 30000  train 1.4514  eval 1.3818  pmax 24.8  (419s)
step 31000  train 1.3692  eval 1.3597  pmax 24.9  (432s)
step 32000  train 1.4245  eval 1.4112  pmax 25.0  (445s)
step 33000  train 1.3945  eval 1.4117  pmax 25.0  (458s)
step 34000  train 1.3976  eval 1.3895  pmax 25.1  (471s)
step 35000  train 1.3846  eval 1.4036  pmax 25.1  (484s)
step 36000  train 1.3693  eval 1.3789  pmax 25.2  (497s)
step 37000  train 1.3915  eval 1.3514  pmax 25.3  (510s)
step 38000  train 1.3839  eval 1.4030  pmax 25.3  (523s)
step 39000  train 1.3949  eval 1.3460  pmax 25.3  (537s)
step 40000  train 1.4235  eval 1.4051  pmax 25.4  (550s)
step 41000  train 1.3801  eval 1.3991  pmax 25.4  (563s)
step 42000  train 1.3601  eval 1.3652  pmax 25.5  (576s)
step 43000  train 1.3976  eval 1.4101  pmax 25.5  (589s)
step 44000  train 1.3822  eval 1.3997  pmax 25.6  (602s)
step 45000  train 1.4086  eval 1.3730  pmax 25.6  (616s)
step 46000  train 1.3763  eval 1.3361  pmax 25.7  (629s)
step 47000  train 1.3690  eval 1.3334  pmax 25.7  (641s)
step 48000  train 1.4273  eval 1.3877  pmax 25.8  (654s)
step 49000  train 1.3899  eval 1.3338  pmax 25.8  (667s)
step 50000  train 1.3396  eval 1.3703  pmax 25.9  (680s)
  [checkpoint + sample saved at step 50000]
step 51000  train 1.3722  eval 1.3618  pmax 25.9  (695s)
step 52000  train 1.3477  eval 1.3506  pmax 26.0  (708s)
step 53000  train 1.3605  eval 1.3626  pmax 26.0  (722s)
step 54000  train 1.3698  eval 1.3541  pmax 26.1  (735s)
step 55000  train 1.4053  eval 1.3745  pmax 26.1  (748s)
step 56000  train 1.3356  eval 1.3466  pmax 26.1  (762s)
step 57000  train 1.4161  eval 1.3524  pmax 26.1  (775s)
step 58000  train 1.3683  eval 1.3907  pmax 26.2  (789s)
step 59000  train 1.3476  eval 1.3303  pmax 26.2  (803s)
step 60000  train 1.3377  eval 1.3942  pmax 26.2  (816s)
step 61000  train 1.3585  eval 1.3346  pmax 26.3  (830s)
step 62000  train 1.3936  eval 1.3555  pmax 26.3  (843s)
step 63000  train 1.4008  eval 1.3334  pmax 26.3  (856s)
step 64000  train 1.3432  eval 1.3466  pmax 26.3  (869s)
step 65000  train 1.3669  eval 1.3891  pmax 26.4  (882s)
step 66000  train 1.3657  eval 1.3422  pmax 26.4  (895s)
step 67000  train 1.3596  eval 1.3748  pmax 26.4  (908s)
step 68000  train 1.3578  eval 1.3738  pmax 26.4  (922s)
step 69000  train 1.3799  eval 1.3592  pmax 26.4  (935s)
step 70000  train 1.3883  eval 1.3769  pmax 26.4  (948s)
step 71000  train 1.3674  eval 1.3566  pmax 26.4  (961s)
step 72000  train 1.3438  eval 1.3708  pmax 26.5  (975s)
step 73000  train 1.3419  eval 1.3877  pmax 26.5  (988s)
step 74000  train 1.3938  eval 1.3795  pmax 26.5  (1001s)
step 75000  train 1.3355  eval 1.3362  pmax 26.5  (1014s)
  [checkpoint + sample saved at step 75000]
step 76000  train 1.3553  eval 1.2854  pmax 26.5  (1028s)
step 77000  train 1.3657  eval 1.3971  pmax 26.5  (1041s)
step 78000  train 1.3725  eval 1.3230  pmax 26.5  (1055s)
step 79000  train 1.3499  eval 1.3423  pmax 26.5  (1068s)
step 80000  train 1.3696  eval 1.3400  pmax 26.5  (1081s)
step 81000  train 1.3920  eval 1.3495  pmax 26.5  (1094s)
step 82000  train 1.3785  eval 1.3664  pmax 26.5  (1107s)
step 83000  train 1.4474  eval 1.3874  pmax 26.5  (1120s)
step 84000  train 1.3727  eval 1.3096  pmax 26.5  (1133s)
step 85000  train 1.3401  eval 1.3428  pmax 26.5  (1147s)
step 86000  train 1.3953  eval 1.3511  pmax 26.5  (1160s)
step 87000  train 1.3539  eval 1.3526  pmax 26.5  (1173s)
step 88000  train 1.3345  eval 1.3467  pmax 26.5  (1187s)
step 89000  train 1.4216  eval 1.3744  pmax 26.6  (1200s)
step 90000  train 1.3326  eval 1.3319  pmax 26.6  (1213s)
step 91000  train 1.3658  eval 1.3168  pmax 26.6  (1226s)
step 92000  train 1.3651  eval 1.3645  pmax 26.6  (1239s)
step 93000  train 1.3399  eval 1.3625  pmax 26.6  (1253s)
step 94000  train 1.3723  eval 1.3709  pmax 26.6  (1266s)
step 95000  train 1.3657  eval 1.3202  pmax 26.6  (1280s)
step 96000  train 1.3848  eval 1.3272  pmax 26.6  (1293s)
step 97000  train 1.3790  eval 1.3586  pmax 26.6  (1306s)
step 98000  train 1.3363  eval 1.3512  pmax 26.6  (1320s)
step 99000  train 1.3348  eval 1.3395  pmax 26.6  (1333s)
  [checkpoint + sample saved at step 99000]
done. artifacts in /home/luke/Wavelet-State-KAN/checkpoints/wskan11_wikitext_100k_3ep_s31337
