/home/luke/Wavelet-State-KAN/experiments/V1_train_tinystories_lm.py:107: UserWarning: The given buffer is not writable, and PyTorch does not support non-writable tensors. This means you can write to the underlying (supposedly non-writable) buffer using the tensor. You may want to copy the buffer to protect its data or make it writable before converting it to a tensor. This type of warning will be suppressed for the rest of this program. (Triggered internally at /__w/pytorch/pytorch/torch/csrc/utils/tensor_new.cpp:1556.)
  train_ids = torch.frombuffer(train_text.encode("utf-8", errors="ignore"), dtype=torch.uint8)
train bytes: 1,195,926,439  eval bytes: 2,859,070
model: wskan11real  params: 3,610  device: cuda
step     1  train 5.5536  eval 5.5444  pmax 3.0  (8s)
step  1000  train 2.6636  eval 2.6585  pmax 2.4  (16s)
step  2000  train 2.6159  eval 2.5855  pmax 3.5  (25s)
step  3000  train 2.5718  eval 2.5683  pmax 4.3  (33s)
step  4000  train 2.5573  eval 2.5430  pmax 5.3  (42s)
step  5000  train 2.5332  eval 2.5175  pmax 6.6  (51s)
step  6000  train 2.5773  eval 2.5445  pmax 8.3  (59s)
step  7000  train 2.5294  eval 2.5492  pmax 9.6  (68s)
step  8000  train 2.4975  eval 2.5391  pmax 10.8  (76s)
step  9000  train 2.5312  eval 2.4982  pmax 11.7  (85s)
step 10000  train 2.5027  eval 2.4920  pmax 12.4  (93s)
step 11000  train 2.4924  eval 2.4819  pmax 13.0  (102s)
step 12000  train 2.4937  eval 2.4956  pmax 13.4  (110s)
step 13000  train 2.5007  eval 2.5232  pmax 13.7  (119s)
step 14000  train 2.5817  eval 2.4951  pmax 13.9  (127s)
step 15000  train 2.4655  eval 2.4567  pmax 14.0  (136s)
step 16000  train 2.4925  eval 2.5282  pmax 14.2  (144s)
step 17000  train 2.5066  eval 2.4877  pmax 14.4  (153s)
step 18000  train 2.4671  eval 2.5263  pmax 14.8  (162s)
step 19000  train 2.4781  eval 2.5362  pmax 15.1  (170s)
step 20000  train 2.4894  eval 2.4937  pmax 15.4  (179s)
step 21000  train 2.4831  eval 2.5421  pmax 15.6  (187s)
step 22000  train 2.4680  eval 2.4926  pmax 15.9  (196s)
step 23000  train 2.5119  eval 2.4706  pmax 16.1  (204s)
step 24000  train 2.4831  eval 2.4474  pmax 16.2  (213s)
step 25000  train 2.5307  eval 2.4931  pmax 16.4  (222s)
  [checkpoint + sample saved at step 25000]
step 26000  train 2.4713  eval 2.5028  pmax 16.5  (231s)
step 27000  train 2.4817  eval 2.4971  pmax 16.6  (240s)
step 28000  train 2.4676  eval 2.4722  pmax 16.7  (249s)
step 29000  train 2.4986  eval 2.4951  pmax 16.7  (257s)
step 30000  train 2.4804  eval 2.4957  pmax 16.8  (266s)
step 31000  train 2.4894  eval 2.4850  pmax 16.8  (274s)
step 32000  train 2.4725  eval 2.4682  pmax 16.8  (283s)
step 33000  train 2.4632  eval 2.4327  pmax 16.8  (291s)
step 34000  train 2.4444  eval 2.4724  pmax 16.8  (300s)
step 35000  train 2.4785  eval 2.5212  pmax 16.8  (308s)
step 36000  train 2.4933  eval 2.4729  pmax 16.8  (317s)
  [checkpoint + sample saved at step 36000]
done. artifacts in /home/luke/Wavelet-State-KAN/checkpoints/wskan11real_ultrachat_1k_3ep_s31337
