/home/luke/Wavelet-State-KAN/experiments/V1_train_tinystories_lm.py:107: UserWarning: The given buffer is not writable, and PyTorch does not support non-writable tensors. This means you can write to the underlying (supposedly non-writable) buffer using the tensor. You may want to copy the buffer to protect its data or make it writable before converting it to a tensor. This type of warning will be suppressed for the rest of this program. (Triggered internally at /__w/pytorch/pytorch/torch/csrc/utils/tensor_new.cpp:1556.)
  train_ids = torch.frombuffer(train_text.encode("utf-8", errors="ignore"), dtype=torch.uint8)
train bytes: 1,195,926,439  eval bytes: 2,859,070
model: wskan11real  params: 3,610  device: cuda
step     1  train 5.5482  eval 5.5434  pmax 3.0  (8s)
step  1000  train 2.6307  eval 2.6286  pmax 3.2  (17s)
step  2000  train 2.5683  eval 2.5737  pmax 3.6  (26s)
step  3000  train 2.5629  eval 2.5657  pmax 4.2  (35s)
step  4000  train 2.5356  eval 2.5483  pmax 5.0  (44s)
step  5000  train 2.5731  eval 2.5040  pmax 5.7  (54s)
step  6000  train 2.5020  eval 2.5340  pmax 6.3  (62s)
step  7000  train 2.5260  eval 2.4908  pmax 7.0  (72s)
step  8000  train 2.5207  eval 2.5091  pmax 7.6  (81s)
step  9000  train 2.5710  eval 2.5382  pmax 8.1  (90s)
step 10000  train 2.5265  eval 2.5106  pmax 8.3  (99s)
step 11000  train 2.4954  eval 2.5349  pmax 8.4  (108s)
step 12000  train 2.5057  eval 2.4971  pmax 8.6  (117s)
step 13000  train 2.4967  eval 2.5311  pmax 8.7  (126s)
step 14000  train 2.5023  eval 2.4954  pmax 8.8  (135s)
step 15000  train 2.5671  eval 2.4920  pmax 8.9  (145s)
step 16000  train 2.5051  eval 2.4925  pmax 8.9  (154s)
step 17000  train 2.5484  eval 2.5040  pmax 8.9  (163s)
step 18000  train 2.5107  eval 2.5162  pmax 8.9  (172s)
step 19000  train 2.5130  eval 2.5013  pmax 9.0  (181s)
step 20000  train 2.4839  eval 2.4687  pmax 9.0  (190s)
step 21000  train 2.5698  eval 2.5122  pmax 9.0  (199s)
step 22000  train 2.5043  eval 2.4969  pmax 9.0  (209s)
step 23000  train 2.5014  eval 2.5208  pmax 9.0  (218s)
step 24000  train 2.4819  eval 2.5182  pmax 9.0  (227s)
step 25000  train 2.5076  eval 2.5050  pmax 9.0  (236s)
  [checkpoint + sample saved at step 25000]
step 26000  train 2.4969  eval 2.4993  pmax 9.0  (246s)
step 27000  train 2.4998  eval 2.5091  pmax 9.0  (255s)
step 28000  train 2.4935  eval 2.5306  pmax 9.0  (265s)
step 29000  train 2.5293  eval 2.4609  pmax 9.0  (273s)
step 30000  train 2.5058  eval 2.5124  pmax 9.0  (283s)
step 31000  train 2.5244  eval 2.4877  pmax 9.1  (292s)
step 32000  train 2.4574  eval 2.4748  pmax 9.1  (301s)
step 33000  train 2.4882  eval 2.4951  pmax 9.1  (310s)
step 34000  train 2.4828  eval 2.5625  pmax 9.1  (319s)
step 35000  train 2.5345  eval 2.5079  pmax 9.1  (329s)
step 36000  train 2.4847  eval 2.4738  pmax 9.1  (338s)
  [checkpoint + sample saved at step 36000]
done. artifacts in /home/luke/Wavelet-State-KAN/checkpoints/wskan11real_ultrachat_1k_3ep_s2024
