/home/luke/Wavelet-State-KAN/experiments/V1_train_tinystories_lm.py:107: UserWarning: The given buffer is not writable, and PyTorch does not support non-writable tensors. This means you can write to the underlying (supposedly non-writable) buffer using the tensor. You may want to copy the buffer to protect its data or make it writable before converting it to a tensor. This type of warning will be suppressed for the rest of this program. (Triggered internally at /__w/pytorch/pytorch/torch/csrc/utils/tensor_new.cpp:1556.)
  train_ids = torch.frombuffer(train_text.encode("utf-8", errors="ignore"), dtype=torch.uint8)
train bytes: 1,905,061,325  eval bytes: 405,730
model: wskan11  params: 113,612  device: cuda
step     1  train 5.5597  eval 5.4687  pmax 18.9  (11s)
step  1000  train 1.0970  eval 1.0782  pmax 19.1  (26s)
step  2000  train 1.0472  eval 0.9980  pmax 19.2  (41s)
step  3000  train 1.0526  eval 0.9716  pmax 19.2  (56s)
step  4000  train 1.0204  eval 0.9357  pmax 19.4  (71s)
step  5000  train 0.9950  eval 0.9425  pmax 19.6  (86s)
step  6000  train 0.9808  eval 0.9540  pmax 19.6  (100s)
step  7000  train 0.9806  eval 0.9262  pmax 19.9  (115s)
step  8000  train 0.9721  eval 0.9222  pmax 20.1  (130s)
step  9000  train 0.9749  eval 0.8874  pmax 20.2  (144s)
step 10000  train 0.9622  eval 0.9061  pmax 20.3  (159s)
step 11000  train 0.9734  eval 0.9015  pmax 20.4  (174s)
step 12000  train 0.9524  eval 0.9283  pmax 20.4  (189s)
step 13000  train 0.9419  eval 0.8927  pmax 20.6  (203s)
step 14000  train 0.9725  eval 0.9029  pmax 20.7  (217s)
step 15000  train 0.9727  eval 0.9300  pmax 20.8  (232s)
step 16000  train 0.9330  eval 0.9087  pmax 21.0  (246s)
step 17000  train 0.9210  eval 0.8931  pmax 21.2  (261s)
step 18000  train 0.9401  eval 0.8548  pmax 21.3  (276s)
step 19000  train 0.9291  eval 0.8782  pmax 21.4  (290s)
step 20000  train 0.9287  eval 0.9170  pmax 21.6  (305s)
step 21000  train 0.9228  eval 0.8790  pmax 21.5  (319s)
step 22000  train 0.9329  eval 0.8851  pmax 21.7  (333s)
step 23000  train 0.9152  eval 0.9121  pmax 21.8  (348s)
step 24000  train 0.9300  eval 0.8839  pmax 21.9  (362s)
step 25000  train 0.9062  eval 0.9162  pmax 22.0  (377s)
  [checkpoint + sample saved at step 25000]
step 26000  train 0.8972  eval 0.8987  pmax 22.0  (393s)
step 27000  train 0.9193  eval 0.8599  pmax 22.1  (408s)
step 28000  train 0.9139  eval 0.8956  pmax 22.1  (423s)
step 29000  train 0.9324  eval 0.8852  pmax 22.1  (437s)
step 30000  train 0.9367  eval 0.8703  pmax 22.2  (452s)
step 31000  train 0.9325  eval 0.9181  pmax 22.1  (466s)
step 32000  train 0.9535  eval 0.8922  pmax 22.1  (481s)
step 33000  train 0.8885  eval 0.8623  pmax 22.2  (495s)
step 34000  train 0.9610  eval 0.8487  pmax 22.2  (510s)
step 35000  train 0.9112  eval 0.8949  pmax 22.1  (525s)
step 36000  train 0.9125  eval 0.8765  pmax 22.2  (539s)
step 37000  train 0.9290  eval 0.8605  pmax 22.2  (554s)
step 38000  train 0.9162  eval 0.8742  pmax 22.1  (568s)
step 39000  train 0.9267  eval 0.8588  pmax 22.0  (583s)
step 40000  train 0.9281  eval 0.8713  pmax 22.1  (597s)
step 41000  train 0.9028  eval 0.8817  pmax 22.0  (612s)
step 42000  train 0.9183  eval 0.8903  pmax 22.0  (626s)
step 43000  train 0.9050  eval 0.8576  pmax 22.0  (641s)
step 44000  train 0.9325  eval 0.8935  pmax 21.9  (656s)
step 45000  train 0.9144  eval 0.8334  pmax 21.9  (670s)
step 46000  train 0.9471  eval 0.8533  pmax 21.8  (685s)
step 47000  train 0.9210  eval 0.8627  pmax 21.8  (699s)
step 48000  train 0.8963  eval 0.8922  pmax 21.8  (714s)
step 49000  train 0.9073  eval 0.8470  pmax 21.8  (729s)
step 50000  train 0.8658  eval 0.8654  pmax 21.7  (743s)
  [checkpoint + sample saved at step 50000]
step 51000  train 0.8825  eval 0.8423  pmax 21.7  (759s)
step 52000  train 0.9247  eval 0.8427  pmax 21.7  (774s)
step 53000  train 0.9060  eval 0.8300  pmax 21.6  (788s)
step 54000  train 0.9441  eval 0.8946  pmax 21.7  (803s)
step 55000  train 0.9342  eval 0.8426  pmax 21.6  (817s)
step 56000  train 0.9303  eval 0.8337  pmax 21.6  (831s)
step 57000  train 0.9074  eval 0.8592  pmax 21.6  (845s)
step 58000  train 0.8944  eval 0.8448  pmax 21.5  (859s)
step 59000  train 0.9245  eval 0.8785  pmax 21.6  (874s)
step 60000  train 0.9152  eval 0.8452  pmax 21.6  (888s)
step 61000  train 0.8887  eval 0.8685  pmax 21.5  (903s)
step 62000  train 0.9079  eval 0.8680  pmax 21.5  (917s)
step 63000  train 0.9047  eval 0.8556  pmax 21.5  (932s)
step 64000  train 0.9054  eval 0.8491  pmax 21.5  (946s)
step 65000  train 0.9293  eval 0.8824  pmax 21.4  (960s)
step 66000  train 0.9342  eval 0.8816  pmax 21.4  (975s)
step 67000  train 0.8899  eval 0.8762  pmax 21.5  (989s)
step 68000  train 0.8961  eval 0.8733  pmax 21.4  (1004s)
step 69000  train 0.9223  eval 0.8409  pmax 21.4  (1018s)
step 70000  train 0.9166  eval 0.8393  pmax 21.4  (1032s)
step 71000  train 0.8981  eval 0.8676  pmax 21.3  (1047s)
step 72000  train 0.9191  eval 0.8911  pmax 21.3  (1061s)
step 73000  train 0.9085  eval 0.8553  pmax 21.3  (1075s)
step 74000  train 0.8831  eval 0.8263  pmax 21.3  (1090s)
step 75000  train 0.9015  eval 0.8795  pmax 21.2  (1104s)
  [checkpoint + sample saved at step 75000]
step 76000  train 0.8813  eval 0.8495  pmax 21.2  (1121s)
step 77000  train 0.9166  eval 0.8448  pmax 21.2  (1135s)
step 78000  train 0.9163  eval 0.8666  pmax 21.3  (1149s)
step 79000  train 0.9074  eval 0.8021  pmax 21.3  (1164s)
step 80000  train 0.9205  eval 0.8592  pmax 21.2  (1178s)
step 81000  train 0.8749  eval 0.8454  pmax 21.2  (1193s)
step 82000  train 0.8955  eval 0.8403  pmax 21.2  (1207s)
step 83000  train 0.8821  eval 0.8530  pmax 21.1  (1222s)
step 84000  train 0.8937  eval 0.8546  pmax 21.0  (1237s)
step 85000  train 0.9092  eval 0.8462  pmax 21.1  (1252s)
step 86000  train 0.8558  eval 0.8438  pmax 21.0  (1266s)
step 87000  train 0.9068  eval 0.8601  pmax 21.0  (1281s)
step 88000  train 0.8837  eval 0.8581  pmax 21.0  (1295s)
step 89000  train 0.8985  eval 0.8190  pmax 21.0  (1310s)
step 90000  train 0.8879  eval 0.8297  pmax 20.9  (1324s)
step 91000  train 0.8915  eval 0.8472  pmax 20.8  (1339s)
step 92000  train 0.9132  eval 0.8647  pmax 20.9  (1353s)
step 93000  train 0.9295  eval 0.8188  pmax 20.8  (1367s)
step 94000  train 0.8901  eval 0.8381  pmax 20.8  (1382s)
step 95000  train 0.8981  eval 0.8332  pmax 20.8  (1397s)
step 96000  train 0.8893  eval 0.8419  pmax 20.8  (1411s)
step 97000  train 0.8955  eval 0.8103  pmax 20.7  (1426s)
step 98000  train 0.8837  eval 0.8299  pmax 20.6  (1440s)
step 99000  train 0.9060  eval 0.8598  pmax 20.6  (1456s)
step 100000  train 0.9013  eval 0.8358  pmax 20.6  (1470s)
  [checkpoint + sample saved at step 100000]
step 101000  train 0.9166  eval 0.8596  pmax 20.6  (1486s)
step 102000  train 0.8987  eval 0.8409  pmax 20.5  (1501s)
step 103000  train 0.9003  eval 0.8496  pmax 20.4  (1515s)
step 104000  train 0.8638  eval 0.8682  pmax 20.4  (1530s)
step 105000  train 0.9072  eval 0.8420  pmax 20.4  (1544s)
step 106000  train 0.8686  eval 0.8352  pmax 20.4  (1558s)
step 107000  train 0.8927  eval 0.8544  pmax 20.4  (1573s)
step 108000  train 0.8775  eval 0.8460  pmax 20.4  (1588s)
step 109000  train 0.8905  eval 0.8487  pmax 20.4  (1602s)
step 110000  train 0.8809  eval 0.8611  pmax 20.5  (1616s)
step 111000  train 0.8738  eval 0.8991  pmax 20.5  (1631s)
step 112000  train 0.9071  eval 0.8340  pmax 20.5  (1646s)
step 113000  train 0.8726  eval 0.8420  pmax 20.5  (1660s)
step 114000  train 0.8743  eval 0.8209  pmax 20.5  (1675s)
step 115000  train 0.8948  eval 0.8633  pmax 20.5  (1689s)
step 116000  train 0.8773  eval 0.8271  pmax 20.5  (1703s)
step 117000  train 0.8821  eval 0.8706  pmax 20.5  (1718s)
step 118000  train 0.8851  eval 0.8797  pmax 20.5  (1732s)
step 119000  train 0.8804  eval 0.8156  pmax 20.6  (1747s)
step 120000  train 0.8965  eval 0.8456  pmax 20.6  (1761s)
step 121000  train 0.8835  eval 0.8139  pmax 20.6  (1776s)
step 122000  train 0.8818  eval 0.8511  pmax 20.6  (1790s)
step 123000  train 0.9007  eval 0.8610  pmax 20.6  (1804s)
step 124000  train 0.9091  eval 0.8293  pmax 20.6  (1819s)
step 125000  train 0.9318  eval 0.8485  pmax 20.6  (1834s)
  [checkpoint + sample saved at step 125000]
step 126000  train 0.8957  eval 0.8546  pmax 20.6  (1850s)
step 127000  train 0.9292  eval 0.8403  pmax 20.7  (1864s)
step 128000  train 0.8753  eval 0.8550  pmax 20.6  (1879s)
step 129000  train 0.9035  eval 0.8189  pmax 20.7  (1893s)
step 130000  train 0.9008  eval 0.8497  pmax 20.6  (1908s)
step 131000  train 0.8741  eval 0.8120  pmax 20.6  (1922s)
step 132000  train 0.8936  eval 0.8351  pmax 20.7  (1936s)
step 133000  train 0.8767  eval 0.8088  pmax 20.7  (1951s)
step 134000  train 0.9026  eval 0.8392  pmax 20.7  (1965s)
step 135000  train 0.8715  eval 0.8396  pmax 20.7  (1980s)
step 136000  train 0.8497  eval 0.8391  pmax 20.7  (1994s)
step 137000  train 0.8736  eval 0.8114  pmax 20.7  (2009s)
step 138000  train 0.8788  eval 0.8722  pmax 20.7  (2023s)
step 139000  train 0.8901  eval 0.8454  pmax 20.7  (2038s)
step 140000  train 0.8785  eval 0.8052  pmax 20.7  (2052s)
step 141000  train 0.8732  eval 0.8263  pmax 20.7  (2066s)
step 142000  train 0.9063  eval 0.8561  pmax 20.7  (2080s)
step 143000  train 0.8868  eval 0.8527  pmax 20.7  (2095s)
step 144000  train 0.8903  eval 0.8396  pmax 20.8  (2109s)
step 145000  train 0.8793  eval 0.8071  pmax 20.7  (2124s)
step 146000  train 0.9165  eval 0.8319  pmax 20.7  (2138s)
step 147000  train 0.9122  eval 0.8562  pmax 20.8  (2152s)
step 148000  train 0.8990  eval 0.8297  pmax 20.8  (2167s)
step 149000  train 0.8742  eval 0.8516  pmax 20.8  (2181s)
step 150000  train 0.8753  eval 0.8768  pmax 20.8  (2195s)
  [checkpoint + sample saved at step 150000]
step 151000  train 0.8568  eval 0.8534  pmax 20.8  (2212s)
step 152000  train 0.8884  eval 0.8404  pmax 20.8  (2226s)
step 153000  train 0.8365  eval 0.8111  pmax 20.8  (2241s)
step 154000  train 0.8862  eval 0.8401  pmax 20.8  (2256s)
step 155000  train 0.8653  eval 0.8311  pmax 20.9  (2270s)
step 156000  train 0.8873  eval 0.8449  pmax 20.9  (2284s)
step 157000  train 0.8644  eval 0.8357  pmax 20.9  (2299s)
step 158000  train 0.8687  eval 0.8373  pmax 21.0  (2313s)
step 159000  train 0.8586  eval 0.8313  pmax 21.0  (2327s)
step 160000  train 0.8918  eval 0.8199  pmax 21.1  (2342s)
step 161000  train 0.8758  eval 0.8104  pmax 21.2  (2356s)
step 162000  train 0.8949  eval 0.8238  pmax 21.3  (2370s)
step 163000  train 0.8764  eval 0.8293  pmax 21.3  (2385s)
step 164000  train 0.8946  eval 0.8031  pmax 21.4  (2399s)
step 165000  train 0.8948  eval 0.8088  pmax 21.5  (2414s)
step 166000  train 0.8793  eval 0.8207  pmax 21.6  (2428s)
step 167000  train 0.8687  eval 0.8165  pmax 21.6  (2443s)
step 168000  train 0.8881  eval 0.8037  pmax 21.7  (2457s)
step 169000  train 0.8821  eval 0.8249  pmax 21.7  (2472s)
step 170000  train 0.8672  eval 0.8279  pmax 21.8  (2486s)
step 171000  train 0.8876  eval 0.8134  pmax 21.8  (2501s)
step 172000  train 0.8788  eval 0.8008  pmax 21.9  (2515s)
step 173000  train 0.8695  eval 0.7943  pmax 21.9  (2530s)
step 174000  train 0.9113  eval 0.8467  pmax 22.0  (2544s)
step 175000  train 0.8779  eval 0.8275  pmax 22.0  (2559s)
  [checkpoint + sample saved at step 175000]
step 176000  train 0.8774  eval 0.8519  pmax 22.1  (2575s)
step 177000  train 0.8800  eval 0.8299  pmax 22.2  (2589s)
step 178000  train 0.8886  eval 0.8469  pmax 22.3  (2604s)
step 179000  train 0.8621  eval 0.8417  pmax 22.3  (2618s)
step 180000  train 0.8830  eval 0.8153  pmax 22.4  (2633s)
step 181000  train 0.8535  eval 0.8549  pmax 22.5  (2647s)
step 182000  train 0.8849  eval 0.8537  pmax 22.5  (2662s)
step 183000  train 0.8953  eval 0.8245  pmax 22.6  (2677s)
step 184000  train 0.8835  eval 0.8299  pmax 22.6  (2691s)
step 185000  train 0.9074  eval 0.8612  pmax 22.7  (2706s)
step 186000  train 0.8701  eval 0.8331  pmax 22.7  (2720s)
step 187000  train 0.8563  eval 0.8308  pmax 22.7  (2735s)
step 188000  train 0.8909  eval 0.8698  pmax 22.8  (2750s)
step 189000  train 0.8991  eval 0.8535  pmax 22.8  (2764s)
step 190000  train 0.8424  eval 0.8193  pmax 22.8  (2779s)
step 191000  train 0.8638  eval 0.8237  pmax 22.8  (2794s)
step 192000  train 0.8404  eval 0.8121  pmax 22.8  (2808s)
step 193000  train 0.8688  eval 0.8151  pmax 22.8  (2822s)
step 194000  train 0.8770  eval 0.8000  pmax 22.8  (2837s)
step 195000  train 0.8959  eval 0.8294  pmax 22.8  (2852s)
step 196000  train 0.8897  eval 0.8064  pmax 22.9  (2866s)
step 197000  train 0.8583  eval 0.8013  pmax 22.9  (2881s)
step 198000  train 0.8597  eval 0.8592  pmax 22.9  (2895s)
step 199000  train 0.8738  eval 0.8174  pmax 23.0  (2910s)
step 200000  train 0.9073  eval 0.8547  pmax 23.0  (2924s)
  [checkpoint + sample saved at step 200000]
step 201000  train 0.8567  eval 0.8061  pmax 23.0  (2940s)
step 202000  train 0.8968  eval 0.8602  pmax 23.0  (2955s)
step 203000  train 0.8435  eval 0.8255  pmax 23.1  (2970s)
step 204000  train 0.8803  eval 0.8203  pmax 23.1  (2984s)
step 205000  train 0.8403  eval 0.8013  pmax 23.1  (2999s)
step 206000  train 0.8738  eval 0.8468  pmax 23.1  (3013s)
step 207000  train 0.8574  eval 0.8371  pmax 23.1  (3027s)
step 208000  train 0.8811  eval 0.8309  pmax 23.1  (3042s)
step 209000  train 0.8677  eval 0.8144  pmax 23.1  (3056s)
step 210000  train 0.8657  eval 0.8387  pmax 23.2  (3070s)
step 211000  train 0.9317  eval 0.8500  pmax 23.2  (3085s)
step 212000  train 0.8847  eval 0.8265  pmax 23.2  (3099s)
step 213000  train 0.8881  eval 0.8301  pmax 23.3  (3113s)
step 214000  train 0.8713  eval 0.7959  pmax 23.3  (3128s)
step 215000  train 0.8611  eval 0.8108  pmax 23.3  (3142s)
step 216000  train 0.8928  eval 0.8470  pmax 23.3  (3157s)
step 217000  train 0.9026  eval 0.8307  pmax 23.4  (3171s)
step 218000  train 0.8730  eval 0.8610  pmax 23.4  (3185s)
step 219000  train 0.8530  eval 0.8246  pmax 23.4  (3200s)
step 220000  train 0.8555  eval 0.8080  pmax 23.4  (3214s)
step 221000  train 0.8730  eval 0.8372  pmax 23.4  (3228s)
step 222000  train 0.8836  eval 0.8209  pmax 23.4  (3242s)
step 223000  train 0.9002  eval 0.8174  pmax 23.4  (3257s)
step 224000  train 0.8752  eval 0.8295  pmax 23.5  (3271s)
step 225000  train 0.8859  eval 0.8519  pmax 23.5  (3286s)
  [checkpoint + sample saved at step 225000]
step 226000  train 0.8562  eval 0.8425  pmax 23.5  (3302s)
step 227000  train 0.8802  eval 0.8249  pmax 23.5  (3316s)
step 228000  train 0.8666  eval 0.8222  pmax 23.5  (3330s)
step 229000  train 0.8884  eval 0.8331  pmax 23.5  (3345s)
step 230000  train 0.8885  eval 0.8290  pmax 23.5  (3359s)
step 231000  train 0.8446  eval 0.8160  pmax 23.5  (3373s)
step 232000  train 0.8894  eval 0.8230  pmax 23.5  (3388s)
step 233000  train 0.8619  eval 0.8034  pmax 23.5  (3402s)
step 234000  train 0.8667  eval 0.8317  pmax 23.5  (3417s)
step 235000  train 0.8887  eval 0.8270  pmax 23.6  (3431s)
step 236000  train 0.8628  eval 0.8153  pmax 23.5  (3446s)
step 237000  train 0.8896  eval 0.8259  pmax 23.6  (3460s)
step 238000  train 0.8739  eval 0.8443  pmax 23.6  (3474s)
step 239000  train 0.8698  eval 0.8348  pmax 23.6  (3489s)
step 240000  train 0.8613  eval 0.8149  pmax 23.6  (3503s)
step 241000  train 0.8626  eval 0.8129  pmax 23.6  (3518s)
step 242000  train 0.8500  eval 0.8350  pmax 23.6  (3533s)
step 243000  train 0.8868  eval 0.8650  pmax 23.6  (3547s)
step 244000  train 0.8454  eval 0.8269  pmax 23.6  (3562s)
step 245000  train 0.8369  eval 0.7891  pmax 23.6  (3577s)
step 246000  train 0.8745  eval 0.8369  pmax 23.6  (3591s)
step 247000  train 0.8843  eval 0.8429  pmax 23.6  (3606s)
step 248000  train 0.8581  eval 0.7937  pmax 23.6  (3621s)
step 249000  train 0.9246  eval 0.8357  pmax 23.6  (3635s)
step 250000  train 0.9008  eval 0.8318  pmax 23.6  (3649s)
  [checkpoint + sample saved at step 250000]
step 251000  train 0.8723  eval 0.8278  pmax 23.6  (3665s)
step 252000  train 0.8805  eval 0.8287  pmax 23.6  (3680s)
step 253000  train 0.8751  eval 0.8297  pmax 23.6  (3694s)
step 254000  train 0.8857  eval 0.7900  pmax 23.6  (3709s)
step 255000  train 0.8701  eval 0.8484  pmax 23.6  (3723s)
step 256000  train 0.8865  eval 0.8260  pmax 23.6  (3738s)
step 257000  train 0.8450  eval 0.8137  pmax 23.6  (3752s)
step 258000  train 0.8634  eval 0.8244  pmax 23.6  (3766s)
step 259000  train 0.8470  eval 0.7760  pmax 23.6  (3781s)
step 260000  train 0.9004  eval 0.8004  pmax 23.6  (3795s)
step 261000  train 0.8870  eval 0.8114  pmax 23.6  (3809s)
step 262000  train 0.8579  eval 0.7687  pmax 23.6  (3824s)
step 263000  train 0.8896  eval 0.8147  pmax 23.6  (3838s)
step 264000  train 0.8579  eval 0.8054  pmax 23.6  (3851s)
step 265000  train 0.8660  eval 0.8240  pmax 23.6  (3866s)
step 266000  train 0.8408  eval 0.8385  pmax 23.6  (3881s)
step 267000  train 0.8504  eval 0.8142  pmax 23.6  (3895s)
step 268000  train 0.9080  eval 0.8077  pmax 23.7  (3910s)
step 269000  train 0.8744  eval 0.8448  pmax 23.7  (3925s)
step 270000  train 0.8762  eval 0.8532  pmax 23.7  (3939s)
step 271000  train 0.8622  eval 0.8361  pmax 23.7  (3954s)
step 272000  train 0.8567  eval 0.8128  pmax 23.7  (3968s)
step 273000  train 0.8615  eval 0.8144  pmax 23.7  (3982s)
step 274000  train 0.8684  eval 0.8242  pmax 23.7  (3997s)
step 275000  train 0.8652  eval 0.7953  pmax 23.7  (4012s)
  [checkpoint + sample saved at step 275000]
step 276000  train 0.8569  eval 0.8019  pmax 23.7  (4028s)
step 277000  train 0.8507  eval 0.8295  pmax 23.7  (4042s)
step 278000  train 0.8664  eval 0.7896  pmax 23.7  (4057s)
step 279000  train 0.8496  eval 0.8068  pmax 23.7  (4072s)
step 280000  train 0.8537  eval 0.8483  pmax 23.7  (4086s)
step 281000  train 0.8758  eval 0.8218  pmax 23.7  (4101s)
step 282000  train 0.8391  eval 0.8114  pmax 23.7  (4116s)
step 283000  train 0.8879  eval 0.8199  pmax 23.7  (4130s)
step 284000  train 0.8611  eval 0.8280  pmax 23.7  (4145s)
step 285000  train 0.8523  eval 0.8198  pmax 23.7  (4159s)
step 286000  train 0.8290  eval 0.8396  pmax 23.7  (4173s)
step 287000  train 0.8745  eval 0.8032  pmax 23.7  (4188s)
step 288000  train 0.8378  eval 0.8113  pmax 23.7  (4202s)
step 289000  train 0.8577  eval 0.8603  pmax 23.7  (4217s)
step 290000  train 0.8625  eval 0.7904  pmax 23.7  (4231s)
step 291000  train 0.8446  eval 0.8529  pmax 23.7  (4246s)
step 292000  train 0.8869  eval 0.8190  pmax 23.7  (4260s)
step 293000  train 0.8513  eval 0.8188  pmax 23.7  (4275s)
step 294000  train 0.8731  eval 0.7842  pmax 23.7  (4289s)
step 295000  train 0.8482  eval 0.8328  pmax 23.7  (4304s)
step 296000  train 0.8615  eval 0.8071  pmax 23.7  (4318s)
step 297000  train 0.8678  eval 0.7965  pmax 23.7  (4333s)
step 298000  train 0.8928  eval 0.8363  pmax 23.7  (4347s)
step 299000  train 0.8591  eval 0.8196  pmax 23.7  (4361s)
step 300000  train 0.8847  eval 0.8059  pmax 23.7  (4376s)
  [checkpoint + sample saved at step 300000]
done. artifacts in /home/luke/Wavelet-State-KAN/checkpoints/wskan11_tinystories_100k_3ep_s7
