/home/luke/Wavelet-State-KAN/experiments/V1_train_tinystories_lm.py:107: UserWarning: The given buffer is not writable, and PyTorch does not support non-writable tensors. This means you can write to the underlying (supposedly non-writable) buffer using the tensor. You may want to copy the buffer to protect its data or make it writable before converting it to a tensor. This type of warning will be suppressed for the rest of this program. (Triggered internally at /__w/pytorch/pytorch/torch/csrc/utils/tensor_new.cpp:1556.)
  train_ids = torch.frombuffer(train_text.encode("utf-8", errors="ignore"), dtype=torch.uint8)
train bytes: 1,195,926,439  eval bytes: 2,859,070
model: wskan11real  params: 113,612  device: cuda
step     1  train 5.5439  eval 5.4530  pmax 3.0  (11s)
step  1000  train 1.5836  eval 1.5431  pmax 3.6  (34s)
step  2000  train 1.4598  eval 1.4620  pmax 3.8  (58s)
step  3000  train 1.4681  eval 1.4604  pmax 3.9  (81s)
step  4000  train 1.4490  eval 1.4343  pmax 4.3  (104s)
step  5000  train 1.4771  eval 1.4181  pmax 4.6  (127s)
step  6000  train 1.4061  eval 1.4120  pmax 4.7  (150s)
step  7000  train 1.4100  eval 1.3730  pmax 5.1  (173s)
step  8000  train 1.4055  eval 1.3698  pmax 5.4  (197s)
step  9000  train 1.3808  eval 1.4203  pmax 5.7  (220s)
step 10000  train 1.3728  eval 1.3463  pmax 6.0  (243s)
step 11000  train 1.3487  eval 1.3493  pmax 6.3  (266s)
step 12000  train 1.3909  eval 1.3385  pmax 6.5  (289s)
step 13000  train 1.3760  eval 1.4003  pmax 6.7  (312s)
step 14000  train 1.3384  eval 1.3595  pmax 6.8  (336s)
step 15000  train 1.3798  eval 1.3481  pmax 7.2  (359s)
step 16000  train 1.3352  eval 1.3695  pmax 7.5  (382s)
step 17000  train 1.3758  eval 1.3713  pmax 7.8  (405s)
step 18000  train 1.4021  eval 1.3461  pmax 8.1  (428s)
step 19000  train 1.3677  eval 1.3531  pmax 8.5  (451s)
step 20000  train 1.3305  eval 1.3993  pmax 8.8  (474s)
step 21000  train 1.4202  eval 1.3753  pmax 9.0  (497s)
step 22000  train 1.3706  eval 1.3330  pmax 9.2  (520s)
step 23000  train 1.3566  eval 1.3421  pmax 9.3  (543s)
step 24000  train 1.3483  eval 1.3795  pmax 9.4  (566s)
step 25000  train 1.3662  eval 1.3309  pmax 9.4  (589s)
  [checkpoint + sample saved at step 25000]
step 26000  train 1.3197  eval 1.3629  pmax 9.3  (615s)
step 27000  train 1.4029  eval 1.3826  pmax 9.3  (638s)
step 28000  train 1.3716  eval 1.3522  pmax 9.3  (661s)
step 29000  train 1.3812  eval 1.3389  pmax 9.2  (684s)
step 30000  train 1.3154  eval 1.3722  pmax 9.1  (707s)
step 31000  train 1.3730  eval 1.3069  pmax 9.0  (730s)
step 32000  train 1.3019  eval 1.3448  pmax 8.9  (753s)
step 33000  train 1.3377  eval 1.3483  pmax 8.8  (776s)
step 34000  train 1.3348  eval 1.3792  pmax 9.0  (799s)
step 35000  train 1.3507  eval 1.3575  pmax 9.3  (822s)
step 36000  train 1.2884  eval 1.2984  pmax 9.6  (845s)
step 37000  train 1.3317  eval 1.3059  pmax 9.8  (868s)
step 38000  train 1.3341  eval 1.3287  pmax 10.0  (891s)
step 39000  train 1.2942  eval 1.3198  pmax 10.2  (915s)
step 40000  train 1.3342  eval 1.3766  pmax 10.4  (938s)
step 41000  train 1.3714  eval 1.2773  pmax 10.5  (961s)
step 42000  train 1.3435  eval 1.3170  pmax 10.7  (984s)
step 43000  train 1.3699  eval 1.3497  pmax 10.8  (1007s)
step 44000  train 1.3051  eval 1.3432  pmax 10.9  (1030s)
step 45000  train 1.3171  eval 1.2988  pmax 11.1  (1053s)
step 46000  train 1.3104  eval 1.3235  pmax 11.2  (1076s)
step 47000  train 1.3112  eval 1.2986  pmax 11.3  (1099s)
step 48000  train 1.3181  eval 1.3548  pmax 11.3  (1122s)
step 49000  train 1.3273  eval 1.2666  pmax 11.4  (1145s)
step 50000  train 1.2917  eval 1.3138  pmax 11.5  (1168s)
  [checkpoint + sample saved at step 50000]
step 51000  train 1.3376  eval 1.2576  pmax 11.6  (1193s)
step 52000  train 1.3525  eval 1.3057  pmax 11.6  (1216s)
step 53000  train 1.3234  eval 1.2825  pmax 11.7  (1239s)
step 54000  train 1.3021  eval 1.2678  pmax 11.7  (1263s)
step 55000  train 1.3295  eval 1.2993  pmax 11.8  (1286s)
step 56000  train 1.3342  eval 1.2996  pmax 11.8  (1309s)
step 57000  train 1.3711  eval 1.3006  pmax 11.9  (1332s)
step 58000  train 1.3054  eval 1.3155  pmax 11.9  (1355s)
step 59000  train 1.2946  eval 1.2993  pmax 11.9  (1378s)
step 60000  train 1.3308  eval 1.2989  pmax 12.0  (1401s)
step 61000  train 1.3069  eval 1.3069  pmax 12.0  (1424s)
step 62000  train 1.2847  eval 1.2890  pmax 12.0  (1447s)
step 63000  train 1.2863  eval 1.2650  pmax 12.0  (1470s)
step 64000  train 1.2451  eval 1.2580  pmax 12.1  (1493s)
step 65000  train 1.2862  eval 1.3639  pmax 12.1  (1516s)
step 66000  train 1.2868  eval 1.3054  pmax 12.1  (1539s)
step 67000  train 1.3387  eval 1.3043  pmax 12.1  (1562s)
step 68000  train 1.3045  eval 1.3535  pmax 12.1  (1585s)
step 69000  train 1.3274  eval 1.3415  pmax 12.2  (1608s)
step 70000  train 1.3148  eval 1.3237  pmax 12.2  (1631s)
step 71000  train 1.3171  eval 1.2771  pmax 12.2  (1654s)
step 72000  train 1.2969  eval 1.2544  pmax 12.2  (1677s)
step 73000  train 1.3101  eval 1.3141  pmax 12.2  (1700s)
step 74000  train 1.3183  eval 1.3773  pmax 12.3  (1723s)
step 75000  train 1.3232  eval 1.3354  pmax 12.3  (1745s)
  [checkpoint + sample saved at step 75000]
step 76000  train 1.3284  eval 1.3393  pmax 12.3  (1770s)
step 77000  train 1.2801  eval 1.3126  pmax 12.3  (1793s)
step 78000  train 1.3710  eval 1.2206  pmax 12.3  (1816s)
step 79000  train 1.2483  eval 1.2763  pmax 12.3  (1839s)
step 80000  train 1.2956  eval 1.3267  pmax 12.3  (1862s)
step 81000  train 1.2517  eval 1.3345  pmax 12.3  (1885s)
step 82000  train 1.2792  eval 1.2878  pmax 12.4  (1908s)
step 83000  train 1.2960  eval 1.3044  pmax 12.4  (1931s)
step 84000  train 1.2985  eval 1.2838  pmax 12.4  (1954s)
step 85000  train 1.2787  eval 1.2565  pmax 12.4  (1976s)
step 86000  train 1.2740  eval 1.2878  pmax 12.4  (1999s)
step 87000  train 1.3050  eval 1.3437  pmax 12.4  (2022s)
step 88000  train 1.2838  eval 1.2815  pmax 12.4  (2045s)
step 89000  train 1.2333  eval 1.2911  pmax 12.4  (2068s)
step 90000  train 1.3115  eval 1.2868  pmax 12.4  (2091s)
step 91000  train 1.2680  eval 1.2737  pmax 12.4  (2114s)
step 92000  train 1.3456  eval 1.2676  pmax 12.4  (2137s)
step 93000  train 1.2840  eval 1.2696  pmax 12.4  (2160s)
step 94000  train 1.3200  eval 1.2622  pmax 12.4  (2183s)
step 95000  train 1.2615  eval 1.3006  pmax 12.4  (2206s)
step 96000  train 1.3141  eval 1.2721  pmax 12.4  (2229s)
step 97000  train 1.3364  eval 1.2479  pmax 12.4  (2251s)
step 98000  train 1.2908  eval 1.2435  pmax 12.4  (2274s)
step 99000  train 1.2873  eval 1.3071  pmax 12.4  (2297s)
step 100000  train 1.2536  eval 1.2530  pmax 12.4  (2320s)
  [checkpoint + sample saved at step 100000]
step 101000  train 1.3009  eval 1.2404  pmax 12.4  (2345s)
step 102000  train 1.2729  eval 1.3237  pmax 12.4  (2368s)
step 103000  train 1.3047  eval 1.3178  pmax 12.4  (2391s)
step 104000  train 1.2510  eval 1.3147  pmax 12.4  (2414s)
step 105000  train 1.2834  eval 1.3193  pmax 12.4  (2437s)
step 106000  train 1.2538  eval 1.2731  pmax 12.4  (2460s)
step 107000  train 1.2856  eval 1.3193  pmax 12.4  (2483s)
step 108000  train 1.3114  eval 1.2781  pmax 12.4  (2505s)
  [checkpoint + sample saved at step 108000]
done. artifacts in /home/luke/Wavelet-State-KAN/checkpoints/wskan11real_ultrachat_100k_3ep_s2024
