/home/luke/Wavelet-State-KAN/experiments/V1_train_tinystories_lm.py:107: UserWarning: The given buffer is not writable, and PyTorch does not support non-writable tensors. This means you can write to the underlying (supposedly non-writable) buffer using the tensor. You may want to copy the buffer to protect its data or make it writable before converting it to a tensor. This type of warning will be suppressed for the rest of this program. (Triggered internally at /__w/pytorch/pytorch/torch/csrc/utils/tensor_new.cpp:1556.)
  train_ids = torch.frombuffer(train_text.encode("utf-8", errors="ignore"), dtype=torch.uint8)
train bytes: 1,905,061,325  eval bytes: 405,730
model: wskan11real  params: 113,612  device: cuda
step     1  train 5.5598  eval 5.4678  pmax 3.0  (11s)
step  1000  train 1.1695  eval 1.1536  pmax 3.2  (26s)
step  2000  train 1.1130  eval 1.0563  pmax 3.3  (41s)
step  3000  train 1.1157  eval 1.0295  pmax 3.4  (55s)
step  4000  train 1.0758  eval 1.0000  pmax 3.5  (70s)
step  5000  train 1.0519  eval 1.0019  pmax 3.6  (84s)
step  6000  train 1.0330  eval 1.0073  pmax 3.9  (100s)
step  7000  train 1.0410  eval 0.9835  pmax 4.3  (114s)
step  8000  train 1.0369  eval 0.9719  pmax 4.6  (128s)
step  9000  train 1.0309  eval 0.9423  pmax 4.8  (143s)
step 10000  train 1.0143  eval 0.9549  pmax 4.9  (157s)
step 11000  train 1.0268  eval 0.9653  pmax 5.1  (171s)
step 12000  train 1.0025  eval 0.9801  pmax 5.5  (186s)
step 13000  train 0.9961  eval 0.9475  pmax 5.7  (200s)
step 14000  train 1.0207  eval 0.9482  pmax 6.0  (214s)
step 15000  train 1.0228  eval 0.9737  pmax 6.1  (229s)
step 16000  train 0.9784  eval 0.9553  pmax 6.2  (243s)
step 17000  train 0.9794  eval 0.9428  pmax 6.4  (257s)
step 18000  train 0.9866  eval 0.9049  pmax 6.5  (272s)
step 19000  train 0.9814  eval 0.9201  pmax 6.7  (286s)
step 20000  train 0.9799  eval 0.9601  pmax 6.9  (300s)
step 21000  train 0.9602  eval 0.9291  pmax 7.1  (315s)
step 22000  train 0.9828  eval 0.9314  pmax 7.2  (329s)
step 23000  train 0.9684  eval 0.9655  pmax 7.4  (343s)
step 24000  train 0.9722  eval 0.9292  pmax 7.4  (357s)
step 25000  train 0.9484  eval 0.9575  pmax 7.6  (372s)
  [checkpoint + sample saved at step 25000]
step 26000  train 0.9397  eval 0.9505  pmax 7.8  (388s)
step 27000  train 0.9636  eval 0.9087  pmax 7.9  (402s)
step 28000  train 0.9595  eval 0.9493  pmax 8.1  (417s)
step 29000  train 0.9790  eval 0.9398  pmax 8.2  (431s)
step 30000  train 0.9838  eval 0.9250  pmax 8.3  (445s)
step 31000  train 0.9698  eval 0.9657  pmax 8.4  (459s)
step 32000  train 1.0034  eval 0.9425  pmax 8.5  (473s)
step 33000  train 0.9391  eval 0.9064  pmax 8.6  (487s)
step 34000  train 1.0061  eval 0.8946  pmax 8.8  (502s)
step 35000  train 0.9496  eval 0.9427  pmax 8.8  (516s)
step 36000  train 0.9443  eval 0.9256  pmax 8.9  (531s)
step 37000  train 0.9862  eval 0.9096  pmax 9.0  (545s)
step 38000  train 0.9626  eval 0.9176  pmax 9.0  (559s)
step 39000  train 0.9703  eval 0.9014  pmax 9.1  (573s)
step 40000  train 0.9674  eval 0.9178  pmax 9.3  (587s)
step 41000  train 0.9448  eval 0.9367  pmax 9.3  (601s)
step 42000  train 0.9606  eval 0.9338  pmax 9.4  (615s)
step 43000  train 0.9568  eval 0.9046  pmax 9.3  (629s)
step 44000  train 0.9690  eval 0.9354  pmax 9.4  (643s)
step 45000  train 0.9659  eval 0.8817  pmax 9.4  (658s)
step 46000  train 0.9871  eval 0.8987  pmax 9.5  (672s)
step 47000  train 0.9664  eval 0.9044  pmax 9.5  (686s)
step 48000  train 0.9497  eval 0.9512  pmax 9.5  (700s)
step 49000  train 0.9491  eval 0.9015  pmax 9.6  (714s)
step 50000  train 0.9162  eval 0.9102  pmax 9.6  (728s)
  [checkpoint + sample saved at step 50000]
step 51000  train 0.9285  eval 0.8915  pmax 9.7  (745s)
step 52000  train 0.9661  eval 0.8885  pmax 9.7  (759s)
step 53000  train 0.9517  eval 0.8783  pmax 9.8  (774s)
step 54000  train 0.9889  eval 0.9445  pmax 9.9  (788s)
step 55000  train 0.9893  eval 0.8885  pmax 9.9  (803s)
step 56000  train 0.9706  eval 0.8794  pmax 9.9  (817s)
step 57000  train 0.9517  eval 0.9082  pmax 9.9  (831s)
step 58000  train 0.9420  eval 0.8970  pmax 9.9  (846s)
step 59000  train 0.9685  eval 0.9269  pmax 10.1  (860s)
step 60000  train 0.9617  eval 0.8896  pmax 10.1  (875s)
step 61000  train 0.9260  eval 0.9119  pmax 10.2  (889s)
step 62000  train 0.9592  eval 0.9158  pmax 10.1  (904s)
step 63000  train 0.9477  eval 0.9007  pmax 10.0  (918s)
step 64000  train 0.9574  eval 0.8992  pmax 10.0  (933s)
step 65000  train 0.9813  eval 0.9262  pmax 10.1  (947s)
step 66000  train 0.9882  eval 0.9240  pmax 10.1  (961s)
step 67000  train 0.9255  eval 0.9168  pmax 10.2  (976s)
step 68000  train 0.9404  eval 0.9174  pmax 10.3  (991s)
step 69000  train 0.9697  eval 0.8839  pmax 10.3  (1005s)
step 70000  train 0.9501  eval 0.8829  pmax 10.2  (1020s)
step 71000  train 0.9461  eval 0.9117  pmax 10.3  (1034s)
step 72000  train 0.9575  eval 0.9411  pmax 10.4  (1048s)
step 73000  train 0.9552  eval 0.9105  pmax 10.5  (1063s)
step 74000  train 0.9274  eval 0.8665  pmax 10.5  (1077s)
step 75000  train 0.9496  eval 0.9226  pmax 10.6  (1092s)
  [checkpoint + sample saved at step 75000]
step 76000  train 0.9284  eval 0.8932  pmax 10.5  (1108s)
step 77000  train 0.9564  eval 0.8885  pmax 10.6  (1122s)
step 78000  train 0.9533  eval 0.9053  pmax 10.6  (1136s)
step 79000  train 0.9531  eval 0.8503  pmax 10.6  (1151s)
step 80000  train 0.9658  eval 0.8979  pmax 10.6  (1165s)
step 81000  train 0.9140  eval 0.8853  pmax 10.6  (1179s)
step 82000  train 0.9428  eval 0.8750  pmax 10.7  (1193s)
step 83000  train 0.9164  eval 0.8939  pmax 10.8  (1208s)
step 84000  train 0.9365  eval 0.8926  pmax 11.0  (1222s)
step 85000  train 0.9582  eval 0.8962  pmax 11.1  (1237s)
step 86000  train 0.9061  eval 0.8824  pmax 11.2  (1251s)
step 87000  train 0.9522  eval 0.9115  pmax 11.3  (1265s)
step 88000  train 0.9249  eval 0.9056  pmax 11.4  (1280s)
step 89000  train 0.9386  eval 0.8607  pmax 11.5  (1294s)
step 90000  train 0.9294  eval 0.8710  pmax 11.7  (1308s)
step 91000  train 0.9325  eval 0.8939  pmax 11.7  (1323s)
step 92000  train 0.9564  eval 0.9113  pmax 11.8  (1337s)
step 93000  train 0.9733  eval 0.8651  pmax 11.9  (1352s)
step 94000  train 0.9319  eval 0.8749  pmax 12.0  (1366s)
step 95000  train 0.9490  eval 0.8745  pmax 12.1  (1380s)
step 96000  train 0.9350  eval 0.8882  pmax 12.2  (1395s)
step 97000  train 0.9349  eval 0.8571  pmax 12.3  (1409s)
step 98000  train 0.9273  eval 0.8717  pmax 12.4  (1424s)
step 99000  train 0.9538  eval 0.9053  pmax 12.5  (1438s)
step 100000  train 0.9490  eval 0.8801  pmax 12.6  (1453s)
  [checkpoint + sample saved at step 100000]
step 101000  train 0.9627  eval 0.9022  pmax 12.6  (1470s)
step 102000  train 0.9426  eval 0.8886  pmax 12.7  (1484s)
step 103000  train 0.9511  eval 0.8977  pmax 12.8  (1499s)
step 104000  train 0.9072  eval 0.9122  pmax 12.8  (1513s)
step 105000  train 0.9506  eval 0.8837  pmax 12.9  (1527s)
step 106000  train 0.9190  eval 0.8796  pmax 13.0  (1542s)
step 107000  train 0.9280  eval 0.8996  pmax 13.1  (1556s)
step 108000  train 0.9226  eval 0.8914  pmax 13.1  (1571s)
step 109000  train 0.9287  eval 0.8949  pmax 13.2  (1585s)
step 110000  train 0.9170  eval 0.9054  pmax 13.3  (1600s)
step 111000  train 0.9118  eval 0.9465  pmax 13.3  (1615s)
step 112000  train 0.9474  eval 0.8819  pmax 13.4  (1629s)
step 113000  train 0.9173  eval 0.8891  pmax 13.4  (1644s)
step 114000  train 0.9166  eval 0.8693  pmax 13.5  (1658s)
step 115000  train 0.9334  eval 0.9093  pmax 13.6  (1672s)
step 116000  train 0.9217  eval 0.8759  pmax 13.6  (1687s)
step 117000  train 0.9259  eval 0.9233  pmax 13.7  (1702s)
step 118000  train 0.9243  eval 0.9170  pmax 13.8  (1716s)
step 119000  train 0.9183  eval 0.8568  pmax 13.8  (1730s)
step 120000  train 0.9387  eval 0.8927  pmax 13.9  (1745s)
step 121000  train 0.9207  eval 0.8591  pmax 13.9  (1760s)
step 122000  train 0.9221  eval 0.9043  pmax 14.0  (1774s)
step 123000  train 0.9404  eval 0.9031  pmax 14.0  (1789s)
step 124000  train 0.9509  eval 0.8822  pmax 14.1  (1803s)
step 125000  train 0.9662  eval 0.8857  pmax 14.2  (1817s)
  [checkpoint + sample saved at step 125000]
step 126000  train 0.9416  eval 0.8978  pmax 14.2  (1833s)
step 127000  train 0.9797  eval 0.8760  pmax 14.2  (1848s)
step 128000  train 0.9215  eval 0.8957  pmax 14.3  (1862s)
step 129000  train 0.9387  eval 0.8663  pmax 14.3  (1877s)
step 130000  train 0.9438  eval 0.8969  pmax 14.4  (1891s)
step 131000  train 0.9132  eval 0.8495  pmax 14.4  (1906s)
step 132000  train 0.9497  eval 0.8797  pmax 14.5  (1920s)
step 133000  train 0.9284  eval 0.8569  pmax 14.5  (1934s)
step 134000  train 0.9429  eval 0.8850  pmax 14.6  (1949s)
step 135000  train 0.9148  eval 0.8835  pmax 14.6  (1963s)
step 136000  train 0.8924  eval 0.8825  pmax 14.6  (1977s)
step 137000  train 0.9136  eval 0.8548  pmax 14.7  (1991s)
step 138000  train 0.9141  eval 0.9127  pmax 14.7  (2006s)
step 139000  train 0.9323  eval 0.8891  pmax 14.7  (2021s)
step 140000  train 0.9253  eval 0.8474  pmax 14.8  (2036s)
step 141000  train 0.9122  eval 0.8696  pmax 14.8  (2050s)
step 142000  train 0.9485  eval 0.8995  pmax 14.9  (2065s)
step 143000  train 0.9268  eval 0.9014  pmax 14.9  (2079s)
step 144000  train 0.9223  eval 0.8726  pmax 14.9  (2093s)
step 145000  train 0.9208  eval 0.8481  pmax 15.0  (2108s)
step 146000  train 0.9589  eval 0.8852  pmax 15.0  (2122s)
step 147000  train 0.9543  eval 0.8999  pmax 15.0  (2136s)
step 148000  train 0.9370  eval 0.8733  pmax 15.1  (2150s)
step 149000  train 0.9166  eval 0.8960  pmax 15.1  (2164s)
step 150000  train 0.9188  eval 0.9323  pmax 15.1  (2179s)
  [checkpoint + sample saved at step 150000]
step 151000  train 0.9016  eval 0.8944  pmax 15.2  (2195s)
step 152000  train 0.9335  eval 0.8856  pmax 15.2  (2210s)
step 153000  train 0.8759  eval 0.8546  pmax 15.2  (2224s)
step 154000  train 0.9237  eval 0.8919  pmax 15.3  (2238s)
step 155000  train 0.9041  eval 0.8716  pmax 15.3  (2253s)
step 156000  train 0.9299  eval 0.8895  pmax 15.3  (2267s)
step 157000  train 0.9101  eval 0.8862  pmax 15.3  (2282s)
step 158000  train 0.9143  eval 0.8827  pmax 15.3  (2296s)
step 159000  train 0.8982  eval 0.8706  pmax 15.4  (2311s)
step 160000  train 0.9337  eval 0.8652  pmax 15.4  (2325s)
step 161000  train 0.9170  eval 0.8601  pmax 15.4  (2339s)
step 162000  train 0.9387  eval 0.8714  pmax 15.4  (2354s)
step 163000  train 0.9158  eval 0.8745  pmax 15.5  (2369s)
step 164000  train 0.9458  eval 0.8476  pmax 15.5  (2384s)
step 165000  train 0.9359  eval 0.8496  pmax 15.5  (2398s)
step 166000  train 0.9278  eval 0.8576  pmax 15.5  (2413s)
step 167000  train 0.9059  eval 0.8603  pmax 15.5  (2427s)
step 168000  train 0.9310  eval 0.8499  pmax 15.6  (2442s)
step 169000  train 0.9237  eval 0.8745  pmax 15.6  (2456s)
step 170000  train 0.9070  eval 0.8726  pmax 15.6  (2471s)
step 171000  train 0.9358  eval 0.8660  pmax 15.6  (2485s)
step 172000  train 0.9257  eval 0.8429  pmax 15.7  (2500s)
step 173000  train 0.9163  eval 0.8404  pmax 15.7  (2514s)
step 174000  train 0.9549  eval 0.8847  pmax 15.7  (2529s)
step 175000  train 0.9108  eval 0.8790  pmax 15.7  (2544s)
  [checkpoint + sample saved at step 175000]
step 176000  train 0.9072  eval 0.8993  pmax 15.7  (2560s)
step 177000  train 0.9215  eval 0.8822  pmax 15.7  (2574s)
step 178000  train 0.9297  eval 0.8997  pmax 15.7  (2588s)
step 179000  train 0.8969  eval 0.8886  pmax 15.8  (2603s)
step 180000  train 0.9178  eval 0.8668  pmax 15.8  (2617s)
step 181000  train 0.8903  eval 0.8965  pmax 15.8  (2632s)
step 182000  train 0.9202  eval 0.9017  pmax 15.9  (2646s)
step 183000  train 0.9407  eval 0.8689  pmax 15.9  (2661s)
step 184000  train 0.9204  eval 0.8714  pmax 15.9  (2675s)
step 185000  train 0.9539  eval 0.9114  pmax 16.0  (2690s)
step 186000  train 0.9089  eval 0.8777  pmax 16.0  (2705s)
step 187000  train 0.8960  eval 0.8767  pmax 16.0  (2720s)
step 188000  train 0.9297  eval 0.9124  pmax 16.1  (2734s)
step 189000  train 0.9399  eval 0.8976  pmax 16.1  (2749s)
step 190000  train 0.8830  eval 0.8623  pmax 16.1  (2763s)
step 191000  train 0.9061  eval 0.8608  pmax 16.1  (2778s)
step 192000  train 0.8800  eval 0.8580  pmax 16.2  (2792s)
step 193000  train 0.9087  eval 0.8631  pmax 16.2  (2807s)
step 194000  train 0.9179  eval 0.8453  pmax 16.2  (2821s)
step 195000  train 0.9333  eval 0.8782  pmax 16.2  (2835s)
step 196000  train 0.9311  eval 0.8499  pmax 16.2  (2850s)
step 197000  train 0.8985  eval 0.8427  pmax 16.3  (2864s)
step 198000  train 0.9048  eval 0.8898  pmax 16.3  (2878s)
step 199000  train 0.9127  eval 0.8671  pmax 16.3  (2893s)
step 200000  train 0.9431  eval 0.9130  pmax 16.3  (2907s)
  [checkpoint + sample saved at step 200000]
step 201000  train 0.8926  eval 0.8480  pmax 16.3  (2924s)
step 202000  train 0.9427  eval 0.9056  pmax 16.3  (2938s)
step 203000  train 0.8886  eval 0.8691  pmax 16.4  (2953s)
step 204000  train 0.9192  eval 0.8623  pmax 16.4  (2967s)
step 205000  train 0.8768  eval 0.8476  pmax 16.4  (2981s)
step 206000  train 0.9140  eval 0.8869  pmax 16.4  (2996s)
step 207000  train 0.9022  eval 0.8894  pmax 16.4  (3010s)
step 208000  train 0.9174  eval 0.8747  pmax 16.4  (3026s)
step 209000  train 0.9064  eval 0.8591  pmax 16.4  (3041s)
step 210000  train 0.9043  eval 0.8773  pmax 16.4  (3055s)
step 211000  train 0.9730  eval 0.8949  pmax 16.5  (3070s)
step 212000  train 0.9099  eval 0.8620  pmax 16.5  (3084s)
step 213000  train 0.9239  eval 0.8703  pmax 16.5  (3099s)
step 214000  train 0.9205  eval 0.8407  pmax 16.5  (3113s)
step 215000  train 0.9012  eval 0.8548  pmax 16.5  (3127s)
step 216000  train 0.9306  eval 0.8899  pmax 16.5  (3142s)
step 217000  train 0.9422  eval 0.8729  pmax 16.5  (3156s)
step 218000  train 0.9099  eval 0.9083  pmax 16.5  (3170s)
step 219000  train 0.8978  eval 0.8741  pmax 16.6  (3184s)
step 220000  train 0.8973  eval 0.8568  pmax 16.6  (3198s)
step 221000  train 0.9145  eval 0.8767  pmax 16.6  (3213s)
step 222000  train 0.9261  eval 0.8567  pmax 16.6  (3227s)
step 223000  train 0.9437  eval 0.8524  pmax 16.6  (3241s)
step 224000  train 0.9165  eval 0.8750  pmax 16.6  (3255s)
step 225000  train 0.9233  eval 0.8959  pmax 16.6  (3270s)
  [checkpoint + sample saved at step 225000]
step 226000  train 0.9032  eval 0.8882  pmax 16.6  (3286s)
step 227000  train 0.9192  eval 0.8622  pmax 16.6  (3300s)
step 228000  train 0.9038  eval 0.8607  pmax 16.6  (3315s)
step 229000  train 0.9326  eval 0.8743  pmax 16.6  (3330s)
step 230000  train 0.9269  eval 0.8801  pmax 16.6  (3344s)
step 231000  train 0.8893  eval 0.8560  pmax 16.6  (3359s)
step 232000  train 0.9321  eval 0.8673  pmax 16.6  (3373s)
step 233000  train 0.9112  eval 0.8488  pmax 16.6  (3388s)
step 234000  train 0.9018  eval 0.8692  pmax 16.6  (3403s)
step 235000  train 0.9335  eval 0.8702  pmax 16.6  (3417s)
step 236000  train 0.9095  eval 0.8605  pmax 16.6  (3432s)
step 237000  train 0.9309  eval 0.8661  pmax 16.7  (3447s)
step 238000  train 0.9052  eval 0.8865  pmax 16.7  (3461s)
step 239000  train 0.9063  eval 0.8808  pmax 16.7  (3476s)
step 240000  train 0.9007  eval 0.8590  pmax 16.7  (3490s)
step 241000  train 0.9076  eval 0.8530  pmax 16.7  (3504s)
step 242000  train 0.8947  eval 0.8691  pmax 16.7  (3519s)
step 243000  train 0.9273  eval 0.9092  pmax 16.7  (3534s)
step 244000  train 0.8888  eval 0.8690  pmax 16.7  (3548s)
step 245000  train 0.8730  eval 0.8327  pmax 16.7  (3562s)
step 246000  train 0.9055  eval 0.8851  pmax 16.7  (3577s)
step 247000  train 0.9221  eval 0.8844  pmax 16.7  (3591s)
step 248000  train 0.8940  eval 0.8328  pmax 16.7  (3606s)
step 249000  train 0.9697  eval 0.8826  pmax 16.7  (3621s)
step 250000  train 0.9384  eval 0.8812  pmax 16.7  (3635s)
  [checkpoint + sample saved at step 250000]
step 251000  train 0.9088  eval 0.8650  pmax 16.7  (3652s)
step 252000  train 0.9277  eval 0.8779  pmax 16.7  (3666s)
step 253000  train 0.9139  eval 0.8709  pmax 16.7  (3681s)
step 254000  train 0.9162  eval 0.8369  pmax 16.7  (3695s)
step 255000  train 0.9052  eval 0.8950  pmax 16.7  (3710s)
step 256000  train 0.9271  eval 0.8718  pmax 16.7  (3725s)
step 257000  train 0.8874  eval 0.8570  pmax 16.7  (3739s)
step 258000  train 0.8977  eval 0.8717  pmax 16.7  (3754s)
step 259000  train 0.8841  eval 0.8168  pmax 16.7  (3769s)
step 260000  train 0.9513  eval 0.8491  pmax 16.7  (3783s)
step 261000  train 0.9228  eval 0.8574  pmax 16.7  (3797s)
step 262000  train 0.8982  eval 0.8126  pmax 16.7  (3812s)
step 263000  train 0.9261  eval 0.8567  pmax 16.7  (3827s)
step 264000  train 0.9042  eval 0.8469  pmax 16.7  (3841s)
step 265000  train 0.9069  eval 0.8652  pmax 16.7  (3855s)
step 266000  train 0.8768  eval 0.8825  pmax 16.7  (3870s)
step 267000  train 0.8945  eval 0.8551  pmax 16.7  (3884s)
step 268000  train 0.9422  eval 0.8445  pmax 16.7  (3899s)
step 269000  train 0.9194  eval 0.8902  pmax 16.7  (3913s)
step 270000  train 0.9080  eval 0.8921  pmax 16.7  (3928s)
step 271000  train 0.9038  eval 0.8771  pmax 16.7  (3943s)
step 272000  train 0.8984  eval 0.8499  pmax 16.7  (3957s)
step 273000  train 0.8942  eval 0.8611  pmax 16.7  (3972s)
step 274000  train 0.9051  eval 0.8704  pmax 16.7  (3987s)
step 275000  train 0.9007  eval 0.8448  pmax 16.7  (4001s)
  [checkpoint + sample saved at step 275000]
step 276000  train 0.8997  eval 0.8433  pmax 16.7  (4018s)
step 277000  train 0.8877  eval 0.8745  pmax 16.7  (4032s)
step 278000  train 0.9081  eval 0.8328  pmax 16.7  (4047s)
step 279000  train 0.8899  eval 0.8505  pmax 16.7  (4062s)
step 280000  train 0.8988  eval 0.8938  pmax 16.7  (4077s)
step 281000  train 0.9092  eval 0.8658  pmax 16.7  (4091s)
step 282000  train 0.8776  eval 0.8525  pmax 16.7  (4106s)
step 283000  train 0.9261  eval 0.8572  pmax 16.7  (4120s)
step 284000  train 0.9037  eval 0.8653  pmax 16.7  (4134s)
step 285000  train 0.8881  eval 0.8614  pmax 16.7  (4149s)
step 286000  train 0.8705  eval 0.8804  pmax 16.7  (4163s)
step 287000  train 0.9103  eval 0.8516  pmax 16.7  (4178s)
step 288000  train 0.8781  eval 0.8498  pmax 16.7  (4193s)
step 289000  train 0.8941  eval 0.9015  pmax 16.7  (4207s)
step 290000  train 0.9102  eval 0.8293  pmax 16.7  (4221s)
step 291000  train 0.8875  eval 0.8874  pmax 16.7  (4236s)
step 292000  train 0.9215  eval 0.8661  pmax 16.7  (4250s)
step 293000  train 0.8982  eval 0.8676  pmax 16.7  (4265s)
step 294000  train 0.9183  eval 0.8243  pmax 16.7  (4280s)
step 295000  train 0.8871  eval 0.8722  pmax 16.7  (4294s)
step 296000  train 0.8999  eval 0.8540  pmax 16.7  (4309s)
step 297000  train 0.9049  eval 0.8369  pmax 16.7  (4323s)
step 298000  train 0.9312  eval 0.8769  pmax 16.7  (4338s)
step 299000  train 0.8992  eval 0.8662  pmax 16.7  (4353s)
step 300000  train 0.9264  eval 0.8421  pmax 16.7  (4367s)
  [checkpoint + sample saved at step 300000]
done. artifacts in /home/luke/Wavelet-State-KAN/checkpoints/wskan11real_tinystories_100k_3ep_s7
