train bytes: 180,263,596  eval bytes: 2,859,070
model: wskan7  params: 85,842  device: cuda
W0912 07:27:33.861000 3482215 .venv/lib/python3.12/site-packages/torch/_inductor/utils.py:1806] [0/0] Not enough SMs to use max_autotune_gemm mode
step     1  train 5.5569  eval 5.5314  pmax 18.9  (755s)
step  2500  train 1.6632  eval 1.6537  pmax 19.3  (988s)
step  5000  train 1.6249  eval 1.5468  pmax 19.5  (1200s)
step  7500  train 1.5234  eval 1.4433  pmax 19.7  (1414s)
step 10000  train 1.4935  eval 1.4015  pmax 19.7  (1627s)
step 12500  train 1.4468  eval 1.3892  pmax 19.7  (1841s)
step 15000  train 1.4344  eval 1.4821  pmax 19.9  (2051s)
step 17500  train 1.4710  eval 1.3867  pmax 20.1  (2262s)
step 20000  train 1.4645  eval 1.4981  pmax 20.1  (2478s)
step 22500  train 1.3973  eval 1.4509  pmax 20.1  (2691s)
step 25000  train 1.3640  eval 1.4901  pmax 20.2  (2903s)
step 27500  train 1.3969  eval 1.3310  pmax 20.5  (3112s)
step 30000  train 1.3880  eval 1.4161  pmax 20.8  (3327s)
step 32500  train 1.4445  eval 1.4288  pmax 21.1  (3537s)
step 35000  train 1.4245  eval 1.4423  pmax 21.4  (3750s)
step 37500  train 1.3960  eval 1.3610  pmax 21.7  (3959s)
step 40000  train 1.3496  eval 1.4078  pmax 21.9  (4169s)
step 42500  train 1.3149  eval 1.4992  pmax 22.1  (4379s)
step 45000  train 1.4180  eval 1.3910  pmax 22.2  (4592s)
step 47500  train 1.3720  eval 1.3226  pmax 22.4  (4800s)
step 50000  train 1.3483  eval 1.4299  pmax 22.5  (5014s)
  [checkpoint + sample saved at step 50000]
step 52500  train 1.3720  eval 1.4116  pmax 22.7  (5233s)
step 55000  train 1.3359  eval 1.4458  pmax 22.8  (5443s)
step 57500  train 1.3476  eval 1.3964  pmax 22.9  (5649s)
step 60000  train 1.3131  eval 1.4090  pmax 22.9  (5854s)
step 62500  train 1.3870  eval 1.4332  pmax 23.0  (6062s)
step 65000  train 1.3014  eval 1.3263  pmax 23.1  (6269s)
step 67500  train 1.4282  eval 1.3599  pmax 23.1  (6481s)
step 70000  train 1.3413  eval 1.3545  pmax 23.1  (6685s)
step 72500  train 1.3714  eval 1.3728  pmax 23.2  (6889s)
step 75000  train 1.3869  eval 1.3364  pmax 23.2  (7096s)
step 77500  train 1.3659  eval 1.3544  pmax 23.2  (7306s)
step 80000  train 1.2544  eval 1.3377  pmax 23.3  (7515s)
step 82500  train 1.4008  eval 1.4195  pmax 23.3  (7722s)
step 85000  train 1.4200  eval 1.3140  pmax 23.3  (7928s)
step 87500  train 1.4303  eval 1.3726  pmax 23.3  (8133s)
step 90000  train 1.5216  eval 1.3607  pmax 23.3  (8342s)
step 92500  train 1.3389  eval 1.2902  pmax 23.3  (8553s)
step 95000  train 1.3673  eval 1.3033  pmax 23.3  (8759s)
step 97500  train 1.3653  eval 1.3889  pmax 23.3  (8968s)
step 100000  train 1.4085  eval 1.3658  pmax 23.3  (9180s)
  [checkpoint + sample saved at step 100000]
done. artifacts in /home/luke/Wavelet-State-KAN/checkpoints/wskan7_ultrachat_interp_s123
