/home/luke/Wavelet-State-KAN/experiments/V1_train_tinystories_lm.py:107: UserWarning: The given buffer is not writable, and PyTorch does not support non-writable tensors. This means you can write to the underlying (supposedly non-writable) buffer using the tensor. You may want to copy the buffer to protect its data or make it writable before converting it to a tensor. This type of warning will be suppressed for the rest of this program. (Triggered internally at /__w/pytorch/pytorch/torch/csrc/utils/tensor_new.cpp:1556.)
  train_ids = torch.frombuffer(train_text.encode("utf-8", errors="ignore"), dtype=torch.uint8)
train bytes: 1,195,926,439  eval bytes: 2,859,070
model: wskan11  params: 12,546  device: cuda
step     1  train 5.5479  eval 5.5281  pmax 18.9  (7s)
step  1000  train 2.0445  eval 2.0489  pmax 19.3  (16s)
step  2000  train 1.9955  eval 1.9746  pmax 19.4  (25s)
step  3000  train 1.9798  eval 1.9615  pmax 19.4  (34s)
step  4000  train 1.9037  eval 1.9505  pmax 19.5  (43s)
step  5000  train 1.9376  eval 1.9945  pmax 19.6  (52s)
step  6000  train 1.9556  eval 1.9353  pmax 19.6  (61s)
step  7000  train 1.9438  eval 1.9783  pmax 19.6  (69s)
step  8000  train 1.9086  eval 1.9207  pmax 19.7  (78s)
step  9000  train 1.9271  eval 1.9459  pmax 19.8  (87s)
step 10000  train 1.9611  eval 1.9283  pmax 19.9  (95s)
step 11000  train 1.9461  eval 1.9947  pmax 20.0  (104s)
step 12000  train 1.9274  eval 1.9265  pmax 20.1  (113s)
step 13000  train 1.8750  eval 1.8896  pmax 20.2  (122s)
step 14000  train 1.9542  eval 1.9335  pmax 20.3  (130s)
step 15000  train 1.9610  eval 1.9225  pmax 20.3  (139s)
step 16000  train 1.9497  eval 1.9148  pmax 20.4  (148s)
step 17000  train 1.8708  eval 1.9438  pmax 20.4  (157s)
step 18000  train 1.9442  eval 1.9028  pmax 20.4  (165s)
step 19000  train 1.8924  eval 1.9283  pmax 20.4  (174s)
step 20000  train 1.9287  eval 1.8887  pmax 20.4  (183s)
step 21000  train 1.8811  eval 1.8733  pmax 20.4  (191s)
step 22000  train 1.9535  eval 1.9243  pmax 20.4  (200s)
step 23000  train 1.8743  eval 1.9351  pmax 20.4  (208s)
step 24000  train 1.9159  eval 1.9315  pmax 20.4  (216s)
step 25000  train 1.8980  eval 1.9177  pmax 20.4  (225s)
  [checkpoint + sample saved at step 25000]
step 26000  train 1.8936  eval 1.8849  pmax 20.5  (235s)
step 27000  train 1.9170  eval 1.9214  pmax 20.5  (244s)
step 28000  train 1.9395  eval 1.8724  pmax 20.9  (253s)
step 29000  train 1.8884  eval 1.9224  pmax 21.5  (262s)
step 30000  train 1.9498  eval 1.9151  pmax 22.0  (271s)
step 31000  train 1.8504  eval 1.8911  pmax 22.5  (279s)
step 32000  train 1.9212  eval 1.8748  pmax 22.9  (288s)
step 33000  train 1.9642  eval 1.8924  pmax 23.3  (297s)
step 34000  train 1.8732  eval 1.9422  pmax 23.7  (305s)
step 35000  train 1.8716  eval 1.8869  pmax 24.0  (314s)
step 36000  train 1.9507  eval 1.8644  pmax 24.4  (323s)
step 37000  train 1.8909  eval 1.8868  pmax 24.6  (331s)
step 38000  train 1.8878  eval 1.9893  pmax 24.8  (340s)
step 39000  train 1.8839  eval 1.9386  pmax 25.0  (348s)
step 40000  train 1.8959  eval 1.9442  pmax 25.2  (357s)
step 41000  train 1.8924  eval 1.9301  pmax 25.4  (366s)
step 42000  train 1.9121  eval 1.8819  pmax 25.5  (374s)
step 43000  train 1.8827  eval 1.9358  pmax 25.6  (383s)
step 44000  train 1.9271  eval 1.8664  pmax 25.7  (392s)
step 45000  train 1.9269  eval 1.8891  pmax 25.7  (400s)
step 46000  train 1.8824  eval 1.8991  pmax 25.8  (409s)
step 47000  train 1.9026  eval 1.8887  pmax 25.8  (418s)
step 48000  train 1.8883  eval 1.8497  pmax 25.8  (426s)
step 49000  train 1.8840  eval 1.8930  pmax 25.9  (435s)
step 50000  train 1.9114  eval 1.9317  pmax 25.9  (444s)
  [checkpoint + sample saved at step 50000]
step 51000  train 1.9217  eval 1.8729  pmax 25.9  (454s)
step 52000  train 1.9113  eval 1.8334  pmax 25.9  (463s)
step 53000  train 1.9148  eval 1.9230  pmax 25.9  (471s)
step 54000  train 1.8977  eval 1.8724  pmax 25.9  (480s)
  [checkpoint + sample saved at step 54000]
done. artifacts in /home/luke/Wavelet-State-KAN/checkpoints/wskan11_ultrachat_10k_3ep_s42
