train bytes: 180,263,596  eval bytes: 2,859,070
model: wskan3  params: 101,856  device: cuda
W0911 22:38:02.706000 3383639 .venv/lib/python3.12/site-packages/torch/_inductor/utils.py:1806] [0/0] Not enough SMs to use max_autotune_gemm mode
step     1  train 5.5518  eval 5.5449  pmax 18.9  (1036s)
step  2500  train 1.4470  eval 1.5690  pmax 18.9  (1258s)
step  5000  train 1.4157  eval 1.3781  pmax 19.0  (1483s)
step  7500  train 1.3381  eval 1.4160  pmax 19.0  (1705s)
step 10000  train 1.4191  eval 1.3233  pmax 19.0  (1929s)
step 12500  train 1.2697  eval 1.2937  pmax 19.1  (2151s)
step 15000  train 1.3886  eval 1.3709  pmax 19.1  (2374s)
step 17500  train 1.2925  eval 1.3725  pmax 19.2  (2597s)
step 20000  train 1.3102  eval 1.3985  pmax 19.2  (2820s)
step 22500  train 1.3292  eval 1.3619  pmax 19.2  (3043s)
step 25000  train 1.3398  eval 1.2300  pmax 19.3  (3266s)
step 27500  train 1.3950  eval 1.2543  pmax 19.3  (3490s)
step 30000  train 1.3286  eval 1.4217  pmax 19.4  (3712s)
step 32500  train 1.2777  eval 1.3894  pmax 19.4  (3933s)
step 35000  train 1.2790  eval 1.3051  pmax 19.4  (4155s)
step 37500  train 1.2857  eval 1.3092  pmax 19.4  (4377s)
step 40000  train 1.3340  eval 1.3557  pmax 19.4  (4598s)
step 42500  train 1.3074  eval 1.2541  pmax 19.4  (4821s)
step 45000  train 1.3443  eval 1.2552  pmax 19.4  (5041s)
step 47500  train 1.3259  eval 1.2924  pmax 19.4  (5265s)
step 50000  train 1.2586  eval 1.3008  pmax 19.5  (5486s)
  [checkpoint + sample saved at step 50000]
step 52500  train 1.2572  eval 1.2361  pmax 19.5  (5714s)
step 55000  train 1.2586  eval 1.2710  pmax 19.5  (5932s)
step 57500  train 1.3007  eval 1.3587  pmax 19.5  (6151s)
step 60000  train 1.2952  eval 1.3087  pmax 19.4  (6371s)
step 62500  train 1.3193  eval 1.3043  pmax 19.4  (6590s)
step 65000  train 1.3169  eval 1.2828  pmax 19.4  (6809s)
step 67500  train 1.2475  eval 1.2796  pmax 19.4  (7029s)
step 70000  train 1.2471  eval 1.3301  pmax 19.4  (7248s)
step 72500  train 1.3252  eval 1.2716  pmax 19.4  (7467s)
step 75000  train 1.2100  eval 1.2236  pmax 19.4  (7687s)
step 77500  train 1.1909  eval 1.2313  pmax 19.4  (7906s)
step 80000  train 1.2572  eval 1.2833  pmax 19.4  (8126s)
step 82500  train 1.2934  eval 1.2463  pmax 19.4  (8346s)
step 85000  train 1.3504  eval 1.2155  pmax 19.4  (8565s)
step 87500  train 1.2740  eval 1.2828  pmax 19.4  (8783s)
step 90000  train 1.2969  eval 1.2690  pmax 19.4  (9003s)
step 92500  train 1.2193  eval 1.2815  pmax 19.4  (9221s)
step 95000  train 1.3141  eval 1.2515  pmax 19.4  (9442s)
step 97500  train 1.2904  eval 1.1994  pmax 19.4  (9660s)
step 100000  train 1.3851  eval 1.2099  pmax 19.4  (9880s)
  [checkpoint + sample saved at step 100000]
done. artifacts in /home/luke/Wavelet-State-KAN/checkpoints/wskan3_ultrachat_interp_s123
