/home/luke/Wavelet-State-KAN/experiments/V1_train_tinystories_lm.py:107: UserWarning: The given buffer is not writable, and PyTorch does not support non-writable tensors. This means you can write to the underlying (supposedly non-writable) buffer using the tensor. You may want to copy the buffer to protect its data or make it writable before converting it to a tensor. This type of warning will be suppressed for the rest of this program. (Triggered internally at /__w/pytorch/pytorch/torch/csrc/utils/tensor_new.cpp:1556.)
  train_ids = torch.frombuffer(train_text.encode("utf-8", errors="ignore"), dtype=torch.uint8)
train bytes: 542,898,247  eval bytes: 130,357
model: wskan11real  params: 3,610  device: cuda
step     1  train 5.5535  eval 5.5443  pmax 3.0  (7s)
step  1000  train 2.5811  eval 2.6446  pmax 2.3  (15s)
step  2000  train 2.5513  eval 2.5450  pmax 2.8  (24s)
step  3000  train 2.4828  eval 2.5064  pmax 4.6  (33s)
step  4000  train 2.4560  eval 2.4770  pmax 5.7  (41s)
step  5000  train 2.4847  eval 2.4841  pmax 6.8  (50s)
step  6000  train 2.4461  eval 2.4383  pmax 7.7  (58s)
step  7000  train 2.4340  eval 2.4789  pmax 9.2  (67s)
step  8000  train 2.4367  eval 2.4635  pmax 10.5  (75s)
step  9000  train 2.4148  eval 2.4654  pmax 11.5  (84s)
step 10000  train 2.4832  eval 2.4266  pmax 12.3  (92s)
step 11000  train 2.4114  eval 2.3986  pmax 12.9  (101s)
step 12000  train 2.4144  eval 2.4601  pmax 13.5  (109s)
step 13000  train 2.4561  eval 2.4512  pmax 13.9  (118s)
step 14000  train 2.4313  eval 2.4295  pmax 14.3  (127s)
step 15000  train 2.4502  eval 2.4305  pmax 14.6  (135s)
step 16000  train 2.4358  eval 2.4259  pmax 14.8  (144s)
step 17000  train 2.4102  eval 2.4395  pmax 15.0  (152s)
step 18000  train 2.4569  eval 2.4246  pmax 15.1  (161s)
step 19000  train 2.4359  eval 2.3952  pmax 15.2  (169s)
step 20000  train 2.4310  eval 2.4333  pmax 15.2  (178s)
step 21000  train 2.4003  eval 2.4241  pmax 15.2  (186s)
step 22000  train 2.4101  eval 2.4353  pmax 15.2  (195s)
step 23000  train 2.4241  eval 2.4162  pmax 15.2  (203s)
step 24000  train 2.3957  eval 2.4268  pmax 15.2  (212s)
step 25000  train 2.4063  eval 2.4551  pmax 15.2  (220s)
  [checkpoint + sample saved at step 25000]
step 26000  train 2.3989  eval 2.4503  pmax 15.2  (230s)
step 27000  train 2.4039  eval 2.3810  pmax 15.2  (239s)
step 28000  train 2.3749  eval 2.4263  pmax 15.2  (247s)
step 29000  train 2.4128  eval 2.4356  pmax 15.2  (256s)
step 30000  train 2.4263  eval 2.4426  pmax 15.2  (264s)
step 31000  train 2.4031  eval 2.4359  pmax 15.2  (273s)
step 32000  train 2.4107  eval 2.3909  pmax 15.2  (282s)
step 33000  train 2.4005  eval 2.4592  pmax 15.2  (290s)
  [checkpoint + sample saved at step 33000]
done. artifacts in /home/luke/Wavelet-State-KAN/checkpoints/wskan11real_wikitext_1k_3ep_s31337
