/home/luke/Wavelet-State-KAN/experiments/V1_train_tinystories_lm.py:107: UserWarning: The given buffer is not writable, and PyTorch does not support non-writable tensors. This means you can write to the underlying (supposedly non-writable) buffer using the tensor. You may want to copy the buffer to protect its data or make it writable before converting it to a tensor. This type of warning will be suppressed for the rest of this program. (Triggered internally at /__w/pytorch/pytorch/torch/csrc/utils/tensor_new.cpp:1556.)
  train_ids = torch.frombuffer(train_text.encode("utf-8", errors="ignore"), dtype=torch.uint8)
train bytes: 1,195,926,439  eval bytes: 2,859,070
model: wskan11real  params: 113,612  device: cuda
step     1  train 5.5518  eval 5.4705  pmax 3.0  (10s)
step  1000  train 1.5601  eval 1.5592  pmax 3.7  (33s)
step  2000  train 1.5110  eval 1.5015  pmax 3.7  (55s)
step  3000  train 1.4698  eval 1.4892  pmax 3.9  (78s)
step  4000  train 1.4091  eval 1.4262  pmax 4.0  (101s)
step  5000  train 1.4843  eval 1.3983  pmax 4.1  (124s)
step  6000  train 1.4134  eval 1.4054  pmax 4.2  (146s)
step  7000  train 1.4273  eval 1.4282  pmax 4.3  (169s)
step  8000  train 1.4075  eval 1.3937  pmax 4.4  (192s)
step  9000  train 1.4118  eval 1.4178  pmax 4.9  (215s)
step 10000  train 1.4138  eval 1.3978  pmax 5.9  (237s)
step 11000  train 1.3704  eval 1.4297  pmax 6.6  (260s)
step 12000  train 1.3597  eval 1.3891  pmax 7.1  (283s)
step 13000  train 1.3875  eval 1.3687  pmax 7.5  (306s)
step 14000  train 1.3585  eval 1.3333  pmax 7.9  (328s)
step 15000  train 1.3741  eval 1.3906  pmax 8.2  (351s)
step 16000  train 1.3715  eval 1.3400  pmax 8.5  (374s)
step 17000  train 1.3786  eval 1.3856  pmax 8.8  (397s)
step 18000  train 1.3877  eval 1.4365  pmax 9.2  (419s)
step 19000  train 1.3482  eval 1.3222  pmax 9.7  (442s)
step 20000  train 1.3082  eval 1.3197  pmax 10.2  (465s)
step 21000  train 1.3240  eval 1.3374  pmax 10.7  (488s)
step 22000  train 1.3413  eval 1.3759  pmax 11.0  (510s)
step 23000  train 1.4335  eval 1.3835  pmax 11.5  (533s)
step 24000  train 1.3189  eval 1.2992  pmax 11.9  (556s)
step 25000  train 1.3054  eval 1.3304  pmax 12.3  (579s)
  [checkpoint + sample saved at step 25000]
step 26000  train 1.3592  eval 1.2699  pmax 12.7  (604s)
step 27000  train 1.3427  eval 1.3080  pmax 13.0  (626s)
step 28000  train 1.2877  eval 1.3101  pmax 13.3  (649s)
step 29000  train 1.3166  eval 1.3079  pmax 13.6  (672s)
step 30000  train 1.3270  eval 1.3657  pmax 14.0  (695s)
step 31000  train 1.3328  eval 1.2836  pmax 14.2  (717s)
step 32000  train 1.3110  eval 1.3212  pmax 14.4  (740s)
step 33000  train 1.3711  eval 1.3463  pmax 14.7  (763s)
step 34000  train 1.3571  eval 1.3641  pmax 15.0  (786s)
step 35000  train 1.3692  eval 1.3325  pmax 15.2  (809s)
step 36000  train 1.3738  eval 1.3678  pmax 15.4  (831s)
step 37000  train 1.3782  eval 1.3544  pmax 15.6  (854s)
step 38000  train 1.3654  eval 1.3183  pmax 15.8  (877s)
step 39000  train 1.3936  eval 1.2874  pmax 15.9  (900s)
step 40000  train 1.3477  eval 1.2929  pmax 16.1  (923s)
step 41000  train 1.2978  eval 1.2794  pmax 16.3  (945s)
step 42000  train 1.2734  eval 1.3324  pmax 16.5  (968s)
step 43000  train 1.3065  eval 1.3440  pmax 16.7  (991s)
step 44000  train 1.2987  eval 1.3018  pmax 16.9  (1014s)
step 45000  train 1.3019  eval 1.3316  pmax 17.1  (1036s)
step 46000  train 1.2984  eval 1.3658  pmax 17.4  (1059s)
step 47000  train 1.3127  eval 1.3120  pmax 17.6  (1082s)
step 48000  train 1.3257  eval 1.3704  pmax 17.8  (1105s)
step 49000  train 1.3670  eval 1.2722  pmax 17.9  (1128s)
step 50000  train 1.3692  eval 1.3608  pmax 18.1  (1150s)
  [checkpoint + sample saved at step 50000]
step 51000  train 1.2969  eval 1.2689  pmax 18.2  (1175s)
step 52000  train 1.3293  eval 1.3221  pmax 18.4  (1198s)
step 53000  train 1.3251  eval 1.3500  pmax 18.5  (1220s)
step 54000  train 1.2992  eval 1.3057  pmax 18.6  (1243s)
step 55000  train 1.3055  eval 1.2969  pmax 18.8  (1266s)
step 56000  train 1.3070  eval 1.2885  pmax 18.9  (1289s)
step 57000  train 1.3692  eval 1.2974  pmax 19.0  (1311s)
step 58000  train 1.2829  eval 1.3353  pmax 19.1  (1334s)
step 59000  train 1.2590  eval 1.3648  pmax 19.2  (1357s)
step 60000  train 1.2915  eval 1.2950  pmax 19.2  (1380s)
step 61000  train 1.3146  eval 1.3243  pmax 19.3  (1402s)
step 62000  train 1.3612  eval 1.3391  pmax 19.4  (1425s)
step 63000  train 1.2887  eval 1.3209  pmax 19.4  (1448s)
step 64000  train 1.2884  eval 1.3224  pmax 19.5  (1471s)
step 65000  train 1.3384  eval 1.2757  pmax 19.5  (1494s)
step 66000  train 1.3040  eval 1.3291  pmax 19.6  (1516s)
step 67000  train 1.3233  eval 1.3126  pmax 19.6  (1539s)
step 68000  train 1.2822  eval 1.3419  pmax 19.6  (1562s)
step 69000  train 1.2873  eval 1.2696  pmax 19.7  (1585s)
step 70000  train 1.3310  eval 1.2556  pmax 19.7  (1607s)
step 71000  train 1.3064  eval 1.2559  pmax 19.8  (1630s)
step 72000  train 1.3160  eval 1.3014  pmax 19.8  (1653s)
step 73000  train 1.2634  eval 1.2881  pmax 19.8  (1676s)
step 74000  train 1.2943  eval 1.2981  pmax 19.8  (1699s)
step 75000  train 1.2662  eval 1.3484  pmax 19.9  (1721s)
  [checkpoint + sample saved at step 75000]
step 76000  train 1.2802  eval 1.3790  pmax 19.9  (1746s)
step 77000  train 1.3150  eval 1.2802  pmax 19.9  (1768s)
step 78000  train 1.3087  eval 1.3007  pmax 19.9  (1791s)
step 79000  train 1.2870  eval 1.3569  pmax 19.9  (1814s)
step 80000  train 1.3193  eval 1.2665  pmax 20.0  (1837s)
step 81000  train 1.3145  eval 1.3306  pmax 20.0  (1860s)
step 82000  train 1.3126  eval 1.3185  pmax 20.0  (1882s)
step 83000  train 1.3100  eval 1.4160  pmax 20.0  (1905s)
step 84000  train 1.2976  eval 1.2618  pmax 20.0  (1928s)
step 85000  train 1.2784  eval 1.2956  pmax 20.0  (1951s)
step 86000  train 1.3384  eval 1.3259  pmax 20.0  (1974s)
step 87000  train 1.2961  eval 1.2592  pmax 20.1  (1996s)
step 88000  train 1.2956  eval 1.2929  pmax 20.1  (2019s)
step 89000  train 1.2741  eval 1.2466  pmax 20.1  (2042s)
step 90000  train 1.2896  eval 1.2298  pmax 20.1  (2065s)
step 91000  train 1.3130  eval 1.3132  pmax 20.1  (2088s)
step 92000  train 1.2945  eval 1.3051  pmax 20.1  (2111s)
step 93000  train 1.2743  eval 1.3125  pmax 20.1  (2133s)
step 94000  train 1.2564  eval 1.3013  pmax 20.1  (2156s)
step 95000  train 1.3208  eval 1.2602  pmax 20.1  (2179s)
step 96000  train 1.3062  eval 1.3297  pmax 20.1  (2202s)
step 97000  train 1.3145  eval 1.3018  pmax 20.1  (2225s)
step 98000  train 1.3134  eval 1.3306  pmax 20.1  (2248s)
step 99000  train 1.2663  eval 1.2963  pmax 20.1  (2270s)
step 100000  train 1.2936  eval 1.3202  pmax 20.2  (2293s)
  [checkpoint + sample saved at step 100000]
step 101000  train 1.2332  eval 1.2503  pmax 20.2  (2318s)
step 102000  train 1.2782  eval 1.2710  pmax 20.2  (2341s)
step 103000  train 1.2325  eval 1.2583  pmax 20.2  (2364s)
step 104000  train 1.2561  eval 1.3016  pmax 20.2  (2386s)
step 105000  train 1.2833  eval 1.2401  pmax 20.2  (2409s)
step 106000  train 1.3012  eval 1.3447  pmax 20.2  (2432s)
step 107000  train 1.2330  eval 1.2847  pmax 20.2  (2455s)
step 108000  train 1.2379  eval 1.3069  pmax 20.2  (2477s)
  [checkpoint + sample saved at step 108000]
done. artifacts in /home/luke/Wavelet-State-KAN/checkpoints/wskan11real_ultrachat_100k_3ep_s7
