train bytes: 180,263,596  eval bytes: 2,859,070
model: wskan3  params: 101,856  device: cuda
W0911 22:38:03.449000 3383715 .venv/lib/python3.12/site-packages/torch/_inductor/utils.py:1806] [0/0] Not enough SMs to use max_autotune_gemm mode
step     1  train 5.5512  eval 5.5433  pmax 18.9  (1043s)
step  2500  train 1.4975  eval 1.4672  pmax 18.9  (1348s)
step  5000  train 1.4475  eval 1.3732  pmax 19.1  (1653s)
step  7500  train 1.3330  eval 1.4209  pmax 19.3  (1961s)
step 10000  train 1.3177  eval 1.3454  pmax 19.3  (2266s)
step 12500  train 1.3800  eval 1.3201  pmax 19.3  (2574s)
step 15000  train 1.3567  eval 1.3054  pmax 19.1  (2878s)
step 17500  train 1.3498  eval 1.2664  pmax 19.2  (3183s)
step 20000  train 1.3203  eval 1.2991  pmax 19.2  (3489s)
step 22500  train 1.3413  eval 1.4412  pmax 19.3  (3795s)
step 25000  train 1.3061  eval 1.2891  pmax 19.3  (4101s)
step 27500  train 1.2705  eval 1.3239  pmax 19.3  (4406s)
step 30000  train 1.3298  eval 1.3150  pmax 19.3  (4712s)
step 32500  train 1.2565  eval 1.3353  pmax 19.4  (5019s)
step 35000  train 1.2656  eval 1.3796  pmax 19.5  (5325s)
step 37500  train 1.2872  eval 1.3294  pmax 19.5  (5632s)
step 40000  train 1.2909  eval 1.2929  pmax 19.6  (5939s)
step 42500  train 1.2019  eval 1.2965  pmax 19.6  (6246s)
step 45000  train 1.3406  eval 1.2985  pmax 19.7  (6553s)
step 47500  train 1.3315  eval 1.2849  pmax 19.7  (6859s)
step 50000  train 1.3397  eval 1.3774  pmax 19.7  (7166s)
  [checkpoint + sample saved at step 50000]
step 52500  train 1.2531  eval 1.3422  pmax 19.7  (7480s)
step 55000  train 1.3171  eval 1.3234  pmax 19.7  (7784s)
step 57500  train 1.4119  eval 1.2532  pmax 19.7  (8089s)
step 60000  train 1.2742  eval 1.3597  pmax 19.7  (8397s)
step 62500  train 1.2936  eval 1.2943  pmax 19.7  (8703s)
step 65000  train 1.2455  eval 1.3816  pmax 19.7  (9010s)
step 67500  train 1.3236  eval 1.2246  pmax 19.7  (9317s)
step 70000  train 1.2917  eval 1.2526  pmax 19.7  (9623s)
step 72500  train 1.2307  eval 1.2624  pmax 19.7  (9930s)
step 75000  train 1.3548  eval 1.2675  pmax 19.7  (10237s)
step 77500  train 1.2214  eval 1.2558  pmax 19.7  (10544s)
step 80000  train 1.3648  eval 1.2450  pmax 19.7  (10852s)
step 82500  train 1.2337  eval 1.1814  pmax 19.7  (11160s)
step 85000  train 1.2789  eval 1.2618  pmax 19.7  (11466s)
step 87500  train 1.2568  eval 1.2118  pmax 19.7  (11774s)
step 90000  train 1.3442  eval 1.3249  pmax 19.7  (12081s)
step 92500  train 1.2278  eval 1.3230  pmax 19.7  (12387s)
step 95000  train 1.2783  eval 1.1747  pmax 19.7  (12693s)
step 97500  train 1.2735  eval 1.3190  pmax 19.7  (13000s)
step 100000  train 1.2241  eval 1.2724  pmax 19.7  (13306s)
  [checkpoint + sample saved at step 100000]
done. artifacts in /home/luke/Wavelet-State-KAN/checkpoints/wskan3_ultrachat_interp_s2024
