/home/luke/Wavelet-State-KAN/experiments/V1_train_tinystories_lm.py:107: UserWarning: The given buffer is not writable, and PyTorch does not support non-writable tensors. This means you can write to the underlying (supposedly non-writable) buffer using the tensor. You may want to copy the buffer to protect its data or make it writable before converting it to a tensor. This type of warning will be suppressed for the rest of this program. (Triggered internally at /__w/pytorch/pytorch/torch/csrc/utils/tensor_new.cpp:1556.)
  train_ids = torch.frombuffer(train_text.encode("utf-8", errors="ignore"), dtype=torch.uint8)
train bytes: 542,898,247  eval bytes: 130,357
model: wskan11real  params: 985,956  device: cuda
W0920 11:50:17.167000 916776 .venv/lib/python3.12/site-packages/torch/_inductor/utils.py:1806] [0/0] Not enough SMs to use max_autotune_gemm mode
step     1  train 5.5510  eval 5.4442  pmax 3.0  (42s)
step  1000  train 1.5006  eval 1.4492  pmax 3.1  (90s)
step  2000  train 1.4108  eval 1.3530  pmax 3.2  (138s)
step  3000  train 1.3579  eval 1.3829  pmax 3.2  (186s)
step  4000  train 1.3187  eval 1.3358  pmax 3.3  (234s)
step  5000  train 1.2838  eval 1.3059  pmax 3.3  (282s)
step  6000  train 1.3636  eval 1.3128  pmax 3.3  (330s)
step  7000  train 1.2969  eval 1.3241  pmax 3.4  (378s)
step  8000  train 1.2728  eval 1.2944  pmax 3.4  (426s)
step  9000  train 1.2246  eval 1.2444  pmax 3.5  (474s)
step 10000  train 1.2715  eval 1.2508  pmax 3.5  (522s)
  [checkpoint + sample saved at step 10000]
step 11000  train 1.2566  eval 1.2469  pmax 3.5  (575s)
step 12000  train 1.2650  eval 1.2244  pmax 3.6  (622s)
step 13000  train 1.2453  eval 1.2736  pmax 3.6  (670s)
step 14000  train 1.2354  eval 1.2505  pmax 3.6  (718s)
step 15000  train 1.2209  eval 1.2540  pmax 3.6  (765s)
step 16000  train 1.2801  eval 1.1937  pmax 3.6  (813s)
step 17000  train 1.2174  eval 1.2440  pmax 3.7  (861s)
step 18000  train 1.2316  eval 1.2303  pmax 3.7  (909s)
step 19000  train 1.2849  eval 1.2242  pmax 3.7  (956s)
step 20000  train 1.2061  eval 1.2055  pmax 3.7  (1004s)
  [checkpoint + sample saved at step 20000]
step 21000  train 1.1867  eval 1.2048  pmax 3.8  (1056s)
step 22000  train 1.2064  eval 1.1893  pmax 3.8  (1104s)
step 23000  train 1.2097  eval 1.2020  pmax 3.8  (1152s)
step 24000  train 1.2020  eval 1.2049  pmax 3.8  (1199s)
step 25000  train 1.2118  eval 1.2225  pmax 3.8  (1247s)
step 26000  train 1.1904  eval 1.1750  pmax 3.9  (1295s)
step 27000  train 1.2804  eval 1.2185  pmax 3.9  (1343s)
step 28000  train 1.1754  eval 1.1973  pmax 3.9  (1390s)
step 29000  train 1.2483  eval 1.1591  pmax 3.9  (1438s)
step 30000  train 1.1813  eval 1.2269  pmax 3.9  (1486s)
  [checkpoint + sample saved at step 30000]
step 31000  train 1.2149  eval 1.2076  pmax 3.9  (1538s)
step 32000  train 1.1827  eval 1.1813  pmax 3.9  (1586s)
step 33000  train 1.2141  eval 1.1853  pmax 3.9  (1633s)
step 34000  train 1.1853  eval 1.1897  pmax 3.9  (1681s)
step 35000  train 1.1903  eval 1.2430  pmax 3.9  (1729s)
step 36000  train 1.1667  eval 1.1843  pmax 3.9  (1777s)
step 37000  train 1.1687  eval 1.1773  pmax 4.0  (1825s)
step 38000  train 1.1826  eval 1.2135  pmax 4.0  (1872s)
step 39000  train 1.1687  eval 1.1550  pmax 4.0  (1920s)
step 40000  train 1.1435  eval 1.1895  pmax 4.0  (1968s)
  [checkpoint + sample saved at step 40000]
step 41000  train 1.1768  eval 1.1718  pmax 4.0  (2020s)
step 42000  train 1.1829  eval 1.1628  pmax 4.0  (2067s)
step 43000  train 1.1488  eval 1.1935  pmax 4.0  (2115s)
step 44000  train 1.1991  eval 1.1925  pmax 4.0  (2163s)
step 45000  train 1.1555  eval 1.2014  pmax 4.0  (2211s)
step 46000  train 1.1770  eval 1.1355  pmax 4.0  (2259s)
step 47000  train 1.1502  eval 1.1804  pmax 4.0  (2307s)
step 48000  train 1.1393  eval 1.1712  pmax 4.0  (2355s)
step 49000  train 1.1249  eval 1.1975  pmax 4.0  (2402s)
step 50000  train 1.1685  eval 1.1788  pmax 4.0  (2450s)
  [checkpoint + sample saved at step 50000]
step 51000  train 1.1359  eval 1.1610  pmax 4.0  (2503s)
step 52000  train 1.1706  eval 1.1845  pmax 4.0  (2550s)
step 53000  train 1.1937  eval 1.1272  pmax 4.0  (2598s)
step 54000  train 1.1801  eval 1.1508  pmax 4.0  (2646s)
step 55000  train 1.1695  eval 1.1580  pmax 4.0  (2694s)
step 56000  train 1.1488  eval 1.1616  pmax 4.0  (2742s)
step 57000  train 1.1546  eval 1.1471  pmax 4.0  (2789s)
step 58000  train 1.1654  eval 1.1500  pmax 4.0  (2837s)
step 59000  train 1.1626  eval 1.1479  pmax 4.0  (2885s)
step 60000  train 1.1887  eval 1.1993  pmax 4.0  (2933s)
  [checkpoint + sample saved at step 60000]
step 61000  train 1.1393  eval 1.1306  pmax 4.0  (2986s)
step 62000  train 1.1138  eval 1.1398  pmax 4.0  (3034s)
step 63000  train 1.1805  eval 1.1723  pmax 4.0  (3082s)
step 64000  train 1.1116  eval 1.1621  pmax 4.0  (3130s)
step 65000  train 1.1729  eval 1.1624  pmax 4.0  (3177s)
step 66000  train 1.1524  eval 1.1447  pmax 4.0  (3225s)
  [checkpoint + sample saved at step 66000]
done. artifacts in /home/luke/Wavelet-State-KAN/checkpoints/wskan11real_wikitext_1m_3ep_s7
