/home/luke/Wavelet-State-KAN/experiments/V1_train_tinystories_lm.py:107: UserWarning: The given buffer is not writable, and PyTorch does not support non-writable tensors. This means you can write to the underlying (supposedly non-writable) buffer using the tensor. You may want to copy the buffer to protect its data or make it writable before converting it to a tensor. This type of warning will be suppressed for the rest of this program. (Triggered internally at /__w/pytorch/pytorch/torch/csrc/utils/tensor_new.cpp:1556.)
  train_ids = torch.frombuffer(train_text.encode("utf-8", errors="ignore"), dtype=torch.uint8)
train bytes: 542,898,247  eval bytes: 130,357
model: wskan7bcreal  params: 985,956  device: cuda
W0916 19:05:56.163000 1370873 .venv/lib/python3.12/site-packages/torch/_inductor/utils.py:1806] [0/1] Not enough SMs to use max_autotune_gemm mode
step     1  train 5.5785  eval 5.4825  pmax 3.0  (18s)
step  1000  train 1.4585  eval 1.4801  pmax 3.3  (810s)
step  2000  train 1.3680  eval 1.3736  pmax 3.4  (1597s)
step  3000  train 1.3598  eval 1.3291  pmax 3.4  (2378s)
step  4000  train 1.2980  eval 1.3662  pmax 3.4  (3199s)
step  5000  train 1.2882  eval 1.3194  pmax 3.5  (3985s)
step  6000  train 1.2609  eval 1.3145  pmax 3.5  (4773s)
step  7000  train 1.2669  eval 1.2936  pmax 3.6  (5511s)
step  8000  train 1.2769  eval 1.2755  pmax 3.6  (6243s)
step  9000  train 1.2811  eval 1.2953  pmax 3.7  (6965s)
step 10000  train 1.2524  eval 1.2763  pmax 3.7  (7685s)
  [checkpoint + sample saved at step 10000]
step 11000  train 1.2374  eval 1.2548  pmax 3.7  (8413s)
step 12000  train 1.2622  eval 1.2403  pmax 3.7  (9133s)
step 13000  train 1.2515  eval 1.2057  pmax 3.7  (9876s)
step 14000  train 1.2653  eval 1.3145  pmax 3.7  (10684s)
step 15000  train 1.2418  eval 1.2486  pmax 3.7  (11488s)
step 16000  train 1.2096  eval 1.2207  pmax 3.7  (12295s)
step 17000  train 1.2482  eval 1.2390  pmax 3.8  (13102s)
step 18000  train 1.2085  eval 1.1974  pmax 3.8  (13908s)
step 19000  train 1.2349  eval 1.2063  pmax 3.8  (14695s)
step 20000  train 1.2194  eval 1.1927  pmax 3.8  (15483s)
  [checkpoint + sample saved at step 20000]
step 21000  train 1.2183  eval 1.2149  pmax 3.8  (16310s)
step 22000  train 1.1978  eval 1.1948  pmax 3.9  (17117s)
step 23000  train 1.2015  eval 1.2009  pmax 3.9  (17910s)
step 24000  train 1.2385  eval 1.2349  pmax 3.9  (18684s)
step 25000  train 1.2169  eval 1.2008  pmax 3.9  (19454s)
step 26000  train 1.1948  eval 1.2273  pmax 3.9  (20226s)
step 27000  train 1.2166  eval 1.2390  pmax 3.9  (20997s)
step 28000  train 1.2029  eval 1.2393  pmax 4.0  (21763s)
step 29000  train 1.1772  eval 1.2310  pmax 4.0  (22529s)
step 30000  train 1.1834  eval 1.1829  pmax 4.0  (23292s)
  [checkpoint + sample saved at step 30000]
step 31000  train 1.1992  eval 1.1775  pmax 4.0  (24073s)
step 32000  train 1.1974  eval 1.2269  pmax 4.0  (24842s)
step 33000  train 1.1776  eval 1.1946  pmax 4.0  (25610s)
step 34000  train 1.2066  eval 1.1923  pmax 4.0  (26375s)
step 35000  train 1.1857  eval 1.1839  pmax 4.1  (27142s)
step 36000  train 1.1835  eval 1.1713  pmax 4.1  (27908s)
step 37000  train 1.1867  eval 1.1854  pmax 4.2  (28675s)
step 38000  train 1.1685  eval 1.1999  pmax 4.2  (29445s)
step 39000  train 1.1712  eval 1.1768  pmax 4.3  (30213s)
step 40000  train 1.2044  eval 1.1930  pmax 4.3  (30980s)
  [checkpoint + sample saved at step 40000]
step 41000  train 1.1524  eval 1.1632  pmax 4.4  (31761s)
step 42000  train 1.1387  eval 1.1782  pmax 4.4  (32529s)
step 43000  train 1.1796  eval 1.1683  pmax 4.4  (33301s)
step 44000  train 1.1403  eval 1.1766  pmax 4.4  (34067s)
step 45000  train 1.1892  eval 1.1744  pmax 4.4  (34827s)
step 46000  train 1.1175  eval 1.1699  pmax 4.5  (35592s)
step 47000  train 1.1522  eval 1.1195  pmax 4.5  (36354s)
step 48000  train 1.1399  eval 1.1557  pmax 4.5  (37117s)
step 49000  train 1.1553  eval 1.1662  pmax 4.5  (37881s)
step 50000  train 1.1532  eval 1.1766  pmax 4.5  (38643s)
  [checkpoint + sample saved at step 50000]
step 51000  train 1.1358  eval 1.1394  pmax 4.5  (39423s)
step 52000  train 1.1396  eval 1.1456  pmax 4.5  (40192s)
step 53000  train 1.1529  eval 1.1505  pmax 4.5  (40959s)
step 54000  train 1.1681  eval 1.1788  pmax 4.5  (41726s)
step 55000  train 1.1617  eval 1.1603  pmax 4.5  (42498s)
step 56000  train 1.1900  eval 1.1575  pmax 4.5  (43263s)
step 57000  train 1.1302  eval 1.1498  pmax 4.5  (44032s)
step 58000  train 1.1630  eval 1.1444  pmax 4.5  (44799s)
step 59000  train 1.1844  eval 1.1965  pmax 4.5  (45563s)
step 60000  train 1.1277  eval 1.1446  pmax 4.5  (46332s)
  [checkpoint + sample saved at step 60000]
step 61000  train 1.1381  eval 1.1305  pmax 4.5  (47109s)
step 62000  train 1.1360  eval 1.1520  pmax 4.5  (47871s)
step 63000  train 1.1577  eval 1.1769  pmax 4.5  (48634s)
step 64000  train 1.1649  eval 1.1775  pmax 4.5  (49396s)
step 65000  train 1.1804  eval 1.1616  pmax 4.5  (50160s)
step 66000  train 1.1467  eval 1.1723  pmax 4.5  (50919s)
  [checkpoint + sample saved at step 66000]
done. artifacts in /home/luke/Wavelet-State-KAN/checkpoints/wskan7bcreal_wikitext_1m_3ep_s42
