/home/luke/Wavelet-State-KAN/experiments/V1_train_tinystories_lm.py:107: UserWarning: The given buffer is not writable, and PyTorch does not support non-writable tensors. This means you can write to the underlying (supposedly non-writable) buffer using the tensor. You may want to copy the buffer to protect its data or make it writable before converting it to a tensor. This type of warning will be suppressed for the rest of this program. (Triggered internally at /__w/pytorch/pytorch/torch/csrc/utils/tensor_new.cpp:1556.)
  train_ids = torch.frombuffer(train_text.encode("utf-8", errors="ignore"), dtype=torch.uint8)
train bytes: 1,195,926,439  eval bytes: 2,859,070
model: wskan7bcreal  params: 985,956  device: cuda
step     1  train 5.5584  eval 5.4683  pmax 3.0  (6s)
step  1000  train 1.3254  eval 1.3710  pmax 3.2  (1494s)
step  2000  train 1.2847  eval 1.2491  pmax 3.3  (2980s)
step  3000  train 1.1605  eval 1.1918  pmax 3.4  (4472s)
step  4000  train 1.1650  eval 1.2041  pmax 3.5  (5955s)
step  5000  train 1.1980  eval 1.1490  pmax 3.5  (7445s)
step  6000  train 1.1609  eval 1.1357  pmax 3.5  (8925s)
step  7000  train 1.1402  eval 1.1545  pmax 3.6  (10409s)
step  8000  train 1.1609  eval 1.0852  pmax 3.6  (11900s)
step  9000  train 1.0779  eval 1.1696  pmax 3.6  (13394s)
step 10000  train 1.1111  eval 1.1141  pmax 3.6  (14881s)
  [checkpoint + sample saved at step 10000]
step 11000  train 1.0853  eval 1.1131  pmax 3.7  (16387s)
step 12000  train 1.1042  eval 1.0756  pmax 3.7  (17872s)
step 13000  train 1.1472  eval 1.0999  pmax 3.7  (19356s)
step 14000  train 1.0578  eval 1.1638  pmax 3.7  (20844s)
step 15000  train 1.0402  eval 1.1187  pmax 3.7  (22336s)
step 16000  train 1.1013  eval 1.0608  pmax 3.8  (23832s)
step 17000  train 1.0623  eval 1.0741  pmax 3.8  (25321s)
step 18000  train 1.0697  eval 1.0589  pmax 3.8  (26805s)
step 19000  train 1.0292  eval 1.0718  pmax 3.8  (28292s)
step 20000  train 1.0085  eval 1.0686  pmax 3.8  (29777s)
  [checkpoint + sample saved at step 20000]
step 21000  train 1.0428  eval 1.0435  pmax 3.8  (31304s)
step 22000  train 1.0473  eval 1.0703  pmax 3.8  (32809s)
step 23000  train 1.0322  eval 1.0731  pmax 3.8  (34295s)
step 24000  train 1.0148  eval 1.0054  pmax 3.8  (35819s)
step 25000  train 0.9943  eval 1.0048  pmax 3.8  (37319s)
step 26000  train 1.0505  eval 1.0472  pmax 3.8  (38827s)
step 27000  train 1.0308  eval 1.0540  pmax 3.9  (40370s)
step 28000  train 1.0040  eval 1.0140  pmax 3.9  (41946s)
step 29000  train 1.0271  eval 1.0305  pmax 3.9  (43495s)
step 30000  train 0.9885  eval 1.0183  pmax 3.9  (45079s)
  [checkpoint + sample saved at step 30000]
step 31000  train 1.0274  eval 0.9865  pmax 3.9  (46685s)
step 32000  train 1.0395  eval 1.0169  pmax 3.9  (48243s)
step 33000  train 1.0290  eval 1.0426  pmax 3.9  (49787s)
step 34000  train 0.9832  eval 1.0191  pmax 3.9  (51372s)
step 35000  train 0.9923  eval 1.0097  pmax 3.9  (52950s)
step 36000  train 1.0342  eval 1.0377  pmax 3.9  (54546s)
step 37000  train 0.9826  eval 1.0436  pmax 3.9  (56139s)
step 38000  train 0.9955  eval 1.0223  pmax 3.9  (57738s)
step 39000  train 1.0118  eval 1.0294  pmax 3.9  (59325s)
step 40000  train 0.9978  eval 0.9871  pmax 3.9  (60879s)
  [checkpoint + sample saved at step 40000]
step 41000  train 1.0356  eval 1.0289  pmax 3.9  (62409s)
step 42000  train 1.0216  eval 1.0113  pmax 3.9  (63887s)
step 43000  train 1.0008  eval 1.0041  pmax 3.9  (65362s)
step 44000  train 0.9882  eval 0.9877  pmax 3.9  (66840s)
step 45000  train 1.0151  eval 0.9710  pmax 3.9  (68310s)
step 46000  train 0.9919  eval 1.0198  pmax 3.9  (69781s)
step 47000  train 1.0182  eval 1.0537  pmax 3.9  (71256s)
step 48000  train 0.9822  eval 0.9907  pmax 3.9  (72729s)
step 49000  train 1.0313  eval 1.0042  pmax 3.9  (74211s)
step 50000  train 1.0116  eval 1.0407  pmax 3.9  (75683s)
  [checkpoint + sample saved at step 50000]
step 51000  train 1.0625  eval 0.9738  pmax 3.9  (77177s)
step 52000  train 1.0494  eval 1.0721  pmax 3.9  (78651s)
step 53000  train 1.0334  eval 1.0110  pmax 3.9  (80127s)
step 54000  train 1.0981  eval 0.9716  pmax 3.9  (81599s)
  [checkpoint + sample saved at step 54000]
done. artifacts in /home/luke/Wavelet-State-KAN/checkpoints/wskan7bcreal_ultrachat_1m_3ep_s7
