/home/luke/Wavelet-State-KAN/experiments/V1_train_tinystories_lm.py:107: UserWarning: The given buffer is not writable, and PyTorch does not support non-writable tensors. This means you can write to the underlying (supposedly non-writable) buffer using the tensor. You may want to copy the buffer to protect its data or make it writable before converting it to a tensor. This type of warning will be suppressed for the rest of this program. (Triggered internally at /__w/pytorch/pytorch/torch/csrc/utils/tensor_new.cpp:1556.)
  train_ids = torch.frombuffer(train_text.encode("utf-8", errors="ignore"), dtype=torch.uint8)
train bytes: 542,898,247  eval bytes: 130,357
model: wskan11  params: 12,546  device: cuda
step     1  train 5.5512  eval 5.5333  pmax 18.9  (7s)
step  1000  train 2.1131  eval 2.0638  pmax 19.0  (16s)
step  2000  train 2.0272  eval 2.0182  pmax 19.0  (25s)
step  3000  train 2.0113  eval 2.0244  pmax 19.1  (34s)
step  4000  train 1.9839  eval 2.0133  pmax 19.2  (43s)
step  5000  train 1.9541  eval 1.9508  pmax 19.3  (52s)
step  6000  train 2.0182  eval 1.9915  pmax 19.4  (61s)
step  7000  train 1.9871  eval 2.0262  pmax 19.4  (70s)
step  8000  train 1.9639  eval 1.9794  pmax 19.4  (79s)
step  9000  train 1.9340  eval 1.9610  pmax 19.4  (88s)
step 10000  train 1.9704  eval 1.9574  pmax 19.4  (96s)
step 11000  train 1.9291  eval 1.9764  pmax 19.4  (105s)
step 12000  train 1.9647  eval 1.9547  pmax 19.4  (114s)
step 13000  train 1.9313  eval 1.9645  pmax 19.4  (123s)
step 14000  train 1.9308  eval 1.9699  pmax 19.4  (132s)
step 15000  train 1.9308  eval 1.9385  pmax 19.4  (141s)
step 16000  train 1.9818  eval 1.9615  pmax 19.4  (149s)
step 17000  train 1.9365  eval 1.9810  pmax 19.4  (158s)
step 18000  train 1.9615  eval 1.9332  pmax 19.4  (166s)
step 19000  train 1.9330  eval 1.9884  pmax 19.4  (175s)
step 20000  train 1.9460  eval 1.9528  pmax 19.5  (184s)
step 21000  train 1.9694  eval 1.9366  pmax 19.6  (192s)
step 22000  train 1.9412  eval 1.9226  pmax 19.6  (201s)
step 23000  train 1.9642  eval 1.9574  pmax 19.7  (210s)
step 24000  train 1.9163  eval 1.9535  pmax 19.7  (218s)
step 25000  train 1.9499  eval 1.9534  pmax 19.7  (227s)
  [checkpoint + sample saved at step 25000]
step 26000  train 1.9357  eval 1.9569  pmax 19.8  (237s)
step 27000  train 1.9398  eval 1.9322  pmax 19.8  (246s)
step 28000  train 1.9143  eval 1.9214  pmax 19.8  (254s)
step 29000  train 1.9230  eval 1.9780  pmax 19.9  (263s)
step 30000  train 1.9491  eval 1.9327  pmax 19.9  (271s)
step 31000  train 1.9427  eval 1.9187  pmax 19.9  (280s)
step 32000  train 1.9251  eval 1.9421  pmax 19.9  (289s)
step 33000  train 1.9343  eval 1.9515  pmax 20.0  (298s)
step 34000  train 1.9360  eval 1.9343  pmax 20.0  (306s)
step 35000  train 1.9325  eval 1.9294  pmax 20.0  (315s)
step 36000  train 1.9022  eval 1.9418  pmax 20.0  (324s)
step 37000  train 1.8924  eval 1.9232  pmax 20.0  (333s)
step 38000  train 1.9002  eval 1.9245  pmax 20.1  (342s)
step 39000  train 1.9249  eval 1.9314  pmax 20.1  (350s)
step 40000  train 1.8987  eval 1.9387  pmax 20.1  (359s)
step 41000  train 1.9346  eval 1.9346  pmax 20.1  (367s)
step 42000  train 1.8910  eval 1.9591  pmax 20.1  (376s)
step 43000  train 1.9332  eval 1.9076  pmax 20.1  (385s)
step 44000  train 1.9270  eval 1.9521  pmax 20.1  (393s)
step 45000  train 1.9171  eval 1.9283  pmax 20.1  (402s)
step 46000  train 1.8970  eval 1.9550  pmax 20.1  (411s)
step 47000  train 1.9105  eval 1.8883  pmax 20.1  (419s)
step 48000  train 1.9118  eval 1.9059  pmax 20.1  (428s)
step 49000  train 1.8934  eval 1.9358  pmax 20.1  (437s)
step 50000  train 1.9222  eval 1.9218  pmax 20.1  (445s)
  [checkpoint + sample saved at step 50000]
done. artifacts in /home/luke/Wavelet-State-KAN/checkpoints/wskan11_wikitext_10k_3ep_s7
