/home/luke/Wavelet-State-KAN/experiments/V1_train_tinystories_lm.py:107: UserWarning: The given buffer is not writable, and PyTorch does not support non-writable tensors. This means you can write to the underlying (supposedly non-writable) buffer using the tensor. You may want to copy the buffer to protect its data or make it writable before converting it to a tensor. This type of warning will be suppressed for the rest of this program. (Triggered internally at /__w/pytorch/pytorch/torch/csrc/utils/tensor_new.cpp:1556.)
  train_ids = torch.frombuffer(train_text.encode("utf-8", errors="ignore"), dtype=torch.uint8)
train bytes: 1,195,926,439  eval bytes: 2,859,070
model: wskan11  params: 12,546  device: cuda
step     1  train 5.5434  eval 5.5230  pmax 18.9  (9s)
step  1000  train 2.0494  eval 2.0279  pmax 19.3  (18s)
step  2000  train 1.9798  eval 1.9945  pmax 20.0  (27s)
step  3000  train 1.9882  eval 1.9858  pmax 20.2  (36s)
step  4000  train 1.9801  eval 1.9763  pmax 20.3  (45s)
step  5000  train 2.0053  eval 1.9363  pmax 20.3  (53s)
step  6000  train 1.9318  eval 1.9674  pmax 20.3  (62s)
step  7000  train 1.9480  eval 1.8977  pmax 20.4  (71s)
step  8000  train 1.9475  eval 1.9097  pmax 20.4  (80s)
step  9000  train 1.9832  eval 1.9700  pmax 20.5  (88s)
step 10000  train 1.9255  eval 1.9006  pmax 20.5  (97s)
step 11000  train 1.8911  eval 1.9183  pmax 20.5  (106s)
step 12000  train 1.9185  eval 1.8931  pmax 20.5  (114s)
step 13000  train 1.9344  eval 1.9433  pmax 20.4  (123s)
step 14000  train 1.8998  eval 1.9173  pmax 20.4  (132s)
step 15000  train 1.9571  eval 1.9070  pmax 20.3  (140s)
step 16000  train 1.9021  eval 1.9135  pmax 20.2  (149s)
step 17000  train 1.9322  eval 1.9180  pmax 20.1  (157s)
step 18000  train 1.9413  eval 1.9077  pmax 20.0  (166s)
step 19000  train 1.9181  eval 1.9046  pmax 20.0  (175s)
step 20000  train 1.8880  eval 1.9135  pmax 20.0  (183s)
step 21000  train 1.9909  eval 1.9205  pmax 20.0  (193s)
step 22000  train 1.9149  eval 1.8950  pmax 20.0  (202s)
step 23000  train 1.9118  eval 1.9098  pmax 20.0  (211s)
step 24000  train 1.9009  eval 1.9411  pmax 20.0  (221s)
step 25000  train 1.9420  eval 1.8960  pmax 19.9  (230s)
  [checkpoint + sample saved at step 25000]
step 26000  train 1.8925  eval 1.9146  pmax 19.9  (240s)
step 27000  train 1.9338  eval 1.9247  pmax 19.9  (250s)
step 28000  train 1.9237  eval 1.9403  pmax 19.9  (259s)
step 29000  train 1.9322  eval 1.8844  pmax 19.9  (268s)
step 30000  train 1.8934  eval 1.9184  pmax 19.9  (278s)
step 31000  train 1.9496  eval 1.8977  pmax 19.9  (287s)
step 32000  train 1.8475  eval 1.8874  pmax 19.9  (296s)
step 33000  train 1.8793  eval 1.9074  pmax 19.9  (306s)
step 34000  train 1.8830  eval 1.9583  pmax 19.9  (315s)
step 35000  train 1.9167  eval 1.9152  pmax 19.8  (325s)
step 36000  train 1.8629  eval 1.8722  pmax 19.8  (334s)
step 37000  train 1.8930  eval 1.8717  pmax 19.8  (344s)
step 38000  train 1.9144  eval 1.8770  pmax 19.8  (353s)
step 39000  train 1.8875  eval 1.8734  pmax 19.8  (362s)
step 40000  train 1.9270  eval 1.9147  pmax 19.8  (371s)
step 41000  train 1.9418  eval 1.8430  pmax 19.8  (381s)
step 42000  train 1.9097  eval 1.8735  pmax 19.8  (390s)
step 43000  train 1.9220  eval 1.9023  pmax 19.8  (399s)
step 44000  train 1.8777  eval 1.8989  pmax 19.8  (409s)
step 45000  train 1.8656  eval 1.8723  pmax 19.8  (418s)
step 46000  train 1.8900  eval 1.8905  pmax 19.8  (427s)
step 47000  train 1.8801  eval 1.8643  pmax 19.8  (436s)
step 48000  train 1.8763  eval 1.9124  pmax 19.8  (446s)
step 49000  train 1.8880  eval 1.8260  pmax 19.8  (455s)
step 50000  train 1.8818  eval 1.8954  pmax 19.8  (464s)
  [checkpoint + sample saved at step 50000]
step 51000  train 1.8767  eval 1.8209  pmax 19.8  (475s)
step 52000  train 1.9174  eval 1.8729  pmax 19.8  (484s)
step 53000  train 1.9144  eval 1.8347  pmax 19.8  (493s)
step 54000  train 1.8960  eval 1.8325  pmax 19.8  (503s)
  [checkpoint + sample saved at step 54000]
done. artifacts in /home/luke/Wavelet-State-KAN/checkpoints/wskan11_ultrachat_10k_3ep_s2024
