/home/luke/Wavelet-State-KAN/experiments/V1_train_tinystories_lm.py:107: UserWarning: The given buffer is not writable, and PyTorch does not support non-writable tensors. This means you can write to the underlying (supposedly non-writable) buffer using the tensor. You may want to copy the buffer to protect its data or make it writable before converting it to a tensor. This type of warning will be suppressed for the rest of this program. (Triggered internally at /__w/pytorch/pytorch/torch/csrc/utils/tensor_new.cpp:1556.)
  train_ids = torch.frombuffer(train_text.encode("utf-8", errors="ignore"), dtype=torch.uint8)
train bytes: 1,195,926,439  eval bytes: 2,859,070
model: wskan11  params: 113,612  device: cuda
W0920 11:54:37.782000 921909 .venv/lib/python3.12/site-packages/torch/_inductor/utils.py:1806] [0/0] Not enough SMs to use max_autotune_gemm mode
step     1  train 5.5535  eval 5.4574  pmax 18.9  (29s)
step  1000  train 1.4719  eval 1.4744  pmax 19.2  (44s)
step  2000  train 1.4153  eval 1.3615  pmax 19.6  (59s)
step  3000  train 1.4003  eval 1.3749  pmax 19.8  (74s)
step  4000  train 1.3255  eval 1.3606  pmax 20.2  (88s)
step  5000  train 1.3769  eval 1.3108  pmax 20.6  (103s)
step  6000  train 1.3797  eval 1.3586  pmax 20.8  (118s)
step  7000  train 1.2956  eval 1.3612  pmax 21.0  (133s)
step  8000  train 1.3431  eval 1.3733  pmax 21.2  (148s)
step  9000  train 1.3007  eval 1.3036  pmax 21.5  (163s)
step 10000  train 1.3219  eval 1.2885  pmax 21.6  (177s)
step 11000  train 1.3403  eval 1.3164  pmax 21.8  (192s)
step 12000  train 1.3155  eval 1.3403  pmax 21.9  (207s)
step 13000  train 1.3210  eval 1.3805  pmax 22.0  (222s)
step 14000  train 1.3429  eval 1.3039  pmax 22.1  (238s)
step 15000  train 1.2542  eval 1.2663  pmax 22.2  (253s)
step 16000  train 1.3296  eval 1.3278  pmax 22.3  (267s)
step 17000  train 1.3107  eval 1.3207  pmax 22.3  (282s)
step 18000  train 1.2782  eval 1.3741  pmax 22.3  (297s)
step 19000  train 1.2669  eval 1.3450  pmax 22.3  (311s)
step 20000  train 1.2905  eval 1.3077  pmax 22.1  (326s)
step 21000  train 1.3192  eval 1.3639  pmax 21.9  (341s)
step 22000  train 1.3042  eval 1.3157  pmax 21.8  (356s)
step 23000  train 1.3093  eval 1.3098  pmax 22.0  (371s)
step 24000  train 1.2784  eval 1.2499  pmax 22.1  (385s)
step 25000  train 1.3411  eval 1.3397  pmax 22.2  (400s)
  [checkpoint + sample saved at step 25000]
step 26000  train 1.2770  eval 1.2925  pmax 22.3  (417s)
step 27000  train 1.2512  eval 1.3183  pmax 22.4  (432s)
step 28000  train 1.2522  eval 1.3107  pmax 22.5  (447s)
step 29000  train 1.3377  eval 1.2880  pmax 22.6  (461s)
step 30000  train 1.2701  eval 1.3279  pmax 22.7  (476s)
step 31000  train 1.2676  eval 1.2806  pmax 22.7  (491s)
step 32000  train 1.2756  eval 1.2829  pmax 22.7  (506s)
step 33000  train 1.2723  eval 1.2137  pmax 22.9  (522s)
step 34000  train 1.2853  eval 1.2872  pmax 22.9  (536s)
step 35000  train 1.2858  eval 1.3011  pmax 23.0  (551s)
step 36000  train 1.2646  eval 1.2598  pmax 23.1  (566s)
step 37000  train 1.3025  eval 1.3208  pmax 23.1  (581s)
step 38000  train 1.2717  eval 1.2472  pmax 23.2  (596s)
step 39000  train 1.2914  eval 1.2545  pmax 23.3  (611s)
step 40000  train 1.2903  eval 1.2288  pmax 23.3  (626s)
step 41000  train 1.2997  eval 1.3047  pmax 23.4  (641s)
step 42000  train 1.3058  eval 1.3114  pmax 23.4  (656s)
step 43000  train 1.2599  eval 1.3179  pmax 23.5  (671s)
step 44000  train 1.2140  eval 1.3206  pmax 23.5  (686s)
step 45000  train 1.2670  eval 1.2359  pmax 23.6  (702s)
step 46000  train 1.2405  eval 1.3165  pmax 23.6  (717s)
step 47000  train 1.2630  eval 1.3140  pmax 23.7  (732s)
step 48000  train 1.2178  eval 1.2378  pmax 23.7  (747s)
step 49000  train 1.2252  eval 1.2924  pmax 23.7  (762s)
step 50000  train 1.2465  eval 1.2666  pmax 23.7  (777s)
  [checkpoint + sample saved at step 50000]
step 51000  train 1.2427  eval 1.2616  pmax 23.8  (794s)
step 52000  train 1.2569  eval 1.2649  pmax 23.8  (809s)
step 53000  train 1.2462  eval 1.2334  pmax 23.8  (824s)
step 54000  train 1.2581  eval 1.3063  pmax 23.8  (838s)
step 55000  train 1.2244  eval 1.2149  pmax 23.8  (853s)
step 56000  train 1.2594  eval 1.2801  pmax 23.8  (868s)
step 57000  train 1.2700  eval 1.1573  pmax 23.8  (883s)
step 58000  train 1.2419  eval 1.2270  pmax 23.8  (898s)
step 59000  train 1.2366  eval 1.2691  pmax 23.8  (913s)
step 60000  train 1.2570  eval 1.2356  pmax 23.9  (929s)
step 61000  train 1.2609  eval 1.2450  pmax 23.8  (944s)
step 62000  train 1.2137  eval 1.2533  pmax 23.8  (959s)
step 63000  train 1.2569  eval 1.2537  pmax 23.8  (974s)
step 64000  train 1.2528  eval 1.2695  pmax 23.8  (989s)
step 65000  train 1.2396  eval 1.2603  pmax 23.8  (1004s)
step 66000  train 1.2778  eval 1.2584  pmax 23.8  (1019s)
step 67000  train 1.2416  eval 1.2770  pmax 23.8  (1034s)
step 68000  train 1.2168  eval 1.2653  pmax 23.8  (1048s)
step 69000  train 1.2306  eval 1.2412  pmax 23.8  (1062s)
step 70000  train 1.2996  eval 1.2601  pmax 23.8  (1077s)
step 71000  train 1.2351  eval 1.3321  pmax 23.8  (1092s)
step 72000  train 1.2967  eval 1.2557  pmax 23.8  (1107s)
step 73000  train 1.2518  eval 1.2609  pmax 23.8  (1122s)
step 74000  train 1.2440  eval 1.2117  pmax 23.8  (1137s)
step 75000  train 1.2860  eval 1.2534  pmax 23.8  (1152s)
  [checkpoint + sample saved at step 75000]
step 76000  train 1.2364  eval 1.2761  pmax 23.8  (1168s)
step 77000  train 1.2377  eval 1.2833  pmax 23.8  (1183s)
step 78000  train 1.2256  eval 1.2235  pmax 23.8  (1198s)
step 79000  train 1.2295  eval 1.1816  pmax 23.8  (1213s)
step 80000  train 1.2793  eval 1.2466  pmax 23.8  (1228s)
step 81000  train 1.2464  eval 1.2806  pmax 23.8  (1243s)
step 82000  train 1.2399  eval 1.2439  pmax 23.8  (1258s)
step 83000  train 1.2191  eval 1.3135  pmax 23.8  (1273s)
step 84000  train 1.2883  eval 1.2592  pmax 23.8  (1288s)
step 85000  train 1.2705  eval 1.1994  pmax 23.8  (1302s)
step 86000  train 1.2905  eval 1.3008  pmax 23.8  (1317s)
step 87000  train 1.2520  eval 1.2589  pmax 23.8  (1332s)
step 88000  train 1.2385  eval 1.2773  pmax 23.8  (1347s)
step 89000  train 1.3021  eval 1.2652  pmax 23.8  (1362s)
step 90000  train 1.2480  eval 1.2117  pmax 23.8  (1377s)
step 91000  train 1.1984  eval 1.2079  pmax 23.8  (1392s)
step 92000  train 1.2534  eval 1.2644  pmax 23.8  (1406s)
step 93000  train 1.2274  eval 1.2765  pmax 23.8  (1421s)
step 94000  train 1.2549  eval 1.2616  pmax 23.8  (1436s)
step 95000  train 1.2462  eval 1.2094  pmax 23.8  (1451s)
step 96000  train 1.2187  eval 1.2779  pmax 23.8  (1466s)
step 97000  train 1.2591  eval 1.2650  pmax 23.8  (1481s)
step 98000  train 1.1976  eval 1.2453  pmax 23.8  (1496s)
step 99000  train 1.1976  eval 1.2692  pmax 23.8  (1511s)
step 100000  train 1.2575  eval 1.2223  pmax 23.8  (1526s)
  [checkpoint + sample saved at step 100000]
step 101000  train 1.2085  eval 1.2046  pmax 23.8  (1543s)
step 102000  train 1.2475  eval 1.2312  pmax 23.8  (1558s)
step 103000  train 1.2594  eval 1.2602  pmax 23.8  (1573s)
step 104000  train 1.2151  eval 1.2370  pmax 23.8  (1588s)
step 105000  train 1.2363  eval 1.2305  pmax 23.8  (1604s)
step 106000  train 1.2583  eval 1.3029  pmax 23.8  (1619s)
step 107000  train 1.2590  eval 1.1903  pmax 23.8  (1634s)
step 108000  train 1.2375  eval 1.2473  pmax 23.8  (1649s)
  [checkpoint + sample saved at step 108000]
done. artifacts in /home/luke/Wavelet-State-KAN/checkpoints/wskan11_ultrachat_100k_3ep_s31337
