/home/luke/Wavelet-State-KAN/experiments/V1_train_tinystories_lm.py:107: UserWarning: The given buffer is not writable, and PyTorch does not support non-writable tensors. This means you can write to the underlying (supposedly non-writable) buffer using the tensor. You may want to copy the buffer to protect its data or make it writable before converting it to a tensor. This type of warning will be suppressed for the rest of this program. (Triggered internally at /__w/pytorch/pytorch/torch/csrc/utils/tensor_new.cpp:1556.)
  train_ids = torch.frombuffer(train_text.encode("utf-8", errors="ignore"), dtype=torch.uint8)
train bytes: 1,195,926,439  eval bytes: 2,859,070
model: wskan11real  params: 12,546  device: cuda
step     1  train 5.5479  eval 5.5281  pmax 3.0  (7s)
step  1000  train 2.1795  eval 2.1752  pmax 3.2  (16s)
step  2000  train 2.1068  eval 2.0805  pmax 4.7  (25s)
step  3000  train 2.0805  eval 2.0626  pmax 6.0  (34s)
step  4000  train 2.0099  eval 2.0653  pmax 6.9  (43s)
step  5000  train 2.0257  eval 2.0865  pmax 7.3  (52s)
step  6000  train 2.0445  eval 2.0305  pmax 7.4  (60s)
step  7000  train 2.0227  eval 2.0557  pmax 7.2  (69s)
step  8000  train 2.0037  eval 2.0026  pmax 7.1  (78s)
step  9000  train 2.0184  eval 2.0209  pmax 8.0  (86s)
step 10000  train 2.0376  eval 2.0114  pmax 8.7  (95s)
step 11000  train 2.0239  eval 2.0771  pmax 9.2  (104s)
step 12000  train 2.0023  eval 2.0011  pmax 9.4  (112s)
step 13000  train 1.9617  eval 1.9731  pmax 9.4  (121s)
step 14000  train 2.0301  eval 2.0120  pmax 9.3  (130s)
step 15000  train 2.0462  eval 1.9980  pmax 9.2  (138s)
step 16000  train 2.0240  eval 1.9979  pmax 9.1  (147s)
step 17000  train 1.9496  eval 2.0151  pmax 8.9  (156s)
step 18000  train 2.0249  eval 1.9850  pmax 9.0  (164s)
step 19000  train 1.9686  eval 1.9994  pmax 9.3  (173s)
step 20000  train 2.0126  eval 1.9637  pmax 9.6  (182s)
step 21000  train 1.9536  eval 1.9399  pmax 9.8  (190s)
step 22000  train 2.0220  eval 2.0001  pmax 10.1  (199s)
step 23000  train 1.9421  eval 1.9991  pmax 10.2  (208s)
step 24000  train 1.9918  eval 1.9967  pmax 10.4  (217s)
step 25000  train 1.9773  eval 1.9982  pmax 10.6  (225s)
  [checkpoint + sample saved at step 25000]
step 26000  train 1.9666  eval 1.9616  pmax 10.7  (235s)
step 27000  train 1.9927  eval 1.9959  pmax 10.8  (244s)
step 28000  train 2.0132  eval 1.9469  pmax 11.0  (252s)
step 29000  train 1.9594  eval 1.9875  pmax 11.1  (260s)
step 30000  train 2.0214  eval 1.9880  pmax 11.2  (269s)
step 31000  train 1.9242  eval 1.9646  pmax 11.3  (277s)
step 32000  train 1.9910  eval 1.9431  pmax 11.4  (285s)
step 33000  train 2.0345  eval 1.9597  pmax 11.4  (294s)
step 34000  train 1.9482  eval 2.0072  pmax 11.5  (303s)
step 35000  train 1.9437  eval 1.9570  pmax 11.6  (312s)
step 36000  train 2.0216  eval 1.9453  pmax 11.7  (320s)
step 37000  train 1.9614  eval 1.9509  pmax 11.7  (329s)
step 38000  train 1.9540  eval 2.0522  pmax 11.8  (338s)
step 39000  train 1.9541  eval 2.0012  pmax 11.8  (347s)
step 40000  train 1.9629  eval 2.0105  pmax 11.8  (355s)
step 41000  train 1.9550  eval 1.9956  pmax 11.9  (364s)
step 42000  train 1.9837  eval 1.9456  pmax 11.9  (373s)
step 43000  train 1.9470  eval 1.9985  pmax 11.9  (382s)
step 44000  train 2.0024  eval 1.9328  pmax 11.9  (391s)
step 45000  train 1.9888  eval 1.9579  pmax 12.0  (399s)
step 46000  train 1.9464  eval 1.9717  pmax 12.0  (408s)
step 47000  train 1.9632  eval 1.9527  pmax 12.0  (417s)
step 48000  train 1.9481  eval 1.9175  pmax 12.0  (426s)
step 49000  train 1.9526  eval 1.9665  pmax 12.0  (434s)
step 50000  train 1.9790  eval 1.9981  pmax 12.0  (443s)
  [checkpoint + sample saved at step 50000]
step 51000  train 1.9817  eval 1.9419  pmax 12.0  (453s)
step 52000  train 1.9784  eval 1.9094  pmax 12.0  (462s)
step 53000  train 1.9747  eval 1.9849  pmax 12.0  (470s)
step 54000  train 1.9681  eval 1.9432  pmax 12.0  (479s)
  [checkpoint + sample saved at step 54000]
done. artifacts in /home/luke/Wavelet-State-KAN/checkpoints/wskan11real_ultrachat_10k_3ep_s42
