/home/luke/Wavelet-State-KAN/experiments/V1_train_tinystories_lm.py:107: UserWarning: The given buffer is not writable, and PyTorch does not support non-writable tensors. This means you can write to the underlying (supposedly non-writable) buffer using the tensor. You may want to copy the buffer to protect its data or make it writable before converting it to a tensor. This type of warning will be suppressed for the rest of this program. (Triggered internally at /__w/pytorch/pytorch/torch/csrc/utils/tensor_new.cpp:1556.)
  train_ids = torch.frombuffer(train_text.encode("utf-8", errors="ignore"), dtype=torch.uint8)
train bytes: 1,905,061,325  eval bytes: 405,730
model: wskan11real  params: 985,956  device: cuda
step     1  train 5.5544  eval 5.4329  pmax 3.0  (20s)
step  1000  train 0.9663  eval 0.9142  pmax 3.2  (59s)
step  2000  train 0.9077  eval 0.8356  pmax 3.2  (98s)
step  3000  train 0.8536  eval 0.8263  pmax 3.3  (137s)
step  4000  train 0.8271  eval 0.7632  pmax 3.3  (175s)
step  5000  train 0.8261  eval 0.8030  pmax 3.3  (214s)
step  6000  train 0.8044  eval 0.7613  pmax 3.3  (253s)
step  7000  train 0.7981  eval 0.7354  pmax 3.4  (291s)
step  8000  train 0.8160  eval 0.7409  pmax 3.4  (330s)
step  9000  train 0.8047  eval 0.7414  pmax 3.4  (368s)
step 10000  train 0.7562  eval 0.7329  pmax 3.4  (407s)
  [checkpoint + sample saved at step 10000]
step 11000  train 0.7824  eval 0.7269  pmax 3.5  (451s)
step 12000  train 0.7659  eval 0.7400  pmax 3.5  (490s)
step 13000  train 0.7554  eval 0.7407  pmax 3.5  (528s)
step 14000  train 0.7391  eval 0.7136  pmax 3.5  (567s)
step 15000  train 0.7328  eval 0.6864  pmax 3.5  (606s)
step 16000  train 0.7682  eval 0.7041  pmax 3.6  (645s)
step 17000  train 0.7416  eval 0.6705  pmax 3.6  (684s)
step 18000  train 0.7363  eval 0.6986  pmax 3.6  (722s)
step 19000  train 0.7472  eval 0.6989  pmax 3.6  (761s)
step 20000  train 0.7442  eval 0.7061  pmax 3.7  (800s)
  [checkpoint + sample saved at step 20000]
step 21000  train 0.7497  eval 0.6984  pmax 3.7  (843s)
step 22000  train 0.7271  eval 0.7203  pmax 3.7  (882s)
step 23000  train 0.7749  eval 0.6758  pmax 3.7  (921s)
step 24000  train 0.7271  eval 0.6780  pmax 3.7  (960s)
step 25000  train 0.7572  eval 0.6799  pmax 3.7  (998s)
step 26000  train 0.7155  eval 0.6876  pmax 3.7  (1037s)
step 27000  train 0.7132  eval 0.6787  pmax 3.7  (1076s)
step 28000  train 0.6969  eval 0.6306  pmax 3.8  (1115s)
step 29000  train 0.7288  eval 0.6811  pmax 3.8  (1153s)
step 30000  train 0.7322  eval 0.7065  pmax 3.8  (1192s)
  [checkpoint + sample saved at step 30000]
step 31000  train 0.7168  eval 0.6531  pmax 3.8  (1236s)
step 32000  train 0.7265  eval 0.6871  pmax 3.8  (1274s)
step 33000  train 0.7202  eval 0.6675  pmax 3.8  (1313s)
step 34000  train 0.7487  eval 0.6894  pmax 3.8  (1352s)
step 35000  train 0.7080  eval 0.6654  pmax 3.8  (1390s)
step 36000  train 0.7386  eval 0.6734  pmax 3.8  (1429s)
step 37000  train 0.7087  eval 0.6785  pmax 3.9  (1468s)
step 38000  train 0.7092  eval 0.6004  pmax 3.9  (1507s)
step 39000  train 0.7310  eval 0.6762  pmax 3.9  (1546s)
step 40000  train 0.7197  eval 0.6703  pmax 3.9  (1584s)
  [checkpoint + sample saved at step 40000]
step 41000  train 0.6969  eval 0.6202  pmax 3.9  (1628s)
step 42000  train 0.7094  eval 0.6845  pmax 3.9  (1667s)
step 43000  train 0.7165  eval 0.6442  pmax 3.9  (1706s)
step 44000  train 0.7097  eval 0.6804  pmax 3.9  (1744s)
step 45000  train 0.6995  eval 0.6739  pmax 3.9  (1783s)
step 46000  train 0.7204  eval 0.6627  pmax 3.9  (1822s)
step 47000  train 0.6874  eval 0.6306  pmax 3.9  (1860s)
step 48000  train 0.7180  eval 0.6602  pmax 3.9  (1899s)
step 49000  train 0.6849  eval 0.6566  pmax 4.0  (1938s)
step 50000  train 0.7157  eval 0.6572  pmax 4.0  (1977s)
  [checkpoint + sample saved at step 50000]
step 51000  train 0.7175  eval 0.6287  pmax 4.0  (2020s)
step 52000  train 0.6789  eval 0.6551  pmax 4.0  (2059s)
step 53000  train 0.6814  eval 0.6425  pmax 4.0  (2098s)
step 54000  train 0.6842  eval 0.6664  pmax 4.0  (2137s)
step 55000  train 0.6643  eval 0.6727  pmax 4.0  (2176s)
step 56000  train 0.6753  eval 0.6484  pmax 4.0  (2214s)
step 57000  train 0.7030  eval 0.6676  pmax 4.0  (2253s)
step 58000  train 0.6640  eval 0.6381  pmax 4.0  (2292s)
step 59000  train 0.6752  eval 0.6792  pmax 4.0  (2331s)
step 60000  train 0.6964  eval 0.6372  pmax 4.0  (2369s)
  [checkpoint + sample saved at step 60000]
step 61000  train 0.7023  eval 0.6409  pmax 4.0  (2413s)
step 62000  train 0.6983  eval 0.6429  pmax 4.0  (2452s)
step 63000  train 0.6808  eval 0.6379  pmax 4.0  (2491s)
step 64000  train 0.6902  eval 0.6636  pmax 4.0  (2530s)
step 65000  train 0.6632  eval 0.6250  pmax 4.0  (2568s)
step 66000  train 0.6590  eval 0.6508  pmax 4.0  (2607s)
step 67000  train 0.6929  eval 0.6339  pmax 4.0  (2646s)
step 68000  train 0.7096  eval 0.6339  pmax 4.0  (2685s)
step 69000  train 0.6669  eval 0.6419  pmax 4.0  (2723s)
step 70000  train 0.7249  eval 0.6375  pmax 4.0  (2762s)
  [checkpoint + sample saved at step 70000]
step 71000  train 0.6605  eval 0.6221  pmax 4.0  (2806s)
step 72000  train 0.6571  eval 0.6420  pmax 4.1  (2845s)
step 73000  train 0.6792  eval 0.6282  pmax 4.1  (2883s)
step 74000  train 0.6785  eval 0.6124  pmax 4.1  (2922s)
step 75000  train 0.6854  eval 0.6433  pmax 4.1  (2961s)
step 76000  train 0.6937  eval 0.6252  pmax 4.1  (2999s)
step 77000  train 0.6926  eval 0.6440  pmax 4.1  (3038s)
step 78000  train 0.6908  eval 0.6173  pmax 4.1  (3077s)
step 79000  train 0.6671  eval 0.6405  pmax 4.1  (3116s)
step 80000  train 0.6968  eval 0.6502  pmax 4.1  (3154s)
  [checkpoint + sample saved at step 80000]
step 81000  train 0.6601  eval 0.6191  pmax 4.1  (3198s)
step 82000  train 0.6749  eval 0.6130  pmax 4.1  (3237s)
step 83000  train 0.7029  eval 0.6453  pmax 4.1  (3275s)
step 84000  train 0.6597  eval 0.6255  pmax 4.1  (3314s)
step 85000  train 0.6540  eval 0.6472  pmax 4.1  (3353s)
step 86000  train 0.6625  eval 0.6431  pmax 4.1  (3391s)
step 87000  train 0.6852  eval 0.6232  pmax 4.1  (3430s)
step 88000  train 0.6810  eval 0.6562  pmax 4.1  (3469s)
step 89000  train 0.6791  eval 0.6266  pmax 4.1  (3508s)
step 90000  train 0.6697  eval 0.6233  pmax 4.1  (3547s)
  [checkpoint + sample saved at step 90000]
step 91000  train 0.6480  eval 0.5955  pmax 4.1  (3591s)
step 92000  train 0.6815  eval 0.6114  pmax 4.1  (3630s)
step 93000  train 0.6847  eval 0.6193  pmax 4.1  (3668s)
step 94000  train 0.6455  eval 0.6378  pmax 4.1  (3707s)
step 95000  train 0.6746  eval 0.6028  pmax 4.1  (3746s)
step 96000  train 0.6891  eval 0.6554  pmax 4.1  (3785s)
step 97000  train 0.6570  eval 0.6279  pmax 4.1  (3824s)
step 98000  train 0.6738  eval 0.6173  pmax 4.1  (3863s)
step 99000  train 0.6561  eval 0.6074  pmax 4.1  (3901s)
step 100000  train 0.6718  eval 0.6094  pmax 4.1  (3940s)
  [checkpoint + sample saved at step 100000]
done. artifacts in /home/luke/Wavelet-State-KAN/checkpoints/wskan11real_tinystories_1m_3ep_s31337
