/home/luke/Wavelet-State-KAN/experiments/V1_train_tinystories_lm.py:107: UserWarning: The given buffer is not writable, and PyTorch does not support non-writable tensors. This means you can write to the underlying (supposedly non-writable) buffer using the tensor. You may want to copy the buffer to protect its data or make it writable before converting it to a tensor. This type of warning will be suppressed for the rest of this program. (Triggered internally at /__w/pytorch/pytorch/torch/csrc/utils/tensor_new.cpp:1556.)
  train_ids = torch.frombuffer(train_text.encode("utf-8", errors="ignore"), dtype=torch.uint8)
train bytes: 1,905,061,325  eval bytes: 405,730
model: wskan7bcreal  params: 10,153,996  device: cuda
W0913 11:52:37.057000 197573 .venv/lib/python3.12/site-packages/torch/_inductor/utils.py:1806] [0/1] Not enough SMs to use max_autotune_gemm mode
step     1  train 5.6833  eval 4.4684  pmax 3.0  (30s)
step  1000  train 0.8704  eval 0.8187  pmax 3.1  (776s)
step  2000  train 0.7767  eval 0.7477  pmax 3.2  (1522s)
step  3000  train 0.7807  eval 0.7241  pmax 3.2  (2281s)
step  4000  train 0.7340  eval 0.6706  pmax 3.3  (3039s)
step  5000  train 0.7305  eval 0.6570  pmax 3.3  (3786s)
  [checkpoint + sample saved at step 5000]
step  6000  train 0.7172  eval 0.6822  pmax 3.3  (4538s)
step  7000  train 0.7234  eval 0.6920  pmax 3.4  (5286s)
step  8000  train 0.7082  eval 0.6597  pmax 3.4  (6033s)
step  9000  train 0.6922  eval 0.6518  pmax 3.4  (6780s)
step 10000  train 0.6639  eval 0.6301  pmax 3.4  (7528s)
  [checkpoint + sample saved at step 10000]
step 11000  train 0.6926  eval 0.6006  pmax 3.4  (8281s)
step 12000  train 0.6958  eval 0.6203  pmax 3.5  (9028s)
step 13000  train 0.6595  eval 0.6040  pmax 3.5  (9775s)
step 14000  train 0.6550  eval 0.6025  pmax 3.5  (10523s)
step 15000  train 0.6629  eval 0.6202  pmax 3.5  (11270s)
  [checkpoint + sample saved at step 15000]
step 16000  train 0.6661  eval 0.6341  pmax 3.5  (12023s)
step 17000  train 0.6648  eval 0.6001  pmax 3.5  (12770s)
step 18000  train 0.6764  eval 0.5897  pmax 3.5  (13518s)
step 19000  train 0.6228  eval 0.6097  pmax 3.5  (14265s)
step 20000  train 0.6363  eval 0.5892  pmax 3.5  (15013s)
  [checkpoint + sample saved at step 20000]
step 21000  train 0.6121  eval 0.6164  pmax 3.5  (15766s)
step 22000  train 0.6672  eval 0.5984  pmax 3.5  (16514s)
step 23000  train 0.6613  eval 0.6052  pmax 3.5  (17261s)
step 24000  train 0.6470  eval 0.5830  pmax 3.5  (18008s)
step 25000  train 0.6719  eval 0.5871  pmax 3.5  (18755s)
  [checkpoint + sample saved at step 25000]
step 26000  train 0.6513  eval 0.5730  pmax 3.5  (19508s)
step 27000  train 0.6269  eval 0.6073  pmax 3.5  (20255s)
step 28000  train 0.6073  eval 0.5970  pmax 3.5  (21002s)
step 29000  train 0.6623  eval 0.5677  pmax 3.5  (21749s)
step 30000  train 0.6175  eval 0.5757  pmax 3.5  (22496s)
  [checkpoint + sample saved at step 30000]
step 31000  train 0.6330  eval 0.6081  pmax 3.5  (23249s)
step 32000  train 0.6488  eval 0.5938  pmax 3.5  (23997s)
step 33000  train 0.6208  eval 0.5862  pmax 3.5  (24745s)
  [checkpoint + sample saved at step 33000]
done. artifacts in /home/luke/Wavelet-State-KAN/checkpoints/wskan7bcreal_tinystories_10m_3ep_s42
