/home/luke/Wavelet-State-KAN/experiments/V1_train_tinystories_lm.py:107: UserWarning: The given buffer is not writable, and PyTorch does not support non-writable tensors. This means you can write to the underlying (supposedly non-writable) buffer using the tensor. You may want to copy the buffer to protect its data or make it writable before converting it to a tensor. This type of warning will be suppressed for the rest of this program. (Triggered internally at /__w/pytorch/pytorch/torch/csrc/utils/tensor_new.cpp:1556.)
  train_ids = torch.frombuffer(train_text.encode("utf-8", errors="ignore"), dtype=torch.uint8)
train bytes: 1,195,926,439  eval bytes: 2,859,070
model: wskan7bcreal  params: 985,956  device: cuda
W0915 07:25:19.860000 874067 .venv/lib/python3.12/site-packages/torch/_inductor/utils.py:1806] [0/1] Not enough SMs to use max_autotune_gemm mode
step     1  train 5.5178  eval 5.4034  pmax 3.0  (15s)
step  1000  train 1.3298  eval 1.3784  pmax 3.4  (1518s)
step  2000  train 1.2418  eval 1.2753  pmax 3.5  (3019s)
step  3000  train 1.1664  eval 1.2026  pmax 3.7  (4518s)
step  4000  train 1.1947  eval 1.1623  pmax 3.7  (6021s)
step  5000  train 1.1126  eval 1.1754  pmax 3.8  (7523s)
step  6000  train 1.1174  eval 1.1531  pmax 3.8  (9013s)
step  7000  train 1.1688  eval 1.1092  pmax 3.9  (10515s)
step  8000  train 1.1479  eval 1.1356  pmax 3.9  (12015s)
step  9000  train 1.0727  eval 1.0606  pmax 4.0  (13515s)
step 10000  train 1.1118  eval 1.0946  pmax 4.0  (15018s)
  [checkpoint + sample saved at step 10000]
step 11000  train 1.0754  eval 1.1403  pmax 4.0  (16532s)
step 12000  train 1.1008  eval 1.1587  pmax 4.1  (18024s)
step 13000  train 1.0196  eval 1.0660  pmax 4.1  (19520s)
step 14000  train 1.0479  eval 1.0650  pmax 4.1  (21031s)
step 15000  train 1.0721  eval 1.0559  pmax 4.1  (22527s)
step 16000  train 1.0897  eval 1.0744  pmax 4.2  (24022s)
step 17000  train 1.0546  eval 1.0474  pmax 4.2  (25518s)
step 18000  train 1.0118  eval 1.0859  pmax 4.2  (27021s)
step 19000  train 1.0930  eval 1.0892  pmax 4.2  (28517s)
step 20000  train 1.0179  eval 1.0532  pmax 4.2  (30010s)
  [checkpoint + sample saved at step 20000]
step 21000  train 1.0644  eval 1.0664  pmax 4.2  (31522s)
step 22000  train 1.0035  eval 1.0371  pmax 4.2  (33025s)
step 23000  train 1.0067  eval 1.0875  pmax 4.3  (34567s)
step 24000  train 1.0066  eval 1.0590  pmax 4.3  (36069s)
step 25000  train 1.0010  eval 1.0468  pmax 4.3  (37569s)
step 26000  train 1.0185  eval 1.1222  pmax 4.3  (39109s)
step 27000  train 1.0180  eval 1.0320  pmax 4.3  (40596s)
step 28000  train 1.0178  eval 1.0248  pmax 4.3  (42127s)
step 29000  train 1.0486  eval 1.0388  pmax 4.3  (43707s)
step 30000  train 1.0342  eval 1.0295  pmax 4.3  (45283s)
  [checkpoint + sample saved at step 30000]
step 31000  train 1.0248  eval 0.9974  pmax 4.3  (46873s)
step 32000  train 0.9782  eval 1.0133  pmax 4.3  (48476s)
step 33000  train 1.0176  eval 0.9966  pmax 4.3  (50071s)
step 34000  train 0.9937  eval 0.9834  pmax 4.3  (51613s)
step 35000  train 1.0464  eval 1.0188  pmax 4.3  (53190s)
step 36000  train 0.9753  eval 0.9750  pmax 4.3  (54785s)
step 37000  train 1.0687  eval 1.0168  pmax 4.3  (56383s)
step 38000  train 1.0450  eval 1.0600  pmax 4.3  (57989s)
step 39000  train 1.0028  eval 1.0170  pmax 4.3  (59603s)
step 40000  train 1.0184  eval 1.0226  pmax 4.4  (61208s)
  [checkpoint + sample saved at step 40000]
step 41000  train 0.9730  eval 1.0432  pmax 4.4  (62823s)
step 42000  train 0.9757  eval 1.0186  pmax 4.4  (64363s)
step 43000  train 0.9808  eval 0.9412  pmax 4.4  (65867s)
step 44000  train 0.9672  eval 1.0115  pmax 4.4  (67361s)
step 45000  train 1.0040  eval 1.0383  pmax 4.4  (68850s)
step 46000  train 1.0281  eval 0.9838  pmax 4.4  (70333s)
step 47000  train 1.0013  eval 1.0341  pmax 4.4  (71825s)
step 48000  train 0.9734  eval 1.0176  pmax 4.4  (73312s)
step 49000  train 0.9847  eval 0.9923  pmax 4.4  (74801s)
step 50000  train 0.9889  eval 1.0169  pmax 4.4  (76293s)
  [checkpoint + sample saved at step 50000]
step 51000  train 0.9937  eval 0.9743  pmax 4.4  (77799s)
step 52000  train 0.9614  eval 0.9823  pmax 4.4  (79289s)
step 53000  train 0.9867  eval 0.9858  pmax 4.4  (80767s)
step 54000  train 0.9932  eval 1.0132  pmax 4.4  (82251s)
  [checkpoint + sample saved at step 54000]
done. artifacts in /home/luke/Wavelet-State-KAN/checkpoints/wskan7bcreal_ultrachat_1m_3ep_s31337
