/home/luke/Wavelet-State-KAN/experiments/V1_train_tinystories_lm.py:107: UserWarning: The given buffer is not writable, and PyTorch does not support non-writable tensors. This means you can write to the underlying (supposedly non-writable) buffer using the tensor. You may want to copy the buffer to protect its data or make it writable before converting it to a tensor. This type of warning will be suppressed for the rest of this program. (Triggered internally at /__w/pytorch/pytorch/torch/csrc/utils/tensor_new.cpp:1556.)
  train_ids = torch.frombuffer(train_text.encode("utf-8", errors="ignore"), dtype=torch.uint8)
train bytes: 542,898,247  eval bytes: 130,357
model: wskan11real  params: 985,956  device: cuda
W0920 05:54:02.437000 528083 .venv/lib/python3.12/site-packages/torch/_inductor/utils.py:1806] [0/0] Not enough SMs to use max_autotune_gemm mode
step     1  train 5.5588  eval 5.4510  pmax 3.0  (40s)
step  1000  train 1.4586  eval 1.4794  pmax 3.1  (78s)
step  2000  train 1.4324  eval 1.3469  pmax 3.2  (116s)
step  3000  train 1.3194  eval 1.3612  pmax 3.3  (155s)
step  4000  train 1.3131  eval 1.3313  pmax 3.4  (193s)
step  5000  train 1.3032  eval 1.3298  pmax 3.5  (231s)
step  6000  train 1.3110  eval 1.2836  pmax 3.5  (269s)
step  7000  train 1.2868  eval 1.2917  pmax 3.6  (307s)
step  8000  train 1.2628  eval 1.2946  pmax 3.6  (345s)
step  9000  train 1.2574  eval 1.2426  pmax 3.6  (384s)
step 10000  train 1.3125  eval 1.2446  pmax 3.6  (422s)
  [checkpoint + sample saved at step 10000]
step 11000  train 1.2766  eval 1.2507  pmax 3.6  (465s)
step 12000  train 1.2491  eval 1.2389  pmax 3.6  (503s)
step 13000  train 1.2575  eval 1.2270  pmax 3.7  (542s)
step 14000  train 1.2715  eval 1.2526  pmax 3.7  (580s)
step 15000  train 1.2491  eval 1.2221  pmax 3.7  (618s)
step 16000  train 1.2526  eval 1.2591  pmax 3.7  (656s)
step 17000  train 1.2502  eval 1.1994  pmax 3.7  (694s)
step 18000  train 1.2320  eval 1.1883  pmax 3.7  (733s)
step 19000  train 1.2569  eval 1.2136  pmax 3.7  (771s)
step 20000  train 1.2306  eval 1.2403  pmax 3.7  (809s)
  [checkpoint + sample saved at step 20000]
step 21000  train 1.2332  eval 1.2377  pmax 3.7  (852s)
step 22000  train 1.2247  eval 1.2025  pmax 3.7  (891s)
step 23000  train 1.1932  eval 1.1909  pmax 3.7  (929s)
step 24000  train 1.1818  eval 1.2450  pmax 3.7  (967s)
step 25000  train 1.1795  eval 1.1772  pmax 3.8  (1005s)
step 26000  train 1.1822  eval 1.2045  pmax 3.7  (1043s)
step 27000  train 1.1831  eval 1.1785  pmax 3.8  (1082s)
step 28000  train 1.1972  eval 1.1894  pmax 3.8  (1120s)
step 29000  train 1.1609  eval 1.2292  pmax 3.8  (1158s)
step 30000  train 1.1893  eval 1.2244  pmax 3.8  (1196s)
  [checkpoint + sample saved at step 30000]
step 31000  train 1.1589  eval 1.1600  pmax 3.8  (1239s)
step 32000  train 1.1693  eval 1.1843  pmax 3.8  (1277s)
step 33000  train 1.1658  eval 1.2308  pmax 3.8  (1316s)
step 34000  train 1.1955  eval 1.2017  pmax 3.8  (1354s)
step 35000  train 1.2129  eval 1.1941  pmax 3.8  (1392s)
step 36000  train 1.1644  eval 1.1845  pmax 3.8  (1430s)
step 37000  train 1.1863  eval 1.2133  pmax 3.8  (1469s)
step 38000  train 1.1602  eval 1.1835  pmax 3.8  (1507s)
step 39000  train 1.1754  eval 1.1608  pmax 3.8  (1545s)
step 40000  train 1.1458  eval 1.1763  pmax 3.8  (1583s)
  [checkpoint + sample saved at step 40000]
step 41000  train 1.1936  eval 1.2084  pmax 3.8  (1626s)
step 42000  train 1.1608  eval 1.1438  pmax 3.8  (1665s)
step 43000  train 1.1568  eval 1.1669  pmax 3.8  (1703s)
step 44000  train 1.1621  eval 1.1805  pmax 3.8  (1741s)
step 45000  train 1.1522  eval 1.1724  pmax 3.9  (1780s)
step 46000  train 1.1169  eval 1.1315  pmax 3.9  (1818s)
step 47000  train 1.1479  eval 1.1648  pmax 3.9  (1856s)
step 48000  train 1.1831  eval 1.1515  pmax 3.9  (1894s)
step 49000  train 1.1958  eval 1.1581  pmax 3.9  (1932s)
step 50000  train 1.1356  eval 1.1398  pmax 3.9  (1970s)
  [checkpoint + sample saved at step 50000]
step 51000  train 1.1653  eval 1.1529  pmax 3.9  (2013s)
step 52000  train 1.1463  eval 1.1966  pmax 3.9  (2052s)
step 53000  train 1.1492  eval 1.1883  pmax 3.9  (2090s)
step 54000  train 1.1475  eval 1.1639  pmax 3.9  (2128s)
step 55000  train 1.1662  eval 1.1419  pmax 3.9  (2166s)
step 56000  train 1.1858  eval 1.1772  pmax 3.9  (2204s)
step 57000  train 1.1776  eval 1.1402  pmax 3.9  (2242s)
step 58000  train 1.1680  eval 1.1434  pmax 3.9  (2281s)
step 59000  train 1.1679  eval 1.1927  pmax 3.9  (2319s)
step 60000  train 1.1392  eval 1.1755  pmax 3.9  (2357s)
  [checkpoint + sample saved at step 60000]
step 61000  train 1.1562  eval 1.1485  pmax 3.9  (2400s)
step 62000  train 1.1454  eval 1.1715  pmax 3.9  (2438s)
step 63000  train 1.1537  eval 1.1807  pmax 3.9  (2476s)
step 64000  train 1.1713  eval 1.1342  pmax 3.9  (2514s)
step 65000  train 1.1583  eval 1.1633  pmax 3.9  (2552s)
step 66000  train 1.1740  eval 1.1574  pmax 3.9  (2590s)
  [checkpoint + sample saved at step 66000]
done. artifacts in /home/luke/Wavelet-State-KAN/checkpoints/wskan11real_wikitext_1m_3ep_s31337
