/home/luke/Wavelet-State-KAN/experiments/V1_train_tinystories_lm.py:107: UserWarning: The given buffer is not writable, and PyTorch does not support non-writable tensors. This means you can write to the underlying (supposedly non-writable) buffer using the tensor. You may want to copy the buffer to protect its data or make it writable before converting it to a tensor. This type of warning will be suppressed for the rest of this program. (Triggered internally at /__w/pytorch/pytorch/torch/csrc/utils/tensor_new.cpp:1556.)
  train_ids = torch.frombuffer(train_text.encode("utf-8", errors="ignore"), dtype=torch.uint8)
train bytes: 542,898,247  eval bytes: 130,357
model: wskan11real  params: 12,546  device: cuda
step     1  train 5.5512  eval 5.5331  pmax 3.0  (7s)
step  1000  train 2.1908  eval 2.1544  pmax 3.0  (16s)
step  2000  train 2.1016  eval 2.0978  pmax 5.1  (24s)
step  3000  train 2.0811  eval 2.0825  pmax 6.4  (33s)
step  4000  train 2.0456  eval 2.0657  pmax 7.2  (42s)
step  5000  train 2.0085  eval 2.0054  pmax 7.6  (51s)
step  6000  train 2.0818  eval 2.0460  pmax 8.0  (60s)
step  7000  train 2.0313  eval 2.0637  pmax 9.0  (69s)
step  8000  train 2.0172  eval 2.0245  pmax 9.3  (77s)
step  9000  train 1.9841  eval 1.9991  pmax 9.7  (86s)
step 10000  train 2.0195  eval 2.0015  pmax 10.4  (95s)
step 11000  train 1.9748  eval 2.0146  pmax 10.9  (104s)
step 12000  train 2.0150  eval 1.9996  pmax 11.3  (113s)
step 13000  train 1.9755  eval 1.9947  pmax 11.7  (122s)
step 14000  train 1.9869  eval 2.0055  pmax 11.9  (131s)
step 15000  train 1.9731  eval 1.9743  pmax 12.1  (140s)
step 16000  train 2.0303  eval 2.0018  pmax 12.3  (149s)
step 17000  train 1.9807  eval 1.9982  pmax 12.4  (158s)
step 18000  train 1.9973  eval 1.9633  pmax 12.5  (167s)
step 19000  train 1.9812  eval 2.0174  pmax 12.5  (176s)
step 20000  train 1.9853  eval 1.9836  pmax 12.5  (185s)
step 21000  train 2.0163  eval 1.9759  pmax 12.6  (195s)
step 22000  train 1.9841  eval 1.9498  pmax 12.6  (203s)
step 23000  train 2.0031  eval 1.9842  pmax 12.6  (213s)
step 24000  train 1.9700  eval 1.9871  pmax 12.6  (222s)
step 25000  train 1.9982  eval 1.9836  pmax 12.6  (231s)
  [checkpoint + sample saved at step 25000]
step 26000  train 1.9751  eval 1.9896  pmax 12.5  (241s)
step 27000  train 1.9953  eval 1.9681  pmax 12.5  (250s)
step 28000  train 1.9543  eval 1.9452  pmax 12.5  (259s)
step 29000  train 1.9659  eval 2.0124  pmax 12.5  (268s)
step 30000  train 1.9948  eval 1.9614  pmax 12.4  (277s)
step 31000  train 1.9944  eval 1.9575  pmax 12.4  (286s)
step 32000  train 1.9650  eval 1.9609  pmax 12.5  (295s)
step 33000  train 1.9747  eval 1.9761  pmax 12.5  (304s)
step 34000  train 1.9791  eval 1.9606  pmax 12.5  (314s)
step 35000  train 1.9723  eval 1.9576  pmax 12.6  (323s)
step 36000  train 1.9419  eval 1.9657  pmax 12.6  (332s)
step 37000  train 1.9370  eval 1.9465  pmax 12.6  (341s)
step 38000  train 1.9422  eval 1.9477  pmax 12.6  (351s)
step 39000  train 1.9806  eval 1.9558  pmax 12.6  (360s)
step 40000  train 1.9469  eval 1.9698  pmax 12.6  (368s)
step 41000  train 1.9780  eval 1.9554  pmax 12.6  (377s)
step 42000  train 1.9360  eval 1.9824  pmax 12.6  (386s)
step 43000  train 1.9725  eval 1.9325  pmax 12.6  (395s)
step 44000  train 1.9559  eval 1.9650  pmax 12.6  (404s)
step 45000  train 1.9627  eval 1.9557  pmax 12.6  (412s)
step 46000  train 1.9394  eval 1.9730  pmax 12.6  (422s)
step 47000  train 1.9618  eval 1.9215  pmax 12.6  (431s)
step 48000  train 1.9567  eval 1.9277  pmax 12.6  (440s)
step 49000  train 1.9442  eval 1.9580  pmax 12.6  (449s)
step 50000  train 1.9640  eval 1.9473  pmax 12.6  (458s)
  [checkpoint + sample saved at step 50000]
done. artifacts in /home/luke/Wavelet-State-KAN/checkpoints/wskan11real_wikitext_10k_3ep_s7
