/home/luke/Wavelet-State-KAN/experiments/V1_train_tinystories_lm.py:107: UserWarning: The given buffer is not writable, and PyTorch does not support non-writable tensors. This means you can write to the underlying (supposedly non-writable) buffer using the tensor. You may want to copy the buffer to protect its data or make it writable before converting it to a tensor. This type of warning will be suppressed for the rest of this program. (Triggered internally at /__w/pytorch/pytorch/torch/csrc/utils/tensor_new.cpp:1556.)
  train_ids = torch.frombuffer(train_text.encode("utf-8", errors="ignore"), dtype=torch.uint8)
train bytes: 1,195,926,439  eval bytes: 2,859,070
model: wskan11real  params: 113,612  device: cuda
W0920 12:22:35.378000 941300 .venv/lib/python3.12/site-packages/torch/_inductor/utils.py:1806] [0/0] Not enough SMs to use max_autotune_gemm mode
step     1  train 5.5536  eval 5.4562  pmax 3.0  (17s)
step  1000  train 1.5613  eval 1.5688  pmax 3.2  (32s)
step  2000  train 1.4926  eval 1.4404  pmax 4.7  (46s)
step  3000  train 1.4649  eval 1.4462  pmax 5.7  (61s)
step  4000  train 1.3882  eval 1.4160  pmax 5.7  (76s)
step  5000  train 1.4476  eval 1.3749  pmax 5.4  (90s)
step  6000  train 1.4454  eval 1.4244  pmax 5.1  (105s)
step  7000  train 1.3613  eval 1.4174  pmax 5.4  (119s)
step  8000  train 1.4107  eval 1.4294  pmax 5.5  (134s)
step  9000  train 1.3539  eval 1.3705  pmax 5.7  (149s)
step 10000  train 1.3827  eval 1.3486  pmax 5.9  (164s)
step 11000  train 1.3985  eval 1.3748  pmax 6.4  (178s)
step 12000  train 1.3756  eval 1.4007  pmax 7.2  (193s)
step 13000  train 1.3756  eval 1.4352  pmax 7.9  (207s)
step 14000  train 1.3984  eval 1.3603  pmax 8.4  (222s)
step 15000  train 1.3149  eval 1.3247  pmax 8.7  (236s)
step 16000  train 1.3877  eval 1.3857  pmax 9.1  (251s)
step 17000  train 1.3683  eval 1.3737  pmax 9.4  (266s)
step 18000  train 1.3394  eval 1.4305  pmax 9.6  (281s)
step 19000  train 1.3218  eval 1.3982  pmax 9.8  (295s)
step 20000  train 1.3390  eval 1.3683  pmax 10.0  (310s)
step 21000  train 1.3728  eval 1.4218  pmax 10.1  (325s)
step 22000  train 1.3625  eval 1.3796  pmax 10.3  (340s)
step 23000  train 1.3597  eval 1.3635  pmax 10.4  (355s)
step 24000  train 1.3376  eval 1.3012  pmax 10.5  (370s)
step 25000  train 1.3915  eval 1.3890  pmax 10.6  (385s)
  [checkpoint + sample saved at step 25000]
step 26000  train 1.3332  eval 1.3478  pmax 10.7  (402s)
step 27000  train 1.3077  eval 1.3702  pmax 10.8  (417s)
step 28000  train 1.3119  eval 1.3606  pmax 10.9  (432s)
step 29000  train 1.3893  eval 1.3472  pmax 10.9  (447s)
step 30000  train 1.3295  eval 1.3778  pmax 10.9  (462s)
step 31000  train 1.3205  eval 1.3411  pmax 11.1  (476s)
step 32000  train 1.3302  eval 1.3324  pmax 11.2  (490s)
step 33000  train 1.3239  eval 1.2619  pmax 11.3  (505s)
step 34000  train 1.3386  eval 1.3359  pmax 11.5  (520s)
step 35000  train 1.3462  eval 1.3491  pmax 11.5  (535s)
step 36000  train 1.3199  eval 1.3176  pmax 11.6  (550s)
step 37000  train 1.3551  eval 1.3755  pmax 11.7  (564s)
step 38000  train 1.3215  eval 1.2996  pmax 11.8  (579s)
step 39000  train 1.3365  eval 1.2943  pmax 11.8  (593s)
step 40000  train 1.3415  eval 1.2830  pmax 12.0  (608s)
step 41000  train 1.3555  eval 1.3608  pmax 12.0  (623s)
step 42000  train 1.3618  eval 1.3654  pmax 12.2  (637s)
step 43000  train 1.3112  eval 1.3723  pmax 12.3  (652s)
step 44000  train 1.2674  eval 1.3662  pmax 12.3  (667s)
step 45000  train 1.3196  eval 1.2907  pmax 12.4  (682s)
step 46000  train 1.2909  eval 1.3651  pmax 12.4  (697s)
step 47000  train 1.3113  eval 1.3732  pmax 12.5  (712s)
step 48000  train 1.2631  eval 1.2931  pmax 12.6  (727s)
step 49000  train 1.2727  eval 1.3511  pmax 12.7  (741s)
step 50000  train 1.2951  eval 1.3221  pmax 12.8  (756s)
  [checkpoint + sample saved at step 50000]
step 51000  train 1.2865  eval 1.3099  pmax 12.9  (773s)
step 52000  train 1.2987  eval 1.3178  pmax 13.0  (788s)
step 53000  train 1.2967  eval 1.2943  pmax 13.1  (803s)
step 54000  train 1.3109  eval 1.3642  pmax 13.2  (818s)
step 55000  train 1.2798  eval 1.2657  pmax 13.2  (832s)
step 56000  train 1.3117  eval 1.3302  pmax 13.3  (847s)
step 57000  train 1.3224  eval 1.2051  pmax 13.4  (861s)
step 58000  train 1.2834  eval 1.2694  pmax 13.5  (876s)
step 59000  train 1.2766  eval 1.3146  pmax 13.5  (891s)
step 60000  train 1.3099  eval 1.2868  pmax 13.6  (906s)
step 61000  train 1.3168  eval 1.2849  pmax 13.7  (920s)
step 62000  train 1.2621  eval 1.3110  pmax 13.8  (935s)
step 63000  train 1.3014  eval 1.2945  pmax 13.9  (950s)
step 64000  train 1.3042  eval 1.3148  pmax 14.0  (965s)
step 65000  train 1.2902  eval 1.3102  pmax 14.1  (979s)
step 66000  train 1.3331  eval 1.3064  pmax 14.1  (994s)
step 67000  train 1.2827  eval 1.3246  pmax 14.2  (1009s)
step 68000  train 1.2649  eval 1.3099  pmax 14.3  (1024s)
step 69000  train 1.2840  eval 1.2901  pmax 14.4  (1040s)
step 70000  train 1.3511  eval 1.3068  pmax 14.5  (1055s)
step 71000  train 1.2967  eval 1.3917  pmax 14.5  (1070s)
step 72000  train 1.3405  eval 1.3038  pmax 14.6  (1085s)
step 73000  train 1.3027  eval 1.3079  pmax 14.7  (1100s)
step 74000  train 1.2903  eval 1.2541  pmax 14.8  (1115s)
step 75000  train 1.3363  eval 1.3056  pmax 14.8  (1129s)
  [checkpoint + sample saved at step 75000]
step 76000  train 1.2847  eval 1.3261  pmax 14.9  (1146s)
step 77000  train 1.2829  eval 1.3369  pmax 14.9  (1161s)
step 78000  train 1.2752  eval 1.2710  pmax 14.9  (1176s)
step 79000  train 1.2810  eval 1.2308  pmax 15.0  (1190s)
step 80000  train 1.3288  eval 1.2916  pmax 15.0  (1205s)
step 81000  train 1.2878  eval 1.3302  pmax 15.0  (1220s)
step 82000  train 1.2910  eval 1.2922  pmax 15.1  (1234s)
step 83000  train 1.2698  eval 1.3625  pmax 15.1  (1249s)
step 84000  train 1.3416  eval 1.3003  pmax 15.1  (1264s)
step 85000  train 1.3162  eval 1.2428  pmax 15.1  (1278s)
step 86000  train 1.3355  eval 1.3430  pmax 15.2  (1294s)
step 87000  train 1.3014  eval 1.3067  pmax 15.2  (1309s)
step 88000  train 1.2883  eval 1.3212  pmax 15.2  (1324s)
step 89000  train 1.3407  eval 1.3188  pmax 15.2  (1339s)
step 90000  train 1.2993  eval 1.2603  pmax 15.2  (1354s)
step 91000  train 1.2494  eval 1.2570  pmax 15.3  (1369s)
step 92000  train 1.2974  eval 1.3051  pmax 15.3  (1384s)
step 93000  train 1.2740  eval 1.3257  pmax 15.3  (1399s)
step 94000  train 1.3064  eval 1.3071  pmax 15.3  (1414s)
step 95000  train 1.2946  eval 1.2596  pmax 15.3  (1429s)
step 96000  train 1.2637  eval 1.3272  pmax 15.3  (1444s)
step 97000  train 1.3047  eval 1.3012  pmax 15.3  (1459s)
step 98000  train 1.2456  eval 1.2943  pmax 15.3  (1474s)
step 99000  train 1.2411  eval 1.3108  pmax 15.3  (1488s)
step 100000  train 1.3032  eval 1.2679  pmax 15.3  (1503s)
  [checkpoint + sample saved at step 100000]
step 101000  train 1.2626  eval 1.2539  pmax 15.3  (1520s)
step 102000  train 1.2945  eval 1.2724  pmax 15.3  (1535s)
step 103000  train 1.3095  eval 1.3071  pmax 15.3  (1551s)
step 104000  train 1.2660  eval 1.2890  pmax 15.3  (1565s)
step 105000  train 1.2917  eval 1.2749  pmax 15.3  (1580s)
step 106000  train 1.2957  eval 1.3442  pmax 15.3  (1594s)
step 107000  train 1.3079  eval 1.2317  pmax 15.3  (1609s)
step 108000  train 1.2837  eval 1.2932  pmax 15.3  (1624s)
  [checkpoint + sample saved at step 108000]
done. artifacts in /home/luke/Wavelet-State-KAN/checkpoints/wskan11real_ultrachat_100k_3ep_s31337
