/home/luke/Wavelet-State-KAN/experiments/V1_train_tinystories_lm.py:107: UserWarning: The given buffer is not writable, and PyTorch does not support non-writable tensors. This means you can write to the underlying (supposedly non-writable) buffer using the tensor. You may want to copy the buffer to protect its data or make it writable before converting it to a tensor. This type of warning will be suppressed for the rest of this program. (Triggered internally at /__w/pytorch/pytorch/torch/csrc/utils/tensor_new.cpp:1556.)
  train_ids = torch.frombuffer(train_text.encode("utf-8", errors="ignore"), dtype=torch.uint8)
train bytes: 1,195,926,439  eval bytes: 2,859,070
model: wskan7bc  params: 985,956  device: cuda
W0914 08:33:22.731000 653296 .venv/lib/python3.12/site-packages/torch/_inductor/utils.py:1806] [0/0] Not enough SMs to use max_autotune_gemm mode
step     1  train 5.5585  eval 5.4701  pmax 18.9  (69s)
step  1000  train 1.3229  eval 1.3756  pmax 19.0  (1721s)
step  2000  train 1.2651  eval 1.2324  pmax 19.0  (3369s)
step  3000  train 1.1391  eval 1.1726  pmax 19.0  (4992s)
step  4000  train 1.1365  eval 1.1811  pmax 19.0  (6615s)
step  5000  train 1.1684  eval 1.1205  pmax 19.1  (8225s)
step  6000  train 1.1417  eval 1.1120  pmax 19.1  (9843s)
step  7000  train 1.1150  eval 1.1369  pmax 19.2  (11457s)
step  8000  train 1.1391  eval 1.0651  pmax 19.3  (13072s)
step  9000  train 1.0474  eval 1.1409  pmax 19.4  (14691s)
step 10000  train 1.0953  eval 1.0890  pmax 19.5  (16312s)
  [checkpoint + sample saved at step 10000]
step 11000  train 1.0591  eval 1.0887  pmax 19.7  (17948s)
step 12000  train 1.0800  eval 1.0449  pmax 19.8  (19575s)
step 13000  train 1.1304  eval 1.0767  pmax 19.9  (21194s)
step 14000  train 1.0290  eval 1.1405  pmax 20.0  (22814s)
step 15000  train 1.0088  eval 1.0943  pmax 20.1  (24429s)
step 16000  train 1.0765  eval 1.0365  pmax 20.2  (26048s)
step 17000  train 1.0337  eval 1.0527  pmax 20.3  (27671s)
step 18000  train 1.0437  eval 1.0349  pmax 20.4  (29306s)
step 19000  train 0.9975  eval 1.0398  pmax 20.4  (30940s)
step 20000  train 0.9864  eval 1.0434  pmax 20.5  (32579s)
  [checkpoint + sample saved at step 20000]
step 21000  train 1.0129  eval 1.0150  pmax 20.5  (34238s)
step 22000  train 1.0113  eval 1.0410  pmax 20.5  (35872s)
step 23000  train 1.0063  eval 1.0486  pmax 20.6  (37513s)
step 24000  train 0.9900  eval 0.9809  pmax 20.6  (39144s)
step 25000  train 0.9719  eval 0.9802  pmax 20.6  (40769s)
step 26000  train 1.0215  eval 1.0189  pmax 20.6  (42394s)
step 27000  train 1.0095  eval 1.0327  pmax 20.6  (44018s)
step 28000  train 0.9781  eval 0.9958  pmax 20.6  (45620s)
step 29000  train 1.0052  eval 1.0039  pmax 20.6  (47213s)
step 30000  train 0.9675  eval 0.9960  pmax 20.6  (48812s)
  [checkpoint + sample saved at step 30000]
step 31000  train 1.0010  eval 0.9641  pmax 20.6  (50425s)
step 32000  train 1.0096  eval 0.9927  pmax 20.7  (51966s)
step 33000  train 0.9996  eval 1.0158  pmax 20.7  (53508s)
step 34000  train 0.9517  eval 0.9988  pmax 20.7  (55059s)
step 35000  train 0.9689  eval 0.9881  pmax 20.7  (56583s)
step 36000  train 1.0064  eval 1.0088  pmax 20.7  (58069s)
step 37000  train 0.9560  eval 1.0233  pmax 20.7  (59564s)
step 38000  train 0.9743  eval 0.9980  pmax 20.7  (61070s)
step 39000  train 0.9885  eval 1.0154  pmax 20.7  (62574s)
step 40000  train 0.9750  eval 0.9639  pmax 20.7  (64074s)
  [checkpoint + sample saved at step 40000]
step 41000  train 1.0111  eval 1.0122  pmax 20.7  (65597s)
step 42000  train 0.9995  eval 0.9917  pmax 20.7  (67103s)
step 43000  train 0.9815  eval 0.9794  pmax 20.7  (68606s)
step 44000  train 0.9661  eval 0.9600  pmax 20.7  (70100s)
step 45000  train 0.9912  eval 0.9513  pmax 20.7  (71597s)
step 46000  train 0.9754  eval 0.9959  pmax 20.7  (73089s)
step 47000  train 0.9933  eval 1.0305  pmax 20.7  (74600s)
step 48000  train 0.9631  eval 0.9649  pmax 20.7  (76089s)
step 49000  train 1.0077  eval 0.9795  pmax 20.7  (77584s)
step 50000  train 0.9847  eval 1.0242  pmax 20.7  (79076s)
  [checkpoint + sample saved at step 50000]
step 51000  train 1.0349  eval 0.9557  pmax 20.7  (80590s)
step 52000  train 1.0336  eval 1.0530  pmax 20.7  (82086s)
step 53000  train 1.0085  eval 0.9892  pmax 20.7  (83585s)
step 54000  train 1.0803  eval 0.9590  pmax 20.7  (85091s)
  [checkpoint + sample saved at step 54000]
done. artifacts in /home/luke/Wavelet-State-KAN/checkpoints/wskan7bc_ultrachat_1m_3ep_s7
