/home/luke/Wavelet-State-KAN/experiments/V1_train_tinystories_lm.py:107: UserWarning: The given buffer is not writable, and PyTorch does not support non-writable tensors. This means you can write to the underlying (supposedly non-writable) buffer using the tensor. You may want to copy the buffer to protect its data or make it writable before converting it to a tensor. This type of warning will be suppressed for the rest of this program. (Triggered internally at /__w/pytorch/pytorch/torch/csrc/utils/tensor_new.cpp:1556.)
  train_ids = torch.frombuffer(train_text.encode("utf-8", errors="ignore"), dtype=torch.uint8)
train bytes: 1,905,061,325  eval bytes: 405,730
model: wskan11real  params: 3,610  device: cuda
step     1  train 5.5511  eval 5.5462  pmax 3.0  (7s)
step  1000  train 2.3914  eval 2.4035  pmax 3.8  (17s)
step  2000  train 2.3649  eval 2.3485  pmax 5.1  (26s)
step  3000  train 2.3441  eval 2.3267  pmax 5.5  (35s)
step  4000  train 2.2881  eval 2.3007  pmax 6.0  (44s)
step  5000  train 2.2330  eval 2.2766  pmax 6.4  (53s)
step  6000  train 2.2534  eval 2.2557  pmax 7.2  (62s)
step  7000  train 2.2296  eval 2.2185  pmax 7.8  (72s)
step  8000  train 2.2616  eval 2.2411  pmax 7.9  (81s)
step  9000  train 2.2436  eval 2.2062  pmax 8.0  (90s)
step 10000  train 2.2256  eval 2.2385  pmax 8.0  (99s)
step 11000  train 2.2323  eval 2.2080  pmax 8.1  (108s)
step 12000  train 2.2054  eval 2.1865  pmax 8.2  (117s)
step 13000  train 2.2289  eval 2.2057  pmax 8.5  (126s)
step 14000  train 2.2084  eval 2.2065  pmax 8.8  (135s)
step 15000  train 2.2161  eval 2.2181  pmax 9.0  (144s)
step 16000  train 2.2273  eval 2.1981  pmax 9.2  (153s)
step 17000  train 2.2265  eval 2.1791  pmax 9.4  (161s)
step 18000  train 2.1964  eval 2.1925  pmax 9.6  (170s)
step 19000  train 2.2116  eval 2.2098  pmax 9.7  (179s)
step 20000  train 2.2094  eval 2.2135  pmax 9.8  (187s)
step 21000  train 2.2080  eval 2.1909  pmax 9.9  (196s)
step 22000  train 2.2118  eval 2.1859  pmax 10.0  (205s)
step 23000  train 2.1829  eval 2.2172  pmax 10.0  (214s)
step 24000  train 2.1996  eval 2.2018  pmax 10.1  (223s)
step 25000  train 2.1876  eval 2.1967  pmax 10.1  (232s)
  [checkpoint + sample saved at step 25000]
step 26000  train 2.2079  eval 2.1642  pmax 10.1  (242s)
step 27000  train 2.1809  eval 2.1880  pmax 10.2  (251s)
step 28000  train 2.2134  eval 2.1730  pmax 10.2  (260s)
step 29000  train 2.1949  eval 2.1900  pmax 10.2  (269s)
step 30000  train 2.2024  eval 2.1966  pmax 10.2  (278s)
  [checkpoint + sample saved at step 30000]
done. artifacts in /home/luke/Wavelet-State-KAN/checkpoints/wskan11real_tinystories_1k_3ep_s42
