/home/luke/Wavelet-State-KAN/experiments/V1_train_tinystories_lm.py:107: UserWarning: The given buffer is not writable, and PyTorch does not support non-writable tensors. This means you can write to the underlying (supposedly non-writable) buffer using the tensor. You may want to copy the buffer to protect its data or make it writable before converting it to a tensor. This type of warning will be suppressed for the rest of this program. (Triggered internally at /__w/pytorch/pytorch/torch/csrc/utils/tensor_new.cpp:1556.)
  train_ids = torch.frombuffer(train_text.encode("utf-8", errors="ignore"), dtype=torch.uint8)
train bytes: 1,195,926,439  eval bytes: 2,859,070
model: wskan11  params: 113,612  device: cuda
step     1  train 5.5440  eval 5.4543  pmax 18.9  (11s)
step  1000  train 1.4907  eval 1.4626  pmax 19.0  (33s)
step  2000  train 1.3946  eval 1.3909  pmax 19.2  (56s)
step  3000  train 1.4049  eval 1.3919  pmax 19.4  (79s)
step  4000  train 1.3845  eval 1.3752  pmax 19.6  (102s)
step  5000  train 1.4201  eval 1.3687  pmax 19.9  (125s)
step  6000  train 1.3521  eval 1.3575  pmax 20.0  (148s)
step  7000  train 1.3531  eval 1.3153  pmax 20.1  (171s)
step  8000  train 1.3472  eval 1.3186  pmax 20.3  (194s)
step  9000  train 1.3297  eval 1.3709  pmax 20.3  (217s)
step 10000  train 1.3053  eval 1.2898  pmax 20.4  (240s)
step 11000  train 1.2995  eval 1.3017  pmax 20.4  (263s)
step 12000  train 1.3306  eval 1.3000  pmax 20.4  (286s)
step 13000  train 1.3218  eval 1.3425  pmax 20.5  (309s)
step 14000  train 1.2999  eval 1.3085  pmax 20.4  (331s)
step 15000  train 1.3325  eval 1.2928  pmax 20.4  (354s)
step 16000  train 1.2879  eval 1.3232  pmax 20.4  (377s)
step 17000  train 1.3293  eval 1.3174  pmax 20.4  (400s)
step 18000  train 1.3485  eval 1.3027  pmax 20.3  (423s)
step 19000  train 1.3174  eval 1.3035  pmax 20.4  (446s)
step 20000  train 1.2770  eval 1.3452  pmax 20.4  (469s)
step 21000  train 1.3773  eval 1.3300  pmax 20.4  (492s)
step 22000  train 1.3148  eval 1.2847  pmax 20.4  (514s)
step 23000  train 1.3053  eval 1.2954  pmax 20.4  (537s)
step 24000  train 1.2963  eval 1.3327  pmax 20.5  (560s)
step 25000  train 1.3159  eval 1.2908  pmax 20.5  (583s)
  [checkpoint + sample saved at step 25000]
step 26000  train 1.2713  eval 1.3169  pmax 20.5  (608s)
step 27000  train 1.3562  eval 1.3336  pmax 20.6  (631s)
step 28000  train 1.3218  eval 1.3014  pmax 20.6  (654s)
step 29000  train 1.3257  eval 1.2919  pmax 20.6  (677s)
step 30000  train 1.2629  eval 1.3188  pmax 20.6  (700s)
step 31000  train 1.3148  eval 1.2657  pmax 20.6  (723s)
step 32000  train 1.2479  eval 1.2946  pmax 20.7  (745s)
step 33000  train 1.2843  eval 1.2943  pmax 20.7  (768s)
step 34000  train 1.2772  eval 1.3349  pmax 20.7  (791s)
step 35000  train 1.3059  eval 1.3024  pmax 20.7  (814s)
step 36000  train 1.2424  eval 1.2473  pmax 20.8  (837s)
step 37000  train 1.2862  eval 1.2542  pmax 20.8  (860s)
step 38000  train 1.2871  eval 1.2774  pmax 20.8  (883s)
step 39000  train 1.2574  eval 1.2753  pmax 20.8  (906s)
step 40000  train 1.2877  eval 1.3315  pmax 20.8  (929s)
step 41000  train 1.3193  eval 1.2263  pmax 20.9  (951s)
step 42000  train 1.2975  eval 1.2686  pmax 20.8  (974s)
step 43000  train 1.3351  eval 1.3016  pmax 20.9  (997s)
step 44000  train 1.2561  eval 1.2985  pmax 20.9  (1020s)
step 45000  train 1.2780  eval 1.2551  pmax 20.9  (1043s)
step 46000  train 1.2662  eval 1.2764  pmax 20.9  (1066s)
step 47000  train 1.2634  eval 1.2433  pmax 20.9  (1089s)
step 48000  train 1.2707  eval 1.3008  pmax 20.9  (1112s)
step 49000  train 1.2788  eval 1.2205  pmax 20.9  (1135s)
step 50000  train 1.2417  eval 1.2633  pmax 21.0  (1158s)
  [checkpoint + sample saved at step 50000]
step 51000  train 1.2852  eval 1.2057  pmax 21.0  (1183s)
step 52000  train 1.3023  eval 1.2596  pmax 21.0  (1205s)
step 53000  train 1.2738  eval 1.2396  pmax 21.1  (1228s)
step 54000  train 1.2608  eval 1.2154  pmax 21.1  (1251s)
step 55000  train 1.2843  eval 1.2475  pmax 21.2  (1274s)
step 56000  train 1.2917  eval 1.2567  pmax 21.3  (1297s)
step 57000  train 1.3210  eval 1.2545  pmax 21.4  (1320s)
step 58000  train 1.2603  eval 1.2577  pmax 21.5  (1343s)
step 59000  train 1.2460  eval 1.2594  pmax 21.5  (1366s)
step 60000  train 1.2766  eval 1.2541  pmax 21.6  (1389s)
step 61000  train 1.2593  eval 1.2626  pmax 21.7  (1412s)
step 62000  train 1.2383  eval 1.2409  pmax 21.8  (1435s)
step 63000  train 1.2437  eval 1.2234  pmax 21.9  (1458s)
step 64000  train 1.1932  eval 1.2115  pmax 22.0  (1481s)
step 65000  train 1.2438  eval 1.3179  pmax 22.0  (1504s)
step 66000  train 1.2503  eval 1.2576  pmax 22.1  (1527s)
step 67000  train 1.2924  eval 1.2525  pmax 22.1  (1550s)
step 68000  train 1.2566  eval 1.3154  pmax 22.2  (1573s)
step 69000  train 1.2782  eval 1.2983  pmax 22.2  (1596s)
step 70000  train 1.2646  eval 1.2724  pmax 22.3  (1619s)
step 71000  train 1.2757  eval 1.2326  pmax 22.4  (1641s)
step 72000  train 1.2431  eval 1.2132  pmax 22.4  (1664s)
step 73000  train 1.2601  eval 1.2698  pmax 22.5  (1687s)
step 74000  train 1.2702  eval 1.3366  pmax 22.5  (1710s)
step 75000  train 1.2711  eval 1.2839  pmax 22.6  (1733s)
  [checkpoint + sample saved at step 75000]
step 76000  train 1.2792  eval 1.2984  pmax 22.6  (1758s)
step 77000  train 1.2285  eval 1.2684  pmax 22.7  (1781s)
step 78000  train 1.3262  eval 1.1717  pmax 22.7  (1804s)
step 79000  train 1.2077  eval 1.2318  pmax 22.7  (1827s)
step 80000  train 1.2486  eval 1.2799  pmax 22.7  (1850s)
step 81000  train 1.2112  eval 1.2911  pmax 22.8  (1873s)
step 82000  train 1.2357  eval 1.2449  pmax 22.8  (1896s)
step 83000  train 1.2576  eval 1.2539  pmax 22.8  (1919s)
step 84000  train 1.2549  eval 1.2411  pmax 22.9  (1942s)
step 85000  train 1.2464  eval 1.2028  pmax 22.9  (1965s)
step 86000  train 1.2359  eval 1.2367  pmax 22.9  (1988s)
step 87000  train 1.2551  eval 1.2944  pmax 22.9  (2011s)
step 88000  train 1.2368  eval 1.2400  pmax 22.9  (2034s)
step 89000  train 1.1939  eval 1.2444  pmax 22.9  (2057s)
step 90000  train 1.2578  eval 1.2420  pmax 23.0  (2080s)
step 91000  train 1.2222  eval 1.2227  pmax 23.0  (2103s)
step 92000  train 1.3026  eval 1.2262  pmax 23.0  (2126s)
step 93000  train 1.2368  eval 1.2249  pmax 23.0  (2149s)
step 94000  train 1.2790  eval 1.2141  pmax 23.0  (2171s)
step 95000  train 1.2256  eval 1.2517  pmax 23.0  (2194s)
step 96000  train 1.2790  eval 1.2214  pmax 23.0  (2217s)
step 97000  train 1.3074  eval 1.2064  pmax 23.0  (2240s)
step 98000  train 1.2470  eval 1.1934  pmax 23.0  (2263s)
step 99000  train 1.2316  eval 1.2620  pmax 23.0  (2286s)
step 100000  train 1.2046  eval 1.2050  pmax 23.0  (2309s)
  [checkpoint + sample saved at step 100000]
step 101000  train 1.2637  eval 1.2078  pmax 23.0  (2334s)
step 102000  train 1.2303  eval 1.2813  pmax 23.0  (2357s)
step 103000  train 1.2571  eval 1.2652  pmax 23.0  (2380s)
step 104000  train 1.2051  eval 1.2720  pmax 23.0  (2403s)
step 105000  train 1.2380  eval 1.2724  pmax 23.0  (2426s)
step 106000  train 1.2074  eval 1.2194  pmax 23.0  (2449s)
step 107000  train 1.2382  eval 1.2855  pmax 23.0  (2472s)
step 108000  train 1.2656  eval 1.2353  pmax 23.0  (2495s)
  [checkpoint + sample saved at step 108000]
done. artifacts in /home/luke/Wavelet-State-KAN/checkpoints/wskan11_ultrachat_100k_3ep_s2024
