/home/luke/Wavelet-State-KAN/experiments/V1_train_tinystories_lm.py:107: UserWarning: The given buffer is not writable, and PyTorch does not support non-writable tensors. This means you can write to the underlying (supposedly non-writable) buffer using the tensor. You may want to copy the buffer to protect its data or make it writable before converting it to a tensor. This type of warning will be suppressed for the rest of this program. (Triggered internally at /__w/pytorch/pytorch/torch/csrc/utils/tensor_new.cpp:1556.)
  train_ids = torch.frombuffer(train_text.encode("utf-8", errors="ignore"), dtype=torch.uint8)
train bytes: 542,898,247  eval bytes: 130,357
model: wskan7bc  params: 985,956  device: cuda
W0916 05:35:49.736000 1143347 .venv/lib/python3.12/site-packages/torch/_inductor/utils.py:1806] [0/0] Not enough SMs to use max_autotune_gemm mode
step     1  train 5.5789  eval 5.4844  pmax 18.9  (53s)
step  1000  train 1.4915  eval 1.5041  pmax 19.0  (770s)
step  2000  train 1.3734  eval 1.3782  pmax 19.0  (1489s)
step  3000  train 1.3503  eval 1.3264  pmax 19.1  (2198s)
step  4000  train 1.2840  eval 1.3549  pmax 19.3  (2914s)
step  5000  train 1.2659  eval 1.3152  pmax 19.4  (3628s)
step  6000  train 1.2490  eval 1.2969  pmax 19.4  (4349s)
step  7000  train 1.2468  eval 1.2810  pmax 19.3  (5072s)
step  8000  train 1.2620  eval 1.2582  pmax 19.2  (5791s)
step  9000  train 1.2602  eval 1.2796  pmax 19.1  (6516s)
step 10000  train 1.2216  eval 1.2564  pmax 19.1  (7236s)
  [checkpoint + sample saved at step 10000]
step 11000  train 1.2108  eval 1.2350  pmax 19.1  (7972s)
step 12000  train 1.2337  eval 1.2182  pmax 19.1  (8696s)
step 13000  train 1.2258  eval 1.1802  pmax 19.2  (9417s)
step 14000  train 1.2421  eval 1.2964  pmax 19.2  (10141s)
step 15000  train 1.2166  eval 1.2291  pmax 19.2  (10871s)
step 16000  train 1.1856  eval 1.1970  pmax 19.2  (11589s)
step 17000  train 1.2209  eval 1.2228  pmax 19.2  (12313s)
step 18000  train 1.1855  eval 1.1802  pmax 19.2  (13031s)
step 19000  train 1.2063  eval 1.1918  pmax 19.2  (13746s)
step 20000  train 1.2038  eval 1.1777  pmax 19.3  (14465s)
  [checkpoint + sample saved at step 20000]
step 21000  train 1.1948  eval 1.1946  pmax 19.3  (15196s)
step 22000  train 1.1745  eval 1.1659  pmax 19.3  (15915s)
step 23000  train 1.1716  eval 1.1740  pmax 19.3  (16636s)
step 24000  train 1.2158  eval 1.2102  pmax 19.3  (17354s)
step 25000  train 1.1950  eval 1.1843  pmax 19.3  (18078s)
step 26000  train 1.1668  eval 1.2086  pmax 19.3  (18800s)
step 27000  train 1.1901  eval 1.2254  pmax 19.4  (19518s)
step 28000  train 1.1875  eval 1.2124  pmax 19.4  (20240s)
step 29000  train 1.1597  eval 1.2073  pmax 19.4  (20953s)
step 30000  train 1.1600  eval 1.1602  pmax 19.4  (21665s)
  [checkpoint + sample saved at step 30000]
step 31000  train 1.1759  eval 1.1527  pmax 19.5  (22402s)
step 32000  train 1.1703  eval 1.1977  pmax 19.5  (23123s)
step 33000  train 1.1522  eval 1.1652  pmax 19.5  (23834s)
step 34000  train 1.1741  eval 1.1729  pmax 19.6  (24541s)
step 35000  train 1.1663  eval 1.1530  pmax 19.6  (25263s)
step 36000  train 1.1607  eval 1.1456  pmax 19.6  (25974s)
step 37000  train 1.1640  eval 1.1606  pmax 19.6  (26693s)
step 38000  train 1.1414  eval 1.1798  pmax 19.6  (27403s)
step 39000  train 1.1491  eval 1.1529  pmax 19.7  (28125s)
step 40000  train 1.1780  eval 1.1659  pmax 19.7  (28856s)
  [checkpoint + sample saved at step 40000]
step 41000  train 1.1288  eval 1.1343  pmax 19.7  (29585s)
step 42000  train 1.1135  eval 1.1546  pmax 19.7  (30298s)
step 43000  train 1.1604  eval 1.1551  pmax 19.7  (31015s)
step 44000  train 1.1245  eval 1.1547  pmax 19.7  (31727s)
step 45000  train 1.1642  eval 1.1510  pmax 19.7  (32451s)
step 46000  train 1.1051  eval 1.1435  pmax 19.7  (33162s)
step 47000  train 1.1327  eval 1.0982  pmax 19.7  (33871s)
step 48000  train 1.1255  eval 1.1251  pmax 19.7  (34586s)
step 49000  train 1.1333  eval 1.1433  pmax 19.7  (35304s)
step 50000  train 1.1296  eval 1.1597  pmax 19.7  (36031s)
  [checkpoint + sample saved at step 50000]
step 51000  train 1.1026  eval 1.1151  pmax 19.7  (36776s)
step 52000  train 1.1244  eval 1.1228  pmax 19.7  (37562s)
step 53000  train 1.1282  eval 1.1364  pmax 19.7  (38355s)
step 54000  train 1.1444  eval 1.1580  pmax 19.7  (39127s)
step 55000  train 1.1388  eval 1.1414  pmax 19.7  (39904s)
step 56000  train 1.1698  eval 1.1422  pmax 19.7  (40675s)
step 57000  train 1.1105  eval 1.1276  pmax 19.7  (41465s)
step 58000  train 1.1338  eval 1.1213  pmax 19.7  (42267s)
step 59000  train 1.1626  eval 1.1764  pmax 19.7  (43052s)
step 60000  train 1.1124  eval 1.1235  pmax 19.7  (43823s)
  [checkpoint + sample saved at step 60000]
step 61000  train 1.1240  eval 1.1085  pmax 19.7  (44623s)
step 62000  train 1.1088  eval 1.1276  pmax 19.7  (45376s)
step 63000  train 1.1396  eval 1.1578  pmax 19.7  (46162s)
step 64000  train 1.1460  eval 1.1650  pmax 19.7  (46955s)
step 65000  train 1.1613  eval 1.1464  pmax 19.7  (47766s)
step 66000  train 1.1237  eval 1.1566  pmax 19.7  (48541s)
  [checkpoint + sample saved at step 66000]
done. artifacts in /home/luke/Wavelet-State-KAN/checkpoints/wskan7bc_wikitext_1m_3ep_s42
