/home/luke/Wavelet-State-KAN/experiments/V1_train_tinystories_lm.py:107: UserWarning: The given buffer is not writable, and PyTorch does not support non-writable tensors. This means you can write to the underlying (supposedly non-writable) buffer using the tensor. You may want to copy the buffer to protect its data or make it writable before converting it to a tensor. This type of warning will be suppressed for the rest of this program. (Triggered internally at /__w/pytorch/pytorch/torch/csrc/utils/tensor_new.cpp:1556.)
  train_ids = torch.frombuffer(train_text.encode("utf-8", errors="ignore"), dtype=torch.uint8)
train bytes: 1,195,926,439  eval bytes: 2,859,070
model: wskan11real  params: 12,546  device: cuda
step     1  train 5.5434  eval 5.5228  pmax 3.0  (8s)
step  1000  train 2.1912  eval 2.1716  pmax 3.4  (17s)
step  2000  train 2.1000  eval 2.1123  pmax 4.3  (26s)
step  3000  train 2.0921  eval 2.0922  pmax 5.9  (36s)
step  4000  train 2.0750  eval 2.0736  pmax 8.2  (44s)
step  5000  train 2.0921  eval 2.0203  pmax 9.2  (54s)
step  6000  train 2.0179  eval 2.0512  pmax 9.4  (63s)
step  7000  train 2.0474  eval 1.9974  pmax 11.0  (72s)
step  8000  train 2.0293  eval 2.0020  pmax 12.1  (81s)
step  9000  train 2.0353  eval 2.0587  pmax 12.8  (91s)
step 10000  train 2.0193  eval 1.9923  pmax 13.3  (100s)
step 11000  train 1.9864  eval 2.0034  pmax 13.6  (109s)
step 12000  train 2.0020  eval 1.9732  pmax 13.7  (118s)
step 13000  train 2.0104  eval 2.0330  pmax 13.9  (128s)
step 14000  train 1.9906  eval 2.0016  pmax 14.0  (137s)
step 15000  train 2.0212  eval 1.9901  pmax 14.1  (146s)
step 16000  train 1.9832  eval 1.9848  pmax 14.3  (155s)
step 17000  train 2.0196  eval 1.9979  pmax 14.4  (164s)
step 18000  train 2.0243  eval 1.9898  pmax 14.7  (173s)
step 19000  train 2.0031  eval 1.9753  pmax 15.8  (182s)
step 20000  train 1.9769  eval 1.9943  pmax 16.7  (191s)
step 21000  train 2.0606  eval 2.0025  pmax 17.5  (200s)
step 22000  train 1.9915  eval 1.9823  pmax 18.2  (209s)
step 23000  train 2.0010  eval 2.0058  pmax 18.8  (218s)
step 24000  train 1.9777  eval 2.0189  pmax 19.4  (228s)
step 25000  train 2.0134  eval 1.9821  pmax 19.9  (237s)
  [checkpoint + sample saved at step 25000]
step 26000  train 1.9714  eval 1.9865  pmax 20.2  (247s)
step 27000  train 2.0116  eval 2.0079  pmax 20.6  (256s)
step 28000  train 1.9903  eval 2.0238  pmax 20.8  (265s)
step 29000  train 2.0255  eval 1.9588  pmax 21.0  (275s)
step 30000  train 1.9747  eval 2.0064  pmax 21.2  (284s)
step 31000  train 2.0252  eval 1.9755  pmax 21.3  (293s)
step 32000  train 1.9398  eval 1.9633  pmax 21.3  (302s)
step 33000  train 1.9763  eval 1.9882  pmax 21.3  (312s)
step 34000  train 1.9670  eval 2.0467  pmax 21.3  (321s)
step 35000  train 2.0018  eval 1.9923  pmax 21.3  (330s)
step 36000  train 1.9524  eval 1.9520  pmax 21.2  (339s)
step 37000  train 1.9796  eval 1.9588  pmax 21.1  (348s)
step 38000  train 1.9929  eval 1.9625  pmax 21.0  (357s)
step 39000  train 1.9671  eval 1.9585  pmax 20.9  (366s)
step 40000  train 2.0046  eval 2.0037  pmax 20.8  (375s)
step 41000  train 2.0120  eval 1.9267  pmax 20.7  (384s)
step 42000  train 1.9902  eval 1.9593  pmax 20.6  (392s)
step 43000  train 1.9973  eval 1.9855  pmax 20.5  (401s)
step 44000  train 1.9559  eval 1.9789  pmax 20.5  (411s)
step 45000  train 1.9462  eval 1.9418  pmax 20.4  (420s)
step 46000  train 1.9688  eval 1.9717  pmax 20.4  (429s)
step 47000  train 1.9543  eval 1.9487  pmax 20.3  (438s)
step 48000  train 1.9683  eval 1.9876  pmax 20.3  (447s)
step 49000  train 1.9729  eval 1.9133  pmax 20.3  (456s)
step 50000  train 1.9579  eval 1.9704  pmax 20.2  (465s)
  [checkpoint + sample saved at step 50000]
step 51000  train 1.9586  eval 1.9110  pmax 20.2  (475s)
step 52000  train 1.9849  eval 1.9524  pmax 20.2  (485s)
step 53000  train 1.9950  eval 1.9248  pmax 20.2  (493s)
step 54000  train 1.9756  eval 1.9114  pmax 20.2  (502s)
  [checkpoint + sample saved at step 54000]
done. artifacts in /home/luke/Wavelet-State-KAN/checkpoints/wskan11real_ultrachat_10k_3ep_s2024
