/home/luke/Wavelet-State-KAN/experiments/V1_train_tinystories_lm.py:107: UserWarning: The given buffer is not writable, and PyTorch does not support non-writable tensors. This means you can write to the underlying (supposedly non-writable) buffer using the tensor. You may want to copy the buffer to protect its data or make it writable before converting it to a tensor. This type of warning will be suppressed for the rest of this program. (Triggered internally at /__w/pytorch/pytorch/torch/csrc/utils/tensor_new.cpp:1556.)
  train_ids = torch.frombuffer(train_text.encode("utf-8", errors="ignore"), dtype=torch.uint8)
train bytes: 1,905,061,325  eval bytes: 405,730
model: wskan11  params: 985,956  device: cuda
step     1  train 5.5594  eval 5.4502  pmax 18.9  (19s)
step  1000  train 1.0424  eval 0.9709  pmax 18.9  (84s)
step  2000  train 0.9417  eval 0.8853  pmax 19.0  (149s)
step  3000  train 0.8583  eval 0.8252  pmax 19.0  (213s)
step  4000  train 0.8562  eval 0.8334  pmax 19.0  (278s)
step  5000  train 0.7929  eval 0.7873  pmax 19.0  (343s)
step  6000  train 0.7976  eval 0.7488  pmax 19.0  (408s)
step  7000  train 0.8042  eval 0.7461  pmax 19.0  (473s)
step  8000  train 0.7892  eval 0.7523  pmax 19.1  (538s)
step  9000  train 0.7978  eval 0.7074  pmax 19.1  (603s)
step 10000  train 0.7738  eval 0.7132  pmax 19.1  (668s)
  [checkpoint + sample saved at step 10000]
step 11000  train 0.7693  eval 0.7159  pmax 19.1  (738s)
step 12000  train 0.7505  eval 0.7065  pmax 19.1  (803s)
step 13000  train 0.7759  eval 0.6944  pmax 19.2  (868s)
step 14000  train 0.7167  eval 0.6591  pmax 19.2  (933s)
step 15000  train 0.7591  eval 0.6980  pmax 19.3  (998s)
step 16000  train 0.7348  eval 0.7111  pmax 19.2  (1063s)
step 17000  train 0.7577  eval 0.6751  pmax 19.3  (1127s)
step 18000  train 0.7386  eval 0.6939  pmax 19.3  (1192s)
step 19000  train 0.7233  eval 0.6648  pmax 19.3  (1257s)
step 20000  train 0.7315  eval 0.6753  pmax 19.4  (1322s)
  [checkpoint + sample saved at step 20000]
step 21000  train 0.7341  eval 0.6822  pmax 19.5  (1392s)
step 22000  train 0.7289  eval 0.6856  pmax 19.5  (1457s)
step 23000  train 0.7129  eval 0.6855  pmax 19.6  (1522s)
step 24000  train 0.7375  eval 0.6847  pmax 19.6  (1587s)
step 25000  train 0.7038  eval 0.6880  pmax 19.7  (1651s)
step 26000  train 0.7166  eval 0.7009  pmax 19.7  (1716s)
step 27000  train 0.7105  eval 0.6430  pmax 19.8  (1781s)
step 28000  train 0.7190  eval 0.6542  pmax 19.8  (1845s)
step 29000  train 0.7768  eval 0.6596  pmax 19.9  (1910s)
step 30000  train 0.7278  eval 0.6855  pmax 20.0  (1974s)
  [checkpoint + sample saved at step 30000]
step 31000  train 0.7077  eval 0.6392  pmax 20.0  (2044s)
step 32000  train 0.7049  eval 0.6731  pmax 20.0  (2108s)
step 33000  train 0.7204  eval 0.6728  pmax 20.1  (2172s)
step 34000  train 0.6988  eval 0.6557  pmax 20.2  (2237s)
step 35000  train 0.7274  eval 0.6428  pmax 20.2  (2301s)
step 36000  train 0.7087  eval 0.6873  pmax 20.3  (2366s)
step 37000  train 0.7190  eval 0.6508  pmax 20.3  (2431s)
step 38000  train 0.7157  eval 0.6305  pmax 20.4  (2495s)
step 39000  train 0.7181  eval 0.6551  pmax 20.4  (2560s)
step 40000  train 0.7065  eval 0.6159  pmax 20.4  (2625s)
  [checkpoint + sample saved at step 40000]
step 41000  train 0.7119  eval 0.6076  pmax 20.5  (2695s)
step 42000  train 0.7247  eval 0.6432  pmax 20.5  (2760s)
step 43000  train 0.6637  eval 0.6706  pmax 20.6  (2825s)
step 44000  train 0.6793  eval 0.6523  pmax 20.6  (2889s)
step 45000  train 0.6918  eval 0.6880  pmax 20.6  (2954s)
step 46000  train 0.6816  eval 0.6173  pmax 20.7  (3019s)
step 47000  train 0.6586  eval 0.6175  pmax 20.7  (3084s)
step 48000  train 0.6799  eval 0.6394  pmax 20.7  (3149s)
step 49000  train 0.7035  eval 0.6005  pmax 20.7  (3214s)
step 50000  train 0.6895  eval 0.6261  pmax 20.8  (3279s)
  [checkpoint + sample saved at step 50000]
step 51000  train 0.6754  eval 0.6415  pmax 20.8  (3348s)
step 52000  train 0.6802  eval 0.6122  pmax 20.8  (3413s)
step 53000  train 0.7047  eval 0.6227  pmax 20.8  (3478s)
step 54000  train 0.7203  eval 0.6220  pmax 20.8  (3543s)
step 55000  train 0.6956  eval 0.6463  pmax 20.8  (3608s)
step 56000  train 0.6742  eval 0.6346  pmax 20.8  (3672s)
step 57000  train 0.6840  eval 0.6681  pmax 20.9  (3737s)
step 58000  train 0.6754  eval 0.6025  pmax 20.9  (3802s)
step 59000  train 0.6791  eval 0.6357  pmax 20.9  (3867s)
step 60000  train 0.6977  eval 0.6216  pmax 20.9  (3931s)
  [checkpoint + sample saved at step 60000]
step 61000  train 0.6886  eval 0.6211  pmax 20.9  (4001s)
step 62000  train 0.6937  eval 0.6179  pmax 20.9  (4066s)
step 63000  train 0.6812  eval 0.6254  pmax 20.9  (4131s)
step 64000  train 0.6771  eval 0.6538  pmax 21.0  (4195s)
step 65000  train 0.6874  eval 0.6418  pmax 21.0  (4260s)
step 66000  train 0.6880  eval 0.6118  pmax 21.0  (4325s)
step 67000  train 0.6606  eval 0.6226  pmax 21.0  (4390s)
step 68000  train 0.6881  eval 0.6380  pmax 21.0  (4455s)
step 69000  train 0.6872  eval 0.6053  pmax 21.0  (4520s)
step 70000  train 0.6619  eval 0.6451  pmax 21.0  (4584s)
  [checkpoint + sample saved at step 70000]
step 71000  train 0.6725  eval 0.6067  pmax 21.0  (4654s)
step 72000  train 0.6564  eval 0.6105  pmax 21.0  (4719s)
step 73000  train 0.6983  eval 0.6207  pmax 21.0  (4783s)
step 74000  train 0.7032  eval 0.6289  pmax 21.0  (4848s)
step 75000  train 0.6855  eval 0.6270  pmax 21.0  (4913s)
step 76000  train 0.7023  eval 0.6463  pmax 21.0  (4977s)
step 77000  train 0.6799  eval 0.6119  pmax 21.0  (5042s)
step 78000  train 0.6603  eval 0.6439  pmax 21.0  (5107s)
step 79000  train 0.6789  eval 0.6102  pmax 21.0  (5171s)
step 80000  train 0.6664  eval 0.6287  pmax 21.0  (5236s)
  [checkpoint + sample saved at step 80000]
step 81000  train 0.6903  eval 0.5915  pmax 21.1  (5308s)
step 82000  train 0.6588  eval 0.6250  pmax 21.1  (5373s)
step 83000  train 0.6730  eval 0.6146  pmax 21.1  (5438s)
step 84000  train 0.6526  eval 0.6148  pmax 21.1  (5502s)
step 85000  train 0.6505  eval 0.6318  pmax 21.1  (5567s)
step 86000  train 0.6820  eval 0.6258  pmax 21.1  (5632s)
step 87000  train 0.6601  eval 0.6214  pmax 21.1  (5696s)
step 88000  train 0.6876  eval 0.6310  pmax 21.1  (5761s)
step 89000  train 0.6816  eval 0.6101  pmax 21.1  (5826s)
step 90000  train 0.6418  eval 0.6111  pmax 21.1  (5890s)
  [checkpoint + sample saved at step 90000]
step 91000  train 0.6623  eval 0.6104  pmax 21.1  (5960s)
step 92000  train 0.6512  eval 0.5929  pmax 21.1  (6025s)
step 93000  train 0.6608  eval 0.6170  pmax 21.1  (6089s)
step 94000  train 0.6843  eval 0.6341  pmax 21.1  (6154s)
step 95000  train 0.6585  eval 0.6072  pmax 21.1  (6218s)
step 96000  train 0.6626  eval 0.6203  pmax 21.1  (6283s)
step 97000  train 0.6814  eval 0.6007  pmax 21.1  (6347s)
step 98000  train 0.6878  eval 0.6274  pmax 21.1  (6412s)
step 99000  train 0.6846  eval 0.6206  pmax 21.1  (6477s)
step 100000  train 0.6642  eval 0.6135  pmax 21.1  (6541s)
  [checkpoint + sample saved at step 100000]
done. artifacts in /home/luke/Wavelet-State-KAN/checkpoints/wskan11_tinystories_1m_3ep_s42
