/home/luke/Wavelet-State-KAN/experiments/V1_train_tinystories_lm.py:107: UserWarning: The given buffer is not writable, and PyTorch does not support non-writable tensors. This means you can write to the underlying (supposedly non-writable) buffer using the tensor. You may want to copy the buffer to protect its data or make it writable before converting it to a tensor. This type of warning will be suppressed for the rest of this program. (Triggered internally at /__w/pytorch/pytorch/torch/csrc/utils/tensor_new.cpp:1556.)
  train_ids = torch.frombuffer(train_text.encode("utf-8", errors="ignore"), dtype=torch.uint8)
train bytes: 1,195,926,439  eval bytes: 2,859,070
model: wskan11  params: 3,610  device: cuda
step     1  train 5.5374  eval 5.5265  pmax 18.9  (7s)
step  1000  train 2.6177  eval 2.6105  pmax 19.1  (16s)
step  2000  train 2.6117  eval 2.5694  pmax 19.1  (25s)
step  3000  train 2.5761  eval 2.5653  pmax 19.4  (34s)
step  4000  train 2.5264  eval 2.5178  pmax 19.4  (43s)
step  5000  train 2.5546  eval 2.4991  pmax 19.3  (52s)
step  6000  train 2.4981  eval 2.4921  pmax 19.2  (60s)
step  7000  train 2.5005  eval 2.5107  pmax 19.2  (69s)
step  8000  train 2.4917  eval 2.4988  pmax 19.3  (78s)
step  9000  train 2.4870  eval 2.4863  pmax 19.3  (87s)
step 10000  train 2.4645  eval 2.5131  pmax 19.3  (95s)
step 11000  train 2.4720  eval 2.4996  pmax 19.2  (104s)
step 12000  train 2.4480  eval 2.4828  pmax 19.2  (112s)
step 13000  train 2.4743  eval 2.4595  pmax 19.2  (120s)
step 14000  train 2.4797  eval 2.4401  pmax 19.1  (129s)
step 15000  train 2.4498  eval 2.4802  pmax 19.1  (137s)
step 16000  train 2.5039  eval 2.4349  pmax 19.1  (146s)
step 17000  train 2.4702  eval 2.5176  pmax 19.1  (154s)
step 18000  train 2.5129  eval 2.5329  pmax 19.1  (163s)
step 19000  train 2.4673  eval 2.4292  pmax 19.1  (171s)
step 20000  train 2.4266  eval 2.4269  pmax 19.1  (180s)
step 21000  train 2.4318  eval 2.4780  pmax 19.0  (188s)
step 22000  train 2.4546  eval 2.4491  pmax 19.0  (197s)
step 23000  train 2.5145  eval 2.4749  pmax 19.0  (205s)
step 24000  train 2.4651  eval 2.4154  pmax 19.0  (214s)
step 25000  train 2.4500  eval 2.4326  pmax 19.0  (222s)
  [checkpoint + sample saved at step 25000]
step 26000  train 2.4912  eval 2.4275  pmax 19.0  (232s)
step 27000  train 2.4575  eval 2.4559  pmax 19.0  (241s)
step 28000  train 2.4277  eval 2.4570  pmax 19.0  (249s)
step 29000  train 2.4419  eval 2.4375  pmax 19.0  (258s)
step 30000  train 2.4505  eval 2.4637  pmax 19.0  (266s)
step 31000  train 2.4489  eval 2.4229  pmax 19.0  (275s)
step 32000  train 2.4440  eval 2.4267  pmax 19.0  (283s)
step 33000  train 2.4606  eval 2.4704  pmax 19.0  (292s)
step 34000  train 2.4628  eval 2.4544  pmax 19.0  (300s)
step 35000  train 2.4676  eval 2.4600  pmax 19.0  (309s)
step 36000  train 2.4927  eval 2.4871  pmax 19.0  (317s)
  [checkpoint + sample saved at step 36000]
done. artifacts in /home/luke/Wavelet-State-KAN/checkpoints/wskan11_ultrachat_1k_3ep_s7
