/home/luke/Wavelet-State-KAN/experiments/V1_train_tinystories_lm.py:107: UserWarning: The given buffer is not writable, and PyTorch does not support non-writable tensors. This means you can write to the underlying (supposedly non-writable) buffer using the tensor. You may want to copy the buffer to protect its data or make it writable before converting it to a tensor. This type of warning will be suppressed for the rest of this program. (Triggered internally at /__w/pytorch/pytorch/torch/csrc/utils/tensor_new.cpp:1556.)
  train_ids = torch.frombuffer(train_text.encode("utf-8", errors="ignore"), dtype=torch.uint8)
train bytes: 542,898,247  eval bytes: 130,357
model: wskan11real  params: 113,612  device: cuda
step     1  train 5.5422  eval 5.4460  pmax 3.0  (11s)
step  1000  train 1.6934  eval 1.6942  pmax 3.3  (25s)
step  2000  train 1.5965  eval 1.5961  pmax 3.4  (39s)
step  3000  train 1.5539  eval 1.5737  pmax 3.4  (53s)
step  4000  train 1.5238  eval 1.5581  pmax 3.5  (67s)
step  5000  train 1.4826  eval 1.5555  pmax 3.6  (81s)
step  6000  train 1.4904  eval 1.4629  pmax 3.8  (95s)
step  7000  train 1.5450  eval 1.4722  pmax 4.0  (109s)
step  8000  train 1.5145  eval 1.5004  pmax 4.2  (123s)
step  9000  train 1.5003  eval 1.4954  pmax 4.5  (137s)
step 10000  train 1.5157  eval 1.4335  pmax 5.0  (150s)
step 11000  train 1.4844  eval 1.4855  pmax 5.4  (165s)
step 12000  train 1.4646  eval 1.4782  pmax 5.9  (179s)
step 13000  train 1.4833  eval 1.5076  pmax 6.4  (193s)
step 14000  train 1.4815  eval 1.4986  pmax 6.8  (207s)
step 15000  train 1.4733  eval 1.4596  pmax 7.2  (221s)
step 16000  train 1.4631  eval 1.4382  pmax 7.6  (234s)
step 17000  train 1.4872  eval 1.4635  pmax 8.0  (248s)
step 18000  train 1.4487  eval 1.4445  pmax 8.4  (263s)
step 19000  train 1.4286  eval 1.4539  pmax 8.7  (276s)
step 20000  train 1.4584  eval 1.4069  pmax 9.1  (290s)
step 21000  train 1.4257  eval 1.4204  pmax 9.3  (304s)
step 22000  train 1.4446  eval 1.4561  pmax 9.6  (319s)
step 23000  train 1.4657  eval 1.4552  pmax 9.9  (333s)
step 24000  train 1.4793  eval 1.4607  pmax 10.1  (347s)
step 25000  train 1.4534  eval 1.4383  pmax 10.3  (361s)
  [checkpoint + sample saved at step 25000]
step 26000  train 1.4893  eval 1.4687  pmax 10.5  (377s)
step 27000  train 1.4464  eval 1.4529  pmax 10.7  (391s)
step 28000  train 1.4400  eval 1.4625  pmax 10.8  (405s)
step 29000  train 1.4459  eval 1.3961  pmax 11.0  (419s)
step 30000  train 1.4180  eval 1.4518  pmax 11.2  (433s)
step 31000  train 1.4420  eval 1.4661  pmax 11.3  (447s)
step 32000  train 1.4506  eval 1.4348  pmax 11.4  (462s)
step 33000  train 1.4036  eval 1.4407  pmax 11.5  (475s)
step 34000  train 1.4675  eval 1.4575  pmax 11.6  (489s)
step 35000  train 1.4210  eval 1.3994  pmax 11.8  (503s)
step 36000  train 1.4290  eval 1.4602  pmax 11.9  (517s)
step 37000  train 1.4318  eval 1.4180  pmax 11.9  (531s)
step 38000  train 1.4253  eval 1.4364  pmax 12.0  (546s)
step 39000  train 1.4394  eval 1.3985  pmax 12.1  (560s)
step 40000  train 1.4645  eval 1.4062  pmax 12.2  (574s)
step 41000  train 1.4145  eval 1.4246  pmax 12.3  (588s)
step 42000  train 1.4501  eval 1.4039  pmax 12.3  (602s)
step 43000  train 1.4190  eval 1.4522  pmax 12.4  (616s)
step 44000  train 1.4193  eval 1.4046  pmax 12.4  (630s)
step 45000  train 1.4376  eval 1.3935  pmax 12.5  (644s)
step 46000  train 1.4168  eval 1.4288  pmax 12.6  (658s)
step 47000  train 1.4065  eval 1.3972  pmax 12.6  (672s)
step 48000  train 1.4152  eval 1.4235  pmax 12.7  (685s)
step 49000  train 1.4051  eval 1.4076  pmax 12.7  (699s)
step 50000  train 1.4238  eval 1.3865  pmax 12.8  (714s)
  [checkpoint + sample saved at step 50000]
step 51000  train 1.4398  eval 1.4219  pmax 12.8  (729s)
step 52000  train 1.4425  eval 1.4407  pmax 12.9  (744s)
step 53000  train 1.4198  eval 1.4160  pmax 12.9  (758s)
step 54000  train 1.4293  eval 1.3606  pmax 12.9  (772s)
step 55000  train 1.3982  eval 1.4433  pmax 13.0  (786s)
step 56000  train 1.4194  eval 1.4397  pmax 13.0  (800s)
step 57000  train 1.4476  eval 1.4168  pmax 13.1  (814s)
step 58000  train 1.3963  eval 1.4389  pmax 13.1  (828s)
step 59000  train 1.3971  eval 1.4036  pmax 13.1  (842s)
step 60000  train 1.4092  eval 1.3919  pmax 13.1  (856s)
step 61000  train 1.4260  eval 1.4394  pmax 13.2  (870s)
step 62000  train 1.4180  eval 1.4228  pmax 13.2  (884s)
step 63000  train 1.3957  eval 1.3681  pmax 13.2  (898s)
step 64000  train 1.4233  eval 1.4333  pmax 13.2  (912s)
step 65000  train 1.3919  eval 1.3931  pmax 13.3  (926s)
step 66000  train 1.4265  eval 1.4059  pmax 13.3  (940s)
step 67000  train 1.4069  eval 1.4319  pmax 13.3  (954s)
step 68000  train 1.4419  eval 1.4000  pmax 13.4  (968s)
step 69000  train 1.4145  eval 1.3858  pmax 13.4  (983s)
step 70000  train 1.4397  eval 1.4036  pmax 13.5  (997s)
step 71000  train 1.4078  eval 1.3926  pmax 13.5  (1011s)
step 72000  train 1.4019  eval 1.4340  pmax 13.6  (1024s)
step 73000  train 1.3501  eval 1.3723  pmax 13.6  (1039s)
step 74000  train 1.3969  eval 1.4108  pmax 13.6  (1053s)
step 75000  train 1.4334  eval 1.4351  pmax 13.7  (1067s)
  [checkpoint + sample saved at step 75000]
step 76000  train 1.4040  eval 1.3888  pmax 13.7  (1083s)
step 77000  train 1.4259  eval 1.4107  pmax 13.7  (1097s)
step 78000  train 1.4073  eval 1.4147  pmax 13.7  (1111s)
step 79000  train 1.3854  eval 1.4168  pmax 13.8  (1125s)
step 80000  train 1.4192  eval 1.4070  pmax 13.8  (1139s)
step 81000  train 1.4326  eval 1.3525  pmax 13.8  (1153s)
step 82000  train 1.4088  eval 1.3899  pmax 13.8  (1167s)
step 83000  train 1.4304  eval 1.3847  pmax 13.8  (1181s)
step 84000  train 1.4314  eval 1.3961  pmax 13.9  (1195s)
step 85000  train 1.3628  eval 1.4123  pmax 13.9  (1209s)
step 86000  train 1.3796  eval 1.4143  pmax 13.9  (1223s)
step 87000  train 1.4318  eval 1.3749  pmax 13.9  (1237s)
step 88000  train 1.4181  eval 1.3849  pmax 13.9  (1251s)
step 89000  train 1.3809  eval 1.4322  pmax 13.9  (1265s)
step 90000  train 1.4246  eval 1.4371  pmax 13.9  (1279s)
step 91000  train 1.4267  eval 1.3968  pmax 13.9  (1293s)
step 92000  train 1.3818  eval 1.4013  pmax 13.9  (1307s)
step 93000  train 1.3976  eval 1.3639  pmax 13.9  (1321s)
step 94000  train 1.3977  eval 1.4322  pmax 13.9  (1335s)
step 95000  train 1.3774  eval 1.3982  pmax 13.9  (1349s)
step 96000  train 1.3985  eval 1.4135  pmax 13.9  (1363s)
step 97000  train 1.3767  eval 1.3736  pmax 13.9  (1377s)
step 98000  train 1.3700  eval 1.3769  pmax 13.9  (1391s)
step 99000  train 1.3961  eval 1.4014  pmax 13.9  (1405s)
  [checkpoint + sample saved at step 99000]
done. artifacts in /home/luke/Wavelet-State-KAN/checkpoints/wskan11real_wikitext_100k_3ep_s2024
