train bytes: 180,263,596  eval bytes: 2,859,070
model: wskan4  params: 104,640  device: cuda
W0911 22:37:54.719000 3383491 .venv/lib/python3.12/site-packages/torch/_inductor/utils.py:1806] [0/0] Not enough SMs to use max_autotune_gemm mode
step     1  train 5.5725  eval 5.5478  pmax 18.9  (834s)
step  2500  train 1.4779  eval 1.4668  pmax 18.9  (1252s)
step  5000  train 1.4086  eval 1.4463  pmax 18.9  (1671s)
step  7500  train 1.3404  eval 1.3806  pmax 18.9  (2090s)
step 10000  train 1.3858  eval 1.2621  pmax 19.0  (2509s)
step 12500  train 1.3492  eval 1.3354  pmax 19.0  (2928s)
step 15000  train 1.3417  eval 1.2868  pmax 19.0  (3346s)
step 17500  train 1.2389  eval 1.4009  pmax 19.0  (3766s)
step 20000  train 1.4099  eval 1.3151  pmax 19.0  (4185s)
step 22500  train 1.2941  eval 1.2889  pmax 19.0  (4604s)
step 25000  train 1.2837  eval 1.2409  pmax 19.0  (5023s)
step 27500  train 1.3386  eval 1.3102  pmax 19.0  (5442s)
step 30000  train 1.2461  eval 1.4196  pmax 19.0  (5861s)
step 32500  train 1.2804  eval 1.3001  pmax 19.0  (6279s)
step 35000  train 1.2163  eval 1.3528  pmax 19.0  (6698s)
step 37500  train 1.2185  eval 1.3031  pmax 19.0  (7117s)
step 40000  train 1.1999  eval 1.2045  pmax 19.0  (7536s)
step 42500  train 1.2650  eval 1.2388  pmax 19.0  (7955s)
step 45000  train 1.2400  eval 1.3022  pmax 19.0  (8373s)
step 47500  train 1.3054  eval 1.2573  pmax 19.0  (8793s)
step 50000  train 1.2863  eval 1.3201  pmax 19.0  (9208s)
  [checkpoint + sample saved at step 50000]
step 52500  train 1.2232  eval 1.3142  pmax 19.0  (9633s)
step 55000  train 1.2424  eval 1.2363  pmax 19.0  (10052s)
step 57500  train 1.2784  eval 1.3131  pmax 19.0  (10471s)
step 60000  train 1.1830  eval 1.2774  pmax 19.0  (10890s)
step 62500  train 1.2218  eval 1.3408  pmax 19.0  (11309s)
step 65000  train 1.2115  eval 1.2998  pmax 19.0  (11729s)
step 67500  train 1.2175  eval 1.2402  pmax 19.0  (12149s)
step 70000  train 1.2521  eval 1.3256  pmax 19.0  (12568s)
step 72500  train 1.2329  eval 1.1971  pmax 19.0  (12987s)
step 75000  train 1.3238  eval 1.1760  pmax 19.0  (13405s)
step 77500  train 1.2129  eval 1.2678  pmax 19.0  (13825s)
step 80000  train 1.2570  eval 1.2869  pmax 19.0  (14244s)
step 82500  train 1.2805  eval 1.3075  pmax 19.0  (14663s)
step 85000  train 1.2354  eval 1.3672  pmax 19.0  (15082s)
step 87500  train 1.2000  eval 1.2291  pmax 19.0  (15501s)
step 90000  train 1.4668  eval 1.2633  pmax 19.0  (15920s)
step 92500  train 1.3350  eval 1.2486  pmax 19.0  (16339s)
step 95000  train 1.2420  eval 1.2723  pmax 19.0  (16758s)
step 97500  train 1.2370  eval 1.2927  pmax 19.0  (17177s)
step 100000  train 1.2712  eval 1.1804  pmax 19.0  (17591s)
  [checkpoint + sample saved at step 100000]
done. artifacts in /home/luke/Wavelet-State-KAN/checkpoints/wskan4_ultrachat_interp_s2024
