/home/luke/Wavelet-State-KAN/experiments/V1_train_tinystories_lm.py:107: UserWarning: The given buffer is not writable, and PyTorch does not support non-writable tensors. This means you can write to the underlying (supposedly non-writable) buffer using the tensor. You may want to copy the buffer to protect its data or make it writable before converting it to a tensor. This type of warning will be suppressed for the rest of this program. (Triggered internally at /__w/pytorch/pytorch/torch/csrc/utils/tensor_new.cpp:1556.)
  train_ids = torch.frombuffer(train_text.encode("utf-8", errors="ignore"), dtype=torch.uint8)
train bytes: 1,905,061,325  eval bytes: 405,730
model: wskan11  params: 985,956  device: cuda
step     1  train 5.5665  eval 5.4656  pmax 18.9  (19s)
step  1000  train 0.9936  eval 0.9462  pmax 19.0  (84s)
step  2000  train 0.9002  eval 0.8266  pmax 19.0  (149s)
step  3000  train 0.8626  eval 0.8124  pmax 19.1  (213s)
step  4000  train 0.8339  eval 0.7661  pmax 19.2  (278s)
step  5000  train 0.8262  eval 0.7287  pmax 19.2  (343s)
step  6000  train 0.8038  eval 0.7467  pmax 19.2  (408s)
step  7000  train 0.7817  eval 0.7144  pmax 19.1  (473s)
step  8000  train 0.7616  eval 0.7246  pmax 19.1  (538s)
step  9000  train 0.7881  eval 0.7525  pmax 19.1  (603s)
step 10000  train 0.7756  eval 0.7396  pmax 19.1  (667s)
  [checkpoint + sample saved at step 10000]
step 11000  train 0.7877  eval 0.7019  pmax 19.2  (738s)
step 12000  train 0.8068  eval 0.6685  pmax 19.1  (802s)
step 13000  train 0.7248  eval 0.7329  pmax 19.2  (867s)
step 14000  train 0.7459  eval 0.7301  pmax 19.1  (932s)
step 15000  train 0.7187  eval 0.6826  pmax 19.1  (997s)
step 16000  train 0.7269  eval 0.6901  pmax 19.2  (1062s)
step 17000  train 0.7335  eval 0.6747  pmax 19.2  (1127s)
step 18000  train 0.7487  eval 0.6942  pmax 19.2  (1192s)
step 19000  train 0.7276  eval 0.6690  pmax 19.2  (1256s)
step 20000  train 0.7200  eval 0.6598  pmax 19.2  (1321s)
  [checkpoint + sample saved at step 20000]
step 21000  train 0.7735  eval 0.6662  pmax 19.2  (1391s)
step 22000  train 0.7148  eval 0.6891  pmax 19.2  (1456s)
step 23000  train 0.7220  eval 0.6886  pmax 19.2  (1521s)
step 24000  train 0.6914  eval 0.6343  pmax 19.2  (1586s)
step 25000  train 0.7436  eval 0.6683  pmax 19.2  (1651s)
step 26000  train 0.7115  eval 0.6733  pmax 19.2  (1716s)
step 27000  train 0.7373  eval 0.6687  pmax 19.3  (1780s)
step 28000  train 0.7295  eval 0.6535  pmax 19.3  (1845s)
step 29000  train 0.7290  eval 0.6398  pmax 19.3  (1909s)
step 30000  train 0.6913  eval 0.6921  pmax 19.3  (1974s)
  [checkpoint + sample saved at step 30000]
step 31000  train 0.6713  eval 0.6482  pmax 19.3  (2043s)
step 32000  train 0.7290  eval 0.6871  pmax 19.4  (2108s)
step 33000  train 0.7148  eval 0.7025  pmax 19.4  (2172s)
step 34000  train 0.7014  eval 0.6771  pmax 19.4  (2237s)
step 35000  train 0.7067  eval 0.6579  pmax 19.5  (2301s)
step 36000  train 0.6995  eval 0.6706  pmax 19.5  (2366s)
step 37000  train 0.7032  eval 0.6637  pmax 19.5  (2430s)
step 38000  train 0.6785  eval 0.6312  pmax 19.5  (2495s)
step 39000  train 0.7232  eval 0.6124  pmax 19.5  (2560s)
step 40000  train 0.7075  eval 0.6592  pmax 19.6  (2624s)
  [checkpoint + sample saved at step 40000]
step 41000  train 0.7116  eval 0.6495  pmax 19.6  (2694s)
step 42000  train 0.7091  eval 0.6470  pmax 19.6  (2759s)
step 43000  train 0.7016  eval 0.6441  pmax 19.6  (2824s)
step 44000  train 0.6779  eval 0.6333  pmax 19.6  (2889s)
step 45000  train 0.7155  eval 0.6316  pmax 19.6  (2954s)
step 46000  train 0.6512  eval 0.6565  pmax 19.7  (3019s)
step 47000  train 0.7126  eval 0.6237  pmax 19.7  (3084s)
step 48000  train 0.6918  eval 0.6388  pmax 19.7  (3149s)
step 49000  train 0.6733  eval 0.6541  pmax 19.8  (3213s)
step 50000  train 0.6826  eval 0.6479  pmax 19.8  (3278s)
  [checkpoint + sample saved at step 50000]
step 51000  train 0.6746  eval 0.6393  pmax 19.8  (3348s)
step 52000  train 0.6785  eval 0.6407  pmax 19.8  (3413s)
step 53000  train 0.6842  eval 0.6214  pmax 19.8  (3478s)
step 54000  train 0.6717  eval 0.6289  pmax 19.9  (3543s)
step 55000  train 0.6874  eval 0.6386  pmax 19.9  (3608s)
step 56000  train 0.6767  eval 0.6204  pmax 19.9  (3672s)
step 57000  train 0.6586  eval 0.6406  pmax 19.9  (3737s)
step 58000  train 0.6761  eval 0.6234  pmax 19.9  (3802s)
step 59000  train 0.7101  eval 0.6045  pmax 19.9  (3866s)
step 60000  train 0.6813  eval 0.6058  pmax 19.9  (3931s)
  [checkpoint + sample saved at step 60000]
step 61000  train 0.6531  eval 0.6147  pmax 19.9  (4001s)
step 62000  train 0.6752  eval 0.6202  pmax 20.0  (4066s)
step 63000  train 0.7088  eval 0.6282  pmax 20.0  (4131s)
step 64000  train 0.6753  eval 0.6214  pmax 20.0  (4195s)
step 65000  train 0.6903  eval 0.6177  pmax 20.0  (4260s)
step 66000  train 0.6757  eval 0.6532  pmax 20.0  (4325s)
step 67000  train 0.6887  eval 0.6134  pmax 20.0  (4390s)
step 68000  train 0.6843  eval 0.6286  pmax 20.0  (4455s)
step 69000  train 0.6498  eval 0.6284  pmax 20.0  (4520s)
step 70000  train 0.6751  eval 0.6371  pmax 20.0  (4585s)
  [checkpoint + sample saved at step 70000]
step 71000  train 0.6548  eval 0.6351  pmax 20.0  (4654s)
step 72000  train 0.6815  eval 0.6242  pmax 20.0  (4719s)
step 73000  train 0.6683  eval 0.6102  pmax 20.0  (4783s)
step 74000  train 0.6683  eval 0.6235  pmax 20.0  (4848s)
step 75000  train 0.6580  eval 0.6231  pmax 20.0  (4913s)
step 76000  train 0.6577  eval 0.6408  pmax 20.1  (4977s)
step 77000  train 0.6822  eval 0.6632  pmax 20.1  (5042s)
step 78000  train 0.6845  eval 0.6117  pmax 20.1  (5107s)
step 79000  train 0.6533  eval 0.6251  pmax 20.1  (5171s)
step 80000  train 0.6865  eval 0.6128  pmax 20.1  (5236s)
  [checkpoint + sample saved at step 80000]
step 81000  train 0.6705  eval 0.5831  pmax 20.1  (5306s)
step 82000  train 0.6605  eval 0.6194  pmax 20.1  (5370s)
step 83000  train 0.6688  eval 0.6344  pmax 20.1  (5435s)
step 84000  train 0.6840  eval 0.6246  pmax 20.1  (5500s)
step 85000  train 0.6689  eval 0.6326  pmax 20.1  (5564s)
step 86000  train 0.6870  eval 0.6054  pmax 20.1  (5629s)
step 87000  train 0.7013  eval 0.6236  pmax 20.1  (5694s)
step 88000  train 0.6713  eval 0.6385  pmax 20.1  (5758s)
step 89000  train 0.6674  eval 0.5999  pmax 20.1  (5823s)
step 90000  train 0.6682  eval 0.6291  pmax 20.1  (5887s)
  [checkpoint + sample saved at step 90000]
step 91000  train 0.6521  eval 0.6297  pmax 20.1  (5957s)
step 92000  train 0.6675  eval 0.6305  pmax 20.1  (6021s)
step 93000  train 0.6512  eval 0.6211  pmax 20.1  (6086s)
step 94000  train 0.6824  eval 0.6270  pmax 20.1  (6150s)
step 95000  train 0.6510  eval 0.6579  pmax 20.1  (6215s)
step 96000  train 0.6664  eval 0.5939  pmax 20.1  (6280s)
step 97000  train 0.6715  eval 0.6116  pmax 20.1  (6344s)
step 98000  train 0.6673  eval 0.6053  pmax 20.1  (6409s)
step 99000  train 0.6919  eval 0.5779  pmax 20.1  (6473s)
step 100000  train 0.6622  eval 0.6204  pmax 20.1  (6538s)
  [checkpoint + sample saved at step 100000]
done. artifacts in /home/luke/Wavelet-State-KAN/checkpoints/wskan11_tinystories_1m_3ep_s123
