/home/luke/Wavelet-State-KAN/experiments/V1_train_tinystories_lm.py:107: UserWarning: The given buffer is not writable, and PyTorch does not support non-writable tensors. This means you can write to the underlying (supposedly non-writable) buffer using the tensor. You may want to copy the buffer to protect its data or make it writable before converting it to a tensor. This type of warning will be suppressed for the rest of this program. (Triggered internally at /__w/pytorch/pytorch/torch/csrc/utils/tensor_new.cpp:1556.)
  train_ids = torch.frombuffer(train_text.encode("utf-8", errors="ignore"), dtype=torch.uint8)
train bytes: 1,905,061,325  eval bytes: 405,730
model: wskan11  params: 985,956  device: cuda
step     1  train 5.5604  eval 5.4534  pmax 18.9  (21s)
step  1000  train 1.0023  eval 0.9740  pmax 18.9  (69s)
step  2000  train 0.9141  eval 0.8621  pmax 19.0  (118s)
step  3000  train 0.8952  eval 0.8208  pmax 19.0  (166s)
step  4000  train 0.8494  eval 0.7811  pmax 19.1  (215s)
step  5000  train 0.8221  eval 0.7571  pmax 19.2  (263s)
step  6000  train 0.7852  eval 0.7801  pmax 19.2  (312s)
step  7000  train 0.7957  eval 0.7553  pmax 19.3  (360s)
step  8000  train 0.7892  eval 0.7347  pmax 19.3  (409s)
step  9000  train 0.7858  eval 0.6996  pmax 19.3  (457s)
step 10000  train 0.7700  eval 0.7158  pmax 19.4  (506s)
  [checkpoint + sample saved at step 10000]
step 11000  train 0.7636  eval 0.6879  pmax 19.5  (559s)
step 12000  train 0.7309  eval 0.7093  pmax 19.6  (607s)
step 13000  train 0.7894  eval 0.6926  pmax 19.6  (656s)
step 14000  train 0.7659  eval 0.6426  pmax 19.7  (704s)
step 15000  train 0.7343  eval 0.7181  pmax 19.7  (753s)
step 16000  train 0.7308  eval 0.7106  pmax 19.8  (801s)
step 17000  train 0.7306  eval 0.7215  pmax 19.8  (850s)
step 18000  train 0.7217  eval 0.6959  pmax 19.8  (898s)
step 19000  train 0.7185  eval 0.6983  pmax 19.8  (947s)
step 20000  train 0.6965  eval 0.6981  pmax 19.8  (995s)
  [checkpoint + sample saved at step 20000]
step 21000  train 0.7213  eval 0.6762  pmax 19.8  (1049s)
step 22000  train 0.7111  eval 0.6552  pmax 19.8  (1097s)
step 23000  train 0.7252  eval 0.6994  pmax 19.8  (1146s)
step 24000  train 0.7132  eval 0.6474  pmax 19.8  (1194s)
step 25000  train 0.6764  eval 0.6233  pmax 19.8  (1242s)
step 26000  train 0.7147  eval 0.6672  pmax 19.8  (1291s)
step 27000  train 0.7284  eval 0.6870  pmax 19.8  (1339s)
step 28000  train 0.6967  eval 0.6793  pmax 19.9  (1388s)
step 29000  train 0.7260  eval 0.6316  pmax 19.9  (1436s)
step 30000  train 0.7281  eval 0.6931  pmax 19.8  (1485s)
  [checkpoint + sample saved at step 30000]
step 31000  train 0.6825  eval 0.6389  pmax 19.9  (1538s)
step 32000  train 0.7134  eval 0.6266  pmax 19.9  (1586s)
step 33000  train 0.7060  eval 0.6306  pmax 19.8  (1634s)
step 34000  train 0.6799  eval 0.6609  pmax 19.8  (1683s)
step 35000  train 0.6702  eval 0.6629  pmax 19.8  (1731s)
step 36000  train 0.7096  eval 0.6798  pmax 19.8  (1780s)
step 37000  train 0.7366  eval 0.6495  pmax 19.8  (1828s)
step 38000  train 0.7111  eval 0.6210  pmax 19.8  (1877s)
step 39000  train 0.6591  eval 0.6265  pmax 19.7  (1925s)
step 40000  train 0.6956  eval 0.6689  pmax 19.7  (1973s)
  [checkpoint + sample saved at step 40000]
step 41000  train 0.6901  eval 0.6436  pmax 19.7  (2026s)
step 42000  train 0.6812  eval 0.6297  pmax 19.7  (2075s)
step 43000  train 0.7124  eval 0.6446  pmax 19.7  (2123s)
step 44000  train 0.6983  eval 0.6698  pmax 19.6  (2172s)
step 45000  train 0.7052  eval 0.6320  pmax 19.6  (2220s)
step 46000  train 0.6935  eval 0.5988  pmax 19.6  (2268s)
step 47000  train 0.6783  eval 0.6677  pmax 19.6  (2317s)
step 48000  train 0.6886  eval 0.6147  pmax 19.5  (2365s)
step 49000  train 0.6660  eval 0.6615  pmax 19.6  (2414s)
step 50000  train 0.7125  eval 0.6475  pmax 19.6  (2462s)
  [checkpoint + sample saved at step 50000]
step 51000  train 0.6793  eval 0.6508  pmax 19.5  (2515s)
step 52000  train 0.6888  eval 0.6401  pmax 19.6  (2563s)
step 53000  train 0.6871  eval 0.6268  pmax 19.6  (2612s)
step 54000  train 0.6792  eval 0.6204  pmax 19.6  (2660s)
step 55000  train 0.6736  eval 0.6329  pmax 19.6  (2709s)
step 56000  train 0.6851  eval 0.6673  pmax 19.6  (2757s)
step 57000  train 0.6488  eval 0.6220  pmax 19.6  (2806s)
step 58000  train 0.7184  eval 0.6695  pmax 19.6  (2854s)
step 59000  train 0.6764  eval 0.6499  pmax 19.6  (2902s)
step 60000  train 0.6692  eval 0.6475  pmax 19.6  (2950s)
  [checkpoint + sample saved at step 60000]
step 61000  train 0.7254  eval 0.6089  pmax 19.6  (3003s)
step 62000  train 0.6807  eval 0.6471  pmax 19.6  (3051s)
step 63000  train 0.6825  eval 0.6139  pmax 19.6  (3100s)
step 64000  train 0.6907  eval 0.6413  pmax 19.6  (3148s)
step 65000  train 0.6852  eval 0.6261  pmax 19.6  (3196s)
step 66000  train 0.6609  eval 0.6287  pmax 19.6  (3244s)
step 67000  train 0.6633  eval 0.6390  pmax 19.6  (3293s)
step 68000  train 0.6812  eval 0.6292  pmax 19.6  (3341s)
step 69000  train 0.6736  eval 0.6110  pmax 19.6  (3390s)
step 70000  train 0.6970  eval 0.6390  pmax 19.6  (3438s)
  [checkpoint + sample saved at step 70000]
step 71000  train 0.6731  eval 0.6148  pmax 19.6  (3490s)
step 72000  train 0.6652  eval 0.6202  pmax 19.7  (3539s)
step 73000  train 0.6827  eval 0.6486  pmax 19.7  (3587s)
step 74000  train 0.6710  eval 0.6243  pmax 19.7  (3635s)
step 75000  train 0.6617  eval 0.6030  pmax 19.7  (3684s)
step 76000  train 0.6606  eval 0.6219  pmax 19.7  (3732s)
step 77000  train 0.6341  eval 0.6668  pmax 19.7  (3780s)
step 78000  train 0.6457  eval 0.6165  pmax 19.7  (3829s)
step 79000  train 0.6791  eval 0.6525  pmax 19.7  (3877s)
step 80000  train 0.6381  eval 0.6369  pmax 19.7  (3926s)
  [checkpoint + sample saved at step 80000]
step 81000  train 0.6361  eval 0.6184  pmax 19.7  (3979s)
step 82000  train 0.6825  eval 0.6103  pmax 19.7  (4027s)
step 83000  train 0.6561  eval 0.6133  pmax 19.7  (4075s)
step 84000  train 0.6510  eval 0.6141  pmax 19.7  (4124s)
step 85000  train 0.6437  eval 0.6075  pmax 19.7  (4172s)
step 86000  train 0.6774  eval 0.6198  pmax 19.7  (4221s)
step 87000  train 0.6251  eval 0.6125  pmax 19.7  (4269s)
step 88000  train 0.6576  eval 0.6360  pmax 19.7  (4317s)
step 89000  train 0.6671  eval 0.6615  pmax 19.7  (4366s)
step 90000  train 0.6602  eval 0.6445  pmax 19.7  (4414s)
  [checkpoint + sample saved at step 90000]
step 91000  train 0.6596  eval 0.5802  pmax 19.7  (4467s)
step 92000  train 0.6596  eval 0.6326  pmax 19.7  (4515s)
step 93000  train 0.6758  eval 0.5927  pmax 19.7  (4563s)
step 94000  train 0.6716  eval 0.6064  pmax 19.7  (4611s)
step 95000  train 0.6837  eval 0.6243  pmax 19.7  (4660s)
step 96000  train 0.6565  eval 0.5707  pmax 19.7  (4708s)
step 97000  train 0.6823  eval 0.6134  pmax 19.7  (4756s)
step 98000  train 0.6779  eval 0.6278  pmax 19.7  (4805s)
step 99000  train 0.6643  eval 0.6215  pmax 19.7  (4853s)
step 100000  train 0.6859  eval 0.6496  pmax 19.7  (4901s)
  [checkpoint + sample saved at step 100000]
done. artifacts in /home/luke/Wavelet-State-KAN/checkpoints/wskan11_tinystories_1m_3ep_s7
