/home/luke/Wavelet-State-KAN/experiments/V1_train_tinystories_lm.py:107: UserWarning: The given buffer is not writable, and PyTorch does not support non-writable tensors. This means you can write to the underlying (supposedly non-writable) buffer using the tensor. You may want to copy the buffer to protect its data or make it writable before converting it to a tensor. This type of warning will be suppressed for the rest of this program. (Triggered internally at /__w/pytorch/pytorch/torch/csrc/utils/tensor_new.cpp:1556.)
  train_ids = torch.frombuffer(train_text.encode("utf-8", errors="ignore"), dtype=torch.uint8)
train bytes: 1,195,926,439  eval bytes: 2,859,070
model: wskan11  params: 12,546  device: cuda
W0920 05:24:10.130000 502221 .venv/lib/python3.12/site-packages/torch/_inductor/utils.py:1806] [0/0] Not enough SMs to use max_autotune_gemm mode
step     1  train 5.5456  eval 5.5224  pmax 18.9  (25s)
step  1000  train 2.0690  eval 2.0912  pmax 19.3  (34s)
step  2000  train 2.0109  eval 1.9965  pmax 19.8  (43s)
step  3000  train 2.0166  eval 1.9779  pmax 20.0  (52s)
step  4000  train 1.9643  eval 2.0142  pmax 20.0  (61s)
step  5000  train 1.9625  eval 1.9076  pmax 20.1  (70s)
step  6000  train 1.9272  eval 1.9813  pmax 20.1  (79s)
step  7000  train 1.9662  eval 1.9021  pmax 20.1  (87s)
step  8000  train 1.9678  eval 1.8991  pmax 20.0  (96s)
step  9000  train 1.9555  eval 1.9733  pmax 20.1  (105s)
step 10000  train 1.9853  eval 1.9989  pmax 20.2  (114s)
step 11000  train 1.9228  eval 1.9001  pmax 20.3  (123s)
step 12000  train 1.9312  eval 1.9559  pmax 20.3  (132s)
step 13000  train 1.9089  eval 1.8766  pmax 20.3  (141s)
step 14000  train 1.9107  eval 1.9327  pmax 20.3  (150s)
step 15000  train 1.9426  eval 1.8757  pmax 20.4  (158s)
step 16000  train 1.9064  eval 1.9465  pmax 20.4  (167s)
step 17000  train 1.8703  eval 1.9235  pmax 20.4  (176s)
step 18000  train 1.9420  eval 1.8781  pmax 20.5  (185s)
step 19000  train 1.9556  eval 1.9284  pmax 20.5  (194s)
step 20000  train 1.8996  eval 1.9625  pmax 20.5  (203s)
step 21000  train 1.9374  eval 1.9640  pmax 20.6  (212s)
step 22000  train 1.9501  eval 1.9611  pmax 20.6  (221s)
step 23000  train 1.9385  eval 1.8762  pmax 20.6  (230s)
step 24000  train 1.8838  eval 1.8714  pmax 20.6  (239s)
step 25000  train 1.9315  eval 1.9011  pmax 20.6  (247s)
  [checkpoint + sample saved at step 25000]
step 26000  train 1.8690  eval 1.8980  pmax 20.7  (258s)
step 27000  train 1.9273  eval 1.9002  pmax 20.7  (266s)
step 28000  train 1.9055  eval 1.9190  pmax 20.7  (275s)
step 29000  train 1.8727  eval 1.8922  pmax 20.7  (284s)
step 30000  train 1.9424  eval 1.9137  pmax 20.7  (292s)
step 31000  train 1.9121  eval 1.9461  pmax 20.7  (301s)
step 32000  train 1.9044  eval 1.9412  pmax 20.7  (310s)
step 33000  train 1.9127  eval 1.9362  pmax 20.7  (319s)
step 34000  train 1.9523  eval 1.8897  pmax 20.7  (328s)
step 35000  train 1.9084  eval 1.9179  pmax 20.7  (337s)
step 36000  train 1.9365  eval 1.9372  pmax 20.7  (345s)
step 37000  train 1.9133  eval 1.9471  pmax 20.7  (354s)
step 38000  train 1.8576  eval 1.9223  pmax 20.7  (363s)
step 39000  train 1.8899  eval 1.8915  pmax 20.7  (372s)
step 40000  train 1.9441  eval 1.8614  pmax 20.7  (381s)
step 41000  train 1.8634  eval 1.8918  pmax 20.7  (390s)
step 42000  train 1.9181  eval 1.8982  pmax 20.7  (399s)
step 43000  train 1.8971  eval 1.8625  pmax 20.7  (408s)
step 44000  train 1.8875  eval 1.8641  pmax 20.7  (417s)
step 45000  train 1.8960  eval 1.9040  pmax 20.7  (426s)
step 46000  train 1.8908  eval 1.8713  pmax 20.7  (435s)
step 47000  train 1.8584  eval 1.8959  pmax 20.7  (444s)
step 48000  train 1.9024  eval 1.9053  pmax 20.7  (453s)
step 49000  train 1.9257  eval 1.9331  pmax 20.7  (462s)
step 50000  train 1.9436  eval 1.9383  pmax 20.7  (471s)
  [checkpoint + sample saved at step 50000]
step 51000  train 1.9087  eval 1.9475  pmax 20.7  (480s)
step 52000  train 1.8632  eval 1.9148  pmax 20.7  (489s)
step 53000  train 1.8830  eval 1.8935  pmax 20.7  (498s)
step 54000  train 1.8549  eval 1.9138  pmax 20.7  (507s)
  [checkpoint + sample saved at step 54000]
done. artifacts in /home/luke/Wavelet-State-KAN/checkpoints/wskan11_ultrachat_10k_3ep_s123
