/home/luke/Wavelet-State-KAN/experiments/V1_train_tinystories_lm.py:107: UserWarning: The given buffer is not writable, and PyTorch does not support non-writable tensors. This means you can write to the underlying (supposedly non-writable) buffer using the tensor. You may want to copy the buffer to protect its data or make it writable before converting it to a tensor. This type of warning will be suppressed for the rest of this program. (Triggered internally at /__w/pytorch/pytorch/torch/csrc/utils/tensor_new.cpp:1556.)
  train_ids = torch.frombuffer(train_text.encode("utf-8", errors="ignore"), dtype=torch.uint8)
train bytes: 1,905,061,325  eval bytes: 405,730
model: wskan11real  params: 12,546  device: cuda
step     1  train 5.5464  eval 5.5301  pmax 3.0  (7s)
step  1000  train 1.7750  eval 1.7957  pmax 2.7  (17s)
step  2000  train 1.7085  eval 1.6521  pmax 4.8  (26s)
step  3000  train 1.6951  eval 1.6491  pmax 5.8  (36s)
step  4000  train 1.6580  eval 1.6162  pmax 7.2  (45s)
step  5000  train 1.6548  eval 1.6294  pmax 8.4  (54s)
step  6000  train 1.6610  eval 1.6155  pmax 9.6  (63s)
step  7000  train 1.6288  eval 1.5778  pmax 10.5  (73s)
step  8000  train 1.6308  eval 1.5861  pmax 11.3  (82s)
step  9000  train 1.6325  eval 1.5539  pmax 11.7  (91s)
step 10000  train 1.6057  eval 1.5915  pmax 12.5  (100s)
step 11000  train 1.6128  eval 1.5662  pmax 13.2  (109s)
step 12000  train 1.5899  eval 1.5979  pmax 13.8  (119s)
step 13000  train 1.5858  eval 1.5582  pmax 14.3  (128s)
step 14000  train 1.5996  eval 1.5520  pmax 14.7  (137s)
step 15000  train 1.5980  eval 1.5824  pmax 15.0  (146s)
step 16000  train 1.5803  eval 1.5606  pmax 15.3  (156s)
step 17000  train 1.5858  eval 1.5347  pmax 15.5  (165s)
step 18000  train 1.5757  eval 1.5080  pmax 15.7  (174s)
step 19000  train 1.5756  eval 1.5323  pmax 15.9  (184s)
step 20000  train 1.5617  eval 1.5739  pmax 16.1  (193s)
step 21000  train 1.5627  eval 1.5264  pmax 16.3  (203s)
step 22000  train 1.5681  eval 1.5567  pmax 16.6  (212s)
step 23000  train 1.5648  eval 1.5752  pmax 16.8  (221s)
step 24000  train 1.5616  eval 1.5441  pmax 17.0  (230s)
step 25000  train 1.5512  eval 1.5756  pmax 17.2  (239s)
  [checkpoint + sample saved at step 25000]
step 26000  train 1.5692  eval 1.5707  pmax 17.3  (250s)
step 27000  train 1.5556  eval 1.5140  pmax 17.5  (259s)
step 28000  train 1.5536  eval 1.5447  pmax 17.6  (269s)
step 29000  train 1.5819  eval 1.5742  pmax 17.8  (278s)
step 30000  train 1.5621  eval 1.5292  pmax 17.9  (288s)
step 31000  train 1.5475  eval 1.5726  pmax 18.1  (297s)
step 32000  train 1.5956  eval 1.5328  pmax 18.1  (307s)
step 33000  train 1.5450  eval 1.5055  pmax 18.2  (316s)
step 34000  train 1.6087  eval 1.5156  pmax 18.3  (325s)
step 35000  train 1.5497  eval 1.5239  pmax 18.4  (335s)
step 36000  train 1.5600  eval 1.5379  pmax 18.5  (344s)
step 37000  train 1.5596  eval 1.5117  pmax 18.6  (354s)
step 38000  train 1.5610  eval 1.5284  pmax 18.7  (363s)
step 39000  train 1.5765  eval 1.4953  pmax 18.8  (372s)
step 40000  train 1.5692  eval 1.5242  pmax 18.8  (382s)
step 41000  train 1.5384  eval 1.5286  pmax 18.9  (391s)
step 42000  train 1.5492  eval 1.5314  pmax 19.0  (400s)
step 43000  train 1.5759  eval 1.5055  pmax 19.0  (410s)
step 44000  train 1.5661  eval 1.5356  pmax 19.1  (420s)
step 45000  train 1.5899  eval 1.4799  pmax 19.1  (429s)
step 46000  train 1.5640  eval 1.5091  pmax 19.1  (438s)
step 47000  train 1.5757  eval 1.5176  pmax 19.1  (448s)
step 48000  train 1.5359  eval 1.5760  pmax 19.2  (457s)
step 49000  train 1.5400  eval 1.5029  pmax 19.2  (466s)
step 50000  train 1.5161  eval 1.5016  pmax 19.2  (475s)
  [checkpoint + sample saved at step 50000]
step 51000  train 1.5210  eval 1.4860  pmax 19.2  (486s)
step 52000  train 1.5503  eval 1.4988  pmax 19.2  (495s)
step 53000  train 1.5603  eval 1.4911  pmax 19.2  (505s)
step 54000  train 1.5789  eval 1.5122  pmax 19.3  (514s)
step 55000  train 1.5754  eval 1.4857  pmax 19.3  (524s)
step 56000  train 1.5460  eval 1.4733  pmax 19.3  (533s)
step 57000  train 1.5428  eval 1.4987  pmax 19.3  (542s)
step 58000  train 1.5381  eval 1.4923  pmax 19.3  (552s)
step 59000  train 1.5638  eval 1.5283  pmax 19.3  (561s)
step 60000  train 1.5610  eval 1.4895  pmax 19.3  (570s)
  [checkpoint + sample saved at step 60000]
done. artifacts in /home/luke/Wavelet-State-KAN/checkpoints/wskan11real_tinystories_10k_3ep_s7
