train bytes: 180,263,596  eval bytes: 2,859,070
model: wskan7  params: 85,842  device: cuda
W0912 07:27:56.141000 3482287 .venv/lib/python3.12/site-packages/torch/_inductor/utils.py:1806] [0/0] Not enough SMs to use max_autotune_gemm mode
step     1  train 5.5542  eval 5.5302  pmax 18.9  (802s)
step  2500  train 1.5743  eval 1.5804  pmax 19.2  (1039s)
step  5000  train 1.4669  eval 1.6523  pmax 19.4  (1257s)
step  7500  train 1.4598  eval 1.4870  pmax 19.6  (1478s)
step 10000  train 1.4426  eval 1.4561  pmax 19.8  (1692s)
step 12500  train 1.4709  eval 1.4857  pmax 20.0  (1911s)
step 15000  train 1.5048  eval 1.4361  pmax 20.2  (2131s)
step 17500  train 1.4636  eval 1.4848  pmax 20.3  (2352s)
step 20000  train 1.3793  eval 1.4894  pmax 20.4  (2573s)
step 22500  train 1.4671  eval 1.3805  pmax 20.5  (2791s)
step 25000  train 1.4972  eval 1.4454  pmax 20.6  (3015s)
step 27500  train 1.3938  eval 1.4592  pmax 20.6  (3235s)
step 30000  train 1.3723  eval 1.4335  pmax 20.6  (3455s)
step 32500  train 1.3564  eval 1.3524  pmax 20.7  (3671s)
step 35000  train 1.3901  eval 1.3169  pmax 20.7  (3891s)
step 37500  train 1.3522  eval 1.4320  pmax 20.7  (4109s)
step 40000  train 1.4207  eval 1.4040  pmax 20.7  (4329s)
step 42500  train 1.2913  eval 1.3299  pmax 20.7  (4545s)
step 45000  train 1.3317  eval 1.3714  pmax 20.7  (4769s)
step 47500  train 1.4100  eval 1.3747  pmax 20.7  (4987s)
step 50000  train 1.3835  eval 1.3611  pmax 20.7  (5204s)
  [checkpoint + sample saved at step 50000]
step 52500  train 1.4570  eval 1.4119  pmax 20.7  (5431s)
step 55000  train 1.3444  eval 1.4881  pmax 20.7  (5649s)
step 57500  train 1.4836  eval 1.4194  pmax 20.7  (5867s)
step 60000  train 1.3596  eval 1.4232  pmax 20.8  (6083s)
step 62500  train 1.3304  eval 1.3200  pmax 20.8  (6299s)
step 65000  train 1.3811  eval 1.3613  pmax 20.8  (6515s)
step 67500  train 1.3613  eval 1.3774  pmax 20.8  (6734s)
step 70000  train 1.2816  eval 1.2560  pmax 20.8  (6953s)
step 72500  train 1.3010  eval 1.3279  pmax 20.8  (7172s)
step 75000  train 1.3138  eval 1.3171  pmax 20.9  (7387s)
step 77500  train 1.3186  eval 1.3326  pmax 20.9  (7605s)
step 80000  train 1.3975  eval 1.3577  pmax 20.9  (7824s)
step 82500  train 1.2999  eval 1.3289  pmax 20.9  (8039s)
step 85000  train 1.3112  eval 1.4001  pmax 20.9  (8258s)
step 87500  train 1.2988  eval 1.3741  pmax 20.9  (8475s)
step 90000  train 1.3955  eval 1.3448  pmax 21.0  (8693s)
step 92500  train 1.3050  eval 1.4113  pmax 21.0  (8913s)
step 95000  train 1.3568  eval 1.3628  pmax 21.0  (9132s)
step 97500  train 1.4438  eval 1.3273  pmax 21.0  (9350s)
step 100000  train 1.3916  eval 1.4718  pmax 21.0  (9569s)
  [checkpoint + sample saved at step 100000]
done. artifacts in /home/luke/Wavelet-State-KAN/checkpoints/wskan7_ultrachat_interp_s2024
