/home/luke/Wavelet-State-KAN/experiments/V1_train_tinystories_lm.py:107: UserWarning: The given buffer is not writable, and PyTorch does not support non-writable tensors. This means you can write to the underlying (supposedly non-writable) buffer using the tensor. You may want to copy the buffer to protect its data or make it writable before converting it to a tensor. This type of warning will be suppressed for the rest of this program. (Triggered internally at /__w/pytorch/pytorch/torch/csrc/utils/tensor_new.cpp:1556.)
  train_ids = torch.frombuffer(train_text.encode("utf-8", errors="ignore"), dtype=torch.uint8)
train bytes: 542,898,247  eval bytes: 130,357
model: wskan11real  params: 3,610  device: cuda
W0920 09:12:17.752000 690282 .venv/lib/python3.12/site-packages/torch/_inductor/utils.py:1806] [0/0] Not enough SMs to use max_autotune_gemm mode
step     1  train 5.5496  eval 5.5442  pmax 3.0  (12s)
step  1000  train 2.6208  eval 2.6123  pmax 3.1  (20s)
step  2000  train 2.5532  eval 2.5710  pmax 4.1  (29s)
step  3000  train 2.5366  eval 2.5378  pmax 4.7  (38s)
step  4000  train 2.5488  eval 2.5213  pmax 5.3  (47s)
step  5000  train 2.4732  eval 2.4984  pmax 6.1  (56s)
step  6000  train 2.5214  eval 2.5029  pmax 6.5  (64s)
step  7000  train 2.4923  eval 2.4520  pmax 6.9  (73s)
step  8000  train 2.4387  eval 2.4455  pmax 7.3  (82s)
step  9000  train 2.4833  eval 2.4501  pmax 7.5  (91s)
step 10000  train 2.4422  eval 2.4539  pmax 7.5  (99s)
step 11000  train 2.4350  eval 2.4290  pmax 7.4  (108s)
step 12000  train 2.3905  eval 2.4027  pmax 7.2  (116s)
step 13000  train 2.4373  eval 2.4196  pmax 7.3  (125s)
step 14000  train 2.4379  eval 2.4014  pmax 7.3  (133s)
step 15000  train 2.4163  eval 2.4251  pmax 7.4  (142s)
step 16000  train 2.4149  eval 2.4158  pmax 7.5  (151s)
step 17000  train 2.4083  eval 2.4701  pmax 7.5  (159s)
step 18000  train 2.3853  eval 2.4053  pmax 7.6  (168s)
step 19000  train 2.4068  eval 2.4232  pmax 7.6  (177s)
step 20000  train 2.4054  eval 2.4303  pmax 7.7  (186s)
step 21000  train 2.3881  eval 2.4196  pmax 7.7  (195s)
step 22000  train 2.4060  eval 2.4390  pmax 7.8  (204s)
step 23000  train 2.3933  eval 2.4002  pmax 7.8  (213s)
step 24000  train 2.4200  eval 2.4242  pmax 7.8  (222s)
step 25000  train 2.3962  eval 2.4182  pmax 7.8  (231s)
  [checkpoint + sample saved at step 25000]
step 26000  train 2.3633  eval 2.3957  pmax 7.8  (241s)
step 27000  train 2.3861  eval 2.3924  pmax 7.9  (250s)
step 28000  train 2.4053  eval 2.4175  pmax 7.9  (259s)
step 29000  train 2.3847  eval 2.4201  pmax 7.9  (267s)
step 30000  train 2.4399  eval 2.4328  pmax 7.9  (276s)
step 31000  train 2.3924  eval 2.4189  pmax 7.9  (284s)
step 32000  train 2.4085  eval 2.4450  pmax 7.9  (293s)
step 33000  train 2.3991  eval 2.3939  pmax 7.9  (302s)
  [checkpoint + sample saved at step 33000]
done. artifacts in /home/luke/Wavelet-State-KAN/checkpoints/wskan11real_wikitext_1k_3ep_s42
