/home/luke/Wavelet-State-KAN/experiments/V1_train_tinystories_lm.py:107: UserWarning: The given buffer is not writable, and PyTorch does not support non-writable tensors. This means you can write to the underlying (supposedly non-writable) buffer using the tensor. You may want to copy the buffer to protect its data or make it writable before converting it to a tensor. This type of warning will be suppressed for the rest of this program. (Triggered internally at /__w/pytorch/pytorch/torch/csrc/utils/tensor_new.cpp:1556.)
  train_ids = torch.frombuffer(train_text.encode("utf-8", errors="ignore"), dtype=torch.uint8)
train bytes: 1,905,061,325  eval bytes: 405,730
model: wskan11  params: 113,612  device: cuda
step     1  train 5.5583  eval 5.4569  pmax 18.9  (11s)
step  1000  train 1.0886  eval 1.0440  pmax 19.1  (25s)
step  2000  train 1.0664  eval 0.9890  pmax 19.3  (40s)
step  3000  train 1.0261  eval 0.9947  pmax 19.5  (54s)
step  4000  train 1.0042  eval 0.9392  pmax 19.6  (68s)
step  5000  train 1.0075  eval 0.9857  pmax 19.7  (81s)
step  6000  train 0.9867  eval 0.9319  pmax 19.8  (95s)
step  7000  train 0.9823  eval 0.9181  pmax 19.8  (109s)
step  8000  train 1.0027  eval 0.9296  pmax 19.8  (121s)
step  9000  train 0.9872  eval 0.9438  pmax 20.0  (135s)
step 10000  train 0.9550  eval 0.9294  pmax 20.0  (148s)
step 11000  train 0.9499  eval 0.9240  pmax 20.1  (160s)
step 12000  train 0.9466  eval 0.9109  pmax 20.2  (174s)
step 13000  train 0.9420  eval 0.9264  pmax 20.2  (187s)
step 14000  train 0.9661  eval 0.8831  pmax 20.3  (200s)
step 15000  train 0.9310  eval 0.8766  pmax 20.2  (213s)
step 16000  train 0.9360  eval 0.9056  pmax 20.2  (226s)
step 17000  train 0.9440  eval 0.9024  pmax 20.3  (239s)
step 18000  train 0.9319  eval 0.8739  pmax 20.4  (252s)
step 19000  train 0.9690  eval 0.9062  pmax 20.6  (265s)
step 20000  train 0.9503  eval 0.9047  pmax 20.6  (278s)
step 21000  train 0.9348  eval 0.8844  pmax 20.7  (291s)
step 22000  train 0.9711  eval 0.9008  pmax 20.9  (304s)
step 23000  train 0.9320  eval 0.9002  pmax 21.0  (318s)
step 24000  train 0.9376  eval 0.8903  pmax 21.1  (331s)
step 25000  train 0.9579  eval 0.9046  pmax 21.2  (344s)
  [checkpoint + sample saved at step 25000]
step 26000  train 0.9720  eval 0.8889  pmax 21.3  (359s)
step 27000  train 0.9085  eval 0.8914  pmax 21.4  (373s)
step 28000  train 0.9460  eval 0.9205  pmax 21.5  (386s)
step 29000  train 0.9233  eval 0.8922  pmax 21.6  (400s)
step 30000  train 0.9612  eval 0.9060  pmax 21.7  (413s)
step 31000  train 0.8885  eval 0.8780  pmax 21.8  (427s)
step 32000  train 0.9507  eval 0.8573  pmax 21.9  (440s)
step 33000  train 0.9594  eval 0.8886  pmax 22.0  (453s)
step 34000  train 0.9306  eval 0.8450  pmax 22.1  (466s)
step 35000  train 0.9165  eval 0.8677  pmax 22.1  (480s)
step 36000  train 0.9173  eval 0.8536  pmax 22.3  (494s)
step 37000  train 0.9555  eval 0.8932  pmax 22.4  (507s)
step 38000  train 0.9525  eval 0.8700  pmax 22.5  (521s)
step 39000  train 0.9344  eval 0.8713  pmax 22.6  (534s)
step 40000  train 0.9058  eval 0.8569  pmax 22.6  (547s)
step 41000  train 0.9153  eval 0.8600  pmax 22.7  (561s)
step 42000  train 0.9192  eval 0.9104  pmax 22.7  (574s)
step 43000  train 0.9203  eval 0.9062  pmax 22.9  (587s)
step 44000  train 0.9139  eval 0.8936  pmax 22.9  (600s)
step 45000  train 0.9147  eval 0.8585  pmax 22.9  (613s)
step 46000  train 0.9371  eval 0.8767  pmax 23.0  (626s)
step 47000  train 0.9152  eval 0.8950  pmax 23.1  (639s)
step 48000  train 0.8984  eval 0.8560  pmax 23.1  (652s)
step 49000  train 0.9176  eval 0.8721  pmax 23.2  (665s)
step 50000  train 0.9021  eval 0.8938  pmax 23.2  (679s)
  [checkpoint + sample saved at step 50000]
step 51000  train 0.9459  eval 0.8375  pmax 23.3  (694s)
step 52000  train 0.9040  eval 0.8659  pmax 23.4  (707s)
step 53000  train 0.8987  eval 0.8917  pmax 23.4  (720s)
step 54000  train 0.9061  eval 0.8820  pmax 23.5  (732s)
step 55000  train 0.9303  eval 0.8528  pmax 23.6  (746s)
step 56000  train 0.9225  eval 0.8437  pmax 23.6  (759s)
step 57000  train 0.9257  eval 0.8930  pmax 23.6  (772s)
step 58000  train 0.9179  eval 0.8616  pmax 23.7  (785s)
step 59000  train 0.9269  eval 0.8725  pmax 23.8  (799s)
step 60000  train 0.8835  eval 0.8425  pmax 24.0  (812s)
step 61000  train 0.9170  eval 0.8666  pmax 24.0  (826s)
step 62000  train 0.9292  eval 0.8423  pmax 24.1  (839s)
step 63000  train 0.8885  eval 0.9130  pmax 24.2  (853s)
step 64000  train 0.8817  eval 0.8430  pmax 24.3  (865s)
step 65000  train 0.8995  eval 0.8408  pmax 24.4  (879s)
step 66000  train 0.9168  eval 0.8798  pmax 24.4  (892s)
step 67000  train 0.8939  eval 0.8694  pmax 24.5  (905s)
step 68000  train 0.9304  eval 0.8761  pmax 24.6  (918s)
step 69000  train 0.8813  eval 0.8859  pmax 24.6  (932s)
step 70000  train 0.8939  eval 0.8292  pmax 24.6  (945s)
step 71000  train 0.8959  eval 0.8590  pmax 24.8  (958s)
step 72000  train 0.8859  eval 0.8544  pmax 24.8  (972s)
step 73000  train 0.9369  eval 0.8092  pmax 24.9  (985s)
step 74000  train 0.9468  eval 0.8483  pmax 25.0  (998s)
step 75000  train 0.8813  eval 0.8562  pmax 25.0  (1012s)
  [checkpoint + sample saved at step 75000]
step 76000  train 0.9163  eval 0.8487  pmax 25.0  (1027s)
step 77000  train 0.9166  eval 0.8449  pmax 25.1  (1040s)
step 78000  train 0.9157  eval 0.8771  pmax 25.2  (1054s)
step 79000  train 0.9405  eval 0.8686  pmax 25.3  (1067s)
step 80000  train 0.8908  eval 0.8246  pmax 25.4  (1081s)
step 81000  train 0.9169  eval 0.8609  pmax 25.5  (1094s)
step 82000  train 0.8954  eval 0.8837  pmax 25.5  (1107s)
step 83000  train 0.9101  eval 0.8750  pmax 25.6  (1121s)
step 84000  train 0.9100  eval 0.8486  pmax 25.6  (1134s)
step 85000  train 0.9058  eval 0.8494  pmax 25.6  (1148s)
step 86000  train 0.8904  eval 0.8578  pmax 25.7  (1162s)
step 87000  train 0.9150  eval 0.8835  pmax 25.7  (1175s)
step 88000  train 0.9177  eval 0.8517  pmax 25.8  (1189s)
step 89000  train 0.8925  eval 0.8460  pmax 25.9  (1202s)
step 90000  train 0.8967  eval 0.8484  pmax 25.9  (1216s)
step 91000  train 0.8958  eval 0.8346  pmax 26.0  (1230s)
step 92000  train 0.9065  eval 0.8488  pmax 26.1  (1243s)
step 93000  train 0.9161  eval 0.8164  pmax 26.2  (1256s)
step 94000  train 0.9214  eval 0.8586  pmax 26.2  (1270s)
step 95000  train 0.9257  eval 0.8855  pmax 26.2  (1283s)
step 96000  train 0.9122  eval 0.8252  pmax 26.3  (1297s)
step 97000  train 0.9279  eval 0.8282  pmax 26.3  (1310s)
step 98000  train 0.9016  eval 0.8360  pmax 26.3  (1324s)
step 99000  train 0.9283  eval 0.8557  pmax 26.4  (1338s)
step 100000  train 0.8945  eval 0.8277  pmax 26.4  (1352s)
  [checkpoint + sample saved at step 100000]
step 101000  train 0.9106  eval 0.8579  pmax 26.5  (1367s)
step 102000  train 0.8912  eval 0.8626  pmax 26.5  (1381s)
step 103000  train 0.9117  eval 0.8721  pmax 26.6  (1395s)
step 104000  train 0.9147  eval 0.8547  pmax 26.7  (1408s)
step 105000  train 0.9076  eval 0.8613  pmax 26.7  (1422s)
step 106000  train 0.9023  eval 0.8353  pmax 26.8  (1435s)
step 107000  train 0.9076  eval 0.8934  pmax 26.8  (1449s)
step 108000  train 0.9275  eval 0.8360  pmax 26.8  (1462s)
step 109000  train 0.9156  eval 0.8638  pmax 26.8  (1476s)
step 110000  train 0.8760  eval 0.8277  pmax 26.9  (1489s)
step 111000  train 0.9255  eval 0.8554  pmax 26.9  (1502s)
step 112000  train 0.9048  eval 0.8744  pmax 27.0  (1516s)
step 113000  train 0.8969  eval 0.8419  pmax 27.0  (1529s)
step 114000  train 0.8976  eval 0.8697  pmax 27.1  (1542s)
step 115000  train 0.9243  eval 0.8215  pmax 27.1  (1556s)
step 116000  train 0.9081  eval 0.8778  pmax 27.1  (1568s)
step 117000  train 0.8804  eval 0.8504  pmax 27.2  (1582s)
step 118000  train 0.9204  eval 0.8663  pmax 27.2  (1595s)
step 119000  train 0.9212  eval 0.8786  pmax 27.3  (1608s)
step 120000  train 0.8828  eval 0.8419  pmax 27.3  (1622s)
step 121000  train 0.8913  eval 0.8459  pmax 27.4  (1635s)
step 122000  train 0.9116  eval 0.8452  pmax 27.5  (1649s)
step 123000  train 0.8918  eval 0.8400  pmax 27.5  (1662s)
step 124000  train 0.9083  eval 0.8372  pmax 27.5  (1676s)
step 125000  train 0.8956  eval 0.8339  pmax 27.6  (1690s)
  [checkpoint + sample saved at step 125000]
step 126000  train 0.8935  eval 0.8514  pmax 27.6  (1705s)
step 127000  train 0.8861  eval 0.8839  pmax 27.7  (1718s)
step 128000  train 0.8887  eval 0.8261  pmax 27.7  (1732s)
step 129000  train 0.8913  eval 0.8402  pmax 27.7  (1745s)
step 130000  train 0.9075  eval 0.8279  pmax 27.7  (1759s)
step 131000  train 0.9101  eval 0.8385  pmax 27.7  (1772s)
step 132000  train 0.9190  eval 0.8349  pmax 27.7  (1785s)
step 133000  train 0.9054  eval 0.8405  pmax 27.8  (1798s)
step 134000  train 0.8832  eval 0.8556  pmax 27.8  (1811s)
step 135000  train 0.8715  eval 0.8302  pmax 27.8  (1824s)
step 136000  train 0.8795  eval 0.8974  pmax 27.9  (1838s)
step 137000  train 0.8715  eval 0.8544  pmax 27.9  (1851s)
step 138000  train 0.8926  eval 0.8603  pmax 27.9  (1864s)
step 139000  train 0.8884  eval 0.8874  pmax 28.0  (1878s)
step 140000  train 0.8990  eval 0.8124  pmax 28.0  (1892s)
step 141000  train 0.8677  eval 0.8258  pmax 28.0  (1906s)
step 142000  train 0.9228  eval 0.8441  pmax 28.1  (1920s)
step 143000  train 0.9162  eval 0.8750  pmax 28.1  (1933s)
step 144000  train 0.8956  eval 0.8336  pmax 28.2  (1946s)
step 145000  train 0.8864  eval 0.8168  pmax 28.2  (1959s)
step 146000  train 0.8855  eval 0.8349  pmax 28.2  (1973s)
step 147000  train 0.8813  eval 0.8479  pmax 28.3  (1987s)
step 148000  train 0.9133  eval 0.8718  pmax 28.3  (2000s)
step 149000  train 0.9058  eval 0.8591  pmax 28.3  (2014s)
step 150000  train 0.8664  eval 0.8331  pmax 28.3  (2027s)
  [checkpoint + sample saved at step 150000]
step 151000  train 0.9079  eval 0.8285  pmax 28.3  (2043s)
step 152000  train 0.8981  eval 0.8805  pmax 28.4  (2056s)
step 153000  train 0.9007  eval 0.8257  pmax 28.4  (2070s)
step 154000  train 0.8826  eval 0.8573  pmax 28.5  (2084s)
step 155000  train 0.9063  eval 0.8516  pmax 28.5  (2097s)
step 156000  train 0.8891  eval 0.8752  pmax 28.5  (2111s)
step 157000  train 0.8860  eval 0.8631  pmax 28.6  (2124s)
step 158000  train 0.8766  eval 0.8453  pmax 28.6  (2138s)
step 159000  train 0.9001  eval 0.8879  pmax 28.6  (2152s)
step 160000  train 0.8714  eval 0.8449  pmax 28.6  (2166s)
step 161000  train 0.8691  eval 0.8700  pmax 28.6  (2179s)
step 162000  train 0.9075  eval 0.8335  pmax 28.7  (2193s)
step 163000  train 0.9023  eval 0.8210  pmax 28.7  (2206s)
step 164000  train 0.8905  eval 0.8394  pmax 28.7  (2219s)
step 165000  train 0.8649  eval 0.8289  pmax 28.7  (2232s)
step 166000  train 0.8943  eval 0.8311  pmax 28.8  (2245s)
step 167000  train 0.8978  eval 0.8335  pmax 28.8  (2259s)
step 168000  train 0.8691  eval 0.8648  pmax 28.9  (2271s)
step 169000  train 0.9057  eval 0.8458  pmax 28.9  (2285s)
step 170000  train 0.8812  eval 0.8641  pmax 28.9  (2299s)
step 171000  train 0.9190  eval 0.8269  pmax 28.9  (2312s)
step 172000  train 0.8834  eval 0.8570  pmax 28.9  (2326s)
step 173000  train 0.8998  eval 0.8272  pmax 29.0  (2340s)
step 174000  train 0.8954  eval 0.8251  pmax 29.0  (2354s)
step 175000  train 0.8914  eval 0.8461  pmax 29.0  (2367s)
  [checkpoint + sample saved at step 175000]
step 176000  train 0.9098  eval 0.8177  pmax 29.0  (2383s)
step 177000  train 0.8662  eval 0.8169  pmax 29.0  (2397s)
step 178000  train 0.9095  eval 0.8492  pmax 29.1  (2412s)
step 179000  train 0.8621  eval 0.8175  pmax 29.1  (2425s)
step 180000  train 0.8845  eval 0.8718  pmax 29.1  (2438s)
step 181000  train 0.8903  eval 0.8642  pmax 29.1  (2451s)
step 182000  train 0.8669  eval 0.8266  pmax 29.2  (2465s)
step 183000  train 0.9107  eval 0.8305  pmax 29.2  (2478s)
step 184000  train 0.8908  eval 0.8274  pmax 29.2  (2491s)
step 185000  train 0.8786  eval 0.8307  pmax 29.2  (2504s)
step 186000  train 0.8730  eval 0.7991  pmax 29.3  (2518s)
step 187000  train 0.8668  eval 0.8367  pmax 29.3  (2530s)
step 188000  train 0.8849  eval 0.8406  pmax 29.3  (2543s)
step 189000  train 0.8746  eval 0.8482  pmax 29.3  (2555s)
step 190000  train 0.8715  eval 0.8261  pmax 29.3  (2568s)
step 191000  train 0.8824  eval 0.8451  pmax 29.3  (2580s)
step 192000  train 0.8860  eval 0.8399  pmax 29.4  (2593s)
step 193000  train 0.8353  eval 0.8234  pmax 29.4  (2607s)
step 194000  train 0.8853  eval 0.8239  pmax 29.4  (2620s)
step 195000  train 0.8637  eval 0.8375  pmax 29.5  (2634s)
step 196000  train 0.8790  eval 0.8333  pmax 29.5  (2647s)
step 197000  train 0.8678  eval 0.8181  pmax 29.5  (2661s)
step 198000  train 0.8741  eval 0.8437  pmax 29.5  (2674s)
step 199000  train 0.8922  eval 0.8345  pmax 29.5  (2688s)
step 200000  train 0.8701  eval 0.8382  pmax 29.5  (2701s)
  [checkpoint + sample saved at step 200000]
step 201000  train 0.8930  eval 0.8348  pmax 29.5  (2717s)
step 202000  train 0.9117  eval 0.8353  pmax 29.6  (2730s)
step 203000  train 0.8930  eval 0.8409  pmax 29.6  (2743s)
step 204000  train 0.8924  eval 0.8460  pmax 29.6  (2757s)
step 205000  train 0.8883  eval 0.8503  pmax 29.6  (2770s)
step 206000  train 0.8831  eval 0.8018  pmax 29.6  (2784s)
step 207000  train 0.8861  eval 0.8021  pmax 29.6  (2798s)
step 208000  train 0.8781  eval 0.8548  pmax 29.6  (2811s)
step 209000  train 0.8884  eval 0.8937  pmax 29.7  (2824s)
step 210000  train 0.8605  eval 0.8336  pmax 29.7  (2838s)
step 211000  train 0.9054  eval 0.7884  pmax 29.7  (2852s)
step 212000  train 0.8744  eval 0.8677  pmax 29.7  (2866s)
step 213000  train 0.8744  eval 0.8237  pmax 29.7  (2879s)
step 214000  train 0.9184  eval 0.8344  pmax 29.7  (2893s)
step 215000  train 0.8728  eval 0.8238  pmax 29.7  (2906s)
step 216000  train 0.8690  eval 0.8400  pmax 29.7  (2919s)
step 217000  train 0.8874  eval 0.8009  pmax 29.7  (2932s)
step 218000  train 0.8810  eval 0.8142  pmax 29.7  (2946s)
step 219000  train 0.9019  eval 0.8599  pmax 29.7  (2960s)
step 220000  train 0.8916  eval 0.8244  pmax 29.8  (2972s)
step 221000  train 0.8730  eval 0.8361  pmax 29.8  (2985s)
step 222000  train 0.8949  eval 0.8043  pmax 29.8  (2998s)
step 223000  train 0.8628  eval 0.8330  pmax 29.8  (3012s)
step 224000  train 0.8653  eval 0.7958  pmax 29.8  (3025s)
step 225000  train 0.8951  eval 0.8236  pmax 29.8  (3038s)
  [checkpoint + sample saved at step 225000]
step 226000  train 0.8798  eval 0.8552  pmax 29.8  (3053s)
step 227000  train 0.8794  eval 0.8350  pmax 29.8  (3066s)
step 228000  train 0.8648  eval 0.7958  pmax 29.8  (3079s)
step 229000  train 0.8747  eval 0.8081  pmax 29.8  (3092s)
step 230000  train 0.8870  eval 0.8227  pmax 29.8  (3105s)
step 231000  train 0.8387  eval 0.8074  pmax 29.9  (3118s)
step 232000  train 0.8944  eval 0.8311  pmax 29.9  (3131s)
step 233000  train 0.9200  eval 0.8170  pmax 29.9  (3144s)
step 234000  train 0.8909  eval 0.8687  pmax 29.9  (3157s)
step 235000  train 0.8941  eval 0.7959  pmax 29.9  (3170s)
step 236000  train 0.8910  eval 0.8460  pmax 29.9  (3183s)
step 237000  train 0.8692  eval 0.8395  pmax 29.9  (3196s)
step 238000  train 0.9006  eval 0.8669  pmax 29.9  (3210s)
step 239000  train 0.8430  eval 0.8404  pmax 29.9  (3223s)
step 240000  train 0.8640  eval 0.8164  pmax 29.9  (3236s)
step 241000  train 0.8770  eval 0.8098  pmax 29.9  (3250s)
step 242000  train 0.8872  eval 0.8326  pmax 29.9  (3263s)
step 243000  train 0.8604  eval 0.8577  pmax 29.9  (3277s)
step 244000  train 0.8888  eval 0.8288  pmax 29.9  (3290s)
step 245000  train 0.9032  eval 0.8507  pmax 29.9  (3302s)
step 246000  train 0.8854  eval 0.8358  pmax 29.9  (3316s)
step 247000  train 0.8753  eval 0.8487  pmax 30.0  (3329s)
step 248000  train 0.8899  eval 0.8303  pmax 30.0  (3342s)
step 249000  train 0.8687  eval 0.8042  pmax 30.0  (3356s)
step 250000  train 0.8657  eval 0.8379  pmax 30.0  (3369s)
  [checkpoint + sample saved at step 250000]
step 251000  train 0.8796  eval 0.8171  pmax 30.0  (3384s)
step 252000  train 0.8859  eval 0.8295  pmax 30.0  (3397s)
step 253000  train 0.8827  eval 0.8317  pmax 30.0  (3411s)
step 254000  train 0.8642  eval 0.8029  pmax 30.0  (3424s)
step 255000  train 0.8841  eval 0.7908  pmax 30.0  (3438s)
step 256000  train 0.8534  eval 0.8208  pmax 30.0  (3451s)
step 257000  train 0.8683  eval 0.8225  pmax 30.0  (3465s)
step 258000  train 0.8721  eval 0.8074  pmax 30.0  (3479s)
step 259000  train 0.8945  eval 0.8271  pmax 30.0  (3492s)
step 260000  train 0.8487  eval 0.8306  pmax 30.0  (3505s)
step 261000  train 0.8814  eval 0.8339  pmax 30.0  (3518s)
step 262000  train 0.8716  eval 0.8187  pmax 30.0  (3532s)
step 263000  train 0.8789  eval 0.8235  pmax 30.0  (3546s)
step 264000  train 0.8999  eval 0.8153  pmax 30.0  (3559s)
step 265000  train 0.8463  eval 0.8349  pmax 30.0  (3573s)
step 266000  train 0.8935  eval 0.8304  pmax 30.0  (3586s)
step 267000  train 0.8860  eval 0.8210  pmax 30.0  (3599s)
step 268000  train 0.8693  eval 0.8254  pmax 30.0  (3613s)
step 269000  train 0.8711  eval 0.8393  pmax 30.0  (3627s)
step 270000  train 0.8801  eval 0.8417  pmax 30.0  (3640s)
step 271000  train 0.9038  eval 0.8470  pmax 30.0  (3654s)
step 272000  train 0.8651  eval 0.8146  pmax 30.0  (3668s)
step 273000  train 0.9056  eval 0.8416  pmax 30.0  (3682s)
step 274000  train 0.8628  eval 0.8350  pmax 30.0  (3695s)
step 275000  train 0.8516  eval 0.8087  pmax 30.0  (3708s)
  [checkpoint + sample saved at step 275000]
step 276000  train 0.9053  eval 0.8403  pmax 30.0  (3723s)
step 277000  train 0.8963  eval 0.8252  pmax 30.0  (3736s)
step 278000  train 0.8369  eval 0.8205  pmax 30.0  (3749s)
step 279000  train 0.8871  eval 0.8272  pmax 30.0  (3763s)
step 280000  train 0.8832  eval 0.8456  pmax 30.0  (3776s)
step 281000  train 0.8812  eval 0.8386  pmax 30.0  (3789s)
step 282000  train 0.8657  eval 0.8583  pmax 30.0  (3802s)
step 283000  train 0.8804  eval 0.8302  pmax 30.0  (3816s)
step 284000  train 0.8874  eval 0.8380  pmax 30.0  (3829s)
step 285000  train 0.8488  eval 0.7970  pmax 30.0  (3842s)
step 286000  train 0.8742  eval 0.8220  pmax 30.0  (3855s)
step 287000  train 0.8918  eval 0.8281  pmax 30.0  (3868s)
step 288000  train 0.9029  eval 0.8443  pmax 30.0  (3882s)
step 289000  train 0.8728  eval 0.8291  pmax 30.0  (3895s)
step 290000  train 0.8756  eval 0.8487  pmax 30.0  (3909s)
step 291000  train 0.8739  eval 0.8363  pmax 30.0  (3922s)
step 292000  train 0.8836  eval 0.8211  pmax 30.0  (3936s)
step 293000  train 0.8658  eval 0.8500  pmax 30.0  (3950s)
step 294000  train 0.8466  eval 0.8190  pmax 30.0  (3964s)
step 295000  train 0.8955  eval 0.8347  pmax 30.0  (3977s)
step 296000  train 0.8711  eval 0.7976  pmax 30.0  (3991s)
step 297000  train 0.8784  eval 0.8370  pmax 30.0  (4004s)
step 298000  train 0.8566  eval 0.8509  pmax 30.0  (4017s)
step 299000  train 0.8920  eval 0.8342  pmax 30.0  (4031s)
step 300000  train 0.8852  eval 0.8323  pmax 30.0  (4044s)
  [checkpoint + sample saved at step 300000]
done. artifacts in /home/luke/Wavelet-State-KAN/checkpoints/wskan11_tinystories_100k_3ep_s31337
