/home/luke/Wavelet-State-KAN/experiments/V1_train_tinystories_lm.py:107: UserWarning: The given buffer is not writable, and PyTorch does not support non-writable tensors. This means you can write to the underlying (supposedly non-writable) buffer using the tensor. You may want to copy the buffer to protect its data or make it writable before converting it to a tensor. This type of warning will be suppressed for the rest of this program. (Triggered internally at /__w/pytorch/pytorch/torch/csrc/utils/tensor_new.cpp:1556.)
  train_ids = torch.frombuffer(train_text.encode("utf-8", errors="ignore"), dtype=torch.uint8)
train bytes: 542,898,247  eval bytes: 130,357
model: wskan11real  params: 3,610  device: cuda
step     1  train 5.5470  eval 5.5420  pmax 3.0  (7s)
step  1000  train 2.5766  eval 2.5798  pmax 2.4  (16s)
step  2000  train 2.5214  eval 2.5273  pmax 3.2  (24s)
step  3000  train 2.4812  eval 2.4992  pmax 4.1  (33s)
step  4000  train 2.4551  eval 2.4584  pmax 4.4  (42s)
step  5000  train 2.4345  eval 2.4574  pmax 5.0  (51s)
step  6000  train 2.4466  eval 2.4257  pmax 5.4  (59s)
step  7000  train 2.4337  eval 2.4365  pmax 5.7  (68s)
step  8000  train 2.4323  eval 2.4150  pmax 5.9  (76s)
step  9000  train 2.4343  eval 2.4283  pmax 6.0  (85s)
step 10000  train 2.4250  eval 2.4056  pmax 6.2  (94s)
step 11000  train 2.4081  eval 2.4060  pmax 6.3  (102s)
step 12000  train 2.4022  eval 2.3894  pmax 6.5  (111s)
step 13000  train 2.4167  eval 2.4327  pmax 6.6  (119s)
step 14000  train 2.4279  eval 2.4222  pmax 6.6  (128s)
step 15000  train 2.4281  eval 2.4232  pmax 6.7  (137s)
step 16000  train 2.3830  eval 2.4281  pmax 6.7  (145s)
step 17000  train 2.4008  eval 2.3984  pmax 6.8  (154s)
step 18000  train 2.4145  eval 2.4119  pmax 6.9  (162s)
step 19000  train 2.3812  eval 2.4204  pmax 7.0  (170s)
step 20000  train 2.4009  eval 2.3772  pmax 7.3  (179s)
step 21000  train 2.3781  eval 2.4012  pmax 7.5  (188s)
step 22000  train 2.3772  eval 2.3996  pmax 7.7  (196s)
step 23000  train 2.3916  eval 2.4197  pmax 7.9  (205s)
step 24000  train 2.4152  eval 2.4135  pmax 8.1  (213s)
step 25000  train 2.4148  eval 2.4097  pmax 8.3  (222s)
  [checkpoint + sample saved at step 25000]
step 26000  train 2.4081  eval 2.4173  pmax 8.4  (232s)
step 27000  train 2.3769  eval 2.4290  pmax 8.5  (240s)
step 28000  train 2.3818  eval 2.4000  pmax 8.5  (249s)
step 29000  train 2.4192  eval 2.3746  pmax 8.6  (258s)
step 30000  train 2.3964  eval 2.3901  pmax 8.6  (266s)
step 31000  train 2.3946  eval 2.3950  pmax 8.6  (275s)
step 32000  train 2.3997  eval 2.3705  pmax 8.6  (283s)
step 33000  train 2.3810  eval 2.3969  pmax 8.6  (292s)
  [checkpoint + sample saved at step 33000]
done. artifacts in /home/luke/Wavelet-State-KAN/checkpoints/wskan11real_wikitext_1k_3ep_s2024
