/home/luke/Wavelet-State-KAN/experiments/V1_train_tinystories_lm.py:107: UserWarning: The given buffer is not writable, and PyTorch does not support non-writable tensors. This means you can write to the underlying (supposedly non-writable) buffer using the tensor. You may want to copy the buffer to protect its data or make it writable before converting it to a tensor. This type of warning will be suppressed for the rest of this program. (Triggered internally at /__w/pytorch/pytorch/torch/csrc/utils/tensor_new.cpp:1556.)
  train_ids = torch.frombuffer(train_text.encode("utf-8", errors="ignore"), dtype=torch.uint8)
train bytes: 1,905,061,325  eval bytes: 405,730
model: wskan11real  params: 113,612  device: cuda
step     1  train 5.5585  eval 5.4561  pmax 3.0  (11s)
step  1000  train 1.1601  eval 1.1123  pmax 3.2  (25s)
step  2000  train 1.1297  eval 1.0484  pmax 3.3  (39s)
step  3000  train 1.0773  eval 1.0524  pmax 3.4  (53s)
step  4000  train 1.0493  eval 0.9736  pmax 3.5  (66s)
step  5000  train 1.0560  eval 1.0243  pmax 3.9  (80s)
step  6000  train 1.0169  eval 0.9769  pmax 4.5  (93s)
step  7000  train 1.0190  eval 0.9656  pmax 4.6  (106s)
step  8000  train 1.0404  eval 0.9633  pmax 4.8  (119s)
step  9000  train 1.0254  eval 0.9763  pmax 4.9  (132s)
step 10000  train 0.9862  eval 0.9724  pmax 5.0  (145s)
step 11000  train 0.9905  eval 0.9619  pmax 5.0  (158s)
step 12000  train 0.9862  eval 0.9537  pmax 5.1  (172s)
step 13000  train 0.9745  eval 0.9560  pmax 5.1  (186s)
step 14000  train 0.9948  eval 0.9124  pmax 5.2  (199s)
step 15000  train 0.9682  eval 0.9118  pmax 5.5  (212s)
step 16000  train 0.9675  eval 0.9508  pmax 5.7  (225s)
step 17000  train 0.9760  eval 0.9377  pmax 6.0  (238s)
step 18000  train 0.9642  eval 0.9129  pmax 6.3  (251s)
step 19000  train 0.9931  eval 0.9433  pmax 6.9  (265s)
step 20000  train 0.9812  eval 0.9325  pmax 7.6  (278s)
step 21000  train 0.9680  eval 0.9131  pmax 8.3  (292s)
step 22000  train 1.0045  eval 0.9289  pmax 9.0  (305s)
step 23000  train 0.9613  eval 0.9306  pmax 9.7  (319s)
step 24000  train 0.9711  eval 0.9212  pmax 10.5  (332s)
step 25000  train 0.9796  eval 0.9346  pmax 11.2  (344s)
  [checkpoint + sample saved at step 25000]
step 26000  train 1.0145  eval 0.9241  pmax 11.9  (360s)
step 27000  train 0.9373  eval 0.9272  pmax 12.7  (373s)
step 28000  train 0.9766  eval 0.9570  pmax 13.4  (386s)
step 29000  train 0.9571  eval 0.9222  pmax 14.1  (399s)
step 30000  train 0.9873  eval 0.9318  pmax 14.9  (411s)
step 31000  train 0.9238  eval 0.9077  pmax 15.5  (424s)
step 32000  train 0.9766  eval 0.8926  pmax 16.1  (437s)
step 33000  train 0.9907  eval 0.9226  pmax 16.8  (451s)
step 34000  train 0.9625  eval 0.8793  pmax 17.4  (464s)
step 35000  train 0.9479  eval 0.8973  pmax 18.1  (478s)
step 36000  train 0.9529  eval 0.8853  pmax 18.7  (491s)
step 37000  train 0.9969  eval 0.9250  pmax 19.2  (504s)
step 38000  train 0.9865  eval 0.9032  pmax 19.8  (517s)
step 39000  train 0.9681  eval 0.9014  pmax 20.1  (531s)
step 40000  train 0.9436  eval 0.8875  pmax 20.8  (543s)
step 41000  train 0.9450  eval 0.8929  pmax 21.3  (556s)
step 42000  train 0.9510  eval 0.9389  pmax 21.7  (569s)
step 43000  train 0.9468  eval 0.9276  pmax 22.3  (583s)
step 44000  train 0.9384  eval 0.9227  pmax 22.8  (596s)
step 45000  train 0.9467  eval 0.8911  pmax 23.2  (609s)
step 46000  train 0.9750  eval 0.9030  pmax 23.6  (622s)
step 47000  train 0.9412  eval 0.9290  pmax 24.0  (636s)
step 48000  train 0.9295  eval 0.8835  pmax 24.3  (649s)
step 49000  train 0.9451  eval 0.9048  pmax 24.7  (663s)
step 50000  train 0.9278  eval 0.9295  pmax 25.0  (676s)
  [checkpoint + sample saved at step 50000]
step 51000  train 0.9721  eval 0.8707  pmax 25.3  (691s)
step 52000  train 0.9345  eval 0.9002  pmax 25.6  (705s)
step 53000  train 0.9329  eval 0.9157  pmax 25.9  (718s)
step 54000  train 0.9433  eval 0.9124  pmax 26.2  (731s)
step 55000  train 0.9608  eval 0.8887  pmax 26.5  (744s)
step 56000  train 0.9544  eval 0.8743  pmax 26.8  (757s)
step 57000  train 0.9623  eval 0.9243  pmax 27.0  (770s)
step 58000  train 0.9566  eval 0.8874  pmax 27.2  (782s)
step 59000  train 0.9526  eval 0.9077  pmax 27.4  (793s)
step 60000  train 0.9175  eval 0.8753  pmax 27.7  (806s)
step 61000  train 0.9451  eval 0.8964  pmax 27.8  (819s)
step 62000  train 0.9684  eval 0.8738  pmax 28.0  (831s)
step 63000  train 0.9148  eval 0.9355  pmax 28.3  (845s)
step 64000  train 0.9155  eval 0.8702  pmax 28.5  (858s)
step 65000  train 0.9264  eval 0.8779  pmax 28.6  (871s)
step 66000  train 0.9453  eval 0.9262  pmax 28.7  (884s)
step 67000  train 0.9255  eval 0.9018  pmax 28.8  (897s)
step 68000  train 0.9588  eval 0.9120  pmax 28.9  (910s)
step 69000  train 0.9110  eval 0.9209  pmax 29.0  (923s)
step 70000  train 0.9172  eval 0.8675  pmax 29.1  (936s)
step 71000  train 0.9255  eval 0.8917  pmax 29.2  (949s)
step 72000  train 0.9111  eval 0.8875  pmax 29.5  (963s)
step 73000  train 0.9713  eval 0.8463  pmax 29.7  (976s)
step 74000  train 0.9695  eval 0.8704  pmax 29.8  (989s)
step 75000  train 0.9039  eval 0.8890  pmax 29.9  (1002s)
  [checkpoint + sample saved at step 75000]
step 76000  train 0.9448  eval 0.8858  pmax 30.1  (1017s)
step 77000  train 0.9553  eval 0.8772  pmax 30.3  (1030s)
step 78000  train 0.9492  eval 0.9116  pmax 30.5  (1043s)
step 79000  train 0.9726  eval 0.8974  pmax 30.6  (1057s)
step 80000  train 0.9202  eval 0.8570  pmax 30.8  (1070s)
step 81000  train 0.9426  eval 0.8857  pmax 30.9  (1082s)
step 82000  train 0.9270  eval 0.9174  pmax 31.0  (1095s)
step 83000  train 0.9410  eval 0.9081  pmax 31.2  (1108s)
step 84000  train 0.9377  eval 0.8815  pmax 31.2  (1121s)
step 85000  train 0.9436  eval 0.8834  pmax 31.2  (1134s)
step 86000  train 0.9286  eval 0.8936  pmax 31.3  (1148s)
step 87000  train 0.9485  eval 0.9123  pmax 31.5  (1161s)
step 88000  train 0.9461  eval 0.8746  pmax 31.5  (1175s)
step 89000  train 0.9222  eval 0.8784  pmax 31.5  (1188s)
step 90000  train 0.9270  eval 0.8749  pmax 31.6  (1201s)
step 91000  train 0.9279  eval 0.8711  pmax 31.5  (1214s)
step 92000  train 0.9324  eval 0.8820  pmax 31.6  (1227s)
step 93000  train 0.9452  eval 0.8417  pmax 31.6  (1240s)
step 94000  train 0.9581  eval 0.8884  pmax 31.6  (1253s)
step 95000  train 0.9538  eval 0.9121  pmax 31.6  (1266s)
step 96000  train 0.9420  eval 0.8614  pmax 31.6  (1280s)
step 97000  train 0.9545  eval 0.8539  pmax 31.6  (1293s)
step 98000  train 0.9290  eval 0.8736  pmax 31.7  (1307s)
step 99000  train 0.9574  eval 0.8870  pmax 31.7  (1320s)
step 100000  train 0.9262  eval 0.8610  pmax 31.8  (1333s)
  [checkpoint + sample saved at step 100000]
step 101000  train 0.9355  eval 0.8844  pmax 31.8  (1347s)
step 102000  train 0.9249  eval 0.9009  pmax 31.9  (1361s)
step 103000  train 0.9487  eval 0.9105  pmax 31.9  (1374s)
step 104000  train 0.9426  eval 0.8917  pmax 31.9  (1387s)
step 105000  train 0.9348  eval 0.8832  pmax 31.9  (1400s)
step 106000  train 0.9325  eval 0.8658  pmax 31.9  (1413s)
step 107000  train 0.9269  eval 0.9285  pmax 31.9  (1426s)
step 108000  train 0.9590  eval 0.8658  pmax 31.9  (1439s)
step 109000  train 0.9450  eval 0.8914  pmax 31.8  (1452s)
step 110000  train 0.9138  eval 0.8549  pmax 31.8  (1465s)
step 111000  train 0.9443  eval 0.8891  pmax 31.7  (1478s)
step 112000  train 0.9434  eval 0.9124  pmax 31.7  (1490s)
step 113000  train 0.9291  eval 0.8712  pmax 31.7  (1502s)
step 114000  train 0.9322  eval 0.8935  pmax 31.7  (1515s)
step 115000  train 0.9620  eval 0.8552  pmax 31.7  (1529s)
step 116000  train 0.9387  eval 0.9104  pmax 31.7  (1542s)
step 117000  train 0.9121  eval 0.8756  pmax 31.7  (1553s)
step 118000  train 0.9375  eval 0.9038  pmax 31.6  (1566s)
step 119000  train 0.9557  eval 0.9027  pmax 31.6  (1579s)
step 120000  train 0.9069  eval 0.8731  pmax 31.5  (1592s)
step 121000  train 0.9171  eval 0.8754  pmax 31.5  (1604s)
step 122000  train 0.9502  eval 0.8762  pmax 31.4  (1617s)
step 123000  train 0.9214  eval 0.8681  pmax 31.4  (1630s)
step 124000  train 0.9483  eval 0.8556  pmax 31.4  (1644s)
step 125000  train 0.9202  eval 0.8667  pmax 31.4  (1656s)
  [checkpoint + sample saved at step 125000]
step 126000  train 0.9201  eval 0.8755  pmax 31.3  (1671s)
step 127000  train 0.9173  eval 0.9184  pmax 31.3  (1684s)
step 128000  train 0.9182  eval 0.8476  pmax 31.3  (1697s)
step 129000  train 0.9228  eval 0.8666  pmax 31.2  (1711s)
step 130000  train 0.9381  eval 0.8649  pmax 31.2  (1724s)
step 131000  train 0.9375  eval 0.8695  pmax 31.1  (1737s)
step 132000  train 0.9541  eval 0.8693  pmax 31.1  (1751s)
step 133000  train 0.9332  eval 0.8670  pmax 31.0  (1764s)
step 134000  train 0.9111  eval 0.8901  pmax 31.0  (1776s)
step 135000  train 0.9016  eval 0.8704  pmax 30.9  (1790s)
step 136000  train 0.9160  eval 0.9265  pmax 30.8  (1803s)
step 137000  train 0.9058  eval 0.8851  pmax 30.7  (1816s)
step 138000  train 0.9232  eval 0.9024  pmax 30.7  (1829s)
step 139000  train 0.9189  eval 0.9188  pmax 30.7  (1842s)
step 140000  train 0.9288  eval 0.8468  pmax 30.6  (1856s)
step 141000  train 0.8870  eval 0.8586  pmax 30.5  (1869s)
step 142000  train 0.9543  eval 0.8711  pmax 30.4  (1883s)
step 143000  train 0.9444  eval 0.8989  pmax 30.4  (1896s)
step 144000  train 0.9253  eval 0.8651  pmax 30.3  (1910s)
step 145000  train 0.9128  eval 0.8527  pmax 30.2  (1922s)
step 146000  train 0.9155  eval 0.8628  pmax 30.1  (1935s)
step 147000  train 0.9064  eval 0.8797  pmax 30.1  (1949s)
step 148000  train 0.9341  eval 0.9029  pmax 30.0  (1961s)
step 149000  train 0.9340  eval 0.8858  pmax 29.9  (1974s)
step 150000  train 0.8954  eval 0.8743  pmax 29.8  (1987s)
  [checkpoint + sample saved at step 150000]
step 151000  train 0.9411  eval 0.8617  pmax 29.8  (2003s)
step 152000  train 0.9267  eval 0.9108  pmax 29.8  (2016s)
step 153000  train 0.9307  eval 0.8535  pmax 29.7  (2030s)
step 154000  train 0.9149  eval 0.8872  pmax 29.7  (2043s)
step 155000  train 0.9286  eval 0.8784  pmax 29.7  (2057s)
step 156000  train 0.9165  eval 0.9072  pmax 29.5  (2071s)
step 157000  train 0.9128  eval 0.8931  pmax 29.6  (2084s)
step 158000  train 0.9010  eval 0.8705  pmax 29.5  (2098s)
step 159000  train 0.9240  eval 0.9240  pmax 29.4  (2111s)
step 160000  train 0.8990  eval 0.8790  pmax 29.4  (2125s)
step 161000  train 0.8992  eval 0.9101  pmax 29.3  (2138s)
step 162000  train 0.9331  eval 0.8600  pmax 29.2  (2152s)
step 163000  train 0.9310  eval 0.8501  pmax 29.2  (2166s)
step 164000  train 0.9204  eval 0.8696  pmax 29.1  (2179s)
step 165000  train 0.8957  eval 0.8579  pmax 29.0  (2192s)
step 166000  train 0.9158  eval 0.8666  pmax 29.0  (2205s)
step 167000  train 0.9220  eval 0.8652  pmax 28.9  (2219s)
step 168000  train 0.8965  eval 0.8972  pmax 28.9  (2232s)
step 169000  train 0.9398  eval 0.8792  pmax 28.8  (2245s)
step 170000  train 0.9046  eval 0.9048  pmax 28.7  (2258s)
step 171000  train 0.9518  eval 0.8615  pmax 28.7  (2270s)
step 172000  train 0.9130  eval 0.8847  pmax 28.6  (2284s)
step 173000  train 0.9228  eval 0.8529  pmax 28.5  (2297s)
step 174000  train 0.9237  eval 0.8500  pmax 28.5  (2311s)
step 175000  train 0.9162  eval 0.8788  pmax 28.5  (2324s)
  [checkpoint + sample saved at step 175000]
step 176000  train 0.9410  eval 0.8573  pmax 28.4  (2339s)
step 177000  train 0.8917  eval 0.8501  pmax 28.2  (2352s)
step 178000  train 0.9406  eval 0.8799  pmax 28.2  (2365s)
step 179000  train 0.8875  eval 0.8460  pmax 28.1  (2378s)
step 180000  train 0.9191  eval 0.9056  pmax 28.1  (2391s)
step 181000  train 0.9252  eval 0.8924  pmax 28.1  (2404s)
step 182000  train 0.8984  eval 0.8607  pmax 28.1  (2417s)
step 183000  train 0.9447  eval 0.8637  pmax 28.1  (2430s)
step 184000  train 0.9139  eval 0.8465  pmax 27.9  (2443s)
step 185000  train 0.9059  eval 0.8587  pmax 27.9  (2455s)
step 186000  train 0.8923  eval 0.8298  pmax 27.8  (2469s)
step 187000  train 0.8945  eval 0.8719  pmax 27.8  (2482s)
step 188000  train 0.9100  eval 0.8746  pmax 27.7  (2495s)
step 189000  train 0.9037  eval 0.8829  pmax 27.7  (2508s)
step 190000  train 0.8996  eval 0.8637  pmax 27.7  (2522s)
step 191000  train 0.9071  eval 0.8734  pmax 27.6  (2535s)
step 192000  train 0.9161  eval 0.8643  pmax 27.6  (2548s)
step 193000  train 0.8694  eval 0.8532  pmax 27.6  (2561s)
step 194000  train 0.9137  eval 0.8499  pmax 27.5  (2575s)
step 195000  train 0.8956  eval 0.8644  pmax 27.4  (2589s)
step 196000  train 0.9077  eval 0.8598  pmax 27.4  (2602s)
step 197000  train 0.8988  eval 0.8488  pmax 27.3  (2615s)
step 198000  train 0.9037  eval 0.8712  pmax 27.3  (2628s)
step 199000  train 0.9188  eval 0.8630  pmax 27.3  (2642s)
step 200000  train 0.8978  eval 0.8619  pmax 27.2  (2656s)
  [checkpoint + sample saved at step 200000]
step 201000  train 0.9245  eval 0.8656  pmax 27.2  (2672s)
step 202000  train 0.9556  eval 0.8674  pmax 27.2  (2685s)
step 203000  train 0.9238  eval 0.8635  pmax 27.2  (2699s)
step 204000  train 0.9187  eval 0.8741  pmax 27.2  (2711s)
step 205000  train 0.9184  eval 0.8795  pmax 27.2  (2724s)
step 206000  train 0.9120  eval 0.8322  pmax 27.3  (2738s)
step 207000  train 0.9136  eval 0.8236  pmax 27.3  (2751s)
step 208000  train 0.9024  eval 0.8834  pmax 27.3  (2764s)
step 209000  train 0.9219  eval 0.9164  pmax 27.3  (2778s)
step 210000  train 0.8938  eval 0.8621  pmax 27.3  (2791s)
step 211000  train 0.9389  eval 0.8098  pmax 27.3  (2805s)
step 212000  train 0.9028  eval 0.8940  pmax 27.3  (2818s)
step 213000  train 0.9003  eval 0.8619  pmax 27.3  (2831s)
step 214000  train 0.9452  eval 0.8640  pmax 27.3  (2844s)
step 215000  train 0.8972  eval 0.8567  pmax 27.3  (2857s)
step 216000  train 0.8962  eval 0.8702  pmax 27.3  (2871s)
step 217000  train 0.9123  eval 0.8319  pmax 27.3  (2884s)
step 218000  train 0.9007  eval 0.8463  pmax 27.4  (2897s)
step 219000  train 0.9246  eval 0.8869  pmax 27.4  (2910s)
step 220000  train 0.9159  eval 0.8496  pmax 27.4  (2924s)
step 221000  train 0.9055  eval 0.8728  pmax 27.4  (2938s)
step 222000  train 0.9225  eval 0.8353  pmax 27.4  (2951s)
step 223000  train 0.8918  eval 0.8597  pmax 27.4  (2965s)
step 224000  train 0.8930  eval 0.8204  pmax 27.4  (2978s)
step 225000  train 0.9215  eval 0.8509  pmax 27.4  (2992s)
  [checkpoint + sample saved at step 225000]
step 226000  train 0.9063  eval 0.8802  pmax 27.4  (3007s)
step 227000  train 0.9028  eval 0.8725  pmax 27.4  (3020s)
step 228000  train 0.8924  eval 0.8240  pmax 27.4  (3033s)
step 229000  train 0.9120  eval 0.8395  pmax 27.4  (3047s)
step 230000  train 0.9097  eval 0.8482  pmax 27.4  (3060s)
step 231000  train 0.8706  eval 0.8411  pmax 27.4  (3073s)
step 232000  train 0.9186  eval 0.8561  pmax 27.4  (3087s)
step 233000  train 0.9539  eval 0.8473  pmax 27.4  (3100s)
step 234000  train 0.9230  eval 0.8959  pmax 27.4  (3113s)
step 235000  train 0.9255  eval 0.8258  pmax 27.4  (3126s)
step 236000  train 0.9158  eval 0.8714  pmax 27.4  (3139s)
step 237000  train 0.8928  eval 0.8703  pmax 27.4  (3152s)
step 238000  train 0.9375  eval 0.8970  pmax 27.4  (3166s)
step 239000  train 0.8828  eval 0.8652  pmax 27.4  (3180s)
step 240000  train 0.8902  eval 0.8442  pmax 27.4  (3193s)
step 241000  train 0.8985  eval 0.8377  pmax 27.4  (3207s)
step 242000  train 0.9125  eval 0.8604  pmax 27.4  (3220s)
step 243000  train 0.8886  eval 0.8846  pmax 27.4  (3233s)
step 244000  train 0.9186  eval 0.8515  pmax 27.4  (3245s)
step 245000  train 0.9282  eval 0.8740  pmax 27.4  (3259s)
step 246000  train 0.9186  eval 0.8616  pmax 27.4  (3272s)
step 247000  train 0.8995  eval 0.8768  pmax 27.4  (3285s)
step 248000  train 0.9088  eval 0.8608  pmax 27.4  (3298s)
step 249000  train 0.8954  eval 0.8291  pmax 27.4  (3311s)
step 250000  train 0.8946  eval 0.8608  pmax 27.4  (3324s)
  [checkpoint + sample saved at step 250000]
step 251000  train 0.9119  eval 0.8525  pmax 27.4  (3340s)
step 252000  train 0.9113  eval 0.8550  pmax 27.4  (3353s)
step 253000  train 0.9090  eval 0.8636  pmax 27.4  (3366s)
step 254000  train 0.8902  eval 0.8313  pmax 27.4  (3380s)
step 255000  train 0.9125  eval 0.8202  pmax 27.4  (3393s)
step 256000  train 0.8823  eval 0.8498  pmax 27.4  (3407s)
step 257000  train 0.8966  eval 0.8407  pmax 27.4  (3420s)
step 258000  train 0.9021  eval 0.8329  pmax 27.4  (3433s)
step 259000  train 0.9206  eval 0.8539  pmax 27.4  (3446s)
step 260000  train 0.8728  eval 0.8491  pmax 27.4  (3459s)
step 261000  train 0.9091  eval 0.8670  pmax 27.4  (3472s)
step 262000  train 0.9000  eval 0.8419  pmax 27.4  (3486s)
step 263000  train 0.9049  eval 0.8543  pmax 27.4  (3499s)
step 264000  train 0.9214  eval 0.8402  pmax 27.4  (3512s)
step 265000  train 0.8789  eval 0.8620  pmax 27.4  (3526s)
step 266000  train 0.9251  eval 0.8597  pmax 27.4  (3539s)
step 267000  train 0.9085  eval 0.8470  pmax 27.4  (3552s)
step 268000  train 0.9004  eval 0.8592  pmax 27.4  (3566s)
step 269000  train 0.8950  eval 0.8680  pmax 27.4  (3579s)
step 270000  train 0.9066  eval 0.8702  pmax 27.4  (3592s)
step 271000  train 0.9217  eval 0.8771  pmax 27.4  (3605s)
step 272000  train 0.8882  eval 0.8483  pmax 27.4  (3618s)
step 273000  train 0.9328  eval 0.8723  pmax 27.4  (3631s)
step 274000  train 0.8893  eval 0.8571  pmax 27.4  (3644s)
step 275000  train 0.8770  eval 0.8375  pmax 27.4  (3657s)
  [checkpoint + sample saved at step 275000]
step 276000  train 0.9292  eval 0.8671  pmax 27.4  (3672s)
step 277000  train 0.9266  eval 0.8512  pmax 27.4  (3686s)
step 278000  train 0.8645  eval 0.8502  pmax 27.4  (3699s)
step 279000  train 0.9123  eval 0.8512  pmax 27.4  (3712s)
step 280000  train 0.9083  eval 0.8661  pmax 27.4  (3726s)
step 281000  train 0.9043  eval 0.8608  pmax 27.4  (3740s)
step 282000  train 0.9013  eval 0.8921  pmax 27.4  (3753s)
step 283000  train 0.9126  eval 0.8563  pmax 27.4  (3766s)
step 284000  train 0.9118  eval 0.8663  pmax 27.4  (3780s)
step 285000  train 0.8770  eval 0.8261  pmax 27.4  (3793s)
step 286000  train 0.9002  eval 0.8462  pmax 27.4  (3806s)
step 287000  train 0.9249  eval 0.8581  pmax 27.4  (3820s)
step 288000  train 0.9291  eval 0.8750  pmax 27.4  (3833s)
step 289000  train 0.8997  eval 0.8474  pmax 27.4  (3847s)
step 290000  train 0.9040  eval 0.8805  pmax 27.4  (3861s)
step 291000  train 0.9013  eval 0.8587  pmax 27.4  (3874s)
step 292000  train 0.9061  eval 0.8491  pmax 27.4  (3887s)
step 293000  train 0.8941  eval 0.8828  pmax 27.4  (3900s)
step 294000  train 0.8715  eval 0.8490  pmax 27.4  (3914s)
step 295000  train 0.9292  eval 0.8740  pmax 27.4  (3927s)
step 296000  train 0.8995  eval 0.8282  pmax 27.4  (3941s)
step 297000  train 0.9040  eval 0.8623  pmax 27.4  (3954s)
step 298000  train 0.8762  eval 0.8777  pmax 27.4  (3967s)
step 299000  train 0.9243  eval 0.8588  pmax 27.4  (3981s)
step 300000  train 0.9145  eval 0.8613  pmax 27.4  (3994s)
  [checkpoint + sample saved at step 300000]
done. artifacts in /home/luke/Wavelet-State-KAN/checkpoints/wskan11real_tinystories_100k_3ep_s31337
