train bytes: 180,263,596  eval bytes: 2,859,070
model: wskan3  params: 101,856  device: cuda
W0911 22:37:59.537000 3383564 .venv/lib/python3.12/site-packages/torch/_inductor/utils.py:1806] [0/0] Not enough SMs to use max_autotune_gemm mode
step     1  train 5.5538  eval 5.5476  pmax 18.9  (1050s)
step  2500  train 1.5858  eval 1.5502  pmax 18.9  (1293s)
step  5000  train 1.3894  eval 1.4567  pmax 19.0  (1537s)
step  7500  train 1.4559  eval 1.4321  pmax 19.4  (1778s)
step 10000  train 1.3190  eval 1.2704  pmax 19.7  (2019s)
step 12500  train 1.3450  eval 1.3332  pmax 19.8  (2259s)
step 15000  train 1.3055  eval 1.3251  pmax 19.8  (2500s)
step 17500  train 1.2905  eval 1.4678  pmax 19.6  (2743s)
step 20000  train 1.3215  eval 1.3838  pmax 19.6  (2986s)
step 22500  train 1.3157  eval 1.3346  pmax 19.4  (3227s)
step 25000  train 1.3584  eval 1.4064  pmax 19.3  (3469s)
step 27500  train 1.3097  eval 1.3218  pmax 19.3  (3711s)
step 30000  train 1.2150  eval 1.3232  pmax 19.2  (3951s)
step 32500  train 1.3385  eval 1.2991  pmax 19.2  (4191s)
step 35000  train 1.2351  eval 1.3114  pmax 19.2  (4431s)
step 37500  train 1.3767  eval 1.3140  pmax 19.2  (4671s)
step 40000  train 1.4153  eval 1.2855  pmax 19.2  (4911s)
step 42500  train 1.3437  eval 1.3157  pmax 19.3  (5152s)
step 45000  train 1.3051  eval 1.2658  pmax 19.3  (5392s)
step 47500  train 1.2682  eval 1.3123  pmax 19.3  (5635s)
step 50000  train 1.2386  eval 1.2598  pmax 19.3  (5874s)
  [checkpoint + sample saved at step 50000]
step 52500  train 1.2693  eval 1.4004  pmax 19.4  (6118s)
step 55000  train 1.3625  eval 1.2464  pmax 19.4  (6352s)
step 57500  train 1.3570  eval 1.2271  pmax 19.4  (6590s)
step 60000  train 1.3188  eval 1.3148  pmax 19.4  (6827s)
step 62500  train 1.2763  eval 1.3531  pmax 19.5  (7064s)
step 65000  train 1.2804  eval 1.3979  pmax 19.5  (7301s)
step 67500  train 1.2074  eval 1.3089  pmax 19.5  (7539s)
step 70000  train 1.2521  eval 1.3245  pmax 19.5  (7776s)
step 72500  train 1.2306  eval 1.2684  pmax 19.5  (8017s)
step 75000  train 1.2135  eval 1.2846  pmax 19.5  (8254s)
step 77500  train 1.3180  eval 1.2955  pmax 19.6  (8491s)
step 80000  train 1.2768  eval 1.2201  pmax 19.6  (8729s)
step 82500  train 1.1733  eval 1.1906  pmax 19.6  (8967s)
step 85000  train 1.2909  eval 1.2222  pmax 19.6  (9204s)
step 87500  train 1.2891  eval 1.2284  pmax 19.6  (9441s)
step 90000  train 1.3430  eval 1.2624  pmax 19.6  (9680s)
step 92500  train 1.2689  eval 1.2105  pmax 19.6  (9916s)
step 95000  train 1.3266  eval 1.2827  pmax 19.6  (10155s)
step 97500  train 1.2245  eval 1.2687  pmax 19.6  (10390s)
step 100000  train 1.2765  eval 1.2779  pmax 19.6  (10628s)
  [checkpoint + sample saved at step 100000]
done. artifacts in /home/luke/Wavelet-State-KAN/checkpoints/wskan3_ultrachat_interp_s42
