/home/luke/Wavelet-State-KAN/experiments/V1_train_tinystories_lm.py:107: UserWarning: The given buffer is not writable, and PyTorch does not support non-writable tensors. This means you can write to the underlying (supposedly non-writable) buffer using the tensor. You may want to copy the buffer to protect its data or make it writable before converting it to a tensor. This type of warning will be suppressed for the rest of this program. (Triggered internally at /__w/pytorch/pytorch/torch/csrc/utils/tensor_new.cpp:1556.)
  train_ids = torch.frombuffer(train_text.encode("utf-8", errors="ignore"), dtype=torch.uint8)
train bytes: 1,195,926,439  eval bytes: 2,859,070
model: wskan11  params: 985,956  device: cuda
step     1  train 5.5732  eval 5.4874  pmax 18.9  (20s)
step  1000  train 1.3535  eval 1.3320  pmax 19.0  (97s)
step  2000  train 1.2050  eval 1.2259  pmax 19.0  (173s)
step  3000  train 1.1968  eval 1.1824  pmax 19.0  (250s)
step  4000  train 1.1725  eval 1.1575  pmax 19.1  (327s)
step  5000  train 1.1844  eval 1.1416  pmax 19.1  (403s)
step  6000  train 1.1161  eval 1.1093  pmax 19.2  (480s)
step  7000  train 1.1149  eval 1.0806  pmax 19.3  (556s)
step  8000  train 1.0959  eval 1.0728  pmax 19.4  (633s)
step  9000  train 1.0574  eval 1.1157  pmax 19.6  (710s)
step 10000  train 1.0483  eval 1.0361  pmax 19.7  (786s)
  [checkpoint + sample saved at step 10000]
step 11000  train 1.0913  eval 1.0601  pmax 19.8  (868s)
step 12000  train 1.0205  eval 1.0087  pmax 20.0  (945s)
step 13000  train 1.0162  eval 1.0518  pmax 20.1  (1021s)
step 14000  train 1.0347  eval 1.0451  pmax 20.2  (1098s)
step 15000  train 1.0346  eval 1.0697  pmax 20.3  (1175s)
step 16000  train 1.0309  eval 1.0417  pmax 20.4  (1251s)
step 17000  train 1.0461  eval 1.0640  pmax 20.4  (1328s)
step 18000  train 1.0451  eval 1.0160  pmax 20.5  (1404s)
step 19000  train 1.0847  eval 1.0231  pmax 20.6  (1481s)
step 20000  train 1.0353  eval 1.0432  pmax 20.7  (1558s)
  [checkpoint + sample saved at step 20000]
step 21000  train 1.0128  eval 1.0004  pmax 20.8  (1639s)
step 22000  train 1.0354  eval 1.0035  pmax 20.9  (1715s)
step 23000  train 1.0063  eval 1.0033  pmax 20.9  (1792s)
step 24000  train 1.0022  eval 1.0051  pmax 21.0  (1869s)
step 25000  train 1.0447  eval 0.9954  pmax 21.0  (1945s)
step 26000  train 0.9906  eval 1.0007  pmax 21.1  (2022s)
step 27000  train 1.0088  eval 1.0166  pmax 21.1  (2099s)
step 28000  train 0.9610  eval 0.9815  pmax 21.2  (2176s)
step 29000  train 1.0221  eval 1.0107  pmax 21.2  (2252s)
step 30000  train 0.9874  eval 1.0083  pmax 21.2  (2329s)
  [checkpoint + sample saved at step 30000]
step 31000  train 0.9705  eval 0.9845  pmax 21.3  (2410s)
step 32000  train 1.0027  eval 0.9527  pmax 21.3  (2487s)
step 33000  train 1.0121  eval 0.9887  pmax 21.3  (2564s)
step 34000  train 1.0085  eval 0.9999  pmax 21.4  (2640s)
step 35000  train 0.9522  eval 1.0236  pmax 21.4  (2717s)
step 36000  train 1.0165  eval 1.0304  pmax 21.4  (2794s)
step 37000  train 0.9570  eval 0.9891  pmax 21.4  (2871s)
step 38000  train 0.9689  eval 0.9933  pmax 21.4  (2948s)
step 39000  train 1.0045  eval 0.9674  pmax 21.5  (3025s)
step 40000  train 1.0255  eval 0.9716  pmax 21.5  (3101s)
  [checkpoint + sample saved at step 40000]
step 41000  train 0.9836  eval 1.0036  pmax 21.5  (3183s)
step 42000  train 0.9759  eval 0.9891  pmax 21.5  (3260s)
step 43000  train 1.0214  eval 0.9952  pmax 21.5  (3336s)
step 44000  train 0.9697  eval 0.9758  pmax 21.5  (3413s)
step 45000  train 1.0229  eval 0.9750  pmax 21.5  (3490s)
step 46000  train 0.9540  eval 0.9469  pmax 21.5  (3567s)
step 47000  train 0.9600  eval 0.9775  pmax 21.5  (3643s)
step 48000  train 0.9487  eval 0.9610  pmax 21.5  (3720s)
step 49000  train 0.9567  eval 1.0092  pmax 21.5  (3797s)
step 50000  train 1.0129  eval 0.9423  pmax 21.5  (3874s)
  [checkpoint + sample saved at step 50000]
step 51000  train 0.9451  eval 0.9995  pmax 21.5  (3956s)
step 52000  train 0.9570  eval 0.9792  pmax 21.5  (4033s)
step 53000  train 0.9948  eval 1.0289  pmax 21.5  (4109s)
step 54000  train 0.9218  eval 0.9590  pmax 21.5  (4186s)
  [checkpoint + sample saved at step 54000]
done. artifacts in /home/luke/Wavelet-State-KAN/checkpoints/wskan11_ultrachat_1m_3ep_s2024
