/home/luke/Wavelet-State-KAN/experiments/V1_train_tinystories_lm.py:107: UserWarning: The given buffer is not writable, and PyTorch does not support non-writable tensors. This means you can write to the underlying (supposedly non-writable) buffer using the tensor. You may want to copy the buffer to protect its data or make it writable before converting it to a tensor. This type of warning will be suppressed for the rest of this program. (Triggered internally at /__w/pytorch/pytorch/torch/csrc/utils/tensor_new.cpp:1556.)
  train_ids = torch.frombuffer(train_text.encode("utf-8", errors="ignore"), dtype=torch.uint8)
train bytes: 1,905,061,325  eval bytes: 405,730
model: wskan11real  params: 12,546  device: cuda
step     1  train 5.5469  eval 5.5230  pmax 3.0  (8s)
step  1000  train 1.7970  eval 1.7844  pmax 2.8  (17s)
step  2000  train 1.7252  eval 1.6789  pmax 4.5  (26s)
step  3000  train 1.6993  eval 1.6605  pmax 5.5  (36s)
step  4000  train 1.6709  eval 1.6423  pmax 6.4  (45s)
step  5000  train 1.6687  eval 1.6184  pmax 7.0  (55s)
step  6000  train 1.6382  eval 1.6265  pmax 7.0  (64s)
step  7000  train 1.6398  eval 1.5777  pmax 7.5  (73s)
step  8000  train 1.6243  eval 1.6068  pmax 8.4  (83s)
step  9000  train 1.6476  eval 1.6269  pmax 9.5  (92s)
step 10000  train 1.6109  eval 1.5979  pmax 10.5  (101s)
step 11000  train 1.6163  eval 1.6157  pmax 12.1  (111s)
step 12000  train 1.6100  eval 1.5816  pmax 13.8  (119s)
step 13000  train 1.6110  eval 1.5357  pmax 15.9  (128s)
step 14000  train 1.6290  eval 1.5916  pmax 17.2  (137s)
step 15000  train 1.5699  eval 1.5397  pmax 17.9  (145s)
step 16000  train 1.5941  eval 1.5676  pmax 18.2  (154s)
step 17000  train 1.6334  eval 1.5650  pmax 18.4  (163s)
step 18000  train 1.5719  eval 1.5558  pmax 18.4  (172s)
step 19000  train 1.5825  eval 1.5661  pmax 18.4  (181s)
step 20000  train 1.5964  eval 1.5735  pmax 18.3  (190s)
step 21000  train 1.5964  eval 1.5232  pmax 18.7  (199s)
step 22000  train 1.5723  eval 1.5320  pmax 19.4  (208s)
step 23000  train 1.5857  eval 1.5337  pmax 19.8  (217s)
step 24000  train 1.5951  eval 1.5369  pmax 20.2  (227s)
step 25000  train 1.5796  eval 1.5405  pmax 20.6  (236s)
  [checkpoint + sample saved at step 25000]
step 26000  train 1.5898  eval 1.5710  pmax 20.8  (246s)
step 27000  train 1.5346  eval 1.5087  pmax 21.0  (255s)
step 28000  train 1.5546  eval 1.5444  pmax 21.2  (264s)
step 29000  train 1.5938  eval 1.5414  pmax 21.4  (273s)
step 30000  train 1.5453  eval 1.5553  pmax 21.5  (282s)
step 31000  train 1.6032  eval 1.5534  pmax 21.7  (291s)
step 32000  train 1.5833  eval 1.5305  pmax 21.9  (300s)
step 33000  train 1.5572  eval 1.5519  pmax 22.0  (309s)
step 34000  train 1.5644  eval 1.5198  pmax 22.1  (318s)
step 35000  train 1.5642  eval 1.5457  pmax 22.3  (327s)
step 36000  train 1.5925  eval 1.5263  pmax 22.4  (336s)
step 37000  train 1.6042  eval 1.5213  pmax 22.5  (345s)
step 38000  train 1.5416  eval 1.5637  pmax 22.6  (354s)
step 39000  train 1.5650  eval 1.4873  pmax 22.7  (363s)
step 40000  train 1.5695  eval 1.5870  pmax 22.8  (372s)
step 41000  train 1.5480  eval 1.5243  pmax 22.8  (381s)
step 42000  train 1.5239  eval 1.5503  pmax 22.9  (390s)
step 43000  train 1.5713  eval 1.5335  pmax 23.0  (400s)
step 44000  train 1.5812  eval 1.5005  pmax 23.0  (409s)
step 45000  train 1.5785  eval 1.4862  pmax 23.1  (418s)
step 46000  train 1.5559  eval 1.5242  pmax 23.2  (427s)
step 47000  train 1.5748  eval 1.5117  pmax 23.2  (436s)
step 48000  train 1.5779  eval 1.5328  pmax 23.2  (445s)
step 49000  train 1.5832  eval 1.5011  pmax 23.3  (453s)
step 50000  train 1.5519  eval 1.5506  pmax 23.3  (462s)
  [checkpoint + sample saved at step 50000]
step 51000  train 1.5457  eval 1.5483  pmax 23.3  (472s)
step 52000  train 1.5454  eval 1.4869  pmax 23.3  (480s)
step 53000  train 1.5647  eval 1.5358  pmax 23.3  (489s)
step 54000  train 1.5382  eval 1.5594  pmax 23.3  (498s)
step 55000  train 1.5904  eval 1.5383  pmax 23.3  (508s)
step 56000  train 1.5428  eval 1.5237  pmax 23.4  (517s)
step 57000  train 1.5675  eval 1.5225  pmax 23.4  (525s)
step 58000  train 1.5687  eval 1.5350  pmax 23.4  (534s)
step 59000  train 1.6023  eval 1.5430  pmax 23.4  (543s)
step 60000  train 1.5433  eval 1.5259  pmax 23.4  (552s)
  [checkpoint + sample saved at step 60000]
done. artifacts in /home/luke/Wavelet-State-KAN/checkpoints/wskan11real_tinystories_10k_3ep_s123
