/home/luke/Wavelet-State-KAN/experiments/V1_train_tinystories_lm.py:107: UserWarning: The given buffer is not writable, and PyTorch does not support non-writable tensors. This means you can write to the underlying (supposedly non-writable) buffer using the tensor. You may want to copy the buffer to protect its data or make it writable before converting it to a tensor. This type of warning will be suppressed for the rest of this program. (Triggered internally at /__w/pytorch/pytorch/torch/csrc/utils/tensor_new.cpp:1556.)
  train_ids = torch.frombuffer(train_text.encode("utf-8", errors="ignore"), dtype=torch.uint8)
train bytes: 1,195,926,439  eval bytes: 2,859,070
model: wskan11real  params: 985,956  device: cuda
W0919 08:01:37.321000 2549150 .venv/lib/python3.12/site-packages/torch/_inductor/utils.py:1806] [0/0] Not enough SMs to use max_autotune_gemm mode
step     1  train 5.5665  eval 5.4765  pmax 3.0  (43s)
step  1000  train 1.3371  eval 1.3650  pmax 3.3  (177s)
step  2000  train 1.2303  eval 1.2514  pmax 3.4  (311s)
step  3000  train 1.2244  eval 1.2147  pmax 3.5  (445s)
step  4000  train 1.1935  eval 1.2431  pmax 3.5  (579s)
step  5000  train 1.1372  eval 1.1203  pmax 3.5  (713s)
step  6000  train 1.1498  eval 1.1784  pmax 3.6  (847s)
step  7000  train 1.1105  eval 1.1038  pmax 3.6  (982s)
step  8000  train 1.1255  eval 1.1124  pmax 3.7  (1116s)
step  9000  train 1.1022  eval 1.1435  pmax 3.7  (1250s)
step 10000  train 1.1405  eval 1.1875  pmax 3.7  (1384s)
  [checkpoint + sample saved at step 10000]
step 11000  train 1.0905  eval 1.1488  pmax 3.8  (1524s)
step 12000  train 1.0155  eval 1.1296  pmax 3.8  (1658s)
step 13000  train 1.0536  eval 1.0772  pmax 3.8  (1792s)
step 14000  train 1.0601  eval 1.1008  pmax 3.8  (1926s)
step 15000  train 1.0646  eval 1.0986  pmax 3.8  (2060s)
step 16000  train 1.0630  eval 1.0182  pmax 3.9  (2194s)
step 17000  train 1.0177  eval 1.0687  pmax 3.9  (2328s)
step 18000  train 1.0694  eval 1.0594  pmax 3.9  (2463s)
step 19000  train 1.0570  eval 1.0602  pmax 3.9  (2597s)
step 20000  train 1.0969  eval 1.0676  pmax 4.0  (2731s)
  [checkpoint + sample saved at step 20000]
step 21000  train 1.0759  eval 1.0616  pmax 4.0  (2870s)
step 22000  train 1.0490  eval 1.0560  pmax 4.0  (3004s)
step 23000  train 1.0305  eval 1.0617  pmax 4.0  (3138s)
step 24000  train 1.0514  eval 1.0438  pmax 4.0  (3272s)
step 25000  train 1.0107  eval 1.0504  pmax 4.1  (3406s)
step 26000  train 1.0561  eval 1.0766  pmax 4.1  (3540s)
step 27000  train 1.0749  eval 1.0555  pmax 4.1  (3674s)
step 28000  train 0.9893  eval 1.0537  pmax 4.1  (3808s)
step 29000  train 1.0813  eval 1.0294  pmax 4.1  (3943s)
step 30000  train 1.0098  eval 1.0281  pmax 4.1  (4077s)
  [checkpoint + sample saved at step 30000]
step 31000  train 1.0031  eval 1.0448  pmax 4.2  (4216s)
step 32000  train 1.0039  eval 1.1029  pmax 4.2  (4350s)
step 33000  train 0.9853  eval 1.0053  pmax 4.2  (4484s)
step 34000  train 1.0066  eval 1.0189  pmax 4.2  (4618s)
step 35000  train 1.0051  eval 1.0693  pmax 4.2  (4752s)
step 36000  train 1.0329  eval 0.9921  pmax 4.2  (4886s)
step 37000  train 1.0239  eval 1.0206  pmax 4.2  (5020s)
step 38000  train 1.0253  eval 0.9856  pmax 4.2  (5154s)
step 39000  train 0.9552  eval 1.0181  pmax 4.2  (5289s)
step 40000  train 1.0034  eval 1.0306  pmax 4.2  (5423s)
  [checkpoint + sample saved at step 40000]
step 41000  train 1.0277  eval 1.0271  pmax 4.2  (5561s)
step 42000  train 0.9821  eval 1.0096  pmax 4.2  (5696s)
step 43000  train 0.9966  eval 0.9805  pmax 4.2  (5830s)
step 44000  train 1.0095  eval 0.9962  pmax 4.2  (5964s)
step 45000  train 1.0192  eval 0.9948  pmax 4.2  (6098s)
step 46000  train 1.0431  eval 0.9890  pmax 4.2  (6232s)
step 47000  train 0.9552  eval 1.0384  pmax 4.2  (6367s)
step 48000  train 1.0292  eval 1.0359  pmax 4.2  (6501s)
step 49000  train 1.0114  eval 1.0055  pmax 4.2  (6635s)
step 50000  train 0.9676  eval 1.0416  pmax 4.2  (6769s)
  [checkpoint + sample saved at step 50000]
step 51000  train 1.0157  eval 0.9658  pmax 4.2  (6908s)
step 52000  train 1.0188  eval 1.0287  pmax 4.2  (7043s)
step 53000  train 0.9821  eval 1.0561  pmax 4.2  (7177s)
step 54000  train 0.9875  eval 1.0189  pmax 4.2  (7311s)
  [checkpoint + sample saved at step 54000]
done. artifacts in /home/luke/Wavelet-State-KAN/checkpoints/wskan11real_ultrachat_1m_3ep_s123
