train bytes: 181,551,634  eval bytes: 130,357
model: wskan7bc  params: 985,956  device: cuda
[W910 01:08:25.742708244 CUDACachingAllocator.cpp:3934] memory allocation failed with OOM on device 0 while trying to allocate 16777216 bytes (free: 11337728, total: 8220180480).
[W910 01:08:25.742862099 CUDACachingAllocator.cpp:3934] memory allocation failed with OOM on device 0 while trying to allocate 16777216 bytes (free: 11337728, total: 8220180480).
Traceback (most recent call last):
  File "/home/luke/Wavelet-State-KAN/experiments/V1_train_tinystories_lm.py", line 295, in <module>
    main()
  File "/home/luke/Wavelet-State-KAN/experiments/V1_train_tinystories_lm.py", line 263, in main
    loss = loss_fn(get_batch(train_ids, args.batch, args.block, device))
           ^^^^^^^^^^^^^^^^^^^^^^^^^^^^^^^^^^^^^^^^^^^^^^^^^^^^^^^^^^^^^
  File "/home/luke/Wavelet-State-KAN/models/V1_LM.py", line 66, in loss
    logits = self(idx[:, :-1])
             ^^^^^^^^^^^^^^^^^
  File "/home/luke/Wavelet-State-KAN/.venv/lib/python3.12/site-packages/torch/nn/modules/module.py", line 1783, in _wrapped_call_impl
    return self._call_impl(*args, **kwargs)
           ^^^^^^^^^^^^^^^^^^^^^^^^^^^^^^^^
  File "/home/luke/Wavelet-State-KAN/.venv/lib/python3.12/site-packages/torch/nn/modules/module.py", line 1794, in _call_impl
    return forward_call(*args, **kwargs)
           ^^^^^^^^^^^^^^^^^^^^^^^^^^^^^
  File "/home/luke/Wavelet-State-KAN/models/V7_WSKAN.py", line 215, in forward
    x = x + layer(norm(x), idx)
            ^^^^^^^^^^^^^^^^^^^
  File "/home/luke/Wavelet-State-KAN/.venv/lib/python3.12/site-packages/torch/nn/modules/module.py", line 1783, in _wrapped_call_impl
    return self._call_impl(*args, **kwargs)
           ^^^^^^^^^^^^^^^^^^^^^^^^^^^^^^^^
  File "/home/luke/Wavelet-State-KAN/.venv/lib/python3.12/site-packages/torch/nn/modules/module.py", line 1794, in _call_impl
    return forward_call(*args, **kwargs)
           ^^^^^^^^^^^^^^^^^^^^^^^^^^^^^
  File "/home/luke/Wavelet-State-KAN/models/V7_WSKAN.py", line 190, in forward
    return self.forward_recurrent(x, idx)
           ^^^^^^^^^^^^^^^^^^^^^^^^^^^^^^
  File "/home/luke/Wavelet-State-KAN/models/V7_WSKAN.py", line 159, in forward_recurrent
    yc, h_re, h_im = self._chunk_fn(*args)
                     ^^^^^^^^^^^^^^^^^^^^^
  File "/home/luke/Wavelet-State-KAN/models/V6_WSKAN.py", line 66, in _chunk
    Dr, Di = env * torch.cos(phase), env * torch.sin(phase)
                                           ^^^^^^^^^^^^^^^^
torch.OutOfMemoryError: CUDA out of memory. Tried to allocate 16.00 MiB. GPU 0 has a total capacity of 7.66 GiB of which 10.81 MiB is free. Including non-PyTorch memory, this process has 7.60 GiB memory in use. Of the allocated memory 7.37 GiB is allocated by PyTorch, and 46.92 MiB is reserved by PyTorch but unallocated. If reserved but unallocated memory is large try setting PYTORCH_CUDA_ALLOC_CONF=expandable_segments:True to avoid fragmentation.  See documentation for Memory Management  (https://docs.pytorch.org/docs/stable/notes/cuda.html#optimizing-memory-usage-with-pytorch-cuda-alloc-conf)
