/home/luke/Wavelet-State-KAN/experiments/V1_train_tinystories_lm.py:107: UserWarning: The given buffer is not writable, and PyTorch does not support non-writable tensors. This means you can write to the underlying (supposedly non-writable) buffer using the tensor. You may want to copy the buffer to protect its data or make it writable before converting it to a tensor. This type of warning will be suppressed for the rest of this program. (Triggered internally at /__w/pytorch/pytorch/torch/csrc/utils/tensor_new.cpp:1556.)
  train_ids = torch.frombuffer(train_text.encode("utf-8", errors="ignore"), dtype=torch.uint8)
train bytes: 1,905,061,325  eval bytes: 405,730
model: wskan11real  params: 3,610  device: cuda
step     1  train 5.5486  eval 5.5428  pmax 3.0  (8s)
step  1000  train 2.3975  eval 2.4021  pmax 2.8  (17s)
step  2000  train 2.3469  eval 2.3592  pmax 3.4  (26s)
step  3000  train 2.2998  eval 2.3230  pmax 4.6  (35s)
step  4000  train 2.3158  eval 2.2984  pmax 5.2  (44s)
step  5000  train 2.2629  eval 2.3090  pmax 6.0  (53s)
step  6000  train 2.2536  eval 2.2502  pmax 6.5  (62s)
step  7000  train 2.2338  eval 2.2197  pmax 6.6  (71s)
step  8000  train 2.2323  eval 2.2261  pmax 6.5  (80s)
step  9000  train 2.2363  eval 2.2350  pmax 6.3  (89s)
step 10000  train 2.2332  eval 2.2323  pmax 6.0  (98s)
step 11000  train 2.2033  eval 2.2160  pmax 6.9  (107s)
step 12000  train 2.2088  eval 2.2295  pmax 7.6  (116s)
step 13000  train 2.2213  eval 2.2003  pmax 8.3  (125s)
step 14000  train 2.2012  eval 2.2138  pmax 8.9  (134s)
step 15000  train 2.2077  eval 2.2015  pmax 9.4  (143s)
step 16000  train 2.1797  eval 2.1954  pmax 9.9  (152s)
step 17000  train 2.2165  eval 2.2003  pmax 10.3  (161s)
step 18000  train 2.2157  eval 2.1819  pmax 10.7  (170s)
step 19000  train 2.2083  eval 2.2001  pmax 11.1  (179s)
step 20000  train 2.1777  eval 2.2054  pmax 11.5  (188s)
step 21000  train 2.2169  eval 2.1821  pmax 11.8  (197s)
step 22000  train 2.1881  eval 2.1929  pmax 12.0  (206s)
step 23000  train 2.1792  eval 2.1893  pmax 12.2  (215s)
step 24000  train 2.2229  eval 2.1886  pmax 12.3  (224s)
step 25000  train 2.2024  eval 2.1711  pmax 12.4  (234s)
  [checkpoint + sample saved at step 25000]
step 26000  train 2.1951  eval 2.1822  pmax 12.4  (244s)
step 27000  train 2.2132  eval 2.2055  pmax 12.5  (253s)
step 28000  train 2.1946  eval 2.1992  pmax 12.5  (262s)
step 29000  train 2.1911  eval 2.1731  pmax 12.5  (271s)
step 30000  train 2.1852  eval 2.1809  pmax 12.5  (280s)
  [checkpoint + sample saved at step 30000]
done. artifacts in /home/luke/Wavelet-State-KAN/checkpoints/wskan11real_tinystories_1k_3ep_s2024
