/home/luke/Wavelet-State-KAN/experiments/V1_train_tinystories_lm.py:107: UserWarning: The given buffer is not writable, and PyTorch does not support non-writable tensors. This means you can write to the underlying (supposedly non-writable) buffer using the tensor. You may want to copy the buffer to protect its data or make it writable before converting it to a tensor. This type of warning will be suppressed for the rest of this program. (Triggered internally at /__w/pytorch/pytorch/torch/csrc/utils/tensor_new.cpp:1556.)
  train_ids = torch.frombuffer(train_text.encode("utf-8", errors="ignore"), dtype=torch.uint8)
train bytes: 1,905,061,325  eval bytes: 405,730
model: wskan11  params: 12,546  device: cuda
step     1  train 5.5446  eval 5.5223  pmax 18.9  (8s)
step  1000  train 1.6532  eval 1.6316  pmax 18.8  (17s)
step  2000  train 1.6319  eval 1.5866  pmax 19.0  (28s)
step  3000  train 1.5967  eval 1.5565  pmax 19.0  (38s)
step  4000  train 1.5619  eval 1.4994  pmax 19.1  (47s)
step  5000  train 1.5796  eval 1.5471  pmax 19.1  (57s)
step  6000  train 1.5447  eval 1.4878  pmax 19.3  (66s)
step  7000  train 1.5501  eval 1.4838  pmax 19.4  (75s)
step  8000  train 1.5465  eval 1.5020  pmax 19.4  (85s)
step  9000  train 1.5475  eval 1.5166  pmax 19.5  (94s)
step 10000  train 1.5256  eval 1.5060  pmax 19.6  (104s)
step 11000  train 1.5100  eval 1.5024  pmax 19.6  (113s)
step 12000  train 1.5039  eval 1.4865  pmax 19.7  (123s)
step 13000  train 1.4909  eval 1.4909  pmax 19.7  (132s)
step 14000  train 1.5054  eval 1.4335  pmax 19.7  (142s)
step 15000  train 1.4952  eval 1.4389  pmax 19.8  (152s)
step 16000  train 1.5112  eval 1.4869  pmax 19.8  (161s)
step 17000  train 1.5151  eval 1.4596  pmax 19.8  (171s)
step 18000  train 1.5011  eval 1.4356  pmax 19.8  (180s)
step 19000  train 1.5414  eval 1.4783  pmax 19.9  (190s)
step 20000  train 1.5070  eval 1.4866  pmax 19.9  (199s)
step 21000  train 1.4927  eval 1.4387  pmax 19.9  (208s)
step 22000  train 1.5335  eval 1.4640  pmax 19.9  (217s)
step 23000  train 1.4986  eval 1.4625  pmax 20.0  (226s)
step 24000  train 1.4906  eval 1.4637  pmax 20.0  (235s)
step 25000  train 1.5095  eval 1.4753  pmax 20.6  (245s)
  [checkpoint + sample saved at step 25000]
step 26000  train 1.5335  eval 1.4651  pmax 21.1  (256s)
step 27000  train 1.4564  eval 1.4547  pmax 21.7  (266s)
step 28000  train 1.5194  eval 1.4689  pmax 22.2  (276s)
step 29000  train 1.4778  eval 1.4501  pmax 22.7  (286s)
step 30000  train 1.5221  eval 1.4821  pmax 23.1  (295s)
step 31000  train 1.4570  eval 1.4559  pmax 23.5  (305s)
step 32000  train 1.4827  eval 1.4190  pmax 23.9  (314s)
step 33000  train 1.4904  eval 1.4667  pmax 24.2  (324s)
step 34000  train 1.4749  eval 1.4281  pmax 24.7  (333s)
step 35000  train 1.4792  eval 1.4356  pmax 25.0  (343s)
step 36000  train 1.4788  eval 1.4232  pmax 25.3  (352s)
step 37000  train 1.5011  eval 1.4580  pmax 25.5  (362s)
step 38000  train 1.5232  eval 1.4263  pmax 25.8  (372s)
step 39000  train 1.5107  eval 1.4180  pmax 26.0  (381s)
step 40000  train 1.4701  eval 1.4244  pmax 26.2  (390s)
step 41000  train 1.4754  eval 1.4213  pmax 26.4  (400s)
step 42000  train 1.4741  eval 1.4740  pmax 26.6  (410s)
step 43000  train 1.4745  eval 1.4681  pmax 26.8  (419s)
step 44000  train 1.4564  eval 1.4533  pmax 26.9  (428s)
step 45000  train 1.4877  eval 1.4101  pmax 27.0  (437s)
step 46000  train 1.4975  eval 1.4387  pmax 27.1  (447s)
step 47000  train 1.4707  eval 1.4678  pmax 27.2  (456s)
step 48000  train 1.4635  eval 1.4103  pmax 27.3  (466s)
step 49000  train 1.4690  eval 1.4287  pmax 27.3  (475s)
step 50000  train 1.4672  eval 1.4563  pmax 27.4  (485s)
  [checkpoint + sample saved at step 50000]
step 51000  train 1.5138  eval 1.4176  pmax 27.4  (495s)
step 52000  train 1.4620  eval 1.4458  pmax 27.5  (505s)
step 53000  train 1.4572  eval 1.4539  pmax 27.5  (514s)
step 54000  train 1.4653  eval 1.4300  pmax 27.5  (524s)
step 55000  train 1.4972  eval 1.4219  pmax 27.5  (533s)
step 56000  train 1.4748  eval 1.4120  pmax 27.6  (543s)
step 57000  train 1.4838  eval 1.4520  pmax 27.6  (552s)
step 58000  train 1.4776  eval 1.4269  pmax 27.6  (561s)
step 59000  train 1.4854  eval 1.4434  pmax 27.6  (571s)
step 60000  train 1.4397  eval 1.4139  pmax 27.6  (580s)
  [checkpoint + sample saved at step 60000]
done. artifacts in /home/luke/Wavelet-State-KAN/checkpoints/wskan11_tinystories_10k_3ep_s31337
