/home/luke/Wavelet-State-KAN/experiments/V1_train_tinystories_lm.py:107: UserWarning: The given buffer is not writable, and PyTorch does not support non-writable tensors. This means you can write to the underlying (supposedly non-writable) buffer using the tensor. You may want to copy the buffer to protect its data or make it writable before converting it to a tensor. This type of warning will be suppressed for the rest of this program. (Triggered internally at /__w/pytorch/pytorch/torch/csrc/utils/tensor_new.cpp:1556.)
  train_ids = torch.frombuffer(train_text.encode("utf-8", errors="ignore"), dtype=torch.uint8)
train bytes: 542,898,247  eval bytes: 130,357
model: wskan7bc  params: 985,956  device: cuda
step     1  train 5.5642  eval 5.4758  pmax 18.9  (4s)
step  1000  train 1.5228  eval 1.4857  pmax 19.0  (681s)
step  2000  train 1.4255  eval 1.3869  pmax 19.0  (1324s)
step  3000  train 1.3703  eval 1.3670  pmax 19.0  (1963s)
step  4000  train 1.3546  eval 1.3511  pmax 19.0  (2603s)
step  5000  train 1.3286  eval 1.2934  pmax 19.1  (3248s)
step  6000  train 1.2310  eval 1.2826  pmax 19.2  (3886s)
step  7000  train 1.2807  eval 1.2326  pmax 19.2  (4545s)
step  8000  train 1.2183  eval 1.2380  pmax 19.2  (5189s)
step  9000  train 1.2590  eval 1.2469  pmax 19.3  (5835s)
step 10000  train 1.2498  eval 1.2659  pmax 19.3  (6474s)
  [checkpoint + sample saved at step 10000]
step 11000  train 1.2175  eval 1.1979  pmax 19.3  (7132s)
step 12000  train 1.2486  eval 1.2126  pmax 19.2  (7774s)
step 13000  train 1.2529  eval 1.2275  pmax 19.3  (8418s)
step 14000  train 1.2311  eval 1.2432  pmax 19.3  (9068s)
step 15000  train 1.1861  eval 1.2378  pmax 19.3  (9707s)
step 16000  train 1.2216  eval 1.2169  pmax 19.3  (10359s)
step 17000  train 1.1832  eval 1.1798  pmax 19.3  (11008s)
step 18000  train 1.2261  eval 1.2111  pmax 19.3  (11670s)
step 19000  train 1.2110  eval 1.2163  pmax 19.3  (12329s)
step 20000  train 1.2151  eval 1.1841  pmax 19.3  (12984s)
  [checkpoint + sample saved at step 20000]
step 21000  train 1.1712  eval 1.1719  pmax 19.3  (13640s)
step 22000  train 1.2244  eval 1.2121  pmax 19.4  (14280s)
step 23000  train 1.2094  eval 1.1996  pmax 19.4  (14924s)
step 24000  train 1.1827  eval 1.1922  pmax 19.4  (15567s)
step 25000  train 1.1679  eval 1.1766  pmax 19.4  (16213s)
step 26000  train 1.1368  eval 1.1766  pmax 19.4  (16864s)
step 27000  train 1.1747  eval 1.1639  pmax 19.4  (17557s)
step 28000  train 1.1816  eval 1.1510  pmax 19.4  (18284s)
step 29000  train 1.1855  eval 1.1842  pmax 19.4  (19006s)
step 30000  train 1.1886  eval 1.1933  pmax 19.4  (19719s)
  [checkpoint + sample saved at step 30000]
step 31000  train 1.1697  eval 1.1526  pmax 19.5  (20442s)
step 32000  train 1.1922  eval 1.1616  pmax 19.5  (21177s)
step 33000  train 1.2245  eval 1.1817  pmax 19.5  (21932s)
step 34000  train 1.1259  eval 1.1887  pmax 19.5  (22681s)
step 35000  train 1.1146  eval 1.1831  pmax 19.5  (23444s)
step 36000  train 1.1950  eval 1.1648  pmax 19.5  (24182s)
step 37000  train 1.1366  eval 1.1391  pmax 19.5  (24903s)
step 38000  train 1.1885  eval 1.1496  pmax 19.6  (25587s)
step 39000  train 1.1721  eval 1.1896  pmax 19.6  (26274s)
step 40000  train 1.1295  eval 1.1510  pmax 19.6  (27007s)
  [checkpoint + sample saved at step 40000]
step 41000  train 1.1497  eval 1.0832  pmax 19.6  (27758s)
step 42000  train 1.2073  eval 1.1647  pmax 19.6  (28511s)
step 43000  train 1.1315  eval 1.1616  pmax 19.6  (29219s)
step 44000  train 1.1693  eval 1.1662  pmax 19.6  (29941s)
step 45000  train 1.1374  eval 1.1560  pmax 19.6  (30648s)
step 46000  train 1.1169  eval 1.1773  pmax 19.6  (31348s)
step 47000  train 1.1676  eval 1.1759  pmax 19.6  (32109s)
step 48000  train 1.1269  eval 1.0955  pmax 19.6  (32819s)
step 49000  train 1.1671  eval 1.1292  pmax 19.6  (33544s)
step 50000  train 1.1410  eval 1.1509  pmax 19.6  (34213s)
  [checkpoint + sample saved at step 50000]
step 51000  train 1.1174  eval 1.1322  pmax 19.6  (34882s)
step 52000  train 1.1272  eval 1.1490  pmax 19.6  (35534s)
step 53000  train 1.1175  eval 1.1599  pmax 19.6  (36170s)
step 54000  train 1.1417  eval 1.1560  pmax 19.6  (36808s)
step 55000  train 1.1132  eval 1.1302  pmax 19.6  (37447s)
step 56000  train 1.1636  eval 1.1583  pmax 19.6  (38082s)
step 57000  train 1.1467  eval 1.1623  pmax 19.6  (38722s)
step 58000  train 1.1598  eval 1.1435  pmax 19.6  (39460s)
step 59000  train 1.1606  eval 1.1522  pmax 19.6  (40229s)
step 60000  train 1.1381  eval 1.1446  pmax 19.6  (41017s)
  [checkpoint + sample saved at step 60000]
step 61000  train 1.1532  eval 1.1572  pmax 19.6  (41822s)
step 62000  train 1.1524  eval 1.1618  pmax 19.6  (42618s)
step 63000  train 1.1567  eval 1.1265  pmax 19.6  (43417s)
step 64000  train 1.1235  eval 1.1312  pmax 19.6  (44123s)
step 65000  train 1.0981  eval 1.1712  pmax 19.6  (44886s)
step 66000  train 1.1371  eval 1.1280  pmax 19.6  (45659s)
  [checkpoint + sample saved at step 66000]
done. artifacts in /home/luke/Wavelet-State-KAN/checkpoints/wskan7bc_wikitext_1m_3ep_s7
