/home/luke/Wavelet-State-KAN/experiments/V1_train_tinystories_lm.py:107: UserWarning: The given buffer is not writable, and PyTorch does not support non-writable tensors. This means you can write to the underlying (supposedly non-writable) buffer using the tensor. You may want to copy the buffer to protect its data or make it writable before converting it to a tensor. This type of warning will be suppressed for the rest of this program. (Triggered internally at /__w/pytorch/pytorch/torch/csrc/utils/tensor_new.cpp:1556.)
  train_ids = torch.frombuffer(train_text.encode("utf-8", errors="ignore"), dtype=torch.uint8)
train bytes: 1,195,926,439  eval bytes: 2,859,070
model: wskan7bc  params: 985,956  device: cuda
W0915 06:58:24.568000 871556 .venv/lib/python3.12/site-packages/torch/_inductor/utils.py:1806] [0/0] Not enough SMs to use max_autotune_gemm mode
step     1  train 5.5684  eval 5.4724  pmax 18.9  (59s)
step  1000  train 1.3337  eval 1.3403  pmax 18.9  (1390s)
step  2000  train 1.2979  eval 1.2378  pmax 19.0  (2736s)
step  3000  train 1.2179  eval 1.2533  pmax 19.1  (4078s)
step  4000  train 1.1248  eval 1.1674  pmax 19.1  (5419s)
step  5000  train 1.0933  eval 1.1122  pmax 19.2  (6774s)
step  6000  train 1.1850  eval 1.1103  pmax 19.2  (8119s)
step  7000  train 1.1234  eval 1.0376  pmax 19.1  (9468s)
step  8000  train 1.0814  eval 1.0732  pmax 19.1  (10803s)
step  9000  train 1.0694  eval 1.0918  pmax 19.1  (12145s)
step 10000  train 1.0654  eval 1.0592  pmax 19.1  (13490s)
  [checkpoint + sample saved at step 10000]
step 11000  train 1.1009  eval 1.0767  pmax 19.2  (14847s)
step 12000  train 1.0743  eval 1.0851  pmax 19.2  (16214s)
step 13000  train 1.0664  eval 1.0386  pmax 19.2  (17547s)
step 14000  train 1.0790  eval 1.0820  pmax 19.2  (18887s)
step 15000  train 1.0468  eval 1.0744  pmax 19.2  (20245s)
step 16000  train 1.0288  eval 1.0270  pmax 19.3  (21584s)
step 17000  train 0.9926  eval 1.0911  pmax 19.3  (22921s)
step 18000  train 1.0468  eval 1.0228  pmax 19.4  (24270s)
step 19000  train 0.9902  eval 1.0135  pmax 19.4  (25600s)
step 20000  train 1.0732  eval 1.0108  pmax 19.4  (26936s)
  [checkpoint + sample saved at step 20000]
step 21000  train 1.0435  eval 1.0146  pmax 19.4  (28276s)
step 22000  train 1.0266  eval 1.0522  pmax 19.5  (29629s)
step 23000  train 1.0215  eval 1.0103  pmax 19.5  (30973s)
step 24000  train 0.9795  eval 0.9814  pmax 19.5  (32314s)
step 25000  train 1.0155  eval 1.0085  pmax 19.6  (33646s)
step 26000  train 1.0066  eval 1.0508  pmax 19.6  (35035s)
step 27000  train 1.0036  eval 1.0593  pmax 19.6  (36479s)
step 28000  train 1.0034  eval 0.9925  pmax 19.6  (37825s)
step 29000  train 1.0384  eval 1.0381  pmax 19.6  (39173s)
step 30000  train 0.9774  eval 1.0305  pmax 19.6  (40611s)
  [checkpoint + sample saved at step 30000]
step 31000  train 0.9912  eval 0.9972  pmax 19.7  (41943s)
step 32000  train 0.9960  eval 0.9975  pmax 19.7  (43323s)
step 33000  train 0.9839  eval 0.9937  pmax 19.7  (44802s)
step 34000  train 1.0148  eval 1.0030  pmax 19.7  (46352s)
step 35000  train 0.9651  eval 0.9591  pmax 19.7  (47828s)
step 36000  train 1.0804  eval 0.9387  pmax 19.8  (49384s)
step 37000  train 0.9549  eval 0.9470  pmax 19.8  (50942s)
step 38000  train 0.9846  eval 0.9701  pmax 19.8  (52440s)
step 39000  train 1.0121  eval 0.9570  pmax 19.8  (53891s)
step 40000  train 1.0405  eval 1.0413  pmax 19.8  (55454s)
  [checkpoint + sample saved at step 40000]
step 41000  train 0.9870  eval 1.0041  pmax 19.8  (57010s)
step 42000  train 0.9941  eval 0.9809  pmax 19.8  (58597s)
step 43000  train 0.9571  eval 1.0343  pmax 19.8  (60177s)
step 44000  train 0.9847  eval 0.9711  pmax 19.8  (61761s)
step 45000  train 0.9517  eval 1.0397  pmax 19.8  (63322s)
step 46000  train 0.9565  eval 0.9369  pmax 19.8  (64850s)
step 47000  train 0.9981  eval 1.0069  pmax 19.8  (66289s)
step 48000  train 0.9752  eval 0.9883  pmax 19.8  (67630s)
step 49000  train 1.0069  eval 0.9734  pmax 19.8  (68955s)
step 50000  train 0.9838  eval 0.9952  pmax 19.8  (70286s)
  [checkpoint + sample saved at step 50000]
step 51000  train 0.9990  eval 0.9924  pmax 19.8  (71601s)
step 52000  train 0.9514  eval 0.9872  pmax 19.8  (72905s)
step 53000  train 0.9175  eval 0.9962  pmax 19.8  (74212s)
step 54000  train 0.9669  eval 0.9960  pmax 19.8  (75546s)
  [checkpoint + sample saved at step 54000]
done. artifacts in /home/luke/Wavelet-State-KAN/checkpoints/wskan7bc_ultrachat_1m_3ep_s123
