/home/luke/Wavelet-State-KAN/experiments/V1_train_tinystories_lm.py:107: UserWarning: The given buffer is not writable, and PyTorch does not support non-writable tensors. This means you can write to the underlying (supposedly non-writable) buffer using the tensor. You may want to copy the buffer to protect its data or make it writable before converting it to a tensor. This type of warning will be suppressed for the rest of this program. (Triggered internally at /__w/pytorch/pytorch/torch/csrc/utils/tensor_new.cpp:1556.)
  train_ids = torch.frombuffer(train_text.encode("utf-8", errors="ignore"), dtype=torch.uint8)
train bytes: 1,905,061,325  eval bytes: 405,730
model: wskan11  params: 3,610  device: cuda
step     1  train 5.5551  eval 5.5449  pmax 18.9  (7s)
step  1000  train 2.2991  eval 2.3416  pmax 19.2  (16s)
step  2000  train 2.2912  eval 2.2895  pmax 19.4  (26s)
step  3000  train 2.2735  eval 2.2715  pmax 19.6  (35s)
step  4000  train 2.2417  eval 2.2299  pmax 19.8  (45s)
step  5000  train 2.2186  eval 2.2432  pmax 19.9  (55s)
step  6000  train 2.2137  eval 2.2147  pmax 20.0  (64s)
step  7000  train 2.2058  eval 2.2102  pmax 20.0  (73s)
step  8000  train 2.1997  eval 2.2082  pmax 20.0  (83s)
step  9000  train 2.1921  eval 2.2157  pmax 20.1  (93s)
step 10000  train 2.1897  eval 2.1924  pmax 20.1  (102s)
step 11000  train 2.1784  eval 2.1782  pmax 20.1  (111s)
step 12000  train 2.1790  eval 2.1935  pmax 20.1  (120s)
step 13000  train 2.1583  eval 2.1813  pmax 20.2  (129s)
step 14000  train 2.1619  eval 2.1720  pmax 20.2  (139s)
step 15000  train 2.1633  eval 2.1618  pmax 20.4  (149s)
step 16000  train 2.1828  eval 2.1777  pmax 21.4  (158s)
step 17000  train 2.1805  eval 2.1628  pmax 22.2  (167s)
step 18000  train 2.2011  eval 2.1413  pmax 22.9  (177s)
step 19000  train 2.1920  eval 2.1570  pmax 23.5  (186s)
step 20000  train 2.1652  eval 2.1968  pmax 24.0  (195s)
step 21000  train 2.1685  eval 2.1590  pmax 24.4  (205s)
step 22000  train 2.1804  eval 2.1809  pmax 24.8  (214s)
step 23000  train 2.1622  eval 2.1804  pmax 25.0  (223s)
step 24000  train 2.1573  eval 2.1620  pmax 25.2  (233s)
step 25000  train 2.1610  eval 2.1804  pmax 25.4  (243s)
  [checkpoint + sample saved at step 25000]
step 26000  train 2.1843  eval 2.1745  pmax 25.5  (254s)
step 27000  train 2.1524  eval 2.1666  pmax 25.5  (263s)
step 28000  train 2.1867  eval 2.1446  pmax 25.6  (273s)
step 29000  train 2.1493  eval 2.1443  pmax 25.6  (282s)
step 30000  train 2.1539  eval 2.1737  pmax 25.6  (291s)
  [checkpoint + sample saved at step 30000]
done. artifacts in /home/luke/Wavelet-State-KAN/checkpoints/wskan11_tinystories_1k_3ep_s31337
