/home/luke/Wavelet-State-KAN/experiments/V1_train_tinystories_lm.py:107: UserWarning: The given buffer is not writable, and PyTorch does not support non-writable tensors. This means you can write to the underlying (supposedly non-writable) buffer using the tensor. You may want to copy the buffer to protect its data or make it writable before converting it to a tensor. This type of warning will be suppressed for the rest of this program. (Triggered internally at /__w/pytorch/pytorch/torch/csrc/utils/tensor_new.cpp:1556.)
  train_ids = torch.frombuffer(train_text.encode("utf-8", errors="ignore"), dtype=torch.uint8)
train bytes: 1,905,061,325  eval bytes: 405,730
model: wskan11real  params: 113,612  device: cuda
step     1  train 5.5452  eval 5.4608  pmax 3.0  (10s)
step  1000  train 1.1535  eval 1.1170  pmax 3.0  (24s)
step  2000  train 1.1016  eval 1.0378  pmax 3.1  (39s)
step  3000  train 1.0817  eval 1.0333  pmax 3.5  (53s)
step  4000  train 1.0606  eval 1.0017  pmax 3.7  (68s)
step  5000  train 1.0675  eval 0.9632  pmax 3.7  (82s)
step  6000  train 1.0259  eval 0.9930  pmax 3.9  (96s)
step  7000  train 1.0160  eval 0.9678  pmax 4.0  (111s)
step  8000  train 0.9955  eval 0.9657  pmax 4.0  (125s)
step  9000  train 1.0333  eval 1.0035  pmax 4.3  (139s)
step 10000  train 1.0076  eval 0.9796  pmax 4.6  (153s)
step 11000  train 1.0042  eval 1.0074  pmax 4.9  (167s)
step 12000  train 1.0168  eval 1.0039  pmax 5.0  (181s)
step 13000  train 1.0032  eval 0.9077  pmax 5.3  (195s)
step 14000  train 0.9963  eval 0.9747  pmax 5.4  (209s)
step 15000  train 0.9664  eval 0.9010  pmax 5.4  (224s)
step 16000  train 0.9754  eval 0.9378  pmax 5.5  (238s)
step 17000  train 0.9918  eval 0.9538  pmax 5.5  (252s)
step 18000  train 0.9738  eval 0.9367  pmax 5.5  (266s)
step 19000  train 0.9757  eval 0.9314  pmax 5.6  (280s)
step 20000  train 0.9950  eval 0.9573  pmax 5.7  (295s)
step 21000  train 0.9932  eval 0.9220  pmax 5.9  (309s)
step 22000  train 0.9737  eval 0.9153  pmax 6.0  (323s)
step 23000  train 0.9880  eval 0.9154  pmax 6.1  (337s)
step 24000  train 0.9694  eval 0.9193  pmax 6.1  (351s)
step 25000  train 0.9892  eval 0.9234  pmax 6.1  (366s)
  [checkpoint + sample saved at step 25000]
step 26000  train 0.9783  eval 0.9444  pmax 6.3  (382s)
step 27000  train 0.9299  eval 0.8889  pmax 6.5  (397s)
step 28000  train 0.9587  eval 0.9337  pmax 6.5  (411s)
step 29000  train 0.9690  eval 0.9152  pmax 6.6  (425s)
step 30000  train 0.9387  eval 0.9078  pmax 6.6  (439s)
step 31000  train 1.0024  eval 0.9184  pmax 6.6  (452s)
step 32000  train 0.9717  eval 0.9113  pmax 6.7  (466s)
step 33000  train 0.9512  eval 0.9412  pmax 6.9  (480s)
step 34000  train 0.9427  eval 0.8951  pmax 7.0  (494s)
step 35000  train 0.9486  eval 0.9393  pmax 7.2  (509s)
step 36000  train 0.9687  eval 0.9135  pmax 7.5  (523s)
step 37000  train 0.9651  eval 0.9146  pmax 7.7  (537s)
step 38000  train 0.9401  eval 0.9326  pmax 7.8  (552s)
step 39000  train 0.9676  eval 0.8683  pmax 8.0  (566s)
step 40000  train 0.9501  eval 0.9567  pmax 8.0  (580s)
step 41000  train 0.9663  eval 0.9093  pmax 8.3  (594s)
step 42000  train 0.9309  eval 0.9078  pmax 8.5  (609s)
step 43000  train 0.9589  eval 0.9125  pmax 8.7  (623s)
step 44000  train 0.9661  eval 0.8815  pmax 8.8  (637s)
step 45000  train 0.9700  eval 0.8757  pmax 9.0  (651s)
step 46000  train 0.9589  eval 0.9060  pmax 9.1  (665s)
step 47000  train 0.9581  eval 0.8836  pmax 9.3  (679s)
step 48000  train 0.9838  eval 0.9165  pmax 9.4  (694s)
step 49000  train 0.9579  eval 0.8949  pmax 9.4  (708s)
step 50000  train 0.9559  eval 0.9243  pmax 9.5  (722s)
  [checkpoint + sample saved at step 50000]
step 51000  train 0.9422  eval 0.9024  pmax 9.8  (737s)
step 52000  train 0.9403  eval 0.8646  pmax 10.1  (751s)
step 53000  train 0.9524  eval 0.9171  pmax 10.1  (765s)
step 54000  train 0.9475  eval 0.9264  pmax 10.1  (780s)
step 55000  train 0.9791  eval 0.9161  pmax 10.2  (795s)
step 56000  train 0.9525  eval 0.9058  pmax 10.4  (809s)
step 57000  train 0.9658  eval 0.9136  pmax 10.5  (823s)
step 58000  train 0.9477  eval 0.8903  pmax 10.6  (838s)
step 59000  train 0.9893  eval 0.9125  pmax 10.8  (852s)
step 60000  train 0.9359  eval 0.8977  pmax 10.9  (867s)
step 61000  train 0.9210  eval 0.8961  pmax 11.0  (881s)
step 62000  train 0.9468  eval 0.8777  pmax 11.1  (895s)
step 63000  train 0.9635  eval 0.9143  pmax 11.1  (909s)
step 64000  train 0.9417  eval 0.9646  pmax 11.1  (924s)
step 65000  train 0.9538  eval 0.9044  pmax 11.0  (938s)
step 66000  train 0.9565  eval 0.8740  pmax 11.0  (952s)
step 67000  train 0.9877  eval 0.9191  pmax 11.1  (966s)
step 68000  train 0.9616  eval 0.8727  pmax 11.3  (979s)
step 69000  train 0.9284  eval 0.8979  pmax 11.3  (993s)
step 70000  train 0.9801  eval 0.9024  pmax 11.4  (1008s)
step 71000  train 0.9660  eval 0.8892  pmax 11.5  (1022s)
step 72000  train 0.9080  eval 0.9136  pmax 11.5  (1036s)
step 73000  train 0.9391  eval 0.9081  pmax 11.6  (1051s)
step 74000  train 0.9295  eval 0.9146  pmax 11.6  (1065s)
step 75000  train 0.9442  eval 0.9098  pmax 11.6  (1079s)
  [checkpoint + sample saved at step 75000]
step 76000  train 0.9443  eval 0.8587  pmax 11.7  (1095s)
step 77000  train 0.9565  eval 0.9020  pmax 11.8  (1109s)
step 78000  train 0.9479  eval 0.8632  pmax 11.9  (1124s)
step 79000  train 0.9690  eval 0.9023  pmax 11.8  (1138s)
step 80000  train 0.9352  eval 0.8607  pmax 11.9  (1153s)
step 81000  train 0.9248  eval 0.8820  pmax 12.0  (1167s)
step 82000  train 0.9509  eval 0.9071  pmax 12.2  (1181s)
step 83000  train 0.9366  eval 0.8581  pmax 12.3  (1196s)
step 84000  train 0.9414  eval 0.8634  pmax 12.3  (1210s)
step 85000  train 0.9247  eval 0.8583  pmax 12.3  (1224s)
step 86000  train 0.9233  eval 0.8899  pmax 12.5  (1238s)
step 87000  train 0.9367  eval 0.8988  pmax 12.4  (1253s)
step 88000  train 0.9492  eval 0.8911  pmax 12.4  (1267s)
step 89000  train 0.9335  eval 0.8826  pmax 12.4  (1281s)
step 90000  train 0.9143  eval 0.8788  pmax 12.5  (1295s)
step 91000  train 0.8952  eval 0.8658  pmax 12.4  (1309s)
step 92000  train 0.9294  eval 0.8739  pmax 12.5  (1324s)
step 93000  train 0.9272  eval 0.9223  pmax 12.6  (1338s)
step 94000  train 0.9377  eval 0.8720  pmax 12.7  (1353s)
step 95000  train 0.9237  eval 0.9309  pmax 12.6  (1367s)
step 96000  train 0.9105  eval 0.8791  pmax 12.7  (1381s)
step 97000  train 0.9285  eval 0.8529  pmax 12.8  (1396s)
step 98000  train 0.9328  eval 0.8614  pmax 12.9  (1411s)
step 99000  train 0.9362  eval 0.8943  pmax 13.0  (1424s)
step 100000  train 0.9289  eval 0.8971  pmax 13.1  (1439s)
  [checkpoint + sample saved at step 100000]
step 101000  train 0.9486  eval 0.8733  pmax 13.1  (1455s)
step 102000  train 0.9149  eval 0.8585  pmax 13.2  (1469s)
step 103000  train 0.9349  eval 0.9173  pmax 13.3  (1483s)
step 104000  train 0.9276  eval 0.8653  pmax 13.4  (1497s)
step 105000  train 0.9592  eval 0.8706  pmax 13.5  (1511s)
step 106000  train 0.9304  eval 0.9121  pmax 13.5  (1525s)
step 107000  train 0.9316  eval 0.8710  pmax 13.6  (1540s)
step 108000  train 0.9135  eval 0.8846  pmax 13.7  (1553s)
step 109000  train 0.9392  eval 0.8706  pmax 13.7  (1567s)
step 110000  train 0.8943  eval 0.8985  pmax 13.8  (1581s)
step 111000  train 0.9397  eval 0.8894  pmax 13.8  (1595s)
step 112000  train 0.9160  eval 0.8902  pmax 13.9  (1610s)
step 113000  train 0.9433  eval 0.8856  pmax 13.9  (1624s)
step 114000  train 0.9341  eval 0.8808  pmax 14.0  (1638s)
step 115000  train 0.9363  eval 0.8831  pmax 14.0  (1652s)
step 116000  train 0.9315  eval 0.8701  pmax 14.1  (1667s)
step 117000  train 0.9331  eval 0.8650  pmax 14.2  (1681s)
step 118000  train 0.9220  eval 0.8742  pmax 14.3  (1695s)
step 119000  train 0.9488  eval 0.9181  pmax 14.4  (1710s)
step 120000  train 0.9590  eval 0.8706  pmax 14.4  (1725s)
step 121000  train 0.9327  eval 0.8910  pmax 14.5  (1739s)
step 122000  train 0.9272  eval 0.8441  pmax 14.5  (1753s)
step 123000  train 0.9277  eval 0.8590  pmax 14.5  (1768s)
step 124000  train 0.9003  eval 0.8618  pmax 14.5  (1782s)
step 125000  train 0.9115  eval 0.8705  pmax 14.5  (1796s)
  [checkpoint + sample saved at step 125000]
step 126000  train 0.9576  eval 0.8545  pmax 14.6  (1812s)
step 127000  train 0.9033  eval 0.8637  pmax 14.6  (1826s)
step 128000  train 0.9413  eval 0.8671  pmax 14.7  (1841s)
step 129000  train 0.9181  eval 0.8997  pmax 14.7  (1855s)
step 130000  train 0.9626  eval 0.8974  pmax 14.8  (1869s)
step 131000  train 0.9260  eval 0.8837  pmax 14.9  (1884s)
step 132000  train 0.9244  eval 0.8515  pmax 14.9  (1898s)
step 133000  train 0.9245  eval 0.8666  pmax 14.9  (1912s)
step 134000  train 0.9071  eval 0.8623  pmax 15.0  (1926s)
step 135000  train 0.9315  eval 0.8822  pmax 15.0  (1941s)
step 136000  train 0.9449  eval 0.8905  pmax 15.1  (1955s)
step 137000  train 0.9264  eval 0.9038  pmax 15.1  (1969s)
step 138000  train 0.9470  eval 0.8657  pmax 15.1  (1983s)
step 139000  train 0.9216  eval 0.8792  pmax 15.2  (1998s)
step 140000  train 0.9486  eval 0.8578  pmax 15.2  (2012s)
step 141000  train 0.9163  eval 0.8897  pmax 15.2  (2026s)
step 142000  train 0.9237  eval 0.8914  pmax 15.3  (2041s)
step 143000  train 0.9163  eval 0.8583  pmax 15.4  (2055s)
step 144000  train 0.9237  eval 0.8904  pmax 15.4  (2069s)
step 145000  train 0.9199  eval 0.8913  pmax 15.4  (2083s)
step 146000  train 0.9146  eval 0.8975  pmax 15.4  (2097s)
step 147000  train 0.9181  eval 0.8660  pmax 15.4  (2111s)
step 148000  train 0.9386  eval 0.8925  pmax 15.4  (2126s)
step 149000  train 0.9527  eval 0.8876  pmax 15.5  (2139s)
step 150000  train 0.9086  eval 0.8654  pmax 15.5  (2153s)
  [checkpoint + sample saved at step 150000]
step 151000  train 0.8968  eval 0.8891  pmax 15.5  (2169s)
step 152000  train 0.9342  eval 0.8588  pmax 15.5  (2183s)
step 153000  train 0.9042  eval 0.8685  pmax 15.5  (2197s)
step 154000  train 0.9129  eval 0.8346  pmax 15.5  (2212s)
step 155000  train 0.9342  eval 0.8612  pmax 15.5  (2226s)
step 156000  train 0.9416  eval 0.8506  pmax 15.6  (2240s)
step 157000  train 0.9166  eval 0.8991  pmax 15.6  (2254s)
step 158000  train 0.9387  eval 0.8872  pmax 15.7  (2269s)
step 159000  train 0.9491  eval 0.8637  pmax 15.7  (2283s)
step 160000  train 0.9186  eval 0.8818  pmax 15.7  (2297s)
step 161000  train 0.9460  eval 0.8669  pmax 15.7  (2311s)
step 162000  train 0.9264  eval 0.8670  pmax 15.7  (2325s)
step 163000  train 0.9126  eval 0.8632  pmax 15.8  (2339s)
step 164000  train 0.9043  eval 0.8861  pmax 15.8  (2354s)
step 165000  train 0.9215  eval 0.8811  pmax 15.8  (2368s)
step 166000  train 0.9240  eval 0.8674  pmax 15.8  (2382s)
step 167000  train 0.8908  eval 0.8815  pmax 15.8  (2396s)
step 168000  train 0.9225  eval 0.8417  pmax 15.8  (2410s)
step 169000  train 0.9221  eval 0.8529  pmax 15.9  (2423s)
step 170000  train 0.9053  eval 0.8679  pmax 15.8  (2437s)
step 171000  train 0.9362  eval 0.8750  pmax 15.9  (2451s)
step 172000  train 0.9149  eval 0.8479  pmax 15.9  (2465s)
step 173000  train 0.9288  eval 0.8612  pmax 15.9  (2480s)
step 174000  train 0.9228  eval 0.8791  pmax 15.9  (2494s)
step 175000  train 0.9206  eval 0.8474  pmax 15.9  (2509s)
  [checkpoint + sample saved at step 175000]
step 176000  train 0.9267  eval 0.8952  pmax 15.9  (2525s)
step 177000  train 0.8863  eval 0.8779  pmax 16.0  (2539s)
step 178000  train 0.9105  eval 0.8394  pmax 16.0  (2554s)
step 179000  train 0.9079  eval 0.8770  pmax 16.0  (2568s)
step 180000  train 0.9088  eval 0.8766  pmax 16.0  (2582s)
step 181000  train 0.9247  eval 0.8761  pmax 16.0  (2597s)
step 182000  train 0.9557  eval 0.8586  pmax 16.0  (2611s)
step 183000  train 0.9122  eval 0.8337  pmax 16.0  (2625s)
step 184000  train 0.9115  eval 0.8361  pmax 16.1  (2639s)
step 185000  train 0.9198  eval 0.8319  pmax 16.1  (2653s)
step 186000  train 0.9278  eval 0.8723  pmax 16.1  (2667s)
step 187000  train 0.9284  eval 0.8594  pmax 16.1  (2681s)
step 188000  train 0.9051  eval 0.8576  pmax 16.1  (2695s)
step 189000  train 0.9054  eval 0.8568  pmax 16.1  (2710s)
step 190000  train 0.9213  eval 0.8844  pmax 16.1  (2724s)
step 191000  train 0.8913  eval 0.8612  pmax 16.1  (2739s)
step 192000  train 0.9172  eval 0.8480  pmax 16.1  (2753s)
step 193000  train 0.9153  eval 0.8361  pmax 16.1  (2768s)
step 194000  train 0.9336  eval 0.8782  pmax 16.1  (2782s)
step 195000  train 0.9209  eval 0.8341  pmax 16.1  (2797s)
step 196000  train 0.8999  eval 0.8550  pmax 16.1  (2811s)
step 197000  train 0.9116  eval 0.8481  pmax 16.1  (2825s)
step 198000  train 0.9299  eval 0.8606  pmax 16.1  (2839s)
step 199000  train 0.9161  eval 0.8444  pmax 16.1  (2854s)
step 200000  train 0.9024  eval 0.8643  pmax 16.1  (2868s)
  [checkpoint + sample saved at step 200000]
step 201000  train 0.8940  eval 0.8791  pmax 16.1  (2884s)
step 202000  train 0.8864  eval 0.8440  pmax 16.1  (2898s)
step 203000  train 0.8918  eval 0.8281  pmax 16.1  (2913s)
step 204000  train 0.8870  eval 0.8838  pmax 16.1  (2927s)
step 205000  train 0.9331  eval 0.8559  pmax 16.1  (2941s)
step 206000  train 0.9114  eval 0.8774  pmax 16.1  (2955s)
step 207000  train 0.8535  eval 0.8644  pmax 16.1  (2969s)
step 208000  train 0.9104  eval 0.8769  pmax 16.1  (2983s)
step 209000  train 0.9145  eval 0.8712  pmax 16.1  (2997s)
step 210000  train 0.9137  eval 0.8720  pmax 16.1  (3011s)
step 211000  train 0.9239  eval 0.8725  pmax 16.1  (3026s)
step 212000  train 0.9021  eval 0.8677  pmax 16.1  (3040s)
step 213000  train 0.8967  eval 0.8528  pmax 16.1  (3055s)
step 214000  train 0.9116  eval 0.8513  pmax 16.1  (3069s)
step 215000  train 0.8557  eval 0.8547  pmax 16.1  (3083s)
step 216000  train 0.9087  eval 0.8447  pmax 16.1  (3098s)
step 217000  train 0.8959  eval 0.8560  pmax 16.1  (3112s)
step 218000  train 0.8988  eval 0.8674  pmax 16.2  (3126s)
step 219000  train 0.9171  eval 0.8466  pmax 16.2  (3141s)
step 220000  train 0.9295  eval 0.8700  pmax 16.2  (3155s)
step 221000  train 0.8729  eval 0.8692  pmax 16.2  (3170s)
step 222000  train 0.8861  eval 0.8658  pmax 16.2  (3184s)
step 223000  train 0.8863  eval 0.8993  pmax 16.2  (3198s)
step 224000  train 0.8946  eval 0.8635  pmax 16.2  (3212s)
step 225000  train 0.9088  eval 0.9011  pmax 16.2  (3226s)
  [checkpoint + sample saved at step 225000]
step 226000  train 0.8914  eval 0.8473  pmax 16.2  (3242s)
step 227000  train 0.9262  eval 0.8598  pmax 16.2  (3256s)
step 228000  train 0.9213  eval 0.8757  pmax 16.2  (3269s)
step 229000  train 0.9211  eval 0.8566  pmax 16.2  (3283s)
step 230000  train 0.9018  eval 0.8113  pmax 16.2  (3298s)
step 231000  train 0.8969  eval 0.8832  pmax 16.2  (3312s)
step 232000  train 0.8731  eval 0.9030  pmax 16.2  (3326s)
step 233000  train 0.9087  eval 0.8584  pmax 16.2  (3340s)
step 234000  train 0.8858  eval 0.8688  pmax 16.2  (3354s)
step 235000  train 0.9013  eval 0.8798  pmax 16.2  (3369s)
step 236000  train 0.8777  eval 0.8854  pmax 16.2  (3383s)
step 237000  train 0.8953  eval 0.8725  pmax 16.2  (3397s)
step 238000  train 0.9010  eval 0.8400  pmax 16.2  (3412s)
step 239000  train 0.9125  eval 0.8533  pmax 16.2  (3426s)
step 240000  train 0.9352  eval 0.8352  pmax 16.2  (3441s)
step 241000  train 0.8930  eval 0.8758  pmax 16.2  (3455s)
step 242000  train 0.9007  eval 0.8325  pmax 16.2  (3470s)
step 243000  train 0.9323  eval 0.8570  pmax 16.2  (3484s)
step 244000  train 0.8866  eval 0.8398  pmax 16.2  (3499s)
step 245000  train 0.8817  eval 0.8656  pmax 16.2  (3513s)
step 246000  train 0.9007  eval 0.8704  pmax 16.2  (3527s)
step 247000  train 0.9083  eval 0.8690  pmax 16.2  (3540s)
step 248000  train 0.9189  eval 0.8707  pmax 16.2  (3555s)
step 249000  train 0.8837  eval 0.8249  pmax 16.2  (3569s)
step 250000  train 0.9107  eval 0.8574  pmax 16.2  (3584s)
  [checkpoint + sample saved at step 250000]
step 251000  train 0.8996  eval 0.8628  pmax 16.2  (3600s)
step 252000  train 0.8705  eval 0.8594  pmax 16.2  (3614s)
step 253000  train 0.9285  eval 0.8515  pmax 16.2  (3628s)
step 254000  train 0.9028  eval 0.8491  pmax 16.2  (3642s)
step 255000  train 0.9071  eval 0.8559  pmax 16.2  (3656s)
step 256000  train 0.9302  eval 0.8561  pmax 16.2  (3671s)
step 257000  train 0.9416  eval 0.8385  pmax 16.2  (3685s)
step 258000  train 0.9015  eval 0.8555  pmax 16.2  (3699s)
step 259000  train 0.8845  eval 0.8221  pmax 16.2  (3714s)
step 260000  train 0.9100  eval 0.8529  pmax 16.2  (3728s)
step 261000  train 0.9297  eval 0.8490  pmax 16.2  (3743s)
step 262000  train 0.8897  eval 0.8387  pmax 16.2  (3756s)
step 263000  train 0.9205  eval 0.8774  pmax 16.2  (3771s)
step 264000  train 0.8844  eval 0.8473  pmax 16.2  (3785s)
step 265000  train 0.8856  eval 0.8540  pmax 16.2  (3799s)
step 266000  train 0.9176  eval 0.8614  pmax 16.2  (3813s)
step 267000  train 0.9294  eval 0.8473  pmax 16.2  (3827s)
step 268000  train 0.9064  eval 0.8376  pmax 16.2  (3841s)
step 269000  train 0.9118  eval 0.8471  pmax 16.2  (3855s)
step 270000  train 0.9087  eval 0.8606  pmax 16.2  (3870s)
step 271000  train 0.9087  eval 0.8512  pmax 16.2  (3885s)
step 272000  train 0.9136  eval 0.8402  pmax 16.2  (3899s)
step 273000  train 0.8743  eval 0.8665  pmax 16.2  (3913s)
step 274000  train 0.9198  eval 0.8422  pmax 16.2  (3928s)
step 275000  train 0.8921  eval 0.8321  pmax 16.2  (3942s)
  [checkpoint + sample saved at step 275000]
step 276000  train 0.9174  eval 0.8590  pmax 16.2  (3958s)
step 277000  train 0.9312  eval 0.8522  pmax 16.2  (3973s)
step 278000  train 0.9059  eval 0.8392  pmax 16.2  (3987s)
step 279000  train 0.8759  eval 0.8466  pmax 16.2  (4002s)
step 280000  train 0.8902  eval 0.8429  pmax 16.2  (4016s)
step 281000  train 0.8933  eval 0.8854  pmax 16.2  (4030s)
step 282000  train 0.8807  eval 0.8585  pmax 16.2  (4044s)
step 283000  train 0.9231  eval 0.8523  pmax 16.2  (4058s)
step 284000  train 0.9016  eval 0.8579  pmax 16.2  (4073s)
step 285000  train 0.8745  eval 0.8243  pmax 16.2  (4086s)
step 286000  train 0.8972  eval 0.8402  pmax 16.2  (4101s)
step 287000  train 0.9035  eval 0.8548  pmax 16.2  (4115s)
step 288000  train 0.8914  eval 0.8167  pmax 16.2  (4130s)
step 289000  train 0.9130  eval 0.8445  pmax 16.2  (4144s)
step 290000  train 0.9009  eval 0.8704  pmax 16.2  (4158s)
step 291000  train 0.9154  eval 0.8637  pmax 16.2  (4172s)
step 292000  train 0.8837  eval 0.8203  pmax 16.2  (4187s)
step 293000  train 0.9004  eval 0.8415  pmax 16.2  (4202s)
step 294000  train 0.9146  eval 0.8587  pmax 16.2  (4216s)
step 295000  train 0.9064  eval 0.8614  pmax 16.2  (4231s)
step 296000  train 0.9099  eval 0.8798  pmax 16.2  (4245s)
step 297000  train 0.9214  eval 0.8578  pmax 16.2  (4259s)
step 298000  train 0.8778  eval 0.8471  pmax 16.2  (4273s)
step 299000  train 0.9097  eval 0.8619  pmax 16.2  (4287s)
step 300000  train 0.8538  eval 0.8479  pmax 16.2  (4301s)
  [checkpoint + sample saved at step 300000]
done. artifacts in /home/luke/Wavelet-State-KAN/checkpoints/wskan11real_tinystories_100k_3ep_s123
