/home/luke/Wavelet-State-KAN/experiments/V1_train_tinystories_lm.py:107: UserWarning: The given buffer is not writable, and PyTorch does not support non-writable tensors. This means you can write to the underlying (supposedly non-writable) buffer using the tensor. You may want to copy the buffer to protect its data or make it writable before converting it to a tensor. This type of warning will be suppressed for the rest of this program. (Triggered internally at /__w/pytorch/pytorch/torch/csrc/utils/tensor_new.cpp:1556.)
  train_ids = torch.frombuffer(train_text.encode("utf-8", errors="ignore"), dtype=torch.uint8)
train bytes: 1,905,061,325  eval bytes: 405,730
model: wskan11real  params: 10,153,996  device: cuda
step     1  train 5.5840  eval 4.3310  pmax 3.0  (10s)
step  1000  train 0.8751  eval 0.8045  pmax 3.1  (187s)
step  2000  train 0.8300  eval 0.7607  pmax 3.1  (363s)
step  3000  train 0.7619  eval 0.7095  pmax 3.2  (539s)
step  4000  train 0.7645  eval 0.7266  pmax 3.2  (716s)
step  5000  train 0.7123  eval 0.6928  pmax 3.2  (892s)
  [checkpoint + sample saved at step 5000]
step  6000  train 0.6977  eval 0.6610  pmax 3.3  (1070s)
step  7000  train 0.7040  eval 0.6446  pmax 3.3  (1247s)
step  8000  train 0.7138  eval 0.6532  pmax 3.3  (1423s)
step  9000  train 0.6927  eval 0.6302  pmax 3.3  (1600s)
step 10000  train 0.6988  eval 0.6323  pmax 3.3  (1776s)
  [checkpoint + sample saved at step 10000]
step 11000  train 0.6676  eval 0.6355  pmax 3.3  (1954s)
step 12000  train 0.6770  eval 0.6404  pmax 3.3  (2131s)
step 13000  train 0.6908  eval 0.6196  pmax 3.3  (2307s)
step 14000  train 0.6483  eval 0.6291  pmax 3.4  (2483s)
step 15000  train 0.6594  eval 0.5985  pmax 3.4  (2660s)
  [checkpoint + sample saved at step 15000]
step 16000  train 0.7035  eval 0.6090  pmax 3.4  (2838s)
step 17000  train 0.6656  eval 0.6338  pmax 3.4  (3015s)
step 18000  train 0.6211  eval 0.5848  pmax 3.4  (3191s)
step 19000  train 0.6515  eval 0.5811  pmax 3.4  (3368s)
step 20000  train 0.6568  eval 0.5800  pmax 3.4  (3544s)
  [checkpoint + sample saved at step 20000]
step 21000  train 0.6676  eval 0.6207  pmax 3.4  (3722s)
step 22000  train 0.6400  eval 0.6268  pmax 3.4  (3899s)
step 23000  train 0.6208  eval 0.5883  pmax 3.4  (4075s)
step 24000  train 0.6581  eval 0.6038  pmax 3.4  (4252s)
step 25000  train 0.6475  eval 0.5779  pmax 3.4  (4428s)
  [checkpoint + sample saved at step 25000]
step 26000  train 0.6126  eval 0.5766  pmax 3.4  (4606s)
step 27000  train 0.6866  eval 0.5842  pmax 3.4  (4782s)
step 28000  train 0.6329  eval 0.6037  pmax 3.4  (4959s)
step 29000  train 0.6322  eval 0.5773  pmax 3.4  (5135s)
step 30000  train 0.6547  eval 0.5843  pmax 3.4  (5311s)
  [checkpoint + sample saved at step 30000]
step 31000  train 0.6074  eval 0.6219  pmax 3.4  (5490s)
step 32000  train 0.6169  eval 0.5644  pmax 3.4  (5666s)
step 33000  train 0.6296  eval 0.5609  pmax 3.4  (5842s)
  [checkpoint + sample saved at step 33000]
done. artifacts in /home/luke/Wavelet-State-KAN/checkpoints/wskan11real_tinystories_10m_3ep_s42
