train bytes: 180,723,994  eval bytes: 405,730
model: wskan3  params: 101,856  device: cuda
step     1  train 5.5503  eval 5.5461  pmax 18.9  (13s)
step  2500  train 1.2062  eval 1.1405  pmax 18.9  (144s)
step  5000  train 1.0576  eval 1.0319  pmax 19.0  (273s)
step  7500  train 1.0111  eval 1.0002  pmax 19.2  (403s)
step 10000  train 1.0190  eval 0.9771  pmax 19.4  (535s)
step 12500  train 0.9833  eval 0.9472  pmax 19.6  (668s)
step 15000  train 0.9126  eval 0.9730  pmax 19.7  (799s)
step 17500  train 1.0084  eval 0.9291  pmax 19.7  (929s)
step 20000  train 0.9616  eval 0.8843  pmax 19.9  (1059s)
step 22500  train 0.9776  eval 0.9179  pmax 19.9  (1189s)
step 25000  train 0.9551  eval 0.8866  pmax 19.9  (1318s)
step 27500  train 0.9376  eval 0.9335  pmax 20.0  (1443s)
step 30000  train 0.9234  eval 0.9235  pmax 20.0  (1568s)
step 32500  train 0.9593  eval 0.8748  pmax 20.0  (1694s)
step 35000  train 0.9454  eval 0.8969  pmax 20.0  (1821s)
step 37500  train 0.9314  eval 0.9282  pmax 20.0  (1948s)
step 40000  train 0.9133  eval 0.9049  pmax 19.9  (2077s)
step 42500  train 0.8857  eval 0.9140  pmax 19.9  (2209s)
step 45000  train 0.9439  eval 0.8966  pmax 19.9  (2335s)
step 47500  train 0.9264  eval 0.8946  pmax 19.9  (2461s)
step 50000  train 0.9515  eval 0.8886  pmax 19.9  (2589s)
  [checkpoint + sample saved at step 50000]
step 52500  train 0.9222  eval 0.8875  pmax 19.9  (2723s)
step 55000  train 0.9262  eval 0.8533  pmax 19.9  (2847s)
step 57500  train 0.9207  eval 0.8482  pmax 19.9  (2976s)
step 60000  train 0.9120  eval 0.8980  pmax 19.9  (3106s)
step 62500  train 0.9489  eval 0.8837  pmax 19.9  (3234s)
step 65000  train 0.9454  eval 0.8959  pmax 19.9  (3359s)
step 67500  train 0.8974  eval 0.9216  pmax 19.9  (3490s)
step 70000  train 0.8941  eval 0.8929  pmax 19.9  (3614s)
step 72500  train 0.9093  eval 0.8752  pmax 19.9  (3742s)
step 75000  train 0.9446  eval 0.8839  pmax 19.9  (3869s)
step 77500  train 0.9169  eval 0.8787  pmax 19.9  (3997s)
step 80000  train 0.8819  eval 0.8877  pmax 19.8  (4127s)
step 82500  train 0.9190  eval 0.8924  pmax 19.8  (4255s)
step 85000  train 0.9072  eval 0.8369  pmax 19.8  (4383s)
step 87500  train 0.8837  eval 0.8646  pmax 19.8  (4511s)
step 90000  train 0.9742  eval 0.8389  pmax 19.8  (4638s)
step 92500  train 0.8969  eval 0.8226  pmax 19.8  (4765s)
step 95000  train 0.9317  eval 0.7949  pmax 19.8  (4896s)
step 97500  train 0.9007  eval 0.8209  pmax 19.8  (5027s)
step 100000  train 0.9068  eval 0.8190  pmax 19.8  (5158s)
  [checkpoint + sample saved at step 100000]
done. artifacts in /home/luke/Wavelet-State-KAN/checkpoints/wskan3_tinystories_interp_s123
