/home/luke/Wavelet-State-KAN/experiments/V1_train_tinystories_lm.py:107: UserWarning: The given buffer is not writable, and PyTorch does not support non-writable tensors. This means you can write to the underlying (supposedly non-writable) buffer using the tensor. You may want to copy the buffer to protect its data or make it writable before converting it to a tensor. This type of warning will be suppressed for the rest of this program. (Triggered internally at /__w/pytorch/pytorch/torch/csrc/utils/tensor_new.cpp:1556.)
  train_ids = torch.frombuffer(train_text.encode("utf-8", errors="ignore"), dtype=torch.uint8)
train bytes: 542,898,247  eval bytes: 130,357
model: wskan11real  params: 113,612  device: cuda
W0919 23:15:44.981000 39044 .venv/lib/python3.12/site-packages/torch/_inductor/utils.py:1806] [0/0] Not enough SMs to use max_autotune_gemm mode
step     1  train 5.5449  eval 5.4553  pmax 3.0  (20s)
step  1000  train 1.6819  eval 1.6628  pmax 3.1  (34s)
step  2000  train 1.6074  eval 1.5545  pmax 3.2  (47s)
step  3000  train 1.5700  eval 1.5484  pmax 3.3  (61s)
step  4000  train 1.5346  eval 1.5537  pmax 3.4  (75s)
step  5000  train 1.4779  eval 1.5088  pmax 3.7  (89s)
step  6000  train 1.5697  eval 1.5036  pmax 3.9  (103s)
step  7000  train 1.5277  eval 1.4648  pmax 4.0  (117s)
step  8000  train 1.4906  eval 1.4903  pmax 4.2  (131s)
step  9000  train 1.5122  eval 1.4647  pmax 4.3  (145s)
step 10000  train 1.4759  eval 1.5007  pmax 4.3  (159s)
step 11000  train 1.4816  eval 1.4594  pmax 4.5  (172s)
step 12000  train 1.4451  eval 1.4228  pmax 4.7  (186s)
step 13000  train 1.5138  eval 1.4534  pmax 5.0  (199s)
step 14000  train 1.4915  eval 1.4556  pmax 5.7  (213s)
step 15000  train 1.4697  eval 1.4623  pmax 6.4  (227s)
step 16000  train 1.4657  eval 1.4830  pmax 7.0  (241s)
step 17000  train 1.4706  eval 1.4864  pmax 7.4  (254s)
step 18000  train 1.4328  eval 1.4334  pmax 7.8  (268s)
step 19000  train 1.4495  eval 1.4279  pmax 8.2  (282s)
step 20000  train 1.4590  eval 1.4403  pmax 8.5  (296s)
step 21000  train 1.4211  eval 1.4396  pmax 8.8  (310s)
step 22000  train 1.4656  eval 1.4536  pmax 9.1  (324s)
step 23000  train 1.4545  eval 1.4508  pmax 9.4  (337s)
step 24000  train 1.4728  eval 1.4060  pmax 9.6  (351s)
step 25000  train 1.4378  eval 1.4590  pmax 9.8  (365s)
  [checkpoint + sample saved at step 25000]
step 26000  train 1.4745  eval 1.4011  pmax 10.1  (381s)
step 27000  train 1.4202  eval 1.4281  pmax 10.3  (394s)
step 28000  train 1.4461  eval 1.4260  pmax 10.5  (408s)
step 29000  train 1.4192  eval 1.4019  pmax 10.6  (422s)
step 30000  train 1.4717  eval 1.4542  pmax 10.8  (435s)
step 31000  train 1.4111  eval 1.4353  pmax 11.2  (449s)
step 32000  train 1.4428  eval 1.4521  pmax 11.6  (463s)
step 33000  train 1.4481  eval 1.3946  pmax 11.8  (477s)
step 34000  train 1.4537  eval 1.3957  pmax 12.1  (490s)
step 35000  train 1.4073  eval 1.4145  pmax 12.3  (503s)
step 36000  train 1.4059  eval 1.4134  pmax 12.5  (517s)
step 37000  train 1.4464  eval 1.4567  pmax 12.7  (531s)
step 38000  train 1.4361  eval 1.3900  pmax 13.0  (545s)
step 39000  train 1.4455  eval 1.4282  pmax 13.2  (558s)
step 40000  train 1.4865  eval 1.4567  pmax 13.4  (572s)
step 41000  train 1.4855  eval 1.4423  pmax 13.6  (586s)
step 42000  train 1.4225  eval 1.4528  pmax 13.8  (600s)
step 43000  train 1.4120  eval 1.4137  pmax 14.0  (614s)
step 44000  train 1.3911  eval 1.4261  pmax 14.2  (628s)
step 45000  train 1.4316  eval 1.4107  pmax 14.4  (642s)
step 46000  train 1.4536  eval 1.4251  pmax 14.5  (655s)
step 47000  train 1.4421  eval 1.3945  pmax 14.6  (669s)
step 48000  train 1.4126  eval 1.4261  pmax 14.8  (683s)
step 49000  train 1.3899  eval 1.3970  pmax 15.0  (696s)
step 50000  train 1.4565  eval 1.3889  pmax 15.1  (710s)
  [checkpoint + sample saved at step 50000]
step 51000  train 1.4103  eval 1.4213  pmax 15.2  (726s)
step 52000  train 1.4041  eval 1.4365  pmax 15.3  (739s)
step 53000  train 1.4176  eval 1.3913  pmax 15.4  (753s)
step 54000  train 1.4157  eval 1.4040  pmax 15.5  (767s)
step 55000  train 1.3851  eval 1.4174  pmax 15.6  (781s)
step 56000  train 1.4346  eval 1.4351  pmax 15.7  (795s)
step 57000  train 1.4496  eval 1.4100  pmax 15.8  (809s)
step 58000  train 1.4149  eval 1.4014  pmax 15.9  (823s)
step 59000  train 1.4330  eval 1.4251  pmax 16.0  (836s)
step 60000  train 1.4068  eval 1.4316  pmax 16.0  (850s)
step 61000  train 1.4206  eval 1.4457  pmax 16.1  (864s)
step 62000  train 1.4243  eval 1.4112  pmax 16.1  (878s)
step 63000  train 1.4271  eval 1.3857  pmax 16.2  (892s)
step 64000  train 1.4229  eval 1.4073  pmax 16.3  (906s)
step 65000  train 1.4391  eval 1.4084  pmax 16.3  (920s)
step 66000  train 1.4581  eval 1.4147  pmax 16.4  (933s)
step 67000  train 1.4277  eval 1.4031  pmax 16.4  (947s)
step 68000  train 1.3908  eval 1.3984  pmax 16.5  (961s)
step 69000  train 1.4699  eval 1.4007  pmax 16.5  (975s)
step 70000  train 1.3985  eval 1.4031  pmax 16.6  (988s)
step 71000  train 1.3915  eval 1.3771  pmax 16.6  (1002s)
step 72000  train 1.4154  eval 1.3955  pmax 16.6  (1016s)
step 73000  train 1.4366  eval 1.3999  pmax 16.7  (1030s)
step 74000  train 1.4011  eval 1.4039  pmax 16.7  (1044s)
step 75000  train 1.4161  eval 1.3779  pmax 16.7  (1058s)
  [checkpoint + sample saved at step 75000]
step 76000  train 1.3897  eval 1.4160  pmax 16.7  (1073s)
step 77000  train 1.4072  eval 1.3871  pmax 16.7  (1088s)
step 78000  train 1.4011  eval 1.4111  pmax 16.7  (1101s)
step 79000  train 1.3940  eval 1.4189  pmax 16.8  (1116s)
step 80000  train 1.3770  eval 1.3949  pmax 16.8  (1129s)
step 81000  train 1.4038  eval 1.3616  pmax 16.8  (1143s)
step 82000  train 1.3911  eval 1.4100  pmax 16.8  (1157s)
step 83000  train 1.3916  eval 1.3974  pmax 16.8  (1171s)
step 84000  train 1.3966  eval 1.4005  pmax 16.9  (1185s)
step 85000  train 1.4147  eval 1.3640  pmax 16.9  (1199s)
step 86000  train 1.3921  eval 1.4368  pmax 16.9  (1213s)
step 87000  train 1.3908  eval 1.3748  pmax 16.9  (1227s)
step 88000  train 1.3651  eval 1.3753  pmax 16.9  (1240s)
step 89000  train 1.3961  eval 1.3463  pmax 16.9  (1254s)
step 90000  train 1.4684  eval 1.3999  pmax 16.9  (1267s)
step 91000  train 1.4453  eval 1.3993  pmax 16.9  (1281s)
step 92000  train 1.3552  eval 1.4252  pmax 16.9  (1295s)
step 93000  train 1.4130  eval 1.3714  pmax 16.9  (1309s)
step 94000  train 1.4137  eval 1.3946  pmax 16.9  (1323s)
step 95000  train 1.3944  eval 1.3896  pmax 16.9  (1337s)
step 96000  train 1.3975  eval 1.4040  pmax 16.9  (1351s)
step 97000  train 1.4052  eval 1.4051  pmax 16.9  (1364s)
step 98000  train 1.4275  eval 1.4475  pmax 16.9  (1378s)
step 99000  train 1.3998  eval 1.3983  pmax 16.9  (1392s)
  [checkpoint + sample saved at step 99000]
done. artifacts in /home/luke/Wavelet-State-KAN/checkpoints/wskan11real_wikitext_100k_3ep_s42
