train bytes: 180,263,596  eval bytes: 2,859,070
model: wskan3real  params: 101,856  device: cuda
W0911 22:38:03.393000 3383795 .venv/lib/python3.12/site-packages/torch/_inductor/utils.py:1806] [0/0] Not enough SMs to use max_autotune_gemm mode
step     1  train 5.5395  eval 5.5102  pmax 3.0  (1187s)
step  2500  train 1.6861  eval 1.6641  pmax 3.0  (1598s)
step  5000  train 1.4892  eval 1.5677  pmax 3.0  (2012s)
step  7500  train 1.5500  eval 1.5176  pmax 3.0  (2423s)
step 10000  train 1.3959  eval 1.3496  pmax 3.1  (2837s)
step 12500  train 1.4175  eval 1.4157  pmax 3.2  (3251s)
step 15000  train 1.3866  eval 1.3959  pmax 3.4  (3662s)
step 17500  train 1.3587  eval 1.5411  pmax 3.5  (4076s)
step 20000  train 1.3878  eval 1.4507  pmax 3.6  (4488s)
step 22500  train 1.3806  eval 1.4015  pmax 3.7  (4902s)
step 25000  train 1.4197  eval 1.4806  pmax 3.7  (5312s)
step 27500  train 1.3845  eval 1.3826  pmax 3.8  (5726s)
step 30000  train 1.2794  eval 1.3833  pmax 3.9  (6139s)
step 32500  train 1.3829  eval 1.3578  pmax 3.9  (6550s)
step 35000  train 1.2948  eval 1.3699  pmax 4.0  (6962s)
step 37500  train 1.4338  eval 1.3758  pmax 4.0  (7376s)
step 40000  train 1.4835  eval 1.3418  pmax 4.1  (7789s)
step 42500  train 1.4009  eval 1.3569  pmax 4.1  (8202s)
step 45000  train 1.3638  eval 1.3318  pmax 4.2  (8615s)
step 47500  train 1.3193  eval 1.3561  pmax 4.2  (9024s)
step 50000  train 1.3010  eval 1.3177  pmax 4.2  (9436s)
  [checkpoint + sample saved at step 50000]
step 52500  train 1.3271  eval 1.4551  pmax 4.3  (9853s)
step 55000  train 1.4344  eval 1.3057  pmax 4.3  (10266s)
step 57500  train 1.4145  eval 1.2783  pmax 4.3  (10679s)
step 60000  train 1.3864  eval 1.3741  pmax 4.4  (11090s)
step 62500  train 1.3460  eval 1.4052  pmax 4.4  (11503s)
step 65000  train 1.3396  eval 1.4487  pmax 4.4  (11915s)
step 67500  train 1.2618  eval 1.3706  pmax 4.4  (12328s)
step 70000  train 1.3067  eval 1.3807  pmax 4.4  (12739s)
step 72500  train 1.2842  eval 1.3159  pmax 4.4  (13152s)
step 75000  train 1.2670  eval 1.3448  pmax 4.5  (13566s)
step 77500  train 1.3695  eval 1.3511  pmax 4.5  (13977s)
step 80000  train 1.3425  eval 1.2744  pmax 4.5  (14388s)
step 82500  train 1.2291  eval 1.2468  pmax 4.5  (14801s)
step 85000  train 1.3470  eval 1.2698  pmax 4.5  (15215s)
step 87500  train 1.3507  eval 1.2722  pmax 4.5  (15627s)
step 90000  train 1.4007  eval 1.3146  pmax 4.5  (16041s)
step 92500  train 1.3214  eval 1.2578  pmax 4.5  (16454s)
step 95000  train 1.3810  eval 1.3360  pmax 4.5  (16865s)
step 97500  train 1.2767  eval 1.3177  pmax 4.5  (17205s)
step 100000  train 1.3383  eval 1.3268  pmax 4.5  (17429s)
  [checkpoint + sample saved at step 100000]
done. artifacts in /home/luke/Wavelet-State-KAN/checkpoints/wskan3real_ultrachat_interp_s42
