/home/luke/Wavelet-State-KAN/experiments/V1_train_tinystories_lm.py:107: UserWarning: The given buffer is not writable, and PyTorch does not support non-writable tensors. This means you can write to the underlying (supposedly non-writable) buffer using the tensor. You may want to copy the buffer to protect its data or make it writable before converting it to a tensor. This type of warning will be suppressed for the rest of this program. (Triggered internally at /__w/pytorch/pytorch/torch/csrc/utils/tensor_new.cpp:1556.)
  train_ids = torch.frombuffer(train_text.encode("utf-8", errors="ignore"), dtype=torch.uint8)
train bytes: 542,898,247  eval bytes: 130,357
model: wskan11  params: 12,546  device: cuda
step     1  train 5.5452  eval 5.5233  pmax 18.9  (7s)
step  1000  train 2.0610  eval 2.0921  pmax 19.1  (16s)
step  2000  train 2.0372  eval 2.0155  pmax 19.2  (25s)
step  3000  train 1.9719  eval 2.0121  pmax 19.2  (34s)
step  4000  train 1.9763  eval 2.0068  pmax 19.3  (42s)
step  5000  train 1.9942  eval 1.9930  pmax 19.3  (51s)
step  6000  train 1.9778  eval 1.9603  pmax 19.5  (60s)
step  7000  train 1.9664  eval 1.9696  pmax 19.6  (69s)
step  8000  train 1.9623  eval 1.9724  pmax 19.7  (78s)
step  9000  train 1.9380  eval 1.9542  pmax 19.7  (87s)
step 10000  train 1.9866  eval 1.9213  pmax 19.8  (96s)
step 11000  train 1.9355  eval 1.9155  pmax 19.8  (105s)
step 12000  train 1.9433  eval 1.9652  pmax 19.9  (114s)
step 13000  train 1.9798  eval 1.9557  pmax 19.9  (123s)
step 14000  train 1.9430  eval 1.9521  pmax 20.0  (132s)
step 15000  train 1.9419  eval 1.9305  pmax 20.0  (141s)
step 16000  train 1.9445  eval 1.9329  pmax 20.0  (150s)
step 17000  train 1.9351  eval 1.9205  pmax 20.0  (159s)
step 18000  train 1.9501  eval 1.9156  pmax 20.1  (168s)
step 19000  train 1.9451  eval 1.9229  pmax 20.1  (177s)
step 20000  train 1.9547  eval 1.9413  pmax 20.1  (186s)
step 21000  train 1.9192  eval 1.9397  pmax 20.1  (195s)
step 22000  train 1.9083  eval 1.9574  pmax 20.1  (204s)
step 23000  train 1.9295  eval 1.9013  pmax 20.1  (212s)
step 24000  train 1.9353  eval 1.9461  pmax 20.1  (221s)
step 25000  train 1.9216  eval 1.9571  pmax 20.1  (230s)
  [checkpoint + sample saved at step 25000]
step 26000  train 1.9024  eval 1.9395  pmax 20.1  (240s)
step 27000  train 1.9285  eval 1.9024  pmax 20.1  (249s)
step 28000  train 1.8938  eval 1.9370  pmax 20.2  (258s)
step 29000  train 1.9311  eval 1.9410  pmax 20.2  (266s)
step 30000  train 1.9721  eval 1.9272  pmax 20.2  (275s)
step 31000  train 1.9000  eval 1.9220  pmax 20.2  (284s)
step 32000  train 1.9473  eval 1.9060  pmax 20.2  (293s)
step 33000  train 1.9133  eval 1.9481  pmax 20.2  (302s)
step 34000  train 1.9538  eval 1.9222  pmax 20.2  (310s)
step 35000  train 1.9300  eval 1.9540  pmax 20.2  (319s)
step 36000  train 1.9143  eval 1.9375  pmax 20.2  (328s)
step 37000  train 1.9143  eval 1.9199  pmax 20.2  (337s)
step 38000  train 1.9216  eval 1.9387  pmax 20.2  (346s)
step 39000  train 1.9230  eval 1.9040  pmax 20.2  (355s)
step 40000  train 1.9301  eval 1.9579  pmax 20.2  (364s)
step 41000  train 1.9233  eval 1.9220  pmax 20.2  (373s)
step 42000  train 1.9149  eval 1.9040  pmax 20.2  (382s)
step 43000  train 1.9297  eval 1.9567  pmax 20.2  (391s)
step 44000  train 1.9217  eval 1.9245  pmax 20.2  (400s)
step 45000  train 1.9403  eval 1.9320  pmax 20.2  (409s)
step 46000  train 1.9042  eval 1.8924  pmax 20.2  (418s)
step 47000  train 1.9239  eval 1.9031  pmax 20.2  (427s)
step 48000  train 1.9586  eval 1.9302  pmax 20.2  (436s)
step 49000  train 1.9352  eval 1.8828  pmax 20.2  (445s)
step 50000  train 1.9028  eval 1.9102  pmax 20.2  (454s)
  [checkpoint + sample saved at step 50000]
done. artifacts in /home/luke/Wavelet-State-KAN/checkpoints/wskan11_wikitext_10k_3ep_s31337
