/home/luke/Wavelet-State-KAN/experiments/V1_train_tinystories_lm.py:107: UserWarning: The given buffer is not writable, and PyTorch does not support non-writable tensors. This means you can write to the underlying (supposedly non-writable) buffer using the tensor. You may want to copy the buffer to protect its data or make it writable before converting it to a tensor. This type of warning will be suppressed for the rest of this program. (Triggered internally at /__w/pytorch/pytorch/torch/csrc/utils/tensor_new.cpp:1556.)
  train_ids = torch.frombuffer(train_text.encode("utf-8", errors="ignore"), dtype=torch.uint8)
train bytes: 1,905,061,325  eval bytes: 405,730
model: wskan11  params: 12,546  device: cuda
step     1  train 5.5499  eval 5.5278  pmax 18.9  (8s)
step  1000  train 1.7027  eval 1.6586  pmax 19.3  (17s)
step  2000  train 1.6554  eval 1.6125  pmax 19.4  (27s)
step  3000  train 1.5907  eval 1.5596  pmax 19.6  (36s)
step  4000  train 1.5700  eval 1.5861  pmax 19.8  (45s)
step  5000  train 1.5163  eval 1.5305  pmax 19.8  (53s)
step  6000  train 1.5310  eval 1.5034  pmax 19.8  (62s)
step  7000  train 1.5409  eval 1.5070  pmax 19.8  (71s)
step  8000  train 1.5400  eval 1.5001  pmax 19.8  (80s)
step  9000  train 1.5806  eval 1.4645  pmax 19.7  (89s)
step 10000  train 1.5574  eval 1.4777  pmax 19.7  (98s)
step 11000  train 1.5520  eval 1.4634  pmax 19.7  (107s)
step 12000  train 1.5389  eval 1.4837  pmax 19.7  (116s)
step 13000  train 1.5280  eval 1.4951  pmax 19.7  (125s)
step 14000  train 1.5137  eval 1.4866  pmax 19.9  (134s)
step 15000  train 1.5552  eval 1.5098  pmax 20.4  (143s)
step 16000  train 1.5237  eval 1.5046  pmax 20.9  (152s)
step 17000  train 1.5456  eval 1.4362  pmax 21.3  (160s)
step 18000  train 1.5089  eval 1.4870  pmax 21.7  (170s)
step 19000  train 1.5369  eval 1.4727  pmax 22.0  (179s)
step 20000  train 1.5313  eval 1.4587  pmax 22.3  (188s)
step 21000  train 1.5081  eval 1.4460  pmax 22.7  (197s)
step 22000  train 1.5276  eval 1.4544  pmax 22.9  (206s)
step 23000  train 1.4875  eval 1.5037  pmax 23.2  (215s)
step 24000  train 1.5352  eval 1.4456  pmax 23.4  (224s)
step 25000  train 1.5026  eval 1.4477  pmax 23.6  (233s)
  [checkpoint + sample saved at step 25000]
step 26000  train 1.4691  eval 1.4641  pmax 23.8  (243s)
step 27000  train 1.4995  eval 1.4552  pmax 24.0  (252s)
step 28000  train 1.4946  eval 1.4339  pmax 24.2  (261s)
step 29000  train 1.4994  eval 1.4605  pmax 24.4  (270s)
step 30000  train 1.5296  eval 1.4578  pmax 24.6  (279s)
step 31000  train 1.4892  eval 1.4746  pmax 24.8  (288s)
step 32000  train 1.4970  eval 1.4629  pmax 25.0  (297s)
step 33000  train 1.5295  eval 1.4246  pmax 25.2  (306s)
step 34000  train 1.4960  eval 1.4340  pmax 25.4  (315s)
step 35000  train 1.4970  eval 1.4338  pmax 25.5  (324s)
step 36000  train 1.4473  eval 1.4453  pmax 25.7  (333s)
step 37000  train 1.5014  eval 1.4726  pmax 25.8  (341s)
step 38000  train 1.4876  eval 1.4382  pmax 26.0  (350s)
step 39000  train 1.4884  eval 1.4102  pmax 26.1  (359s)
step 40000  train 1.4798  eval 1.4342  pmax 26.3  (368s)
step 41000  train 1.4844  eval 1.4754  pmax 26.3  (377s)
step 42000  train 1.4806  eval 1.4254  pmax 26.5  (386s)
step 43000  train 1.5113  eval 1.4460  pmax 26.5  (395s)
step 44000  train 1.4836  eval 1.4204  pmax 26.6  (404s)
step 45000  train 1.5004  eval 1.4577  pmax 26.7  (413s)
step 46000  train 1.4939  eval 1.4300  pmax 26.8  (422s)
step 47000  train 1.4813  eval 1.4505  pmax 26.8  (431s)
step 48000  train 1.5136  eval 1.4381  pmax 26.9  (440s)
step 49000  train 1.5449  eval 1.4270  pmax 26.9  (449s)
step 50000  train 1.4983  eval 1.4330  pmax 26.9  (458s)
  [checkpoint + sample saved at step 50000]
step 51000  train 1.4969  eval 1.4525  pmax 27.0  (468s)
step 52000  train 1.4376  eval 1.4426  pmax 27.0  (477s)
step 53000  train 1.4870  eval 1.4898  pmax 27.0  (486s)
step 54000  train 1.4674  eval 1.4620  pmax 27.0  (495s)
step 55000  train 1.4740  eval 1.4397  pmax 27.0  (504s)
step 56000  train 1.4438  eval 1.4495  pmax 27.0  (513s)
step 57000  train 1.4557  eval 1.4040  pmax 27.0  (522s)
step 58000  train 1.4626  eval 1.4683  pmax 27.0  (531s)
step 59000  train 1.4716  eval 1.4642  pmax 27.0  (540s)
step 60000  train 1.4962  eval 1.4401  pmax 27.0  (549s)
  [checkpoint + sample saved at step 60000]
done. artifacts in /home/luke/Wavelet-State-KAN/checkpoints/wskan11_tinystories_10k_3ep_s42
