/home/luke/Wavelet-State-KAN/experiments/V1_train_tinystories_lm.py:107: UserWarning: The given buffer is not writable, and PyTorch does not support non-writable tensors. This means you can write to the underlying (supposedly non-writable) buffer using the tensor. You may want to copy the buffer to protect its data or make it writable before converting it to a tensor. This type of warning will be suppressed for the rest of this program. (Triggered internally at /__w/pytorch/pytorch/torch/csrc/utils/tensor_new.cpp:1556.)
  train_ids = torch.frombuffer(train_text.encode("utf-8", errors="ignore"), dtype=torch.uint8)
train bytes: 542,898,247  eval bytes: 130,357
model: wskan7bc  params: 985,956  device: cuda
W0916 10:26:06.570000 1166497 .venv/lib/python3.12/site-packages/torch/_inductor/utils.py:1806] [0/0] Not enough SMs to use max_autotune_gemm mode
step     1  train 5.5224  eval 5.4033  pmax 18.9  (51s)
step  1000  train 1.4802  eval 1.4625  pmax 18.9  (724s)
step  2000  train 1.3915  eval 1.3673  pmax 19.0  (1395s)
step  3000  train 1.3573  eval 1.3383  pmax 19.0  (2050s)
step  4000  train 1.3239  eval 1.3009  pmax 19.0  (2709s)
step  5000  train 1.2655  eval 1.3186  pmax 19.0  (3378s)
step  6000  train 1.2600  eval 1.2481  pmax 19.0  (4042s)
step  7000  train 1.2686  eval 1.2755  pmax 19.1  (4711s)
step  8000  train 1.2432  eval 1.2669  pmax 19.0  (5369s)
step  9000  train 1.2402  eval 1.1947  pmax 19.0  (6031s)
step 10000  train 1.2481  eval 1.2908  pmax 19.1  (6688s)
  [checkpoint + sample saved at step 10000]
step 11000  train 1.2657  eval 1.2225  pmax 19.1  (7367s)
step 12000  train 1.2098  eval 1.1882  pmax 19.1  (8026s)
step 13000  train 1.1798  eval 1.2334  pmax 19.1  (8690s)
step 14000  train 1.2118  eval 1.2637  pmax 19.1  (9352s)
step 15000  train 1.2179  eval 1.1897  pmax 19.1  (10011s)
step 16000  train 1.2097  eval 1.2253  pmax 19.1  (10678s)
step 17000  train 1.2341  eval 1.2706  pmax 19.1  (11341s)
step 18000  train 1.2285  eval 1.2192  pmax 19.1  (12011s)
step 19000  train 1.2565  eval 1.2080  pmax 19.2  (12665s)
step 20000  train 1.2009  eval 1.2002  pmax 19.2  (13319s)
  [checkpoint + sample saved at step 20000]
step 21000  train 1.2043  eval 1.2374  pmax 19.2  (13991s)
step 22000  train 1.1646  eval 1.1918  pmax 19.2  (14648s)
step 23000  train 1.2207  eval 1.1778  pmax 19.3  (15310s)
step 24000  train 1.1725  eval 1.1797  pmax 19.3  (15975s)
step 25000  train 1.1744  eval 1.1946  pmax 19.3  (16644s)
step 26000  train 1.1936  eval 1.1668  pmax 19.4  (17303s)
step 27000  train 1.1486  eval 1.1711  pmax 19.4  (17961s)
step 28000  train 1.1807  eval 1.2095  pmax 19.4  (18632s)
step 29000  train 1.1609  eval 1.1535  pmax 19.5  (19298s)
step 30000  train 1.2052  eval 1.1512  pmax 19.5  (20046s)
  [checkpoint + sample saved at step 30000]
step 31000  train 1.1854  eval 1.1648  pmax 19.5  (20804s)
step 32000  train 1.1951  eval 1.1644  pmax 19.6  (21532s)
step 33000  train 1.1306  eval 1.1788  pmax 19.6  (22273s)
step 34000  train 1.1177  eval 1.1714  pmax 19.6  (23035s)
step 35000  train 1.1508  eval 1.1635  pmax 19.7  (23811s)
step 36000  train 1.1383  eval 1.1545  pmax 19.7  (24583s)
step 37000  train 1.1732  eval 1.1863  pmax 19.7  (25370s)
step 38000  train 1.1536  eval 1.1418  pmax 19.8  (26131s)
step 39000  train 1.1218  eval 1.1234  pmax 19.8  (26883s)
step 40000  train 1.1187  eval 1.1531  pmax 19.8  (27587s)
  [checkpoint + sample saved at step 40000]
step 41000  train 1.1370  eval 1.1424  pmax 19.8  (28306s)
step 42000  train 1.1529  eval 1.1363  pmax 19.8  (29063s)
step 43000  train 1.1424  eval 1.1400  pmax 19.9  (29823s)
step 44000  train 1.1087  eval 1.1534  pmax 19.9  (30588s)
step 45000  train 1.1477  eval 1.1495  pmax 19.9  (31304s)
step 46000  train 1.1497  eval 1.1607  pmax 19.9  (32049s)
step 47000  train 1.1127  eval 1.1260  pmax 19.9  (32780s)
step 48000  train 1.1615  eval 1.1549  pmax 19.9  (33503s)
step 49000  train 1.1294  eval 1.1133  pmax 19.9  (34290s)
step 50000  train 1.1294  eval 1.1651  pmax 19.9  (35013s)
  [checkpoint + sample saved at step 50000]
step 51000  train 1.1369  eval 1.1641  pmax 20.0  (35764s)
step 52000  train 1.1861  eval 1.1517  pmax 20.0  (36439s)
step 53000  train 1.1033  eval 1.1453  pmax 20.0  (37111s)
step 54000  train 1.1301  eval 1.1544  pmax 20.0  (37775s)
step 55000  train 1.1520  eval 1.1542  pmax 20.0  (38437s)
step 56000  train 1.1262  eval 1.1594  pmax 20.0  (39101s)
step 57000  train 1.1207  eval 1.1476  pmax 20.0  (39750s)
step 58000  train 1.1195  eval 1.1737  pmax 20.0  (40415s)
step 59000  train 1.1630  eval 1.1305  pmax 20.0  (41107s)
step 60000  train 1.1189  eval 1.1358  pmax 20.0  (41896s)
  [checkpoint + sample saved at step 60000]
step 61000  train 1.1319  eval 1.1338  pmax 20.0  (42708s)
step 62000  train 1.1239  eval 1.1193  pmax 20.0  (43521s)
step 63000  train 1.1580  eval 1.1679  pmax 20.0  (44330s)
step 64000  train 1.1375  eval 1.1059  pmax 20.0  (45140s)
step 65000  train 1.1343  eval 1.1631  pmax 20.0  (45895s)
step 66000  train 1.1387  eval 1.1762  pmax 20.0  (46653s)
  [checkpoint + sample saved at step 66000]
done. artifacts in /home/luke/Wavelet-State-KAN/checkpoints/wskan7bc_wikitext_1m_3ep_s31337
