/home/luke/Wavelet-State-KAN/experiments/V1_train_tinystories_lm.py:107: UserWarning: The given buffer is not writable, and PyTorch does not support non-writable tensors. This means you can write to the underlying (supposedly non-writable) buffer using the tensor. You may want to copy the buffer to protect its data or make it writable before converting it to a tensor. This type of warning will be suppressed for the rest of this program. (Triggered internally at /__w/pytorch/pytorch/torch/csrc/utils/tensor_new.cpp:1556.)
  train_ids = torch.frombuffer(train_text.encode("utf-8", errors="ignore"), dtype=torch.uint8)
train bytes: 1,905,061,325  eval bytes: 405,730
model: wskan7bc  params: 985,956  device: cuda
step     1  train 5.5734  eval 5.4714  pmax 18.9  (5s)
step  1000  train 0.9770  eval 0.9758  pmax 18.9  (709s)
step  2000  train 0.9019  eval 0.8844  pmax 18.9  (1402s)
step  3000  train 0.8712  eval 0.8082  pmax 19.0  (2102s)
step  4000  train 0.8442  eval 0.7778  pmax 19.0  (2805s)
step  5000  train 0.8131  eval 0.7638  pmax 19.0  (3507s)
step  6000  train 0.8124  eval 0.7782  pmax 19.0  (4207s)
step  7000  train 0.8098  eval 0.7307  pmax 19.1  (4903s)
step  8000  train 0.8080  eval 0.7756  pmax 19.1  (5604s)
step  9000  train 0.7647  eval 0.7071  pmax 19.1  (6310s)
step 10000  train 0.7437  eval 0.6783  pmax 19.1  (7007s)
  [checkpoint + sample saved at step 10000]
step 11000  train 0.7552  eval 0.7118  pmax 19.1  (7715s)
step 12000  train 0.7368  eval 0.6828  pmax 19.2  (8410s)
step 13000  train 0.7534  eval 0.7477  pmax 19.2  (9102s)
step 14000  train 0.7676  eval 0.7208  pmax 19.2  (9795s)
step 15000  train 0.7292  eval 0.7218  pmax 19.2  (10495s)
step 16000  train 0.7439  eval 0.6950  pmax 19.3  (11184s)
step 17000  train 0.7708  eval 0.7121  pmax 19.3  (11877s)
step 18000  train 0.7270  eval 0.7076  pmax 19.4  (12570s)
step 19000  train 0.7306  eval 0.6764  pmax 19.5  (13278s)
step 20000  train 0.7356  eval 0.6805  pmax 19.6  (13985s)
  [checkpoint + sample saved at step 20000]
step 21000  train 0.7160  eval 0.6869  pmax 19.6  (14709s)
step 22000  train 0.7558  eval 0.6723  pmax 19.7  (15411s)
step 23000  train 0.7130  eval 0.7081  pmax 19.7  (16113s)
step 24000  train 0.7483  eval 0.6822  pmax 19.8  (16819s)
step 25000  train 0.7077  eval 0.6708  pmax 19.9  (17597s)
step 26000  train 0.7326  eval 0.6726  pmax 19.9  (18372s)
step 27000  train 0.7158  eval 0.6682  pmax 20.0  (19097s)
step 28000  train 0.7278  eval 0.6440  pmax 20.1  (19839s)
step 29000  train 0.7167  eval 0.6628  pmax 20.1  (20593s)
step 30000  train 0.7035  eval 0.6868  pmax 20.1  (21347s)
  [checkpoint + sample saved at step 30000]
step 31000  train 0.7327  eval 0.6543  pmax 20.2  (22091s)
step 32000  train 0.6944  eval 0.6540  pmax 20.2  (22799s)
step 33000  train 0.6882  eval 0.6434  pmax 20.3  (23543s)
step 34000  train 0.7111  eval 0.6400  pmax 20.3  (24274s)
step 35000  train 0.7057  eval 0.6519  pmax 20.3  (24993s)
step 36000  train 0.7448  eval 0.6760  pmax 20.4  (25692s)
step 37000  train 0.7408  eval 0.6632  pmax 20.4  (26397s)
step 38000  train 0.7145  eval 0.6719  pmax 20.5  (27117s)
step 39000  train 0.7153  eval 0.6736  pmax 20.5  (27855s)
step 40000  train 0.7084  eval 0.6576  pmax 20.6  (28553s)
  [checkpoint + sample saved at step 40000]
step 41000  train 0.6978  eval 0.6559  pmax 20.6  (29258s)
step 42000  train 0.6929  eval 0.6692  pmax 20.6  (29963s)
step 43000  train 0.6838  eval 0.6518  pmax 20.7  (30666s)
step 44000  train 0.7006  eval 0.6500  pmax 20.7  (31366s)
step 45000  train 0.6685  eval 0.6682  pmax 20.7  (32117s)
step 46000  train 0.6673  eval 0.6670  pmax 20.8  (32863s)
step 47000  train 0.7091  eval 0.6434  pmax 20.8  (33568s)
step 48000  train 0.7076  eval 0.6226  pmax 20.8  (34275s)
step 49000  train 0.6792  eval 0.6439  pmax 20.9  (34971s)
step 50000  train 0.7085  eval 0.6515  pmax 20.9  (35696s)
  [checkpoint + sample saved at step 50000]
step 51000  train 0.7004  eval 0.6779  pmax 20.9  (36477s)
step 52000  train 0.7134  eval 0.6526  pmax 21.0  (37254s)
step 53000  train 0.6871  eval 0.6347  pmax 21.0  (38051s)
step 54000  train 0.7365  eval 0.6273  pmax 21.0  (38851s)
step 55000  train 0.6555  eval 0.6503  pmax 21.0  (39638s)
step 56000  train 0.6817  eval 0.6304  pmax 21.0  (40404s)
step 57000  train 0.6757  eval 0.6135  pmax 21.1  (41182s)
step 58000  train 0.6712  eval 0.6556  pmax 21.1  (41963s)
step 59000  train 0.6967  eval 0.6211  pmax 21.1  (42733s)
step 60000  train 0.6915  eval 0.6617  pmax 21.1  (43502s)
  [checkpoint + sample saved at step 60000]
step 61000  train 0.6762  eval 0.6383  pmax 21.2  (44245s)
step 62000  train 0.6650  eval 0.6435  pmax 21.2  (44943s)
step 63000  train 0.6840  eval 0.6151  pmax 21.2  (45649s)
step 64000  train 0.6891  eval 0.6407  pmax 21.2  (46372s)
step 65000  train 0.6581  eval 0.6682  pmax 21.2  (47078s)
step 66000  train 0.6820  eval 0.6162  pmax 21.2  (47783s)
step 67000  train 0.6407  eval 0.6276  pmax 21.2  (48490s)
step 68000  train 0.7033  eval 0.6360  pmax 21.2  (49195s)
step 69000  train 0.6552  eval 0.6095  pmax 21.2  (49901s)
step 70000  train 0.6717  eval 0.6051  pmax 21.3  (50606s)
  [checkpoint + sample saved at step 70000]
step 71000  train 0.7042  eval 0.6222  pmax 21.3  (51319s)
step 72000  train 0.6910  eval 0.6430  pmax 21.3  (52021s)
step 73000  train 0.6832  eval 0.6491  pmax 21.3  (52729s)
step 74000  train 0.6742  eval 0.6191  pmax 21.3  (53440s)
step 75000  train 0.6872  eval 0.6500  pmax 21.3  (54136s)
step 76000  train 0.6899  eval 0.6454  pmax 21.3  (54844s)
step 77000  train 0.6658  eval 0.6378  pmax 21.3  (55543s)
step 78000  train 0.6654  eval 0.6271  pmax 21.3  (56239s)
step 79000  train 0.6697  eval 0.6317  pmax 21.3  (56948s)
step 80000  train 0.6678  eval 0.6181  pmax 21.3  (57651s)
  [checkpoint + sample saved at step 80000]
step 81000  train 0.6900  eval 0.6264  pmax 21.3  (58367s)
step 82000  train 0.6756  eval 0.6163  pmax 21.3  (59084s)
step 83000  train 0.6669  eval 0.6666  pmax 21.3  (59797s)
step 84000  train 0.6792  eval 0.6400  pmax 21.3  (60499s)
step 85000  train 0.6866  eval 0.6192  pmax 21.3  (61229s)
step 86000  train 0.6839  eval 0.5922  pmax 21.4  (61937s)
step 87000  train 0.6618  eval 0.6205  pmax 21.4  (62649s)
step 88000  train 0.7043  eval 0.6221  pmax 21.4  (63350s)
step 89000  train 0.7111  eval 0.6047  pmax 21.4  (64064s)
step 90000  train 0.6760  eval 0.6118  pmax 21.4  (64767s)
  [checkpoint + sample saved at step 90000]
step 91000  train 0.6377  eval 0.6384  pmax 21.4  (65498s)
step 92000  train 0.6614  eval 0.6256  pmax 21.4  (66208s)
step 93000  train 0.6577  eval 0.6460  pmax 21.4  (66918s)
step 94000  train 0.6543  eval 0.6028  pmax 21.4  (67629s)
step 95000  train 0.6659  eval 0.6331  pmax 21.4  (68336s)
step 96000  train 0.6887  eval 0.6000  pmax 21.4  (69043s)
step 97000  train 0.6762  eval 0.6014  pmax 21.4  (69756s)
step 98000  train 0.6794  eval 0.6382  pmax 21.4  (70470s)
step 99000  train 0.6943  eval 0.6478  pmax 21.4  (71187s)
step 100000  train 0.6592  eval 0.6428  pmax 21.4  (71903s)
  [checkpoint + sample saved at step 100000]
done. artifacts in /home/luke/Wavelet-State-KAN/checkpoints/wskan7bc_tinystories_1m_3ep_s42
