train bytes: 180,723,994  eval bytes: 405,730
model: wskan3real  params: 101,856  device: cuda
W0912 11:37:20.589000 3544776 .venv/lib/python3.12/site-packages/torch/_inductor/utils.py:1806] [0/0] Not enough SMs to use max_autotune_gemm mode
step     1  train 5.5470  eval 5.5055  pmax 3.0  (411s)
step  2500  train 1.2714  eval 1.1623  pmax 2.9  (540s)
step  5000  train 1.1536  eval 1.0918  pmax 2.9  (666s)
step  7500  train 1.0681  eval 1.0464  pmax 2.9  (798s)
step 10000  train 1.0381  eval 1.0397  pmax 2.9  (928s)
step 12500  train 1.0678  eval 0.9577  pmax 2.9  (1057s)
step 15000  train 1.0296  eval 0.9560  pmax 2.9  (1189s)
step 17500  train 1.0461  eval 0.9678  pmax 3.0  (1320s)
step 20000  train 1.0277  eval 0.9678  pmax 3.0  (1452s)
step 22500  train 1.0156  eval 0.9628  pmax 3.0  (1585s)
step 25000  train 0.9991  eval 0.9660  pmax 3.1  (1714s)
step 27500  train 1.0047  eval 0.9246  pmax 3.1  (1841s)
step 30000  train 1.0294  eval 0.9048  pmax 3.1  (1973s)
step 32500  train 0.9865  eval 0.9580  pmax 3.1  (2101s)
step 35000  train 0.9668  eval 0.9588  pmax 3.1  (2228s)
step 37500  train 0.9542  eval 0.9524  pmax 3.2  (2356s)
step 40000  train 0.9952  eval 0.9471  pmax 3.2  (2482s)
step 42500  train 0.9907  eval 0.9095  pmax 3.2  (2609s)
step 45000  train 0.9606  eval 0.9159  pmax 3.2  (2737s)
step 47500  train 1.0089  eval 0.9701  pmax 3.2  (2864s)
step 50000  train 0.9352  eval 0.9455  pmax 3.3  (2990s)
  [checkpoint + sample saved at step 50000]
step 52500  train 1.0139  eval 0.9512  pmax 3.3  (3123s)
step 55000  train 0.9849  eval 0.9287  pmax 3.3  (3250s)
step 57500  train 1.0013  eval 0.8727  pmax 3.3  (3378s)
step 60000  train 1.0102  eval 0.9635  pmax 3.3  (3508s)
step 62500  train 0.9379  eval 0.9053  pmax 3.4  (3638s)
step 65000  train 0.9607  eval 0.8708  pmax 3.4  (3768s)
step 67500  train 0.9396  eval 0.9134  pmax 3.4  (3897s)
step 70000  train 0.9815  eval 0.9128  pmax 3.4  (4022s)
step 72500  train 0.9903  eval 0.9416  pmax 3.4  (4147s)
step 75000  train 0.9017  eval 0.9326  pmax 3.4  (4272s)
step 77500  train 1.0381  eval 0.9151  pmax 3.4  (4397s)
step 80000  train 0.9275  eval 0.9227  pmax 3.4  (4524s)
step 82500  train 0.9877  eval 0.8898  pmax 3.4  (4653s)
step 85000  train 0.9588  eval 0.9645  pmax 3.4  (4782s)
step 87500  train 0.9602  eval 0.8928  pmax 3.4  (4912s)
step 90000  train 0.9385  eval 0.8843  pmax 3.4  (5042s)
step 92500  train 0.9596  eval 0.9520  pmax 3.4  (5173s)
step 95000  train 0.9652  eval 0.8971  pmax 3.4  (5302s)
step 97500  train 0.8983  eval 0.9493  pmax 3.4  (5430s)
step 100000  train 0.9843  eval 0.9179  pmax 3.4  (5557s)
  [checkpoint + sample saved at step 100000]
done. artifacts in /home/luke/Wavelet-State-KAN/checkpoints/wskan3real_tinystories_interp_s2024
