/home/luke/Wavelet-State-KAN/experiments/V1_train_tinystories_lm.py:107: UserWarning: The given buffer is not writable, and PyTorch does not support non-writable tensors. This means you can write to the underlying (supposedly non-writable) buffer using the tensor. You may want to copy the buffer to protect its data or make it writable before converting it to a tensor. This type of warning will be suppressed for the rest of this program. (Triggered internally at /__w/pytorch/pytorch/torch/csrc/utils/tensor_new.cpp:1556.)
  train_ids = torch.frombuffer(train_text.encode("utf-8", errors="ignore"), dtype=torch.uint8)
train bytes: 542,898,247  eval bytes: 130,357
model: wskan11  params: 113,612  device: cuda
W0919 22:51:26.513000 4187959 .venv/lib/python3.12/site-packages/torch/_inductor/utils.py:1806] [0/0] Not enough SMs to use max_autotune_gemm mode
step     1  train 5.5450  eval 5.4560  pmax 18.9  (38s)
step  1000  train 1.6073  eval 1.5848  pmax 19.2  (51s)
step  2000  train 1.5342  eval 1.4924  pmax 19.3  (65s)
step  3000  train 1.5015  eval 1.4909  pmax 19.6  (79s)
step  4000  train 1.4701  eval 1.4923  pmax 20.0  (93s)
step  5000  train 1.4185  eval 1.4484  pmax 20.4  (107s)
step  6000  train 1.5180  eval 1.4434  pmax 20.8  (121s)
step  7000  train 1.4764  eval 1.4132  pmax 21.1  (135s)
step  8000  train 1.4406  eval 1.4385  pmax 21.6  (149s)
step  9000  train 1.4470  eval 1.4068  pmax 21.8  (163s)
step 10000  train 1.4156  eval 1.4514  pmax 22.0  (177s)
step 11000  train 1.4233  eval 1.4127  pmax 22.2  (191s)
step 12000  train 1.3988  eval 1.3601  pmax 22.4  (205s)
step 13000  train 1.4603  eval 1.4023  pmax 22.5  (218s)
step 14000  train 1.4458  eval 1.4005  pmax 22.6  (232s)
step 15000  train 1.4171  eval 1.4189  pmax 22.7  (246s)
step 16000  train 1.4233  eval 1.4244  pmax 22.8  (260s)
step 17000  train 1.4106  eval 1.4334  pmax 22.8  (273s)
step 18000  train 1.3823  eval 1.3771  pmax 22.8  (287s)
step 19000  train 1.3980  eval 1.3739  pmax 22.9  (301s)
step 20000  train 1.4042  eval 1.3906  pmax 22.8  (315s)
step 21000  train 1.3714  eval 1.3785  pmax 22.8  (329s)
step 22000  train 1.4231  eval 1.4078  pmax 22.8  (343s)
step 23000  train 1.3956  eval 1.4027  pmax 22.9  (357s)
step 24000  train 1.4270  eval 1.3492  pmax 22.9  (371s)
step 25000  train 1.3887  eval 1.4101  pmax 22.8  (385s)
  [checkpoint + sample saved at step 25000]
step 26000  train 1.4228  eval 1.3470  pmax 22.7  (401s)
step 27000  train 1.3757  eval 1.3755  pmax 22.7  (416s)
step 28000  train 1.3926  eval 1.3685  pmax 22.6  (430s)
step 29000  train 1.3779  eval 1.3530  pmax 22.6  (444s)
step 30000  train 1.4247  eval 1.3981  pmax 22.5  (457s)
step 31000  train 1.3636  eval 1.3796  pmax 22.5  (471s)
step 32000  train 1.3961  eval 1.4001  pmax 22.4  (484s)
step 33000  train 1.3959  eval 1.3485  pmax 22.4  (498s)
step 34000  train 1.3957  eval 1.3461  pmax 22.3  (512s)
step 35000  train 1.3725  eval 1.3621  pmax 22.3  (526s)
step 36000  train 1.3608  eval 1.3583  pmax 22.2  (540s)
step 37000  train 1.4058  eval 1.3931  pmax 22.1  (554s)
step 38000  train 1.3817  eval 1.3405  pmax 22.0  (567s)
step 39000  train 1.3967  eval 1.3818  pmax 22.0  (581s)
step 40000  train 1.4363  eval 1.4100  pmax 22.0  (596s)
step 41000  train 1.4371  eval 1.3943  pmax 22.0  (609s)
step 42000  train 1.3708  eval 1.4039  pmax 21.9  (624s)
step 43000  train 1.3661  eval 1.3536  pmax 21.9  (638s)
step 44000  train 1.3405  eval 1.3720  pmax 21.8  (651s)
step 45000  train 1.3811  eval 1.3590  pmax 21.8  (665s)
step 46000  train 1.4096  eval 1.3791  pmax 21.7  (678s)
step 47000  train 1.3968  eval 1.3470  pmax 21.7  (692s)
step 48000  train 1.3700  eval 1.3789  pmax 21.7  (706s)
step 49000  train 1.3393  eval 1.3391  pmax 21.6  (719s)
step 50000  train 1.4095  eval 1.3408  pmax 21.6  (733s)
  [checkpoint + sample saved at step 50000]
step 51000  train 1.3538  eval 1.3749  pmax 21.6  (749s)
step 52000  train 1.3541  eval 1.3825  pmax 21.5  (763s)
step 53000  train 1.3676  eval 1.3381  pmax 21.5  (777s)
step 54000  train 1.3606  eval 1.3512  pmax 21.4  (791s)
step 55000  train 1.3319  eval 1.3732  pmax 21.4  (805s)
step 56000  train 1.3844  eval 1.3797  pmax 21.4  (819s)
step 57000  train 1.3966  eval 1.3672  pmax 21.4  (833s)
step 58000  train 1.3689  eval 1.3392  pmax 21.4  (847s)
step 59000  train 1.3854  eval 1.3716  pmax 21.3  (861s)
step 60000  train 1.3614  eval 1.3764  pmax 21.3  (875s)
step 61000  train 1.3675  eval 1.4038  pmax 21.3  (888s)
step 62000  train 1.3781  eval 1.3545  pmax 21.3  (902s)
step 63000  train 1.3797  eval 1.3376  pmax 21.3  (916s)
step 64000  train 1.3742  eval 1.3523  pmax 21.3  (930s)
step 65000  train 1.3958  eval 1.3606  pmax 21.3  (944s)
step 66000  train 1.4056  eval 1.3683  pmax 21.3  (957s)
step 67000  train 1.3852  eval 1.3547  pmax 21.3  (971s)
step 68000  train 1.3422  eval 1.3570  pmax 21.3  (985s)
step 69000  train 1.4311  eval 1.3523  pmax 21.3  (999s)
step 70000  train 1.3481  eval 1.3479  pmax 21.3  (1012s)
step 71000  train 1.3475  eval 1.3184  pmax 21.3  (1025s)
step 72000  train 1.3734  eval 1.3456  pmax 21.3  (1039s)
step 73000  train 1.3859  eval 1.3491  pmax 21.3  (1053s)
step 74000  train 1.3515  eval 1.3615  pmax 21.3  (1067s)
step 75000  train 1.3716  eval 1.3266  pmax 21.3  (1080s)
  [checkpoint + sample saved at step 75000]
step 76000  train 1.3460  eval 1.3582  pmax 21.3  (1095s)
step 77000  train 1.3650  eval 1.3384  pmax 21.3  (1109s)
step 78000  train 1.3543  eval 1.3585  pmax 21.3  (1123s)
step 79000  train 1.3540  eval 1.3744  pmax 21.3  (1137s)
step 80000  train 1.3295  eval 1.3478  pmax 21.3  (1151s)
step 81000  train 1.3520  eval 1.3186  pmax 21.3  (1165s)
step 82000  train 1.3413  eval 1.3532  pmax 21.3  (1179s)
step 83000  train 1.3488  eval 1.3510  pmax 21.3  (1193s)
step 84000  train 1.3477  eval 1.3522  pmax 21.3  (1207s)
step 85000  train 1.3755  eval 1.3159  pmax 21.3  (1221s)
step 86000  train 1.3481  eval 1.3936  pmax 21.3  (1235s)
step 87000  train 1.3522  eval 1.3367  pmax 21.3  (1249s)
step 88000  train 1.3296  eval 1.3291  pmax 21.3  (1263s)
step 89000  train 1.3583  eval 1.2994  pmax 21.3  (1276s)
step 90000  train 1.4203  eval 1.3540  pmax 21.3  (1290s)
step 91000  train 1.4063  eval 1.3606  pmax 21.3  (1304s)
step 92000  train 1.3050  eval 1.3789  pmax 21.3  (1318s)
step 93000  train 1.3656  eval 1.3268  pmax 21.3  (1332s)
step 94000  train 1.3739  eval 1.3403  pmax 21.3  (1345s)
step 95000  train 1.3559  eval 1.3517  pmax 21.3  (1359s)
step 96000  train 1.3478  eval 1.3547  pmax 21.3  (1372s)
step 97000  train 1.3570  eval 1.3555  pmax 21.3  (1387s)
step 98000  train 1.3751  eval 1.4072  pmax 21.3  (1401s)
step 99000  train 1.3470  eval 1.3508  pmax 21.3  (1415s)
  [checkpoint + sample saved at step 99000]
done. artifacts in /home/luke/Wavelet-State-KAN/checkpoints/wskan11_wikitext_100k_3ep_s42
