/home/luke/Wavelet-State-KAN/experiments/V1_train_tinystories_lm.py:107: UserWarning: The given buffer is not writable, and PyTorch does not support non-writable tensors. This means you can write to the underlying (supposedly non-writable) buffer using the tensor. You may want to copy the buffer to protect its data or make it writable before converting it to a tensor. This type of warning will be suppressed for the rest of this program. (Triggered internally at /__w/pytorch/pytorch/torch/csrc/utils/tensor_new.cpp:1556.)
  train_ids = torch.frombuffer(train_text.encode("utf-8", errors="ignore"), dtype=torch.uint8)
train bytes: 1,905,061,325  eval bytes: 405,730
model: wskan11real  params: 3,610  device: cuda
step     1  train 5.5548  eval 5.5447  pmax 3.0  (8s)
step  1000  train 2.3758  eval 2.3973  pmax 2.4  (17s)
step  2000  train 2.3307  eval 2.3415  pmax 3.3  (26s)
step  3000  train 2.3249  eval 2.3233  pmax 4.3  (35s)
step  4000  train 2.2905  eval 2.2898  pmax 4.9  (44s)
step  5000  train 2.2702  eval 2.2921  pmax 5.1  (53s)
step  6000  train 2.2593  eval 2.2660  pmax 5.7  (62s)
step  7000  train 2.2617  eval 2.2737  pmax 6.4  (71s)
step  8000  train 2.2504  eval 2.2665  pmax 6.8  (80s)
step  9000  train 2.2304  eval 2.2684  pmax 7.5  (89s)
step 10000  train 2.2413  eval 2.2476  pmax 8.2  (98s)
step 11000  train 2.2313  eval 2.2450  pmax 8.4  (107s)
step 12000  train 2.2322  eval 2.2451  pmax 8.4  (116s)
step 13000  train 2.2140  eval 2.2275  pmax 8.3  (125s)
step 14000  train 2.2140  eval 2.2197  pmax 8.7  (134s)
step 15000  train 2.2139  eval 2.2176  pmax 9.2  (143s)
step 16000  train 2.2301  eval 2.2201  pmax 9.6  (152s)
step 17000  train 2.2263  eval 2.2228  pmax 10.0  (161s)
step 18000  train 2.2477  eval 2.1950  pmax 10.4  (169s)
step 19000  train 2.2340  eval 2.2134  pmax 10.6  (178s)
step 20000  train 2.2237  eval 2.2478  pmax 10.8  (187s)
step 21000  train 2.2181  eval 2.2137  pmax 11.0  (196s)
step 22000  train 2.2280  eval 2.2198  pmax 11.2  (205s)
step 23000  train 2.2086  eval 2.2265  pmax 11.2  (214s)
step 24000  train 2.2139  eval 2.2135  pmax 11.3  (223s)
step 25000  train 2.2050  eval 2.2262  pmax 11.4  (232s)
  [checkpoint + sample saved at step 25000]
step 26000  train 2.2343  eval 2.2322  pmax 11.4  (242s)
step 27000  train 2.1963  eval 2.2110  pmax 11.4  (251s)
step 28000  train 2.2342  eval 2.1910  pmax 11.5  (260s)
step 29000  train 2.1960  eval 2.1935  pmax 11.5  (269s)
step 30000  train 2.2058  eval 2.2242  pmax 11.5  (278s)
  [checkpoint + sample saved at step 30000]
done. artifacts in /home/luke/Wavelet-State-KAN/checkpoints/wskan11real_tinystories_1k_3ep_s31337
