/home/luke/Wavelet-State-KAN/experiments/V1_train_tinystories_lm.py:107: UserWarning: The given buffer is not writable, and PyTorch does not support non-writable tensors. This means you can write to the underlying (supposedly non-writable) buffer using the tensor. You may want to copy the buffer to protect its data or make it writable before converting it to a tensor. This type of warning will be suppressed for the rest of this program. (Triggered internally at /__w/pytorch/pytorch/torch/csrc/utils/tensor_new.cpp:1556.)
  train_ids = torch.frombuffer(train_text.encode("utf-8", errors="ignore"), dtype=torch.uint8)
train bytes: 542,898,247  eval bytes: 130,357
model: wskan11  params: 3,610  device: cuda
step     1  train 5.5537  eval 5.5445  pmax 18.9  (7s)
step  1000  train 2.5182  eval 2.5498  pmax 19.2  (16s)
step  2000  train 2.4888  eval 2.4754  pmax 19.1  (25s)
step  3000  train 2.4181  eval 2.4497  pmax 19.2  (34s)
step  4000  train 2.4180  eval 2.4328  pmax 19.2  (43s)
step  5000  train 2.4420  eval 2.4445  pmax 19.3  (52s)
step  6000  train 2.4089  eval 2.3966  pmax 19.6  (61s)
step  7000  train 2.4066  eval 2.4209  pmax 19.9  (70s)
step  8000  train 2.3999  eval 2.4107  pmax 20.1  (79s)
step  9000  train 2.3799  eval 2.4123  pmax 20.4  (88s)
step 10000  train 2.4417  eval 2.3806  pmax 20.6  (97s)
step 11000  train 2.3748  eval 2.3554  pmax 20.9  (106s)
step 12000  train 2.3818  eval 2.4066  pmax 21.1  (115s)
step 13000  train 2.4349  eval 2.4125  pmax 21.2  (124s)
step 14000  train 2.3987  eval 2.3900  pmax 21.4  (132s)
step 15000  train 2.4142  eval 2.3810  pmax 21.5  (141s)
step 16000  train 2.4051  eval 2.3841  pmax 21.7  (150s)
step 17000  train 2.3735  eval 2.3939  pmax 21.8  (159s)
step 18000  train 2.4241  eval 2.3816  pmax 21.9  (168s)
step 19000  train 2.3971  eval 2.3622  pmax 22.0  (177s)
step 20000  train 2.4067  eval 2.3985  pmax 22.0  (186s)
step 21000  train 2.3696  eval 2.3867  pmax 22.1  (195s)
step 22000  train 2.3867  eval 2.4013  pmax 22.1  (204s)
step 23000  train 2.3939  eval 2.3756  pmax 22.1  (212s)
step 24000  train 2.3716  eval 2.3984  pmax 22.2  (222s)
step 25000  train 2.3776  eval 2.4118  pmax 22.2  (230s)
  [checkpoint + sample saved at step 25000]
step 26000  train 2.3716  eval 2.4107  pmax 22.2  (240s)
step 27000  train 2.3769  eval 2.3443  pmax 22.2  (249s)
step 28000  train 2.3454  eval 2.3863  pmax 22.2  (258s)
step 29000  train 2.3921  eval 2.3912  pmax 22.2  (267s)
step 30000  train 2.3981  eval 2.3979  pmax 22.2  (276s)
step 31000  train 2.3770  eval 2.4007  pmax 22.2  (285s)
step 32000  train 2.3855  eval 2.3652  pmax 22.2  (294s)
step 33000  train 2.3739  eval 2.4140  pmax 22.2  (303s)
  [checkpoint + sample saved at step 33000]
done. artifacts in /home/luke/Wavelet-State-KAN/checkpoints/wskan11_wikitext_1k_3ep_s31337
