train bytes: 180,263,596  eval bytes: 2,859,070
model: wskan7z  params: 98,898  device: cuda
W0912 07:27:30.885000 3482446 .venv/lib/python3.12/site-packages/torch/_inductor/utils.py:1806] [0/0] Not enough SMs to use max_autotune_gemm mode
step     1  train 5.5660  eval 5.5452  pmax 18.9  (733s)
step  2500  train 1.5953  eval 1.5645  pmax 19.1  (943s)
step  5000  train 1.4113  eval 1.4850  pmax 19.3  (1144s)
step  7500  train 1.4841  eval 1.4495  pmax 19.5  (1350s)
step 10000  train 1.3415  eval 1.2933  pmax 19.5  (1554s)
step 12500  train 1.3646  eval 1.3541  pmax 19.5  (1755s)
step 15000  train 1.3196  eval 1.3502  pmax 19.6  (1955s)
step 17500  train 1.3030  eval 1.4725  pmax 19.6  (2157s)
step 20000  train 1.3346  eval 1.3980  pmax 19.6  (2359s)
step 22500  train 1.3292  eval 1.3509  pmax 19.6  (2560s)
step 25000  train 1.3704  eval 1.4241  pmax 19.6  (2762s)
step 27500  train 1.3255  eval 1.3293  pmax 19.6  (2961s)
step 30000  train 1.2366  eval 1.3336  pmax 19.6  (3161s)
step 32500  train 1.3590  eval 1.3077  pmax 19.7  (3363s)
step 35000  train 1.2490  eval 1.3299  pmax 19.7  (3565s)
step 37500  train 1.3869  eval 1.3279  pmax 19.8  (3767s)
step 40000  train 1.4332  eval 1.2993  pmax 19.8  (3970s)
step 42500  train 1.3614  eval 1.3197  pmax 19.8  (4170s)
step 45000  train 1.3206  eval 1.2903  pmax 19.9  (4377s)
step 47500  train 1.2795  eval 1.3200  pmax 19.9  (4582s)
step 50000  train 1.2593  eval 1.2799  pmax 19.9  (4781s)
  [checkpoint + sample saved at step 50000]
step 52500  train 1.2790  eval 1.4166  pmax 19.9  (4990s)
step 55000  train 1.3892  eval 1.2657  pmax 19.9  (5190s)
step 57500  train 1.3767  eval 1.2382  pmax 19.9  (5394s)
step 60000  train 1.3314  eval 1.3273  pmax 19.9  (5595s)
step 62500  train 1.3015  eval 1.3650  pmax 19.9  (5794s)
step 65000  train 1.2994  eval 1.4018  pmax 19.9  (5998s)
step 67500  train 1.2219  eval 1.3341  pmax 19.9  (6200s)
step 70000  train 1.2717  eval 1.3410  pmax 19.9  (6401s)
step 72500  train 1.2447  eval 1.2772  pmax 19.9  (6600s)
step 75000  train 1.2325  eval 1.3082  pmax 19.9  (6800s)
step 77500  train 1.3231  eval 1.3049  pmax 19.9  (7002s)
step 80000  train 1.3001  eval 1.2413  pmax 19.9  (7206s)
step 82500  train 1.1962  eval 1.2097  pmax 19.9  (7407s)
step 85000  train 1.3042  eval 1.2410  pmax 19.9  (7605s)
step 87500  train 1.3084  eval 1.2340  pmax 19.9  (7809s)
step 90000  train 1.3615  eval 1.2638  pmax 19.9  (8007s)
step 92500  train 1.2852  eval 1.2224  pmax 19.9  (8210s)
step 95000  train 1.3379  eval 1.3007  pmax 19.9  (8412s)
step 97500  train 1.2340  eval 1.2841  pmax 19.9  (8618s)
step 100000  train 1.2923  eval 1.2912  pmax 19.9  (8818s)
  [checkpoint + sample saved at step 100000]
done. artifacts in /home/luke/Wavelet-State-KAN/checkpoints/wskan7z_ultrachat_interp_s42
