/home/luke/Wavelet-State-KAN/experiments/V1_train_tinystories_lm.py:107: UserWarning: The given buffer is not writable, and PyTorch does not support non-writable tensors. This means you can write to the underlying (supposedly non-writable) buffer using the tensor. You may want to copy the buffer to protect its data or make it writable before converting it to a tensor. This type of warning will be suppressed for the rest of this program. (Triggered internally at /__w/pytorch/pytorch/torch/csrc/utils/tensor_new.cpp:1556.)
  train_ids = torch.frombuffer(train_text.encode("utf-8", errors="ignore"), dtype=torch.uint8)
train bytes: 542,898,247  eval bytes: 130,357
model: wskan11  params: 113,612  device: cuda
step     1  train 5.5489  eval 5.4624  pmax 18.9  (10s)
step  1000  train 1.6285  eval 1.5711  pmax 19.1  (24s)
step  2000  train 1.5405  eval 1.4846  pmax 19.1  (38s)
step  3000  train 1.5155  eval 1.5146  pmax 19.4  (52s)
step  4000  train 1.4679  eval 1.4852  pmax 19.9  (66s)
step  5000  train 1.4311  eval 1.4431  pmax 20.3  (80s)
step  6000  train 1.5235  eval 1.4667  pmax 20.6  (94s)
step  7000  train 1.4660  eval 1.4701  pmax 20.8  (108s)
step  8000  train 1.4378  eval 1.4523  pmax 20.9  (122s)
step  9000  train 1.3825  eval 1.4078  pmax 21.1  (135s)
step 10000  train 1.4478  eval 1.4231  pmax 21.2  (149s)
step 11000  train 1.4080  eval 1.4094  pmax 21.4  (163s)
step 12000  train 1.4400  eval 1.4082  pmax 21.5  (176s)
step 13000  train 1.4100  eval 1.4142  pmax 21.6  (190s)
step 14000  train 1.3960  eval 1.4227  pmax 21.7  (204s)
step 15000  train 1.4101  eval 1.4129  pmax 21.9  (217s)
step 16000  train 1.4451  eval 1.4101  pmax 21.9  (230s)
step 17000  train 1.4061  eval 1.4330  pmax 22.1  (244s)
step 18000  train 1.4333  eval 1.3940  pmax 22.3  (258s)
step 19000  train 1.4158  eval 1.4427  pmax 22.4  (272s)
step 20000  train 1.4179  eval 1.4085  pmax 22.6  (285s)
step 21000  train 1.4366  eval 1.4147  pmax 22.6  (299s)
step 22000  train 1.4190  eval 1.3716  pmax 22.7  (313s)
step 23000  train 1.4489  eval 1.4116  pmax 22.8  (327s)
step 24000  train 1.3752  eval 1.4092  pmax 22.8  (341s)
step 25000  train 1.4287  eval 1.3957  pmax 22.9  (355s)
  [checkpoint + sample saved at step 25000]
step 26000  train 1.3992  eval 1.3916  pmax 23.0  (371s)
step 27000  train 1.4132  eval 1.4005  pmax 23.0  (384s)
step 28000  train 1.3792  eval 1.3722  pmax 23.0  (398s)
step 29000  train 1.3732  eval 1.4084  pmax 23.1  (412s)
step 30000  train 1.4286  eval 1.3765  pmax 23.1  (426s)
step 31000  train 1.4166  eval 1.3897  pmax 23.1  (439s)
step 32000  train 1.3789  eval 1.3661  pmax 23.2  (453s)
step 33000  train 1.3953  eval 1.4029  pmax 23.2  (467s)
step 34000  train 1.3990  eval 1.3674  pmax 23.2  (481s)
step 35000  train 1.3726  eval 1.3661  pmax 23.2  (495s)
step 36000  train 1.3675  eval 1.3879  pmax 23.2  (509s)
step 37000  train 1.3573  eval 1.3396  pmax 23.1  (523s)
step 38000  train 1.3430  eval 1.3524  pmax 23.2  (537s)
step 39000  train 1.3926  eval 1.3633  pmax 23.2  (550s)
step 40000  train 1.3867  eval 1.3849  pmax 23.4  (564s)
step 41000  train 1.4154  eval 1.3647  pmax 23.5  (578s)
step 42000  train 1.3682  eval 1.3772  pmax 23.7  (592s)
step 43000  train 1.4067  eval 1.3268  pmax 24.0  (605s)
step 44000  train 1.3846  eval 1.4026  pmax 24.1  (619s)
step 45000  train 1.3593  eval 1.3563  pmax 24.3  (633s)
step 46000  train 1.3493  eval 1.4074  pmax 24.5  (647s)
step 47000  train 1.3883  eval 1.3389  pmax 24.6  (661s)
step 48000  train 1.3769  eval 1.3520  pmax 24.8  (676s)
step 49000  train 1.3438  eval 1.3579  pmax 24.9  (689s)
step 50000  train 1.4098  eval 1.3443  pmax 25.0  (703s)
  [checkpoint + sample saved at step 50000]
step 51000  train 1.3751  eval 1.3634  pmax 25.1  (718s)
step 52000  train 1.3498  eval 1.3503  pmax 25.3  (732s)
step 53000  train 1.3752  eval 1.3470  pmax 25.4  (745s)
step 54000  train 1.3651  eval 1.3524  pmax 25.5  (759s)
step 55000  train 1.3647  eval 1.3642  pmax 25.6  (773s)
step 56000  train 1.3661  eval 1.3266  pmax 25.8  (787s)
step 57000  train 1.3573  eval 1.3392  pmax 25.9  (801s)
step 58000  train 1.3364  eval 1.3703  pmax 26.0  (815s)
step 59000  train 1.3547  eval 1.4027  pmax 26.0  (829s)
step 60000  train 1.3514  eval 1.3654  pmax 26.1  (843s)
step 61000  train 1.4026  eval 1.3662  pmax 26.2  (858s)
step 62000  train 1.3774  eval 1.3508  pmax 26.3  (872s)
step 63000  train 1.3700  eval 1.3366  pmax 26.4  (885s)
step 64000  train 1.3617  eval 1.3817  pmax 26.4  (899s)
step 65000  train 1.3429  eval 1.3671  pmax 26.5  (913s)
step 66000  train 1.3921  eval 1.3732  pmax 26.6  (927s)
step 67000  train 1.3221  eval 1.3544  pmax 26.6  (940s)
step 68000  train 1.3158  eval 1.3889  pmax 26.7  (954s)
step 69000  train 1.4077  eval 1.3413  pmax 26.7  (968s)
step 70000  train 1.3448  eval 1.3494  pmax 26.8  (982s)
step 71000  train 1.3748  eval 1.3407  pmax 26.8  (995s)
step 72000  train 1.3494  eval 1.3367  pmax 26.9  (1009s)
step 73000  train 1.3430  eval 1.3553  pmax 26.9  (1023s)
step 74000  train 1.3712  eval 1.3877  pmax 26.9  (1037s)
step 75000  train 1.3695  eval 1.3755  pmax 27.0  (1050s)
  [checkpoint + sample saved at step 75000]
step 76000  train 1.3807  eval 1.3022  pmax 27.0  (1066s)
step 77000  train 1.3260  eval 1.3515  pmax 27.0  (1080s)
step 78000  train 1.3274  eval 1.3804  pmax 27.1  (1094s)
step 79000  train 1.3646  eval 1.3303  pmax 27.1  (1108s)
step 80000  train 1.3812  eval 1.3320  pmax 27.1  (1122s)
step 81000  train 1.3583  eval 1.3288  pmax 27.1  (1136s)
step 82000  train 1.3626  eval 1.3810  pmax 27.1  (1149s)
step 83000  train 1.3854  eval 1.3512  pmax 27.1  (1163s)
step 84000  train 1.3561  eval 1.3375  pmax 27.2  (1177s)
step 85000  train 1.3756  eval 1.3513  pmax 27.2  (1190s)
step 86000  train 1.3409  eval 1.3614  pmax 27.2  (1204s)
step 87000  train 1.3555  eval 1.3620  pmax 27.2  (1217s)
step 88000  train 1.3667  eval 1.3396  pmax 27.2  (1231s)
step 89000  train 1.3588  eval 1.3726  pmax 27.2  (1245s)
step 90000  train 1.3726  eval 1.4210  pmax 27.2  (1259s)
step 91000  train 1.3564  eval 1.3343  pmax 27.2  (1272s)
step 92000  train 1.3747  eval 1.3299  pmax 27.2  (1286s)
step 93000  train 1.3283  eval 1.3609  pmax 27.2  (1300s)
step 94000  train 1.3574  eval 1.3255  pmax 27.2  (1314s)
step 95000  train 1.3398  eval 1.4209  pmax 27.2  (1327s)
step 96000  train 1.4141  eval 1.3540  pmax 27.2  (1340s)
step 97000  train 1.3726  eval 1.3373  pmax 27.2  (1354s)
step 98000  train 1.3575  eval 1.3567  pmax 27.2  (1368s)
step 99000  train 1.3347  eval 1.3479  pmax 27.2  (1382s)
  [checkpoint + sample saved at step 99000]
done. artifacts in /home/luke/Wavelet-State-KAN/checkpoints/wskan11_wikitext_100k_3ep_s7
