/home/luke/Wavelet-State-KAN/experiments/V1_train_tinystories_lm.py:107: UserWarning: The given buffer is not writable, and PyTorch does not support non-writable tensors. This means you can write to the underlying (supposedly non-writable) buffer using the tensor. You may want to copy the buffer to protect its data or make it writable before converting it to a tensor. This type of warning will be suppressed for the rest of this program. (Triggered internally at /__w/pytorch/pytorch/torch/csrc/utils/tensor_new.cpp:1556.)
  train_ids = torch.frombuffer(train_text.encode("utf-8", errors="ignore"), dtype=torch.uint8)
train bytes: 1,195,926,439  eval bytes: 2,859,070
model: wskan11real  params: 3,610  device: cuda
W0920 08:47:16.094000 665966 .venv/lib/python3.12/site-packages/torch/_inductor/utils.py:1806] [0/0] Not enough SMs to use max_autotune_gemm mode
step     1  train 5.5495  eval 5.5450  pmax 3.0  (13s)
step  1000  train 2.6783  eval 2.7074  pmax 2.4  (22s)
step  2000  train 2.6326  eval 2.6224  pmax 5.4  (31s)
step  3000  train 2.6058  eval 2.5923  pmax 5.8  (39s)
step  4000  train 2.5515  eval 2.6101  pmax 7.1  (48s)
step  5000  train 2.5464  eval 2.5944  pmax 8.2  (57s)
step  6000  train 2.5499  eval 2.5703  pmax 9.3  (65s)
step  7000  train 2.5283  eval 2.5510  pmax 10.4  (74s)
step  8000  train 2.5024  eval 2.4897  pmax 11.4  (82s)
step  9000  train 2.5190  eval 2.4995  pmax 12.0  (91s)
step 10000  train 2.5368  eval 2.5364  pmax 12.3  (99s)
step 11000  train 2.5168  eval 2.5503  pmax 12.5  (108s)
step 12000  train 2.4981  eval 2.4990  pmax 12.8  (117s)
step 13000  train 2.4585  eval 2.4688  pmax 13.2  (125s)
step 14000  train 2.4848  eval 2.4929  pmax 13.6  (134s)
step 15000  train 2.5057  eval 2.4971  pmax 14.1  (143s)
step 16000  train 2.5056  eval 2.4846  pmax 14.4  (152s)
step 17000  train 2.4614  eval 2.5048  pmax 14.7  (161s)
step 18000  train 2.5223  eval 2.4642  pmax 15.0  (170s)
step 19000  train 2.4647  eval 2.4880  pmax 15.2  (178s)
step 20000  train 2.4870  eval 2.4661  pmax 15.5  (187s)
step 21000  train 2.4578  eval 2.4408  pmax 15.6  (196s)
step 22000  train 2.5033  eval 2.4795  pmax 15.8  (205s)
step 23000  train 2.4346  eval 2.4790  pmax 16.0  (213s)
step 24000  train 2.4839  eval 2.4712  pmax 16.2  (222s)
step 25000  train 2.4701  eval 2.4771  pmax 16.4  (231s)
  [checkpoint + sample saved at step 25000]
step 26000  train 2.4707  eval 2.4533  pmax 16.6  (241s)
step 27000  train 2.4858  eval 2.4935  pmax 16.7  (250s)
step 28000  train 2.4914  eval 2.4437  pmax 16.8  (258s)
step 29000  train 2.4580  eval 2.4817  pmax 16.9  (267s)
step 30000  train 2.5263  eval 2.4759  pmax 17.0  (276s)
step 31000  train 2.4408  eval 2.4687  pmax 17.0  (284s)
step 32000  train 2.4815  eval 2.4442  pmax 17.1  (293s)
step 33000  train 2.5357  eval 2.4692  pmax 17.1  (302s)
step 34000  train 2.5133  eval 2.4973  pmax 17.1  (310s)
step 35000  train 2.4688  eval 2.4648  pmax 17.1  (319s)
step 36000  train 2.5089  eval 2.4522  pmax 17.1  (328s)
  [checkpoint + sample saved at step 36000]
done. artifacts in /home/luke/Wavelet-State-KAN/checkpoints/wskan11real_ultrachat_1k_3ep_s42
