train bytes: 180,263,596  eval bytes: 2,859,070
model: wskan7bc16  params: 96,882  device: cuda
W0912 02:20:54.784000 3439236 .venv/lib/python3.12/site-packages/torch/_inductor/utils.py:1806] [0/0] Not enough SMs to use max_autotune_gemm mode
step     1  train 5.5393  eval 5.5134  pmax 18.9  (664s)
step  2500  train 1.5653  eval 1.6050  pmax 19.1  (991s)
step  5000  train 1.4911  eval 1.3909  pmax 19.3  (1209s)
step  7500  train 1.4118  eval 1.3986  pmax 19.3  (1424s)
step 10000  train 1.4271  eval 1.3718  pmax 19.4  (1642s)
step 12500  train 1.4976  eval 1.3639  pmax 19.5  (1857s)
step 15000  train 1.3284  eval 1.3379  pmax 19.5  (2072s)
step 17500  train 1.3803  eval 1.4514  pmax 19.5  (2290s)
step 20000  train 1.3512  eval 1.3370  pmax 19.5  (2506s)
step 22500  train 1.3069  eval 1.4022  pmax 19.6  (2723s)
step 25000  train 1.3159  eval 1.3541  pmax 19.6  (2938s)
step 27500  train 1.4270  eval 1.3606  pmax 19.6  (3156s)
step 30000  train 1.2960  eval 1.3208  pmax 19.7  (3371s)
step 32500  train 1.2677  eval 1.3212  pmax 19.7  (3587s)
step 35000  train 1.2870  eval 1.2714  pmax 19.7  (3803s)
step 37500  train 1.3551  eval 1.3213  pmax 19.8  (4017s)
step 40000  train 1.2377  eval 1.3581  pmax 19.8  (4233s)
step 42500  train 1.3123  eval 1.3781  pmax 19.8  (4449s)
step 45000  train 1.2609  eval 1.3568  pmax 19.7  (4666s)
step 47500  train 1.3707  eval 1.2986  pmax 19.7  (4881s)
step 50000  train 1.2845  eval 1.3160  pmax 19.7  (5103s)
  [checkpoint + sample saved at step 50000]
step 52500  train 1.3422  eval 1.2973  pmax 19.7  (5331s)
step 55000  train 1.4429  eval 1.3049  pmax 19.7  (5545s)
step 57500  train 1.2871  eval 1.3216  pmax 19.7  (5763s)
step 60000  train 1.2800  eval 1.2548  pmax 19.7  (5978s)
step 62500  train 1.3058  eval 1.3224  pmax 19.7  (6196s)
step 65000  train 1.2915  eval 1.3406  pmax 19.7  (6405s)
step 67500  train 1.2433  eval 1.2558  pmax 19.7  (6619s)
step 70000  train 1.2784  eval 1.3156  pmax 19.7  (6830s)
step 72500  train 1.3654  eval 1.2742  pmax 19.7  (7039s)
step 75000  train 1.3100  eval 1.2363  pmax 19.7  (7247s)
step 77500  train 1.2036  eval 1.2485  pmax 19.7  (7455s)
step 80000  train 1.2707  eval 1.2610  pmax 19.7  (7666s)
step 82500  train 1.2814  eval 1.3119  pmax 19.7  (7875s)
step 85000  train 1.3222  eval 1.2920  pmax 19.7  (8082s)
step 87500  train 1.2737  eval 1.2672  pmax 19.7  (8291s)
step 90000  train 1.3298  eval 1.3613  pmax 19.7  (8499s)
step 92500  train 1.2829  eval 1.3490  pmax 19.7  (8709s)
step 95000  train 1.2568  eval 1.2806  pmax 19.7  (8914s)
step 97500  train 1.2919  eval 1.3132  pmax 19.7  (9125s)
step 100000  train 1.2748  eval 1.2685  pmax 19.7  (9334s)
  [checkpoint + sample saved at step 100000]
done. artifacts in /home/luke/Wavelet-State-KAN/checkpoints/wskan7bc16_ultrachat_interp_s123
