/home/luke/Wavelet-State-KAN/experiments/V1_train_tinystories_lm.py:107: UserWarning: The given buffer is not writable, and PyTorch does not support non-writable tensors. This means you can write to the underlying (supposedly non-writable) buffer using the tensor. You may want to copy the buffer to protect its data or make it writable before converting it to a tensor. This type of warning will be suppressed for the rest of this program. (Triggered internally at /__w/pytorch/pytorch/torch/csrc/utils/tensor_new.cpp:1556.)
  train_ids = torch.frombuffer(train_text.encode("utf-8", errors="ignore"), dtype=torch.uint8)
train bytes: 1,905,061,325  eval bytes: 405,730
model: wskan7bc  params: 985,956  device: cuda
step     1  train 5.5638  eval 5.4597  pmax 18.9  (5s)
step  1000  train 1.0389  eval 0.9623  pmax 19.0  (698s)
step  2000  train 0.9193  eval 0.8665  pmax 19.0  (1399s)
step  3000  train 0.8626  eval 0.8247  pmax 19.0  (2097s)
step  4000  train 0.8403  eval 0.8068  pmax 19.1  (2796s)
step  5000  train 0.7801  eval 0.7410  pmax 19.0  (3498s)
step  6000  train 0.7906  eval 0.7682  pmax 19.1  (4190s)
step  7000  train 0.8065  eval 0.7724  pmax 19.1  (4918s)
step  8000  train 0.8283  eval 0.7810  pmax 19.1  (5692s)
step  9000  train 0.8042  eval 0.7423  pmax 19.1  (6433s)
step 10000  train 0.7496  eval 0.7129  pmax 19.1  (7162s)
  [checkpoint + sample saved at step 10000]
step 11000  train 0.7792  eval 0.7078  pmax 19.2  (7938s)
step 12000  train 0.7709  eval 0.7417  pmax 19.2  (8689s)
step 13000  train 0.7252  eval 0.6923  pmax 19.2  (9435s)
step 14000  train 0.7572  eval 0.7132  pmax 19.2  (10128s)
step 15000  train 0.7726  eval 0.7221  pmax 19.2  (10886s)
step 16000  train 0.7448  eval 0.6837  pmax 19.3  (11616s)
step 17000  train 0.7182  eval 0.7000  pmax 19.3  (12325s)
step 18000  train 0.7489  eval 0.6710  pmax 19.3  (13022s)
step 19000  train 0.7208  eval 0.6982  pmax 19.3  (13721s)
step 20000  train 0.7439  eval 0.7034  pmax 19.4  (14420s)
  [checkpoint + sample saved at step 20000]
step 21000  train 0.7378  eval 0.6562  pmax 19.4  (15183s)
step 22000  train 0.7358  eval 0.6742  pmax 19.4  (15880s)
step 23000  train 0.7283  eval 0.6619  pmax 19.4  (16572s)
step 24000  train 0.6997  eval 0.6685  pmax 19.4  (17272s)
step 25000  train 0.7106  eval 0.6789  pmax 19.4  (17976s)
step 26000  train 0.7255  eval 0.6808  pmax 19.4  (18685s)
step 27000  train 0.7118  eval 0.6732  pmax 19.5  (19400s)
step 28000  train 0.7036  eval 0.6688  pmax 19.5  (20158s)
step 29000  train 0.7187  eval 0.6724  pmax 19.5  (20878s)
step 30000  train 0.7313  eval 0.6649  pmax 19.5  (21585s)
  [checkpoint + sample saved at step 30000]
step 31000  train 0.7136  eval 0.6516  pmax 19.5  (22298s)
step 32000  train 0.7241  eval 0.6586  pmax 19.6  (22989s)
step 33000  train 0.7224  eval 0.6663  pmax 19.6  (23751s)
step 34000  train 0.6985  eval 0.6461  pmax 19.6  (24533s)
step 35000  train 0.7089  eval 0.6418  pmax 19.6  (25327s)
step 36000  train 0.7368  eval 0.6511  pmax 19.7  (26129s)
step 37000  train 0.7154  eval 0.6752  pmax 19.7  (26919s)
step 38000  train 0.7139  eval 0.6504  pmax 19.7  (27687s)
step 39000  train 0.7170  eval 0.6474  pmax 19.8  (28442s)
step 40000  train 0.7234  eval 0.6619  pmax 19.8  (29216s)
  [checkpoint + sample saved at step 40000]
step 41000  train 0.6928  eval 0.6775  pmax 19.8  (29991s)
step 42000  train 0.7017  eval 0.6528  pmax 19.8  (30765s)
step 43000  train 0.7076  eval 0.6732  pmax 19.8  (31516s)
step 44000  train 0.7021  eval 0.6711  pmax 19.8  (32214s)
step 45000  train 0.7096  eval 0.6439  pmax 19.8  (32928s)
step 46000  train 0.6772  eval 0.6272  pmax 19.8  (33638s)
step 47000  train 0.6938  eval 0.6250  pmax 19.8  (34346s)
step 48000  train 0.7272  eval 0.6386  pmax 19.8  (35048s)
step 49000  train 0.6969  eval 0.6206  pmax 19.9  (35756s)
step 50000  train 0.6833  eval 0.6467  pmax 19.8  (36454s)
  [checkpoint + sample saved at step 50000]
step 51000  train 0.7077  eval 0.6398  pmax 19.8  (37165s)
step 52000  train 0.6931  eval 0.6528  pmax 19.9  (37875s)
step 53000  train 0.7348  eval 0.6346  pmax 19.9  (38579s)
step 54000  train 0.6703  eval 0.6232  pmax 19.9  (39279s)
step 55000  train 0.6825  eval 0.6204  pmax 19.9  (39985s)
step 56000  train 0.6957  eval 0.6593  pmax 19.9  (40681s)
step 57000  train 0.6889  eval 0.6063  pmax 19.9  (41389s)
step 58000  train 0.6826  eval 0.6171  pmax 19.9  (42103s)
step 59000  train 0.6681  eval 0.6215  pmax 19.9  (42806s)
step 60000  train 0.6907  eval 0.6176  pmax 19.9  (43509s)
  [checkpoint + sample saved at step 60000]
step 61000  train 0.6768  eval 0.6254  pmax 19.9  (44237s)
step 62000  train 0.6791  eval 0.6081  pmax 19.9  (44940s)
step 63000  train 0.6848  eval 0.6235  pmax 19.9  (45636s)
step 64000  train 0.6891  eval 0.6457  pmax 19.9  (46347s)
step 65000  train 0.6682  eval 0.6475  pmax 19.9  (47058s)
step 66000  train 0.6819  eval 0.6176  pmax 19.9  (47753s)
step 67000  train 0.6857  eval 0.6576  pmax 19.9  (48453s)
step 68000  train 0.6566  eval 0.6256  pmax 19.9  (49163s)
step 69000  train 0.6763  eval 0.6469  pmax 19.9  (49871s)
step 70000  train 0.6744  eval 0.6046  pmax 19.9  (50578s)
  [checkpoint + sample saved at step 70000]
step 71000  train 0.6655  eval 0.6540  pmax 19.9  (51300s)
step 72000  train 0.6774  eval 0.6002  pmax 19.9  (52006s)
step 73000  train 0.6986  eval 0.6052  pmax 19.9  (52711s)
step 74000  train 0.6660  eval 0.6406  pmax 19.9  (53418s)
step 75000  train 0.6610  eval 0.6211  pmax 20.0  (54122s)
step 76000  train 0.6683  eval 0.6448  pmax 20.0  (54834s)
step 77000  train 0.6487  eval 0.6311  pmax 20.0  (55546s)
step 78000  train 0.6410  eval 0.6265  pmax 20.0  (56251s)
step 79000  train 0.6868  eval 0.6314  pmax 20.0  (56971s)
step 80000  train 0.6764  eval 0.6464  pmax 20.0  (57687s)
  [checkpoint + sample saved at step 80000]
step 81000  train 0.6617  eval 0.6370  pmax 20.0  (58409s)
step 82000  train 0.6861  eval 0.6313  pmax 20.0  (59123s)
step 83000  train 0.6727  eval 0.6090  pmax 20.0  (59837s)
step 84000  train 0.6648  eval 0.6324  pmax 20.0  (60552s)
step 85000  train 0.6898  eval 0.5825  pmax 20.0  (61277s)
step 86000  train 0.6798  eval 0.6136  pmax 20.0  (61991s)
step 87000  train 0.6971  eval 0.6104  pmax 20.0  (62719s)
step 88000  train 0.6600  eval 0.6168  pmax 20.0  (63469s)
step 89000  train 0.6588  eval 0.6140  pmax 20.0  (64221s)
step 90000  train 0.6694  eval 0.6146  pmax 20.0  (64986s)
  [checkpoint + sample saved at step 90000]
step 91000  train 0.6628  eval 0.6237  pmax 20.0  (65772s)
step 92000  train 0.6421  eval 0.5966  pmax 20.0  (66541s)
step 93000  train 0.6506  eval 0.6500  pmax 20.0  (67304s)
step 94000  train 0.6829  eval 0.6100  pmax 20.0  (68071s)
step 95000  train 0.6914  eval 0.6125  pmax 20.0  (68830s)
step 96000  train 0.6415  eval 0.6422  pmax 20.0  (69591s)
step 97000  train 0.6487  eval 0.6082  pmax 20.0  (70358s)
step 98000  train 0.6711  eval 0.6072  pmax 20.0  (71120s)
step 99000  train 0.6600  eval 0.6089  pmax 20.0  (71888s)
step 100000  train 0.6821  eval 0.5854  pmax 20.0  (72654s)
  [checkpoint + sample saved at step 100000]
done. artifacts in /home/luke/Wavelet-State-KAN/checkpoints/wskan7bc_tinystories_1m_3ep_s7
