/home/luke/Wavelet-State-KAN/experiments/V1_train_tinystories_lm.py:107: UserWarning: The given buffer is not writable, and PyTorch does not support non-writable tensors. This means you can write to the underlying (supposedly non-writable) buffer using the tensor. You may want to copy the buffer to protect its data or make it writable before converting it to a tensor. This type of warning will be suppressed for the rest of this program. (Triggered internally at /__w/pytorch/pytorch/torch/csrc/utils/tensor_new.cpp:1556.)
  train_ids = torch.frombuffer(train_text.encode("utf-8", errors="ignore"), dtype=torch.uint8)
train bytes: 1,905,061,325  eval bytes: 405,730
model: wskan11  params: 985,956  device: cuda
step     1  train 5.5542  eval 5.4345  pmax 18.9  (21s)
step  1000  train 0.9866  eval 0.9356  pmax 18.9  (60s)
step  2000  train 0.9234  eval 0.8433  pmax 19.0  (99s)
step  3000  train 0.8536  eval 0.8228  pmax 19.0  (137s)
step  4000  train 0.8225  eval 0.7539  pmax 19.0  (176s)
step  5000  train 0.8189  eval 0.7980  pmax 19.0  (215s)
step  6000  train 0.7986  eval 0.7457  pmax 19.0  (253s)
step  7000  train 0.7840  eval 0.7238  pmax 19.1  (292s)
step  8000  train 0.8119  eval 0.7259  pmax 19.1  (331s)
step  9000  train 0.7990  eval 0.7299  pmax 19.1  (370s)
step 10000  train 0.7445  eval 0.7237  pmax 19.1  (409s)
  [checkpoint + sample saved at step 10000]
step 11000  train 0.7656  eval 0.7147  pmax 19.1  (453s)
step 12000  train 0.7618  eval 0.7327  pmax 19.1  (491s)
step 13000  train 0.7482  eval 0.7303  pmax 19.1  (530s)
step 14000  train 0.7339  eval 0.7079  pmax 19.2  (569s)
step 15000  train 0.7249  eval 0.6876  pmax 19.2  (608s)
step 16000  train 0.7634  eval 0.6942  pmax 19.2  (646s)
step 17000  train 0.7349  eval 0.6594  pmax 19.2  (685s)
step 18000  train 0.7274  eval 0.6907  pmax 19.3  (724s)
step 19000  train 0.7305  eval 0.6930  pmax 19.3  (763s)
step 20000  train 0.7307  eval 0.6952  pmax 19.3  (801s)
  [checkpoint + sample saved at step 20000]
step 21000  train 0.7424  eval 0.6825  pmax 19.3  (845s)
step 22000  train 0.7162  eval 0.7160  pmax 19.3  (884s)
step 23000  train 0.7641  eval 0.6652  pmax 19.3  (923s)
step 24000  train 0.7166  eval 0.6711  pmax 19.3  (961s)
step 25000  train 0.7521  eval 0.6714  pmax 19.3  (1000s)
step 26000  train 0.7065  eval 0.6837  pmax 19.4  (1039s)
step 27000  train 0.7062  eval 0.6759  pmax 19.3  (1078s)
step 28000  train 0.6891  eval 0.6210  pmax 19.4  (1116s)
step 29000  train 0.7142  eval 0.6794  pmax 19.4  (1155s)
step 30000  train 0.7282  eval 0.6931  pmax 19.4  (1194s)
  [checkpoint + sample saved at step 30000]
step 31000  train 0.6995  eval 0.6469  pmax 19.5  (1238s)
step 32000  train 0.7153  eval 0.6772  pmax 19.5  (1276s)
step 33000  train 0.7081  eval 0.6616  pmax 19.5  (1315s)
step 34000  train 0.7360  eval 0.6874  pmax 19.5  (1354s)
step 35000  train 0.7060  eval 0.6593  pmax 19.5  (1393s)
step 36000  train 0.7250  eval 0.6570  pmax 19.5  (1431s)
step 37000  train 0.7017  eval 0.6702  pmax 19.6  (1470s)
step 38000  train 0.7028  eval 0.5948  pmax 19.6  (1509s)
step 39000  train 0.7233  eval 0.6668  pmax 19.6  (1548s)
step 40000  train 0.7073  eval 0.6579  pmax 19.7  (1586s)
  [checkpoint + sample saved at step 40000]
step 41000  train 0.6898  eval 0.6111  pmax 19.7  (1630s)
step 42000  train 0.7028  eval 0.6751  pmax 19.7  (1669s)
step 43000  train 0.7054  eval 0.6400  pmax 19.7  (1708s)
step 44000  train 0.7017  eval 0.6741  pmax 19.7  (1747s)
step 45000  train 0.6910  eval 0.6599  pmax 19.8  (1785s)
step 46000  train 0.7092  eval 0.6559  pmax 19.8  (1824s)
step 47000  train 0.6786  eval 0.6211  pmax 19.8  (1863s)
step 48000  train 0.7021  eval 0.6574  pmax 19.8  (1902s)
step 49000  train 0.6772  eval 0.6536  pmax 19.8  (1940s)
step 50000  train 0.7080  eval 0.6442  pmax 19.9  (1979s)
  [checkpoint + sample saved at step 50000]
step 51000  train 0.7083  eval 0.6204  pmax 19.9  (2023s)
step 52000  train 0.6717  eval 0.6508  pmax 19.9  (2062s)
step 53000  train 0.6713  eval 0.6311  pmax 19.9  (2101s)
step 54000  train 0.6791  eval 0.6554  pmax 19.9  (2140s)
step 55000  train 0.6550  eval 0.6643  pmax 19.9  (2178s)
step 56000  train 0.6699  eval 0.6360  pmax 20.0  (2217s)
step 57000  train 0.6906  eval 0.6621  pmax 20.0  (2256s)
step 58000  train 0.6530  eval 0.6321  pmax 20.0  (2295s)
step 59000  train 0.6644  eval 0.6683  pmax 20.0  (2334s)
step 60000  train 0.6859  eval 0.6280  pmax 20.0  (2372s)
  [checkpoint + sample saved at step 60000]
step 61000  train 0.6972  eval 0.6281  pmax 20.0  (2416s)
step 62000  train 0.6845  eval 0.6348  pmax 20.0  (2455s)
step 63000  train 0.6707  eval 0.6280  pmax 20.0  (2494s)
step 64000  train 0.6844  eval 0.6493  pmax 20.0  (2533s)
step 65000  train 0.6598  eval 0.6176  pmax 20.1  (2571s)
step 66000  train 0.6473  eval 0.6426  pmax 20.1  (2610s)
step 67000  train 0.6851  eval 0.6293  pmax 20.1  (2649s)
step 68000  train 0.6994  eval 0.6232  pmax 20.1  (2688s)
step 69000  train 0.6574  eval 0.6342  pmax 20.1  (2727s)
step 70000  train 0.7067  eval 0.6325  pmax 20.1  (2765s)
  [checkpoint + sample saved at step 70000]
step 71000  train 0.6549  eval 0.6147  pmax 20.1  (2809s)
step 72000  train 0.6469  eval 0.6349  pmax 20.1  (2848s)
step 73000  train 0.6773  eval 0.6226  pmax 20.1  (2887s)
step 74000  train 0.6665  eval 0.6028  pmax 20.1  (2926s)
step 75000  train 0.6797  eval 0.6413  pmax 20.1  (2965s)
step 76000  train 0.6817  eval 0.6179  pmax 20.1  (3004s)
step 77000  train 0.6912  eval 0.6326  pmax 20.1  (3042s)
step 78000  train 0.6814  eval 0.6091  pmax 20.1  (3081s)
step 79000  train 0.6623  eval 0.6345  pmax 20.1  (3120s)
step 80000  train 0.6895  eval 0.6397  pmax 20.1  (3159s)
  [checkpoint + sample saved at step 80000]
step 81000  train 0.6527  eval 0.6119  pmax 20.1  (3203s)
step 82000  train 0.6679  eval 0.6041  pmax 20.1  (3241s)
step 83000  train 0.6949  eval 0.6342  pmax 20.1  (3280s)
step 84000  train 0.6511  eval 0.6204  pmax 20.2  (3319s)
step 85000  train 0.6455  eval 0.6372  pmax 20.2  (3358s)
step 86000  train 0.6536  eval 0.6306  pmax 20.2  (3397s)
step 87000  train 0.6781  eval 0.6168  pmax 20.2  (3436s)
step 88000  train 0.6727  eval 0.6518  pmax 20.2  (3474s)
step 89000  train 0.6679  eval 0.6197  pmax 20.2  (3513s)
step 90000  train 0.6622  eval 0.6163  pmax 20.2  (3552s)
  [checkpoint + sample saved at step 90000]
step 91000  train 0.6413  eval 0.5922  pmax 20.2  (3596s)
step 92000  train 0.6725  eval 0.6001  pmax 20.2  (3635s)
step 93000  train 0.6725  eval 0.6173  pmax 20.2  (3674s)
step 94000  train 0.6345  eval 0.6308  pmax 20.2  (3712s)
step 95000  train 0.6735  eval 0.5942  pmax 20.2  (3751s)
step 96000  train 0.6875  eval 0.6465  pmax 20.2  (3790s)
step 97000  train 0.6484  eval 0.6171  pmax 20.2  (3829s)
step 98000  train 0.6666  eval 0.6142  pmax 20.2  (3868s)
step 99000  train 0.6433  eval 0.6035  pmax 20.2  (3907s)
step 100000  train 0.6649  eval 0.5976  pmax 20.2  (3946s)
  [checkpoint + sample saved at step 100000]
done. artifacts in /home/luke/Wavelet-State-KAN/checkpoints/wskan11_tinystories_1m_3ep_s31337
