train bytes: 180,723,994  eval bytes: 405,730
model: wskan  params: 94,272  device: cuda
/home/luke/Wavelet-State-KAN/.venv/lib/python3.12/site-packages/torch/_inductor/lowering.py:2774: UserWarning: Torchinductor does not support code generation for complex operators. Performance may be worse than eager.
  warnings.warn(
W0912 10:12:11.830000 3514351 .venv/lib/python3.12/site-packages/torch/_inductor/utils.py:1806] [0/0] Not enough SMs to use max_autotune_gemm mode
step     1  train 5.5594  eval 5.5361  pmax 18.9  (19s)
step  2500  train 1.8190  eval 1.7801  pmax 19.5  (80s)
step  5000  train 1.6633  eval 1.6696  pmax 19.5  (141s)
step  7500  train 1.6947  eval 1.6180  pmax 19.6  (201s)
step 10000  train 1.6527  eval 1.6413  pmax 19.6  (262s)
step 12500  train 1.6806  eval 1.5995  pmax 19.7  (323s)
step 15000  train 1.6690  eval 1.5906  pmax 19.8  (384s)
step 17500  train 1.6084  eval 1.6327  pmax 19.9  (445s)
step 20000  train 1.6056  eval 1.6233  pmax 20.0  (505s)
step 22500  train 1.6657  eval 1.6147  pmax 20.0  (566s)
step 25000  train 1.6312  eval 1.6010  pmax 20.0  (626s)
step 27500  train 1.5931  eval 1.5852  pmax 20.0  (685s)
step 30000  train 1.6618  eval 1.5697  pmax 20.0  (745s)
step 32500  train 1.6247  eval 1.5559  pmax 20.0  (805s)
step 35000  train 1.6947  eval 1.5770  pmax 20.0  (864s)
step 37500  train 1.6012  eval 1.5688  pmax 20.0  (924s)
step 40000  train 1.6277  eval 1.5789  pmax 20.0  (983s)
step 42500  train 1.6938  eval 1.5881  pmax 20.0  (1043s)
step 45000  train 1.6661  eval 1.5811  pmax 20.0  (1102s)
step 47500  train 1.5957  eval 1.5797  pmax 20.0  (1160s)
step 50000  train 1.6104  eval 1.5960  pmax 20.0  (1218s)
  [checkpoint + sample saved at step 50000]
step 52500  train 1.5971  eval 1.5634  pmax 20.0  (1299s)
step 55000  train 1.6040  eval 1.5897  pmax 20.0  (1358s)
step 57500  train 1.6551  eval 1.5798  pmax 20.0  (1417s)
step 60000  train 1.6146  eval 1.5060  pmax 20.0  (1477s)
step 62500  train 1.6473  eval 1.6000  pmax 20.0  (1538s)
step 65000  train 1.6242  eval 1.5339  pmax 20.0  (1599s)
step 67500  train 1.5818  eval 1.5585  pmax 20.0  (1659s)
step 70000  train 1.5707  eval 1.5561  pmax 20.1  (1719s)
step 72500  train 1.6381  eval 1.5259  pmax 20.1  (1779s)
step 75000  train 1.6061  eval 1.5427  pmax 20.1  (1840s)
step 77500  train 1.5527  eval 1.5757  pmax 20.1  (1901s)
step 80000  train 1.6092  eval 1.5874  pmax 20.1  (1960s)
step 82500  train 1.5926  eval 1.5910  pmax 20.1  (2017s)
step 85000  train 1.6079  eval 1.5805  pmax 20.1  (2076s)
step 87500  train 1.6539  eval 1.5795  pmax 20.1  (2133s)
step 90000  train 1.6204  eval 1.5657  pmax 20.1  (2193s)
step 92500  train 1.6344  eval 1.5350  pmax 20.1  (2252s)
step 95000  train 1.6686  eval 1.5113  pmax 20.1  (2312s)
step 97500  train 1.5547  eval 1.6021  pmax 20.1  (2371s)
step 100000  train 1.6399  eval 1.5001  pmax 20.1  (2430s)
  [checkpoint + sample saved at step 100000]
done. artifacts in /home/luke/Wavelet-State-KAN/checkpoints/wskan_tinystories_interp_s42
