/home/luke/Wavelet-State-KAN/experiments/V1_train_tinystories_lm.py:107: UserWarning: The given buffer is not writable, and PyTorch does not support non-writable tensors. This means you can write to the underlying (supposedly non-writable) buffer using the tensor. You may want to copy the buffer to protect its data or make it writable before converting it to a tensor. This type of warning will be suppressed for the rest of this program. (Triggered internally at /__w/pytorch/pytorch/torch/csrc/utils/tensor_new.cpp:1556.)
  train_ids = torch.frombuffer(train_text.encode("utf-8", errors="ignore"), dtype=torch.uint8)
train bytes: 1,195,926,439  eval bytes: 2,859,070
model: wskan11  params: 985,956  device: cuda
W0920 02:46:44.464000 355787 .venv/lib/python3.12/site-packages/torch/_inductor/utils.py:1806] [0/0] Not enough SMs to use max_autotune_gemm mode
step     1  train 5.5546  eval 5.4519  pmax 18.9  (67s)
step  1000  train 1.3302  eval 1.3460  pmax 18.9  (144s)
step  2000  train 1.2283  eval 1.1861  pmax 19.0  (221s)
step  3000  train 1.2070  eval 1.1791  pmax 19.0  (298s)
step  4000  train 1.1073  eval 1.1319  pmax 19.0  (375s)
step  5000  train 1.1571  eval 1.0920  pmax 19.1  (452s)
step  6000  train 1.1486  eval 1.1231  pmax 19.1  (529s)
step  7000  train 1.0611  eval 1.1343  pmax 19.1  (605s)
step  8000  train 1.1037  eval 1.1280  pmax 19.1  (683s)
step  9000  train 1.0550  eval 1.0677  pmax 19.2  (760s)
step 10000  train 1.0822  eval 1.0437  pmax 19.2  (838s)
  [checkpoint + sample saved at step 10000]
step 11000  train 1.0314  eval 1.1171  pmax 19.2  (920s)
step 12000  train 1.0652  eval 1.0498  pmax 19.2  (997s)
step 13000  train 0.9964  eval 1.0527  pmax 19.3  (1074s)
step 14000  train 1.0647  eval 1.0169  pmax 19.3  (1150s)
step 15000  train 1.0227  eval 1.0684  pmax 19.4  (1227s)
step 16000  train 0.9862  eval 1.0444  pmax 19.5  (1304s)
step 17000  train 1.0472  eval 1.0650  pmax 19.5  (1382s)
step 18000  train 1.0664  eval 1.0493  pmax 19.6  (1458s)
step 19000  train 1.0515  eval 1.0131  pmax 19.7  (1535s)
step 20000  train 1.0161  eval 1.0536  pmax 19.8  (1613s)
  [checkpoint + sample saved at step 20000]
step 21000  train 1.0424  eval 0.9787  pmax 19.8  (1695s)
step 22000  train 0.9996  eval 1.0128  pmax 19.9  (1772s)
step 23000  train 0.9907  eval 0.9973  pmax 20.0  (1849s)
step 24000  train 0.9665  eval 0.9964  pmax 20.0  (1926s)
step 25000  train 1.0064  eval 0.9660  pmax 20.1  (2004s)
step 26000  train 1.0348  eval 1.0527  pmax 20.1  (2080s)
step 27000  train 1.0417  eval 1.0077  pmax 20.2  (2157s)
step 28000  train 1.0137  eval 0.9970  pmax 20.2  (2235s)
step 29000  train 1.0141  eval 0.9918  pmax 20.3  (2312s)
step 30000  train 1.0176  eval 0.9898  pmax 20.3  (2389s)
  [checkpoint + sample saved at step 30000]
step 31000  train 0.9822  eval 0.9715  pmax 20.3  (2471s)
step 32000  train 0.9899  eval 0.9599  pmax 20.4  (2549s)
step 33000  train 1.0034  eval 0.9793  pmax 20.4  (2625s)
step 34000  train 1.0184  eval 0.9908  pmax 20.4  (2703s)
step 35000  train 0.9716  eval 1.0328  pmax 20.5  (2780s)
step 36000  train 0.9902  eval 1.0264  pmax 20.5  (2857s)
step 37000  train 0.9866  eval 0.9788  pmax 20.5  (2935s)
step 38000  train 0.9647  eval 0.9847  pmax 20.5  (3011s)
step 39000  train 1.0267  eval 0.9573  pmax 20.5  (3089s)
step 40000  train 0.9564  eval 0.9678  pmax 20.5  (3166s)
  [checkpoint + sample saved at step 40000]
step 41000  train 1.0051  eval 0.9260  pmax 20.6  (3248s)
step 42000  train 0.9467  eval 1.0076  pmax 20.6  (3324s)
step 43000  train 1.0180  eval 1.0331  pmax 20.6  (3401s)
step 44000  train 0.9856  eval 1.0310  pmax 20.6  (3479s)
step 45000  train 0.9615  eval 0.9677  pmax 20.6  (3555s)
step 46000  train 0.9620  eval 0.9625  pmax 20.6  (3632s)
step 47000  train 0.9525  eval 1.0092  pmax 20.6  (3709s)
step 48000  train 0.9730  eval 1.0471  pmax 20.6  (3786s)
step 49000  train 1.0271  eval 0.9551  pmax 20.6  (3863s)
step 50000  train 0.9209  eval 0.9747  pmax 20.6  (3941s)
  [checkpoint + sample saved at step 50000]
step 51000  train 1.0038  eval 0.9299  pmax 20.6  (4023s)
step 52000  train 0.9539  eval 0.9624  pmax 20.6  (4099s)
step 53000  train 0.9739  eval 0.9436  pmax 20.6  (4177s)
step 54000  train 1.0064  eval 0.9889  pmax 20.6  (4254s)
  [checkpoint + sample saved at step 54000]
done. artifacts in /home/luke/Wavelet-State-KAN/checkpoints/wskan11_ultrachat_1m_3ep_s31337
