/home/luke/Wavelet-State-KAN/experiments/V1_train_tinystories_lm.py:107: UserWarning: The given buffer is not writable, and PyTorch does not support non-writable tensors. This means you can write to the underlying (supposedly non-writable) buffer using the tensor. You may want to copy the buffer to protect its data or make it writable before converting it to a tensor. This type of warning will be suppressed for the rest of this program. (Triggered internally at /__w/pytorch/pytorch/torch/csrc/utils/tensor_new.cpp:1556.)
  train_ids = torch.frombuffer(train_text.encode("utf-8", errors="ignore"), dtype=torch.uint8)
train bytes: 542,898,247  eval bytes: 130,357
model: wskan7bcreal  params: 985,956  device: cuda
W0917 18:22:00.161000 1539800 .venv/lib/python3.12/site-packages/torch/_inductor/utils.py:1806] [0/1] Not enough SMs to use max_autotune_gemm mode
step     1  train 5.5684  eval 5.4679  pmax 3.0  (16s)
step  1000  train 1.4673  eval 1.4722  pmax 3.1  (801s)
step  2000  train 1.3635  eval 1.3401  pmax 3.2  (1572s)
step  3000  train 1.3426  eval 1.3055  pmax 3.4  (2336s)
step  4000  train 1.2804  eval 1.3266  pmax 3.4  (3110s)
step  5000  train 1.3131  eval 1.3016  pmax 3.5  (3899s)
step  6000  train 1.2740  eval 1.3077  pmax 3.5  (4686s)
step  7000  train 1.3261  eval 1.2511  pmax 3.6  (5442s)
step  8000  train 1.2800  eval 1.2945  pmax 3.6  (6204s)
step  9000  train 1.2406  eval 1.2852  pmax 3.6  (6968s)
step 10000  train 1.2593  eval 1.2992  pmax 3.6  (7735s)
  [checkpoint + sample saved at step 10000]
step 11000  train 1.2549  eval 1.2564  pmax 3.6  (8531s)
step 12000  train 1.2604  eval 1.2130  pmax 3.6  (9342s)
step 13000  train 1.2658  eval 1.2458  pmax 3.7  (10121s)
step 14000  train 1.2424  eval 1.2447  pmax 3.7  (10888s)
step 15000  train 1.2308  eval 1.2567  pmax 3.7  (11654s)
step 16000  train 1.2182  eval 1.2375  pmax 3.7  (12443s)
step 17000  train 1.2542  eval 1.2369  pmax 3.8  (13263s)
step 18000  train 1.2575  eval 1.2305  pmax 3.8  (14084s)
step 19000  train 1.1789  eval 1.2029  pmax 3.8  (14907s)
step 20000  train 1.2191  eval 1.2357  pmax 3.8  (15731s)
  [checkpoint + sample saved at step 20000]
step 21000  train 1.2141  eval 1.2181  pmax 3.8  (16557s)
step 22000  train 1.1871  eval 1.2320  pmax 3.9  (17363s)
step 23000  train 1.2024  eval 1.2242  pmax 3.9  (18180s)
step 24000  train 1.1737  eval 1.2022  pmax 3.9  (18988s)
step 25000  train 1.1985  eval 1.2176  pmax 3.9  (19805s)
step 26000  train 1.2319  eval 1.1882  pmax 3.9  (20613s)
step 27000  train 1.2048  eval 1.1839  pmax 3.9  (21381s)
step 28000  train 1.1914  eval 1.1938  pmax 3.9  (22151s)
step 29000  train 1.1806  eval 1.1972  pmax 3.9  (22924s)
step 30000  train 1.1805  eval 1.2279  pmax 3.9  (23690s)
  [checkpoint + sample saved at step 30000]
step 31000  train 1.2049  eval 1.1873  pmax 3.9  (24468s)
step 32000  train 1.2002  eval 1.1992  pmax 4.0  (25239s)
step 33000  train 1.1864  eval 1.2146  pmax 4.0  (26009s)
step 34000  train 1.1744  eval 1.1817  pmax 4.0  (26773s)
step 35000  train 1.1844  eval 1.1724  pmax 4.0  (27544s)
step 36000  train 1.1783  eval 1.1739  pmax 4.0  (28316s)
step 37000  train 1.1917  eval 1.2088  pmax 4.0  (29087s)
step 38000  train 1.1977  eval 1.1725  pmax 4.0  (29859s)
step 39000  train 1.2018  eval 1.1471  pmax 4.0  (30622s)
step 40000  train 1.1644  eval 1.1718  pmax 4.0  (31388s)
  [checkpoint + sample saved at step 40000]
step 41000  train 1.1511  eval 1.1894  pmax 4.0  (32173s)
step 42000  train 1.2032  eval 1.1594  pmax 4.0  (32934s)
step 43000  train 1.1850  eval 1.1976  pmax 4.0  (33704s)
step 44000  train 1.1795  eval 1.1970  pmax 4.0  (34475s)
step 45000  train 1.1538  eval 1.1442  pmax 4.0  (35243s)
step 46000  train 1.1707  eval 1.1902  pmax 4.0  (36015s)
step 47000  train 1.1798  eval 1.1773  pmax 4.0  (36787s)
step 48000  train 1.1232  eval 1.1835  pmax 4.0  (37561s)
step 49000  train 1.1868  eval 1.1585  pmax 4.0  (38333s)
step 50000  train 1.1700  eval 1.1610  pmax 4.0  (39104s)
  [checkpoint + sample saved at step 50000]
step 51000  train 1.1343  eval 1.1234  pmax 4.0  (39897s)
step 52000  train 1.1390  eval 1.1812  pmax 4.0  (40673s)
step 53000  train 1.1759  eval 1.1277  pmax 4.0  (41447s)
step 54000  train 1.1780  eval 1.1515  pmax 4.0  (42224s)
step 55000  train 1.1612  eval 1.1634  pmax 4.0  (42996s)
step 56000  train 1.1631  eval 1.1685  pmax 4.0  (43772s)
step 57000  train 1.1725  eval 1.1494  pmax 4.0  (44549s)
step 58000  train 1.1557  eval 1.1506  pmax 4.0  (45323s)
step 59000  train 1.1475  eval 1.1628  pmax 4.0  (46095s)
step 60000  train 1.1523  eval 1.1681  pmax 4.0  (46871s)
  [checkpoint + sample saved at step 60000]
step 61000  train 1.2048  eval 1.1753  pmax 4.0  (47658s)
step 62000  train 1.1143  eval 1.1396  pmax 4.0  (48434s)
step 63000  train 1.1926  eval 1.1686  pmax 4.0  (49206s)
step 64000  train 1.1543  eval 1.1583  pmax 4.0  (49974s)
step 65000  train 1.1337  eval 1.1061  pmax 4.0  (50755s)
step 66000  train 1.1328  eval 1.1546  pmax 4.0  (51528s)
  [checkpoint + sample saved at step 66000]
done. artifacts in /home/luke/Wavelet-State-KAN/checkpoints/wskan7bcreal_wikitext_1m_3ep_s123
