/home/luke/Wavelet-State-KAN/experiments/V1_train_tinystories_lm.py:107: UserWarning: The given buffer is not writable, and PyTorch does not support non-writable tensors. This means you can write to the underlying (supposedly non-writable) buffer using the tensor. You may want to copy the buffer to protect its data or make it writable before converting it to a tensor. This type of warning will be suppressed for the rest of this program. (Triggered internally at /__w/pytorch/pytorch/torch/csrc/utils/tensor_new.cpp:1556.)
  train_ids = torch.frombuffer(train_text.encode("utf-8", errors="ignore"), dtype=torch.uint8)
train bytes: 1,195,926,439  eval bytes: 2,859,070
model: wskan11  params: 3,610  device: cuda
step     1  train 5.5539  eval 5.5446  pmax 18.9  (8s)
step  1000  train 2.6025  eval 2.5997  pmax 19.1  (17s)
step  2000  train 2.5440  eval 2.5262  pmax 19.6  (26s)
step  3000  train 2.5327  eval 2.5285  pmax 19.9  (35s)
step  4000  train 2.5107  eval 2.4985  pmax 20.1  (45s)
step  5000  train 2.4931  eval 2.4739  pmax 20.2  (54s)
step  6000  train 2.5313  eval 2.5065  pmax 20.3  (63s)
step  7000  train 2.4950  eval 2.5210  pmax 20.2  (72s)
step  8000  train 2.4702  eval 2.5106  pmax 20.1  (81s)
step  9000  train 2.5081  eval 2.4757  pmax 20.0  (91s)
step 10000  train 2.4831  eval 2.4707  pmax 19.9  (100s)
step 11000  train 2.4700  eval 2.4621  pmax 19.9  (109s)
step 12000  train 2.4672  eval 2.4664  pmax 19.8  (119s)
step 13000  train 2.4775  eval 2.4961  pmax 19.7  (128s)
step 14000  train 2.5681  eval 2.4810  pmax 19.7  (137s)
step 15000  train 2.4493  eval 2.4244  pmax 19.6  (147s)
step 16000  train 2.4701  eval 2.5093  pmax 19.6  (156s)
step 17000  train 2.4711  eval 2.4637  pmax 19.6  (165s)
step 18000  train 2.4466  eval 2.4982  pmax 19.5  (174s)
step 19000  train 2.4537  eval 2.5113  pmax 19.5  (183s)
step 20000  train 2.4626  eval 2.4691  pmax 19.5  (193s)
step 21000  train 2.4628  eval 2.5226  pmax 19.5  (202s)
step 22000  train 2.4403  eval 2.4711  pmax 19.4  (211s)
step 23000  train 2.4875  eval 2.4558  pmax 19.4  (221s)
step 24000  train 2.4475  eval 2.4266  pmax 19.4  (230s)
step 25000  train 2.4999  eval 2.4707  pmax 19.4  (239s)
  [checkpoint + sample saved at step 25000]
step 26000  train 2.4463  eval 2.4765  pmax 19.4  (249s)
step 27000  train 2.4526  eval 2.4765  pmax 19.4  (259s)
step 28000  train 2.4439  eval 2.4497  pmax 19.4  (268s)
step 29000  train 2.4772  eval 2.4710  pmax 19.4  (277s)
step 30000  train 2.4583  eval 2.4588  pmax 19.4  (287s)
step 31000  train 2.4623  eval 2.4663  pmax 19.4  (296s)
step 32000  train 2.4532  eval 2.4448  pmax 19.4  (305s)
step 33000  train 2.4392  eval 2.4143  pmax 19.4  (314s)
step 34000  train 2.4288  eval 2.4473  pmax 19.4  (324s)
step 35000  train 2.4549  eval 2.4898  pmax 19.4  (333s)
step 36000  train 2.4678  eval 2.4499  pmax 19.4  (342s)
  [checkpoint + sample saved at step 36000]
done. artifacts in /home/luke/Wavelet-State-KAN/checkpoints/wskan11_ultrachat_1k_3ep_s31337
