/home/luke/Wavelet-State-KAN/experiments/V1_train_tinystories_lm.py:107: UserWarning: The given buffer is not writable, and PyTorch does not support non-writable tensors. This means you can write to the underlying (supposedly non-writable) buffer using the tensor. You may want to copy the buffer to protect its data or make it writable before converting it to a tensor. This type of warning will be suppressed for the rest of this program. (Triggered internally at /__w/pytorch/pytorch/torch/csrc/utils/tensor_new.cpp:1556.)
  train_ids = torch.frombuffer(train_text.encode("utf-8", errors="ignore"), dtype=torch.uint8)
train bytes: 1,905,061,325  eval bytes: 405,730
model: wskan7bc  params: 985,956  device: cuda
step     1  train 5.5168  eval 5.3898  pmax 18.9  (5s)
step  1000  train 1.0108  eval 0.9470  pmax 18.9  (712s)
step  2000  train 0.9030  eval 0.8712  pmax 19.0  (1425s)
step  3000  train 0.8751  eval 0.8472  pmax 19.0  (2142s)
step  4000  train 0.8396  eval 0.8013  pmax 19.0  (2852s)
step  5000  train 0.8203  eval 0.7704  pmax 19.0  (3577s)
step  6000  train 0.7764  eval 0.7554  pmax 19.1  (4293s)
step  7000  train 0.8005  eval 0.7367  pmax 19.1  (5006s)
step  8000  train 0.7782  eval 0.7475  pmax 19.1  (5769s)
step  9000  train 0.7584  eval 0.7628  pmax 19.1  (6551s)
step 10000  train 0.7773  eval 0.7293  pmax 19.2  (7297s)
  [checkpoint + sample saved at step 10000]
step 11000  train 0.7649  eval 0.6887  pmax 19.2  (8078s)
step 12000  train 0.7477  eval 0.6846  pmax 19.3  (8848s)
step 13000  train 0.7664  eval 0.6948  pmax 19.3  (9624s)
step 14000  train 0.7385  eval 0.7201  pmax 19.3  (10354s)
step 15000  train 0.7409  eval 0.7001  pmax 19.3  (11082s)
step 16000  train 0.7554  eval 0.7138  pmax 19.3  (11841s)
step 17000  train 0.7465  eval 0.7034  pmax 19.3  (12577s)
step 18000  train 0.7257  eval 0.6864  pmax 19.3  (13296s)
step 19000  train 0.7256  eval 0.6715  pmax 19.3  (14009s)
step 20000  train 0.7441  eval 0.6787  pmax 19.4  (14713s)
  [checkpoint + sample saved at step 20000]
step 21000  train 0.7334  eval 0.6878  pmax 19.4  (15473s)
step 22000  train 0.7341  eval 0.6863  pmax 19.4  (16200s)
step 23000  train 0.7359  eval 0.6769  pmax 19.4  (16920s)
step 24000  train 0.6989  eval 0.6842  pmax 19.4  (17633s)
step 25000  train 0.7108  eval 0.6543  pmax 19.4  (18350s)
step 26000  train 0.7161  eval 0.6717  pmax 19.4  (19067s)
step 27000  train 0.6874  eval 0.6497  pmax 19.5  (19775s)
step 28000  train 0.7152  eval 0.6502  pmax 19.5  (20537s)
step 29000  train 0.6953  eval 0.6769  pmax 19.5  (21301s)
step 30000  train 0.7090  eval 0.6528  pmax 19.5  (22018s)
  [checkpoint + sample saved at step 30000]
step 31000  train 0.7207  eval 0.6469  pmax 19.5  (22742s)
step 32000  train 0.7111  eval 0.6530  pmax 19.6  (23448s)
step 33000  train 0.7086  eval 0.6650  pmax 19.6  (24213s)
step 34000  train 0.6992  eval 0.6254  pmax 19.6  (25002s)
step 35000  train 0.6912  eval 0.6834  pmax 19.6  (25816s)
step 36000  train 0.6963  eval 0.6629  pmax 19.6  (26632s)
step 37000  train 0.7019  eval 0.6261  pmax 19.6  (27441s)
step 38000  train 0.6831  eval 0.6625  pmax 19.6  (28228s)
step 39000  train 0.6948  eval 0.6391  pmax 19.6  (28997s)
step 40000  train 0.6956  eval 0.6775  pmax 19.6  (29792s)
  [checkpoint + sample saved at step 40000]
step 41000  train 0.6974  eval 0.6482  pmax 19.6  (30592s)
step 42000  train 0.6698  eval 0.6335  pmax 19.6  (31381s)
step 43000  train 0.7006  eval 0.6584  pmax 19.7  (32141s)
step 44000  train 0.6837  eval 0.6457  pmax 19.7  (32871s)
step 45000  train 0.6821  eval 0.6861  pmax 19.7  (33589s)
step 46000  train 0.7029  eval 0.6291  pmax 19.7  (34309s)
step 47000  train 0.6735  eval 0.6294  pmax 19.7  (35035s)
step 48000  train 0.6615  eval 0.6540  pmax 19.7  (35757s)
step 49000  train 0.7078  eval 0.6302  pmax 19.7  (36481s)
step 50000  train 0.6720  eval 0.6159  pmax 19.7  (37194s)
  [checkpoint + sample saved at step 50000]
step 51000  train 0.6773  eval 0.6295  pmax 19.7  (37921s)
step 52000  train 0.6474  eval 0.6238  pmax 19.7  (38631s)
step 53000  train 0.6581  eval 0.6420  pmax 19.8  (39346s)
step 54000  train 0.6956  eval 0.6333  pmax 19.8  (40059s)
step 55000  train 0.7131  eval 0.6325  pmax 19.8  (40781s)
step 56000  train 0.7071  eval 0.6527  pmax 19.8  (41503s)
step 57000  train 0.6947  eval 0.6569  pmax 19.8  (42215s)
step 58000  train 0.6832  eval 0.6544  pmax 19.8  (42937s)
step 59000  train 0.6661  eval 0.5910  pmax 19.8  (43658s)
step 60000  train 0.6734  eval 0.6364  pmax 19.8  (44369s)
  [checkpoint + sample saved at step 60000]
step 61000  train 0.6888  eval 0.6501  pmax 19.8  (45139s)
step 62000  train 0.7020  eval 0.6172  pmax 19.8  (45921s)
step 63000  train 0.6888  eval 0.6260  pmax 19.8  (46705s)
step 64000  train 0.6532  eval 0.6338  pmax 19.8  (47487s)
step 65000  train 0.6537  eval 0.5876  pmax 19.8  (48262s)
step 66000  train 0.6573  eval 0.6021  pmax 19.8  (49035s)
step 67000  train 0.6675  eval 0.6248  pmax 19.8  (49817s)
step 68000  train 0.6522  eval 0.6083  pmax 19.8  (50596s)
step 69000  train 0.6683  eval 0.6059  pmax 19.8  (51375s)
step 70000  train 0.6916  eval 0.6347  pmax 19.8  (52160s)
  [checkpoint + sample saved at step 70000]
step 71000  train 0.6575  eval 0.6292  pmax 19.8  (52954s)
step 72000  train 0.6728  eval 0.6087  pmax 19.8  (53738s)
step 73000  train 0.7127  eval 0.6250  pmax 19.9  (54518s)
step 74000  train 0.6999  eval 0.6246  pmax 19.9  (55298s)
step 75000  train 0.6655  eval 0.6229  pmax 19.8  (56081s)
step 76000  train 0.6630  eval 0.6136  pmax 19.8  (56862s)
step 77000  train 0.6700  eval 0.5999  pmax 19.9  (57641s)
step 78000  train 0.6958  eval 0.6209  pmax 19.9  (58427s)
step 79000  train 0.6786  eval 0.6348  pmax 19.9  (59202s)
step 80000  train 0.6936  eval 0.6292  pmax 19.9  (59983s)
  [checkpoint + sample saved at step 80000]
step 81000  train 0.6476  eval 0.5836  pmax 19.9  (60777s)
step 82000  train 0.6609  eval 0.6366  pmax 19.9  (61562s)
step 83000  train 0.6779  eval 0.5892  pmax 19.9  (62345s)
step 84000  train 0.6568  eval 0.6239  pmax 19.9  (63129s)
step 85000  train 0.6646  eval 0.6497  pmax 19.9  (63910s)
step 86000  train 0.6653  eval 0.6091  pmax 19.9  (64689s)
step 87000  train 0.6539  eval 0.6067  pmax 19.9  (65464s)
step 88000  train 0.6605  eval 0.6067  pmax 19.9  (66247s)
step 89000  train 0.6616  eval 0.6092  pmax 19.9  (67028s)
step 90000  train 0.6469  eval 0.5935  pmax 19.9  (67805s)
  [checkpoint + sample saved at step 90000]
step 91000  train 0.6569  eval 0.6045  pmax 19.9  (68600s)
step 92000  train 0.6818  eval 0.6303  pmax 19.9  (69376s)
step 93000  train 0.6762  eval 0.6097  pmax 19.9  (70157s)
step 94000  train 0.6721  eval 0.6038  pmax 19.9  (70935s)
step 95000  train 0.6661  eval 0.6171  pmax 19.9  (71714s)
step 96000  train 0.6750  eval 0.6121  pmax 19.9  (72490s)
step 97000  train 0.6843  eval 0.6131  pmax 19.9  (73269s)
step 98000  train 0.6865  eval 0.6041  pmax 19.9  (74051s)
step 99000  train 0.6540  eval 0.6108  pmax 19.9  (74825s)
step 100000  train 0.6674  eval 0.6089  pmax 19.9  (75603s)
  [checkpoint + sample saved at step 100000]
done. artifacts in /home/luke/Wavelet-State-KAN/checkpoints/wskan7bc_tinystories_1m_3ep_s31337
