/home/luke/Wavelet-State-KAN/experiments/V1_train_tinystories_lm.py:107: UserWarning: The given buffer is not writable, and PyTorch does not support non-writable tensors. This means you can write to the underlying (supposedly non-writable) buffer using the tensor. You may want to copy the buffer to protect its data or make it writable before converting it to a tensor. This type of warning will be suppressed for the rest of this program. (Triggered internally at /__w/pytorch/pytorch/torch/csrc/utils/tensor_new.cpp:1556.)
  train_ids = torch.frombuffer(train_text.encode("utf-8", errors="ignore"), dtype=torch.uint8)
train bytes: 542,898,247  eval bytes: 130,357
model: wskan11real  params: 12,546  device: cuda
step     1  train 5.5452  eval 5.5232  pmax 3.0  (7s)
step  1000  train 2.1518  eval 2.1826  pmax 3.3  (16s)
step  2000  train 2.1206  eval 2.0972  pmax 3.9  (24s)
step  3000  train 2.0578  eval 2.0944  pmax 5.3  (32s)
step  4000  train 2.0472  eval 2.0817  pmax 6.7  (41s)
step  5000  train 2.0677  eval 2.0687  pmax 7.3  (49s)
step  6000  train 2.0442  eval 2.0357  pmax 8.2  (58s)
step  7000  train 2.0376  eval 2.0419  pmax 9.1  (67s)
step  8000  train 2.0354  eval 2.0338  pmax 9.8  (75s)
step  9000  train 2.0110  eval 2.0371  pmax 10.4  (84s)
step 10000  train 2.0523  eval 1.9914  pmax 10.9  (93s)
step 11000  train 2.0079  eval 1.9784  pmax 11.4  (101s)
step 12000  train 2.0070  eval 2.0179  pmax 11.8  (110s)
step 13000  train 2.0373  eval 2.0248  pmax 11.9  (118s)
step 14000  train 2.0078  eval 2.0047  pmax 11.9  (127s)
step 15000  train 2.0123  eval 1.9928  pmax 12.1  (135s)
step 16000  train 2.0073  eval 1.9946  pmax 12.8  (144s)
step 17000  train 1.9903  eval 1.9784  pmax 13.9  (152s)
step 18000  train 2.0183  eval 1.9797  pmax 14.8  (161s)
step 19000  train 1.9980  eval 1.9820  pmax 15.7  (170s)
step 20000  train 2.0146  eval 2.0031  pmax 16.4  (178s)
step 21000  train 1.9785  eval 1.9999  pmax 16.9  (187s)
step 22000  train 1.9715  eval 2.0170  pmax 17.3  (195s)
step 23000  train 1.9890  eval 1.9724  pmax 17.5  (204s)
step 24000  train 1.9992  eval 2.0048  pmax 17.7  (212s)
step 25000  train 1.9818  eval 2.0099  pmax 17.9  (220s)
  [checkpoint + sample saved at step 25000]
step 26000  train 1.9645  eval 2.0026  pmax 18.0  (230s)
step 27000  train 1.9861  eval 1.9630  pmax 18.1  (239s)
step 28000  train 1.9551  eval 1.9977  pmax 18.1  (247s)
step 29000  train 1.9958  eval 1.9954  pmax 18.2  (256s)
step 30000  train 2.0189  eval 1.9879  pmax 18.3  (264s)
step 31000  train 1.9623  eval 1.9775  pmax 18.3  (273s)
step 32000  train 1.9988  eval 1.9609  pmax 18.4  (281s)
step 33000  train 1.9751  eval 2.0065  pmax 18.4  (290s)
step 34000  train 2.0053  eval 1.9779  pmax 18.4  (298s)
step 35000  train 1.9781  eval 2.0123  pmax 18.4  (307s)
step 36000  train 1.9759  eval 1.9826  pmax 18.4  (315s)
step 37000  train 1.9733  eval 1.9779  pmax 18.4  (323s)
step 38000  train 1.9791  eval 2.0018  pmax 18.4  (332s)
step 39000  train 1.9752  eval 1.9615  pmax 18.5  (340s)
step 40000  train 1.9891  eval 2.0025  pmax 18.5  (349s)
step 41000  train 1.9808  eval 1.9809  pmax 18.5  (357s)
step 42000  train 1.9728  eval 1.9540  pmax 18.5  (366s)
step 43000  train 1.9808  eval 2.0011  pmax 18.5  (374s)
step 44000  train 1.9739  eval 1.9838  pmax 18.5  (383s)
step 45000  train 2.0010  eval 1.9896  pmax 18.5  (392s)
step 46000  train 1.9713  eval 1.9565  pmax 18.5  (400s)
step 47000  train 1.9850  eval 1.9671  pmax 18.5  (408s)
step 48000  train 2.0083  eval 1.9836  pmax 18.5  (417s)
step 49000  train 1.9913  eval 1.9471  pmax 18.5  (425s)
step 50000  train 1.9661  eval 1.9557  pmax 18.5  (434s)
  [checkpoint + sample saved at step 50000]
done. artifacts in /home/luke/Wavelet-State-KAN/checkpoints/wskan11real_wikitext_10k_3ep_s31337
