train bytes: 180,263,596  eval bytes: 2,859,070
model: wskan3real  params: 101,856  device: cuda
W0912 03:31:46.155000 3448197 .venv/lib/python3.12/site-packages/torch/_inductor/utils.py:1806] [0/0] Not enough SMs to use max_autotune_gemm mode
step     1  train 5.5530  eval 5.5110  pmax 3.0  (1127s)
step  2500  train 1.5731  eval 1.6853  pmax 3.0  (1371s)
step  5000  train 1.5319  eval 1.4778  pmax 3.0  (1614s)
step  7500  train 1.4338  eval 1.5186  pmax 3.0  (1856s)
step 10000  train 1.5034  eval 1.4036  pmax 3.2  (2095s)
step 12500  train 1.3546  eval 1.3653  pmax 3.3  (2335s)
step 15000  train 1.4840  eval 1.4481  pmax 3.4  (2570s)
step 17500  train 1.3730  eval 1.4377  pmax 3.5  (2809s)
step 20000  train 1.3915  eval 1.4862  pmax 3.5  (3045s)
step 22500  train 1.3947  eval 1.4185  pmax 3.6  (3283s)
step 25000  train 1.4098  eval 1.2931  pmax 3.6  (3519s)
step 27500  train 1.4597  eval 1.3115  pmax 3.7  (3757s)
step 30000  train 1.3912  eval 1.4780  pmax 3.7  (3995s)
step 32500  train 1.3427  eval 1.4587  pmax 3.7  (4233s)
step 35000  train 1.3430  eval 1.3710  pmax 3.8  (4471s)
step 37500  train 1.3462  eval 1.3732  pmax 3.8  (4709s)
step 40000  train 1.3957  eval 1.4202  pmax 3.9  (4947s)
step 42500  train 1.3713  eval 1.3206  pmax 3.9  (5185s)
step 45000  train 1.4176  eval 1.3149  pmax 3.9  (5425s)
step 47500  train 1.3965  eval 1.3581  pmax 4.0  (5663s)
step 50000  train 1.3190  eval 1.3586  pmax 4.0  (5899s)
  [checkpoint + sample saved at step 50000]
step 52500  train 1.3247  eval 1.2939  pmax 4.0  (6141s)
step 55000  train 1.3127  eval 1.3235  pmax 4.0  (6373s)
step 57500  train 1.3779  eval 1.4276  pmax 4.1  (6608s)
step 60000  train 1.3658  eval 1.3768  pmax 4.1  (6843s)
step 62500  train 1.3773  eval 1.3534  pmax 4.1  (7075s)
step 65000  train 1.3771  eval 1.3418  pmax 4.1  (7310s)
step 67500  train 1.3008  eval 1.3397  pmax 4.1  (7542s)
step 70000  train 1.3037  eval 1.3848  pmax 4.1  (7778s)
step 72500  train 1.4039  eval 1.3205  pmax 4.2  (8014s)
step 75000  train 1.2729  eval 1.2857  pmax 4.2  (8251s)
step 77500  train 1.2476  eval 1.2880  pmax 4.2  (8485s)
step 80000  train 1.3140  eval 1.3522  pmax 4.2  (8719s)
step 82500  train 1.3513  eval 1.3426  pmax 4.2  (8955s)
step 85000  train 1.4084  eval 1.2726  pmax 4.2  (9189s)
step 87500  train 1.3244  eval 1.3291  pmax 4.2  (9422s)
step 90000  train 1.3536  eval 1.3222  pmax 4.2  (9655s)
step 92500  train 1.2717  eval 1.3327  pmax 4.2  (9890s)
step 95000  train 1.3676  eval 1.3179  pmax 4.2  (10123s)
step 97500  train 1.3434  eval 1.2599  pmax 4.2  (10357s)
step 100000  train 1.4450  eval 1.2672  pmax 4.2  (10590s)
  [checkpoint + sample saved at step 100000]
done. artifacts in /home/luke/Wavelet-State-KAN/checkpoints/wskan3real_ultrachat_interp_s123
