/home/luke/Wavelet-State-KAN/experiments/V1_train_tinystories_lm.py:107: UserWarning: The given buffer is not writable, and PyTorch does not support non-writable tensors. This means you can write to the underlying (supposedly non-writable) buffer using the tensor. You may want to copy the buffer to protect its data or make it writable before converting it to a tensor. This type of warning will be suppressed for the rest of this program. (Triggered internally at /__w/pytorch/pytorch/torch/csrc/utils/tensor_new.cpp:1556.)
  train_ids = torch.frombuffer(train_text.encode("utf-8", errors="ignore"), dtype=torch.uint8)
train bytes: 1,905,061,325  eval bytes: 405,730
model: wskan11  params: 113,612  device: cuda
step     1  train 5.5452  eval 5.4619  pmax 18.9  (10s)
step  1000  train 1.1064  eval 1.0639  pmax 19.1  (26s)
step  2000  train 1.0488  eval 0.9692  pmax 19.4  (40s)
step  3000  train 1.0188  eval 0.9755  pmax 19.7  (55s)
step  4000  train 1.0160  eval 0.9457  pmax 20.0  (69s)
step  5000  train 1.0176  eval 0.9114  pmax 20.1  (84s)
step  6000  train 0.9811  eval 0.9442  pmax 20.3  (99s)
step  7000  train 0.9818  eval 0.9110  pmax 20.5  (113s)
step  8000  train 0.9495  eval 0.9249  pmax 20.6  (127s)
step  9000  train 0.9884  eval 0.9623  pmax 20.7  (142s)
step 10000  train 0.9662  eval 0.9446  pmax 20.8  (156s)
step 11000  train 0.9635  eval 0.9547  pmax 20.9  (170s)
step 12000  train 0.9768  eval 0.9579  pmax 21.0  (185s)
step 13000  train 0.9653  eval 0.8765  pmax 21.3  (198s)
step 14000  train 0.9441  eval 0.9329  pmax 21.5  (212s)
step 15000  train 0.9296  eval 0.8613  pmax 21.8  (226s)
step 16000  train 0.9385  eval 0.8894  pmax 22.0  (240s)
step 17000  train 0.9594  eval 0.9075  pmax 22.3  (255s)
step 18000  train 0.9301  eval 0.8972  pmax 22.4  (269s)
step 19000  train 0.9381  eval 0.8918  pmax 22.7  (284s)
step 20000  train 0.9454  eval 0.9148  pmax 22.9  (298s)
step 21000  train 0.9516  eval 0.8789  pmax 23.0  (312s)
step 22000  train 0.9301  eval 0.8776  pmax 23.3  (327s)
step 23000  train 0.9537  eval 0.8807  pmax 23.5  (341s)
step 24000  train 0.9263  eval 0.8876  pmax 23.7  (355s)
step 25000  train 0.9560  eval 0.8863  pmax 23.9  (370s)
  [checkpoint + sample saved at step 25000]
step 26000  train 0.9418  eval 0.9005  pmax 24.1  (387s)
step 27000  train 0.8985  eval 0.8548  pmax 24.3  (401s)
step 28000  train 0.9241  eval 0.8869  pmax 24.5  (415s)
step 29000  train 0.9303  eval 0.8749  pmax 24.7  (430s)
step 30000  train 0.9054  eval 0.8580  pmax 25.0  (444s)
step 31000  train 0.9545  eval 0.8797  pmax 25.2  (458s)
step 32000  train 0.9345  eval 0.8699  pmax 25.4  (472s)
step 33000  train 0.9194  eval 0.9039  pmax 25.6  (487s)
step 34000  train 0.9047  eval 0.8502  pmax 25.8  (500s)
step 35000  train 0.9227  eval 0.8991  pmax 26.0  (515s)
step 36000  train 0.9270  eval 0.8715  pmax 26.1  (529s)
step 37000  train 0.9233  eval 0.8770  pmax 26.3  (544s)
step 38000  train 0.9087  eval 0.8934  pmax 26.5  (558s)
step 39000  train 0.9270  eval 0.8385  pmax 26.7  (572s)
step 40000  train 0.9103  eval 0.9212  pmax 26.8  (586s)
step 41000  train 0.9330  eval 0.8717  pmax 27.0  (600s)
step 42000  train 0.8965  eval 0.8717  pmax 27.1  (614s)
step 43000  train 0.9215  eval 0.8704  pmax 27.3  (628s)
step 44000  train 0.9369  eval 0.8474  pmax 27.5  (643s)
step 45000  train 0.9279  eval 0.8381  pmax 27.6  (657s)
step 46000  train 0.9207  eval 0.8707  pmax 27.7  (671s)
step 47000  train 0.9130  eval 0.8466  pmax 27.9  (686s)
step 48000  train 0.9455  eval 0.8805  pmax 28.0  (700s)
step 49000  train 0.9181  eval 0.8583  pmax 28.1  (715s)
step 50000  train 0.9192  eval 0.8911  pmax 28.2  (729s)
  [checkpoint + sample saved at step 50000]
step 51000  train 0.9070  eval 0.8753  pmax 28.4  (746s)
step 52000  train 0.9047  eval 0.8290  pmax 28.5  (760s)
step 53000  train 0.9073  eval 0.8762  pmax 28.6  (774s)
step 54000  train 0.9097  eval 0.8896  pmax 28.7  (788s)
step 55000  train 0.9422  eval 0.8827  pmax 28.7  (803s)
step 56000  train 0.9146  eval 0.8654  pmax 28.9  (818s)
step 57000  train 0.9316  eval 0.8773  pmax 29.0  (832s)
step 58000  train 0.9111  eval 0.8586  pmax 29.1  (846s)
step 59000  train 0.9560  eval 0.8758  pmax 29.2  (860s)
step 60000  train 0.9058  eval 0.8651  pmax 29.3  (875s)
step 61000  train 0.8886  eval 0.8530  pmax 29.4  (889s)
step 62000  train 0.9138  eval 0.8424  pmax 29.4  (903s)
step 63000  train 0.9231  eval 0.8801  pmax 29.5  (917s)
step 64000  train 0.9098  eval 0.9183  pmax 29.5  (931s)
step 65000  train 0.9302  eval 0.8627  pmax 29.6  (945s)
step 66000  train 0.9244  eval 0.8347  pmax 29.7  (960s)
step 67000  train 0.9483  eval 0.8870  pmax 29.8  (974s)
step 68000  train 0.9183  eval 0.8405  pmax 29.9  (988s)
step 69000  train 0.8914  eval 0.8600  pmax 29.9  (1002s)
step 70000  train 0.9464  eval 0.8646  pmax 30.0  (1017s)
step 71000  train 0.9226  eval 0.8532  pmax 30.1  (1031s)
step 72000  train 0.8806  eval 0.8705  pmax 30.1  (1045s)
step 73000  train 0.9070  eval 0.8678  pmax 30.2  (1060s)
step 74000  train 0.8935  eval 0.8739  pmax 30.2  (1074s)
step 75000  train 0.9108  eval 0.8694  pmax 30.3  (1088s)
  [checkpoint + sample saved at step 75000]
step 76000  train 0.9145  eval 0.8259  pmax 30.4  (1103s)
step 77000  train 0.9329  eval 0.8701  pmax 30.4  (1117s)
step 78000  train 0.9100  eval 0.8264  pmax 30.5  (1132s)
step 79000  train 0.9301  eval 0.8635  pmax 30.5  (1146s)
step 80000  train 0.8956  eval 0.8282  pmax 30.6  (1160s)
step 81000  train 0.8954  eval 0.8446  pmax 30.7  (1174s)
step 82000  train 0.9069  eval 0.8816  pmax 30.7  (1188s)
step 83000  train 0.9009  eval 0.8238  pmax 30.8  (1203s)
step 84000  train 0.9010  eval 0.8320  pmax 30.8  (1217s)
step 85000  train 0.8939  eval 0.8238  pmax 30.9  (1231s)
step 86000  train 0.8878  eval 0.8569  pmax 30.9  (1245s)
step 87000  train 0.9036  eval 0.8572  pmax 30.9  (1260s)
step 88000  train 0.9117  eval 0.8571  pmax 31.0  (1275s)
step 89000  train 0.9040  eval 0.8473  pmax 31.1  (1289s)
step 90000  train 0.8809  eval 0.8447  pmax 31.1  (1302s)
step 91000  train 0.8670  eval 0.8335  pmax 31.1  (1317s)
step 92000  train 0.8933  eval 0.8354  pmax 31.2  (1331s)
step 93000  train 0.8930  eval 0.8855  pmax 31.2  (1346s)
step 94000  train 0.9052  eval 0.8434  pmax 31.3  (1360s)
step 95000  train 0.8915  eval 0.8958  pmax 31.3  (1374s)
step 96000  train 0.8845  eval 0.8456  pmax 31.3  (1388s)
step 97000  train 0.8949  eval 0.8176  pmax 31.4  (1402s)
step 98000  train 0.9082  eval 0.8291  pmax 31.4  (1417s)
step 99000  train 0.9133  eval 0.8600  pmax 31.5  (1431s)
step 100000  train 0.8978  eval 0.8574  pmax 31.5  (1446s)
  [checkpoint + sample saved at step 100000]
step 101000  train 0.9133  eval 0.8393  pmax 31.6  (1462s)
step 102000  train 0.8747  eval 0.8268  pmax 31.6  (1477s)
step 103000  train 0.9105  eval 0.8868  pmax 31.6  (1491s)
step 104000  train 0.8924  eval 0.8306  pmax 31.6  (1505s)
step 105000  train 0.9272  eval 0.8431  pmax 31.6  (1519s)
step 106000  train 0.8981  eval 0.8760  pmax 31.7  (1533s)
step 107000  train 0.8892  eval 0.8350  pmax 31.7  (1547s)
step 108000  train 0.8840  eval 0.8484  pmax 31.8  (1561s)
step 109000  train 0.9012  eval 0.8349  pmax 31.8  (1576s)
step 110000  train 0.8549  eval 0.8612  pmax 31.8  (1590s)
step 111000  train 0.8965  eval 0.8555  pmax 31.8  (1605s)
step 112000  train 0.8888  eval 0.8485  pmax 31.9  (1619s)
step 113000  train 0.9144  eval 0.8576  pmax 31.9  (1633s)
step 114000  train 0.9012  eval 0.8385  pmax 31.9  (1648s)
step 115000  train 0.9004  eval 0.8485  pmax 31.9  (1662s)
step 116000  train 0.9001  eval 0.8332  pmax 32.0  (1676s)
step 117000  train 0.9015  eval 0.8269  pmax 32.0  (1691s)
step 118000  train 0.8842  eval 0.8421  pmax 32.0  (1704s)
step 119000  train 0.9182  eval 0.8866  pmax 32.1  (1718s)
step 120000  train 0.9292  eval 0.8338  pmax 32.0  (1733s)
step 121000  train 0.8930  eval 0.8585  pmax 32.1  (1747s)
step 122000  train 0.8997  eval 0.8089  pmax 32.1  (1761s)
step 123000  train 0.9013  eval 0.8262  pmax 32.1  (1775s)
step 124000  train 0.8750  eval 0.8274  pmax 32.2  (1790s)
step 125000  train 0.8806  eval 0.8357  pmax 32.2  (1804s)
  [checkpoint + sample saved at step 125000]
step 126000  train 0.9265  eval 0.8188  pmax 32.2  (1820s)
step 127000  train 0.8793  eval 0.8250  pmax 32.2  (1834s)
step 128000  train 0.9044  eval 0.8279  pmax 32.3  (1848s)
step 129000  train 0.8905  eval 0.8605  pmax 32.3  (1862s)
step 130000  train 0.9275  eval 0.8678  pmax 32.3  (1876s)
step 131000  train 0.8844  eval 0.8514  pmax 32.3  (1889s)
step 132000  train 0.8971  eval 0.8225  pmax 32.3  (1904s)
step 133000  train 0.8885  eval 0.8301  pmax 32.3  (1918s)
step 134000  train 0.8787  eval 0.8272  pmax 32.4  (1932s)
step 135000  train 0.8987  eval 0.8434  pmax 32.4  (1947s)
step 136000  train 0.9105  eval 0.8554  pmax 32.4  (1961s)
step 137000  train 0.8831  eval 0.8652  pmax 32.4  (1976s)
step 138000  train 0.9063  eval 0.8279  pmax 32.4  (1990s)
step 139000  train 0.8837  eval 0.8499  pmax 32.4  (2004s)
step 140000  train 0.9164  eval 0.8253  pmax 32.5  (2019s)
step 141000  train 0.8798  eval 0.8506  pmax 32.5  (2034s)
step 142000  train 0.8949  eval 0.8531  pmax 32.5  (2048s)
step 143000  train 0.8804  eval 0.8222  pmax 32.5  (2062s)
step 144000  train 0.8932  eval 0.8570  pmax 32.5  (2077s)
step 145000  train 0.8922  eval 0.8524  pmax 32.5  (2091s)
step 146000  train 0.8791  eval 0.8683  pmax 32.6  (2105s)
step 147000  train 0.8763  eval 0.8308  pmax 32.6  (2119s)
step 148000  train 0.9066  eval 0.8634  pmax 32.6  (2133s)
step 149000  train 0.9149  eval 0.8550  pmax 32.6  (2147s)
step 150000  train 0.8779  eval 0.8272  pmax 32.6  (2162s)
  [checkpoint + sample saved at step 150000]
step 151000  train 0.8616  eval 0.8564  pmax 32.6  (2178s)
step 152000  train 0.8974  eval 0.8270  pmax 32.6  (2193s)
step 153000  train 0.8742  eval 0.8342  pmax 32.7  (2208s)
step 154000  train 0.8804  eval 0.8000  pmax 32.6  (2222s)
step 155000  train 0.9048  eval 0.8275  pmax 32.7  (2237s)
step 156000  train 0.9111  eval 0.8224  pmax 32.7  (2251s)
step 157000  train 0.8867  eval 0.8638  pmax 32.7  (2266s)
step 158000  train 0.9065  eval 0.8597  pmax 32.7  (2280s)
step 159000  train 0.9078  eval 0.8291  pmax 32.7  (2294s)
step 160000  train 0.8815  eval 0.8467  pmax 32.7  (2308s)
step 161000  train 0.9128  eval 0.8306  pmax 32.8  (2323s)
step 162000  train 0.8891  eval 0.8273  pmax 32.8  (2337s)
step 163000  train 0.8808  eval 0.8332  pmax 32.8  (2352s)
step 164000  train 0.8665  eval 0.8544  pmax 32.8  (2366s)
step 165000  train 0.8918  eval 0.8498  pmax 32.8  (2381s)
step 166000  train 0.8949  eval 0.8324  pmax 32.8  (2395s)
step 167000  train 0.8710  eval 0.8441  pmax 32.8  (2409s)
step 168000  train 0.8969  eval 0.8136  pmax 32.8  (2423s)
step 169000  train 0.8938  eval 0.8092  pmax 32.8  (2437s)
step 170000  train 0.8709  eval 0.8383  pmax 32.9  (2451s)
step 171000  train 0.8972  eval 0.8421  pmax 32.9  (2465s)
step 172000  train 0.8956  eval 0.8208  pmax 32.9  (2480s)
step 173000  train 0.8968  eval 0.8283  pmax 32.9  (2493s)
step 174000  train 0.8811  eval 0.8551  pmax 32.9  (2507s)
step 175000  train 0.8896  eval 0.8179  pmax 32.9  (2521s)
  [checkpoint + sample saved at step 175000]
step 176000  train 0.8949  eval 0.8661  pmax 32.9  (2538s)
step 177000  train 0.8595  eval 0.8416  pmax 33.0  (2552s)
step 178000  train 0.8769  eval 0.8034  pmax 33.0  (2566s)
step 179000  train 0.8815  eval 0.8453  pmax 33.0  (2580s)
step 180000  train 0.8765  eval 0.8440  pmax 33.0  (2594s)
step 181000  train 0.8987  eval 0.8465  pmax 33.0  (2608s)
step 182000  train 0.9192  eval 0.8267  pmax 33.0  (2622s)
step 183000  train 0.8783  eval 0.8042  pmax 33.0  (2637s)
step 184000  train 0.8744  eval 0.8072  pmax 33.0  (2651s)
step 185000  train 0.8828  eval 0.8061  pmax 33.0  (2665s)
step 186000  train 0.8936  eval 0.8341  pmax 33.0  (2680s)
step 187000  train 0.8940  eval 0.8250  pmax 33.1  (2694s)
step 188000  train 0.8695  eval 0.8320  pmax 33.1  (2708s)
step 189000  train 0.8737  eval 0.8274  pmax 33.1  (2723s)
step 190000  train 0.8919  eval 0.8582  pmax 33.1  (2737s)
step 191000  train 0.8621  eval 0.8326  pmax 33.1  (2751s)
step 192000  train 0.8915  eval 0.8137  pmax 33.1  (2766s)
step 193000  train 0.8808  eval 0.8050  pmax 33.1  (2780s)
step 194000  train 0.9046  eval 0.8459  pmax 33.1  (2794s)
step 195000  train 0.8917  eval 0.7962  pmax 33.1  (2808s)
step 196000  train 0.8711  eval 0.8257  pmax 33.1  (2823s)
step 197000  train 0.8851  eval 0.8161  pmax 33.1  (2836s)
step 198000  train 0.9024  eval 0.8316  pmax 33.1  (2851s)
step 199000  train 0.8818  eval 0.8153  pmax 33.2  (2865s)
step 200000  train 0.8695  eval 0.8338  pmax 33.2  (2880s)
  [checkpoint + sample saved at step 200000]
step 201000  train 0.8595  eval 0.8440  pmax 33.2  (2896s)
step 202000  train 0.8653  eval 0.8130  pmax 33.2  (2910s)
step 203000  train 0.8656  eval 0.7979  pmax 33.2  (2924s)
step 204000  train 0.8641  eval 0.8546  pmax 33.2  (2939s)
step 205000  train 0.9109  eval 0.8169  pmax 33.2  (2953s)
step 206000  train 0.8858  eval 0.8442  pmax 33.2  (2967s)
step 207000  train 0.8266  eval 0.8300  pmax 33.2  (2982s)
step 208000  train 0.8819  eval 0.8467  pmax 33.2  (2995s)
step 209000  train 0.8857  eval 0.8435  pmax 33.2  (3009s)
step 210000  train 0.8821  eval 0.8312  pmax 33.2  (3024s)
step 211000  train 0.8967  eval 0.8394  pmax 33.2  (3038s)
step 212000  train 0.8744  eval 0.8339  pmax 33.2  (3053s)
step 213000  train 0.8685  eval 0.8219  pmax 33.2  (3067s)
step 214000  train 0.8814  eval 0.8165  pmax 33.2  (3082s)
step 215000  train 0.8242  eval 0.8185  pmax 33.3  (3096s)
step 216000  train 0.8828  eval 0.8137  pmax 33.2  (3109s)
step 217000  train 0.8658  eval 0.8235  pmax 33.2  (3124s)
step 218000  train 0.8632  eval 0.8303  pmax 33.2  (3138s)
step 219000  train 0.8836  eval 0.8170  pmax 33.3  (3153s)
step 220000  train 0.9002  eval 0.8388  pmax 33.3  (3168s)
step 221000  train 0.8396  eval 0.8437  pmax 33.3  (3182s)
step 222000  train 0.8546  eval 0.8351  pmax 33.3  (3197s)
step 223000  train 0.8560  eval 0.8663  pmax 33.3  (3211s)
step 224000  train 0.8734  eval 0.8357  pmax 33.3  (3225s)
step 225000  train 0.8821  eval 0.8698  pmax 33.3  (3239s)
  [checkpoint + sample saved at step 225000]
step 226000  train 0.8600  eval 0.8106  pmax 33.3  (3255s)
step 227000  train 0.8888  eval 0.8368  pmax 33.3  (3269s)
step 228000  train 0.8876  eval 0.8468  pmax 33.3  (3283s)
step 229000  train 0.8834  eval 0.8357  pmax 33.3  (3298s)
step 230000  train 0.8733  eval 0.7738  pmax 33.3  (3312s)
step 231000  train 0.8669  eval 0.8498  pmax 33.3  (3327s)
step 232000  train 0.8481  eval 0.8719  pmax 33.3  (3342s)
step 233000  train 0.8872  eval 0.8302  pmax 33.3  (3356s)
step 234000  train 0.8514  eval 0.8353  pmax 33.3  (3371s)
step 235000  train 0.8658  eval 0.8477  pmax 33.3  (3385s)
step 236000  train 0.8579  eval 0.8471  pmax 33.3  (3400s)
step 237000  train 0.8673  eval 0.8399  pmax 33.3  (3414s)
step 238000  train 0.8704  eval 0.8123  pmax 33.3  (3429s)
step 239000  train 0.8768  eval 0.8201  pmax 33.3  (3443s)
step 240000  train 0.9019  eval 0.8094  pmax 33.3  (3457s)
step 241000  train 0.8616  eval 0.8414  pmax 33.3  (3472s)
step 242000  train 0.8665  eval 0.7994  pmax 33.3  (3486s)
step 243000  train 0.9009  eval 0.8261  pmax 33.3  (3501s)
step 244000  train 0.8536  eval 0.8091  pmax 33.3  (3515s)
step 245000  train 0.8511  eval 0.8390  pmax 33.3  (3529s)
step 246000  train 0.8659  eval 0.8469  pmax 33.3  (3544s)
step 247000  train 0.8773  eval 0.8419  pmax 33.4  (3558s)
step 248000  train 0.8879  eval 0.8408  pmax 33.4  (3573s)
step 249000  train 0.8525  eval 0.7899  pmax 33.4  (3587s)
step 250000  train 0.8754  eval 0.8210  pmax 33.4  (3602s)
  [checkpoint + sample saved at step 250000]
step 251000  train 0.8674  eval 0.8379  pmax 33.4  (3618s)
step 252000  train 0.8416  eval 0.8270  pmax 33.4  (3632s)
step 253000  train 0.8983  eval 0.8223  pmax 33.4  (3646s)
step 254000  train 0.8706  eval 0.8200  pmax 33.4  (3661s)
step 255000  train 0.8820  eval 0.8265  pmax 33.4  (3676s)
step 256000  train 0.9035  eval 0.8297  pmax 33.4  (3691s)
step 257000  train 0.9144  eval 0.8042  pmax 33.4  (3705s)
step 258000  train 0.8768  eval 0.8222  pmax 33.4  (3719s)
step 259000  train 0.8585  eval 0.7936  pmax 33.4  (3734s)
step 260000  train 0.8784  eval 0.8197  pmax 33.4  (3749s)
step 261000  train 0.9037  eval 0.8181  pmax 33.4  (3763s)
step 262000  train 0.8573  eval 0.8087  pmax 33.4  (3777s)
step 263000  train 0.8910  eval 0.8469  pmax 33.4  (3792s)
step 264000  train 0.8496  eval 0.8151  pmax 33.4  (3807s)
step 265000  train 0.8567  eval 0.8258  pmax 33.4  (3821s)
step 266000  train 0.8877  eval 0.8373  pmax 33.4  (3836s)
step 267000  train 0.8960  eval 0.8226  pmax 33.4  (3850s)
step 268000  train 0.8761  eval 0.8136  pmax 33.4  (3865s)
step 269000  train 0.8810  eval 0.8138  pmax 33.4  (3879s)
step 270000  train 0.8749  eval 0.8288  pmax 33.4  (3893s)
step 271000  train 0.8776  eval 0.8141  pmax 33.4  (3907s)
step 272000  train 0.8812  eval 0.8047  pmax 33.4  (3921s)
step 273000  train 0.8452  eval 0.8238  pmax 33.4  (3936s)
step 274000  train 0.8883  eval 0.8085  pmax 33.4  (3951s)
step 275000  train 0.8686  eval 0.7966  pmax 33.4  (3965s)
  [checkpoint + sample saved at step 275000]
step 276000  train 0.8906  eval 0.8298  pmax 33.4  (3981s)
step 277000  train 0.9080  eval 0.8233  pmax 33.4  (3995s)
step 278000  train 0.8797  eval 0.8125  pmax 33.4  (4009s)
step 279000  train 0.8503  eval 0.8138  pmax 33.4  (4023s)
step 280000  train 0.8646  eval 0.8131  pmax 33.4  (4037s)
step 281000  train 0.8593  eval 0.8482  pmax 33.4  (4051s)
step 282000  train 0.8509  eval 0.8269  pmax 33.4  (4066s)
step 283000  train 0.8955  eval 0.8225  pmax 33.4  (4080s)
step 284000  train 0.8751  eval 0.8250  pmax 33.4  (4095s)
step 285000  train 0.8431  eval 0.7989  pmax 33.4  (4109s)
step 286000  train 0.8657  eval 0.8089  pmax 33.4  (4123s)
step 287000  train 0.8719  eval 0.8240  pmax 33.4  (4138s)
step 288000  train 0.8597  eval 0.7877  pmax 33.4  (4152s)
step 289000  train 0.8878  eval 0.8130  pmax 33.4  (4167s)
step 290000  train 0.8656  eval 0.8442  pmax 33.4  (4182s)
step 291000  train 0.8827  eval 0.8261  pmax 33.4  (4196s)
step 292000  train 0.8526  eval 0.7869  pmax 33.4  (4211s)
step 293000  train 0.8687  eval 0.8061  pmax 33.4  (4225s)
step 294000  train 0.8840  eval 0.8182  pmax 33.4  (4239s)
step 295000  train 0.8797  eval 0.8308  pmax 33.4  (4254s)
step 296000  train 0.8788  eval 0.8484  pmax 33.4  (4268s)
step 297000  train 0.8876  eval 0.8331  pmax 33.4  (4282s)
step 298000  train 0.8540  eval 0.8285  pmax 33.4  (4297s)
step 299000  train 0.8791  eval 0.8310  pmax 33.4  (4312s)
step 300000  train 0.8279  eval 0.8182  pmax 33.4  (4327s)
  [checkpoint + sample saved at step 300000]
done. artifacts in /home/luke/Wavelet-State-KAN/checkpoints/wskan11_tinystories_100k_3ep_s123
