/home/luke/Wavelet-State-KAN/experiments/V1_train_tinystories_lm.py:107: UserWarning: The given buffer is not writable, and PyTorch does not support non-writable tensors. This means you can write to the underlying (supposedly non-writable) buffer using the tensor. You may want to copy the buffer to protect its data or make it writable before converting it to a tensor. This type of warning will be suppressed for the rest of this program. (Triggered internally at /__w/pytorch/pytorch/torch/csrc/utils/tensor_new.cpp:1556.)
  train_ids = torch.frombuffer(train_text.encode("utf-8", errors="ignore"), dtype=torch.uint8)
train bytes: 542,898,247  eval bytes: 130,357
model: wskan7bc  params: 985,956  device: cuda
W0916 20:11:40.468000 1386230 .venv/lib/python3.12/site-packages/torch/_inductor/utils.py:1806] [0/0] Not enough SMs to use max_autotune_gemm mode
step     1  train 5.5534  eval 5.4619  pmax 18.9  (23s)
step  1000  train 1.5159  eval 1.4712  pmax 18.9  (820s)
step  2000  train 1.4337  eval 1.3826  pmax 18.9  (1571s)
step  3000  train 1.3600  eval 1.3300  pmax 19.0  (2314s)
step  4000  train 1.3050  eval 1.2870  pmax 19.0  (3037s)
step  5000  train 1.2755  eval 1.3009  pmax 19.0  (3758s)
step  6000  train 1.2593  eval 1.2923  pmax 19.0  (4482s)
step  7000  train 1.2837  eval 1.2363  pmax 19.1  (5199s)
step  8000  train 1.2556  eval 1.2623  pmax 19.1  (5943s)
step  9000  train 1.2640  eval 1.2535  pmax 19.1  (6751s)
step 10000  train 1.2100  eval 1.2387  pmax 19.2  (7560s)
  [checkpoint + sample saved at step 10000]
step 11000  train 1.2324  eval 1.2079  pmax 19.3  (8387s)
step 12000  train 1.2224  eval 1.2030  pmax 19.3  (9201s)
step 13000  train 1.2066  eval 1.1998  pmax 19.3  (10009s)
step 14000  train 1.2197  eval 1.2206  pmax 19.3  (10796s)
step 15000  train 1.1926  eval 1.1906  pmax 19.3  (11589s)
step 16000  train 1.2069  eval 1.1789  pmax 19.4  (12403s)
step 17000  train 1.1948  eval 1.1733  pmax 19.4  (13213s)
step 18000  train 1.1630  eval 1.1964  pmax 19.3  (14005s)
step 19000  train 1.1962  eval 1.2269  pmax 19.4  (14776s)
step 20000  train 1.2186  eval 1.2215  pmax 19.4  (15550s)
  [checkpoint + sample saved at step 20000]
step 21000  train 1.1912  eval 1.2026  pmax 19.4  (16336s)
step 22000  train 1.1916  eval 1.1745  pmax 19.5  (17110s)
step 23000  train 1.1720  eval 1.1708  pmax 19.5  (17882s)
step 24000  train 1.1881  eval 1.1789  pmax 19.5  (18654s)
step 25000  train 1.1771  eval 1.1922  pmax 19.6  (19424s)
step 26000  train 1.1825  eval 1.1968  pmax 19.6  (20198s)
step 27000  train 1.1372  eval 1.1577  pmax 19.6  (20971s)
step 28000  train 1.1831  eval 1.1887  pmax 19.6  (21744s)
step 29000  train 1.1755  eval 1.1352  pmax 19.7  (22517s)
step 30000  train 1.1455  eval 1.1496  pmax 19.7  (23289s)
  [checkpoint + sample saved at step 30000]
step 31000  train 1.1813  eval 1.1779  pmax 19.7  (24076s)
step 32000  train 1.1291  eval 1.1394  pmax 19.7  (24853s)
step 33000  train 1.1577  eval 1.1339  pmax 19.7  (25627s)
step 34000  train 1.1774  eval 1.1790  pmax 19.8  (26397s)
step 35000  train 1.1633  eval 1.1497  pmax 19.8  (27170s)
step 36000  train 1.1569  eval 1.1086  pmax 19.8  (27945s)
step 37000  train 1.1478  eval 1.2075  pmax 19.8  (28716s)
step 38000  train 1.1643  eval 1.1030  pmax 19.9  (29492s)
step 39000  train 1.1401  eval 1.1282  pmax 19.9  (30264s)
step 40000  train 1.1436  eval 1.1759  pmax 19.9  (31030s)
  [checkpoint + sample saved at step 40000]
step 41000  train 1.1591  eval 1.1726  pmax 19.9  (31818s)
step 42000  train 1.1621  eval 1.1237  pmax 19.9  (32591s)
step 43000  train 1.1317  eval 1.1219  pmax 19.9  (33352s)
step 44000  train 1.1493  eval 1.1439  pmax 19.9  (34118s)
step 45000  train 1.1482  eval 1.1474  pmax 19.9  (34885s)
step 46000  train 1.1168  eval 1.1557  pmax 19.9  (35659s)
step 47000  train 1.1297  eval 1.1685  pmax 19.9  (36432s)
step 48000  train 1.1399  eval 1.1434  pmax 19.9  (37207s)
step 49000  train 1.1654  eval 1.1537  pmax 20.0  (37982s)
step 50000  train 1.1811  eval 1.1129  pmax 20.0  (38754s)
  [checkpoint + sample saved at step 50000]
step 51000  train 1.1665  eval 1.1236  pmax 20.0  (39534s)
step 52000  train 1.0871  eval 1.1617  pmax 20.0  (40304s)
step 53000  train 1.1886  eval 1.1530  pmax 20.0  (41074s)
step 54000  train 1.1250  eval 1.1494  pmax 20.0  (41845s)
step 55000  train 1.1308  eval 1.1115  pmax 20.0  (42613s)
step 56000  train 1.0999  eval 1.1187  pmax 20.0  (43384s)
step 57000  train 1.1700  eval 1.1141  pmax 20.0  (44156s)
step 58000  train 1.1273  eval 1.1676  pmax 20.0  (44924s)
step 59000  train 1.1307  eval 1.1456  pmax 20.0  (45688s)
step 60000  train 1.1306  eval 1.1298  pmax 20.0  (46456s)
  [checkpoint + sample saved at step 60000]
step 61000  train 1.0833  eval 1.1563  pmax 20.0  (47239s)
step 62000  train 1.1601  eval 1.1352  pmax 20.0  (48001s)
step 63000  train 1.1205  eval 1.1529  pmax 20.0  (48769s)
step 64000  train 1.1276  eval 1.1308  pmax 20.0  (49536s)
step 65000  train 1.1569  eval 1.1594  pmax 20.0  (50303s)
step 66000  train 1.1107  eval 1.1054  pmax 20.0  (51069s)
  [checkpoint + sample saved at step 66000]
done. artifacts in /home/luke/Wavelet-State-KAN/checkpoints/wskan7bc_wikitext_1m_3ep_s2024
