train bytes: 180,263,596  eval bytes: 2,859,070
model: wskan7bc16  params: 96,882  device: cuda
step     1  train 5.5605  eval 5.5321  pmax 18.9  (25s)
step  2500  train 1.5254  eval 1.5385  pmax 19.0  (226s)
step  5000  train 1.4347  eval 1.4436  pmax 19.3  (434s)
step  7500  train 1.3838  eval 1.3754  pmax 19.7  (635s)
step 10000  train 1.3574  eval 1.3727  pmax 19.9  (841s)
step 12500  train 1.3374  eval 1.3860  pmax 20.1  (1053s)
step 15000  train 1.2503  eval 1.3822  pmax 20.3  (1258s)
step 17500  train 1.4136  eval 1.4046  pmax 20.5  (1464s)
step 20000  train 1.3529  eval 1.3089  pmax 20.8  (1680s)
step 22500  train 1.3320  eval 1.3455  pmax 20.9  (1884s)
step 25000  train 1.3341  eval 1.3959  pmax 21.1  (2086s)
step 27500  train 1.3268  eval 1.2900  pmax 21.2  (2287s)
step 30000  train 1.4025  eval 1.4138  pmax 21.3  (2487s)
step 32500  train 1.3686  eval 1.3702  pmax 21.3  (2687s)
step 35000  train 1.3218  eval 1.2322  pmax 21.4  (2884s)
step 37500  train 1.3100  eval 1.2849  pmax 21.4  (3081s)
step 40000  train 1.3497  eval 1.3492  pmax 21.5  (3279s)
step 42500  train 1.3552  eval 1.2806  pmax 21.5  (3480s)
step 45000  train 1.2656  eval 1.3697  pmax 21.5  (3675s)
step 47500  train 1.2843  eval 1.2789  pmax 21.6  (3873s)
step 50000  train 1.3709  eval 1.3041  pmax 21.6  (4071s)
  [checkpoint + sample saved at step 50000]
step 52500  train 1.3611  eval 1.3231  pmax 21.6  (4275s)
step 55000  train 1.2593  eval 1.3554  pmax 21.6  (4473s)
step 57500  train 1.2564  eval 1.2126  pmax 21.7  (4672s)
step 60000  train 1.2479  eval 1.3575  pmax 21.7  (4871s)
step 62500  train 1.2550  eval 1.3138  pmax 21.7  (5071s)
step 65000  train 1.3949  eval 1.3328  pmax 21.7  (5268s)
step 67500  train 1.2891  eval 1.4002  pmax 21.7  (5465s)
step 70000  train 1.2952  eval 1.3170  pmax 21.7  (5663s)
step 72500  train 1.2924  eval 1.2767  pmax 21.7  (5859s)
step 75000  train 1.2289  eval 1.2708  pmax 21.7  (6054s)
step 77500  train 1.3074  eval 1.2329  pmax 21.7  (6253s)
step 80000  train 1.2840  eval 1.3320  pmax 21.7  (6453s)
step 82500  train 1.2681  eval 1.3185  pmax 21.8  (6649s)
step 85000  train 1.2756  eval 1.4108  pmax 21.8  (6846s)
step 87500  train 1.2438  eval 1.2659  pmax 21.8  (7043s)
step 90000  train 1.2901  eval 1.2425  pmax 21.8  (7238s)
step 92500  train 1.2349  eval 1.3044  pmax 21.8  (7433s)
step 95000  train 1.3386  eval 1.2187  pmax 21.8  (7630s)
step 97500  train 1.2938  eval 1.2733  pmax 21.8  (7828s)
step 100000  train 1.3500  eval 1.2932  pmax 21.8  (8024s)
  [checkpoint + sample saved at step 100000]
done. artifacts in /home/luke/Wavelet-State-KAN/checkpoints/wskan7bc16_ultrachat_interp_s2024
