/home/luke/Wavelet-State-KAN/experiments/V1_train_tinystories_lm.py:107: UserWarning: The given buffer is not writable, and PyTorch does not support non-writable tensors. This means you can write to the underlying (supposedly non-writable) buffer using the tensor. You may want to copy the buffer to protect its data or make it writable before converting it to a tensor. This type of warning will be suppressed for the rest of this program. (Triggered internally at /__w/pytorch/pytorch/torch/csrc/utils/tensor_new.cpp:1556.)
  train_ids = torch.frombuffer(train_text.encode("utf-8", errors="ignore"), dtype=torch.uint8)
train bytes: 542,898,247  eval bytes: 130,357
model: wskan11  params: 113,612  device: cuda
step     1  train 5.5423  eval 5.4469  pmax 18.9  (11s)
step  1000  train 1.6174  eval 1.6161  pmax 19.0  (28s)
step  2000  train 1.5243  eval 1.5210  pmax 19.2  (46s)
step  3000  train 1.4813  eval 1.5014  pmax 19.2  (63s)
step  4000  train 1.4654  eval 1.5000  pmax 19.3  (80s)
step  5000  train 1.4354  eval 1.4953  pmax 19.3  (97s)
step  6000  train 1.4313  eval 1.4016  pmax 19.4  (114s)
step  7000  train 1.4883  eval 1.4132  pmax 19.6  (131s)
step  8000  train 1.4662  eval 1.4431  pmax 19.8  (148s)
step  9000  train 1.4530  eval 1.4443  pmax 19.9  (165s)
step 10000  train 1.4652  eval 1.3766  pmax 20.2  (182s)
step 11000  train 1.4307  eval 1.4236  pmax 20.4  (199s)
step 12000  train 1.4071  eval 1.4187  pmax 20.6  (216s)
step 13000  train 1.4398  eval 1.4502  pmax 20.8  (233s)
step 14000  train 1.4292  eval 1.4481  pmax 21.0  (250s)
step 15000  train 1.4132  eval 1.4171  pmax 21.2  (267s)
step 16000  train 1.4147  eval 1.3913  pmax 21.2  (284s)
step 17000  train 1.4313  eval 1.3992  pmax 21.1  (301s)
step 18000  train 1.4005  eval 1.3965  pmax 21.2  (318s)
step 19000  train 1.3708  eval 1.4091  pmax 21.2  (335s)
step 20000  train 1.4086  eval 1.3547  pmax 21.2  (352s)
step 21000  train 1.3805  eval 1.3704  pmax 21.2  (369s)
step 22000  train 1.3950  eval 1.4018  pmax 21.2  (386s)
step 23000  train 1.4219  eval 1.3947  pmax 21.1  (403s)
step 24000  train 1.4305  eval 1.4022  pmax 21.0  (420s)
step 25000  train 1.3992  eval 1.3803  pmax 21.0  (437s)
  [checkpoint + sample saved at step 25000]
step 26000  train 1.4435  eval 1.4014  pmax 21.0  (456s)
step 27000  train 1.4092  eval 1.3958  pmax 20.9  (473s)
step 28000  train 1.3894  eval 1.4079  pmax 20.9  (490s)
step 29000  train 1.4020  eval 1.3481  pmax 21.0  (507s)
step 30000  train 1.3749  eval 1.4027  pmax 21.0  (524s)
step 31000  train 1.3869  eval 1.4150  pmax 21.0  (541s)
step 32000  train 1.4041  eval 1.3795  pmax 21.0  (559s)
step 33000  train 1.3627  eval 1.3828  pmax 20.9  (575s)
step 34000  train 1.4183  eval 1.4004  pmax 20.9  (592s)
step 35000  train 1.3775  eval 1.3584  pmax 20.9  (609s)
step 36000  train 1.3885  eval 1.4040  pmax 20.8  (626s)
step 37000  train 1.3728  eval 1.3649  pmax 20.8  (643s)
step 38000  train 1.3839  eval 1.4023  pmax 20.8  (660s)
step 39000  train 1.3947  eval 1.3535  pmax 20.8  (677s)
step 40000  train 1.4242  eval 1.3470  pmax 20.8  (694s)
step 41000  train 1.3734  eval 1.3700  pmax 20.8  (709s)
step 42000  train 1.4092  eval 1.3533  pmax 20.8  (723s)
step 43000  train 1.3761  eval 1.4076  pmax 20.8  (736s)
step 44000  train 1.3687  eval 1.3448  pmax 20.8  (750s)
step 45000  train 1.3901  eval 1.3474  pmax 20.8  (763s)
step 46000  train 1.3727  eval 1.3822  pmax 20.8  (777s)
step 47000  train 1.3475  eval 1.3453  pmax 20.8  (790s)
step 48000  train 1.3693  eval 1.3763  pmax 20.8  (804s)
step 49000  train 1.3567  eval 1.3648  pmax 20.8  (817s)
step 50000  train 1.3692  eval 1.3375  pmax 20.9  (831s)
  [checkpoint + sample saved at step 50000]
step 51000  train 1.3957  eval 1.3873  pmax 20.9  (847s)
step 52000  train 1.3980  eval 1.3871  pmax 20.9  (861s)
step 53000  train 1.3739  eval 1.3704  pmax 20.9  (874s)
step 54000  train 1.3869  eval 1.3270  pmax 20.9  (888s)
step 55000  train 1.3500  eval 1.4016  pmax 20.9  (902s)
step 56000  train 1.3687  eval 1.3948  pmax 20.9  (916s)
step 57000  train 1.3946  eval 1.3766  pmax 20.9  (929s)
step 58000  train 1.3509  eval 1.3929  pmax 20.9  (943s)
step 59000  train 1.3560  eval 1.3568  pmax 20.9  (957s)
step 60000  train 1.3617  eval 1.3556  pmax 20.9  (970s)
step 61000  train 1.3872  eval 1.3931  pmax 20.9  (984s)
step 62000  train 1.3649  eval 1.3801  pmax 20.9  (998s)
step 63000  train 1.3522  eval 1.3218  pmax 20.9  (1011s)
step 64000  train 1.3869  eval 1.3936  pmax 20.9  (1025s)
step 65000  train 1.3490  eval 1.3504  pmax 20.9  (1038s)
step 66000  train 1.3841  eval 1.3576  pmax 21.0  (1052s)
step 67000  train 1.3667  eval 1.3984  pmax 21.0  (1065s)
step 68000  train 1.4051  eval 1.3486  pmax 21.0  (1079s)
step 69000  train 1.3695  eval 1.3386  pmax 21.0  (1092s)
step 70000  train 1.3999  eval 1.3685  pmax 21.0  (1106s)
step 71000  train 1.3675  eval 1.3591  pmax 21.0  (1119s)
step 72000  train 1.3617  eval 1.3802  pmax 21.0  (1132s)
step 73000  train 1.3087  eval 1.3209  pmax 21.0  (1146s)
step 74000  train 1.3580  eval 1.3595  pmax 21.0  (1160s)
step 75000  train 1.3853  eval 1.4013  pmax 21.0  (1173s)
  [checkpoint + sample saved at step 75000]
step 76000  train 1.3660  eval 1.3434  pmax 21.0  (1188s)
step 77000  train 1.3912  eval 1.3733  pmax 21.0  (1202s)
step 78000  train 1.3588  eval 1.3680  pmax 21.0  (1215s)
step 79000  train 1.3476  eval 1.3693  pmax 21.0  (1229s)
step 80000  train 1.3805  eval 1.3699  pmax 21.0  (1242s)
step 81000  train 1.3942  eval 1.3164  pmax 21.0  (1256s)
step 82000  train 1.3686  eval 1.3432  pmax 21.0  (1269s)
step 83000  train 1.3764  eval 1.3390  pmax 21.0  (1283s)
step 84000  train 1.3853  eval 1.3539  pmax 21.0  (1296s)
step 85000  train 1.3300  eval 1.3730  pmax 21.0  (1309s)
step 86000  train 1.3398  eval 1.3756  pmax 21.0  (1323s)
step 87000  train 1.3868  eval 1.3307  pmax 21.0  (1336s)
step 88000  train 1.3795  eval 1.3437  pmax 21.0  (1350s)
step 89000  train 1.3399  eval 1.3856  pmax 21.0  (1364s)
step 90000  train 1.3780  eval 1.3878  pmax 21.0  (1377s)
step 91000  train 1.3784  eval 1.3594  pmax 21.0  (1391s)
step 92000  train 1.3464  eval 1.3559  pmax 21.0  (1405s)
step 93000  train 1.3518  eval 1.3191  pmax 21.0  (1418s)
step 94000  train 1.3541  eval 1.3851  pmax 21.0  (1432s)
step 95000  train 1.3381  eval 1.3658  pmax 21.0  (1446s)
step 96000  train 1.3576  eval 1.3683  pmax 21.0  (1459s)
step 97000  train 1.3301  eval 1.3293  pmax 21.0  (1473s)
step 98000  train 1.3231  eval 1.3343  pmax 21.0  (1487s)
step 99000  train 1.3518  eval 1.3607  pmax 21.0  (1500s)
  [checkpoint + sample saved at step 99000]
done. artifacts in /home/luke/Wavelet-State-KAN/checkpoints/wskan11_wikitext_100k_3ep_s2024
