/home/luke/Wavelet-State-KAN/experiments/V1_train_tinystories_lm.py:107: UserWarning: The given buffer is not writable, and PyTorch does not support non-writable tensors. This means you can write to the underlying (supposedly non-writable) buffer using the tensor. You may want to copy the buffer to protect its data or make it writable before converting it to a tensor. This type of warning will be suppressed for the rest of this program. (Triggered internally at /__w/pytorch/pytorch/torch/csrc/utils/tensor_new.cpp:1556.)
  train_ids = torch.frombuffer(train_text.encode("utf-8", errors="ignore"), dtype=torch.uint8)
train bytes: 1,195,926,439  eval bytes: 2,859,070
model: wskan11  params: 3,610  device: cuda
step     1  train 5.5482  eval 5.5434  pmax 18.9  (7s)
step  1000  train 2.6105  eval 2.6078  pmax 19.3  (17s)
step  2000  train 2.5632  eval 2.5761  pmax 19.5  (26s)
step  3000  train 2.5565  eval 2.5611  pmax 19.5  (35s)
step  4000  train 2.5490  eval 2.5546  pmax 19.5  (44s)
step  5000  train 2.5740  eval 2.5061  pmax 19.6  (53s)
step  6000  train 2.5166  eval 2.5458  pmax 19.6  (62s)
step  7000  train 2.5377  eval 2.5065  pmax 19.6  (71s)
step  8000  train 2.5295  eval 2.5318  pmax 19.7  (80s)
step  9000  train 2.6102  eval 2.5574  pmax 19.7  (90s)
step 10000  train 2.5423  eval 2.5278  pmax 19.7  (99s)
step 11000  train 2.5113  eval 2.5416  pmax 19.7  (108s)
step 12000  train 2.5172  eval 2.5126  pmax 19.7  (117s)
step 13000  train 2.5197  eval 2.5409  pmax 19.8  (126s)
step 14000  train 2.5180  eval 2.5075  pmax 19.8  (135s)
step 15000  train 2.5888  eval 2.5102  pmax 19.8  (144s)
step 16000  train 2.5126  eval 2.5048  pmax 19.8  (153s)
step 17000  train 2.5683  eval 2.5164  pmax 19.8  (162s)
step 18000  train 2.5210  eval 2.5290  pmax 19.8  (171s)
step 19000  train 2.5259  eval 2.5091  pmax 19.8  (181s)
step 20000  train 2.4969  eval 2.4797  pmax 19.8  (190s)
step 21000  train 2.5804  eval 2.5227  pmax 19.8  (199s)
step 22000  train 2.5183  eval 2.5170  pmax 19.8  (208s)
step 23000  train 2.5204  eval 2.5387  pmax 19.8  (217s)
step 24000  train 2.4972  eval 2.5249  pmax 19.8  (226s)
step 25000  train 2.5291  eval 2.5213  pmax 19.8  (235s)
  [checkpoint + sample saved at step 25000]
step 26000  train 2.5179  eval 2.5187  pmax 19.8  (245s)
step 27000  train 2.5159  eval 2.5266  pmax 19.8  (254s)
step 28000  train 2.5064  eval 2.5468  pmax 19.8  (263s)
step 29000  train 2.5393  eval 2.4825  pmax 19.8  (272s)
step 30000  train 2.5098  eval 2.5228  pmax 19.8  (281s)
step 31000  train 2.5376  eval 2.5017  pmax 19.8  (290s)
step 32000  train 2.4625  eval 2.4856  pmax 19.7  (300s)
step 33000  train 2.4978  eval 2.5009  pmax 19.7  (309s)
step 34000  train 2.4910  eval 2.5770  pmax 19.7  (318s)
step 35000  train 2.5411  eval 2.5247  pmax 19.7  (328s)
step 36000  train 2.4970  eval 2.4986  pmax 19.7  (337s)
  [checkpoint + sample saved at step 36000]
done. artifacts in /home/luke/Wavelet-State-KAN/checkpoints/wskan11_ultrachat_1k_3ep_s2024
