/home/luke/Wavelet-State-KAN/experiments/V1_train_tinystories_lm.py:107: UserWarning: The given buffer is not writable, and PyTorch does not support non-writable tensors. This means you can write to the underlying (supposedly non-writable) buffer using the tensor. You may want to copy the buffer to protect its data or make it writable before converting it to a tensor. This type of warning will be suppressed for the rest of this program. (Triggered internally at /__w/pytorch/pytorch/torch/csrc/utils/tensor_new.cpp:1556.)
  train_ids = torch.frombuffer(train_text.encode("utf-8", errors="ignore"), dtype=torch.uint8)
train bytes: 542,898,247  eval bytes: 130,357
model: wskan11  params: 12,546  device: cuda
W0920 06:21:29.450000 544945 .venv/lib/python3.12/site-packages/torch/_inductor/utils.py:1806] [0/0] Not enough SMs to use max_autotune_gemm mode
step     1  train 5.5470  eval 5.5245  pmax 18.9  (25s)
step  1000  train 2.0551  eval 2.0681  pmax 19.5  (33s)
step  2000  train 2.0293  eval 2.0358  pmax 19.9  (42s)
step  3000  train 2.0087  eval 2.0098  pmax 20.0  (51s)
step  4000  train 2.0026  eval 2.0087  pmax 20.2  (60s)
step  5000  train 1.9912  eval 1.9768  pmax 20.3  (69s)
step  6000  train 1.9604  eval 1.9531  pmax 20.4  (77s)
step  7000  train 1.9682  eval 1.9666  pmax 20.5  (86s)
step  8000  train 1.9656  eval 1.9657  pmax 20.5  (95s)
step  9000  train 1.9757  eval 1.9697  pmax 20.6  (103s)
step 10000  train 1.9693  eval 1.9457  pmax 20.7  (112s)
step 11000  train 1.9499  eval 1.9449  pmax 20.8  (121s)
step 12000  train 1.9536  eval 1.9345  pmax 20.9  (129s)
step 13000  train 1.9460  eval 1.9597  pmax 21.0  (138s)
step 14000  train 1.9273  eval 1.9773  pmax 21.1  (147s)
step 15000  train 1.9774  eval 1.9416  pmax 21.2  (155s)
step 16000  train 1.8978  eval 1.9497  pmax 21.2  (164s)
step 17000  train 1.9311  eval 1.9593  pmax 21.3  (172s)
step 18000  train 1.8954  eval 1.9011  pmax 21.3  (181s)
step 19000  train 1.9107  eval 1.9538  pmax 21.4  (189s)
step 20000  train 1.9494  eval 1.9282  pmax 21.4  (198s)
step 21000  train 1.9224  eval 1.9240  pmax 21.4  (207s)
step 22000  train 1.9257  eval 1.9248  pmax 21.4  (215s)
step 23000  train 1.9432  eval 1.9092  pmax 21.4  (224s)
step 24000  train 1.9155  eval 1.9160  pmax 21.4  (232s)
step 25000  train 1.9052  eval 1.9116  pmax 21.4  (241s)
  [checkpoint + sample saved at step 25000]
step 26000  train 1.9322  eval 1.9687  pmax 21.4  (250s)
step 27000  train 1.9549  eval 1.9302  pmax 21.5  (259s)
step 28000  train 1.9154  eval 1.9132  pmax 21.4  (268s)
step 29000  train 1.9259  eval 1.9568  pmax 21.5  (276s)
step 30000  train 1.9164  eval 1.9135  pmax 21.5  (285s)
step 31000  train 1.9495  eval 1.9203  pmax 21.5  (293s)
step 32000  train 1.9095  eval 1.9155  pmax 21.4  (302s)
step 33000  train 1.9146  eval 1.9151  pmax 21.5  (310s)
step 34000  train 1.9284  eval 1.9288  pmax 21.5  (319s)
step 35000  train 1.9210  eval 1.9288  pmax 21.5  (328s)
step 36000  train 1.8823  eval 1.9325  pmax 21.5  (336s)
step 37000  train 1.9024  eval 1.9499  pmax 21.5  (344s)
step 38000  train 1.9187  eval 1.9401  pmax 21.5  (353s)
step 39000  train 1.9350  eval 1.9033  pmax 21.5  (361s)
step 40000  train 1.8879  eval 1.9307  pmax 21.5  (369s)
step 41000  train 1.9331  eval 1.9015  pmax 21.5  (378s)
step 42000  train 1.9151  eval 1.9468  pmax 21.5  (387s)
step 43000  train 1.9388  eval 1.9429  pmax 21.6  (395s)
step 44000  train 1.9262  eval 1.9283  pmax 21.6  (404s)
step 45000  train 1.9373  eval 1.9018  pmax 21.7  (412s)
step 46000  train 1.9063  eval 1.9084  pmax 21.7  (421s)
step 47000  train 1.9152  eval 1.9760  pmax 21.7  (429s)
step 48000  train 1.9201  eval 1.9164  pmax 21.7  (438s)
step 49000  train 1.9300  eval 1.9310  pmax 21.7  (446s)
step 50000  train 1.9040  eval 1.8835  pmax 21.7  (455s)
  [checkpoint + sample saved at step 50000]
done. artifacts in /home/luke/Wavelet-State-KAN/checkpoints/wskan11_wikitext_10k_3ep_s123
