train bytes: 180,723,994  eval bytes: 405,730
model: wskan3real  params: 101,856  device: cuda
W0912 10:53:54.185000 3530410 .venv/lib/python3.12/site-packages/torch/_inductor/utils.py:1806] [0/0] Not enough SMs to use max_autotune_gemm mode
step     1  train 5.5408  eval 5.4953  pmax 3.0  (800s)
step  2500  train 1.2837  eval 1.1723  pmax 2.9  (935s)
step  5000  train 1.1889  eval 1.1343  pmax 2.9  (1069s)
step  7500  train 1.0660  eval 1.0318  pmax 2.9  (1204s)
step 10000  train 1.0285  eval 1.0183  pmax 2.9  (1338s)
step 12500  train 1.0329  eval 1.0343  pmax 3.0  (1473s)
step 15000  train 1.0007  eval 0.9794  pmax 3.0  (1607s)
step 17500  train 1.0139  eval 1.0007  pmax 3.0  (1741s)
step 20000  train 1.0186  eval 0.9311  pmax 3.1  (1874s)
step 22500  train 1.0410  eval 0.9795  pmax 3.1  (2009s)
step 25000  train 0.9872  eval 0.9623  pmax 3.2  (2143s)
step 27500  train 1.0191  eval 0.9668  pmax 3.2  (2278s)
step 30000  train 0.9767  eval 0.9777  pmax 3.3  (2413s)
step 32500  train 0.9940  eval 0.9540  pmax 3.3  (2548s)
step 35000  train 0.9697  eval 0.9150  pmax 3.4  (2682s)
step 37500  train 0.9735  eval 0.9358  pmax 3.4  (2818s)
step 40000  train 1.0325  eval 0.9246  pmax 3.5  (2954s)
step 42500  train 0.9983  eval 0.9286  pmax 3.5  (3089s)
step 45000  train 0.9978  eval 0.9346  pmax 3.6  (3222s)
step 47500  train 1.0006  eval 0.9178  pmax 3.6  (3356s)
step 50000  train 0.9905  eval 0.8809  pmax 3.6  (3490s)
  [checkpoint + sample saved at step 50000]
step 52500  train 0.9623  eval 0.9419  pmax 3.7  (3631s)
step 55000  train 0.9596  eval 0.9169  pmax 3.7  (3763s)
step 57500  train 0.9667  eval 0.9580  pmax 3.7  (3898s)
step 60000  train 0.9640  eval 0.9309  pmax 3.7  (4032s)
step 62500  train 0.9475  eval 0.9494  pmax 3.8  (4167s)
step 65000  train 0.9175  eval 0.9233  pmax 3.8  (4303s)
step 67500  train 1.0167  eval 0.9796  pmax 3.8  (4437s)
step 70000  train 0.9412  eval 0.8522  pmax 3.8  (4571s)
step 72500  train 0.9487  eval 0.8819  pmax 3.8  (4705s)
step 75000  train 0.9310  eval 0.9488  pmax 3.8  (4837s)
step 77500  train 0.9385  eval 0.8614  pmax 3.8  (4970s)
step 80000  train 0.9223  eval 0.9032  pmax 3.9  (5102s)
step 82500  train 0.9512  eval 0.9215  pmax 3.9  (5235s)
step 85000  train 0.9292  eval 0.9189  pmax 3.9  (5368s)
step 87500  train 0.9355  eval 0.8765  pmax 3.9  (5501s)
step 90000  train 0.9428  eval 0.8792  pmax 3.9  (5632s)
step 92500  train 0.9697  eval 0.9332  pmax 3.9  (5766s)
step 95000  train 0.9124  eval 0.9045  pmax 3.9  (5899s)
step 97500  train 0.9563  eval 0.8882  pmax 3.9  (6033s)
step 100000  train 0.9525  eval 0.8921  pmax 3.9  (6167s)
  [checkpoint + sample saved at step 100000]
done. artifacts in /home/luke/Wavelet-State-KAN/checkpoints/wskan3real_tinystories_interp_s42
