train bytes: 180,263,596  eval bytes: 2,859,070
model: wskan7bc16  params: 96,882  device: cuda
W0912 01:23:36.530000 3431229 .venv/lib/python3.12/site-packages/torch/_inductor/utils.py:1806] [0/0] Not enough SMs to use max_autotune_gemm mode
step     1  train 5.5514  eval 5.5287  pmax 18.9  (654s)
step  2500  train 1.5025  eval 1.5732  pmax 19.0  (901s)
step  5000  train 1.4710  eval 1.4834  pmax 19.1  (1106s)
step  7500  train 1.4262  eval 1.4596  pmax 19.2  (1321s)
step 10000  train 1.4059  eval 1.3759  pmax 19.2  (1518s)
step 12500  train 1.3108  eval 1.4155  pmax 19.4  (1721s)
step 15000  train 1.3000  eval 1.4649  pmax 19.6  (1925s)
step 17500  train 1.3771  eval 1.2973  pmax 19.8  (2127s)
step 20000  train 1.4075  eval 1.4885  pmax 20.0  (2331s)
step 22500  train 1.3405  eval 1.4262  pmax 20.1  (2531s)
step 25000  train 1.2853  eval 1.3284  pmax 20.3  (2733s)
step 27500  train 1.4428  eval 1.3218  pmax 20.4  (2939s)
step 30000  train 1.2686  eval 1.3722  pmax 20.6  (3143s)
step 32500  train 1.3129  eval 1.2478  pmax 20.7  (3346s)
step 35000  train 1.3793  eval 1.3225  pmax 20.8  (3551s)
step 37500  train 1.2975  eval 1.2764  pmax 20.9  (3755s)
step 40000  train 1.2834  eval 1.4003  pmax 21.0  (3958s)
step 42500  train 1.3134  eval 1.3085  pmax 21.1  (4161s)
step 45000  train 1.3017  eval 1.3119  pmax 21.2  (4362s)
step 47500  train 1.2709  eval 1.3062  pmax 21.3  (4565s)
step 50000  train 1.2592  eval 1.3524  pmax 21.3  (4769s)
  [checkpoint + sample saved at step 50000]
step 52500  train 1.2950  eval 1.3222  pmax 21.4  (4978s)
step 55000  train 1.3165  eval 1.3610  pmax 21.5  (5177s)
step 57500  train 1.2876  eval 1.3011  pmax 21.5  (5380s)
step 60000  train 1.2885  eval 1.3429  pmax 21.6  (5583s)
step 62500  train 1.2893  eval 1.3176  pmax 21.6  (5783s)
step 65000  train 1.3285  eval 1.2298  pmax 21.7  (5984s)
step 67500  train 1.2617  eval 1.3456  pmax 21.7  (6184s)
step 70000  train 1.3267  eval 1.2793  pmax 21.7  (6384s)
step 72500  train 1.2823  eval 1.2867  pmax 21.7  (6585s)
step 75000  train 1.2634  eval 1.3319  pmax 21.8  (6785s)
step 77500  train 1.2732  eval 1.2876  pmax 21.8  (6987s)
step 80000  train 1.2216  eval 1.2994  pmax 21.8  (7190s)
step 82500  train 1.2446  eval 1.3740  pmax 21.8  (7389s)
step 85000  train 1.2926  eval 1.3246  pmax 21.8  (7590s)
step 87500  train 1.2459  eval 1.2415  pmax 21.8  (7787s)
step 90000  train 1.2506  eval 1.3336  pmax 21.8  (7987s)
step 92500  train 1.2848  eval 1.2488  pmax 21.8  (8187s)
step 95000  train 1.2724  eval 1.2348  pmax 21.8  (8386s)
step 97500  train 1.3310  eval 1.2900  pmax 21.8  (8603s)
step 100000  train 1.3491  eval 1.2622  pmax 21.8  (8805s)
  [checkpoint + sample saved at step 100000]
done. artifacts in /home/luke/Wavelet-State-KAN/checkpoints/wskan7bc16_ultrachat_interp_s42
