/home/luke/Wavelet-State-KAN/experiments/V1_train_tinystories_lm.py:107: UserWarning: The given buffer is not writable, and PyTorch does not support non-writable tensors. This means you can write to the underlying (supposedly non-writable) buffer using the tensor. You may want to copy the buffer to protect its data or make it writable before converting it to a tensor. This type of warning will be suppressed for the rest of this program. (Triggered internally at /__w/pytorch/pytorch/torch/csrc/utils/tensor_new.cpp:1556.)
  train_ids = torch.frombuffer(train_text.encode("utf-8", errors="ignore"), dtype=torch.uint8)
train bytes: 1,905,061,325  eval bytes: 405,730
model: wskan11real  params: 985,956  device: cuda
step     1  train 5.5592  eval 5.4480  pmax 3.0  (20s)
step  1000  train 1.0159  eval 0.9597  pmax 3.1  (85s)
step  2000  train 0.9424  eval 0.8935  pmax 3.2  (151s)
step  3000  train 0.8619  eval 0.8306  pmax 3.2  (216s)
step  4000  train 0.8663  eval 0.8438  pmax 3.3  (281s)
step  5000  train 0.8134  eval 0.8036  pmax 3.3  (346s)
step  6000  train 0.8114  eval 0.7652  pmax 3.3  (410s)
step  7000  train 0.8132  eval 0.7593  pmax 3.3  (475s)
step  8000  train 0.7998  eval 0.7646  pmax 3.4  (540s)
step  9000  train 0.8143  eval 0.7335  pmax 3.4  (605s)
step 10000  train 0.7973  eval 0.7284  pmax 3.4  (670s)
  [checkpoint + sample saved at step 10000]
step 11000  train 0.7855  eval 0.7325  pmax 3.4  (740s)
step 12000  train 0.7663  eval 0.7316  pmax 3.5  (804s)
step 13000  train 0.8063  eval 0.7148  pmax 3.5  (869s)
step 14000  train 0.7293  eval 0.6814  pmax 3.5  (934s)
step 15000  train 0.7740  eval 0.7141  pmax 3.5  (999s)
step 16000  train 0.7503  eval 0.7289  pmax 3.6  (1063s)
step 17000  train 0.7714  eval 0.6935  pmax 3.6  (1128s)
step 18000  train 0.7523  eval 0.7067  pmax 3.6  (1193s)
step 19000  train 0.7372  eval 0.6886  pmax 3.6  (1257s)
step 20000  train 0.7489  eval 0.6942  pmax 3.7  (1322s)
  [checkpoint + sample saved at step 20000]
step 21000  train 0.7540  eval 0.7040  pmax 3.7  (1391s)
step 22000  train 0.7491  eval 0.7012  pmax 3.7  (1456s)
step 23000  train 0.7279  eval 0.6983  pmax 3.7  (1520s)
step 24000  train 0.7555  eval 0.6994  pmax 3.7  (1585s)
step 25000  train 0.7216  eval 0.7042  pmax 3.7  (1650s)
step 26000  train 0.7330  eval 0.7219  pmax 3.7  (1715s)
step 27000  train 0.7304  eval 0.6580  pmax 3.8  (1779s)
step 28000  train 0.7396  eval 0.6720  pmax 3.8  (1844s)
step 29000  train 0.7967  eval 0.6783  pmax 3.8  (1909s)
step 30000  train 0.7362  eval 0.7066  pmax 3.8  (1974s)
  [checkpoint + sample saved at step 30000]
step 31000  train 0.7229  eval 0.6641  pmax 3.8  (2044s)
step 32000  train 0.7222  eval 0.6879  pmax 3.8  (2109s)
step 33000  train 0.7388  eval 0.6893  pmax 3.8  (2173s)
step 34000  train 0.7189  eval 0.6681  pmax 3.8  (2238s)
step 35000  train 0.7430  eval 0.6630  pmax 3.8  (2303s)
step 36000  train 0.7234  eval 0.7041  pmax 3.8  (2368s)
step 37000  train 0.7298  eval 0.6687  pmax 3.8  (2433s)
step 38000  train 0.7295  eval 0.6404  pmax 3.9  (2498s)
step 39000  train 0.7294  eval 0.6639  pmax 3.9  (2563s)
step 40000  train 0.7176  eval 0.6324  pmax 3.9  (2627s)
  [checkpoint + sample saved at step 40000]
step 41000  train 0.7277  eval 0.6238  pmax 3.9  (2697s)
step 42000  train 0.7379  eval 0.6577  pmax 3.9  (2762s)
step 43000  train 0.6777  eval 0.6862  pmax 3.9  (2827s)
step 44000  train 0.6937  eval 0.6717  pmax 3.9  (2891s)
step 45000  train 0.7076  eval 0.7038  pmax 3.9  (2956s)
step 46000  train 0.6889  eval 0.6356  pmax 3.9  (3021s)
step 47000  train 0.6726  eval 0.6357  pmax 3.9  (3086s)
step 48000  train 0.6972  eval 0.6530  pmax 3.9  (3151s)
step 49000  train 0.7170  eval 0.6156  pmax 3.9  (3216s)
step 50000  train 0.7010  eval 0.6444  pmax 3.9  (3281s)
  [checkpoint + sample saved at step 50000]
step 51000  train 0.6846  eval 0.6472  pmax 3.9  (3350s)
step 52000  train 0.6896  eval 0.6312  pmax 3.9  (3415s)
step 53000  train 0.7120  eval 0.6412  pmax 3.9  (3480s)
step 54000  train 0.7319  eval 0.6379  pmax 3.9  (3545s)
step 55000  train 0.7043  eval 0.6648  pmax 3.9  (3610s)
step 56000  train 0.6849  eval 0.6480  pmax 3.9  (3674s)
step 57000  train 0.7003  eval 0.6762  pmax 3.9  (3739s)
step 58000  train 0.6871  eval 0.6207  pmax 4.0  (3804s)
step 59000  train 0.6930  eval 0.6558  pmax 4.0  (3869s)
step 60000  train 0.7037  eval 0.6408  pmax 4.0  (3934s)
  [checkpoint + sample saved at step 60000]
step 61000  train 0.6976  eval 0.6389  pmax 4.0  (4004s)
step 62000  train 0.7044  eval 0.6362  pmax 4.0  (4069s)
step 63000  train 0.6918  eval 0.6428  pmax 4.0  (4133s)
step 64000  train 0.6891  eval 0.6662  pmax 4.0  (4198s)
step 65000  train 0.6932  eval 0.6577  pmax 4.0  (4263s)
step 66000  train 0.7052  eval 0.6315  pmax 4.0  (4328s)
step 67000  train 0.6743  eval 0.6334  pmax 4.0  (4392s)
step 68000  train 0.7013  eval 0.6555  pmax 4.0  (4457s)
step 69000  train 0.7021  eval 0.6222  pmax 4.0  (4522s)
step 70000  train 0.6738  eval 0.6524  pmax 4.0  (4587s)
  [checkpoint + sample saved at step 70000]
step 71000  train 0.6920  eval 0.6193  pmax 4.0  (4657s)
step 72000  train 0.6685  eval 0.6236  pmax 4.0  (4722s)
step 73000  train 0.7055  eval 0.6344  pmax 4.0  (4786s)
step 74000  train 0.7201  eval 0.6421  pmax 4.0  (4851s)
step 75000  train 0.6979  eval 0.6379  pmax 4.0  (4916s)
step 76000  train 0.7132  eval 0.6524  pmax 4.0  (4981s)
step 77000  train 0.6972  eval 0.6261  pmax 4.0  (5046s)
step 78000  train 0.6767  eval 0.6536  pmax 4.0  (5110s)
step 79000  train 0.6941  eval 0.6216  pmax 4.0  (5175s)
step 80000  train 0.6829  eval 0.6416  pmax 4.0  (5240s)
  [checkpoint + sample saved at step 80000]
step 81000  train 0.6974  eval 0.6021  pmax 4.0  (5310s)
step 82000  train 0.6669  eval 0.6354  pmax 4.0  (5375s)
step 83000  train 0.6883  eval 0.6243  pmax 4.0  (5440s)
step 84000  train 0.6674  eval 0.6315  pmax 4.0  (5504s)
step 85000  train 0.6638  eval 0.6424  pmax 4.0  (5569s)
step 86000  train 0.6933  eval 0.6388  pmax 4.0  (5634s)
step 87000  train 0.6759  eval 0.6322  pmax 4.0  (5699s)
step 88000  train 0.7001  eval 0.6461  pmax 4.0  (5764s)
step 89000  train 0.6952  eval 0.6219  pmax 4.0  (5828s)
step 90000  train 0.6483  eval 0.6254  pmax 4.0  (5893s)
  [checkpoint + sample saved at step 90000]
step 91000  train 0.6717  eval 0.6265  pmax 4.0  (5963s)
step 92000  train 0.6620  eval 0.6032  pmax 4.0  (6028s)
step 93000  train 0.6748  eval 0.6340  pmax 4.0  (6093s)
step 94000  train 0.7025  eval 0.6452  pmax 4.0  (6158s)
step 95000  train 0.6724  eval 0.6236  pmax 4.0  (6222s)
step 96000  train 0.6698  eval 0.6331  pmax 4.0  (6287s)
step 97000  train 0.6837  eval 0.6196  pmax 4.0  (6352s)
step 98000  train 0.7023  eval 0.6368  pmax 4.0  (6417s)
step 99000  train 0.6976  eval 0.6378  pmax 4.0  (6482s)
step 100000  train 0.6812  eval 0.6278  pmax 4.0  (6547s)
  [checkpoint + sample saved at step 100000]
done. artifacts in /home/luke/Wavelet-State-KAN/checkpoints/wskan11real_tinystories_1m_3ep_s42
