/home/luke/Wavelet-State-KAN/experiments/V1_train_tinystories_lm.py:107: UserWarning: The given buffer is not writable, and PyTorch does not support non-writable tensors. This means you can write to the underlying (supposedly non-writable) buffer using the tensor. You may want to copy the buffer to protect its data or make it writable before converting it to a tensor. This type of warning will be suppressed for the rest of this program. (Triggered internally at /__w/pytorch/pytorch/torch/csrc/utils/tensor_new.cpp:1556.)
  train_ids = torch.frombuffer(train_text.encode("utf-8", errors="ignore"), dtype=torch.uint8)
train bytes: 1,905,061,325  eval bytes: 405,730
model: wskan11  params: 3,610  device: cuda
step     1  train 5.5511  eval 5.5464  pmax 18.9  (8s)
step  1000  train 2.3696  eval 2.3670  pmax 18.7  (17s)
step  2000  train 2.3513  eval 2.3318  pmax 18.9  (26s)
step  3000  train 2.3170  eval 2.2957  pmax 19.0  (35s)
step  4000  train 2.2675  eval 2.2752  pmax 19.1  (44s)
step  5000  train 2.1949  eval 2.2419  pmax 19.2  (53s)
step  6000  train 2.2041  eval 2.2103  pmax 19.2  (61s)
step  7000  train 2.1877  eval 2.1650  pmax 19.2  (70s)
step  8000  train 2.2146  eval 2.1849  pmax 19.2  (78s)
step  9000  train 2.1898  eval 2.1490  pmax 19.2  (87s)
step 10000  train 2.1801  eval 2.1841  pmax 19.2  (96s)
step 11000  train 2.1833  eval 2.1468  pmax 19.2  (105s)
step 12000  train 2.1593  eval 2.1458  pmax 19.2  (115s)
step 13000  train 2.1714  eval 2.1649  pmax 19.1  (124s)
step 14000  train 2.1629  eval 2.1602  pmax 19.1  (133s)
step 15000  train 2.1876  eval 2.1725  pmax 19.1  (142s)
step 16000  train 2.1823  eval 2.1587  pmax 19.1  (151s)
step 17000  train 2.1906  eval 2.1285  pmax 19.0  (160s)
step 18000  train 2.1534  eval 2.1485  pmax 19.0  (169s)
step 19000  train 2.1787  eval 2.1554  pmax 19.0  (178s)
step 20000  train 2.1703  eval 2.1597  pmax 19.0  (187s)
step 21000  train 2.1601  eval 2.1434  pmax 19.0  (196s)
step 22000  train 2.1735  eval 2.1417  pmax 19.0  (205s)
step 23000  train 2.1461  eval 2.1800  pmax 19.0  (214s)
step 24000  train 2.1629  eval 2.1476  pmax 19.0  (223s)
step 25000  train 2.1455  eval 2.1585  pmax 19.0  (232s)
  [checkpoint + sample saved at step 25000]
step 26000  train 2.1645  eval 2.1264  pmax 19.0  (242s)
step 27000  train 2.1395  eval 2.1400  pmax 19.0  (251s)
step 28000  train 2.1745  eval 2.1332  pmax 19.0  (260s)
step 29000  train 2.1540  eval 2.1450  pmax 19.0  (269s)
step 30000  train 2.1658  eval 2.1416  pmax 19.0  (278s)
  [checkpoint + sample saved at step 30000]
done. artifacts in /home/luke/Wavelet-State-KAN/checkpoints/wskan11_tinystories_1k_3ep_s42
