/home/luke/Wavelet-State-KAN/experiments/V1_train_tinystories_lm.py:107: UserWarning: The given buffer is not writable, and PyTorch does not support non-writable tensors. This means you can write to the underlying (supposedly non-writable) buffer using the tensor. You may want to copy the buffer to protect its data or make it writable before converting it to a tensor. This type of warning will be suppressed for the rest of this program. (Triggered internally at /__w/pytorch/pytorch/torch/csrc/utils/tensor_new.cpp:1556.)
  train_ids = torch.frombuffer(train_text.encode("utf-8", errors="ignore"), dtype=torch.uint8)
train bytes: 542,898,247  eval bytes: 130,357
model: wskan11  params: 3,610  device: cuda
step     1  train 5.5470  eval 5.5420  pmax 18.8  (7s)
step  1000  train 2.5355  eval 2.5430  pmax 19.0  (16s)
step  2000  train 2.4652  eval 2.4683  pmax 18.8  (26s)
step  3000  train 2.4551  eval 2.4683  pmax 19.0  (35s)
step  4000  train 2.4475  eval 2.4572  pmax 19.1  (44s)
step  5000  train 2.4204  eval 2.4511  pmax 19.3  (53s)
step  6000  train 2.4288  eval 2.4217  pmax 19.2  (62s)
step  7000  train 2.4392  eval 2.4362  pmax 19.3  (71s)
step  8000  train 2.4150  eval 2.4121  pmax 19.4  (80s)
step  9000  train 2.4211  eval 2.4144  pmax 19.5  (89s)
step 10000  train 2.4160  eval 2.4077  pmax 19.6  (98s)
step 11000  train 2.4094  eval 2.3982  pmax 19.8  (107s)
step 12000  train 2.4150  eval 2.3911  pmax 19.9  (116s)
step 13000  train 2.4064  eval 2.4242  pmax 20.0  (125s)
step 14000  train 2.4201  eval 2.4132  pmax 20.0  (134s)
step 15000  train 2.4118  eval 2.4144  pmax 20.1  (143s)
step 16000  train 2.3741  eval 2.4199  pmax 20.1  (152s)
step 17000  train 2.3921  eval 2.3912  pmax 20.2  (161s)
step 18000  train 2.4009  eval 2.4039  pmax 20.2  (170s)
step 19000  train 2.3751  eval 2.4179  pmax 20.2  (179s)
step 20000  train 2.4006  eval 2.3771  pmax 20.2  (188s)
step 21000  train 2.3674  eval 2.3936  pmax 20.2  (197s)
step 22000  train 2.3769  eval 2.3984  pmax 20.2  (207s)
step 23000  train 2.3923  eval 2.4111  pmax 20.2  (216s)
step 24000  train 2.4111  eval 2.4052  pmax 20.3  (225s)
step 25000  train 2.4025  eval 2.4001  pmax 20.3  (234s)
  [checkpoint + sample saved at step 25000]
step 26000  train 2.3944  eval 2.4244  pmax 20.3  (244s)
step 27000  train 2.3742  eval 2.4286  pmax 20.3  (253s)
step 28000  train 2.3829  eval 2.3935  pmax 20.3  (262s)
step 29000  train 2.4122  eval 2.3683  pmax 20.3  (271s)
step 30000  train 2.3888  eval 2.3906  pmax 20.3  (280s)
step 31000  train 2.3886  eval 2.4057  pmax 20.3  (289s)
step 32000  train 2.4036  eval 2.3697  pmax 20.3  (298s)
step 33000  train 2.3811  eval 2.3869  pmax 20.3  (307s)
  [checkpoint + sample saved at step 33000]
done. artifacts in /home/luke/Wavelet-State-KAN/checkpoints/wskan11_wikitext_1k_3ep_s2024
