/home/luke/Wavelet-State-KAN/experiments/V1_train_tinystories_lm.py:107: UserWarning: The given buffer is not writable, and PyTorch does not support non-writable tensors. This means you can write to the underlying (supposedly non-writable) buffer using the tensor. You may want to copy the buffer to protect its data or make it writable before converting it to a tensor. This type of warning will be suppressed for the rest of this program. (Triggered internally at /__w/pytorch/pytorch/torch/csrc/utils/tensor_new.cpp:1556.)
  train_ids = torch.frombuffer(train_text.encode("utf-8", errors="ignore"), dtype=torch.uint8)
train bytes: 542,898,247  eval bytes: 130,357
model: wskan7bcreal  params: 10,153,996  device: cuda
W0913 18:35:46.911000 466323 .venv/lib/python3.12/site-packages/torch/_inductor/utils.py:1806] [0/1] Not enough SMs to use max_autotune_gemm mode
step     1  train 5.6128  eval 4.5572  pmax 3.0  (30s)
step  1000  train 1.3708  eval 1.3242  pmax 3.1  (750s)
step  2000  train 1.2746  eval 1.2451  pmax 3.2  (1471s)
step  3000  train 1.2333  eval 1.2622  pmax 3.2  (2191s)
step  4000  train 1.2189  eval 1.1915  pmax 3.2  (2912s)
step  5000  train 1.2255  eval 1.2154  pmax 3.2  (3632s)
  [checkpoint + sample saved at step 5000]
step  6000  train 1.1800  eval 1.1876  pmax 3.3  (4359s)
step  7000  train 1.1732  eval 1.1954  pmax 3.3  (5081s)
step  8000  train 1.1476  eval 1.1653  pmax 3.3  (5802s)
step  9000  train 1.1862  eval 1.1751  pmax 3.3  (6523s)
step 10000  train 1.1773  eval 1.2004  pmax 3.4  (7245s)
  [checkpoint + sample saved at step 10000]
step 11000  train 1.1464  eval 1.1454  pmax 3.4  (7971s)
step 12000  train 1.1181  eval 1.1324  pmax 3.4  (8692s)
step 13000  train 1.1259  eval 1.1372  pmax 3.4  (9413s)
step 14000  train 1.0878  eval 1.1290  pmax 3.4  (10134s)
step 15000  train 1.1302  eval 1.1068  pmax 3.4  (10855s)
  [checkpoint + sample saved at step 15000]
step 16000  train 1.1167  eval 1.1300  pmax 3.4  (11580s)
step 17000  train 1.1031  eval 1.1164  pmax 3.4  (12300s)
step 18000  train 1.0939  eval 1.1313  pmax 3.4  (13020s)
step 19000  train 1.1199  eval 1.0454  pmax 3.4  (13741s)
step 20000  train 1.1052  eval 1.1244  pmax 3.4  (14462s)
  [checkpoint + sample saved at step 20000]
step 21000  train 1.1222  eval 1.0664  pmax 3.4  (15188s)
step 22000  train 1.0869  eval 1.1181  pmax 3.4  (15909s)
step 23000  train 1.0916  eval 1.1074  pmax 3.4  (16629s)
step 24000  train 1.0945  eval 1.0814  pmax 3.4  (17351s)
step 25000  train 1.0892  eval 1.0962  pmax 3.4  (18072s)
  [checkpoint + sample saved at step 25000]
step 26000  train 1.0712  eval 1.1332  pmax 3.4  (18799s)
step 27000  train 1.0736  eval 1.0975  pmax 3.4  (19521s)
step 28000  train 1.0935  eval 1.1459  pmax 3.4  (20242s)
step 29000  train 1.0628  eval 1.0635  pmax 3.4  (20963s)
step 30000  train 1.0817  eval 1.1065  pmax 3.4  (21684s)
  [checkpoint + sample saved at step 30000]
step 31000  train 1.0586  eval 1.0769  pmax 3.4  (22409s)
step 32000  train 1.0609  eval 1.0841  pmax 3.4  (23128s)
step 33000  train 1.1007  eval 1.1127  pmax 3.4  (23848s)
  [checkpoint + sample saved at step 33000]
done. artifacts in /home/luke/Wavelet-State-KAN/checkpoints/wskan7bcreal_wikitext_10m_3ep_s123
