train bytes: 180,723,994  eval bytes: 405,730
model: wskan7bc  params: 2,042  device: cuda
step     1  train 5.5419  eval 5.5328  pmax 18.9  (3s)
step  1000  train 2.3467  eval 2.3389  pmax 19.1  (107s)
step  2000  train 2.2857  eval 2.2642  pmax 19.0  (211s)
step  3000  train 2.2874  eval 2.2554  pmax 18.9  (317s)
step  4000  train 2.2387  eval 2.2603  pmax 18.6  (422s)
step  5000  train 2.2486  eval 2.2454  pmax 18.2  (526s)
step  6000  train 2.2381  eval 2.2203  pmax 18.3  (629s)
step  7000  train 2.2405  eval 2.2387  pmax 18.4  (735s)
step  8000  train 2.2558  eval 2.2270  pmax 18.4  (842s)
step  9000  train 2.2167  eval 2.1667  pmax 18.5  (949s)
step 10000  train 2.1663  eval 2.1949  pmax 18.5  (1054s)
step 11000  train 2.2046  eval 2.1690  pmax 18.5  (1160s)
step 12000  train 2.1898  eval 2.1589  pmax 18.6  (1267s)
step 13000  train 2.2198  eval 2.1803  pmax 18.5  (1373s)
step 14000  train 2.1719  eval 2.1711  pmax 18.5  (1477s)
step 15000  train 2.2084  eval 2.1797  pmax 18.5  (1583s)
step 16000  train 2.1697  eval 2.1654  pmax 18.6  (1689s)
step 17000  train 2.2131  eval 2.1586  pmax 18.8  (1794s)
step 18000  train 2.1777  eval 2.2031  pmax 19.0  (1899s)
step 19000  train 2.2189  eval 2.2165  pmax 19.1  (2003s)
step 20000  train 2.1733  eval 2.1644  pmax 19.2  (2111s)
  [checkpoint + sample saved at step 20000]
done. artifacts in /home/luke/Wavelet-State-KAN/checkpoints/wskan7bc_tinystories_1k_s2024
