/home/luke/Wavelet-State-KAN/experiments/V1_train_tinystories_lm.py:107: UserWarning: The given buffer is not writable, and PyTorch does not support non-writable tensors. This means you can write to the underlying (supposedly non-writable) buffer using the tensor. You may want to copy the buffer to protect its data or make it writable before converting it to a tensor. This type of warning will be suppressed for the rest of this program. (Triggered internally at /__w/pytorch/pytorch/torch/csrc/utils/tensor_new.cpp:1556.)
  train_ids = torch.frombuffer(train_text.encode("utf-8", errors="ignore"), dtype=torch.uint8)
train bytes: 542,898,247  eval bytes: 130,357
model: wskan11  params: 10,153,996  device: cuda
W0919 22:27:55.495000 4148311 .venv/lib/python3.12/site-packages/torch/_inductor/utils.py:1806] [0/0] Not enough SMs to use max_autotune_gemm mode
step     1  train 5.5835  eval 4.5439  pmax 18.9  (32s)
step  1000  train 1.3240  eval 1.3457  pmax 19.0  (148s)
step  2000  train 1.3227  eval 1.2404  pmax 19.0  (264s)
step  3000  train 1.2114  eval 1.2655  pmax 19.1  (381s)
step  4000  train 1.1964  eval 1.2315  pmax 19.1  (497s)
step  5000  train 1.1789  eval 1.2164  pmax 19.1  (614s)
  [checkpoint + sample saved at step 5000]
step  6000  train 1.1862  eval 1.1581  pmax 19.1  (732s)
step  7000  train 1.1664  eval 1.1288  pmax 19.1  (849s)
step  8000  train 1.1596  eval 1.1899  pmax 19.2  (965s)
step  9000  train 1.1316  eval 1.1620  pmax 19.3  (1081s)
step 10000  train 1.1417  eval 1.1444  pmax 19.3  (1198s)
  [checkpoint + sample saved at step 10000]
step 11000  train 1.1173  eval 1.1028  pmax 19.4  (1316s)
step 12000  train 1.1104  eval 1.1219  pmax 19.5  (1432s)
step 13000  train 1.1070  eval 1.0721  pmax 19.5  (1548s)
step 14000  train 1.1118  eval 1.1053  pmax 19.6  (1664s)
step 15000  train 1.0972  eval 1.0908  pmax 19.6  (1780s)
  [checkpoint + sample saved at step 15000]
step 16000  train 1.1105  eval 1.1166  pmax 19.7  (1898s)
step 17000  train 1.1006  eval 1.1055  pmax 19.7  (2014s)
step 18000  train 1.0584  eval 1.1150  pmax 19.7  (2130s)
step 19000  train 1.0956  eval 1.0580  pmax 19.8  (2247s)
step 20000  train 1.0948  eval 1.0635  pmax 19.8  (2363s)
  [checkpoint + sample saved at step 20000]
step 21000  train 1.0622  eval 1.0875  pmax 19.8  (2481s)
step 22000  train 1.0804  eval 1.0831  pmax 19.8  (2597s)
step 23000  train 1.0658  eval 1.0797  pmax 19.8  (2713s)
step 24000  train 1.0558  eval 1.0894  pmax 19.8  (2829s)
step 25000  train 1.0734  eval 1.0734  pmax 19.9  (2945s)
  [checkpoint + sample saved at step 25000]
step 26000  train 1.0485  eval 1.0519  pmax 19.9  (3062s)
step 27000  train 1.0684  eval 1.0535  pmax 19.9  (3178s)
step 28000  train 1.0504  eval 1.0685  pmax 19.9  (3294s)
step 29000  train 1.1004  eval 1.0832  pmax 19.9  (3411s)
step 30000  train 1.0781  eval 1.0977  pmax 19.9  (3527s)
  [checkpoint + sample saved at step 30000]
step 31000  train 1.0624  eval 1.0578  pmax 19.9  (3645s)
step 32000  train 1.0558  eval 1.1232  pmax 19.9  (3761s)
step 33000  train 1.0127  eval 1.0462  pmax 19.9  (3877s)
  [checkpoint + sample saved at step 33000]
done. artifacts in /home/luke/Wavelet-State-KAN/checkpoints/wskan11_wikitext_10m_3ep_s31337
