/home/luke/Wavelet-State-KAN/experiments/V1_train_tinystories_lm.py:107: UserWarning: The given buffer is not writable, and PyTorch does not support non-writable tensors. This means you can write to the underlying (supposedly non-writable) buffer using the tensor. You may want to copy the buffer to protect its data or make it writable before converting it to a tensor. This type of warning will be suppressed for the rest of this program. (Triggered internally at /__w/pytorch/pytorch/torch/csrc/utils/tensor_new.cpp:1556.)
  train_ids = torch.frombuffer(train_text.encode("utf-8", errors="ignore"), dtype=torch.uint8)
train bytes: 542,898,247  eval bytes: 130,357
model: wskan11  params: 3,610  device: cuda
step     1  train 5.5497  eval 5.5443  pmax 18.9  (8s)
step  1000  train 2.5557  eval 2.5507  pmax 19.2  (16s)
step  2000  train 2.5149  eval 2.5009  pmax 19.2  (25s)
step  3000  train 2.4861  eval 2.4764  pmax 19.3  (34s)
step  4000  train 2.4635  eval 2.4497  pmax 19.3  (42s)
step  5000  train 2.4211  eval 2.4478  pmax 19.4  (51s)
step  6000  train 2.4637  eval 2.4432  pmax 19.3  (60s)
step  7000  train 2.4340  eval 2.3941  pmax 19.3  (68s)
step  8000  train 2.3979  eval 2.3947  pmax 19.3  (77s)
step  9000  train 2.4433  eval 2.4022  pmax 19.3  (86s)
step 10000  train 2.4114  eval 2.4191  pmax 19.4  (94s)
step 11000  train 2.3954  eval 2.3928  pmax 19.4  (103s)
step 12000  train 2.3590  eval 2.3702  pmax 19.4  (112s)
step 13000  train 2.4074  eval 2.3898  pmax 19.5  (120s)
step 14000  train 2.3921  eval 2.3672  pmax 19.5  (129s)
step 15000  train 2.3772  eval 2.3894  pmax 19.6  (138s)
step 16000  train 2.3823  eval 2.3799  pmax 19.6  (145s)
step 17000  train 2.3749  eval 2.4334  pmax 19.6  (154s)
step 18000  train 2.3575  eval 2.3794  pmax 19.6  (162s)
step 19000  train 2.3861  eval 2.3969  pmax 19.7  (170s)
step 20000  train 2.3724  eval 2.3983  pmax 19.7  (178s)
step 21000  train 2.3525  eval 2.3825  pmax 19.7  (187s)
step 22000  train 2.3679  eval 2.4038  pmax 19.7  (196s)
step 23000  train 2.3718  eval 2.3687  pmax 19.7  (204s)
step 24000  train 2.3941  eval 2.3821  pmax 19.7  (213s)
step 25000  train 2.3742  eval 2.3872  pmax 19.7  (221s)
  [checkpoint + sample saved at step 25000]
step 26000  train 2.3416  eval 2.3607  pmax 19.7  (231s)
step 27000  train 2.3547  eval 2.3619  pmax 19.7  (240s)
step 28000  train 2.3834  eval 2.3776  pmax 19.7  (249s)
step 29000  train 2.3630  eval 2.3778  pmax 19.7  (257s)
step 30000  train 2.4074  eval 2.4025  pmax 19.7  (266s)
step 31000  train 2.3668  eval 2.3834  pmax 19.7  (275s)
step 32000  train 2.3768  eval 2.4058  pmax 19.7  (283s)
step 33000  train 2.3697  eval 2.3627  pmax 19.7  (292s)
  [checkpoint + sample saved at step 33000]
done. artifacts in /home/luke/Wavelet-State-KAN/checkpoints/wskan11_wikitext_1k_3ep_s42
