/home/luke/Wavelet-State-KAN/experiments/V1_train_tinystories_lm.py:107: UserWarning: The given buffer is not writable, and PyTorch does not support non-writable tensors. This means you can write to the underlying (supposedly non-writable) buffer using the tensor. You may want to copy the buffer to protect its data or make it writable before converting it to a tensor. This type of warning will be suppressed for the rest of this program. (Triggered internally at /__w/pytorch/pytorch/torch/csrc/utils/tensor_new.cpp:1556.)
  train_ids = torch.frombuffer(train_text.encode("utf-8", errors="ignore"), dtype=torch.uint8)
train bytes: 1,195,926,439  eval bytes: 2,859,070
model: wskan11real  params: 113,612  device: cuda
W0919 21:05:13.835000 3994634 .venv/lib/python3.12/site-packages/torch/_inductor/utils.py:1806] [0/0] Not enough SMs to use max_autotune_gemm mode
step     1  train 5.5401  eval 5.4518  pmax 3.0  (19s)
step  1000  train 1.5547  eval 1.5414  pmax 3.4  (42s)
step  2000  train 1.4877  eval 1.4423  pmax 3.5  (65s)
step  3000  train 1.4519  eval 1.4454  pmax 3.6  (88s)
step  4000  train 1.3624  eval 1.4002  pmax 3.7  (111s)
step  5000  train 1.4252  eval 1.4468  pmax 3.8  (134s)
step  6000  train 1.3875  eval 1.3840  pmax 4.1  (156s)
step  7000  train 1.3717  eval 1.4343  pmax 4.2  (179s)
step  8000  train 1.3516  eval 1.3987  pmax 4.2  (202s)
step  9000  train 1.3623  eval 1.3980  pmax 4.5  (225s)
step 10000  train 1.4096  eval 1.3417  pmax 4.8  (248s)
step 11000  train 1.3763  eval 1.4445  pmax 5.3  (270s)
step 12000  train 1.3578  eval 1.3541  pmax 5.7  (293s)
step 13000  train 1.3125  eval 1.3303  pmax 6.0  (316s)
step 14000  train 1.3979  eval 1.3425  pmax 6.4  (339s)
step 15000  train 1.3860  eval 1.3462  pmax 6.6  (362s)
step 16000  train 1.3898  eval 1.3417  pmax 6.8  (385s)
step 17000  train 1.3027  eval 1.3836  pmax 7.1  (407s)
step 18000  train 1.3665  eval 1.3824  pmax 7.3  (430s)
step 19000  train 1.3288  eval 1.3415  pmax 7.4  (453s)
step 20000  train 1.3740  eval 1.3221  pmax 7.6  (476s)
step 21000  train 1.3155  eval 1.3165  pmax 7.7  (499s)
step 22000  train 1.3707  eval 1.3549  pmax 7.8  (521s)
step 23000  train 1.3140  eval 1.3771  pmax 7.9  (544s)
step 24000  train 1.3672  eval 1.3886  pmax 7.9  (567s)
step 25000  train 1.3324  eval 1.3676  pmax 8.1  (590s)
  [checkpoint + sample saved at step 25000]
step 26000  train 1.3370  eval 1.3370  pmax 8.1  (615s)
step 27000  train 1.3493  eval 1.3313  pmax 8.2  (637s)
step 28000  train 1.3791  eval 1.3217  pmax 8.3  (660s)
step 29000  train 1.3126  eval 1.3459  pmax 8.4  (683s)
step 30000  train 1.3478  eval 1.3381  pmax 8.5  (706s)
step 31000  train 1.2794  eval 1.3271  pmax 8.6  (729s)
step 32000  train 1.3585  eval 1.3323  pmax 8.6  (751s)
step 33000  train 1.3556  eval 1.3067  pmax 8.6  (774s)
step 34000  train 1.3106  eval 1.3774  pmax 8.7  (797s)
step 35000  train 1.2949  eval 1.3131  pmax 8.8  (820s)
step 36000  train 1.3594  eval 1.3188  pmax 8.8  (843s)
step 37000  train 1.3432  eval 1.3199  pmax 8.9  (866s)
step 38000  train 1.3049  eval 1.4466  pmax 8.9  (888s)
step 39000  train 1.3171  eval 1.3646  pmax 9.0  (911s)
step 40000  train 1.3279  eval 1.3464  pmax 9.0  (934s)
step 41000  train 1.3233  eval 1.3655  pmax 9.0  (957s)
step 42000  train 1.3571  eval 1.3246  pmax 9.0  (980s)
step 43000  train 1.3291  eval 1.3621  pmax 9.1  (1003s)
step 44000  train 1.3433  eval 1.3045  pmax 9.2  (1026s)
step 45000  train 1.3418  eval 1.3505  pmax 9.3  (1048s)
step 46000  train 1.3055  eval 1.3240  pmax 9.4  (1071s)
step 47000  train 1.3262  eval 1.3042  pmax 9.5  (1094s)
step 48000  train 1.3076  eval 1.2907  pmax 9.6  (1117s)
step 49000  train 1.3211  eval 1.3399  pmax 9.7  (1140s)
step 50000  train 1.3248  eval 1.3467  pmax 9.9  (1163s)
  [checkpoint + sample saved at step 50000]
step 51000  train 1.3374  eval 1.3127  pmax 10.0  (1187s)
step 52000  train 1.3275  eval 1.2536  pmax 10.1  (1210s)
step 53000  train 1.3172  eval 1.3374  pmax 10.2  (1233s)
step 54000  train 1.2790  eval 1.3004  pmax 10.4  (1256s)
step 55000  train 1.3169  eval 1.3369  pmax 10.5  (1278s)
step 56000  train 1.3542  eval 1.2923  pmax 10.6  (1301s)
step 57000  train 1.3459  eval 1.2811  pmax 10.7  (1324s)
step 58000  train 1.3806  eval 1.3257  pmax 10.8  (1347s)
step 59000  train 1.3448  eval 1.2682  pmax 10.9  (1370s)
step 60000  train 1.3136  eval 1.3860  pmax 11.0  (1393s)
step 61000  train 1.2714  eval 1.3278  pmax 11.1  (1415s)
step 62000  train 1.3308  eval 1.3081  pmax 11.2  (1438s)
step 63000  train 1.3459  eval 1.2954  pmax 11.3  (1461s)
step 64000  train 1.2526  eval 1.2771  pmax 11.4  (1484s)
step 65000  train 1.3273  eval 1.3608  pmax 11.5  (1507s)
step 66000  train 1.3407  eval 1.3380  pmax 11.6  (1530s)
step 67000  train 1.2694  eval 1.2952  pmax 11.6  (1552s)
step 68000  train 1.3071  eval 1.2993  pmax 11.7  (1575s)
step 69000  train 1.2572  eval 1.3212  pmax 11.8  (1598s)
step 70000  train 1.3294  eval 1.2574  pmax 11.8  (1621s)
step 71000  train 1.3218  eval 1.2755  pmax 11.9  (1644s)
step 72000  train 1.2846  eval 1.2942  pmax 12.0  (1666s)
step 73000  train 1.2495  eval 1.2661  pmax 12.0  (1689s)
step 74000  train 1.3425  eval 1.3077  pmax 12.1  (1712s)
step 75000  train 1.3032  eval 1.2526  pmax 12.1  (1735s)
  [checkpoint + sample saved at step 75000]
step 76000  train 1.3440  eval 1.3234  pmax 12.2  (1759s)
step 77000  train 1.2176  eval 1.2739  pmax 12.2  (1782s)
step 78000  train 1.2760  eval 1.2675  pmax 12.3  (1805s)
step 79000  train 1.3555  eval 1.3201  pmax 12.3  (1828s)
step 80000  train 1.2335  eval 1.2948  pmax 12.4  (1850s)
step 81000  train 1.3149  eval 1.3330  pmax 12.4  (1873s)
step 82000  train 1.3103  eval 1.3503  pmax 12.4  (1896s)
step 83000  train 1.2940  eval 1.2909  pmax 12.5  (1919s)
step 84000  train 1.2916  eval 1.3378  pmax 12.5  (1942s)
step 85000  train 1.3061  eval 1.2516  pmax 12.5  (1964s)
step 86000  train 1.2704  eval 1.3073  pmax 12.6  (1987s)
step 87000  train 1.3032  eval 1.2860  pmax 12.6  (2010s)
step 88000  train 1.2906  eval 1.3300  pmax 12.6  (2033s)
step 89000  train 1.2902  eval 1.2752  pmax 12.6  (2056s)
step 90000  train 1.2710  eval 1.3175  pmax 12.6  (2078s)
step 91000  train 1.2375  eval 1.2992  pmax 12.7  (2101s)
step 92000  train 1.2424  eval 1.2841  pmax 12.7  (2124s)
step 93000  train 1.2831  eval 1.2511  pmax 12.7  (2147s)
step 94000  train 1.2854  eval 1.3167  pmax 12.7  (2170s)
step 95000  train 1.3140  eval 1.2518  pmax 12.7  (2192s)
step 96000  train 1.3432  eval 1.3453  pmax 12.7  (2215s)
step 97000  train 1.2877  eval 1.2859  pmax 12.7  (2238s)
step 98000  train 1.3444  eval 1.2946  pmax 12.7  (2261s)
step 99000  train 1.2619  eval 1.3066  pmax 12.7  (2284s)
step 100000  train 1.3367  eval 1.2833  pmax 12.7  (2306s)
  [checkpoint + sample saved at step 100000]
step 101000  train 1.2699  eval 1.2739  pmax 12.7  (2331s)
step 102000  train 1.2727  eval 1.2979  pmax 12.7  (2353s)
step 103000  train 1.3674  eval 1.2811  pmax 12.7  (2376s)
step 104000  train 1.2914  eval 1.2465  pmax 12.7  (2399s)
step 105000  train 1.3540  eval 1.3175  pmax 12.7  (2422s)
step 106000  train 1.3351  eval 1.2629  pmax 12.7  (2445s)
step 107000  train 1.2773  eval 1.3026  pmax 12.7  (2468s)
step 108000  train 1.3051  eval 1.2777  pmax 12.7  (2490s)
  [checkpoint + sample saved at step 108000]
done. artifacts in /home/luke/Wavelet-State-KAN/checkpoints/wskan11real_ultrachat_100k_3ep_s42
