train bytes: 180,263,596  eval bytes: 2,859,070
model: wskan7g  params: 72,306  device: cuda
W0912 07:27:34.498000 3482368 .venv/lib/python3.12/site-packages/torch/_inductor/utils.py:1806] [0/0] Not enough SMs to use max_autotune_gemm mode
step     1  train 5.5498  eval 5.5319  pmax 18.9  (744s)
step  2500  train 1.6591  eval 1.6518  pmax 19.2  (985s)
step  5000  train 1.5164  eval 1.4467  pmax 19.6  (1207s)
step  7500  train 1.4305  eval 1.4367  pmax 19.7  (1426s)
step 10000  train 1.5062  eval 1.4413  pmax 19.9  (1649s)
step 12500  train 1.3537  eval 1.3460  pmax 20.3  (1869s)
step 15000  train 1.4480  eval 1.4113  pmax 20.7  (2093s)
step 17500  train 1.4152  eval 1.3652  pmax 21.0  (2314s)
step 20000  train 1.3849  eval 1.3883  pmax 21.3  (2535s)
step 22500  train 1.2865  eval 1.3927  pmax 21.7  (2755s)
step 25000  train 1.4616  eval 1.3894  pmax 21.9  (2976s)
step 27500  train 1.3416  eval 1.3884  pmax 22.2  (3199s)
step 30000  train 1.5270  eval 1.3333  pmax 22.3  (3422s)
step 32500  train 1.3759  eval 1.3229  pmax 22.5  (3644s)
step 35000  train 1.3016  eval 1.3832  pmax 22.6  (3864s)
step 37500  train 1.3268  eval 1.3325  pmax 22.8  (4085s)
step 40000  train 1.3305  eval 1.3750  pmax 23.0  (4306s)
step 42500  train 1.3336  eval 1.3507  pmax 23.1  (4527s)
step 45000  train 1.3101  eval 1.3639  pmax 23.2  (4748s)
step 47500  train 1.4200  eval 1.2814  pmax 23.3  (4970s)
step 50000  train 1.3515  eval 1.4238  pmax 23.4  (5190s)
  [checkpoint + sample saved at step 50000]
step 52500  train 1.3800  eval 1.3431  pmax 23.5  (5417s)
step 55000  train 1.3218  eval 1.4386  pmax 23.6  (5635s)
step 57500  train 1.3353  eval 1.3152  pmax 23.7  (5855s)
step 60000  train 1.3384  eval 1.4303  pmax 23.8  (6072s)
step 62500  train 1.3777  eval 1.3283  pmax 23.9  (6292s)
step 65000  train 1.2756  eval 1.3360  pmax 24.0  (6508s)
step 67500  train 1.2863  eval 1.3523  pmax 24.1  (6728s)
step 70000  train 1.3163  eval 1.3928  pmax 24.1  (6946s)
step 72500  train 1.3204  eval 1.4048  pmax 24.2  (7166s)
step 75000  train 1.3494  eval 1.3002  pmax 24.2  (7384s)
step 77500  train 1.3097  eval 1.3239  pmax 24.3  (7605s)
step 80000  train 1.3189  eval 1.3818  pmax 24.3  (7822s)
step 82500  train 1.3019  eval 1.3714  pmax 24.3  (8042s)
step 85000  train 1.3543  eval 1.4709  pmax 24.4  (8262s)
step 87500  train 1.3237  eval 1.2883  pmax 24.4  (8481s)
step 90000  train 1.3482  eval 1.3402  pmax 24.4  (8701s)
step 92500  train 1.3498  eval 1.3420  pmax 24.4  (8923s)
step 95000  train 1.3135  eval 1.2698  pmax 24.4  (9148s)
step 97500  train 1.3617  eval 1.3951  pmax 24.4  (9371s)
step 100000  train 1.3601  eval 1.3706  pmax 24.4  (9591s)
  [checkpoint + sample saved at step 100000]
done. artifacts in /home/luke/Wavelet-State-KAN/checkpoints/wskan7g_ultrachat_interp_s42
