/home/luke/Wavelet-State-KAN/experiments/V1_train_tinystories_lm.py:107: UserWarning: The given buffer is not writable, and PyTorch does not support non-writable tensors. This means you can write to the underlying (supposedly non-writable) buffer using the tensor. You may want to copy the buffer to protect its data or make it writable before converting it to a tensor. This type of warning will be suppressed for the rest of this program. (Triggered internally at /__w/pytorch/pytorch/torch/csrc/utils/tensor_new.cpp:1556.)
  train_ids = torch.frombuffer(train_text.encode("utf-8", errors="ignore"), dtype=torch.uint8)
train bytes: 542,898,247  eval bytes: 130,357
model: wskan11real  params: 12,546  device: cuda
step     1  train 5.5449  eval 5.5235  pmax 3.0  (7s)
step  1000  train 2.1712  eval 2.1683  pmax 2.7  (17s)
step  2000  train 2.1037  eval 2.1096  pmax 4.6  (26s)
step  3000  train 2.0832  eval 2.1021  pmax 6.1  (35s)
step  4000  train 2.0616  eval 2.0745  pmax 7.0  (44s)
step  5000  train 2.0256  eval 2.0789  pmax 7.7  (53s)
step  6000  train 2.0335  eval 2.0353  pmax 8.7  (62s)
step  7000  train 2.0553  eval 2.0294  pmax 9.4  (72s)
step  8000  train 2.0341  eval 2.0362  pmax 10.0  (81s)
step  9000  train 2.0360  eval 2.0245  pmax 10.5  (90s)
step 10000  train 2.0259  eval 1.9957  pmax 11.0  (99s)
step 11000  train 2.0096  eval 2.0011  pmax 11.3  (108s)
step 12000  train 2.0027  eval 1.9953  pmax 11.4  (118s)
step 13000  train 2.0096  eval 2.0334  pmax 11.5  (127s)
step 14000  train 2.0223  eval 2.0214  pmax 11.4  (136s)
step 15000  train 2.0162  eval 2.0114  pmax 11.3  (145s)
step 16000  train 1.9849  eval 2.0204  pmax 11.2  (154s)
step 17000  train 2.0149  eval 1.9997  pmax 11.1  (163s)
step 18000  train 1.9953  eval 2.0034  pmax 11.1  (173s)
step 19000  train 1.9781  eval 2.0129  pmax 11.0  (182s)
step 20000  train 1.9942  eval 1.9716  pmax 10.9  (191s)
step 21000  train 1.9615  eval 1.9813  pmax 10.8  (200s)
step 22000  train 1.9849  eval 1.9993  pmax 10.7  (210s)
step 23000  train 1.9953  eval 2.0347  pmax 10.6  (219s)
step 24000  train 2.0025  eval 1.9961  pmax 10.6  (228s)
step 25000  train 1.9922  eval 1.9895  pmax 10.7  (237s)
  [checkpoint + sample saved at step 25000]
step 26000  train 2.0043  eval 2.0107  pmax 10.9  (247s)
step 27000  train 1.9745  eval 2.0087  pmax 11.0  (256s)
step 28000  train 1.9713  eval 1.9917  pmax 11.1  (265s)
step 29000  train 1.9912  eval 1.9600  pmax 11.2  (275s)
step 30000  train 1.9608  eval 1.9932  pmax 11.3  (284s)
step 31000  train 1.9772  eval 2.0027  pmax 11.3  (293s)
step 32000  train 2.0022  eval 1.9600  pmax 11.4  (302s)
step 33000  train 1.9641  eval 1.9796  pmax 11.5  (311s)
step 34000  train 1.9919  eval 2.0092  pmax 11.5  (321s)
step 35000  train 1.9682  eval 1.9637  pmax 11.6  (330s)
step 36000  train 1.9713  eval 1.9805  pmax 11.6  (339s)
step 37000  train 1.9615  eval 1.9688  pmax 11.6  (348s)
step 38000  train 1.9866  eval 1.9847  pmax 11.7  (357s)
step 39000  train 1.9853  eval 1.9660  pmax 11.7  (366s)
step 40000  train 1.9968  eval 1.9729  pmax 11.7  (375s)
step 41000  train 1.9400  eval 1.9843  pmax 11.8  (384s)
step 42000  train 1.9799  eval 1.9671  pmax 11.8  (393s)
step 43000  train 1.9683  eval 2.0052  pmax 11.8  (402s)
step 44000  train 1.9220  eval 1.9546  pmax 11.8  (412s)
step 45000  train 1.9508  eval 1.9920  pmax 11.8  (421s)
step 46000  train 1.9560  eval 1.9900  pmax 11.8  (430s)
step 47000  train 1.9339  eval 1.9763  pmax 11.8  (439s)
step 48000  train 1.9777  eval 1.9588  pmax 11.8  (448s)
step 49000  train 1.9643  eval 1.9779  pmax 11.8  (458s)
step 50000  train 1.9670  eval 1.9696  pmax 11.8  (467s)
  [checkpoint + sample saved at step 50000]
done. artifacts in /home/luke/Wavelet-State-KAN/checkpoints/wskan11real_wikitext_10k_3ep_s2024
