/home/luke/Wavelet-State-KAN/experiments/V1_train_tinystories_lm.py:107: UserWarning: The given buffer is not writable, and PyTorch does not support non-writable tensors. This means you can write to the underlying (supposedly non-writable) buffer using the tensor. You may want to copy the buffer to protect its data or make it writable before converting it to a tensor. This type of warning will be suppressed for the rest of this program. (Triggered internally at /__w/pytorch/pytorch/torch/csrc/utils/tensor_new.cpp:1556.)
  train_ids = torch.frombuffer(train_text.encode("utf-8", errors="ignore"), dtype=torch.uint8)
train bytes: 1,905,061,325  eval bytes: 405,730
model: wskan11real  params: 113,612  device: cuda
step     1  train 5.5482  eval 5.4499  pmax 3.0  (11s)
step  1000  train 1.1809  eval 1.1900  pmax 3.1  (25s)
step  2000  train 1.1488  eval 1.0803  pmax 3.4  (40s)
step  3000  train 1.0894  eval 1.0430  pmax 3.5  (55s)
step  4000  train 1.1219  eval 1.0176  pmax 3.5  (69s)
step  5000  train 1.0408  eval 1.0178  pmax 3.6  (84s)
step  6000  train 1.0267  eval 0.9770  pmax 3.7  (99s)
step  7000  train 0.9938  eval 0.9609  pmax 4.0  (114s)
step  8000  train 1.0412  eval 0.9736  pmax 4.5  (129s)
step  9000  train 1.0026  eval 0.9569  pmax 5.0  (144s)
step 10000  train 1.0114  eval 0.9754  pmax 5.4  (158s)
step 11000  train 1.0035  eval 0.9514  pmax 5.7  (173s)
step 12000  train 1.0163  eval 1.0088  pmax 6.0  (187s)
step 13000  train 1.0079  eval 0.9329  pmax 6.2  (202s)
step 14000  train 0.9623  eval 0.9566  pmax 6.3  (217s)
step 15000  train 0.9945  eval 0.9642  pmax 6.4  (231s)
step 16000  train 0.9967  eval 0.9518  pmax 6.5  (246s)
step 17000  train 0.9840  eval 0.9434  pmax 6.7  (261s)
step 18000  train 0.9649  eval 0.9500  pmax 6.8  (276s)
step 19000  train 1.0093  eval 0.9341  pmax 6.9  (290s)
step 20000  train 0.9880  eval 0.9634  pmax 7.1  (305s)
step 21000  train 1.0106  eval 0.9613  pmax 7.3  (320s)
step 22000  train 0.9840  eval 0.9228  pmax 7.4  (334s)
step 23000  train 0.9820  eval 0.9209  pmax 7.5  (348s)
step 24000  train 1.0017  eval 0.9138  pmax 7.6  (363s)
step 25000  train 0.9885  eval 0.9180  pmax 7.8  (378s)
  [checkpoint + sample saved at step 25000]
step 26000  train 0.9859  eval 0.9449  pmax 7.9  (394s)
step 27000  train 0.9899  eval 0.9246  pmax 8.1  (409s)
step 28000  train 1.0141  eval 0.9190  pmax 8.3  (424s)
step 29000  train 0.9730  eval 0.9318  pmax 8.3  (439s)
step 30000  train 0.9911  eval 0.9537  pmax 8.3  (453s)
step 31000  train 0.9672  eval 0.9037  pmax 8.3  (468s)
step 32000  train 0.9794  eval 0.9040  pmax 8.4  (483s)
step 33000  train 0.9622  eval 0.9251  pmax 8.5  (498s)
step 34000  train 0.9916  eval 0.9490  pmax 8.6  (512s)
step 35000  train 0.9360  eval 0.9162  pmax 8.6  (527s)
step 36000  train 0.9935  eval 0.9206  pmax 8.6  (542s)
step 37000  train 0.9748  eval 0.9335  pmax 8.9  (556s)
step 38000  train 0.9620  eval 0.9248  pmax 9.2  (571s)
step 39000  train 0.9592  eval 0.9179  pmax 9.5  (586s)
step 40000  train 0.9457  eval 0.9256  pmax 9.9  (601s)
step 41000  train 0.9589  eval 0.9193  pmax 10.2  (616s)
step 42000  train 0.9364  eval 0.9136  pmax 10.5  (630s)
step 43000  train 0.9732  eval 0.9066  pmax 10.8  (645s)
step 44000  train 0.9316  eval 0.8842  pmax 11.1  (659s)
step 45000  train 0.9791  eval 0.9387  pmax 11.3  (674s)
step 46000  train 0.9406  eval 0.8997  pmax 11.7  (688s)
step 47000  train 0.9418  eval 0.9132  pmax 12.0  (703s)
step 48000  train 0.9603  eval 0.9522  pmax 12.3  (717s)
step 49000  train 0.9753  eval 0.8981  pmax 12.6  (732s)
step 50000  train 0.9622  eval 0.8997  pmax 12.8  (747s)
  [checkpoint + sample saved at step 50000]
step 51000  train 0.9368  eval 0.9002  pmax 13.1  (763s)
step 52000  train 0.9568  eval 0.9572  pmax 13.3  (778s)
step 53000  train 0.9594  eval 0.8750  pmax 13.6  (792s)
step 54000  train 0.9463  eval 0.9216  pmax 13.8  (806s)
step 55000  train 0.9735  eval 0.9008  pmax 14.1  (821s)
step 56000  train 0.9191  eval 0.8734  pmax 14.3  (836s)
step 57000  train 0.9872  eval 0.9269  pmax 14.5  (851s)
step 58000  train 0.9428  eval 0.8919  pmax 14.8  (865s)
step 59000  train 0.9873  eval 0.9015  pmax 15.0  (880s)
step 60000  train 0.9770  eval 0.9426  pmax 15.2  (895s)
step 61000  train 0.9260  eval 0.8858  pmax 15.4  (910s)
step 62000  train 0.9788  eval 0.8901  pmax 15.7  (925s)
step 63000  train 0.9435  eval 0.9104  pmax 16.0  (939s)
step 64000  train 0.9920  eval 0.8777  pmax 16.3  (954s)
step 65000  train 0.9602  eval 0.9223  pmax 16.5  (968s)
step 66000  train 0.9258  eval 0.9154  pmax 16.8  (983s)
step 67000  train 0.9618  eval 0.8731  pmax 17.1  (997s)
step 68000  train 0.9380  eval 0.8893  pmax 17.4  (1012s)
step 69000  train 0.9426  eval 0.8851  pmax 17.6  (1027s)
step 70000  train 0.9717  eval 0.8759  pmax 17.9  (1041s)
step 71000  train 0.9258  eval 0.9155  pmax 18.2  (1056s)
step 72000  train 0.9242  eval 0.8814  pmax 18.4  (1071s)
step 73000  train 0.9363  eval 0.9075  pmax 18.7  (1085s)
step 74000  train 0.9662  eval 0.8980  pmax 19.0  (1100s)
step 75000  train 0.9268  eval 0.9045  pmax 19.2  (1115s)
  [checkpoint + sample saved at step 75000]
step 76000  train 0.9332  eval 0.9327  pmax 19.5  (1131s)
step 77000  train 0.9717  eval 0.8803  pmax 19.8  (1146s)
step 78000  train 0.9457  eval 0.9122  pmax 20.1  (1161s)
step 79000  train 0.9965  eval 0.8748  pmax 20.4  (1175s)
step 80000  train 0.9641  eval 0.8947  pmax 20.7  (1190s)
step 81000  train 0.9429  eval 0.8839  pmax 21.0  (1204s)
step 82000  train 0.9552  eval 0.8765  pmax 21.3  (1219s)
step 83000  train 0.9293  eval 0.8826  pmax 21.5  (1233s)
step 84000  train 0.9139  eval 0.8808  pmax 21.9  (1248s)
step 85000  train 0.9209  eval 0.8368  pmax 22.2  (1262s)
step 86000  train 0.9479  eval 0.8939  pmax 22.5  (1277s)
step 87000  train 0.9909  eval 0.9213  pmax 22.8  (1291s)
step 88000  train 0.9346  eval 0.8807  pmax 23.1  (1306s)
step 89000  train 0.9646  eval 0.8938  pmax 23.3  (1321s)
step 90000  train 0.9720  eval 0.9061  pmax 23.6  (1336s)
step 91000  train 0.9060  eval 0.8823  pmax 23.9  (1350s)
step 92000  train 0.9624  eval 0.8901  pmax 24.2  (1365s)
step 93000  train 0.9553  eval 0.8665  pmax 24.5  (1379s)
step 94000  train 0.9500  eval 0.9024  pmax 24.8  (1394s)
step 95000  train 0.9340  eval 0.9165  pmax 25.1  (1408s)
step 96000  train 0.9453  eval 0.9056  pmax 25.3  (1423s)
step 97000  train 0.9128  eval 0.8839  pmax 25.6  (1438s)
step 98000  train 0.9396  eval 0.9288  pmax 25.9  (1452s)
step 99000  train 0.9061  eval 0.9128  pmax 26.1  (1467s)
step 100000  train 0.9442  eval 0.9222  pmax 26.3  (1481s)
  [checkpoint + sample saved at step 100000]
step 101000  train 0.9312  eval 0.9233  pmax 26.5  (1498s)
step 102000  train 0.9316  eval 0.8838  pmax 26.8  (1513s)
step 103000  train 0.9654  eval 0.8981  pmax 27.0  (1527s)
step 104000  train 0.9512  eval 0.9046  pmax 27.3  (1542s)
step 105000  train 0.9312  eval 0.9062  pmax 27.5  (1557s)
step 106000  train 0.9329  eval 0.8687  pmax 27.8  (1571s)
step 107000  train 0.9798  eval 0.8924  pmax 27.9  (1586s)
step 108000  train 0.9233  eval 0.9000  pmax 28.2  (1600s)
step 109000  train 0.9443  eval 0.8906  pmax 28.4  (1615s)
step 110000  train 0.9279  eval 0.8757  pmax 28.7  (1629s)
step 111000  train 0.9303  eval 0.8852  pmax 28.9  (1644s)
step 112000  train 0.9089  eval 0.8913  pmax 29.1  (1658s)
step 113000  train 0.9262  eval 0.8710  pmax 29.3  (1673s)
step 114000  train 0.9330  eval 0.8763  pmax 29.5  (1688s)
step 115000  train 0.9497  eval 0.8522  pmax 29.7  (1703s)
step 116000  train 0.9664  eval 0.8766  pmax 29.9  (1718s)
step 117000  train 0.9286  eval 0.8996  pmax 30.1  (1733s)
step 118000  train 0.9257  eval 0.8445  pmax 30.3  (1747s)
step 119000  train 0.9111  eval 0.8885  pmax 30.6  (1762s)
step 120000  train 0.9346  eval 0.8913  pmax 30.8  (1777s)
step 121000  train 0.9558  eval 0.8877  pmax 31.0  (1792s)
step 122000  train 0.9136  eval 0.8872  pmax 31.1  (1807s)
step 123000  train 0.9323  eval 0.8732  pmax 31.4  (1821s)
step 124000  train 0.9303  eval 0.8781  pmax 31.5  (1836s)
step 125000  train 0.9725  eval 0.8775  pmax 31.7  (1850s)
  [checkpoint + sample saved at step 125000]
step 126000  train 0.9247  eval 0.9099  pmax 31.9  (1867s)
step 127000  train 0.9252  eval 0.8895  pmax 32.1  (1882s)
step 128000  train 0.8904  eval 0.8940  pmax 32.3  (1896s)
step 129000  train 0.9214  eval 0.9095  pmax 32.5  (1911s)
step 130000  train 0.9109  eval 0.9167  pmax 32.6  (1926s)
step 131000  train 0.9253  eval 0.9093  pmax 32.8  (1940s)
step 132000  train 0.9238  eval 0.8757  pmax 33.0  (1955s)
step 133000  train 0.9355  eval 0.8736  pmax 33.1  (1970s)
step 134000  train 0.9423  eval 0.8742  pmax 33.2  (1984s)
step 135000  train 0.9203  eval 0.8613  pmax 33.4  (1999s)
step 136000  train 0.9036  eval 0.8792  pmax 33.5  (2014s)
step 137000  train 0.9134  eval 0.9029  pmax 33.7  (2029s)
step 138000  train 0.9474  eval 0.8824  pmax 33.8  (2043s)
step 139000  train 0.9326  eval 0.8944  pmax 34.0  (2058s)
step 140000  train 0.9501  eval 0.8861  pmax 34.1  (2073s)
step 141000  train 0.9500  eval 0.8379  pmax 34.3  (2088s)
step 142000  train 0.9176  eval 0.8812  pmax 34.4  (2102s)
step 143000  train 0.9280  eval 0.9042  pmax 34.6  (2117s)
step 144000  train 0.9152  eval 0.8891  pmax 34.7  (2132s)
step 145000  train 0.9222  eval 0.8822  pmax 34.9  (2147s)
step 146000  train 0.9208  eval 0.9034  pmax 35.1  (2161s)
step 147000  train 0.9265  eval 0.8474  pmax 35.2  (2176s)
step 148000  train 0.9404  eval 0.9030  pmax 35.3  (2191s)
step 149000  train 0.9023  eval 0.9088  pmax 35.4  (2205s)
step 150000  train 0.9215  eval 0.8465  pmax 35.5  (2220s)
  [checkpoint + sample saved at step 150000]
step 151000  train 0.9170  eval 0.8375  pmax 35.7  (2237s)
step 152000  train 0.9244  eval 0.8544  pmax 35.8  (2251s)
step 153000  train 0.9012  eval 0.8559  pmax 36.0  (2266s)
step 154000  train 0.9329  eval 0.8673  pmax 36.1  (2281s)
step 155000  train 0.9743  eval 0.8730  pmax 36.2  (2296s)
step 156000  train 0.9383  eval 0.8748  pmax 36.3  (2311s)
step 157000  train 0.9119  eval 0.8834  pmax 36.5  (2325s)
step 158000  train 0.9405  eval 0.8497  pmax 36.6  (2340s)
step 159000  train 0.9235  eval 0.8898  pmax 36.7  (2355s)
step 160000  train 0.9296  eval 0.8697  pmax 36.9  (2370s)
step 161000  train 0.8847  eval 0.8621  pmax 37.0  (2385s)
step 162000  train 0.9004  eval 0.8776  pmax 37.1  (2400s)
step 163000  train 0.8824  eval 0.8905  pmax 37.2  (2415s)
step 164000  train 0.9102  eval 0.8406  pmax 37.3  (2429s)
step 165000  train 0.9287  eval 0.8560  pmax 37.5  (2444s)
step 166000  train 0.9333  eval 0.8900  pmax 37.6  (2460s)
step 167000  train 0.8811  eval 0.9098  pmax 37.6  (2475s)
step 168000  train 0.9003  eval 0.8558  pmax 37.8  (2490s)
step 169000  train 0.9341  eval 0.8881  pmax 37.9  (2504s)
step 170000  train 0.9176  eval 0.8823  pmax 38.0  (2519s)
step 171000  train 0.9423  eval 0.8555  pmax 38.1  (2535s)
step 172000  train 0.9412  eval 0.8790  pmax 38.2  (2549s)
step 173000  train 0.9410  eval 0.9003  pmax 38.3  (2564s)
step 174000  train 0.9150  eval 0.8365  pmax 38.4  (2579s)
step 175000  train 0.9545  eval 0.8768  pmax 38.5  (2594s)
  [checkpoint + sample saved at step 175000]
step 176000  train 0.9325  eval 0.8926  pmax 38.7  (2610s)
step 177000  train 0.9326  eval 0.8864  pmax 38.8  (2625s)
step 178000  train 0.9761  eval 0.8634  pmax 38.8  (2640s)
step 179000  train 0.8881  eval 0.8808  pmax 39.0  (2655s)
step 180000  train 0.9117  eval 0.8520  pmax 39.0  (2670s)
step 181000  train 0.9245  eval 0.8649  pmax 39.1  (2685s)
step 182000  train 0.9449  eval 0.8635  pmax 39.2  (2700s)
step 183000  train 0.9044  eval 0.8579  pmax 39.3  (2715s)
step 184000  train 0.9441  eval 0.8420  pmax 39.4  (2730s)
step 185000  train 0.8731  eval 0.8584  pmax 39.4  (2745s)
step 186000  train 0.9200  eval 0.8609  pmax 39.5  (2759s)
step 187000  train 0.8897  eval 0.8513  pmax 39.6  (2774s)
step 188000  train 0.9220  eval 0.8542  pmax 39.7  (2789s)
step 189000  train 0.9205  eval 0.8679  pmax 39.8  (2804s)
step 190000  train 0.9224  eval 0.8509  pmax 39.8  (2819s)
step 191000  train 0.9308  eval 0.8699  pmax 39.9  (2834s)
step 192000  train 0.9137  eval 0.8832  pmax 40.0  (2849s)
step 193000  train 0.9365  eval 0.8694  pmax 40.1  (2863s)
step 194000  train 0.9126  eval 0.8667  pmax 40.1  (2878s)
step 195000  train 0.9246  eval 0.8612  pmax 40.2  (2893s)
step 196000  train 0.9033  eval 0.8473  pmax 40.2  (2908s)
step 197000  train 0.9312  eval 0.8804  pmax 40.3  (2922s)
step 198000  train 0.9231  eval 0.8678  pmax 40.4  (2937s)
step 199000  train 0.9108  eval 0.8757  pmax 40.5  (2952s)
step 200000  train 0.8994  eval 0.8992  pmax 40.5  (2967s)
  [checkpoint + sample saved at step 200000]
step 201000  train 0.9164  eval 0.8454  pmax 40.6  (2984s)
step 202000  train 0.9235  eval 0.8730  pmax 40.6  (2998s)
step 203000  train 0.9158  eval 0.8662  pmax 40.7  (3012s)
step 204000  train 0.9226  eval 0.8686  pmax 40.7  (3027s)
step 205000  train 0.8888  eval 0.8846  pmax 40.8  (3042s)
step 206000  train 0.9003  eval 0.8645  pmax 40.9  (3056s)
step 207000  train 0.9199  eval 0.8513  pmax 40.9  (3071s)
step 208000  train 0.9496  eval 0.8629  pmax 41.0  (3086s)
step 209000  train 0.9161  eval 0.8912  pmax 41.0  (3101s)
step 210000  train 0.8809  eval 0.8971  pmax 41.1  (3115s)
step 211000  train 0.9361  eval 0.8698  pmax 41.1  (3129s)
step 212000  train 0.9373  eval 0.8512  pmax 41.2  (3144s)
step 213000  train 0.9436  eval 0.8595  pmax 41.2  (3158s)
step 214000  train 0.9303  eval 0.8680  pmax 41.3  (3173s)
step 215000  train 0.9394  eval 0.8768  pmax 41.4  (3187s)
step 216000  train 0.9232  eval 0.8511  pmax 41.5  (3202s)
step 217000  train 0.8965  eval 0.8505  pmax 41.6  (3216s)
step 218000  train 0.9177  eval 0.8795  pmax 41.7  (3231s)
step 219000  train 0.9072  eval 0.8814  pmax 41.7  (3245s)
step 220000  train 0.9382  eval 0.8293  pmax 41.8  (3260s)
step 221000  train 0.9163  eval 0.8940  pmax 41.9  (3274s)
step 222000  train 0.8989  eval 0.8776  pmax 42.0  (3289s)
step 223000  train 0.9017  eval 0.8760  pmax 42.0  (3303s)
step 224000  train 0.8914  eval 0.8623  pmax 42.1  (3317s)
step 225000  train 0.9035  eval 0.8895  pmax 42.2  (3332s)
  [checkpoint + sample saved at step 225000]
step 226000  train 0.9300  eval 0.8961  pmax 42.2  (3349s)
step 227000  train 0.9068  eval 0.8713  pmax 42.3  (3363s)
step 228000  train 0.9157  eval 0.8421  pmax 42.4  (3378s)
step 229000  train 0.9052  eval 0.8685  pmax 42.4  (3393s)
step 230000  train 0.9132  eval 0.8874  pmax 42.5  (3407s)
step 231000  train 0.9160  eval 0.8804  pmax 42.6  (3422s)
step 232000  train 0.9429  eval 0.8767  pmax 42.7  (3436s)
step 233000  train 0.9263  eval 0.8583  pmax 42.7  (3450s)
step 234000  train 0.9078  eval 0.8270  pmax 42.8  (3465s)
step 235000  train 0.9160  eval 0.8904  pmax 42.8  (3479s)
step 236000  train 0.9439  eval 0.8495  pmax 42.9  (3494s)
step 237000  train 0.8964  eval 0.8923  pmax 42.9  (3509s)
step 238000  train 0.9242  eval 0.8413  pmax 43.0  (3523s)
step 239000  train 0.8883  eval 0.8575  pmax 43.0  (3538s)
step 240000  train 0.9032  eval 0.8679  pmax 43.1  (3552s)
step 241000  train 0.9037  eval 0.8885  pmax 43.1  (3566s)
step 242000  train 0.8912  eval 0.8949  pmax 43.2  (3581s)
step 243000  train 0.9195  eval 0.8911  pmax 43.2  (3595s)
step 244000  train 0.9102  eval 0.8677  pmax 43.3  (3610s)
step 245000  train 0.8812  eval 0.9147  pmax 43.3  (3624s)
step 246000  train 0.9093  eval 0.8997  pmax 43.4  (3639s)
step 247000  train 0.9194  eval 0.8425  pmax 43.4  (3653s)
step 248000  train 0.9300  eval 0.8553  pmax 43.4  (3668s)
step 249000  train 0.9197  eval 0.8643  pmax 43.5  (3682s)
step 250000  train 0.8987  eval 0.8665  pmax 43.5  (3696s)
  [checkpoint + sample saved at step 250000]
step 251000  train 0.9164  eval 0.8549  pmax 43.5  (3713s)
step 252000  train 0.9193  eval 0.8444  pmax 43.6  (3727s)
step 253000  train 0.8942  eval 0.8375  pmax 43.6  (3741s)
step 254000  train 0.9419  eval 0.8456  pmax 43.6  (3756s)
step 255000  train 0.8998  eval 0.8697  pmax 43.7  (3770s)
step 256000  train 0.9028  eval 0.8347  pmax 43.7  (3784s)
step 257000  train 0.9312  eval 0.8745  pmax 43.7  (3799s)
step 258000  train 0.8977  eval 0.8535  pmax 43.7  (3813s)
step 259000  train 0.8865  eval 0.8362  pmax 43.8  (3828s)
step 260000  train 0.9188  eval 0.8626  pmax 43.8  (3843s)
step 261000  train 0.9191  eval 0.8456  pmax 43.8  (3858s)
step 262000  train 0.9270  eval 0.8900  pmax 43.8  (3872s)
step 263000  train 0.9088  eval 0.8366  pmax 43.8  (3886s)
step 264000  train 0.9053  eval 0.8684  pmax 43.9  (3901s)
step 265000  train 0.8959  eval 0.8547  pmax 43.9  (3915s)
step 266000  train 0.8943  eval 0.8652  pmax 43.9  (3930s)
step 267000  train 0.9308  eval 0.8764  pmax 43.9  (3945s)
step 268000  train 0.9018  eval 0.8818  pmax 43.9  (3959s)
step 269000  train 0.8905  eval 0.8876  pmax 43.9  (3974s)
step 270000  train 0.9087  eval 0.8515  pmax 43.9  (3988s)
step 271000  train 0.8765  eval 0.8310  pmax 43.9  (4002s)
step 272000  train 0.9581  eval 0.8434  pmax 44.0  (4017s)
step 273000  train 0.8935  eval 0.8540  pmax 44.0  (4031s)
step 274000  train 0.9157  eval 0.8658  pmax 44.0  (4046s)
step 275000  train 0.8948  eval 0.8772  pmax 44.0  (4060s)
  [checkpoint + sample saved at step 275000]
step 276000  train 0.8818  eval 0.8594  pmax 44.0  (4077s)
step 277000  train 0.9122  eval 0.8743  pmax 44.0  (4091s)
step 278000  train 0.8988  eval 0.8438  pmax 44.0  (4106s)
step 279000  train 0.9197  eval 0.8394  pmax 44.0  (4120s)
step 280000  train 0.8986  eval 0.8760  pmax 44.0  (4135s)
step 281000  train 0.9089  eval 0.8671  pmax 44.0  (4149s)
step 282000  train 0.9374  eval 0.8464  pmax 44.0  (4164s)
step 283000  train 0.9272  eval 0.8532  pmax 44.0  (4178s)
step 284000  train 0.8958  eval 0.8633  pmax 44.0  (4193s)
step 285000  train 0.8936  eval 0.8657  pmax 44.0  (4207s)
step 286000  train 0.9138  eval 0.8630  pmax 44.0  (4222s)
step 287000  train 0.9210  eval 0.8595  pmax 44.1  (4236s)
step 288000  train 0.9101  eval 0.8182  pmax 44.1  (4251s)
step 289000  train 0.8880  eval 0.8900  pmax 44.1  (4265s)
step 290000  train 0.9032  eval 0.8565  pmax 44.1  (4280s)
step 291000  train 0.8955  eval 0.8919  pmax 44.1  (4294s)
step 292000  train 0.8874  eval 0.8573  pmax 44.1  (4309s)
step 293000  train 0.8893  eval 0.8789  pmax 44.1  (4323s)
step 294000  train 0.8974  eval 0.8709  pmax 44.1  (4338s)
step 295000  train 0.9168  eval 0.8729  pmax 44.1  (4353s)
step 296000  train 0.9380  eval 0.8545  pmax 44.1  (4367s)
step 297000  train 0.9014  eval 0.8564  pmax 44.1  (4382s)
step 298000  train 0.9137  eval 0.8760  pmax 44.1  (4396s)
step 299000  train 0.9132  eval 0.8555  pmax 44.1  (4411s)
step 300000  train 0.8669  eval 0.8828  pmax 44.1  (4425s)
  [checkpoint + sample saved at step 300000]
done. artifacts in /home/luke/Wavelet-State-KAN/checkpoints/wskan11real_tinystories_100k_3ep_s2024
