/home/luke/Wavelet-State-KAN/experiments/V1_train_tinystories_lm.py:107: UserWarning: The given buffer is not writable, and PyTorch does not support non-writable tensors. This means you can write to the underlying (supposedly non-writable) buffer using the tensor. You may want to copy the buffer to protect its data or make it writable before converting it to a tensor. This type of warning will be suppressed for the rest of this program. (Triggered internally at /__w/pytorch/pytorch/torch/csrc/utils/tensor_new.cpp:1556.)
  train_ids = torch.frombuffer(train_text.encode("utf-8", errors="ignore"), dtype=torch.uint8)
train bytes: 1,195,926,439  eval bytes: 2,859,070
model: wskan7bc  params: 985,956  device: cuda
W0914 21:36:53.226000 799093 .venv/lib/python3.12/site-packages/torch/_inductor/utils.py:1806] [0/0] Not enough SMs to use max_autotune_gemm mode
step     1  train 5.5540  eval 5.4592  pmax 18.9  (24s)
step  1000  train 1.4032  eval 1.4507  pmax 18.9  (1568s)
step  2000  train 1.2167  eval 1.2471  pmax 19.0  (3146s)
step  3000  train 1.2204  eval 1.2301  pmax 19.0  (4641s)
step  4000  train 1.1837  eval 1.1228  pmax 19.0  (6155s)
step  5000  train 1.1491  eval 1.1470  pmax 19.0  (7661s)
step  6000  train 1.1278  eval 1.1521  pmax 19.0  (9184s)
step  7000  train 1.1113  eval 1.1009  pmax 19.0  (10615s)
step  8000  train 1.0815  eval 1.0873  pmax 19.1  (12054s)
step  9000  train 1.0963  eval 1.1153  pmax 19.1  (13485s)
step 10000  train 1.1051  eval 1.0895  pmax 19.2  (14912s)
  [checkpoint + sample saved at step 10000]
step 11000  train 1.0295  eval 1.0519  pmax 19.2  (16364s)
step 12000  train 1.0068  eval 1.0974  pmax 19.3  (17791s)
step 13000  train 1.0657  eval 1.1083  pmax 19.3  (19227s)
step 14000  train 1.0431  eval 1.0252  pmax 19.4  (20662s)
step 15000  train 1.0251  eval 1.1127  pmax 19.4  (22101s)
step 16000  train 1.0370  eval 1.0244  pmax 19.5  (23534s)
step 17000  train 1.0549  eval 1.0252  pmax 19.6  (24983s)
step 18000  train 1.0371  eval 1.0130  pmax 19.6  (26410s)
step 19000  train 0.9738  eval 1.0476  pmax 19.6  (27835s)
step 20000  train 1.0284  eval 1.0375  pmax 19.6  (29273s)
  [checkpoint + sample saved at step 20000]
step 21000  train 0.9921  eval 1.0429  pmax 19.6  (30709s)
step 22000  train 1.0635  eval 1.0047  pmax 19.7  (32149s)
step 23000  train 1.0400  eval 1.0292  pmax 19.7  (33594s)
step 24000  train 1.0174  eval 0.9888  pmax 19.7  (35030s)
step 25000  train 0.9855  eval 0.9862  pmax 19.7  (36465s)
step 26000  train 0.9834  eval 1.0155  pmax 19.7  (37905s)
step 27000  train 1.0120  eval 1.0731  pmax 19.7  (39343s)
step 28000  train 0.9493  eval 0.9468  pmax 19.7  (40787s)
step 29000  train 1.0231  eval 1.0339  pmax 19.7  (42235s)
step 30000  train 1.0212  eval 1.0017  pmax 19.7  (43672s)
  [checkpoint + sample saved at step 30000]
step 31000  train 0.9985  eval 1.0267  pmax 19.7  (45134s)
step 32000  train 0.9226  eval 0.9950  pmax 19.7  (46570s)
step 33000  train 0.9902  eval 1.0188  pmax 19.7  (48017s)
step 34000  train 1.0114  eval 0.9608  pmax 19.7  (49467s)
step 35000  train 0.9917  eval 1.0254  pmax 19.7  (50910s)
step 36000  train 0.9568  eval 1.0597  pmax 19.7  (52360s)
step 37000  train 0.9235  eval 0.9466  pmax 19.7  (53807s)
step 38000  train 1.0211  eval 1.0038  pmax 19.7  (55258s)
step 39000  train 0.9895  eval 1.0080  pmax 19.7  (56698s)
step 40000  train 1.0069  eval 0.9732  pmax 19.7  (58136s)
  [checkpoint + sample saved at step 40000]
step 41000  train 0.9668  eval 1.0326  pmax 19.7  (59587s)
step 42000  train 0.9553  eval 0.9651  pmax 19.7  (61024s)
step 43000  train 0.9510  eval 0.9961  pmax 19.7  (62463s)
step 44000  train 1.0080  eval 0.9536  pmax 19.7  (63900s)
step 45000  train 0.9812  eval 0.9966  pmax 19.7  (65341s)
step 46000  train 0.9762  eval 0.9658  pmax 19.7  (66792s)
step 47000  train 1.0417  eval 0.9758  pmax 19.7  (68240s)
step 48000  train 0.9475  eval 0.9588  pmax 19.7  (69812s)
step 49000  train 0.9543  eval 0.9717  pmax 19.7  (71288s)
step 50000  train 1.0044  eval 0.9204  pmax 19.7  (72716s)
  [checkpoint + sample saved at step 50000]
step 51000  train 0.9093  eval 0.9379  pmax 19.7  (74292s)
step 52000  train 0.9997  eval 0.9798  pmax 19.7  (75723s)
step 53000  train 1.0122  eval 0.9643  pmax 19.7  (77283s)
step 54000  train 0.9459  eval 0.9992  pmax 19.7  (78862s)
  [checkpoint + sample saved at step 54000]
done. artifacts in /home/luke/Wavelet-State-KAN/checkpoints/wskan7bc_ultrachat_1m_3ep_s2024
