/home/luke/Wavelet-State-KAN/experiments/V1_train_tinystories_lm.py:107: UserWarning: The given buffer is not writable, and PyTorch does not support non-writable tensors. This means you can write to the underlying (supposedly non-writable) buffer using the tensor. You may want to copy the buffer to protect its data or make it writable before converting it to a tensor. This type of warning will be suppressed for the rest of this program. (Triggered internally at /__w/pytorch/pytorch/torch/csrc/utils/tensor_new.cpp:1556.)
  train_ids = torch.frombuffer(train_text.encode("utf-8", errors="ignore"), dtype=torch.uint8)
train bytes: 542,898,247  eval bytes: 130,357
model: wskan7bcreal  params: 985,956  device: cuda
W0916 23:24:39.048000 1417813 .venv/lib/python3.12/site-packages/torch/_inductor/utils.py:1806] [0/1] Not enough SMs to use max_autotune_gemm mode
step     1  train 5.5223  eval 5.4012  pmax 3.0  (16s)
step  1000  train 1.4678  eval 1.4567  pmax 3.1  (803s)
step  2000  train 1.3845  eval 1.3763  pmax 3.2  (1576s)
step  3000  train 1.3679  eval 1.3493  pmax 3.2  (2326s)
step  4000  train 1.3436  eval 1.3159  pmax 3.3  (3034s)
step  5000  train 1.2827  eval 1.3382  pmax 3.3  (3736s)
step  6000  train 1.2767  eval 1.2658  pmax 3.4  (4436s)
step  7000  train 1.2924  eval 1.2928  pmax 3.4  (5149s)
step  8000  train 1.2705  eval 1.2900  pmax 3.4  (5857s)
step  9000  train 1.2599  eval 1.2188  pmax 3.5  (6553s)
step 10000  train 1.2849  eval 1.3197  pmax 3.5  (7247s)
  [checkpoint + sample saved at step 10000]
step 11000  train 1.2939  eval 1.2476  pmax 3.5  (7959s)
step 12000  train 1.2424  eval 1.2104  pmax 3.5  (8679s)
step 13000  train 1.2137  eval 1.2575  pmax 3.6  (9378s)
step 14000  train 1.2487  eval 1.2836  pmax 3.6  (10090s)
step 15000  train 1.2412  eval 1.2153  pmax 3.6  (10791s)
step 16000  train 1.2353  eval 1.2540  pmax 3.6  (11493s)
step 17000  train 1.2625  eval 1.2924  pmax 3.6  (12192s)
step 18000  train 1.2421  eval 1.2424  pmax 3.7  (12889s)
step 19000  train 1.2831  eval 1.2386  pmax 3.7  (13585s)
step 20000  train 1.2188  eval 1.2258  pmax 3.7  (14276s)
  [checkpoint + sample saved at step 20000]
step 21000  train 1.2329  eval 1.2703  pmax 3.7  (14987s)
step 22000  train 1.1888  eval 1.2160  pmax 3.7  (15699s)
step 23000  train 1.2477  eval 1.1991  pmax 3.7  (16399s)
step 24000  train 1.2060  eval 1.2026  pmax 3.7  (17102s)
step 25000  train 1.1961  eval 1.2249  pmax 3.7  (17810s)
step 26000  train 1.2135  eval 1.1861  pmax 3.8  (18522s)
step 27000  train 1.1697  eval 1.1921  pmax 3.8  (19230s)
step 28000  train 1.2064  eval 1.2347  pmax 3.8  (19919s)
step 29000  train 1.1918  eval 1.1813  pmax 3.8  (20617s)
step 30000  train 1.2245  eval 1.1779  pmax 3.8  (21327s)
  [checkpoint + sample saved at step 30000]
step 31000  train 1.2040  eval 1.1883  pmax 3.8  (22045s)
step 32000  train 1.2255  eval 1.1901  pmax 3.8  (22758s)
step 33000  train 1.1583  eval 1.2140  pmax 3.9  (23475s)
step 34000  train 1.1391  eval 1.1993  pmax 3.9  (24177s)
step 35000  train 1.1773  eval 1.1848  pmax 3.9  (24869s)
step 36000  train 1.1642  eval 1.1727  pmax 3.9  (25570s)
step 37000  train 1.1967  eval 1.2112  pmax 3.9  (26274s)
step 38000  train 1.1770  eval 1.1769  pmax 3.9  (26977s)
step 39000  train 1.1463  eval 1.1615  pmax 3.9  (27668s)
step 40000  train 1.1442  eval 1.1771  pmax 3.9  (28368s)
  [checkpoint + sample saved at step 40000]
step 41000  train 1.1617  eval 1.1722  pmax 3.9  (29084s)
step 42000  train 1.1752  eval 1.1699  pmax 3.9  (29780s)
step 43000  train 1.1633  eval 1.1717  pmax 3.9  (30477s)
step 44000  train 1.1308  eval 1.1807  pmax 3.9  (31177s)
step 45000  train 1.1694  eval 1.1685  pmax 3.9  (31879s)
step 46000  train 1.1677  eval 1.1989  pmax 3.9  (32587s)
step 47000  train 1.1380  eval 1.1542  pmax 4.0  (33307s)
step 48000  train 1.1867  eval 1.1841  pmax 4.0  (34005s)
step 49000  train 1.1509  eval 1.1388  pmax 4.0  (34707s)
step 50000  train 1.1574  eval 1.1861  pmax 4.0  (35406s)
  [checkpoint + sample saved at step 50000]
step 51000  train 1.1584  eval 1.1852  pmax 4.0  (36130s)
step 52000  train 1.2126  eval 1.1736  pmax 4.0  (36826s)
step 53000  train 1.1232  eval 1.1716  pmax 4.0  (37511s)
step 54000  train 1.1565  eval 1.1741  pmax 4.0  (38211s)
step 55000  train 1.1720  eval 1.1791  pmax 4.0  (38908s)
step 56000  train 1.1460  eval 1.1878  pmax 4.0  (39592s)
step 57000  train 1.1474  eval 1.1695  pmax 4.0  (40289s)
step 58000  train 1.1365  eval 1.2014  pmax 4.0  (40988s)
step 59000  train 1.1834  eval 1.1596  pmax 4.0  (41698s)
step 60000  train 1.1464  eval 1.1548  pmax 4.0  (42398s)
  [checkpoint + sample saved at step 60000]
step 61000  train 1.1578  eval 1.1593  pmax 4.0  (43122s)
step 62000  train 1.1344  eval 1.1336  pmax 4.0  (43826s)
step 63000  train 1.1775  eval 1.1855  pmax 4.0  (44540s)
step 64000  train 1.1665  eval 1.1297  pmax 4.0  (45247s)
step 65000  train 1.1498  eval 1.1800  pmax 4.0  (45945s)
step 66000  train 1.1607  eval 1.2016  pmax 4.0  (46643s)
  [checkpoint + sample saved at step 66000]
done. artifacts in /home/luke/Wavelet-State-KAN/checkpoints/wskan7bcreal_wikitext_1m_3ep_s31337
