/home/luke/Wavelet-State-KAN/experiments/V1_train_tinystories_lm.py:107: UserWarning: The given buffer is not writable, and PyTorch does not support non-writable tensors. This means you can write to the underlying (supposedly non-writable) buffer using the tensor. You may want to copy the buffer to protect its data or make it writable before converting it to a tensor. This type of warning will be suppressed for the rest of this program. (Triggered internally at /__w/pytorch/pytorch/torch/csrc/utils/tensor_new.cpp:1556.)
  train_ids = torch.frombuffer(train_text.encode("utf-8", errors="ignore"), dtype=torch.uint8)
train bytes: 1,195,926,439  eval bytes: 2,859,070
model: wskan7bcreal  params: 985,956  device: cuda
W0915 19:32:02.156000 954303 .venv/lib/python3.12/site-packages/torch/_inductor/utils.py:1806] [0/1] Not enough SMs to use max_autotune_gemm mode
step     1  train 5.5541  eval 5.4570  pmax 3.0  (18s)
step  1000  train 1.4159  eval 1.4506  pmax 3.3  (1568s)
step  2000  train 1.2470  eval 1.2727  pmax 3.5  (3116s)
step  3000  train 1.2548  eval 1.2660  pmax 3.5  (4697s)
step  4000  train 1.2180  eval 1.1538  pmax 3.6  (6265s)
step  5000  train 1.1823  eval 1.1898  pmax 3.6  (7767s)
step  6000  train 1.1666  eval 1.1873  pmax 3.7  (9305s)
step  7000  train 1.1467  eval 1.1367  pmax 3.7  (10872s)
step  8000  train 1.1143  eval 1.1294  pmax 3.8  (12425s)
step  9000  train 1.1331  eval 1.1515  pmax 3.8  (13977s)
step 10000  train 1.1439  eval 1.1248  pmax 3.8  (15528s)
  [checkpoint + sample saved at step 10000]
step 11000  train 1.0604  eval 1.0925  pmax 3.9  (17097s)
step 12000  train 1.0413  eval 1.1278  pmax 3.9  (18632s)
step 13000  train 1.1011  eval 1.1386  pmax 3.9  (20135s)
step 14000  train 1.0747  eval 1.0599  pmax 3.9  (21609s)
step 15000  train 1.0570  eval 1.1483  pmax 4.0  (23019s)
step 16000  train 1.0718  eval 1.0587  pmax 4.0  (24414s)
step 17000  train 1.0859  eval 1.0654  pmax 4.0  (25807s)
step 18000  train 1.0661  eval 1.0384  pmax 4.0  (27212s)
step 19000  train 1.0008  eval 1.0722  pmax 4.0  (28614s)
step 20000  train 1.0644  eval 1.0689  pmax 4.1  (30026s)
  [checkpoint + sample saved at step 20000]
step 21000  train 1.0224  eval 1.0680  pmax 4.1  (31434s)
step 22000  train 1.0949  eval 1.0332  pmax 4.1  (32839s)
step 23000  train 1.0663  eval 1.0605  pmax 4.1  (34242s)
step 24000  train 1.0489  eval 1.0213  pmax 4.1  (35636s)
step 25000  train 1.0221  eval 1.0134  pmax 4.1  (37042s)
step 26000  train 1.0130  eval 1.0452  pmax 4.1  (38436s)
step 27000  train 1.0378  eval 1.1030  pmax 4.1  (39835s)
step 28000  train 0.9753  eval 0.9743  pmax 4.1  (41231s)
step 29000  train 1.0573  eval 1.0592  pmax 4.1  (42635s)
step 30000  train 1.0529  eval 1.0390  pmax 4.2  (44031s)
  [checkpoint + sample saved at step 30000]
step 31000  train 1.0265  eval 1.0577  pmax 4.2  (45447s)
step 32000  train 0.9515  eval 1.0203  pmax 4.2  (46855s)
step 33000  train 1.0221  eval 1.0484  pmax 4.2  (48261s)
step 34000  train 1.0348  eval 0.9849  pmax 4.2  (49646s)
step 35000  train 1.0209  eval 1.0622  pmax 4.2  (51036s)
step 36000  train 0.9914  eval 1.0839  pmax 4.2  (52429s)
step 37000  train 0.9576  eval 0.9799  pmax 4.2  (53826s)
step 38000  train 1.0496  eval 1.0295  pmax 4.2  (55217s)
step 39000  train 1.0153  eval 1.0397  pmax 4.2  (56611s)
step 40000  train 1.0284  eval 0.9975  pmax 4.2  (57998s)
  [checkpoint + sample saved at step 40000]
step 41000  train 0.9992  eval 1.0566  pmax 4.2  (59392s)
step 42000  train 0.9830  eval 0.9952  pmax 4.2  (60789s)
step 43000  train 0.9807  eval 1.0198  pmax 4.2  (62180s)
step 44000  train 1.0344  eval 0.9840  pmax 4.2  (63581s)
step 45000  train 1.0090  eval 1.0257  pmax 4.2  (64973s)
step 46000  train 1.0005  eval 0.9890  pmax 4.2  (66388s)
step 47000  train 1.0637  eval 1.0063  pmax 4.2  (67777s)
step 48000  train 0.9700  eval 0.9860  pmax 4.2  (69169s)
step 49000  train 0.9808  eval 0.9950  pmax 4.2  (70559s)
step 50000  train 1.0284  eval 0.9408  pmax 4.2  (71964s)
  [checkpoint + sample saved at step 50000]
step 51000  train 0.9352  eval 0.9594  pmax 4.2  (73435s)
step 52000  train 1.0250  eval 1.0008  pmax 4.2  (74942s)
step 53000  train 1.0350  eval 0.9945  pmax 4.2  (76437s)
step 54000  train 0.9691  eval 1.0248  pmax 4.2  (77943s)
  [checkpoint + sample saved at step 54000]
done. artifacts in /home/luke/Wavelet-State-KAN/checkpoints/wskan7bcreal_ultrachat_1m_3ep_s2024
