/home/luke/Wavelet-State-KAN/experiments/V1_train_tinystories_lm.py:107: UserWarning: The given buffer is not writable, and PyTorch does not support non-writable tensors. This means you can write to the underlying (supposedly non-writable) buffer using the tensor. You may want to copy the buffer to protect its data or make it writable before converting it to a tensor. This type of warning will be suppressed for the rest of this program. (Triggered internally at /__w/pytorch/pytorch/torch/csrc/utils/tensor_new.cpp:1556.)
  train_ids = torch.frombuffer(train_text.encode("utf-8", errors="ignore"), dtype=torch.uint8)
train bytes: 1,905,061,325  eval bytes: 405,730
model: wskan11real  params: 12,546  device: cuda
step     1  train 5.5447  eval 5.5221  pmax 3.0  (8s)
step  1000  train 1.8244  eval 1.8266  pmax 2.6  (17s)
step  2000  train 1.7489  eval 1.7264  pmax 4.1  (26s)
step  3000  train 1.7041  eval 1.6830  pmax 5.2  (36s)
step  4000  train 1.7343  eval 1.6479  pmax 6.5  (46s)
step  5000  train 1.6464  eval 1.6555  pmax 7.7  (55s)
step  6000  train 1.6565  eval 1.6035  pmax 8.7  (64s)
step  7000  train 1.6065  eval 1.5891  pmax 9.8  (74s)
step  8000  train 1.6476  eval 1.6147  pmax 10.8  (83s)
step  9000  train 1.6435  eval 1.5956  pmax 11.8  (92s)
step 10000  train 1.6392  eval 1.6093  pmax 13.0  (102s)
step 11000  train 1.6136  eval 1.6014  pmax 14.2  (111s)
step 12000  train 1.6265  eval 1.6120  pmax 15.3  (120s)
step 13000  train 1.6074  eval 1.5742  pmax 16.4  (130s)
step 14000  train 1.5885  eval 1.5931  pmax 17.4  (140s)
step 15000  train 1.6143  eval 1.5907  pmax 18.4  (149s)
step 16000  train 1.5959  eval 1.5758  pmax 19.5  (159s)
step 17000  train 1.6081  eval 1.5661  pmax 20.3  (168s)
step 18000  train 1.5919  eval 1.5672  pmax 21.2  (177s)
step 19000  train 1.6304  eval 1.5685  pmax 22.0  (187s)
step 20000  train 1.6016  eval 1.6017  pmax 22.7  (196s)
step 21000  train 1.6333  eval 1.5760  pmax 23.4  (206s)
step 22000  train 1.6048  eval 1.5411  pmax 23.7  (215s)
step 23000  train 1.5863  eval 1.5422  pmax 24.3  (225s)
step 24000  train 1.6181  eval 1.5428  pmax 24.6  (234s)
step 25000  train 1.6101  eval 1.5358  pmax 24.9  (244s)
  [checkpoint + sample saved at step 25000]
step 26000  train 1.5871  eval 1.5426  pmax 25.3  (255s)
step 27000  train 1.5957  eval 1.5524  pmax 25.7  (265s)
step 28000  train 1.6108  eval 1.5374  pmax 26.0  (274s)
step 29000  train 1.5856  eval 1.5425  pmax 26.1  (284s)
step 30000  train 1.5956  eval 1.5636  pmax 26.3  (293s)
step 31000  train 1.5881  eval 1.5418  pmax 26.4  (303s)
step 32000  train 1.5758  eval 1.5421  pmax 26.5  (312s)
step 33000  train 1.5670  eval 1.5465  pmax 26.6  (321s)
step 34000  train 1.5913  eval 1.5667  pmax 26.8  (330s)
step 35000  train 1.5517  eval 1.5296  pmax 26.9  (339s)
step 36000  train 1.5938  eval 1.5453  pmax 27.0  (349s)
step 37000  train 1.5803  eval 1.5695  pmax 27.0  (359s)
step 38000  train 1.5669  eval 1.5410  pmax 27.1  (369s)
step 39000  train 1.5597  eval 1.5572  pmax 27.2  (378s)
step 40000  train 1.5284  eval 1.5389  pmax 27.2  (388s)
step 41000  train 1.5892  eval 1.5403  pmax 27.3  (397s)
step 42000  train 1.5485  eval 1.5173  pmax 27.5  (407s)
step 43000  train 1.5746  eval 1.5208  pmax 27.6  (416s)
step 44000  train 1.5326  eval 1.4984  pmax 27.6  (426s)
step 45000  train 1.5812  eval 1.5597  pmax 27.7  (435s)
step 46000  train 1.5451  eval 1.5163  pmax 27.7  (444s)
step 47000  train 1.5512  eval 1.5320  pmax 27.8  (454s)
step 48000  train 1.5774  eval 1.5760  pmax 27.8  (464s)
step 49000  train 1.5850  eval 1.5193  pmax 27.8  (473s)
step 50000  train 1.5618  eval 1.5328  pmax 27.9  (483s)
  [checkpoint + sample saved at step 50000]
step 51000  train 1.5456  eval 1.5011  pmax 27.9  (493s)
step 52000  train 1.5805  eval 1.5550  pmax 27.9  (503s)
step 53000  train 1.5789  eval 1.4858  pmax 28.0  (512s)
step 54000  train 1.5324  eval 1.5274  pmax 28.0  (521s)
step 55000  train 1.5716  eval 1.5314  pmax 28.0  (530s)
step 56000  train 1.5304  eval 1.4999  pmax 28.0  (540s)
step 57000  train 1.5812  eval 1.5355  pmax 28.0  (549s)
step 58000  train 1.5655  eval 1.5387  pmax 28.0  (559s)
step 59000  train 1.5913  eval 1.5347  pmax 28.0  (569s)
step 60000  train 1.5653  eval 1.5576  pmax 28.0  (578s)
  [checkpoint + sample saved at step 60000]
done. artifacts in /home/luke/Wavelet-State-KAN/checkpoints/wskan11real_tinystories_10k_3ep_s2024
