/home/luke/Wavelet-State-KAN/experiments/V1_train_tinystories_lm.py:107: UserWarning: The given buffer is not writable, and PyTorch does not support non-writable tensors. This means you can write to the underlying (supposedly non-writable) buffer using the tensor. You may want to copy the buffer to protect its data or make it writable before converting it to a tensor. This type of warning will be suppressed for the rest of this program. (Triggered internally at /__w/pytorch/pytorch/torch/csrc/utils/tensor_new.cpp:1556.)
  train_ids = torch.frombuffer(train_text.encode("utf-8", errors="ignore"), dtype=torch.uint8)
train bytes: 1,905,061,325  eval bytes: 405,730
model: wskan11real  params: 12,546  device: cuda
step     1  train 5.5498  eval 5.5278  pmax 3.0  (8s)
step  1000  train 1.8430  eval 1.8128  pmax 3.6  (18s)
step  2000  train 1.7749  eval 1.7307  pmax 5.6  (28s)
step  3000  train 1.7135  eval 1.6769  pmax 6.6  (37s)
step  4000  train 1.6771  eval 1.6887  pmax 7.9  (46s)
step  5000  train 1.6036  eval 1.6351  pmax 8.7  (54s)
step  6000  train 1.6175  eval 1.6092  pmax 9.2  (64s)
step  7000  train 1.6337  eval 1.5955  pmax 10.4  (73s)
step  8000  train 1.6390  eval 1.5959  pmax 10.8  (81s)
step  9000  train 1.6514  eval 1.5590  pmax 11.3  (90s)
step 10000  train 1.6390  eval 1.5674  pmax 11.7  (99s)
step 11000  train 1.6301  eval 1.5711  pmax 11.9  (108s)
step 12000  train 1.6175  eval 1.5613  pmax 11.9  (117s)
step 13000  train 1.6042  eval 1.5777  pmax 12.0  (126s)
step 14000  train 1.5879  eval 1.5775  pmax 12.0  (135s)
step 15000  train 1.6157  eval 1.5871  pmax 12.0  (144s)
step 16000  train 1.6024  eval 1.5941  pmax 12.4  (154s)
step 17000  train 1.6230  eval 1.5339  pmax 12.9  (163s)
step 18000  train 1.5948  eval 1.5631  pmax 13.0  (172s)
step 19000  train 1.6182  eval 1.5633  pmax 12.8  (181s)
step 20000  train 1.5974  eval 1.5432  pmax 12.7  (190s)
step 21000  train 1.5866  eval 1.5323  pmax 12.5  (199s)
step 22000  train 1.6021  eval 1.5410  pmax 12.5  (208s)
step 23000  train 1.5670  eval 1.5801  pmax 12.7  (218s)
step 24000  train 1.6044  eval 1.5262  pmax 12.9  (227s)
step 25000  train 1.5711  eval 1.5244  pmax 13.1  (236s)
  [checkpoint + sample saved at step 25000]
step 26000  train 1.5558  eval 1.5422  pmax 13.2  (246s)
step 27000  train 1.5646  eval 1.5264  pmax 13.4  (255s)
step 28000  train 1.5752  eval 1.5148  pmax 13.6  (264s)
step 29000  train 1.5692  eval 1.5420  pmax 13.7  (273s)
step 30000  train 1.5959  eval 1.5473  pmax 13.8  (282s)
step 31000  train 1.5594  eval 1.5579  pmax 13.9  (292s)
step 32000  train 1.5683  eval 1.5437  pmax 14.0  (301s)
step 33000  train 1.6061  eval 1.5000  pmax 14.1  (310s)
step 34000  train 1.5590  eval 1.5046  pmax 14.2  (319s)
step 35000  train 1.5731  eval 1.5097  pmax 14.3  (328s)
step 36000  train 1.5264  eval 1.5232  pmax 14.4  (337s)
step 37000  train 1.5676  eval 1.5483  pmax 14.4  (346s)
step 38000  train 1.5714  eval 1.5125  pmax 14.5  (355s)
step 39000  train 1.5693  eval 1.4931  pmax 14.5  (364s)
step 40000  train 1.5526  eval 1.5257  pmax 14.6  (373s)
step 41000  train 1.5429  eval 1.5366  pmax 14.6  (382s)
step 42000  train 1.5577  eval 1.4935  pmax 14.6  (391s)
step 43000  train 1.5738  eval 1.5105  pmax 14.7  (400s)
step 44000  train 1.5573  eval 1.4973  pmax 14.7  (408s)
step 45000  train 1.5745  eval 1.5238  pmax 14.7  (417s)
step 46000  train 1.5589  eval 1.5000  pmax 14.8  (425s)
step 47000  train 1.5521  eval 1.5365  pmax 14.8  (434s)
step 48000  train 1.5860  eval 1.5209  pmax 14.8  (443s)
step 49000  train 1.6134  eval 1.4979  pmax 14.8  (452s)
step 50000  train 1.5679  eval 1.4997  pmax 14.8  (461s)
  [checkpoint + sample saved at step 50000]
step 51000  train 1.5606  eval 1.5216  pmax 14.8  (471s)
step 52000  train 1.5048  eval 1.5225  pmax 14.9  (480s)
step 53000  train 1.5501  eval 1.5639  pmax 14.9  (489s)
step 54000  train 1.5423  eval 1.5389  pmax 14.9  (498s)
step 55000  train 1.5292  eval 1.5084  pmax 14.9  (507s)
step 56000  train 1.5160  eval 1.5296  pmax 14.9  (516s)
step 57000  train 1.5421  eval 1.4921  pmax 14.9  (526s)
step 58000  train 1.5311  eval 1.5319  pmax 14.9  (535s)
step 59000  train 1.5330  eval 1.5274  pmax 14.9  (544s)
step 60000  train 1.5569  eval 1.5102  pmax 14.9  (553s)
  [checkpoint + sample saved at step 60000]
done. artifacts in /home/luke/Wavelet-State-KAN/checkpoints/wskan11real_tinystories_10k_3ep_s42
