/home/luke/Wavelet-State-KAN/experiments/V1_train_tinystories_lm.py:107: UserWarning: The given buffer is not writable, and PyTorch does not support non-writable tensors. This means you can write to the underlying (supposedly non-writable) buffer using the tensor. You may want to copy the buffer to protect its data or make it writable before converting it to a tensor. This type of warning will be suppressed for the rest of this program. (Triggered internally at /__w/pytorch/pytorch/torch/csrc/utils/tensor_new.cpp:1556.)
  train_ids = torch.frombuffer(train_text.encode("utf-8", errors="ignore"), dtype=torch.uint8)
train bytes: 1,905,061,325  eval bytes: 405,730
model: wskan11  params: 3,610  device: cuda
step     1  train 5.5350  eval 5.5238  pmax 18.9  (8s)
step  1000  train 2.3539  eval 2.3820  pmax 19.0  (17s)
step  2000  train 2.2929  eval 2.2583  pmax 19.4  (27s)
step  3000  train 2.2726  eval 2.2823  pmax 19.2  (36s)
step  4000  train 2.2561  eval 2.2582  pmax 18.9  (45s)
step  5000  train 2.2676  eval 2.2759  pmax 18.9  (54s)
step  6000  train 2.2456  eval 2.2378  pmax 18.9  (64s)
step  7000  train 2.2348  eval 2.2074  pmax 18.9  (73s)
step  8000  train 2.1871  eval 2.2072  pmax 18.9  (82s)
step  9000  train 2.2124  eval 2.1918  pmax 18.9  (91s)
step 10000  train 2.2074  eval 2.2154  pmax 19.0  (101s)
step 11000  train 2.2199  eval 2.1906  pmax 19.1  (110s)
step 12000  train 2.1949  eval 2.2058  pmax 19.1  (119s)
step 13000  train 2.1955  eval 2.1964  pmax 19.0  (128s)
step 14000  train 2.2028  eval 2.1726  pmax 19.0  (137s)
step 15000  train 2.1971  eval 2.1941  pmax 19.2  (146s)
step 16000  train 2.2007  eval 2.2019  pmax 19.3  (156s)
step 17000  train 2.1889  eval 2.1874  pmax 19.5  (165s)
step 18000  train 2.1615  eval 2.1856  pmax 19.5  (174s)
step 19000  train 2.1927  eval 2.1923  pmax 19.6  (183s)
step 20000  train 2.1859  eval 2.2063  pmax 19.7  (192s)
step 21000  train 2.1769  eval 2.1646  pmax 19.7  (201s)
step 22000  train 2.1911  eval 2.2118  pmax 19.8  (210s)
step 23000  train 2.1853  eval 2.1961  pmax 19.8  (219s)
step 24000  train 2.1824  eval 2.1805  pmax 19.8  (228s)
step 25000  train 2.1785  eval 2.1853  pmax 19.8  (238s)
  [checkpoint + sample saved at step 25000]
step 26000  train 2.1849  eval 2.2046  pmax 19.8  (248s)
step 27000  train 2.1859  eval 2.1761  pmax 19.8  (257s)
step 28000  train 2.1708  eval 2.1903  pmax 19.8  (266s)
step 29000  train 2.1847  eval 2.1967  pmax 19.8  (275s)
step 30000  train 2.1546  eval 2.1823  pmax 19.8  (285s)
  [checkpoint + sample saved at step 30000]
done. artifacts in /home/luke/Wavelet-State-KAN/checkpoints/wskan11_tinystories_1k_3ep_s7
