/home/luke/Wavelet-State-KAN/experiments/V1_train_tinystories_lm.py:107: UserWarning: The given buffer is not writable, and PyTorch does not support non-writable tensors. This means you can write to the underlying (supposedly non-writable) buffer using the tensor. You may want to copy the buffer to protect its data or make it writable before converting it to a tensor. This type of warning will be suppressed for the rest of this program. (Triggered internally at /__w/pytorch/pytorch/torch/csrc/utils/tensor_new.cpp:1556.)
  train_ids = torch.frombuffer(train_text.encode("utf-8", errors="ignore"), dtype=torch.uint8)
train bytes: 1,195,926,439  eval bytes: 2,859,070
model: wskan11  params: 985,956  device: cuda
step     1  train 5.5663  eval 5.4779  pmax 18.9  (21s)
step  1000  train 1.3376  eval 1.3828  pmax 18.9  (155s)
step  2000  train 1.2150  eval 1.2379  pmax 19.0  (289s)
step  3000  train 1.2076  eval 1.2023  pmax 19.0  (423s)
step  4000  train 1.1687  eval 1.2252  pmax 19.1  (557s)
step  5000  train 1.1146  eval 1.0912  pmax 19.1  (691s)
step  6000  train 1.1245  eval 1.1521  pmax 19.0  (825s)
step  7000  train 1.0808  eval 1.0809  pmax 19.0  (959s)
step  8000  train 1.1006  eval 1.0887  pmax 19.0  (1093s)
step  9000  train 1.0746  eval 1.1177  pmax 19.1  (1227s)
step 10000  train 1.1147  eval 1.1631  pmax 19.1  (1361s)
  [checkpoint + sample saved at step 10000]
step 11000  train 1.0573  eval 1.1237  pmax 19.2  (1500s)
step 12000  train 0.9876  eval 1.0972  pmax 19.3  (1634s)
step 13000  train 1.0300  eval 1.0501  pmax 19.3  (1768s)
step 14000  train 1.0310  eval 1.0723  pmax 19.4  (1902s)
step 15000  train 1.0323  eval 1.0697  pmax 19.5  (2036s)
step 16000  train 1.0323  eval 0.9921  pmax 19.5  (2170s)
step 17000  train 0.9852  eval 1.0379  pmax 19.5  (2304s)
step 18000  train 1.0407  eval 1.0328  pmax 19.6  (2438s)
step 19000  train 1.0262  eval 1.0364  pmax 19.6  (2572s)
step 20000  train 1.0632  eval 1.0354  pmax 19.6  (2707s)
  [checkpoint + sample saved at step 20000]
step 21000  train 1.0435  eval 1.0344  pmax 19.6  (2846s)
step 22000  train 1.0238  eval 1.0271  pmax 19.6  (2980s)
step 23000  train 1.0009  eval 1.0344  pmax 19.6  (3114s)
step 24000  train 1.0246  eval 1.0101  pmax 19.7  (3248s)
step 25000  train 0.9781  eval 1.0282  pmax 19.6  (3382s)
step 26000  train 1.0255  eval 1.0555  pmax 19.7  (3516s)
step 27000  train 1.0519  eval 1.0315  pmax 19.7  (3650s)
step 28000  train 0.9621  eval 1.0309  pmax 19.7  (3784s)
step 29000  train 1.0580  eval 0.9994  pmax 19.7  (3918s)
step 30000  train 0.9837  eval 1.0026  pmax 19.7  (4052s)
  [checkpoint + sample saved at step 30000]
step 31000  train 0.9783  eval 1.0152  pmax 19.8  (4191s)
step 32000  train 0.9764  eval 1.0824  pmax 19.8  (4325s)
step 33000  train 0.9609  eval 0.9813  pmax 19.8  (4459s)
step 34000  train 0.9831  eval 0.9925  pmax 19.8  (4593s)
step 35000  train 0.9737  eval 1.0402  pmax 19.8  (4727s)
step 36000  train 1.0089  eval 0.9660  pmax 19.8  (4861s)
step 37000  train 0.9946  eval 0.9924  pmax 19.8  (4995s)
step 38000  train 1.0011  eval 0.9609  pmax 19.8  (5129s)
step 39000  train 0.9308  eval 0.9948  pmax 19.8  (5263s)
step 40000  train 0.9783  eval 1.0080  pmax 19.8  (5398s)
  [checkpoint + sample saved at step 40000]
step 41000  train 1.0002  eval 0.9979  pmax 19.8  (5537s)
step 42000  train 0.9537  eval 0.9906  pmax 19.9  (5671s)
step 43000  train 0.9752  eval 0.9567  pmax 19.9  (5805s)
step 44000  train 0.9833  eval 0.9782  pmax 19.9  (5939s)
step 45000  train 0.9927  eval 0.9678  pmax 19.9  (6073s)
step 46000  train 1.0176  eval 0.9679  pmax 19.9  (6207s)
step 47000  train 0.9270  eval 1.0145  pmax 19.9  (6341s)
step 48000  train 1.0079  eval 1.0141  pmax 19.9  (6475s)
step 49000  train 0.9860  eval 0.9776  pmax 19.9  (6609s)
step 50000  train 0.9401  eval 1.0163  pmax 19.9  (6744s)
  [checkpoint + sample saved at step 50000]
step 51000  train 0.9933  eval 0.9430  pmax 19.9  (6883s)
step 52000  train 1.0023  eval 1.0039  pmax 19.9  (7017s)
step 53000  train 0.9569  eval 1.0335  pmax 19.9  (7151s)
step 54000  train 0.9640  eval 1.0001  pmax 19.9  (7285s)
  [checkpoint + sample saved at step 54000]
done. artifacts in /home/luke/Wavelet-State-KAN/checkpoints/wskan11_ultrachat_1m_3ep_s123
