/home/luke/Wavelet-State-KAN/experiments/V1_train_tinystories_lm.py:107: UserWarning: The given buffer is not writable, and PyTorch does not support non-writable tensors. This means you can write to the underlying (supposedly non-writable) buffer using the tensor. You may want to copy the buffer to protect its data or make it writable before converting it to a tensor. This type of warning will be suppressed for the rest of this program. (Triggered internally at /__w/pytorch/pytorch/torch/csrc/utils/tensor_new.cpp:1556.)
  train_ids = torch.frombuffer(train_text.encode("utf-8", errors="ignore"), dtype=torch.uint8)
train bytes: 542,898,247  eval bytes: 130,357
model: wskan11  params: 3,610  device: cuda
step     1  train 5.5367  eval 5.5271  pmax 18.9  (7s)
step  1000  train 2.5624  eval 2.5298  pmax 18.9  (16s)
step  2000  train 2.5073  eval 2.5142  pmax 19.3  (25s)
step  3000  train 2.5012  eval 2.4991  pmax 19.8  (33s)
step  4000  train 2.4692  eval 2.4777  pmax 19.8  (42s)
step  5000  train 2.4379  eval 2.4179  pmax 19.5  (51s)
step  6000  train 2.4915  eval 2.4542  pmax 19.3  (59s)
step  7000  train 2.4429  eval 2.4701  pmax 19.2  (68s)
step  8000  train 2.4239  eval 2.4247  pmax 19.3  (77s)
step  9000  train 2.4056  eval 2.4240  pmax 19.5  (85s)
step 10000  train 2.4131  eval 2.4177  pmax 19.7  (94s)
step 11000  train 2.4017  eval 2.4355  pmax 19.8  (102s)
step 12000  train 2.4219  eval 2.4258  pmax 19.9  (111s)
step 13000  train 2.3878  eval 2.4224  pmax 19.9  (119s)
step 14000  train 2.3953  eval 2.4176  pmax 20.0  (128s)
step 15000  train 2.3799  eval 2.4057  pmax 20.0  (137s)
step 16000  train 2.4317  eval 2.4220  pmax 20.0  (145s)
step 17000  train 2.4105  eval 2.3968  pmax 20.1  (154s)
step 18000  train 2.4110  eval 2.3949  pmax 20.1  (162s)
step 19000  train 2.3832  eval 2.4337  pmax 20.1  (171s)
step 20000  train 2.3905  eval 2.4014  pmax 20.1  (179s)
step 21000  train 2.4280  eval 2.3855  pmax 20.1  (188s)
step 22000  train 2.4012  eval 2.3653  pmax 20.1  (196s)
step 23000  train 2.4125  eval 2.4000  pmax 20.1  (205s)
step 24000  train 2.3929  eval 2.4077  pmax 20.1  (214s)
step 25000  train 2.4079  eval 2.4005  pmax 20.1  (222s)
  [checkpoint + sample saved at step 25000]
step 26000  train 2.4063  eval 2.4096  pmax 20.1  (232s)
step 27000  train 2.4071  eval 2.4080  pmax 20.1  (240s)
step 28000  train 2.3757  eval 2.3556  pmax 20.1  (249s)
step 29000  train 2.4018  eval 2.4154  pmax 20.1  (258s)
step 30000  train 2.4095  eval 2.3601  pmax 20.1  (266s)
step 31000  train 2.4085  eval 2.3726  pmax 20.1  (274s)
step 32000  train 2.3904  eval 2.4296  pmax 20.1  (283s)
step 33000  train 2.4012  eval 2.3890  pmax 20.1  (292s)
  [checkpoint + sample saved at step 33000]
done. artifacts in /home/luke/Wavelet-State-KAN/checkpoints/wskan11_wikitext_1k_3ep_s7
