/home/luke/Wavelet-State-KAN/experiments/V1_train_tinystories_lm.py:107: UserWarning: The given buffer is not writable, and PyTorch does not support non-writable tensors. This means you can write to the underlying (supposedly non-writable) buffer using the tensor. You may want to copy the buffer to protect its data or make it writable before converting it to a tensor. This type of warning will be suppressed for the rest of this program. (Triggered internally at /__w/pytorch/pytorch/torch/csrc/utils/tensor_new.cpp:1556.)
  train_ids = torch.frombuffer(train_text.encode("utf-8", errors="ignore"), dtype=torch.uint8)
train bytes: 1,905,061,325  eval bytes: 405,730
model: wskan11  params: 113,612  device: cuda
step     1  train 5.5463  eval 5.4433  pmax 18.9  (10s)
step  1000  train 1.1375  eval 1.0762  pmax 19.1  (25s)
step  2000  train 1.0773  eval 1.0388  pmax 19.7  (39s)
step  3000  train 1.0074  eval 0.9855  pmax 20.0  (54s)
step  4000  train 1.0132  eval 1.0094  pmax 20.2  (68s)
step  5000  train 0.9671  eval 0.9617  pmax 20.2  (83s)
step  6000  train 0.9689  eval 0.9308  pmax 20.1  (97s)
step  7000  train 0.9801  eval 0.9266  pmax 20.0  (112s)
step  8000  train 0.9722  eval 0.9384  pmax 19.9  (127s)
step  9000  train 0.9962  eval 0.9007  pmax 19.9  (141s)
step 10000  train 0.9726  eval 0.9023  pmax 19.9  (157s)
step 11000  train 0.9735  eval 0.8970  pmax 19.8  (171s)
step 12000  train 0.9549  eval 0.9128  pmax 19.7  (185s)
step 13000  train 0.9391  eval 0.9138  pmax 19.8  (199s)
step 14000  train 0.9549  eval 0.9130  pmax 19.9  (213s)
step 15000  train 0.9689  eval 0.9209  pmax 20.0  (228s)
step 16000  train 0.9493  eval 0.9139  pmax 20.1  (241s)
step 17000  train 0.9748  eval 0.8751  pmax 20.1  (255s)
step 18000  train 0.9321  eval 0.9263  pmax 20.3  (270s)
step 19000  train 0.9582  eval 0.8801  pmax 20.4  (284s)
step 20000  train 0.9504  eval 0.8719  pmax 20.4  (298s)
step 21000  train 0.9331  eval 0.8764  pmax 20.4  (313s)
step 22000  train 0.9477  eval 0.8749  pmax 20.6  (327s)
step 23000  train 0.9225  eval 0.9155  pmax 20.6  (342s)
step 24000  train 0.9470  eval 0.8751  pmax 20.8  (356s)
step 25000  train 0.9294  eval 0.8787  pmax 20.9  (370s)
  [checkpoint + sample saved at step 25000]
step 26000  train 0.9069  eval 0.9048  pmax 20.9  (386s)
step 27000  train 0.9327  eval 0.8700  pmax 21.0  (401s)
step 28000  train 0.9144  eval 0.8739  pmax 21.1  (415s)
step 29000  train 0.9312  eval 0.8908  pmax 21.2  (430s)
step 30000  train 0.9478  eval 0.8808  pmax 21.3  (445s)
step 31000  train 0.9041  eval 0.9045  pmax 21.4  (459s)
step 32000  train 0.9359  eval 0.8859  pmax 21.4  (474s)
step 33000  train 0.9670  eval 0.8750  pmax 21.5  (488s)
step 34000  train 0.9299  eval 0.8506  pmax 21.6  (502s)
step 35000  train 0.9198  eval 0.8692  pmax 21.7  (517s)
step 36000  train 0.8804  eval 0.8834  pmax 21.8  (531s)
step 37000  train 0.9425  eval 0.8761  pmax 21.9  (545s)
step 38000  train 0.9360  eval 0.8545  pmax 22.0  (560s)
step 39000  train 0.8969  eval 0.8437  pmax 22.1  (574s)
step 40000  train 0.8970  eval 0.8513  pmax 22.1  (588s)
step 41000  train 0.9079  eval 0.8765  pmax 22.2  (602s)
step 42000  train 0.9096  eval 0.8483  pmax 22.2  (616s)
step 43000  train 0.9422  eval 0.8591  pmax 22.3  (630s)
step 44000  train 0.8894  eval 0.8440  pmax 22.4  (644s)
step 45000  train 0.9265  eval 0.8677  pmax 22.5  (658s)
step 46000  train 0.9127  eval 0.8554  pmax 22.5  (672s)
step 47000  train 0.9178  eval 0.8626  pmax 22.6  (686s)
step 48000  train 0.9396  eval 0.8781  pmax 22.7  (701s)
step 49000  train 0.9730  eval 0.8471  pmax 22.7  (716s)
step 50000  train 0.9031  eval 0.8744  pmax 22.8  (730s)
  [checkpoint + sample saved at step 50000]
step 51000  train 0.9180  eval 0.8995  pmax 22.8  (746s)
step 52000  train 0.8826  eval 0.8730  pmax 22.9  (761s)
step 53000  train 0.9207  eval 0.8894  pmax 22.9  (775s)
step 54000  train 0.9046  eval 0.8691  pmax 22.9  (790s)
step 55000  train 0.8778  eval 0.8667  pmax 23.0  (804s)
step 56000  train 0.8905  eval 0.8881  pmax 23.1  (818s)
step 57000  train 0.8862  eval 0.8233  pmax 23.1  (832s)
step 58000  train 0.9052  eval 0.8901  pmax 23.2  (847s)
step 59000  train 0.8807  eval 0.8619  pmax 23.3  (861s)
step 60000  train 0.9112  eval 0.8384  pmax 23.3  (875s)
step 61000  train 0.8882  eval 0.8830  pmax 23.4  (890s)
step 62000  train 0.9109  eval 0.8659  pmax 23.4  (904s)
step 63000  train 0.9247  eval 0.8501  pmax 23.5  (918s)
step 64000  train 0.8869  eval 0.8792  pmax 23.5  (932s)
step 65000  train 0.9228  eval 0.8181  pmax 23.5  (946s)
step 66000  train 0.8858  eval 0.8430  pmax 23.6  (960s)
step 67000  train 0.9064  eval 0.8480  pmax 23.6  (974s)
step 68000  train 0.9005  eval 0.8438  pmax 23.7  (989s)
step 69000  train 0.9176  eval 0.8826  pmax 23.8  (1003s)
step 70000  train 0.9001  eval 0.8470  pmax 23.8  (1017s)
step 71000  train 0.8977  eval 0.8720  pmax 23.8  (1032s)
step 72000  train 0.9238  eval 0.8913  pmax 23.8  (1046s)
step 73000  train 0.9054  eval 0.8652  pmax 23.9  (1061s)
step 74000  train 0.9405  eval 0.8457  pmax 23.9  (1075s)
step 75000  train 0.9169  eval 0.8674  pmax 24.0  (1090s)
  [checkpoint + sample saved at step 75000]
step 76000  train 0.9255  eval 0.8860  pmax 24.0  (1106s)
step 77000  train 0.9070  eval 0.8184  pmax 24.0  (1120s)
step 78000  train 0.9163  eval 0.8793  pmax 24.1  (1135s)
step 79000  train 0.9106  eval 0.8056  pmax 24.1  (1149s)
step 80000  train 0.9000  eval 0.8543  pmax 24.2  (1163s)
step 81000  train 0.9403  eval 0.8423  pmax 24.2  (1178s)
step 82000  train 0.8787  eval 0.8387  pmax 24.3  (1192s)
step 83000  train 0.8966  eval 0.8595  pmax 24.3  (1206s)
step 84000  train 0.9140  eval 0.8625  pmax 24.3  (1221s)
step 85000  train 0.9171  eval 0.8521  pmax 24.4  (1235s)
step 86000  train 0.9120  eval 0.8412  pmax 24.4  (1250s)
step 87000  train 0.9211  eval 0.8443  pmax 24.4  (1264s)
step 88000  train 0.9240  eval 0.8600  pmax 24.4  (1279s)
step 89000  train 0.8957  eval 0.8328  pmax 24.5  (1294s)
step 90000  train 0.9142  eval 0.8454  pmax 24.5  (1308s)
step 91000  train 0.9131  eval 0.8487  pmax 24.6  (1322s)
step 92000  train 0.8651  eval 0.8242  pmax 24.6  (1336s)
step 93000  train 0.8822  eval 0.8620  pmax 24.6  (1350s)
step 94000  train 0.9492  eval 0.8540  pmax 24.7  (1364s)
step 95000  train 0.8991  eval 0.8291  pmax 24.7  (1379s)
step 96000  train 0.9241  eval 0.8644  pmax 24.8  (1393s)
step 97000  train 0.9246  eval 0.8550  pmax 24.8  (1408s)
step 98000  train 0.9082  eval 0.8538  pmax 24.8  (1422s)
step 99000  train 0.8880  eval 0.8570  pmax 24.8  (1436s)
step 100000  train 0.9013  eval 0.8290  pmax 24.8  (1450s)
  [checkpoint + sample saved at step 100000]
step 101000  train 0.8920  eval 0.8141  pmax 24.8  (1466s)
step 102000  train 0.8836  eval 0.8505  pmax 24.9  (1481s)
step 103000  train 0.8744  eval 0.8407  pmax 24.9  (1495s)
step 104000  train 0.8809  eval 0.8484  pmax 24.9  (1509s)
step 105000  train 0.9158  eval 0.8876  pmax 24.9  (1524s)
step 106000  train 0.9086  eval 0.8374  pmax 25.0  (1537s)
step 107000  train 0.8986  eval 0.8443  pmax 25.0  (1552s)
step 108000  train 0.8519  eval 0.8392  pmax 25.0  (1565s)
step 109000  train 0.9121  eval 0.8467  pmax 25.0  (1580s)
step 110000  train 0.8979  eval 0.8591  pmax 25.0  (1594s)
step 111000  train 0.9045  eval 0.8391  pmax 25.1  (1608s)
step 112000  train 0.9127  eval 0.8526  pmax 25.1  (1623s)
step 113000  train 0.8975  eval 0.8585  pmax 25.1  (1637s)
step 114000  train 0.9006  eval 0.8297  pmax 25.1  (1652s)
step 115000  train 0.9101  eval 0.8531  pmax 25.1  (1666s)
step 116000  train 0.8727  eval 0.8041  pmax 25.2  (1681s)
step 117000  train 0.8807  eval 0.8394  pmax 25.2  (1695s)
step 118000  train 0.8878  eval 0.8726  pmax 25.2  (1710s)
step 119000  train 0.8838  eval 0.8480  pmax 25.2  (1724s)
step 120000  train 0.8943  eval 0.8386  pmax 25.2  (1739s)
step 121000  train 0.8929  eval 0.8192  pmax 25.2  (1753s)
step 122000  train 0.9026  eval 0.8931  pmax 25.3  (1768s)
step 123000  train 0.8791  eval 0.8484  pmax 25.3  (1782s)
step 124000  train 0.9330  eval 0.8458  pmax 25.3  (1797s)
step 125000  train 0.8770  eval 0.8430  pmax 25.3  (1811s)
  [checkpoint + sample saved at step 125000]
step 126000  train 0.9097  eval 0.8205  pmax 25.3  (1827s)
step 127000  train 0.8759  eval 0.8672  pmax 25.4  (1841s)
step 128000  train 0.8962  eval 0.8242  pmax 25.4  (1856s)
step 129000  train 0.8925  eval 0.8426  pmax 25.4  (1870s)
step 130000  train 0.8933  eval 0.8562  pmax 25.4  (1885s)
step 131000  train 0.8990  eval 0.8471  pmax 25.4  (1899s)
step 132000  train 0.9231  eval 0.8532  pmax 25.4  (1913s)
step 133000  train 0.8855  eval 0.8531  pmax 25.5  (1928s)
step 134000  train 0.9059  eval 0.8321  pmax 25.5  (1942s)
step 135000  train 0.8787  eval 0.8806  pmax 25.5  (1957s)
step 136000  train 0.9009  eval 0.8206  pmax 25.5  (1971s)
step 137000  train 0.9099  eval 0.8423  pmax 25.5  (1986s)
step 138000  train 0.8883  eval 0.8352  pmax 25.5  (2000s)
step 139000  train 0.8784  eval 0.8043  pmax 25.5  (2015s)
step 140000  train 0.9141  eval 0.8344  pmax 25.5  (2029s)
step 141000  train 0.8935  eval 0.8369  pmax 25.5  (2044s)
step 142000  train 0.8848  eval 0.8176  pmax 25.5  (2058s)
step 143000  train 0.8937  eval 0.8395  pmax 25.5  (2073s)
step 144000  train 0.9138  eval 0.8702  pmax 25.5  (2087s)
step 145000  train 0.9004  eval 0.8317  pmax 25.6  (2101s)
step 146000  train 0.8840  eval 0.8603  pmax 25.6  (2116s)
step 147000  train 0.8620  eval 0.8701  pmax 25.6  (2130s)
step 148000  train 0.9034  eval 0.8363  pmax 25.6  (2144s)
step 149000  train 0.8707  eval 0.8290  pmax 25.6  (2159s)
step 150000  train 0.8754  eval 0.8224  pmax 25.6  (2173s)
  [checkpoint + sample saved at step 150000]
step 151000  train 0.8951  eval 0.8241  pmax 25.6  (2190s)
step 152000  train 0.8990  eval 0.8671  pmax 25.7  (2204s)
step 153000  train 0.8864  eval 0.8432  pmax 25.7  (2220s)
step 154000  train 0.9017  eval 0.8539  pmax 25.6  (2235s)
step 155000  train 0.8643  eval 0.8249  pmax 25.7  (2250s)
step 156000  train 0.8718  eval 0.9078  pmax 25.7  (2264s)
step 157000  train 0.9062  eval 0.8343  pmax 25.7  (2279s)
step 158000  train 0.8992  eval 0.8316  pmax 25.7  (2294s)
step 159000  train 0.8922  eval 0.8614  pmax 25.7  (2308s)
step 160000  train 0.8508  eval 0.8233  pmax 25.7  (2322s)
step 161000  train 0.9070  eval 0.8473  pmax 25.7  (2337s)
step 162000  train 0.8778  eval 0.8380  pmax 25.8  (2351s)
step 163000  train 0.8796  eval 0.8262  pmax 25.8  (2366s)
step 164000  train 0.8962  eval 0.8047  pmax 25.8  (2381s)
step 165000  train 0.8929  eval 0.8161  pmax 25.8  (2396s)
step 166000  train 0.8830  eval 0.8462  pmax 25.8  (2410s)
step 167000  train 0.8769  eval 0.8294  pmax 25.8  (2425s)
step 168000  train 0.8711  eval 0.8324  pmax 25.8  (2439s)
step 169000  train 0.9009  eval 0.8068  pmax 25.8  (2454s)
step 170000  train 0.9046  eval 0.8288  pmax 25.8  (2468s)
step 171000  train 0.8815  eval 0.8596  pmax 25.8  (2483s)
step 172000  train 0.8894  eval 0.7995  pmax 25.9  (2497s)
step 173000  train 0.8808  eval 0.8385  pmax 25.9  (2512s)
step 174000  train 0.8618  eval 0.8520  pmax 25.9  (2526s)
step 175000  train 0.8837  eval 0.8383  pmax 25.9  (2541s)
  [checkpoint + sample saved at step 175000]
step 176000  train 0.8834  eval 0.8659  pmax 25.9  (2557s)
step 177000  train 0.9045  eval 0.8376  pmax 25.9  (2571s)
step 178000  train 0.8841  eval 0.8348  pmax 25.9  (2586s)
step 179000  train 0.8823  eval 0.8212  pmax 25.9  (2600s)
step 180000  train 0.8536  eval 0.8223  pmax 26.0  (2614s)
step 181000  train 0.8960  eval 0.8233  pmax 26.0  (2629s)
step 182000  train 0.8842  eval 0.8482  pmax 26.0  (2643s)
step 183000  train 0.9130  eval 0.8436  pmax 26.0  (2658s)
step 184000  train 0.8841  eval 0.8291  pmax 26.0  (2672s)
step 185000  train 0.8614  eval 0.8529  pmax 26.0  (2687s)
step 186000  train 0.8854  eval 0.8065  pmax 26.0  (2701s)
step 187000  train 0.8704  eval 0.7922  pmax 26.1  (2716s)
step 188000  train 0.9137  eval 0.8022  pmax 26.1  (2730s)
step 189000  train 0.8880  eval 0.8308  pmax 26.1  (2745s)
step 190000  train 0.8773  eval 0.8219  pmax 26.1  (2760s)
step 191000  train 0.8766  eval 0.8556  pmax 26.1  (2774s)
step 192000  train 0.8753  eval 0.8557  pmax 26.1  (2788s)
step 193000  train 0.8886  eval 0.8237  pmax 26.1  (2802s)
step 194000  train 0.8569  eval 0.8451  pmax 26.1  (2816s)
step 195000  train 0.8788  eval 0.8307  pmax 26.1  (2830s)
step 196000  train 0.8715  eval 0.8383  pmax 26.1  (2844s)
step 197000  train 0.8600  eval 0.8758  pmax 26.1  (2858s)
step 198000  train 0.8826  eval 0.8134  pmax 26.1  (2872s)
step 199000  train 0.8680  eval 0.8228  pmax 26.1  (2886s)
step 200000  train 0.8457  eval 0.8295  pmax 26.1  (2900s)
  [checkpoint + sample saved at step 200000]
step 201000  train 0.8826  eval 0.8227  pmax 26.2  (2916s)
step 202000  train 0.8687  eval 0.8353  pmax 26.1  (2931s)
step 203000  train 0.8820  eval 0.7998  pmax 26.1  (2945s)
step 204000  train 0.8688  eval 0.8188  pmax 26.1  (2959s)
step 205000  train 0.8935  eval 0.8321  pmax 26.2  (2974s)
step 206000  train 0.8544  eval 0.8376  pmax 26.2  (2988s)
step 207000  train 0.8872  eval 0.8327  pmax 26.2  (3003s)
step 208000  train 0.8689  eval 0.8539  pmax 26.2  (3017s)
step 209000  train 0.8893  eval 0.8227  pmax 26.2  (3031s)
step 210000  train 0.8571  eval 0.8094  pmax 26.2  (3046s)
step 211000  train 0.8736  eval 0.8592  pmax 26.2  (3060s)
step 212000  train 0.8839  eval 0.8493  pmax 26.2  (3074s)
step 213000  train 0.8700  eval 0.8603  pmax 26.2  (3088s)
step 214000  train 0.8818  eval 0.8251  pmax 26.2  (3103s)
step 215000  train 0.8763  eval 0.8401  pmax 26.2  (3117s)
step 216000  train 0.8661  eval 0.8171  pmax 26.2  (3131s)
step 217000  train 0.8659  eval 0.8444  pmax 26.2  (3145s)
step 218000  train 0.8920  eval 0.8267  pmax 26.2  (3160s)
step 219000  train 0.8791  eval 0.8053  pmax 26.2  (3175s)
step 220000  train 0.9072  eval 0.8190  pmax 26.2  (3189s)
step 221000  train 0.9107  eval 0.8119  pmax 26.3  (3204s)
step 222000  train 0.8728  eval 0.8504  pmax 26.3  (3219s)
step 223000  train 0.9011  eval 0.8292  pmax 26.3  (3233s)
step 224000  train 0.8826  eval 0.8327  pmax 26.3  (3248s)
step 225000  train 0.8761  eval 0.8460  pmax 26.3  (3262s)
  [checkpoint + sample saved at step 225000]
step 226000  train 0.8706  eval 0.8195  pmax 26.3  (3278s)
step 227000  train 0.8765  eval 0.8746  pmax 26.3  (3292s)
step 228000  train 0.8964  eval 0.8202  pmax 26.3  (3307s)
step 229000  train 0.8880  eval 0.8178  pmax 26.3  (3321s)
step 230000  train 0.8886  eval 0.8321  pmax 26.3  (3336s)
step 231000  train 0.8756  eval 0.8556  pmax 26.3  (3350s)
step 232000  train 0.8676  eval 0.7973  pmax 26.3  (3365s)
step 233000  train 0.8545  eval 0.8069  pmax 26.3  (3379s)
step 234000  train 0.9000  eval 0.8134  pmax 26.3  (3394s)
step 235000  train 0.9010  eval 0.7724  pmax 26.3  (3409s)
step 236000  train 0.8934  eval 0.8208  pmax 26.3  (3423s)
step 237000  train 0.8891  eval 0.8244  pmax 26.3  (3438s)
step 238000  train 0.8791  eval 0.8326  pmax 26.3  (3452s)
step 239000  train 0.8805  eval 0.8354  pmax 26.3  (3467s)
step 240000  train 0.8618  eval 0.8552  pmax 26.3  (3481s)
step 241000  train 0.8706  eval 0.8293  pmax 26.3  (3496s)
step 242000  train 0.8699  eval 0.8006  pmax 26.3  (3510s)
step 243000  train 0.8572  eval 0.8232  pmax 26.3  (3525s)
step 244000  train 0.8354  eval 0.8413  pmax 26.3  (3539s)
step 245000  train 0.8819  eval 0.7869  pmax 26.3  (3554s)
step 246000  train 0.8839  eval 0.8218  pmax 26.3  (3568s)
step 247000  train 0.8707  eval 0.8356  pmax 26.3  (3583s)
step 248000  train 0.8806  eval 0.8194  pmax 26.3  (3597s)
step 249000  train 0.9254  eval 0.8315  pmax 26.3  (3612s)
step 250000  train 0.8759  eval 0.8152  pmax 26.3  (3626s)
  [checkpoint + sample saved at step 250000]
step 251000  train 0.8885  eval 0.8195  pmax 26.3  (3643s)
step 252000  train 0.8619  eval 0.8035  pmax 26.3  (3657s)
step 253000  train 0.8709  eval 0.8302  pmax 26.3  (3671s)
step 254000  train 0.8838  eval 0.8270  pmax 26.3  (3686s)
step 255000  train 0.8908  eval 0.8198  pmax 26.3  (3701s)
step 256000  train 0.8905  eval 0.8471  pmax 26.3  (3715s)
step 257000  train 0.8735  eval 0.8198  pmax 26.3  (3730s)
step 258000  train 0.9002  eval 0.8111  pmax 26.3  (3744s)
step 259000  train 0.8824  eval 0.8572  pmax 26.3  (3759s)
step 260000  train 0.8722  eval 0.8098  pmax 26.3  (3773s)
step 261000  train 0.8898  eval 0.8384  pmax 26.3  (3788s)
step 262000  train 0.8922  eval 0.8645  pmax 26.3  (3803s)
step 263000  train 0.8617  eval 0.8501  pmax 26.3  (3817s)
step 264000  train 0.8673  eval 0.8407  pmax 26.4  (3831s)
step 265000  train 0.8646  eval 0.8386  pmax 26.4  (3846s)
step 266000  train 0.8625  eval 0.8234  pmax 26.4  (3860s)
step 267000  train 0.8822  eval 0.8066  pmax 26.4  (3875s)
step 268000  train 0.8971  eval 0.8204  pmax 26.4  (3889s)
step 269000  train 0.8580  eval 0.8306  pmax 26.4  (3904s)
step 270000  train 0.9101  eval 0.8286  pmax 26.4  (3919s)
step 271000  train 0.8799  eval 0.8163  pmax 26.4  (3933s)
step 272000  train 0.8665  eval 0.8445  pmax 26.4  (3948s)
step 273000  train 0.9026  eval 0.8374  pmax 26.4  (3962s)
step 274000  train 0.9054  eval 0.8417  pmax 26.4  (3977s)
step 275000  train 0.8841  eval 0.8015  pmax 26.4  (3991s)
  [checkpoint + sample saved at step 275000]
step 276000  train 0.8982  eval 0.8203  pmax 26.4  (4007s)
step 277000  train 0.8876  eval 0.8222  pmax 26.4  (4022s)
step 278000  train 0.8810  eval 0.8129  pmax 26.4  (4036s)
step 279000  train 0.8733  eval 0.8212  pmax 26.4  (4050s)
step 280000  train 0.9129  eval 0.8428  pmax 26.4  (4064s)
step 281000  train 0.8750  eval 0.8426  pmax 26.4  (4078s)
step 282000  train 0.8749  eval 0.8366  pmax 26.4  (4093s)
step 283000  train 0.8768  eval 0.8388  pmax 26.4  (4108s)
step 284000  train 0.8705  eval 0.8435  pmax 26.4  (4122s)
step 285000  train 0.8934  eval 0.8069  pmax 26.4  (4137s)
step 286000  train 0.8834  eval 0.8057  pmax 26.4  (4151s)
step 287000  train 0.8453  eval 0.8644  pmax 26.4  (4166s)
step 288000  train 0.8608  eval 0.8348  pmax 26.4  (4180s)
step 289000  train 0.8757  eval 0.8222  pmax 26.4  (4195s)
step 290000  train 0.8660  eval 0.8360  pmax 26.4  (4209s)
step 291000  train 0.8765  eval 0.8184  pmax 26.4  (4224s)
step 292000  train 0.8795  eval 0.8216  pmax 26.4  (4238s)
step 293000  train 0.8888  eval 0.8413  pmax 26.4  (4253s)
step 294000  train 0.9021  eval 0.8007  pmax 26.4  (4267s)
step 295000  train 0.8647  eval 0.8385  pmax 26.4  (4282s)
step 296000  train 0.8715  eval 0.8255  pmax 26.4  (4296s)
step 297000  train 0.8379  eval 0.7995  pmax 26.4  (4310s)
step 298000  train 0.8951  eval 0.8137  pmax 26.4  (4325s)
step 299000  train 0.8418  eval 0.8250  pmax 26.4  (4340s)
step 300000  train 0.8537  eval 0.8224  pmax 26.4  (4354s)
  [checkpoint + sample saved at step 300000]
done. artifacts in /home/luke/Wavelet-State-KAN/checkpoints/wskan11_tinystories_100k_3ep_s42
