/home/luke/Wavelet-State-KAN/experiments/V1_train_tinystories_lm.py:107: UserWarning: The given buffer is not writable, and PyTorch does not support non-writable tensors. This means you can write to the underlying (supposedly non-writable) buffer using the tensor. You may want to copy the buffer to protect its data or make it writable before converting it to a tensor. This type of warning will be suppressed for the rest of this program. (Triggered internally at /__w/pytorch/pytorch/torch/csrc/utils/tensor_new.cpp:1556.)
  train_ids = torch.frombuffer(train_text.encode("utf-8", errors="ignore"), dtype=torch.uint8)
train bytes: 542,898,247  eval bytes: 130,357
model: wskan7bcreal  params: 985,956  device: cuda
step     1  train 5.5642  eval 5.4742  pmax 3.0  (5s)
step  1000  train 1.4977  eval 1.4750  pmax 3.1  (778s)
step  2000  train 1.4280  eval 1.3923  pmax 3.2  (1509s)
step  3000  train 1.3797  eval 1.3791  pmax 3.2  (2202s)
step  4000  train 1.3753  eval 1.3708  pmax 3.3  (2899s)
step  5000  train 1.3431  eval 1.3131  pmax 3.3  (3601s)
step  6000  train 1.2522  eval 1.3068  pmax 3.3  (4303s)
step  7000  train 1.2962  eval 1.2652  pmax 3.3  (5001s)
step  8000  train 1.2393  eval 1.2527  pmax 3.4  (5707s)
step  9000  train 1.2873  eval 1.2701  pmax 3.4  (6424s)
step 10000  train 1.2835  eval 1.2913  pmax 3.4  (7122s)
  [checkpoint + sample saved at step 10000]
step 11000  train 1.2508  eval 1.2206  pmax 3.5  (7823s)
step 12000  train 1.2681  eval 1.2392  pmax 3.5  (8511s)
step 13000  train 1.2726  eval 1.2623  pmax 3.5  (9206s)
step 14000  train 1.2615  eval 1.2670  pmax 3.5  (9898s)
step 15000  train 1.2079  eval 1.2585  pmax 3.5  (10592s)
step 16000  train 1.2489  eval 1.2400  pmax 3.5  (11287s)
step 17000  train 1.2072  eval 1.2206  pmax 3.5  (11977s)
step 18000  train 1.2570  eval 1.2397  pmax 3.5  (12677s)
step 19000  train 1.2387  eval 1.2422  pmax 3.5  (13373s)
step 20000  train 1.2449  eval 1.2144  pmax 3.5  (14057s)
  [checkpoint + sample saved at step 20000]
step 21000  train 1.1997  eval 1.2009  pmax 3.6  (14756s)
step 22000  train 1.2480  eval 1.2347  pmax 3.6  (15463s)
step 23000  train 1.2397  eval 1.2353  pmax 3.6  (16164s)
step 24000  train 1.2039  eval 1.2214  pmax 3.6  (16864s)
step 25000  train 1.1873  eval 1.2013  pmax 3.6  (17559s)
step 26000  train 1.1655  eval 1.2013  pmax 3.6  (18248s)
step 27000  train 1.2037  eval 1.1885  pmax 3.7  (18946s)
step 28000  train 1.2084  eval 1.1779  pmax 3.7  (19642s)
step 29000  train 1.2115  eval 1.2156  pmax 3.7  (20358s)
step 30000  train 1.2215  eval 1.2237  pmax 3.7  (21057s)
  [checkpoint + sample saved at step 30000]
step 31000  train 1.1888  eval 1.1753  pmax 3.7  (21778s)
step 32000  train 1.2163  eval 1.1877  pmax 3.7  (22503s)
step 33000  train 1.2414  eval 1.2045  pmax 3.7  (23205s)
step 34000  train 1.1508  eval 1.2126  pmax 3.7  (23899s)
step 35000  train 1.1386  eval 1.2110  pmax 3.7  (24593s)
step 36000  train 1.2168  eval 1.1879  pmax 3.8  (25292s)
step 37000  train 1.1612  eval 1.1596  pmax 3.8  (25987s)
step 38000  train 1.2066  eval 1.1778  pmax 3.8  (26680s)
step 39000  train 1.2007  eval 1.2120  pmax 3.8  (27380s)
step 40000  train 1.1480  eval 1.1715  pmax 3.8  (28079s)
  [checkpoint + sample saved at step 40000]
step 41000  train 1.1727  eval 1.1089  pmax 3.8  (28796s)
step 42000  train 1.2386  eval 1.1889  pmax 3.8  (29495s)
step 43000  train 1.1584  eval 1.1842  pmax 3.8  (30196s)
step 44000  train 1.1904  eval 1.1880  pmax 3.8  (30890s)
step 45000  train 1.1626  eval 1.1782  pmax 3.8  (31600s)
step 46000  train 1.1446  eval 1.2030  pmax 3.8  (32304s)
step 47000  train 1.1856  eval 1.2022  pmax 3.8  (33012s)
step 48000  train 1.1441  eval 1.1155  pmax 3.8  (33716s)
step 49000  train 1.1874  eval 1.1435  pmax 3.8  (34410s)
step 50000  train 1.1590  eval 1.1730  pmax 3.8  (35110s)
  [checkpoint + sample saved at step 50000]
step 51000  train 1.1443  eval 1.1537  pmax 3.8  (35814s)
step 52000  train 1.1498  eval 1.1702  pmax 3.8  (36505s)
step 53000  train 1.1463  eval 1.1820  pmax 3.8  (37204s)
step 54000  train 1.1705  eval 1.1744  pmax 3.8  (37902s)
step 55000  train 1.1358  eval 1.1539  pmax 3.8  (38600s)
step 56000  train 1.1812  eval 1.1742  pmax 3.8  (39299s)
step 57000  train 1.1683  eval 1.1780  pmax 3.8  (39992s)
step 58000  train 1.1908  eval 1.1634  pmax 3.8  (40697s)
step 59000  train 1.1820  eval 1.1734  pmax 3.8  (41389s)
step 60000  train 1.1585  eval 1.1604  pmax 3.8  (42093s)
  [checkpoint + sample saved at step 60000]
step 61000  train 1.1719  eval 1.1773  pmax 3.8  (42798s)
step 62000  train 1.1783  eval 1.1794  pmax 3.8  (43504s)
step 63000  train 1.1736  eval 1.1460  pmax 3.8  (44210s)
step 64000  train 1.1493  eval 1.1506  pmax 3.8  (44912s)
step 65000  train 1.1156  eval 1.1894  pmax 3.8  (45610s)
step 66000  train 1.1658  eval 1.1467  pmax 3.8  (46320s)
  [checkpoint + sample saved at step 66000]
done. artifacts in /home/luke/Wavelet-State-KAN/checkpoints/wskan7bcreal_wikitext_1m_3ep_s7
