/home/luke/Wavelet-State-KAN/experiments/V1_train_tinystories_lm.py:107: UserWarning: The given buffer is not writable, and PyTorch does not support non-writable tensors. This means you can write to the underlying (supposedly non-writable) buffer using the tensor. You may want to copy the buffer to protect its data or make it writable before converting it to a tensor. This type of warning will be suppressed for the rest of this program. (Triggered internally at /__w/pytorch/pytorch/torch/csrc/utils/tensor_new.cpp:1556.)
  train_ids = torch.frombuffer(train_text.encode("utf-8", errors="ignore"), dtype=torch.uint8)
train bytes: 1,905,061,325  eval bytes: 405,730
model: wskan11real  params: 985,956  device: cuda
step     1  train 5.5705  eval 5.4753  pmax 3.0  (23s)
step  1000  train 0.9885  eval 0.9954  pmax 3.1  (123s)
step  2000  train 0.9466  eval 0.8790  pmax 3.2  (224s)
step  3000  train 0.8773  eval 0.8303  pmax 3.3  (325s)
step  4000  train 0.8958  eval 0.8021  pmax 3.4  (426s)
step  5000  train 0.8268  eval 0.7943  pmax 3.4  (527s)
step  6000  train 0.8090  eval 0.7564  pmax 3.5  (628s)
step  7000  train 0.7714  eval 0.7368  pmax 3.5  (729s)
step  8000  train 0.8161  eval 0.7418  pmax 3.6  (828s)
step  9000  train 0.7726  eval 0.7169  pmax 3.6  (914s)
step 10000  train 0.7850  eval 0.7380  pmax 3.6  (1011s)
  [checkpoint + sample saved at step 10000]
step 11000  train 0.7804  eval 0.7078  pmax 3.7  (1117s)
step 12000  train 0.8070  eval 0.7039  pmax 3.7  (1217s)
step 13000  train 0.7698  eval 0.7224  pmax 3.7  (1317s)
step 14000  train 0.7548  eval 0.7068  pmax 3.7  (1417s)
step 15000  train 0.7997  eval 0.7455  pmax 3.8  (1517s)
step 16000  train 0.7614  eval 0.6958  pmax 3.8  (1617s)
step 17000  train 0.7678  eval 0.7155  pmax 3.8  (1717s)
step 18000  train 0.7161  eval 0.7186  pmax 3.8  (1817s)
step 19000  train 0.7711  eval 0.7019  pmax 3.8  (1917s)
step 20000  train 0.7440  eval 0.6938  pmax 3.8  (2017s)
  [checkpoint + sample saved at step 20000]
step 21000  train 0.7440  eval 0.6948  pmax 3.8  (2123s)
step 22000  train 0.7413  eval 0.7195  pmax 3.9  (2223s)
step 23000  train 0.7728  eval 0.6711  pmax 3.9  (2323s)
step 24000  train 0.7284  eval 0.6479  pmax 3.9  (2423s)
step 25000  train 0.7081  eval 0.6867  pmax 3.9  (2523s)
step 26000  train 0.7292  eval 0.7086  pmax 3.9  (2603s)
step 27000  train 0.6983  eval 0.6745  pmax 3.9  (2704s)
step 28000  train 0.7814  eval 0.6540  pmax 3.9  (2805s)
step 29000  train 0.7463  eval 0.6634  pmax 3.9  (2905s)
step 30000  train 0.7305  eval 0.6817  pmax 3.9  (3006s)
  [checkpoint + sample saved at step 30000]
step 31000  train 0.7266  eval 0.6812  pmax 3.9  (3112s)
step 32000  train 0.7375  eval 0.6658  pmax 3.9  (3212s)
step 33000  train 0.7152  eval 0.6617  pmax 3.9  (3313s)
step 34000  train 0.7466  eval 0.6617  pmax 3.9  (3414s)
step 35000  train 0.6941  eval 0.6652  pmax 4.0  (3514s)
step 36000  train 0.7046  eval 0.6470  pmax 4.0  (3615s)
step 37000  train 0.7338  eval 0.6578  pmax 4.0  (3716s)
step 38000  train 0.7157  eval 0.6622  pmax 4.0  (3816s)
step 39000  train 0.7115  eval 0.6623  pmax 4.0  (3917s)
step 40000  train 0.7251  eval 0.6441  pmax 4.0  (4017s)
  [checkpoint + sample saved at step 40000]
step 41000  train 0.6979  eval 0.6960  pmax 4.0  (4104s)
step 42000  train 0.6817  eval 0.6759  pmax 4.0  (4201s)
step 43000  train 0.7077  eval 0.6457  pmax 4.0  (4298s)
step 44000  train 0.7331  eval 0.6377  pmax 4.0  (4395s)
step 45000  train 0.7064  eval 0.6661  pmax 4.0  (4492s)
step 46000  train 0.7016  eval 0.6503  pmax 4.0  (4589s)
step 47000  train 0.6908  eval 0.6657  pmax 4.0  (4686s)
step 48000  train 0.7114  eval 0.6468  pmax 4.0  (4783s)
step 49000  train 0.7070  eval 0.6705  pmax 4.0  (4865s)
step 50000  train 0.7044  eval 0.6512  pmax 4.0  (4913s)
  [checkpoint + sample saved at step 50000]
step 51000  train 0.6736  eval 0.6600  pmax 4.0  (4967s)
step 52000  train 0.6817  eval 0.6725  pmax 4.0  (5016s)
step 53000  train 0.7133  eval 0.6404  pmax 4.0  (5097s)
step 54000  train 0.6848  eval 0.6480  pmax 4.0  (5198s)
step 55000  train 0.6823  eval 0.6690  pmax 4.0  (5300s)
step 56000  train 0.7053  eval 0.6058  pmax 4.0  (5401s)
step 57000  train 0.6810  eval 0.6655  pmax 4.0  (5503s)
step 58000  train 0.6981  eval 0.6447  pmax 4.0  (5604s)
step 59000  train 0.6898  eval 0.6356  pmax 4.0  (5706s)
step 60000  train 0.6938  eval 0.6503  pmax 4.0  (5807s)
  [checkpoint + sample saved at step 60000]
step 61000  train 0.6876  eval 0.6367  pmax 4.0  (5914s)
step 62000  train 0.7005  eval 0.6250  pmax 4.0  (6015s)
step 63000  train 0.6965  eval 0.6374  pmax 4.0  (6086s)
step 64000  train 0.7000  eval 0.6307  pmax 4.0  (6141s)
step 65000  train 0.6729  eval 0.6580  pmax 4.0  (6196s)
step 66000  train 0.6787  eval 0.6453  pmax 4.0  (6251s)
step 67000  train 0.6959  eval 0.6397  pmax 4.0  (6307s)
step 68000  train 0.6801  eval 0.6229  pmax 4.0  (6363s)
step 69000  train 0.6787  eval 0.6605  pmax 4.1  (6419s)
step 70000  train 0.6983  eval 0.6252  pmax 4.1  (6475s)
  [checkpoint + sample saved at step 70000]
step 71000  train 0.6975  eval 0.6128  pmax 4.1  (6557s)
step 72000  train 0.6947  eval 0.6280  pmax 4.1  (6645s)
step 73000  train 0.6774  eval 0.6491  pmax 4.1  (6733s)
step 74000  train 0.6690  eval 0.6276  pmax 4.1  (6821s)
step 75000  train 0.6874  eval 0.6248  pmax 4.1  (6877s)
step 76000  train 0.6594  eval 0.6331  pmax 4.1  (6932s)
step 77000  train 0.6611  eval 0.6234  pmax 4.1  (6986s)
step 78000  train 0.6629  eval 0.6500  pmax 4.1  (7041s)
step 79000  train 0.6947  eval 0.6063  pmax 4.1  (7095s)
step 80000  train 0.6723  eval 0.6378  pmax 4.1  (7146s)
  [checkpoint + sample saved at step 80000]
step 81000  train 0.6798  eval 0.6393  pmax 4.1  (7200s)
step 82000  train 0.6722  eval 0.6333  pmax 4.1  (7249s)
step 83000  train 0.6583  eval 0.6410  pmax 4.1  (7297s)
step 84000  train 0.6853  eval 0.5995  pmax 4.1  (7346s)
step 85000  train 0.6672  eval 0.6154  pmax 4.1  (7395s)
step 86000  train 0.6501  eval 0.6035  pmax 4.1  (7443s)
step 87000  train 0.7019  eval 0.6244  pmax 4.1  (7492s)
step 88000  train 0.7061  eval 0.6399  pmax 4.1  (7540s)
step 89000  train 0.6667  eval 0.6421  pmax 4.1  (7589s)
step 90000  train 0.6867  eval 0.6113  pmax 4.1  (7638s)
  [checkpoint + sample saved at step 90000]
step 91000  train 0.6651  eval 0.6395  pmax 4.1  (7691s)
step 92000  train 0.6664  eval 0.6189  pmax 4.1  (7740s)
step 93000  train 0.6387  eval 0.6260  pmax 4.1  (7789s)
step 94000  train 0.6738  eval 0.6089  pmax 4.1  (7844s)
step 95000  train 0.6887  eval 0.6275  pmax 4.1  (7945s)
step 96000  train 0.6814  eval 0.5983  pmax 4.1  (8045s)
step 97000  train 0.6769  eval 0.6582  pmax 4.1  (8146s)
step 98000  train 0.6527  eval 0.6357  pmax 4.1  (8247s)
step 99000  train 0.6911  eval 0.6291  pmax 4.1  (8347s)
step 100000  train 0.7035  eval 0.5866  pmax 4.1  (8441s)
  [checkpoint + sample saved at step 100000]
done. artifacts in /home/luke/Wavelet-State-KAN/checkpoints/wskan11real_tinystories_1m_3ep_s2024
