/home/luke/Wavelet-State-KAN/experiments/V1_train_tinystories_lm.py:107: UserWarning: The given buffer is not writable, and PyTorch does not support non-writable tensors. This means you can write to the underlying (supposedly non-writable) buffer using the tensor. You may want to copy the buffer to protect its data or make it writable before converting it to a tensor. This type of warning will be suppressed for the rest of this program. (Triggered internally at /__w/pytorch/pytorch/torch/csrc/utils/tensor_new.cpp:1556.)
  train_ids = torch.frombuffer(train_text.encode("utf-8", errors="ignore"), dtype=torch.uint8)
train bytes: 1,195,926,439  eval bytes: 2,859,070
model: wskan11real  params: 985,956  device: cuda
W0920 09:23:57.233000 700360 .venv/lib/python3.12/site-packages/torch/_inductor/utils.py:1806] [0/0] Not enough SMs to use max_autotune_gemm mode
step     1  train 5.5487  eval 5.4452  pmax 3.0  (42s)
step  1000  train 1.3343  eval 1.3323  pmax 3.3  (140s)
step  2000  train 1.2820  eval 1.2674  pmax 3.4  (239s)
step  3000  train 1.2165  eval 1.2392  pmax 3.4  (337s)
step  4000  train 1.1563  eval 1.1782  pmax 3.5  (435s)
step  5000  train 1.2056  eval 1.1484  pmax 3.5  (533s)
step  6000  train 1.1530  eval 1.1607  pmax 3.6  (631s)
step  7000  train 1.1563  eval 1.1669  pmax 3.7  (729s)
step  8000  train 1.1127  eval 1.1195  pmax 3.7  (827s)
step  9000  train 1.1501  eval 1.1280  pmax 3.8  (925s)
step 10000  train 1.1365  eval 1.1125  pmax 3.8  (1023s)
  [checkpoint + sample saved at step 10000]
step 11000  train 1.1434  eval 1.1084  pmax 3.9  (1126s)
step 12000  train 1.1044  eval 1.0444  pmax 3.9  (1224s)
step 13000  train 1.0796  eval 1.0966  pmax 3.9  (1322s)
step 14000  train 1.0452  eval 1.0251  pmax 4.0  (1420s)
step 15000  train 1.0435  eval 1.1399  pmax 4.0  (1518s)
step 16000  train 1.0626  eval 1.0681  pmax 4.0  (1616s)
step 17000  train 1.0578  eval 1.1579  pmax 4.1  (1714s)
step 18000  train 1.0819  eval 1.0614  pmax 4.1  (1812s)
step 19000  train 1.0611  eval 1.0468  pmax 4.1  (1910s)
step 20000  train 1.0645  eval 1.0621  pmax 4.1  (2009s)
  [checkpoint + sample saved at step 20000]
step 21000  train 1.0161  eval 1.0409  pmax 4.2  (2112s)
step 22000  train 1.1084  eval 1.0448  pmax 4.2  (2210s)
step 23000  train 1.0136  eval 1.0557  pmax 4.2  (2308s)
step 24000  train 1.0227  eval 1.0516  pmax 4.2  (2406s)
step 25000  train 0.9960  eval 0.9750  pmax 4.2  (2504s)
step 26000  train 1.0308  eval 1.0018  pmax 4.2  (2603s)
step 27000  train 1.0582  eval 1.0511  pmax 4.2  (2701s)
step 28000  train 1.0150  eval 1.0127  pmax 4.3  (2799s)
step 29000  train 0.9954  eval 1.0462  pmax 4.3  (2897s)
step 30000  train 1.0317  eval 1.0409  pmax 4.3  (2995s)
  [checkpoint + sample saved at step 30000]
step 31000  train 1.0057  eval 1.0491  pmax 4.3  (3099s)
step 32000  train 1.0351  eval 1.0372  pmax 4.3  (3197s)
step 33000  train 1.0450  eval 0.9981  pmax 4.3  (3296s)
step 34000  train 0.9868  eval 1.0707  pmax 4.3  (3394s)
step 35000  train 1.0090  eval 1.0380  pmax 4.3  (3492s)
step 36000  train 1.0195  eval 1.0672  pmax 4.3  (3590s)
step 37000  train 1.0564  eval 1.0176  pmax 4.3  (3688s)
step 38000  train 1.0587  eval 1.0076  pmax 4.3  (3786s)
step 39000  train 1.0346  eval 1.0464  pmax 4.3  (3884s)
step 40000  train 0.9998  eval 1.0373  pmax 4.3  (3982s)
  [checkpoint + sample saved at step 40000]
step 41000  train 1.0087  eval 0.9573  pmax 4.3  (4085s)
step 42000  train 0.9575  eval 1.0109  pmax 4.3  (4183s)
step 43000  train 1.0399  eval 0.9848  pmax 4.3  (4281s)
step 44000  train 1.0173  eval 1.0085  pmax 4.3  (4378s)
step 45000  train 1.0188  eval 0.9972  pmax 4.3  (4477s)
step 46000  train 0.9913  eval 1.0647  pmax 4.3  (4575s)
step 47000  train 0.9816  eval 1.0170  pmax 4.3  (4673s)
step 48000  train 1.0170  eval 1.0334  pmax 4.3  (4771s)
step 49000  train 0.9612  eval 1.0318  pmax 4.3  (4869s)
step 50000  train 1.0028  eval 0.9964  pmax 4.3  (4967s)
  [checkpoint + sample saved at step 50000]
step 51000  train 0.9936  eval 1.0282  pmax 4.3  (5070s)
step 52000  train 1.0382  eval 1.0009  pmax 4.3  (5168s)
step 53000  train 0.9892  eval 1.0023  pmax 4.3  (5266s)
step 54000  train 1.0080  eval 1.0183  pmax 4.3  (5364s)
  [checkpoint + sample saved at step 54000]
done. artifacts in /home/luke/Wavelet-State-KAN/checkpoints/wskan11real_ultrachat_1m_3ep_s7
