/home/luke/Wavelet-State-KAN/experiments/V1_train_tinystories_lm.py:107: UserWarning: The given buffer is not writable, and PyTorch does not support non-writable tensors. This means you can write to the underlying (supposedly non-writable) buffer using the tensor. You may want to copy the buffer to protect its data or make it writable before converting it to a tensor. This type of warning will be suppressed for the rest of this program. (Triggered internally at /__w/pytorch/pytorch/torch/csrc/utils/tensor_new.cpp:1556.)
  train_ids = torch.frombuffer(train_text.encode("utf-8", errors="ignore"), dtype=torch.uint8)
train bytes: 1,195,926,439  eval bytes: 2,859,070
model: wskan11real  params: 985,956  device: cuda
W0920 03:58:14.117000 427700 .venv/lib/python3.12/site-packages/torch/_inductor/utils.py:1806] [0/0] Not enough SMs to use max_autotune_gemm mode
step     1  train 5.5549  eval 5.4502  pmax 3.0  (43s)
step  1000  train 1.3324  eval 1.3532  pmax 3.3  (120s)
step  2000  train 1.2535  eval 1.2103  pmax 3.3  (196s)
step  3000  train 1.2265  eval 1.2057  pmax 3.4  (273s)
step  4000  train 1.1371  eval 1.1640  pmax 3.5  (349s)
step  5000  train 1.1892  eval 1.1240  pmax 3.5  (426s)
step  6000  train 1.1807  eval 1.1511  pmax 3.5  (502s)
step  7000  train 1.0899  eval 1.1605  pmax 3.5  (579s)
step  8000  train 1.1401  eval 1.1546  pmax 3.6  (655s)
step  9000  train 1.0896  eval 1.0933  pmax 3.6  (731s)
step 10000  train 1.1116  eval 1.0812  pmax 3.6  (808s)
  [checkpoint + sample saved at step 10000]
step 11000  train 1.0705  eval 1.1432  pmax 3.7  (890s)
step 12000  train 1.0929  eval 1.0795  pmax 3.7  (966s)
step 13000  train 1.0324  eval 1.0798  pmax 3.7  (1043s)
step 14000  train 1.1022  eval 1.0507  pmax 3.8  (1119s)
step 15000  train 1.0503  eval 1.1024  pmax 3.8  (1195s)
step 16000  train 1.0167  eval 1.0744  pmax 3.8  (1272s)
step 17000  train 1.0832  eval 1.0952  pmax 3.8  (1348s)
step 18000  train 1.0977  eval 1.0732  pmax 3.8  (1424s)
step 19000  train 1.0815  eval 1.0397  pmax 3.8  (1501s)
step 20000  train 1.0470  eval 1.0750  pmax 3.9  (1577s)
  [checkpoint + sample saved at step 20000]
step 21000  train 1.0645  eval 1.0096  pmax 3.9  (1658s)
step 22000  train 1.0248  eval 1.0398  pmax 3.9  (1734s)
step 23000  train 1.0165  eval 1.0294  pmax 3.9  (1811s)
step 24000  train 1.0025  eval 1.0280  pmax 3.9  (1887s)
step 25000  train 1.0423  eval 0.9952  pmax 3.9  (1963s)
step 26000  train 1.0704  eval 1.0825  pmax 3.9  (2040s)
step 27000  train 1.0682  eval 1.0363  pmax 3.9  (2116s)
step 28000  train 1.0452  eval 1.0270  pmax 3.9  (2192s)
step 29000  train 1.0409  eval 1.0169  pmax 3.9  (2269s)
step 30000  train 1.0412  eval 1.0138  pmax 4.0  (2345s)
  [checkpoint + sample saved at step 30000]
step 31000  train 1.0086  eval 0.9981  pmax 4.0  (2426s)
step 32000  train 1.0129  eval 0.9847  pmax 4.0  (2503s)
step 33000  train 1.0327  eval 1.0030  pmax 4.0  (2579s)
step 34000  train 1.0446  eval 1.0182  pmax 4.0  (2655s)
step 35000  train 0.9974  eval 1.0583  pmax 4.0  (2731s)
step 36000  train 1.0158  eval 1.0588  pmax 4.0  (2808s)
step 37000  train 1.0128  eval 0.9989  pmax 4.0  (2884s)
step 38000  train 0.9946  eval 1.0101  pmax 4.0  (2960s)
step 39000  train 1.0551  eval 0.9811  pmax 4.0  (3037s)
step 40000  train 0.9822  eval 0.9887  pmax 4.0  (3113s)
  [checkpoint + sample saved at step 40000]
step 41000  train 1.0292  eval 0.9527  pmax 4.0  (3194s)
step 42000  train 0.9733  eval 1.0377  pmax 4.0  (3271s)
step 43000  train 1.0453  eval 1.0561  pmax 4.0  (3347s)
step 44000  train 1.0080  eval 1.0588  pmax 4.0  (3424s)
step 45000  train 0.9854  eval 0.9935  pmax 4.0  (3500s)
step 46000  train 0.9848  eval 0.9843  pmax 4.0  (3576s)
step 47000  train 0.9775  eval 1.0346  pmax 4.0  (3652s)
step 48000  train 0.9912  eval 1.0738  pmax 4.0  (3729s)
step 49000  train 1.0496  eval 0.9815  pmax 4.0  (3805s)
step 50000  train 0.9446  eval 0.9942  pmax 4.0  (3881s)
  [checkpoint + sample saved at step 50000]
step 51000  train 1.0350  eval 0.9497  pmax 4.0  (3963s)
step 52000  train 0.9749  eval 0.9827  pmax 4.0  (4039s)
step 53000  train 0.9953  eval 0.9698  pmax 4.0  (4115s)
step 54000  train 1.0286  eval 1.0095  pmax 4.0  (4192s)
  [checkpoint + sample saved at step 54000]
done. artifacts in /home/luke/Wavelet-State-KAN/checkpoints/wskan11real_ultrachat_1m_3ep_s31337
