/home/luke/Wavelet-State-KAN/experiments/V1_train_tinystories_lm.py:107: UserWarning: The given buffer is not writable, and PyTorch does not support non-writable tensors. This means you can write to the underlying (supposedly non-writable) buffer using the tensor. You may want to copy the buffer to protect its data or make it writable before converting it to a tensor. This type of warning will be suppressed for the rest of this program. (Triggered internally at /__w/pytorch/pytorch/torch/csrc/utils/tensor_new.cpp:1556.)
  train_ids = torch.frombuffer(train_text.encode("utf-8", errors="ignore"), dtype=torch.uint8)
train bytes: 1,195,926,439  eval bytes: 2,859,070
model: wskan7bcreal  params: 985,956  device: cuda
W0915 03:40:25.154000 856100 .venv/lib/python3.12/site-packages/torch/_inductor/utils.py:1806] [0/1] Not enough SMs to use max_autotune_gemm mode
step     1  train 5.5793  eval 5.4854  pmax 3.0  (17s)
step  1000  train 1.3866  eval 1.3068  pmax 3.2  (1436s)
step  2000  train 1.2480  eval 1.2434  pmax 3.4  (2852s)
step  3000  train 1.1662  eval 1.2225  pmax 3.5  (4267s)
step  4000  train 1.1624  eval 1.1432  pmax 3.5  (5671s)
step  5000  train 1.1163  eval 1.2132  pmax 3.6  (7089s)
step  6000  train 1.1414  eval 1.1737  pmax 3.6  (8495s)
step  7000  train 1.1000  eval 1.0790  pmax 3.7  (9910s)
step  8000  train 1.1537  eval 1.1287  pmax 3.7  (11331s)
step  9000  train 1.0920  eval 1.1606  pmax 3.8  (12756s)
step 10000  train 1.0959  eval 1.0731  pmax 3.8  (14175s)
  [checkpoint + sample saved at step 10000]
step 11000  train 1.1656  eval 1.0613  pmax 3.8  (15614s)
step 12000  train 1.0602  eval 1.1060  pmax 3.8  (17037s)
step 13000  train 1.0329  eval 1.1423  pmax 3.9  (18466s)
step 14000  train 1.0865  eval 1.0508  pmax 3.9  (19883s)
step 15000  train 1.0385  eval 1.0558  pmax 3.9  (21310s)
step 16000  train 1.0585  eval 1.0575  pmax 3.9  (22733s)
step 17000  train 1.0849  eval 1.0704  pmax 3.9  (24155s)
step 18000  train 1.0572  eval 1.0051  pmax 4.0  (25575s)
step 19000  train 0.9852  eval 1.1070  pmax 4.0  (26993s)
step 20000  train 1.0276  eval 1.0635  pmax 4.0  (28421s)
  [checkpoint + sample saved at step 20000]
step 21000  train 1.0760  eval 1.0784  pmax 4.0  (29854s)
step 22000  train 1.0389  eval 1.0656  pmax 4.0  (31284s)
step 23000  train 1.0020  eval 1.0769  pmax 4.0  (32705s)
step 24000  train 1.0249  eval 1.0614  pmax 4.0  (34133s)
step 25000  train 1.0182  eval 1.0427  pmax 4.0  (35558s)
step 26000  train 1.0611  eval 1.0231  pmax 4.1  (36984s)
step 27000  train 0.9634  eval 0.9457  pmax 4.1  (38409s)
step 28000  train 1.0184  eval 1.0518  pmax 4.1  (39827s)
step 29000  train 1.0406  eval 1.0529  pmax 4.1  (41252s)
step 30000  train 0.9952  eval 1.0713  pmax 4.1  (42680s)
  [checkpoint + sample saved at step 30000]
step 31000  train 0.9937  eval 1.0180  pmax 4.1  (44120s)
step 32000  train 1.0053  eval 1.0073  pmax 4.1  (45547s)
step 33000  train 0.9993  eval 0.9959  pmax 4.1  (47013s)
step 34000  train 1.0380  eval 0.9989  pmax 4.1  (48558s)
step 35000  train 0.9792  eval 0.9217  pmax 4.1  (49948s)
step 36000  train 0.9740  eval 1.0129  pmax 4.1  (51425s)
step 37000  train 1.0507  eval 1.0392  pmax 4.1  (52953s)
step 38000  train 0.9724  eval 0.9476  pmax 4.1  (54359s)
step 39000  train 1.0037  eval 1.0023  pmax 4.1  (55924s)
step 40000  train 0.9818  eval 1.0041  pmax 4.2  (57499s)
  [checkpoint + sample saved at step 40000]
step 41000  train 0.9961  eval 1.0263  pmax 4.2  (59075s)
step 42000  train 0.9784  eval 0.9688  pmax 4.2  (60647s)
step 43000  train 1.0186  eval 1.0538  pmax 4.2  (62235s)
step 44000  train 1.0315  eval 0.9847  pmax 4.2  (63815s)
step 45000  train 1.0102  eval 1.0141  pmax 4.2  (65335s)
step 46000  train 1.0528  eval 1.0656  pmax 4.2  (66896s)
step 47000  train 0.9890  eval 1.0036  pmax 4.2  (68471s)
step 48000  train 0.9809  eval 1.0150  pmax 4.2  (70039s)
step 49000  train 0.9902  eval 1.0304  pmax 4.2  (71605s)
step 50000  train 0.9928  eval 1.0146  pmax 4.2  (73180s)
  [checkpoint + sample saved at step 50000]
step 51000  train 0.9999  eval 0.9826  pmax 4.2  (74757s)
step 52000  train 0.9964  eval 1.0250  pmax 4.2  (76295s)
step 53000  train 1.0014  eval 0.9649  pmax 4.2  (77794s)
step 54000  train 0.9543  eval 0.9882  pmax 4.2  (79254s)
  [checkpoint + sample saved at step 54000]
done. artifacts in /home/luke/Wavelet-State-KAN/checkpoints/wskan7bcreal_ultrachat_1m_3ep_s42
