/home/luke/Wavelet-State-KAN/experiments/V1_train_tinystories_lm.py:107: UserWarning: The given buffer is not writable, and PyTorch does not support non-writable tensors. This means you can write to the underlying (supposedly non-writable) buffer using the tensor. You may want to copy the buffer to protect its data or make it writable before converting it to a tensor. This type of warning will be suppressed for the rest of this program. (Triggered internally at /__w/pytorch/pytorch/torch/csrc/utils/tensor_new.cpp:1556.)
  train_ids = torch.frombuffer(train_text.encode("utf-8", errors="ignore"), dtype=torch.uint8)
train bytes: 1,195,926,439  eval bytes: 2,859,070
model: wskan7bcreal  params: 985,956  device: cuda
W0916 03:58:09.983000 1135409 .venv/lib/python3.12/site-packages/torch/_inductor/utils.py:1806] [0/1] Not enough SMs to use max_autotune_gemm mode
step     1  train 5.5684  eval 5.4704  pmax 3.0  (15s)
step  1000  train 1.3400  eval 1.3539  pmax 3.3  (1337s)
step  2000  train 1.3158  eval 1.2595  pmax 3.5  (2626s)
step  3000  train 1.2448  eval 1.2852  pmax 3.6  (3911s)
step  4000  train 1.1583  eval 1.1927  pmax 3.6  (5215s)
step  5000  train 1.1297  eval 1.1427  pmax 3.6  (6507s)
step  6000  train 1.2199  eval 1.1415  pmax 3.7  (7828s)
step  7000  train 1.1581  eval 1.0676  pmax 3.7  (9118s)
step  8000  train 1.1169  eval 1.0997  pmax 3.7  (10411s)
step  9000  train 1.1001  eval 1.1196  pmax 3.8  (11704s)
step 10000  train 1.0970  eval 1.0835  pmax 3.8  (13010s)
  [checkpoint + sample saved at step 10000]
step 11000  train 1.1298  eval 1.1051  pmax 3.8  (14331s)
step 12000  train 1.1011  eval 1.1161  pmax 3.9  (15644s)
step 13000  train 1.0925  eval 1.0741  pmax 3.9  (16937s)
step 14000  train 1.1129  eval 1.1110  pmax 3.9  (18254s)
step 15000  train 1.0809  eval 1.1041  pmax 3.9  (19606s)
step 16000  train 1.0522  eval 1.0520  pmax 3.9  (20953s)
step 17000  train 1.0219  eval 1.1122  pmax 3.9  (22263s)
step 18000  train 1.0805  eval 1.0494  pmax 3.9  (23581s)
step 19000  train 1.0205  eval 1.0428  pmax 3.9  (24869s)
step 20000  train 1.0972  eval 1.0406  pmax 4.0  (26169s)
  [checkpoint + sample saved at step 20000]
step 21000  train 1.0760  eval 1.0389  pmax 4.0  (27529s)
step 22000  train 1.0573  eval 1.0785  pmax 4.0  (28843s)
step 23000  train 1.0499  eval 1.0330  pmax 4.0  (30136s)
step 24000  train 1.0033  eval 1.0055  pmax 4.0  (31430s)
step 25000  train 1.0499  eval 1.0318  pmax 4.0  (32736s)
step 26000  train 1.0365  eval 1.0756  pmax 4.0  (34053s)
step 27000  train 1.0300  eval 1.0880  pmax 4.0  (35345s)
step 28000  train 1.0346  eval 1.0172  pmax 4.0  (36641s)
step 29000  train 1.0626  eval 1.0646  pmax 4.1  (37926s)
step 30000  train 1.0034  eval 1.0541  pmax 4.1  (39228s)
  [checkpoint + sample saved at step 30000]
step 31000  train 1.0201  eval 1.0199  pmax 4.1  (40553s)
step 32000  train 1.0223  eval 1.0238  pmax 4.1  (41884s)
step 33000  train 0.9991  eval 1.0159  pmax 4.1  (43284s)
step 34000  train 1.0461  eval 1.0325  pmax 4.1  (44734s)
step 35000  train 0.9936  eval 0.9871  pmax 4.1  (46184s)
step 36000  train 1.1051  eval 0.9675  pmax 4.1  (47658s)
step 37000  train 0.9793  eval 0.9727  pmax 4.1  (49157s)
step 38000  train 1.0092  eval 0.9941  pmax 4.1  (50588s)
step 39000  train 1.0416  eval 0.9846  pmax 4.1  (51984s)
step 40000  train 1.0675  eval 1.0648  pmax 4.1  (53471s)
  [checkpoint + sample saved at step 40000]
step 41000  train 1.0112  eval 1.0251  pmax 4.1  (54913s)
step 42000  train 1.0232  eval 1.0031  pmax 4.1  (56331s)
step 43000  train 0.9775  eval 1.0578  pmax 4.1  (57799s)
step 44000  train 1.0049  eval 0.9928  pmax 4.1  (59205s)
step 45000  train 0.9797  eval 1.0607  pmax 4.1  (60533s)
step 46000  train 0.9803  eval 0.9587  pmax 4.1  (61838s)
step 47000  train 1.0328  eval 1.0313  pmax 4.1  (63145s)
step 48000  train 1.0007  eval 1.0117  pmax 4.1  (64491s)
step 49000  train 1.0337  eval 0.9958  pmax 4.1  (66026s)
step 50000  train 1.0092  eval 1.0164  pmax 4.1  (67599s)
  [checkpoint + sample saved at step 50000]
step 51000  train 1.0240  eval 1.0114  pmax 4.1  (69144s)
step 52000  train 0.9793  eval 1.0039  pmax 4.1  (70637s)
step 53000  train 0.9360  eval 1.0187  pmax 4.1  (72157s)
step 54000  train 0.9918  eval 1.0123  pmax 4.1  (73586s)
  [checkpoint + sample saved at step 54000]
done. artifacts in /home/luke/Wavelet-State-KAN/checkpoints/wskan7bcreal_ultrachat_1m_3ep_s123
