/home/luke/Wavelet-State-KAN/experiments/V1_train_tinystories_lm.py:107: UserWarning: The given buffer is not writable, and PyTorch does not support non-writable tensors. This means you can write to the underlying (supposedly non-writable) buffer using the tensor. You may want to copy the buffer to protect its data or make it writable before converting it to a tensor. This type of warning will be suppressed for the rest of this program. (Triggered internally at /__w/pytorch/pytorch/torch/csrc/utils/tensor_new.cpp:1556.)
  train_ids = torch.frombuffer(train_text.encode("utf-8", errors="ignore"), dtype=torch.uint8)
train bytes: 542,898,247  eval bytes: 130,357
model: wskan11  params: 985,956  device: cuda
step     1  train 5.5726  eval 5.4863  pmax 18.9  (19s)
step  1000  train 1.5285  eval 1.5225  pmax 18.9  (83s)
step  2000  train 1.3935  eval 1.3963  pmax 19.0  (147s)
step  3000  train 1.3290  eval 1.3675  pmax 19.0  (211s)
step  4000  train 1.3054  eval 1.3471  pmax 19.0  (275s)
step  5000  train 1.2708  eval 1.3366  pmax 19.0  (338s)
step  6000  train 1.2523  eval 1.2336  pmax 19.0  (402s)
step  7000  train 1.3057  eval 1.2392  pmax 19.1  (466s)
step  8000  train 1.2696  eval 1.2672  pmax 19.2  (530s)
step  9000  train 1.2603  eval 1.2624  pmax 19.2  (594s)
step 10000  train 1.2748  eval 1.1850  pmax 19.2  (657s)
  [checkpoint + sample saved at step 10000]
step 11000  train 1.2212  eval 1.2371  pmax 19.2  (727s)
step 12000  train 1.2504  eval 1.2178  pmax 19.3  (790s)
step 13000  train 1.1604  eval 1.2269  pmax 19.3  (854s)
step 14000  train 1.1951  eval 1.1905  pmax 19.4  (918s)
step 15000  train 1.2636  eval 1.2634  pmax 19.4  (982s)
step 16000  train 1.2166  eval 1.1882  pmax 19.4  (1046s)
step 17000  train 1.2159  eval 1.2011  pmax 19.5  (1109s)
step 18000  train 1.2000  eval 1.2484  pmax 19.5  (1173s)
step 19000  train 1.1676  eval 1.2092  pmax 19.5  (1237s)
step 20000  train 1.1997  eval 1.1783  pmax 19.6  (1301s)
  [checkpoint + sample saved at step 20000]
step 21000  train 1.2229  eval 1.1861  pmax 19.6  (1370s)
step 22000  train 1.1827  eval 1.1493  pmax 19.7  (1433s)
step 23000  train 1.1806  eval 1.1886  pmax 19.7  (1497s)
step 24000  train 1.2138  eval 1.1833  pmax 19.7  (1561s)
step 25000  train 1.1889  eval 1.1620  pmax 19.8  (1625s)
step 26000  train 1.1754  eval 1.1789  pmax 19.8  (1689s)
step 27000  train 1.1979  eval 1.1961  pmax 19.8  (1752s)
step 28000  train 1.1556  eval 1.1615  pmax 19.8  (1816s)
step 29000  train 1.1564  eval 1.1802  pmax 19.9  (1880s)
step 30000  train 1.1764  eval 1.1697  pmax 19.9  (1944s)
  [checkpoint + sample saved at step 30000]
step 31000  train 1.1375  eval 1.1932  pmax 19.9  (2013s)
step 32000  train 1.1354  eval 1.1723  pmax 20.0  (2076s)
step 33000  train 1.1537  eval 1.1639  pmax 20.0  (2140s)
step 34000  train 1.1712  eval 1.1466  pmax 20.0  (2204s)
step 35000  train 1.1776  eval 1.1285  pmax 20.0  (2268s)
step 36000  train 1.1670  eval 1.1704  pmax 20.0  (2331s)
step 37000  train 1.1424  eval 1.1669  pmax 20.0  (2395s)
step 38000  train 1.1640  eval 1.1267  pmax 20.1  (2459s)
step 39000  train 1.1704  eval 1.1658  pmax 20.1  (2523s)
step 40000  train 1.1415  eval 1.1719  pmax 20.1  (2587s)
  [checkpoint + sample saved at step 40000]
step 41000  train 1.1612  eval 1.1104  pmax 20.1  (2655s)
step 42000  train 1.1613  eval 1.1567  pmax 20.1  (2719s)
step 43000  train 1.1469  eval 1.1329  pmax 20.1  (2783s)
step 44000  train 1.1668  eval 1.1277  pmax 20.1  (2847s)
step 45000  train 1.1716  eval 1.1573  pmax 20.1  (2911s)
step 46000  train 1.1701  eval 1.1388  pmax 20.1  (2974s)
step 47000  train 1.1460  eval 1.1227  pmax 20.1  (3038s)
step 48000  train 1.1698  eval 1.1635  pmax 20.1  (3102s)
step 49000  train 1.1533  eval 1.1472  pmax 20.1  (3166s)
step 50000  train 1.1600  eval 1.1804  pmax 20.1  (3230s)
  [checkpoint + sample saved at step 50000]
step 51000  train 1.1143  eval 1.1469  pmax 20.1  (3299s)
step 52000  train 1.1571  eval 1.1317  pmax 20.1  (3362s)
step 53000  train 1.1517  eval 1.1198  pmax 20.1  (3426s)
step 54000  train 1.1325  eval 1.1236  pmax 20.1  (3490s)
step 55000  train 1.0985  eval 1.1423  pmax 20.1  (3554s)
step 56000  train 1.1835  eval 1.2030  pmax 20.1  (3618s)
step 57000  train 1.1264  eval 1.1221  pmax 20.1  (3682s)
step 58000  train 1.1350  eval 1.1608  pmax 20.1  (3745s)
step 59000  train 1.1181  eval 1.1607  pmax 20.1  (3809s)
step 60000  train 1.1308  eval 1.1438  pmax 20.1  (3873s)
  [checkpoint + sample saved at step 60000]
step 61000  train 1.1251  eval 1.1416  pmax 20.1  (3942s)
step 62000  train 1.1393  eval 1.1751  pmax 20.1  (4005s)
step 63000  train 1.1627  eval 1.1831  pmax 20.1  (4069s)
step 64000  train 1.1342  eval 1.1311  pmax 20.1  (4133s)
step 65000  train 1.1335  eval 1.1651  pmax 20.1  (4197s)
step 66000  train 1.1381  eval 1.1684  pmax 20.1  (4261s)
  [checkpoint + sample saved at step 66000]
done. artifacts in /home/luke/Wavelet-State-KAN/checkpoints/wskan11_wikitext_1m_3ep_s2024
