/home/luke/Wavelet-State-KAN/experiments/V1_train_tinystories_lm.py:107: UserWarning: The given buffer is not writable, and PyTorch does not support non-writable tensors. This means you can write to the underlying (supposedly non-writable) buffer using the tensor. You may want to copy the buffer to protect its data or make it writable before converting it to a tensor. This type of warning will be suppressed for the rest of this program. (Triggered internally at /__w/pytorch/pytorch/torch/csrc/utils/tensor_new.cpp:1556.)
  train_ids = torch.frombuffer(train_text.encode("utf-8", errors="ignore"), dtype=torch.uint8)
train bytes: 1,195,926,439  eval bytes: 2,859,070
model: wskan11real  params: 3,610  device: cuda
step     1  train 5.5374  eval 5.5264  pmax 3.0  (7s)
step  1000  train 2.6427  eval 2.6396  pmax 2.6  (16s)
step  2000  train 2.6421  eval 2.5951  pmax 3.0  (25s)
step  3000  train 2.6047  eval 2.5986  pmax 3.5  (34s)
step  4000  train 2.5591  eval 2.5529  pmax 4.6  (44s)
step  5000  train 2.5781  eval 2.5281  pmax 5.0  (52s)
step  6000  train 2.5269  eval 2.5292  pmax 5.1  (61s)
step  7000  train 2.5369  eval 2.5331  pmax 5.4  (70s)
step  8000  train 2.5205  eval 2.5180  pmax 5.6  (79s)
step  9000  train 2.5225  eval 2.5152  pmax 5.8  (88s)
step 10000  train 2.5023  eval 2.5359  pmax 6.0  (96s)
step 11000  train 2.5043  eval 2.5312  pmax 6.3  (105s)
step 12000  train 2.4826  eval 2.5171  pmax 6.5  (114s)
step 13000  train 2.5154  eval 2.5038  pmax 6.7  (123s)
step 14000  train 2.5194  eval 2.4775  pmax 6.8  (132s)
step 15000  train 2.4875  eval 2.5107  pmax 7.0  (140s)
step 16000  train 2.5335  eval 2.4709  pmax 7.2  (150s)
step 17000  train 2.5045  eval 2.5523  pmax 7.3  (158s)
step 18000  train 2.5534  eval 2.5609  pmax 7.5  (167s)
step 19000  train 2.4985  eval 2.4595  pmax 7.6  (176s)
step 20000  train 2.4620  eval 2.4600  pmax 7.6  (184s)
step 21000  train 2.4649  eval 2.5121  pmax 7.7  (193s)
step 22000  train 2.4938  eval 2.4846  pmax 7.8  (202s)
step 23000  train 2.5348  eval 2.4992  pmax 7.8  (211s)
step 24000  train 2.4992  eval 2.4508  pmax 7.9  (220s)
step 25000  train 2.4858  eval 2.4684  pmax 7.9  (229s)
  [checkpoint + sample saved at step 25000]
step 26000  train 2.5187  eval 2.4625  pmax 7.9  (239s)
step 27000  train 2.4919  eval 2.4891  pmax 8.0  (248s)
step 28000  train 2.4619  eval 2.4930  pmax 8.0  (257s)
step 29000  train 2.4705  eval 2.4738  pmax 8.0  (267s)
step 30000  train 2.4808  eval 2.4893  pmax 8.1  (276s)
step 31000  train 2.4799  eval 2.4603  pmax 8.1  (285s)
step 32000  train 2.4767  eval 2.4605  pmax 8.1  (294s)
step 33000  train 2.4977  eval 2.4961  pmax 8.1  (303s)
step 34000  train 2.5017  eval 2.4818  pmax 8.1  (312s)
step 35000  train 2.4963  eval 2.4944  pmax 8.1  (321s)
step 36000  train 2.5185  eval 2.5162  pmax 8.1  (330s)
  [checkpoint + sample saved at step 36000]
done. artifacts in /home/luke/Wavelet-State-KAN/checkpoints/wskan11real_ultrachat_1k_3ep_s7
