/home/luke/Wavelet-State-KAN/experiments/V1_train_tinystories_lm.py:107: UserWarning: The given buffer is not writable, and PyTorch does not support non-writable tensors. This means you can write to the underlying (supposedly non-writable) buffer using the tensor. You may want to copy the buffer to protect its data or make it writable before converting it to a tensor. This type of warning will be suppressed for the rest of this program. (Triggered internally at /__w/pytorch/pytorch/torch/csrc/utils/tensor_new.cpp:1556.)
  train_ids = torch.frombuffer(train_text.encode("utf-8", errors="ignore"), dtype=torch.uint8)
train bytes: 1,905,061,325  eval bytes: 405,730
model: wskan11  params: 10,153,996  device: cuda
step     1  train 5.6974  eval 4.4734  pmax 18.9  (11s)
step  1000  train 0.8687  eval 0.8686  pmax 18.9  (152s)
step  2000  train 0.8373  eval 0.7739  pmax 19.1  (294s)
step  3000  train 0.7744  eval 0.7241  pmax 19.2  (436s)
step  4000  train 0.7805  eval 0.7080  pmax 19.3  (578s)
step  5000  train 0.7279  eval 0.6973  pmax 19.3  (719s)
  [checkpoint + sample saved at step 5000]
step  6000  train 0.7429  eval 0.6712  pmax 19.3  (863s)
step  7000  train 0.7070  eval 0.6827  pmax 19.4  (1005s)
step  8000  train 0.6874  eval 0.6580  pmax 19.5  (1147s)
step  9000  train 0.6882  eval 0.6548  pmax 19.6  (1288s)
step 10000  train 0.7156  eval 0.6226  pmax 19.7  (1430s)
  [checkpoint + sample saved at step 10000]
step 11000  train 0.6710  eval 0.6027  pmax 19.7  (1574s)
step 12000  train 0.6975  eval 0.6494  pmax 19.8  (1715s)
step 13000  train 0.6522  eval 0.6084  pmax 19.8  (1857s)
step 14000  train 0.6470  eval 0.6080  pmax 19.9  (1999s)
step 15000  train 0.6598  eval 0.6277  pmax 19.9  (2141s)
  [checkpoint + sample saved at step 15000]
step 16000  train 0.6950  eval 0.6209  pmax 19.9  (2284s)
step 17000  train 0.6097  eval 0.6041  pmax 20.0  (2426s)
step 18000  train 0.6088  eval 0.6043  pmax 20.0  (2568s)
step 19000  train 0.6542  eval 0.6046  pmax 20.0  (2709s)
step 20000  train 0.6286  eval 0.5977  pmax 20.0  (2851s)
  [checkpoint + sample saved at step 20000]
step 21000  train 0.6443  eval 0.6124  pmax 20.1  (2995s)
step 22000  train 0.6223  eval 0.5686  pmax 20.1  (3137s)
step 23000  train 0.6390  eval 0.6024  pmax 20.1  (3278s)
step 24000  train 0.6372  eval 0.5818  pmax 20.1  (3420s)
step 25000  train 0.6337  eval 0.5649  pmax 20.1  (3562s)
  [checkpoint + sample saved at step 25000]
step 26000  train 0.6254  eval 0.5522  pmax 20.1  (3705s)
step 27000  train 0.6422  eval 0.5748  pmax 20.1  (3847s)
step 28000  train 0.5987  eval 0.5660  pmax 20.1  (3989s)
step 29000  train 0.6354  eval 0.5987  pmax 20.1  (4131s)
step 30000  train 0.6104  eval 0.5737  pmax 20.1  (4272s)
  [checkpoint + sample saved at step 30000]
step 31000  train 0.6215  eval 0.5979  pmax 20.1  (4416s)
step 32000  train 0.6372  eval 0.5906  pmax 20.1  (4558s)
step 33000  train 0.6011  eval 0.5672  pmax 20.1  (4700s)
  [checkpoint + sample saved at step 33000]
done. artifacts in /home/luke/Wavelet-State-KAN/checkpoints/wskan11_tinystories_10m_3ep_s2024
