/home/luke/Wavelet-State-KAN/experiments/V1_train_tinystories_lm.py:107: UserWarning: The given buffer is not writable, and PyTorch does not support non-writable tensors. This means you can write to the underlying (supposedly non-writable) buffer using the tensor. You may want to copy the buffer to protect its data or make it writable before converting it to a tensor. This type of warning will be suppressed for the rest of this program. (Triggered internally at /__w/pytorch/pytorch/torch/csrc/utils/tensor_new.cpp:1556.)
  train_ids = torch.frombuffer(train_text.encode("utf-8", errors="ignore"), dtype=torch.uint8)
train bytes: 1,905,061,325  eval bytes: 405,730
model: wskan11real  params: 3,610  device: cuda
step     1  train 5.5349  eval 5.5237  pmax 3.0  (8s)
step  1000  train 2.3716  eval 2.3945  pmax 2.8  (17s)
step  2000  train 2.3085  eval 2.2679  pmax 4.9  (26s)
step  3000  train 2.2911  eval 2.2949  pmax 5.7  (36s)
step  4000  train 2.2741  eval 2.2697  pmax 5.7  (45s)
step  5000  train 2.2817  eval 2.2820  pmax 5.6  (54s)
step  6000  train 2.2664  eval 2.2428  pmax 5.6  (63s)
step  7000  train 2.2427  eval 2.2193  pmax 5.8  (73s)
step  8000  train 2.2069  eval 2.2234  pmax 6.2  (82s)
step  9000  train 2.2305  eval 2.2129  pmax 7.3  (92s)
step 10000  train 2.2166  eval 2.2213  pmax 8.3  (101s)
step 11000  train 2.2231  eval 2.2021  pmax 9.3  (111s)
step 12000  train 2.2023  eval 2.2186  pmax 9.9  (121s)
step 13000  train 2.1970  eval 2.2011  pmax 10.6  (130s)
step 14000  train 2.2096  eval 2.1777  pmax 11.3  (139s)
step 15000  train 2.2000  eval 2.1992  pmax 11.9  (149s)
step 16000  train 2.2092  eval 2.2072  pmax 12.5  (159s)
step 17000  train 2.1895  eval 2.1965  pmax 13.0  (168s)
step 18000  train 2.1650  eval 2.2044  pmax 13.4  (177s)
step 19000  train 2.1928  eval 2.1872  pmax 13.8  (187s)
step 20000  train 2.1872  eval 2.2099  pmax 14.2  (196s)
step 21000  train 2.1954  eval 2.1731  pmax 14.5  (206s)
step 22000  train 2.2014  eval 2.2167  pmax 14.7  (216s)
step 23000  train 2.1810  eval 2.2122  pmax 14.8  (225s)
step 24000  train 2.1814  eval 2.1830  pmax 14.9  (234s)
step 25000  train 2.1813  eval 2.1958  pmax 15.0  (243s)
  [checkpoint + sample saved at step 25000]
step 26000  train 2.1860  eval 2.2032  pmax 15.1  (254s)
step 27000  train 2.1911  eval 2.1765  pmax 15.1  (263s)
step 28000  train 2.1685  eval 2.1895  pmax 15.2  (273s)
step 29000  train 2.1813  eval 2.1939  pmax 15.2  (281s)
step 30000  train 2.1568  eval 2.1937  pmax 15.2  (291s)
  [checkpoint + sample saved at step 30000]
done. artifacts in /home/luke/Wavelet-State-KAN/checkpoints/wskan11real_tinystories_1k_3ep_s7
