train bytes: 180,723,994  eval bytes: 405,730
model: wskan3  params: 101,856  device: cuda
W0912 10:06:59.443000 3512979 .venv/lib/python3.12/site-packages/torch/_inductor/utils.py:1806] [0/0] Not enough SMs to use max_autotune_gemm mode
step     1  train 5.5512  eval 5.5459  pmax 18.9  (283s)
step  2500  train 1.2014  eval 1.0928  pmax 18.9  (412s)
step  5000  train 1.0890  eval 1.0455  pmax 19.1  (543s)
step  7500  train 0.9947  eval 0.9714  pmax 19.4  (671s)
step 10000  train 0.9575  eval 0.9380  pmax 19.7  (802s)
step 12500  train 0.9710  eval 0.9785  pmax 20.0  (928s)
step 15000  train 0.9356  eval 0.9329  pmax 20.2  (1054s)
step 17500  train 0.9514  eval 0.9437  pmax 20.4  (1181s)
step 20000  train 0.9552  eval 0.8681  pmax 20.5  (1309s)
step 22500  train 0.9824  eval 0.9151  pmax 20.6  (1433s)
step 25000  train 0.9332  eval 0.9065  pmax 20.7  (1558s)
step 27500  train 0.9628  eval 0.9120  pmax 20.7  (1683s)
step 30000  train 0.9291  eval 0.9300  pmax 20.7  (1807s)
step 32500  train 0.9521  eval 0.9076  pmax 20.8  (1936s)
step 35000  train 0.9234  eval 0.8588  pmax 20.8  (2065s)
step 37500  train 0.9309  eval 0.8813  pmax 20.8  (2195s)
step 40000  train 0.9708  eval 0.8818  pmax 20.9  (2320s)
step 42500  train 0.9412  eval 0.8730  pmax 20.9  (2445s)
step 45000  train 0.9467  eval 0.8764  pmax 20.9  (2570s)
step 47500  train 0.9379  eval 0.8725  pmax 20.9  (2697s)
step 50000  train 0.9356  eval 0.8375  pmax 20.9  (2821s)
  [checkpoint + sample saved at step 50000]
step 52500  train 0.9210  eval 0.9083  pmax 20.9  (2950s)
step 55000  train 0.9191  eval 0.8786  pmax 20.9  (3082s)
step 57500  train 0.9125  eval 0.8981  pmax 20.9  (3208s)
step 60000  train 0.9218  eval 0.8983  pmax 20.9  (3335s)
step 62500  train 0.9036  eval 0.8954  pmax 20.9  (3466s)
step 65000  train 0.8677  eval 0.8778  pmax 20.9  (3594s)
step 67500  train 0.9715  eval 0.9361  pmax 20.9  (3723s)
step 70000  train 0.9013  eval 0.8172  pmax 20.9  (3851s)
step 72500  train 0.9161  eval 0.8320  pmax 20.9  (3979s)
step 75000  train 0.8925  eval 0.8876  pmax 20.9  (4108s)
step 77500  train 0.9016  eval 0.8175  pmax 20.9  (4234s)
step 80000  train 0.8802  eval 0.8667  pmax 20.8  (4359s)
step 82500  train 0.9112  eval 0.8792  pmax 20.8  (4488s)
step 85000  train 0.8833  eval 0.8745  pmax 20.8  (4614s)
step 87500  train 0.8954  eval 0.8308  pmax 20.8  (4740s)
step 90000  train 0.9051  eval 0.8246  pmax 20.8  (4870s)
step 92500  train 0.9187  eval 0.8834  pmax 20.8  (4999s)
step 95000  train 0.8653  eval 0.8586  pmax 20.8  (5128s)
step 97500  train 0.9187  eval 0.8579  pmax 20.8  (5256s)
step 100000  train 0.9145  eval 0.8460  pmax 20.8  (5382s)
  [checkpoint + sample saved at step 100000]
done. artifacts in /home/luke/Wavelet-State-KAN/checkpoints/wskan3_tinystories_interp_s42
