/home/luke/Wavelet-State-KAN/experiments/V1_train_tinystories_lm.py:107: UserWarning: The given buffer is not writable, and PyTorch does not support non-writable tensors. This means you can write to the underlying (supposedly non-writable) buffer using the tensor. You may want to copy the buffer to protect its data or make it writable before converting it to a tensor. This type of warning will be suppressed for the rest of this program. (Triggered internally at /__w/pytorch/pytorch/torch/csrc/utils/tensor_new.cpp:1556.)
  train_ids = torch.frombuffer(train_text.encode("utf-8", errors="ignore"), dtype=torch.uint8)
train bytes: 1,195,926,439  eval bytes: 2,859,070
model: wskan11real  params: 10,153,996  device: cuda
step     1  train 5.6175  eval 4.6193  pmax 3.0  (11s)
step  1000  train 1.1429  eval 1.1575  pmax 3.1  (293s)
step  2000  train 1.1110  eval 1.1337  pmax 3.2  (577s)
step  3000  train 1.0459  eval 1.0906  pmax 3.2  (860s)
step  4000  train 1.0021  eval 1.0535  pmax 3.3  (1143s)
step  5000  train 1.0478  eval 1.0271  pmax 3.3  (1427s)
  [checkpoint + sample saved at step 5000]
step  6000  train 0.9848  eval 0.9844  pmax 3.3  (1712s)
step  7000  train 1.0179  eval 0.9789  pmax 3.3  (1995s)
step  8000  train 1.0028  eval 1.0157  pmax 3.3  (2279s)
step  9000  train 0.9351  eval 0.9920  pmax 3.4  (2562s)
step 10000  train 0.9288  eval 0.9164  pmax 3.4  (2846s)
  [checkpoint + sample saved at step 10000]
step 11000  train 0.9733  eval 0.9767  pmax 3.4  (3131s)
step 12000  train 0.9937  eval 0.9836  pmax 3.4  (3415s)
step 13000  train 0.9728  eval 0.9181  pmax 3.4  (3698s)
step 14000  train 0.9308  eval 1.0237  pmax 3.4  (3982s)
step 15000  train 0.9362  eval 0.9153  pmax 3.4  (4266s)
  [checkpoint + sample saved at step 15000]
step 16000  train 0.9533  eval 0.9268  pmax 3.4  (4551s)
step 17000  train 0.9444  eval 0.9082  pmax 3.4  (4835s)
step 18000  train 0.9279  eval 0.9322  pmax 3.4  (5119s)
step 19000  train 0.9451  eval 0.9241  pmax 3.4  (5402s)
step 20000  train 0.9065  eval 0.9000  pmax 3.4  (5686s)
  [checkpoint + sample saved at step 20000]
step 21000  train 0.9019  eval 0.9263  pmax 3.4  (5971s)
step 22000  train 0.9022  eval 0.9022  pmax 3.4  (6255s)
step 23000  train 0.9039  eval 0.9777  pmax 3.4  (6538s)
step 24000  train 0.8909  eval 0.8932  pmax 3.4  (6822s)
step 25000  train 0.8773  eval 0.9194  pmax 3.4  (7105s)
  [checkpoint + sample saved at step 25000]
step 26000  train 0.9125  eval 0.9237  pmax 3.4  (7391s)
step 27000  train 0.8784  eval 0.9044  pmax 3.4  (7674s)
step 28000  train 0.8667  eval 0.8758  pmax 3.4  (7958s)
step 29000  train 0.9266  eval 0.8894  pmax 3.4  (8241s)
step 30000  train 0.8584  eval 0.8899  pmax 3.4  (8525s)
  [checkpoint + sample saved at step 30000]
step 31000  train 0.8784  eval 0.9432  pmax 3.4  (8811s)
step 32000  train 0.9019  eval 0.8546  pmax 3.4  (9095s)
step 33000  train 0.9071  eval 0.9648  pmax 3.4  (9378s)
step 34000  train 0.8582  eval 0.8722  pmax 3.4  (9662s)
step 35000  train 0.9066  eval 0.8783  pmax 3.4  (9946s)
  [checkpoint + sample saved at step 35000]
step 36000  train 0.8790  eval 0.8945  pmax 3.4  (10231s)
  [checkpoint + sample saved at step 36000]
done. artifacts in /home/luke/Wavelet-State-KAN/checkpoints/wskan11real_ultrachat_10m_3ep_s7
