/home/luke/Wavelet-State-KAN/experiments/V1_train_tinystories_lm.py:107: UserWarning: The given buffer is not writable, and PyTorch does not support non-writable tensors. This means you can write to the underlying (supposedly non-writable) buffer using the tensor. You may want to copy the buffer to protect its data or make it writable before converting it to a tensor. This type of warning will be suppressed for the rest of this program. (Triggered internally at /__w/pytorch/pytorch/torch/csrc/utils/tensor_new.cpp:1556.)
  train_ids = torch.frombuffer(train_text.encode("utf-8", errors="ignore"), dtype=torch.uint8)
train bytes: 1,195,926,439  eval bytes: 2,859,070
model: wskan7bc  params: 985,956  device: cuda
step     1  train 5.5179  eval 5.4058  pmax 18.9  (6s)
step  1000  train 1.3259  eval 1.3684  pmax 18.9  (1511s)
step  2000  train 1.2153  eval 1.2511  pmax 19.0  (3011s)
step  3000  train 1.1395  eval 1.1689  pmax 19.1  (4515s)
step  4000  train 1.1562  eval 1.1291  pmax 19.2  (6011s)
step  5000  train 1.0820  eval 1.1419  pmax 19.2  (7519s)
step  6000  train 1.0835  eval 1.1210  pmax 19.3  (9025s)
step  7000  train 1.1291  eval 1.0761  pmax 19.2  (10528s)
step  8000  train 1.1221  eval 1.1095  pmax 19.4  (12028s)
step  9000  train 1.0369  eval 1.0308  pmax 19.5  (13527s)
step 10000  train 1.0756  eval 1.0664  pmax 19.5  (15019s)
W0914 12:46:07.171000 654022 .venv/lib/python3.12/site-packages/torch/_inductor/utils.py:1806] [0/4] Not enough SMs to use max_autotune_gemm mode
  [checkpoint + sample saved at step 10000]
step 11000  train 1.0468  eval 1.1045  pmax 19.5  (16537s)
step 12000  train 1.0666  eval 1.1256  pmax 19.5  (18039s)
step 13000  train 0.9879  eval 1.0313  pmax 19.5  (19536s)
step 14000  train 1.0110  eval 1.0359  pmax 19.6  (21040s)
step 15000  train 1.0375  eval 1.0173  pmax 19.6  (22540s)
step 16000  train 1.0593  eval 1.0429  pmax 19.7  (24045s)
step 17000  train 1.0261  eval 1.0078  pmax 19.6  (25548s)
step 18000  train 0.9797  eval 1.0509  pmax 19.6  (27055s)
step 19000  train 1.0625  eval 1.0560  pmax 19.6  (28640s)
step 20000  train 0.9817  eval 1.0251  pmax 19.6  (30223s)
  [checkpoint + sample saved at step 20000]
step 21000  train 1.0352  eval 1.0333  pmax 19.5  (31845s)
step 22000  train 0.9752  eval 1.0065  pmax 19.5  (33445s)
step 23000  train 0.9739  eval 1.0569  pmax 19.5  (35020s)
step 24000  train 0.9762  eval 1.0185  pmax 19.6  (36612s)
step 25000  train 0.9666  eval 1.0125  pmax 19.6  (38183s)
step 26000  train 0.9767  eval 1.0970  pmax 19.6  (39773s)
step 27000  train 0.9915  eval 1.0062  pmax 19.7  (41346s)
step 28000  train 0.9874  eval 0.9883  pmax 19.7  (42930s)
step 29000  train 1.0187  eval 1.0101  pmax 19.7  (44491s)
step 30000  train 1.0014  eval 0.9954  pmax 19.7  (46048s)
  [checkpoint + sample saved at step 30000]
step 31000  train 0.9904  eval 0.9695  pmax 19.7  (47616s)
step 32000  train 0.9490  eval 0.9797  pmax 19.8  (49190s)
step 33000  train 0.9814  eval 0.9622  pmax 19.8  (50728s)
step 34000  train 0.9609  eval 0.9540  pmax 19.8  (52235s)
step 35000  train 1.0216  eval 0.9941  pmax 19.8  (53763s)
step 36000  train 0.9467  eval 0.9455  pmax 19.8  (55297s)
step 37000  train 1.0368  eval 0.9929  pmax 19.9  (56798s)
step 38000  train 1.0107  eval 1.0344  pmax 19.9  (58283s)
step 39000  train 0.9751  eval 0.9868  pmax 19.9  (59765s)
step 40000  train 0.9861  eval 0.9992  pmax 19.9  (61248s)
  [checkpoint + sample saved at step 40000]
step 41000  train 0.9444  eval 1.0131  pmax 19.9  (62749s)
step 42000  train 0.9433  eval 0.9935  pmax 19.9  (64249s)
step 43000  train 0.9496  eval 0.9112  pmax 19.9  (65730s)
step 44000  train 0.9423  eval 0.9856  pmax 19.9  (67218s)
step 45000  train 0.9753  eval 1.0143  pmax 19.9  (68700s)
step 46000  train 0.9999  eval 0.9588  pmax 19.9  (70189s)
step 47000  train 0.9743  eval 1.0090  pmax 19.9  (71675s)
step 48000  train 0.9448  eval 0.9945  pmax 19.9  (73171s)
step 49000  train 0.9610  eval 0.9623  pmax 19.9  (74653s)
step 50000  train 0.9641  eval 0.9941  pmax 19.9  (76147s)
  [checkpoint + sample saved at step 50000]
step 51000  train 0.9630  eval 0.9544  pmax 19.9  (77657s)
step 52000  train 0.9314  eval 0.9582  pmax 19.9  (79142s)
step 53000  train 0.9569  eval 0.9578  pmax 19.9  (80637s)
step 54000  train 0.9712  eval 0.9857  pmax 19.9  (82129s)
  [checkpoint + sample saved at step 54000]
done. artifacts in /home/luke/Wavelet-State-KAN/checkpoints/wskan7bc_ultrachat_1m_3ep_s31337
