/home/luke/Wavelet-State-KAN/experiments/V1_train_tinystories_lm.py:107: UserWarning: The given buffer is not writable, and PyTorch does not support non-writable tensors. This means you can write to the underlying (supposedly non-writable) buffer using the tensor. You may want to copy the buffer to protect its data or make it writable before converting it to a tensor. This type of warning will be suppressed for the rest of this program. (Triggered internally at /__w/pytorch/pytorch/torch/csrc/utils/tensor_new.cpp:1556.)
  train_ids = torch.frombuffer(train_text.encode("utf-8", errors="ignore"), dtype=torch.uint8)
train bytes: 542,898,247  eval bytes: 130,357
model: wskan11real  params: 113,612  device: cuda
W0920 13:57:15.366000 1048901 .venv/lib/python3.12/site-packages/torch/_inductor/utils.py:1806] [0/0] Not enough SMs to use max_autotune_gemm mode
step     1  train 5.5521  eval 5.4597  pmax 3.0  (18s)
step  1000  train 1.6451  eval 1.6725  pmax 3.4  (30s)
step  2000  train 1.6232  eval 1.5482  pmax 3.5  (43s)
step  3000  train 1.5191  eval 1.5700  pmax 3.6  (55s)
step  4000  train 1.5281  eval 1.5436  pmax 3.7  (68s)
step  5000  train 1.5209  eval 1.5362  pmax 3.8  (80s)
step  6000  train 1.5061  eval 1.5022  pmax 3.8  (93s)
step  7000  train 1.5060  eval 1.4971  pmax 4.0  (105s)
step  8000  train 1.4886  eval 1.4978  pmax 4.1  (118s)
step  9000  train 1.4679  eval 1.4638  pmax 4.3  (131s)
step 10000  train 1.5158  eval 1.4696  pmax 4.5  (143s)
step 11000  train 1.4561  eval 1.4409  pmax 5.0  (156s)
step 12000  train 1.4817  eval 1.4664  pmax 5.4  (167s)
step 13000  train 1.5032  eval 1.4667  pmax 5.8  (180s)
step 14000  train 1.4697  eval 1.4658  pmax 6.0  (192s)
step 15000  train 1.4524  eval 1.4322  pmax 6.1  (204s)
step 16000  train 1.4601  eval 1.4470  pmax 6.2  (217s)
step 17000  train 1.4683  eval 1.4283  pmax 6.3  (230s)
step 18000  train 1.4685  eval 1.4344  pmax 6.3  (243s)
step 19000  train 1.4572  eval 1.4322  pmax 6.4  (255s)
step 20000  train 1.4783  eval 1.4303  pmax 6.5  (268s)
step 21000  train 1.4586  eval 1.4605  pmax 6.6  (280s)
step 22000  train 1.4328  eval 1.4716  pmax 6.7  (293s)
step 23000  train 1.4633  eval 1.4157  pmax 6.9  (306s)
step 24000  train 1.4592  eval 1.4527  pmax 7.0  (319s)
step 25000  train 1.4665  eval 1.4612  pmax 7.1  (332s)
  [checkpoint + sample saved at step 25000]
step 26000  train 1.4099  eval 1.4520  pmax 7.3  (346s)
step 27000  train 1.4536  eval 1.3921  pmax 7.3  (359s)
step 28000  train 1.4184  eval 1.4470  pmax 7.5  (372s)
step 29000  train 1.4488  eval 1.4654  pmax 7.6  (385s)
step 30000  train 1.5137  eval 1.4279  pmax 7.6  (398s)
step 31000  train 1.4236  eval 1.4124  pmax 7.8  (411s)
step 32000  train 1.4756  eval 1.4534  pmax 7.8  (424s)
step 33000  train 1.4501  eval 1.4647  pmax 7.8  (437s)
step 34000  train 1.4565  eval 1.4422  pmax 7.9  (450s)
step 35000  train 1.4381  eval 1.4574  pmax 7.9  (462s)
step 36000  train 1.4176  eval 1.4349  pmax 7.9  (476s)
step 37000  train 1.4369  eval 1.3943  pmax 8.0  (488s)
step 38000  train 1.4452  eval 1.4559  pmax 8.1  (502s)
step 39000  train 1.4439  eval 1.3999  pmax 8.2  (515s)
step 40000  train 1.4751  eval 1.4593  pmax 8.3  (529s)
step 41000  train 1.4355  eval 1.4511  pmax 8.4  (542s)
step 42000  train 1.4074  eval 1.4182  pmax 8.5  (555s)
step 43000  train 1.4510  eval 1.4599  pmax 8.6  (568s)
step 44000  train 1.4314  eval 1.4470  pmax 8.7  (581s)
step 45000  train 1.4614  eval 1.4215  pmax 8.8  (594s)
step 46000  train 1.4146  eval 1.3899  pmax 8.9  (606s)
step 47000  train 1.4237  eval 1.3810  pmax 9.0  (619s)
step 48000  train 1.4702  eval 1.4262  pmax 9.1  (632s)
step 49000  train 1.4316  eval 1.3766  pmax 9.1  (644s)
step 50000  train 1.3912  eval 1.4145  pmax 9.2  (657s)
  [checkpoint + sample saved at step 50000]
step 51000  train 1.4237  eval 1.4066  pmax 9.3  (671s)
step 52000  train 1.3953  eval 1.4038  pmax 9.3  (684s)
step 53000  train 1.4088  eval 1.4093  pmax 9.4  (696s)
step 54000  train 1.4185  eval 1.4008  pmax 9.5  (709s)
step 55000  train 1.4482  eval 1.4306  pmax 9.5  (722s)
step 56000  train 1.3747  eval 1.3916  pmax 9.6  (735s)
step 57000  train 1.4567  eval 1.4001  pmax 9.6  (748s)
step 58000  train 1.4137  eval 1.4347  pmax 9.7  (760s)
step 59000  train 1.3877  eval 1.3674  pmax 9.7  (773s)
step 60000  train 1.3917  eval 1.4437  pmax 9.8  (787s)
step 61000  train 1.4083  eval 1.3740  pmax 9.8  (800s)
step 62000  train 1.4431  eval 1.4031  pmax 9.8  (812s)
step 63000  train 1.4537  eval 1.3797  pmax 9.9  (825s)
step 64000  train 1.3858  eval 1.3916  pmax 9.9  (838s)
step 65000  train 1.4149  eval 1.4335  pmax 9.9  (851s)
step 66000  train 1.4098  eval 1.3870  pmax 10.0  (864s)
step 67000  train 1.3962  eval 1.4227  pmax 10.0  (877s)
step 68000  train 1.4097  eval 1.4248  pmax 10.0  (891s)
step 69000  train 1.4209  eval 1.3977  pmax 10.1  (904s)
step 70000  train 1.4363  eval 1.4206  pmax 10.1  (916s)
step 71000  train 1.4135  eval 1.4141  pmax 10.1  (928s)
step 72000  train 1.3975  eval 1.4144  pmax 10.1  (941s)
step 73000  train 1.3902  eval 1.4326  pmax 10.1  (954s)
step 74000  train 1.4380  eval 1.4304  pmax 10.2  (967s)
step 75000  train 1.3872  eval 1.3762  pmax 10.2  (980s)
  [checkpoint + sample saved at step 75000]
step 76000  train 1.4013  eval 1.3305  pmax 10.2  (995s)
step 77000  train 1.4047  eval 1.4314  pmax 10.2  (1008s)
step 78000  train 1.4131  eval 1.3705  pmax 10.2  (1021s)
step 79000  train 1.3929  eval 1.3880  pmax 10.2  (1034s)
step 80000  train 1.4131  eval 1.3841  pmax 10.2  (1046s)
step 81000  train 1.4332  eval 1.3904  pmax 10.3  (1058s)
step 82000  train 1.4352  eval 1.4128  pmax 10.3  (1071s)
step 83000  train 1.4788  eval 1.4251  pmax 10.3  (1084s)
step 84000  train 1.4122  eval 1.3489  pmax 10.3  (1097s)
step 85000  train 1.3825  eval 1.3866  pmax 10.3  (1110s)
step 86000  train 1.4295  eval 1.3967  pmax 10.3  (1123s)
step 87000  train 1.4048  eval 1.3983  pmax 10.3  (1136s)
step 88000  train 1.3819  eval 1.3962  pmax 10.3  (1148s)
step 89000  train 1.4685  eval 1.4128  pmax 10.3  (1161s)
step 90000  train 1.3865  eval 1.3774  pmax 10.3  (1174s)
step 91000  train 1.4122  eval 1.3643  pmax 10.3  (1186s)
step 92000  train 1.4134  eval 1.4057  pmax 10.3  (1199s)
step 93000  train 1.3794  eval 1.3975  pmax 10.3  (1210s)
step 94000  train 1.4080  eval 1.4205  pmax 10.3  (1222s)
step 95000  train 1.4074  eval 1.3630  pmax 10.3  (1234s)
step 96000  train 1.4227  eval 1.3774  pmax 10.3  (1247s)
step 97000  train 1.4303  eval 1.4005  pmax 10.3  (1259s)
step 98000  train 1.3960  eval 1.3960  pmax 10.3  (1272s)
step 99000  train 1.3725  eval 1.3825  pmax 10.3  (1284s)
  [checkpoint + sample saved at step 99000]
done. artifacts in /home/luke/Wavelet-State-KAN/checkpoints/wskan11real_wikitext_100k_3ep_s31337
