/home/luke/Wavelet-State-KAN/experiments/V1_train_tinystories_lm.py:107: UserWarning: The given buffer is not writable, and PyTorch does not support non-writable tensors. This means you can write to the underlying (supposedly non-writable) buffer using the tensor. You may want to copy the buffer to protect its data or make it writable before converting it to a tensor. This type of warning will be suppressed for the rest of this program. (Triggered internally at /__w/pytorch/pytorch/torch/csrc/utils/tensor_new.cpp:1556.)
  train_ids = torch.frombuffer(train_text.encode("utf-8", errors="ignore"), dtype=torch.uint8)
train bytes: 1,905,061,325  eval bytes: 405,730
model: wskan11real  params: 985,956  device: cuda
step     1  train 5.5667  eval 5.4642  pmax 3.0  (21s)
step  1000  train 0.9776  eval 0.9364  pmax 3.1  (86s)
step  2000  train 0.8872  eval 0.8218  pmax 3.2  (151s)
step  3000  train 0.8609  eval 0.8102  pmax 3.3  (216s)
step  4000  train 0.8292  eval 0.7701  pmax 3.4  (281s)
step  5000  train 0.8387  eval 0.7380  pmax 3.4  (345s)
step  6000  train 0.8052  eval 0.7515  pmax 3.5  (410s)
step  7000  train 0.7916  eval 0.7277  pmax 3.5  (475s)
step  8000  train 0.7671  eval 0.7320  pmax 3.6  (540s)
step  9000  train 0.7906  eval 0.7602  pmax 3.6  (605s)
step 10000  train 0.7792  eval 0.7503  pmax 3.6  (669s)
  [checkpoint + sample saved at step 10000]
step 11000  train 0.7984  eval 0.7101  pmax 3.6  (739s)
step 12000  train 0.8129  eval 0.6792  pmax 3.7  (804s)
step 13000  train 0.7379  eval 0.7397  pmax 3.7  (869s)
step 14000  train 0.7581  eval 0.7357  pmax 3.7  (933s)
step 15000  train 0.7339  eval 0.6932  pmax 3.7  (998s)
step 16000  train 0.7356  eval 0.7042  pmax 3.7  (1063s)
step 17000  train 0.7382  eval 0.6863  pmax 3.7  (1128s)
step 18000  train 0.7591  eval 0.7001  pmax 3.8  (1192s)
step 19000  train 0.7373  eval 0.6799  pmax 3.8  (1257s)
step 20000  train 0.7298  eval 0.6616  pmax 3.8  (1322s)
  [checkpoint + sample saved at step 20000]
step 21000  train 0.7833  eval 0.6776  pmax 3.8  (1391s)
step 22000  train 0.7273  eval 0.6960  pmax 3.8  (1455s)
step 23000  train 0.7425  eval 0.6963  pmax 3.8  (1520s)
step 24000  train 0.7005  eval 0.6487  pmax 3.8  (1585s)
step 25000  train 0.7592  eval 0.6778  pmax 3.8  (1649s)
step 26000  train 0.7205  eval 0.6830  pmax 3.8  (1714s)
step 27000  train 0.7439  eval 0.6743  pmax 3.8  (1779s)
step 28000  train 0.7448  eval 0.6682  pmax 3.8  (1844s)
step 29000  train 0.7407  eval 0.6525  pmax 3.9  (1909s)
step 30000  train 0.7013  eval 0.7053  pmax 3.9  (1974s)
  [checkpoint + sample saved at step 30000]
step 31000  train 0.6803  eval 0.6573  pmax 3.9  (2043s)
step 32000  train 0.7440  eval 0.7044  pmax 3.9  (2108s)
step 33000  train 0.7319  eval 0.7149  pmax 3.9  (2173s)
step 34000  train 0.7165  eval 0.6870  pmax 3.9  (2238s)
step 35000  train 0.7218  eval 0.6682  pmax 3.9  (2303s)
step 36000  train 0.7113  eval 0.6827  pmax 3.9  (2368s)
step 37000  train 0.7153  eval 0.6691  pmax 3.9  (2433s)
step 38000  train 0.6919  eval 0.6401  pmax 3.9  (2497s)
step 39000  train 0.7296  eval 0.6191  pmax 3.9  (2562s)
step 40000  train 0.7160  eval 0.6721  pmax 3.9  (2627s)
  [checkpoint + sample saved at step 40000]
step 41000  train 0.7229  eval 0.6664  pmax 3.9  (2697s)
step 42000  train 0.7164  eval 0.6566  pmax 3.9  (2762s)
step 43000  train 0.7126  eval 0.6565  pmax 3.9  (2827s)
step 44000  train 0.6949  eval 0.6400  pmax 3.9  (2891s)
step 45000  train 0.7273  eval 0.6451  pmax 3.9  (2956s)
step 46000  train 0.6649  eval 0.6664  pmax 3.9  (3021s)
step 47000  train 0.7201  eval 0.6333  pmax 4.0  (3086s)
step 48000  train 0.7016  eval 0.6424  pmax 4.0  (3151s)
step 49000  train 0.6797  eval 0.6616  pmax 4.0  (3216s)
step 50000  train 0.6952  eval 0.6645  pmax 4.0  (3281s)
  [checkpoint + sample saved at step 50000]
step 51000  train 0.6831  eval 0.6507  pmax 4.0  (3350s)
step 52000  train 0.6858  eval 0.6442  pmax 4.0  (3415s)
step 53000  train 0.6913  eval 0.6330  pmax 4.0  (3480s)
step 54000  train 0.6801  eval 0.6400  pmax 4.0  (3545s)
step 55000  train 0.6994  eval 0.6442  pmax 4.0  (3610s)
step 56000  train 0.6928  eval 0.6300  pmax 4.0  (3675s)
step 57000  train 0.6751  eval 0.6514  pmax 4.0  (3739s)
step 58000  train 0.6834  eval 0.6330  pmax 4.0  (3804s)
step 59000  train 0.7216  eval 0.6199  pmax 4.0  (3869s)
step 60000  train 0.6863  eval 0.6159  pmax 4.0  (3934s)
  [checkpoint + sample saved at step 60000]
step 61000  train 0.6607  eval 0.6325  pmax 4.0  (4004s)
step 62000  train 0.6860  eval 0.6322  pmax 4.0  (4069s)
step 63000  train 0.7201  eval 0.6368  pmax 4.0  (4134s)
step 64000  train 0.6927  eval 0.6323  pmax 4.0  (4199s)
step 65000  train 0.7045  eval 0.6293  pmax 4.0  (4263s)
step 66000  train 0.6811  eval 0.6605  pmax 4.0  (4328s)
step 67000  train 0.6957  eval 0.6285  pmax 4.0  (4393s)
step 68000  train 0.6950  eval 0.6390  pmax 4.0  (4458s)
step 69000  train 0.6597  eval 0.6444  pmax 4.0  (4522s)
step 70000  train 0.6837  eval 0.6492  pmax 4.0  (4587s)
  [checkpoint + sample saved at step 70000]
step 71000  train 0.6676  eval 0.6490  pmax 4.0  (4657s)
step 72000  train 0.6927  eval 0.6343  pmax 4.0  (4722s)
step 73000  train 0.6850  eval 0.6215  pmax 4.0  (4787s)
step 74000  train 0.6832  eval 0.6311  pmax 4.0  (4852s)
step 75000  train 0.6680  eval 0.6291  pmax 4.0  (4916s)
step 76000  train 0.6673  eval 0.6490  pmax 4.0  (4981s)
step 77000  train 0.6916  eval 0.6680  pmax 4.0  (5046s)
step 78000  train 0.6956  eval 0.6206  pmax 4.0  (5111s)
step 79000  train 0.6643  eval 0.6310  pmax 4.0  (5175s)
step 80000  train 0.6987  eval 0.6236  pmax 4.0  (5240s)
  [checkpoint + sample saved at step 80000]
step 81000  train 0.6766  eval 0.5962  pmax 4.0  (5310s)
step 82000  train 0.6697  eval 0.6311  pmax 4.0  (5374s)
step 83000  train 0.6824  eval 0.6460  pmax 4.0  (5439s)
step 84000  train 0.6952  eval 0.6333  pmax 4.0  (5504s)
step 85000  train 0.6830  eval 0.6425  pmax 4.0  (5569s)
step 86000  train 0.6989  eval 0.6082  pmax 4.0  (5633s)
step 87000  train 0.7114  eval 0.6330  pmax 4.0  (5698s)
step 88000  train 0.6812  eval 0.6487  pmax 4.0  (5763s)
step 89000  train 0.6763  eval 0.6069  pmax 4.0  (5828s)
step 90000  train 0.6734  eval 0.6353  pmax 4.0  (5893s)
  [checkpoint + sample saved at step 90000]
step 91000  train 0.6675  eval 0.6382  pmax 4.0  (5963s)
step 92000  train 0.6724  eval 0.6379  pmax 4.0  (6027s)
step 93000  train 0.6595  eval 0.6265  pmax 4.0  (6092s)
step 94000  train 0.6889  eval 0.6343  pmax 4.0  (6157s)
step 95000  train 0.6605  eval 0.6627  pmax 4.0  (6222s)
step 96000  train 0.6751  eval 0.6037  pmax 4.0  (6287s)
step 97000  train 0.6805  eval 0.6171  pmax 4.0  (6352s)
step 98000  train 0.6754  eval 0.6168  pmax 4.0  (6416s)
step 99000  train 0.6999  eval 0.5904  pmax 4.0  (6481s)
step 100000  train 0.6786  eval 0.6323  pmax 4.0  (6546s)
  [checkpoint + sample saved at step 100000]
done. artifacts in /home/luke/Wavelet-State-KAN/checkpoints/wskan11real_tinystories_1m_3ep_s123
