/home/luke/Wavelet-State-KAN/experiments/V1_train_tinystories_lm.py:107: UserWarning: The given buffer is not writable, and PyTorch does not support non-writable tensors. This means you can write to the underlying (supposedly non-writable) buffer using the tensor. You may want to copy the buffer to protect its data or make it writable before converting it to a tensor. This type of warning will be suppressed for the rest of this program. (Triggered internally at /__w/pytorch/pytorch/torch/csrc/utils/tensor_new.cpp:1556.)
  train_ids = torch.frombuffer(train_text.encode("utf-8", errors="ignore"), dtype=torch.uint8)
train bytes: 1,195,926,439  eval bytes: 2,859,070
model: wskan7bc  params: 985,956  device: cuda
W0914 04:01:11.225000 620625 .venv/lib/python3.12/site-packages/torch/_inductor/utils.py:1806] [0/0] Not enough SMs to use max_autotune_gemm mode
step     1  train 5.5797  eval 5.4874  pmax 18.9  (68s)
step  1000  train 1.3851  eval 1.3136  pmax 18.9  (1690s)
step  2000  train 1.2349  eval 1.2268  pmax 19.0  (3313s)
step  3000  train 1.1494  eval 1.1999  pmax 19.0  (4950s)
step  4000  train 1.1424  eval 1.1241  pmax 19.0  (6571s)
step  5000  train 1.0970  eval 1.1929  pmax 19.0  (8193s)
step  6000  train 1.1200  eval 1.1495  pmax 19.0  (9828s)
step  7000  train 1.0788  eval 1.0539  pmax 19.1  (11458s)
step  8000  train 1.1325  eval 1.1079  pmax 19.1  (13090s)
step  9000  train 1.0717  eval 1.1411  pmax 19.2  (14715s)
step 10000  train 1.0709  eval 1.0557  pmax 19.2  (16347s)
  [checkpoint + sample saved at step 10000]
step 11000  train 1.1404  eval 1.0304  pmax 19.2  (18025s)
step 12000  train 1.0430  eval 1.0798  pmax 19.3  (19674s)
step 13000  train 1.0134  eval 1.1193  pmax 19.3  (21285s)
step 14000  train 1.0714  eval 1.0283  pmax 19.3  (22891s)
step 15000  train 1.0190  eval 1.0340  pmax 19.3  (24488s)
step 16000  train 1.0335  eval 1.0370  pmax 19.4  (26089s)
step 17000  train 1.0606  eval 1.0537  pmax 19.4  (27689s)
step 18000  train 1.0419  eval 0.9823  pmax 19.5  (29292s)
step 19000  train 0.9620  eval 1.0882  pmax 19.5  (30898s)
step 20000  train 1.0049  eval 1.0405  pmax 19.6  (32497s)
  [checkpoint + sample saved at step 20000]
step 21000  train 1.0515  eval 1.0551  pmax 19.6  (34111s)
step 22000  train 1.0168  eval 1.0469  pmax 19.6  (35722s)
step 23000  train 0.9810  eval 1.0539  pmax 19.6  (37327s)
step 24000  train 0.9997  eval 1.0425  pmax 19.6  (38930s)
step 25000  train 0.9966  eval 1.0244  pmax 19.7  (40536s)
step 26000  train 1.0418  eval 0.9988  pmax 19.7  (42142s)
step 27000  train 0.9455  eval 0.9301  pmax 19.7  (43744s)
step 28000  train 1.0023  eval 1.0330  pmax 19.7  (45367s)
step 29000  train 1.0231  eval 1.0295  pmax 19.7  (46986s)
step 30000  train 0.9813  eval 1.0504  pmax 19.7  (48604s)
  [checkpoint + sample saved at step 30000]
step 31000  train 0.9765  eval 0.9909  pmax 19.8  (50237s)
step 32000  train 0.9828  eval 0.9852  pmax 19.8  (51851s)
step 33000  train 0.9869  eval 0.9743  pmax 19.8  (53466s)
step 34000  train 1.0143  eval 0.9779  pmax 19.8  (55083s)
step 35000  train 0.9589  eval 0.9065  pmax 19.8  (56688s)
step 36000  train 0.9589  eval 0.9901  pmax 19.8  (58294s)
step 37000  train 1.0351  eval 1.0235  pmax 19.8  (59881s)
step 38000  train 0.9552  eval 0.9258  pmax 19.8  (61464s)
step 39000  train 0.9869  eval 0.9859  pmax 19.9  (63004s)
step 40000  train 0.9631  eval 0.9879  pmax 19.9  (64543s)
  [checkpoint + sample saved at step 40000]
step 41000  train 0.9877  eval 1.0119  pmax 19.9  (66123s)
step 42000  train 0.9639  eval 0.9529  pmax 19.9  (67633s)
step 43000  train 1.0044  eval 1.0328  pmax 19.9  (69150s)
step 44000  train 1.0101  eval 0.9703  pmax 19.9  (70660s)
step 45000  train 0.9908  eval 0.9952  pmax 19.9  (72200s)
step 46000  train 1.0353  eval 1.0551  pmax 19.9  (73632s)
step 47000  train 0.9737  eval 0.9891  pmax 19.9  (75060s)
step 48000  train 0.9643  eval 0.9954  pmax 19.9  (76489s)
step 49000  train 0.9734  eval 1.0122  pmax 19.9  (77930s)
step 50000  train 0.9740  eval 0.9917  pmax 19.9  (79364s)
  [checkpoint + sample saved at step 50000]
step 51000  train 0.9865  eval 0.9658  pmax 19.9  (80814s)
step 52000  train 0.9805  eval 1.0053  pmax 19.9  (82240s)
step 53000  train 0.9830  eval 0.9434  pmax 19.9  (83676s)
step 54000  train 0.9410  eval 0.9759  pmax 19.9  (85111s)
  [checkpoint + sample saved at step 54000]
done. artifacts in /home/luke/Wavelet-State-KAN/checkpoints/wskan7bc_ultrachat_1m_3ep_s42
